
===== 2026-04-08T19:29:20-04:00 | T1_adl_start =====
cwd=/home/carrt-cse-project/workspace/ros2_kortex_ws
cmd=ros2 launch adl_tasks adl_start.launch.py 

[INFO] [launch]: All log files can be found below /home/carrt-cse-project/.ros/log/2026-04-08-19-29-21-161493-carrt-cse-project-OptiPlex-5050-20169
[INFO] [launch]: Default logging verbosity is set to INFO
[INFO] [launch.user]: [adl_start.launch] arm_use_fake_hardware:=true, so RViz/MoveIt will show fake arm state instead of the physical Kinova.
[INFO] [launch.user]: [arm_vbox.launch] MoveIt current state source: /joint_states_sanitized. Use use_joint_state_sanitizer:=false for raw-state viewer debugging.
[INFO] [launch.user]: [arm_vbox.launch] Using ADL VBox controller config (share/adl_tasks/config/ros2_controllers_vbox.yaml, update_rate:=50 Hz).
[INFO] [launch.user]: [arm_vbox.launch] use_fake_hardware:=true. RViz/MoveIt will follow fake controller state instead of the physical Kinova arm.
[INFO] [ros2_control_node-1]: process started with pid [20173]
[INFO] [robot_state_publisher-2]: process started with pid [20174]
[INFO] [joint_state_sanitizer-3]: process started with pid [20175]
[INFO] [spawner-4]: process started with pid [20176]
[INFO] [static_transform_publisher-5]: process started with pid [20177]
[INFO] [static_transform_publisher-6]: process started with pid [20178]
[INFO] [scene_static-7]: process started with pid [20179]
[INFO] [wrist_camera_usb_publisher-8]: process started with pid [20180]
[INFO] [vision_apriltag-9]: process started with pid [20181]
[INFO] [scene_from_vision-10]: process started with pid [20182]
[INFO] [adl_controller-11]: process started with pid [20183]
[INFO] [pick_dropped_bottle-12]: process started with pid [20184]
[INFO] [clear_table-13]: process started with pid [20185]
[INFO] [give_medication-14]: process started with pid [20186]
[INFO] [adl_ui-15]: process started with pid [20187]
[static_transform_publisher-5] [INFO] [1775690961.596296827] [static_transform_publisher]: Spinning until stopped - publishing transform
[static_transform_publisher-5] translation: ('0.000000', '0.000000', '0.000000')
[static_transform_publisher-5] rotation: ('0.000000', '0.000000', '0.000000', '1.000000')
[static_transform_publisher-5] from 'world' to 'base_link'
[static_transform_publisher-6] [INFO] [1775690961.637155161] [camera_color_optical_bridge_tf_pub]: Spinning until stopped - publishing transform
[static_transform_publisher-6] translation: ('0.000000', '0.000000', '0.000000')
[static_transform_publisher-6] rotation: ('0.000000', '0.000000', '0.000000', '1.000000')
[static_transform_publisher-6] from 'camera_color_frame' to 'wrist_mounted_camera_color_optical_frame'
[robot_state_publisher-2] [INFO] [1775690961.671608028] [robot_state_publisher]: Robot initialized
[ros2_control_node-1] [INFO] [1775690962.157263073] [controller_manager]: Using Steady (Monotonic) clock for triggering controller manager cycles.
[ros2_control_node-1] [INFO] [1775690962.190539820] [controller_manager]: Subscribing to '/robot_description' topic for robot description.
[ros2_control_node-1] [INFO] [1775690962.205789791] [controller_manager]: update rate is 50 Hz
[ros2_control_node-1] [INFO] [1775690962.205830334] [controller_manager]: Overruns handling is : enabled
[ros2_control_node-1] [INFO] [1775690962.205842703] [controller_manager]: Spawning controller_manager RT thread with scheduler priority: 50
[ros2_control_node-1] [INFO] [1775690962.206563174] [controller_manager]: Received robot description from topic.
[ros2_control_node-1] [INFO] [1775690962.206657601] [controller_manager]: Enforcing command limits is disabled. Command limits from URDF will be ignored.
[ros2_control_node-1] [INFO] [1775690962.208269179] [controller_manager]: Successful set up FIFO RT scheduling policy with priority 50.
[ros2_control_node-1] [INFO] [1775690962.230820214] [controller_manager]: Loading hardware 'KortexMultiInterfaceHardware' 
[ros2_control_node-1] [INFO] [1775690962.241495536] [controller_manager]: Loaded hardware 'KortexMultiInterfaceHardware' from plugin 'mock_components/GenericSystem'
[ros2_control_node-1] [INFO] [1775690962.242092677] [controller_manager]: Initialize hardware 'KortexMultiInterfaceHardware' 
[ros2_control_node-1] [INFO] [1775690962.269976295] [controller_manager]: Successful initialization of hardware 'KortexMultiInterfaceHardware'
[ros2_control_node-1] [INFO] [1775690962.274139542] [controller_manager]: Loading hardware 'RobotiqGripperHardwareInterface' 
[ros2_control_node-1] [INFO] [1775690962.274853956] [controller_manager]: Loaded hardware 'RobotiqGripperHardwareInterface' from plugin 'mock_components/GenericSystem'
[ros2_control_node-1] [INFO] [1775690962.275095433] [controller_manager]: Initialize hardware 'RobotiqGripperHardwareInterface' 
[ros2_control_node-1] [INFO] [1775690962.304838374] [controller_manager]: Successful initialization of hardware 'RobotiqGripperHardwareInterface'
[ros2_control_node-1] [INFO] [1775690962.305560412] [resource_manager]: 'configure' hardware 'RobotiqGripperHardwareInterface' 
[ros2_control_node-1] [INFO] [1775690962.305797914] [resource_manager]: Successful 'configure' of hardware 'RobotiqGripperHardwareInterface'
[ros2_control_node-1] [INFO] [1775690962.305843221] [resource_manager]: 'activate' hardware 'RobotiqGripperHardwareInterface' 
[ros2_control_node-1] [INFO] [1775690962.305872127] [resource_manager]: Successful 'activate' of hardware 'RobotiqGripperHardwareInterface'
[ros2_control_node-1] [INFO] [1775690962.306084614] [resource_manager]: 'configure' hardware 'KortexMultiInterfaceHardware' 
[ros2_control_node-1] [INFO] [1775690962.306153301] [resource_manager]: Successful 'configure' of hardware 'KortexMultiInterfaceHardware'
[ros2_control_node-1] [INFO] [1775690962.306193997] [resource_manager]: 'activate' hardware 'KortexMultiInterfaceHardware' 
[ros2_control_node-1] [INFO] [1775690962.306203680] [resource_manager]: Successful 'activate' of hardware 'KortexMultiInterfaceHardware'
[ros2_control_node-1] [INFO] [1775690962.306289150] [controller_manager]: Registering statistics for : RobotiqGripperHardwareInterface
[ros2_control_node-1] [INFO] [1775690962.306434526] [controller_manager]: Registering statistics for : KortexMultiInterfaceHardware
[ros2_control_node-1] [INFO] [1775690962.306511764] [controller_manager]: Resource Manager has been successfully initialized. Starting Controller Manager services...
[adl_ui-15] [INFO] [1775690962.576240496] [adl_ui_node]: ADL UI Node started.
[adl_ui-15] [INFO] [1775690962.577014967] [adl_ui_node]: Automatic retract on UI load is disabled; startup sends no motion.
[adl_ui-15]  * Serving Flask app 'adl_tasks.adl_ui'
[adl_ui-15]  * Debug mode: off
[adl_ui-15] [INFO] [1775690962.580821381] [adl_ui_node]: Web UI available at http://localhost:5000
[adl_ui-15] Address already in use
[adl_ui-15] Port 5000 is in use by another program. Either identify and stop that program, or start the server with a different port.
[joint_state_sanitizer-3] [INFO] [1775690962.765665509] [joint_state_sanitizer_node]: joint_state_sanitizer started. raw=/joint_states -> sanitized=/joint_states_sanitized
[ros2_control_node-1] [INFO] [1775690962.782660604] [controller_manager]: Loading controller : 'joint_state_broadcaster' of type 'joint_state_broadcaster/JointStateBroadcaster'
[ros2_control_node-1] [INFO] [1775690962.782715735] [controller_manager]: Loading controller 'joint_state_broadcaster'
[ros2_control_node-1] [INFO] [1775690962.817795856] [controller_manager]: Controller 'joint_state_broadcaster' node arguments: --ros-args --params-file /home/carrt-cse-project/workspace/ros2_kortex_ws/install/adl_tasks/share/adl_tasks/config/ros2_controllers_vbox.yaml --params-file /tmp/launch_params_7sg25ynk 
[spawner-4] [INFO] [1775690962.966731860] [spawner_joint_state_broadcaster]: Loaded joint_state_broadcaster
[ros2_control_node-1] [INFO] [1775690962.973497669] [controller_manager]: Configuring controller: 'joint_state_broadcaster'
[ros2_control_node-1] [INFO] [1775690962.973776262] [joint_state_broadcaster]: 'joints' or 'interfaces' parameter is empty. All available state interfaces will be published
[ros2_control_node-1] [INFO] [1775690963.099470314] [controller_manager]: Activating controllers: [ joint_state_broadcaster ]
[ros2_control_node-1] [INFO] [1775690963.111201707] [controller_manager]: Successfully switched controllers!
[spawner-4] [INFO] [1775690963.132048733] [spawner_joint_state_broadcaster]: Configured and activated joint_state_broadcaster
[scene_static-7] [INFO] [1775690963.133551186] [scene_static_node]: Static Scene Node started.
[scene_static-7] [INFO] [1775690963.134411792] [scene_static_node]: WHEELCHAIR_BASE_HEIGHT = 0.36195m  |  Table surface at z = 0.088m | Table center at x = 0.681m | include_wheelchair_wall=True | include_left_desk_wall=True
[clear_table-13] [INFO] [1775690963.381042683] [clear_table_node]: Clear Table Node Started
[INFO] [spawner-4]: process has finished cleanly [pid 20176]
[scene_from_vision-10] [INFO] [1775690963.486893255] [scene_from_vision_node]: Scene From Vision Node Started
[scene_from_vision-10] [INFO] [1775690963.751570654] [scene_from_vision_node]: SceneFromVision: Updating planning scene. Tracking 5 object shape(s). memory_mode=True, scan_duration_s=3.0, scan_min_samples=3, scan_prune_unseen_objects=False, continuous_scene_updates=False, latch_first_detection_updates=True, log_object_pose_debug=False, apply_planning_scene_service_updates=True, publish_monitored_planning_scene_updates=True, side_viewpoint=wrist_mounted_camera_color_optical_frame->base_link, reject_table_objects_outside_bounds=False.
[scene_from_vision-10] [INFO] [1775690963.753414216] [scene_from_vision_node]: SceneFromVision calibration: xy_offset=(-0.228, 0.004), z_offset=0.000, yaw_deg=4.00, xy_scale=1.3370, clamp_table_objects_to_table_bounds=False, table_bounds_margin_m=0.030.
[scene_from_vision-10] [INFO] [1775690963.754812057] [scene_from_vision_node]: SceneFromVision object offsets: remote_axis=y, remote_tag_to_center_sign=-1.0, remote_tag_from_end_m=0.020, cube_tag_to_center=(0.000, 0.000), cube_world_offset=(0.000, -0.022), cube_yaw_offset_deg=0.0, medication_face_to_center_m=0.030, cup_face_to_center_m=0.037.
[pick_dropped_bottle-12] [INFO] [1775690963.794822738] [pick_dropped_bottle_node]: PickDroppedBottle starting...
[wrist_camera_usb_publisher-8] [INFO] [1775690963.848277605] [wrist_camera_usb_publisher_node]: USB camera publisher: trying camera source index 2.
[wrist_camera_usb_publisher-8] [ WARN:0@1.624] global ./modules/videoio/src/cap_v4l.cpp (902) open VIDEOIO(V4L2:/dev/video2): can't open camera by index
[wrist_camera_usb_publisher-8] [INFO] [1775690963.855190973] [wrist_camera_usb_publisher_node]: USB camera publisher: trying camera source index 0.
[wrist_camera_usb_publisher-8] [ WARN:0@1.630] global ./modules/videoio/src/cap_v4l.cpp (902) open VIDEOIO(V4L2:/dev/video0): can't open camera by index
[wrist_camera_usb_publisher-8] [INFO] [1775690963.861078342] [wrist_camera_usb_publisher_node]: USB camera publisher: trying camera source index 1.
[wrist_camera_usb_publisher-8] [ WARN:0@1.631] global ./modules/videoio/src/cap_v4l.cpp (902) open VIDEOIO(V4L2:/dev/video1): can't open camera by index
[wrist_camera_usb_publisher-8] [INFO] [1775690963.861990458] [wrist_camera_usb_publisher_node]: USB camera publisher: trying camera source index 3.
[wrist_camera_usb_publisher-8] [ WARN:0@1.632] global ./modules/videoio/src/cap_v4l.cpp (902) open VIDEOIO(V4L2:/dev/video3): can't open camera by index
[wrist_camera_usb_publisher-8] [INFO] [1775690963.862820800] [wrist_camera_usb_publisher_node]: USB camera publisher: trying camera source index 4.
[wrist_camera_usb_publisher-8] [ WARN:0@1.634] global ./modules/videoio/src/cap_v4l.cpp (902) open VIDEOIO(V4L2:/dev/video4): can't open camera by index
[wrist_camera_usb_publisher-8] [INFO] [1775690963.864544447] [wrist_camera_usb_publisher_node]: USB camera publisher: trying camera source index 5.
[wrist_camera_usb_publisher-8] [ WARN:0@1.635] global ./modules/videoio/src/cap_v4l.cpp (902) open VIDEOIO(V4L2:/dev/video5): can't open camera by index
[wrist_camera_usb_publisher-8] [WARN] [1775690963.865653923] [wrist_camera_usb_publisher_node]: USB camera publisher: V4L2 probing failed. Retrying default OpenCV backend on index 2.
[pick_dropped_bottle-12] [INFO] [1775690963.875155701] [pick_dropped_bottle_node]: MoveItHelper initialized. joint_state_topic=/joint_states_sanitized (sanitized_expected=True)
[pick_dropped_bottle-12] [INFO] [1775690963.887652418] [pick_dropped_bottle_node]: Vision Client initialized, waiting for service...
[wrist_camera_usb_publisher-8] [ WARN:0@1.661] global ./modules/videoio/src/cap_gstreamer.cpp (2401) handleMessage OpenCV | GStreamer warning: Embedded video playback halted; module v4l2src0 reported: Device '/dev/video2' failed during initialization
[wrist_camera_usb_publisher-8] [ WARN:0@1.661] global ./modules/videoio/src/cap_gstreamer.cpp (1356) open OpenCV | GStreamer warning: unable to start pipeline
[wrist_camera_usb_publisher-8] [ WARN:0@1.661] global ./modules/videoio/src/cap_gstreamer.cpp (862) isPipelinePlaying OpenCV | GStreamer warning: GStreamer: pipeline have not been created
[wrist_camera_usb_publisher-8] [ WARN:0@1.667] global ./modules/videoio/src/cap_v4l.cpp (902) open VIDEOIO(V4L2:/dev/video2): can't open camera by index
[INFO] [spawner-16]: process started with pid [20415]
[INFO] [spawner-17]: process started with pid [20416]
[INFO] [spawner-18]: process started with pid [20417]
[wrist_camera_usb_publisher-8] [INFO] [1775690964.023081860] [wrist_camera_usb_publisher_node]: Wrist Camera USB Publisher started.
[wrist_camera_usb_publisher-8] [INFO] [1775690964.024788939] [wrist_camera_usb_publisher_node]: Publishing USB camera frames on /wrist_mounted_camera/image with frame_id=wrist_mounted_camera_color_optical_frame.
[wrist_camera_usb_publisher-8] [INFO] [1775690964.025876779] [wrist_camera_usb_publisher_node]: Publishing camera info on /wrist_mounted_camera/camera_info from reference intrinsics [554.25, 554.25, 320.0, 240.0] @ 640x480.
[wrist_camera_usb_publisher-8] [INFO] [1775690964.027956679] [wrist_camera_usb_publisher_node]: Using explicit camera_matrix for CameraInfo. matrix_size=1280x720, K=[920.874267578125, 0.0, 644.7646484375, 0.0, 921.5654907226562, 343.1528625488281, 0.0, 0.0, 1.0], d=[0.0, 0.0, 0.0, 0.0, 0.0]
[wrist_camera_usb_publisher-8] [INFO] [1775690964.030956201] [wrist_camera_usb_publisher_node]: Requested source=2 size=1280x720 fps=10.0
[wrist_camera_usb_publisher-8] [ERROR] [1775690964.033022278] [wrist_camera_usb_publisher_node]: USB camera publisher could not open any camera source. Check VirtualBox USB pass-through and the selected /dev/videoX.
[vision_apriltag-9] [INFO] [1775690964.108582857] [vision_apriltag_node]: Vision AprilTag Node Started
[vision_apriltag-9] [INFO] [1775690964.110121208] [vision_apriltag_node]: Subscribing to camera topic: /wrist_mounted_camera/image
[vision_apriltag-9] [INFO] [1775690964.111225200] [vision_apriltag_node]: Subscribing to camera info topic: /wrist_mounted_camera/camera_info
[vision_apriltag-9] [INFO] [1775690964.113152956] [vision_apriltag_node]: Camera frame: wrist_mounted_camera_color_optical_frame | use_image_header_frame=True
[clear_table-13] [INFO] [1775690964.115160508] [clear_table_node]: MoveItHelper initialized. joint_state_topic=/joint_states_sanitized (sanitized_expected=True)
[vision_apriltag-9] [INFO] [1775690964.117421522] [vision_apriltag_node]: Tag size: 0.025m | pose_cache_retention_s=20.0 | get_pose_wait_timeout_s=5.0 | max_returned_pose_age_s=20.0 | camera_params=[554.25, 554.25, 320.0, 240.0] | families=tag36h11 | quad_decimate=1.0 | requested_backend=opencv | backend=cv2.aruco | opencv_pose_solver=ippe_square | use_image_timestamp_for_tf=False
[give_medication-14] [INFO] [1775690964.119610607] [give_medication_node]: give_medication starting...
[vision_apriltag-9] [INFO] [1775690964.120019454] [vision_apriltag_node]: Top-tag known-plane projection: enabled=True, planes={3: 0.10995, 4: 0.14505}
[vision_apriltag-9] [INFO] [1775690964.124229911] [vision_apriltag_node]: pupil_apriltags tuning: nthreads=1, quad_sigma=0.0, refine_edges=1, decode_sharpening=0.25, debug=0, preprocess_variants=['raw', 'clahe', 'adaptive', 'clahe_sharp', 'clahe_up2', 'sharp_up2'], tile_search_if_empty=True, tile_search_grid=3x2, tile_search_scale=2.0, tile_search_overlap=0.25
[wrist_camera_usb_publisher-8] [WARN] [1775690964.123202837] [wrist_camera_usb_publisher_node]: USB camera publisher: reopening camera source (camera source is closed).
[vision_apriltag-9] [WARN] [1775690964.126974999] [vision_apriltag_node]: pupil_apriltags is not importable by this node, so detection is using OpenCV fallback only. python=/usr/bin/python3, import_error=No module named 'pupil_apriltags'. If .venv contains pupil_apriltags, rebuild adl_tasks with that venv active or run the module with the venv Python.
[vision_apriltag-9] [INFO] [1775690964.130045595] [vision_apriltag_node]: Publishing AprilTag debug images on /vision_apriltag/debug_image at up to 1.0 Hz.
[clear_table-13] [INFO] [1775690964.127395969] [clear_table_node]: Vision Client initialized, waiting for service...
[wrist_camera_usb_publisher-8] [INFO] [1775690964.128875532] [wrist_camera_usb_publisher_node]: USB camera publisher: trying camera source index 2.
[wrist_camera_usb_publisher-8] [ WARN:0@1.911] global ./modules/videoio/src/cap_v4l.cpp (902) open VIDEOIO(V4L2:/dev/video2): can't open camera by index
[wrist_camera_usb_publisher-8] [INFO] [1775690964.144699109] [wrist_camera_usb_publisher_node]: USB camera publisher: trying camera source index 0.
[wrist_camera_usb_publisher-8] [ WARN:0@1.923] global ./modules/videoio/src/cap_v4l.cpp (902) open VIDEOIO(V4L2:/dev/video0): can't open camera by index
[wrist_camera_usb_publisher-8] [INFO] [1775690964.155247283] [wrist_camera_usb_publisher_node]: USB camera publisher: trying camera source index 1.
[wrist_camera_usb_publisher-8] [ WARN:0@1.926] global ./modules/videoio/src/cap_v4l.cpp (902) open VIDEOIO(V4L2:/dev/video1): can't open camera by index
[wrist_camera_usb_publisher-8] [INFO] [1775690964.156214035] [wrist_camera_usb_publisher_node]: USB camera publisher: trying camera source index 3.
[wrist_camera_usb_publisher-8] [ WARN:0@1.926] global ./modules/videoio/src/cap_v4l.cpp (902) open VIDEOIO(V4L2:/dev/video3): can't open camera by index
[wrist_camera_usb_publisher-8] [INFO] [1775690964.157027430] [wrist_camera_usb_publisher_node]: USB camera publisher: trying camera source index 4.
[wrist_camera_usb_publisher-8] [ WARN:0@1.929] global ./modules/videoio/src/cap_v4l.cpp (902) open VIDEOIO(V4L2:/dev/video4): can't open camera by index
[wrist_camera_usb_publisher-8] [INFO] [1775690964.159991137] [wrist_camera_usb_publisher_node]: USB camera publisher: trying camera source index 5.
[wrist_camera_usb_publisher-8] [ WARN:0@1.930] global ./modules/videoio/src/cap_v4l.cpp (902) open VIDEOIO(V4L2:/dev/video5): can't open camera by index
[wrist_camera_usb_publisher-8] [WARN] [1775690964.161138876] [wrist_camera_usb_publisher_node]: USB camera publisher: V4L2 probing failed. Retrying default OpenCV backend on index 2.
[wrist_camera_usb_publisher-8] [ WARN:0@1.940] global ./modules/videoio/src/cap_gstreamer.cpp (2401) handleMessage OpenCV | GStreamer warning: Embedded video playback halted; module v4l2src1 reported: Device '/dev/video2' failed during initialization
[wrist_camera_usb_publisher-8] [ WARN:0@1.941] global ./modules/videoio/src/cap_gstreamer.cpp (1356) open OpenCV | GStreamer warning: unable to start pipeline
[wrist_camera_usb_publisher-8] [ WARN:0@1.942] global ./modules/videoio/src/cap_gstreamer.cpp (862) isPipelinePlaying OpenCV | GStreamer warning: GStreamer: pipeline have not been created
[wrist_camera_usb_publisher-8] [ WARN:0@1.948] global ./modules/videoio/src/cap_v4l.cpp (902) open VIDEOIO(V4L2:/dev/video2): can't open camera by index
[give_medication-14] [INFO] [1775690964.254647662] [give_medication_node]: MoveItHelper initialized. joint_state_topic=/joint_states_sanitized (sanitized_expected=True)
[adl_controller-11] [INFO] [1775690964.260296619] [adl_controller_node]: MoveItHelper initialized. joint_state_topic=/joint_states_sanitized (sanitized_expected=True)
[adl_controller-11] [INFO] [1775690964.280787103] [adl_controller_node]: ADL controller ready. Waiting for UI/system commands.
[give_medication-14] [INFO] [1775690964.287368167] [give_medication_node]: Vision Client initialized, waiting for service...
[give_medication-14] [INFO] [1775690964.288795134] [give_medication_node]: Vision service is ready.
[give_medication-14] [INFO] [1775690964.304626993] [give_medication_node]: give_medication ready.
[wrist_camera_usb_publisher-8] [ERROR] [1775690964.306888641] [wrist_camera_usb_publisher_node]: USB camera publisher: camera reopen did not find an open source.
[clear_table-13] [INFO] [1775690964.378087501] [clear_table_node]: Vision service is ready.
[pick_dropped_bottle-12] [INFO] [1775690964.390117260] [pick_dropped_bottle_node]: Vision service is ready.
[clear_table-13] [INFO] [1775690964.399678369] [clear_table_node]: Clear Table Node ready. Waiting for command.
[clear_table-13] [INFO] [1775690964.401123696] [clear_table_node]: Startup motion disabled at node load; motion begins only after clear_table command.
[pick_dropped_bottle-12] [INFO] [1775690964.404530608] [pick_dropped_bottle_node]: PickDroppedBottle ready. Waiting for command.
[pick_dropped_bottle-12] [INFO] [1775690964.405164553] [pick_dropped_bottle_node]: Startup motion disabled at node load; motion begins only after pick_dropped_bottle command.
[spawner-18] [INFO] [1775690964.618983032] [spawner_robotiq_gripper_controller]: waiting for service /controller_manager/list_controllers to become available...
[scene_static-7] [WARN] [1775690965.295468990] [scene_static_node]: Planning scene service not available, waiting...
[ros2_control_node-1] [INFO] [1775690965.371934324] [controller_manager]: Loading controller : 'robotiq_gripper_controller' of type 'position_controllers/GripperActionController'
[ros2_control_node-1] [INFO] [1775690965.372009594] [controller_manager]: Loading controller 'robotiq_gripper_controller'
[ros2_control_node-1] [INFO] [1775690965.375518447] [controller_manager]: Controller 'robotiq_gripper_controller' node arguments: --ros-args --params-file /home/carrt-cse-project/workspace/ros2_kortex_ws/install/adl_tasks/share/adl_tasks/config/ros2_controllers_vbox.yaml --params-file /tmp/launch_params_7sg25ynk 
[ros2_control_node-1] [WARN] [1775690965.397772810] [robotiq_gripper_controller]: [Deprecated]: the `position_controllers/GripperActionController` and `effort_controllers::GripperActionController` controllers are replaced by 'parallel_gripper_controllers/GripperActionController' controller
[spawner-18] [INFO] [1775690965.411522040] [spawner_robotiq_gripper_controller]: Loaded robotiq_gripper_controller
[ros2_control_node-1] [INFO] [1775690965.413243199] [controller_manager]: Configuring controller: 'robotiq_gripper_controller'
[ros2_control_node-1] [INFO] [1775690965.413390585] [robotiq_gripper_controller]: Action status changes will be monitored at 20.000000 Hz.
[vision_apriltag-9] [WARN] [1775690966.053631022] [vision_apriltag_node]: Vision AprilTag: no images received yet on /wrist_mounted_camera/image.
[wrist_camera_usb_publisher-8] [WARN] [1775690966.221625209] [wrist_camera_usb_publisher_node]: USB camera publisher: reopening camera source (camera source is closed).
[wrist_camera_usb_publisher-8] [INFO] [1775690966.222381804] [wrist_camera_usb_publisher_node]: USB camera publisher: trying camera source index 2.
[wrist_camera_usb_publisher-8] [ WARN:0@3.998] global ./modules/videoio/src/cap_v4l.cpp (902) open VIDEOIO(V4L2:/dev/video2): can't open camera by index
[wrist_camera_usb_publisher-8] [INFO] [1775690966.229009258] [wrist_camera_usb_publisher_node]: USB camera publisher: trying camera source index 0.
[wrist_camera_usb_publisher-8] [ WARN:0@4.005] global ./modules/videoio/src/cap_v4l.cpp (902) open VIDEOIO(V4L2:/dev/video0): can't open camera by index
[wrist_camera_usb_publisher-8] [INFO] [1775690966.236117892] [wrist_camera_usb_publisher_node]: USB camera publisher: trying camera source index 1.
[wrist_camera_usb_publisher-8] [ WARN:0@4.006] global ./modules/videoio/src/cap_v4l.cpp (902) open VIDEOIO(V4L2:/dev/video1): can't open camera by index
[wrist_camera_usb_publisher-8] [INFO] [1775690966.237148932] [wrist_camera_usb_publisher_node]: USB camera publisher: trying camera source index 3.
[wrist_camera_usb_publisher-8] [ WARN:0@4.009] global ./modules/videoio/src/cap_v4l.cpp (902) open VIDEOIO(V4L2:/dev/video3): can't open camera by index
[wrist_camera_usb_publisher-8] [INFO] [1775690966.239131540] [wrist_camera_usb_publisher_node]: USB camera publisher: trying camera source index 4.
[wrist_camera_usb_publisher-8] [ WARN:0@4.011] global ./modules/videoio/src/cap_v4l.cpp (902) open VIDEOIO(V4L2:/dev/video4): can't open camera by index
[wrist_camera_usb_publisher-8] [INFO] [1775690966.241267976] [wrist_camera_usb_publisher_node]: USB camera publisher: trying camera source index 5.
[wrist_camera_usb_publisher-8] [ WARN:0@4.012] global ./modules/videoio/src/cap_v4l.cpp (902) open VIDEOIO(V4L2:/dev/video5): can't open camera by index
[wrist_camera_usb_publisher-8] [WARN] [1775690966.242328827] [wrist_camera_usb_publisher_node]: USB camera publisher: V4L2 probing failed. Retrying default OpenCV backend on index 2.
[wrist_camera_usb_publisher-8] [ WARN:0@4.021] global ./modules/videoio/src/cap_gstreamer.cpp (2401) handleMessage OpenCV | GStreamer warning: Embedded video playback halted; module v4l2src2 reported: Device '/dev/video2' failed during initialization
[wrist_camera_usb_publisher-8] [ WARN:0@4.021] global ./modules/videoio/src/cap_gstreamer.cpp (1356) open OpenCV | GStreamer warning: unable to start pipeline
[wrist_camera_usb_publisher-8] [ WARN:0@4.021] global ./modules/videoio/src/cap_gstreamer.cpp (862) isPipelinePlaying OpenCV | GStreamer warning: GStreamer: pipeline have not been created
[wrist_camera_usb_publisher-8] [ WARN:0@4.030] global ./modules/videoio/src/cap_v4l.cpp (902) open VIDEOIO(V4L2:/dev/video2): can't open camera by index
[wrist_camera_usb_publisher-8] [ERROR] [1775690966.328065515] [wrist_camera_usb_publisher_node]: USB camera publisher: camera reopen did not find an open source.
[ros2_control_node-1] [INFO] [1775690966.805944030] [controller_manager]: Activating controllers: [ robotiq_gripper_controller ]
[ros2_control_node-1] [INFO] [1775690966.818863407] [controller_manager]: Successfully switched controllers!
[spawner-18] [INFO] [1775690966.832196486] [spawner_robotiq_gripper_controller]: Configured and activated robotiq_gripper_controller
[spawner-17] [INFO] [1775690966.982382308] [spawner_twist_controller]: waiting for service /controller_manager/list_controllers to become available...
[INFO] [spawner-18]: process has finished cleanly [pid 20417]
[scene_static-7] [WARN] [1775690967.297515275] [scene_static_node]: Planning scene service not available, waiting...
[vision_apriltag-9] [WARN] [1775690968.053096715] [vision_apriltag_node]: Vision AprilTag: no images received yet on /wrist_mounted_camera/image.
[wrist_camera_usb_publisher-8] [WARN] [1775690968.321443654] [wrist_camera_usb_publisher_node]: USB camera publisher: reopening camera source (camera source is closed).
[wrist_camera_usb_publisher-8] [INFO] [1775690968.321906297] [wrist_camera_usb_publisher_node]: USB camera publisher: trying camera source index 2.
[wrist_camera_usb_publisher-8] [ WARN:0@6.100] global ./modules/videoio/src/cap_v4l.cpp (902) open VIDEOIO(V4L2:/dev/video2): can't open camera by index
[wrist_camera_usb_publisher-8] [INFO] [1775690968.330586744] [wrist_camera_usb_publisher_node]: USB camera publisher: trying camera source index 0.
[wrist_camera_usb_publisher-8] [ WARN:0@6.107] global ./modules/videoio/src/cap_v4l.cpp (902) open VIDEOIO(V4L2:/dev/video0): can't open camera by index
[wrist_camera_usb_publisher-8] [INFO] [1775690968.337706359] [wrist_camera_usb_publisher_node]: USB camera publisher: trying camera source index 1.
[wrist_camera_usb_publisher-8] [ WARN:0@6.108] global ./modules/videoio/src/cap_v4l.cpp (902) open VIDEOIO(V4L2:/dev/video1): can't open camera by index
[wrist_camera_usb_publisher-8] [INFO] [1775690968.338382176] [wrist_camera_usb_publisher_node]: USB camera publisher: trying camera source index 3.
[wrist_camera_usb_publisher-8] [ WARN:0@6.109] global ./modules/videoio/src/cap_v4l.cpp (902) open VIDEOIO(V4L2:/dev/video3): can't open camera by index
[wrist_camera_usb_publisher-8] [INFO] [1775690968.339056633] [wrist_camera_usb_publisher_node]: USB camera publisher: trying camera source index 4.
[wrist_camera_usb_publisher-8] [ WARN:0@6.110] global ./modules/videoio/src/cap_v4l.cpp (902) open VIDEOIO(V4L2:/dev/video4): can't open camera by index
[wrist_camera_usb_publisher-8] [INFO] [1775690968.341009790] [wrist_camera_usb_publisher_node]: USB camera publisher: trying camera source index 5.
[wrist_camera_usb_publisher-8] [ WARN:0@6.111] global ./modules/videoio/src/cap_v4l.cpp (902) open VIDEOIO(V4L2:/dev/video5): can't open camera by index
[wrist_camera_usb_publisher-8] [WARN] [1775690968.342069613] [wrist_camera_usb_publisher_node]: USB camera publisher: V4L2 probing failed. Retrying default OpenCV backend on index 2.
[wrist_camera_usb_publisher-8] [ WARN:0@6.119] global ./modules/videoio/src/cap_gstreamer.cpp (2401) handleMessage OpenCV | GStreamer warning: Embedded video playback halted; module v4l2src3 reported: Device '/dev/video2' failed during initialization
[wrist_camera_usb_publisher-8] [ WARN:0@6.119] global ./modules/videoio/src/cap_gstreamer.cpp (1356) open OpenCV | GStreamer warning: unable to start pipeline
[wrist_camera_usb_publisher-8] [ WARN:0@6.119] global ./modules/videoio/src/cap_gstreamer.cpp (862) isPipelinePlaying OpenCV | GStreamer warning: GStreamer: pipeline have not been created
[wrist_camera_usb_publisher-8] [ WARN:0@6.125] global ./modules/videoio/src/cap_v4l.cpp (902) open VIDEOIO(V4L2:/dev/video2): can't open camera by index
[wrist_camera_usb_publisher-8] [ERROR] [1775690968.417792159] [wrist_camera_usb_publisher_node]: USB camera publisher: camera reopen did not find an open source.
[ros2_control_node-1] [INFO] [1775690969.236776619] [controller_manager]: Loading controller : 'twist_controller' of type 'picknik_twist_controller/PicknikTwistController'
[ros2_control_node-1] [INFO] [1775690969.236826439] [controller_manager]: Loading controller 'twist_controller'
[ros2_control_node-1] [INFO] [1775690969.239714184] [controller_manager]: Controller 'twist_controller' node arguments: --ros-args --params-file /home/carrt-cse-project/workspace/ros2_kortex_ws/install/adl_tasks/share/adl_tasks/config/ros2_controllers_vbox.yaml --params-file /tmp/launch_params_7sg25ynk 
[spawner-17] [INFO] [1775690969.271811381] [spawner_twist_controller]: Loaded twist_controller
[ros2_control_node-1] [INFO] [1775690969.273745917] [controller_manager]: Configuring controller: 'twist_controller'
[ros2_control_node-1] [INFO] [1775690969.276189651] [twist_controller]: configure successful
[scene_static-7] [WARN] [1775690969.300033827] [scene_static_node]: Planning scene service not available, waiting...
[INFO] [spawner-17]: process has finished cleanly [pid 20416]
[spawner-16] [INFO] [1775690969.485873567] [spawner_joint_trajectory_controller]: waiting for service /controller_manager/list_controllers to become available...
[vision_apriltag-9] [WARN] [1775690970.053341627] [vision_apriltag_node]: Vision AprilTag: no images received yet on /wrist_mounted_camera/image.
[wrist_camera_usb_publisher-8] [WARN] [1775690970.321545173] [wrist_camera_usb_publisher_node]: USB camera publisher: reopening camera source (camera source is closed).
[wrist_camera_usb_publisher-8] [INFO] [1775690970.322206859] [wrist_camera_usb_publisher_node]: USB camera publisher: trying camera source index 2.
[wrist_camera_usb_publisher-8] [ WARN:0@8.098] global ./modules/videoio/src/cap_v4l.cpp (902) open VIDEOIO(V4L2:/dev/video2): can't open camera by index
[wrist_camera_usb_publisher-8] [INFO] [1775690970.328823833] [wrist_camera_usb_publisher_node]: USB camera publisher: trying camera source index 0.
[wrist_camera_usb_publisher-8] [ WARN:0@8.105] global ./modules/videoio/src/cap_v4l.cpp (902) open VIDEOIO(V4L2:/dev/video0): can't open camera by index
[wrist_camera_usb_publisher-8] [INFO] [1775690970.335830939] [wrist_camera_usb_publisher_node]: USB camera publisher: trying camera source index 1.
[wrist_camera_usb_publisher-8] [ WARN:0@8.106] global ./modules/videoio/src/cap_v4l.cpp (902) open VIDEOIO(V4L2:/dev/video1): can't open camera by index
[wrist_camera_usb_publisher-8] [INFO] [1775690970.337060249] [wrist_camera_usb_publisher_node]: USB camera publisher: trying camera source index 3.
[wrist_camera_usb_publisher-8] [ WARN:0@8.107] global ./modules/videoio/src/cap_v4l.cpp (902) open VIDEOIO(V4L2:/dev/video3): can't open camera by index
[wrist_camera_usb_publisher-8] [INFO] [1775690970.338153062] [wrist_camera_usb_publisher_node]: USB camera publisher: trying camera source index 4.
[wrist_camera_usb_publisher-8] [ WARN:0@8.110] global ./modules/videoio/src/cap_v4l.cpp (902) open VIDEOIO(V4L2:/dev/video4): can't open camera by index
[wrist_camera_usb_publisher-8] [INFO] [1775690970.340270673] [wrist_camera_usb_publisher_node]: USB camera publisher: trying camera source index 5.
[wrist_camera_usb_publisher-8] [ WARN:0@8.111] global ./modules/videoio/src/cap_v4l.cpp (902) open VIDEOIO(V4L2:/dev/video5): can't open camera by index
[wrist_camera_usb_publisher-8] [WARN] [1775690970.341323084] [wrist_camera_usb_publisher_node]: USB camera publisher: V4L2 probing failed. Retrying default OpenCV backend on index 2.
[wrist_camera_usb_publisher-8] [ WARN:0@8.121] global ./modules/videoio/src/cap_gstreamer.cpp (2401) handleMessage OpenCV | GStreamer warning: Embedded video playback halted; module v4l2src4 reported: Device '/dev/video2' failed during initialization
[wrist_camera_usb_publisher-8] [ WARN:0@8.121] global ./modules/videoio/src/cap_gstreamer.cpp (1356) open OpenCV | GStreamer warning: unable to start pipeline
[wrist_camera_usb_publisher-8] [ WARN:0@8.121] global ./modules/videoio/src/cap_gstreamer.cpp (862) isPipelinePlaying OpenCV | GStreamer warning: GStreamer: pipeline have not been created
[wrist_camera_usb_publisher-8] [ WARN:0@8.126] global ./modules/videoio/src/cap_v4l.cpp (902) open VIDEOIO(V4L2:/dev/video2): can't open camera by index
[wrist_camera_usb_publisher-8] [ERROR] [1775690970.418496798] [wrist_camera_usb_publisher_node]: USB camera publisher: camera reopen did not find an open source.
[spawner-16] [INFO] [1775690971.279689257] [spawner_joint_trajectory_controller]: waiting for service /controller_manager/load_controller to become available...
[scene_static-7] [WARN] [1775690971.302084010] [scene_static_node]: Planning scene service not available, waiting...
[ros2_control_node-1] [INFO] [1775690971.809185232] [controller_manager]: Loading controller : 'joint_trajectory_controller' of type 'joint_trajectory_controller/JointTrajectoryController'
[ros2_control_node-1] [INFO] [1775690971.809235656] [controller_manager]: Loading controller 'joint_trajectory_controller'
[ros2_control_node-1] [INFO] [1775690971.814117353] [controller_manager]: Controller 'joint_trajectory_controller' node arguments: --ros-args --params-file /home/carrt-cse-project/workspace/ros2_kortex_ws/install/adl_tasks/share/adl_tasks/config/ros2_controllers_vbox.yaml --params-file /tmp/launch_params_7sg25ynk 
[spawner-16] [INFO] [1775690971.870586540] [spawner_joint_trajectory_controller]: Loaded joint_trajectory_controller
[ros2_control_node-1] [INFO] [1775690971.874522334] [controller_manager]: Configuring controller: 'joint_trajectory_controller'
[ros2_control_node-1] [INFO] [1775690971.875704651] [joint_trajectory_controller]: No specific joint names are used for command interfaces. Using 'joints' parameter.
[ros2_control_node-1] [INFO] [1775690971.876193927] [joint_trajectory_controller]: Command interfaces are [position] and state interfaces are [position velocity].
[ros2_control_node-1] [INFO] [1775690971.876434924] [joint_trajectory_controller]: Using 'splines' interpolation method.
[ros2_control_node-1] [INFO] [1775690971.882349020] [joint_trajectory_controller]: Action status changes will be monitored at 10.00 Hz.
[ros2_control_node-1] [INFO] [1775690971.911909010] [controller_manager]: Activating controllers: [ joint_trajectory_controller ]
[ros2_control_node-1] [INFO] [1775690971.930845417] [controller_manager]: Successfully switched controllers!
[spawner-16] [INFO] [1775690971.951859892] [spawner_joint_trajectory_controller]: Configured and activated joint_trajectory_controller
[vision_apriltag-9] [WARN] [1775690972.053400211] [vision_apriltag_node]: Vision AprilTag: no images received yet on /wrist_mounted_camera/image.
[INFO] [spawner-16]: process has finished cleanly [pid 20415]
[wrist_camera_usb_publisher-8] [WARN] [1775690972.321955983] [wrist_camera_usb_publisher_node]: USB camera publisher: reopening camera source (camera source is closed).
[wrist_camera_usb_publisher-8] [INFO] [1775690972.322729447] [wrist_camera_usb_publisher_node]: USB camera publisher: trying camera source index 2.
[wrist_camera_usb_publisher-8] [ WARN:0@10.098] global ./modules/videoio/src/cap_v4l.cpp (902) open VIDEOIO(V4L2:/dev/video2): can't open camera by index
[wrist_camera_usb_publisher-8] [INFO] [1775690972.328754928] [wrist_camera_usb_publisher_node]: USB camera publisher: trying camera source index 0.
[wrist_camera_usb_publisher-8] [ WARN:0@10.104] global ./modules/videoio/src/cap_v4l.cpp (902) open VIDEOIO(V4L2:/dev/video0): can't open camera by index
[wrist_camera_usb_publisher-8] [INFO] [1775690972.334837780] [wrist_camera_usb_publisher_node]: USB camera publisher: trying camera source index 1.
[wrist_camera_usb_publisher-8] [ WARN:0@10.105] global ./modules/videoio/src/cap_v4l.cpp (902) open VIDEOIO(V4L2:/dev/video1): can't open camera by index
[wrist_camera_usb_publisher-8] [INFO] [1775690972.335440285] [wrist_camera_usb_publisher_node]: USB camera publisher: trying camera source index 3.
[wrist_camera_usb_publisher-8] [ WARN:0@10.106] global ./modules/videoio/src/cap_v4l.cpp (902) open VIDEOIO(V4L2:/dev/video3): can't open camera by index
[wrist_camera_usb_publisher-8] [INFO] [1775690972.336347836] [wrist_camera_usb_publisher_node]: USB camera publisher: trying camera source index 4.
[wrist_camera_usb_publisher-8] [ WARN:0@10.108] global ./modules/videoio/src/cap_v4l.cpp (902) open VIDEOIO(V4L2:/dev/video4): can't open camera by index
[wrist_camera_usb_publisher-8] [INFO] [1775690972.338743614] [wrist_camera_usb_publisher_node]: USB camera publisher: trying camera source index 5.
[wrist_camera_usb_publisher-8] [ WARN:0@10.109] global ./modules/videoio/src/cap_v4l.cpp (902) open VIDEOIO(V4L2:/dev/video5): can't open camera by index
[wrist_camera_usb_publisher-8] [WARN] [1775690972.340030168] [wrist_camera_usb_publisher_node]: USB camera publisher: V4L2 probing failed. Retrying default OpenCV backend on index 2.
[wrist_camera_usb_publisher-8] [ WARN:0@10.120] global ./modules/videoio/src/cap_gstreamer.cpp (2401) handleMessage OpenCV | GStreamer warning: Embedded video playback halted; module v4l2src5 reported: Device '/dev/video2' failed during initialization
[wrist_camera_usb_publisher-8] [ WARN:0@10.121] global ./modules/videoio/src/cap_gstreamer.cpp (1356) open OpenCV | GStreamer warning: unable to start pipeline
[wrist_camera_usb_publisher-8] [ WARN:0@10.121] global ./modules/videoio/src/cap_gstreamer.cpp (862) isPipelinePlaying OpenCV | GStreamer warning: GStreamer: pipeline have not been created
[wrist_camera_usb_publisher-8] [ WARN:0@10.125] global ./modules/videoio/src/cap_v4l.cpp (902) open VIDEOIO(V4L2:/dev/video2): can't open camera by index
[wrist_camera_usb_publisher-8] [ERROR] [1775690972.418907652] [wrist_camera_usb_publisher_node]: USB camera publisher: camera reopen did not find an open source.
[scene_static-7] [WARN] [1775690973.304039547] [scene_static_node]: Planning scene service not available, waiting...
[INFO] [move_group-19]: process started with pid [20478]
[INFO] [rviz2-20]: process started with pid [20479]
[move_group-19] [INFO] [1775690973.993334272] [move_group.moveit.moveit.ros.rdf_loader]: Loaded robot model in 0.0103342 seconds
[move_group-19] [INFO] [1775690973.993510356] [move_group.moveit.moveit.core.robot_model]: Loading robot model 'gen3'...
[move_group-19] [INFO] [1775690973.993535788] [move_group.moveit.moveit.core.robot_model]: No root/virtual joint specified in SRDF. Assuming fixed joint
[vision_apriltag-9] [WARN] [1775690974.055365989] [vision_apriltag_node]: Vision AprilTag: no images received yet on /wrist_mounted_camera/image.
[move_group-19] [INFO] [1775690974.153093986] [move_group.moveit.moveit.kinematics.kdl_kinematics_plugin]: Joint weights for group 'manipulator': 1 1 1 1 1 1 1
[rviz2-20] [INFO] [1775690974.278072460] [rviz2]: Stereo is NOT SUPPORTED
[rviz2-20] [INFO] [1775690974.278146619] [rviz2]: OpenGl version: 4.6 (GLSL 4.6)
[rviz2-20] [INFO] [1775690974.307199434] [rviz2]: Stereo is NOT SUPPORTED
[wrist_camera_usb_publisher-8] [WARN] [1775690974.321765219] [wrist_camera_usb_publisher_node]: USB camera publisher: reopening camera source (camera source is closed).
[wrist_camera_usb_publisher-8] [INFO] [1775690974.322461706] [wrist_camera_usb_publisher_node]: USB camera publisher: trying camera source index 2.
[wrist_camera_usb_publisher-8] [ WARN:0@12.102] global ./modules/videoio/src/cap_v4l.cpp (902) open VIDEOIO(V4L2:/dev/video2): can't open camera by index
[wrist_camera_usb_publisher-8] [INFO] [1775690974.332747953] [wrist_camera_usb_publisher_node]: USB camera publisher: trying camera source index 0.
[wrist_camera_usb_publisher-8] [ WARN:0@12.109] global ./modules/videoio/src/cap_v4l.cpp (902) open VIDEOIO(V4L2:/dev/video0): can't open camera by index
[wrist_camera_usb_publisher-8] [INFO] [1775690974.339776299] [wrist_camera_usb_publisher_node]: USB camera publisher: trying camera source index 1.
[wrist_camera_usb_publisher-8] [ WARN:0@12.110] global ./modules/videoio/src/cap_v4l.cpp (902) open VIDEOIO(V4L2:/dev/video1): can't open camera by index
[wrist_camera_usb_publisher-8] [INFO] [1775690974.340563723] [wrist_camera_usb_publisher_node]: USB camera publisher: trying camera source index 3.
[wrist_camera_usb_publisher-8] [ WARN:0@12.111] global ./modules/videoio/src/cap_v4l.cpp (902) open VIDEOIO(V4L2:/dev/video3): can't open camera by index
[wrist_camera_usb_publisher-8] [INFO] [1775690974.341285610] [wrist_camera_usb_publisher_node]: USB camera publisher: trying camera source index 4.
[wrist_camera_usb_publisher-8] [ WARN:0@12.112] global ./modules/videoio/src/cap_v4l.cpp (902) open VIDEOIO(V4L2:/dev/video4): can't open camera by index
[wrist_camera_usb_publisher-8] [INFO] [1775690974.342988191] [wrist_camera_usb_publisher_node]: USB camera publisher: trying camera source index 5.
[wrist_camera_usb_publisher-8] [ WARN:0@12.113] global ./modules/videoio/src/cap_v4l.cpp (902) open VIDEOIO(V4L2:/dev/video5): can't open camera by index
[wrist_camera_usb_publisher-8] [WARN] [1775690974.345592807] [wrist_camera_usb_publisher_node]: USB camera publisher: V4L2 probing failed. Retrying default OpenCV backend on index 2.
[wrist_camera_usb_publisher-8] [ WARN:0@12.126] global ./modules/videoio/src/cap_gstreamer.cpp (2401) handleMessage OpenCV | GStreamer warning: Embedded video playback halted; module v4l2src6 reported: Device '/dev/video2' failed during initialization
[wrist_camera_usb_publisher-8] [ WARN:0@12.128] global ./modules/videoio/src/cap_gstreamer.cpp (1356) open OpenCV | GStreamer warning: unable to start pipeline
[wrist_camera_usb_publisher-8] [ WARN:0@12.128] global ./modules/videoio/src/cap_gstreamer.cpp (862) isPipelinePlaying OpenCV | GStreamer warning: GStreamer: pipeline have not been created
[wrist_camera_usb_publisher-8] [ WARN:0@12.132] global ./modules/videoio/src/cap_v4l.cpp (902) open VIDEOIO(V4L2:/dev/video2): can't open camera by index
[wrist_camera_usb_publisher-8] [ERROR] [1775690974.447709658] [wrist_camera_usb_publisher_node]: USB camera publisher: camera reopen did not find an open source.
[move_group-19] [INFO] [1775690974.596407479] [move_group.moveit.moveit.ros.planning_scene_monitor]: Publishing maintained planning scene on 'monitored_planning_scene'
[move_group-19] [INFO] [1775690974.596586094] [move_group.moveit.moveit.ros.moveit_cpp]: Listening to 'joint_states' for joint states
[move_group-19] [INFO] [1775690974.600797791] [move_group.moveit.moveit.ros.current_state_monitor]: Listening to joint states on topic 'joint_states'
[move_group-19] [INFO] [1775690974.601507152] [move_group.moveit.moveit.ros.planning_scene_monitor]: Listening to '/attached_collision_object' for attached collision objects
[move_group-19] [INFO] [1775690974.601529562] [move_group.moveit.moveit.ros.planning_scene_monitor]: Stopping existing planning scene publisher.
[move_group-19] [INFO] [1775690974.602077056] [move_group.moveit.moveit.ros.planning_scene_monitor]: Stopped publishing maintained planning scene.
[move_group-19] [INFO] [1775690974.603446903] [move_group.moveit.moveit.ros.planning_scene_monitor]: Publishing maintained planning scene on 'monitored_planning_scene'
[move_group-19] [INFO] [1775690974.603574829] [move_group.moveit.moveit.ros.planning_scene_monitor]: Starting planning scene monitor
[move_group-19] [INFO] [1775690974.606878622] [move_group.moveit.moveit.ros.planning_scene_monitor]: Listening to '/planning_scene'
[move_group-19] [INFO] [1775690974.606914862] [move_group.moveit.moveit.ros.planning_scene_monitor]: Starting world geometry update monitor for collision objects, attached objects, octomap updates.
[move_group-19] [INFO] [1775690974.609698326] [move_group.moveit.moveit.ros.planning_scene_monitor]: Listening to 'collision_object'
[move_group-19] [INFO] [1775690974.610455108] [move_group.moveit.moveit.ros.planning_scene_monitor]: Listening to 'planning_scene_world' for planning scene world geometry
[move_group-19] [WARN] [1775690974.612596540] [move_group.moveit.moveit.ros.occupancy_map_monitor]: Resolution not specified for Octomap. Assuming resolution = 0.1 instead
[move_group-19] [ERROR] [1775690974.612651857] [move_group.moveit.moveit.ros.occupancy_map_monitor]: No 3D sensor plugin(s) defined for octomap updates
[rviz2-20] Warning: class_loader.impl: SEVERE WARNING!!! A namespace collision has occurred with plugin factory for class rviz_default_plugins::displays::InteractiveMarkerDisplay. New factory will OVERWRITE existing one. This situation occurs when libraries containing plugins are directly linked against an executable (the one running right now generating this message). Please separate plugins out into their own library or just don't link against the library and use either class_loader::ClassLoader/MultiLibraryClassLoader to open.
[rviz2-20]          at line 321 in /opt/ros/jazzy/include/class_loader/class_loader/class_loader_core.hpp
[rviz2-20] [WARN] [1775690974.704288277] [rcl.logging_rosout]: Publisher already registered for node name: 'rviz2_moveit'. If this is due to multiple nodes with the same name then all logs for the logger named 'rviz2_moveit' will go out over the existing publisher. As soon as any node with that name is destructed it will unregister the publisher, preventing any further logs for that name from being published on the rosout topic.
[ros2_control_node-1] [INFO] [1775690974.784472807] [controller_manager]: Received robot description from topic.
[ros2_control_node-1] [WARN] [1775690974.784508858] [controller_manager]: ResourceManager has already loaded a urdf. Ignoring attempt to reload a robot description.
[move_group-19] [INFO] [1775690974.885351037] [move_group.moveit.moveit.ros.planning_pipeline]: Successfully loaded planner 'OMPL'
[move_group-19] [INFO] [1775690974.890824755] [move_group]: Try loading adapter 'default_planning_request_adapters/ResolveConstraintFrames'
[move_group-19] [INFO] [1775690974.892784651] [move_group]: Loaded adapter 'default_planning_request_adapters/ResolveConstraintFrames'
[move_group-19] [INFO] [1775690974.892825165] [move_group]: Try loading adapter 'default_planning_request_adapters/ValidateWorkspaceBounds'
[move_group-19] [INFO] [1775690974.893246936] [move_group]: Loaded adapter 'default_planning_request_adapters/ValidateWorkspaceBounds'
[move_group-19] [INFO] [1775690974.893264303] [move_group]: Try loading adapter 'default_planning_request_adapters/CheckStartStateBounds'
[move_group-19] [INFO] [1775690974.893303219] [move_group]: Loaded adapter 'default_planning_request_adapters/CheckStartStateBounds'
[move_group-19] [INFO] [1775690974.893321009] [move_group]: Try loading adapter 'default_planning_request_adapters/CheckStartStateCollision'
[move_group-19] [INFO] [1775690974.893341017] [move_group]: Loaded adapter 'default_planning_request_adapters/CheckStartStateCollision'
[move_group-19] [INFO] [1775690974.898859912] [move_group]: Try loading adapter 'default_planning_response_adapters/AddTimeOptimalParameterization'
[move_group-19] [INFO] [1775690974.904752914] [move_group]: Loaded adapter 'default_planning_response_adapters/AddTimeOptimalParameterization'
[move_group-19] [INFO] [1775690974.904798419] [move_group]: Try loading adapter 'default_planning_response_adapters/ValidateSolution'
[move_group-19] [INFO] [1775690974.908688861] [move_group]: Loaded adapter 'default_planning_response_adapters/ValidateSolution'
[move_group-19] [INFO] [1775690974.908725634] [move_group]: Try loading adapter 'default_planning_response_adapters/DisplayMotionPath'
[move_group-19] [INFO] [1775690974.910598134] [move_group]: Loaded adapter 'default_planning_response_adapters/DisplayMotionPath'
[move_group-19] [INFO] [1775690974.980260518] [move_group.moveit.moveit.plugins.simple_controller_manager]: Added FollowJointTrajectory controller for joint_trajectory_controller
[move_group-19] [INFO] [1775690974.980331086] [move_group.moveit.moveit.plugins.simple_controller_manager]: robotiq_gripper_controller will command a max effort of: 0
[move_group-19] [INFO] [1775690974.986578670] [move_group.moveit.moveit.plugins.simple_controller_manager]: Added GripperCommand controller for robotiq_gripper_controller
[move_group-19] [INFO] [1775690974.986950118] [move_group.moveit.moveit.plugins.simple_controller_manager]: Returned 2 controllers in list
[move_group-19] [INFO] [1775690974.987006392] [move_group.moveit.moveit.plugins.simple_controller_manager]: Returned 2 controllers in list
[move_group-19] [INFO] [1775690974.988151092] [move_group.moveit.moveit.ros.trajectory_execution_manager]: Trajectory execution is managing controllers
[move_group-19] [INFO] [1775690974.988207749] [move_group]: MoveGroup debug mode is ON
[move_group-19] [INFO] [1775690975.034010322] [move_group.moveit.moveit.ros.move_group.executable]: 
[move_group-19] 
[move_group-19] ********************************************************
[move_group-19] * MoveGroup using: 
[move_group-19] *     - apply_planning_scene_service
[move_group-19] *     - clear_octomap_service
[move_group-19] *     - get_group_urdf
[move_group-19] *     - load_geometry_from_file
[move_group-19] *     - CartesianPathService
[move_group-19] *     - execute_trajectory_action
[move_group-19] *     - get_planning_scene_service
[move_group-19] *     - kinematics_service
[move_group-19] *     - move_action
[move_group-19] *     - motion_plan_service
[move_group-19] *     - query_planners_service
[move_group-19] *     - state_validation_service
[move_group-19] *     - save_geometry_to_file
[move_group-19] ********************************************************
[move_group-19] 
[move_group-19] [INFO] [1775690975.034076599] [move_group.moveit.moveit.ros.move_group.context]: MoveGroup context using pipeline ompl
[move_group-19] [INFO] [1775690975.034096983] [move_group.moveit.moveit.ros.move_group.context]: MoveGroup context initialization complete
[move_group-19] [96mLoading 'move_group/ApplyPlanningSceneService'...[0m
[move_group-19] [96mLoading 'move_group/ClearOctomapService'...[0m
[move_group-19] [96mLoading 'move_group/GetUrdfService'...[0m
[move_group-19] [96mLoading 'move_group/LoadGeometryFromFileService'...[0m
[move_group-19] [96mLoading 'move_group/MoveGroupCartesianPathService'...[0m
[move_group-19] [96mLoading 'move_group/MoveGroupExecuteTrajectoryAction'...[0m
[move_group-19] [96mLoading 'move_group/MoveGroupGetPlanningSceneService'...[0m
[move_group-19] [96mLoading 'move_group/MoveGroupKinematicsService'...[0m
[move_group-19] [96mLoading 'move_group/MoveGroupMoveAction'...[0m
[move_group-19] [96mLoading 'move_group/MoveGroupPlanService'...[0m
[move_group-19] [96mLoading 'move_group/MoveGroupQueryPlannersService'...[0m
[move_group-19] [96mLoading 'move_group/MoveGroupStateValidationService'...[0m
[move_group-19] [96mLoading 'move_group/SaveGeometryToFileService'...[0m
[move_group-19] 
[move_group-19] [92mYou can start planning now![0m
[move_group-19] 
[scene_static-7] [WARN] [1775690975.308987560] [scene_static_node]: Planning scene service not available, waiting...
[scene_static-7] [INFO] [1775690975.810213177] [scene_static_node]: Planning scene service available. Building static scene...
[vision_apriltag-9] [WARN] [1775690976.053800154] [vision_apriltag_node]: Vision AprilTag: no images received yet on /wrist_mounted_camera/image.
[scene_static-7] [INFO] [1775690976.103528214] [scene_static_node]: Static scene built: 15 objects added to MoveIt planning scene.
[wrist_camera_usb_publisher-8] [WARN] [1775690976.322159275] [wrist_camera_usb_publisher_node]: USB camera publisher: reopening camera source (camera source is closed).
[wrist_camera_usb_publisher-8] [INFO] [1775690976.322957233] [wrist_camera_usb_publisher_node]: USB camera publisher: trying camera source index 2.
[wrist_camera_usb_publisher-8] [ WARN:0@14.100] global ./modules/videoio/src/cap_v4l.cpp (902) open VIDEOIO(V4L2:/dev/video2): can't open camera by index
[wrist_camera_usb_publisher-8] [INFO] [1775690976.330973856] [wrist_camera_usb_publisher_node]: USB camera publisher: trying camera source index 0.
[wrist_camera_usb_publisher-8] [ WARN:0@14.107] global ./modules/videoio/src/cap_v4l.cpp (902) open VIDEOIO(V4L2:/dev/video0): can't open camera by index
[wrist_camera_usb_publisher-8] [INFO] [1775690976.338636379] [wrist_camera_usb_publisher_node]: USB camera publisher: trying camera source index 1.
[wrist_camera_usb_publisher-8] [ WARN:0@14.109] global ./modules/videoio/src/cap_v4l.cpp (902) open VIDEOIO(V4L2:/dev/video1): can't open camera by index
[wrist_camera_usb_publisher-8] [INFO] [1775690976.339943886] [wrist_camera_usb_publisher_node]: USB camera publisher: trying camera source index 3.
[wrist_camera_usb_publisher-8] [ WARN:0@14.110] global ./modules/videoio/src/cap_v4l.cpp (902) open VIDEOIO(V4L2:/dev/video3): can't open camera by index
[wrist_camera_usb_publisher-8] [INFO] [1775690976.340918611] [wrist_camera_usb_publisher_node]: USB camera publisher: trying camera source index 4.
[wrist_camera_usb_publisher-8] [ WARN:0@14.113] global ./modules/videoio/src/cap_v4l.cpp (902) open VIDEOIO(V4L2:/dev/video4): can't open camera by index
[wrist_camera_usb_publisher-8] [INFO] [1775690976.343201502] [wrist_camera_usb_publisher_node]: USB camera publisher: trying camera source index 5.
[wrist_camera_usb_publisher-8] [ WARN:0@14.113] global ./modules/videoio/src/cap_v4l.cpp (902) open VIDEOIO(V4L2:/dev/video5): can't open camera by index
[wrist_camera_usb_publisher-8] [WARN] [1775690976.344251661] [wrist_camera_usb_publisher_node]: USB camera publisher: V4L2 probing failed. Retrying default OpenCV backend on index 2.
[wrist_camera_usb_publisher-8] [ WARN:0@14.121] global ./modules/videoio/src/cap_gstreamer.cpp (2401) handleMessage OpenCV | GStreamer warning: Embedded video playback halted; module v4l2src7 reported: Device '/dev/video2' failed during initialization
[wrist_camera_usb_publisher-8] [ WARN:0@14.123] global ./modules/videoio/src/cap_gstreamer.cpp (1356) open OpenCV | GStreamer warning: unable to start pipeline
[wrist_camera_usb_publisher-8] [ WARN:0@14.123] global ./modules/videoio/src/cap_gstreamer.cpp (862) isPipelinePlaying OpenCV | GStreamer warning: GStreamer: pipeline have not been created
[wrist_camera_usb_publisher-8] [ WARN:0@14.127] global ./modules/videoio/src/cap_v4l.cpp (902) open VIDEOIO(V4L2:/dev/video2): can't open camera by index
[wrist_camera_usb_publisher-8] [ERROR] [1775690976.418542069] [wrist_camera_usb_publisher_node]: USB camera publisher: camera reopen did not find an open source.
[rviz2-20] [ERROR] [1775690977.762580297] [rviz2_moveit.moveit.ros.motion_planning_frame]: Action server: /recognize_objects not available
[rviz2-20] [INFO] [1775690977.796095799] [rviz2_moveit.moveit.ros.motion_planning_frame]: MoveGroup namespace changed: / -> . Reloading params.
[rviz2-20] [INFO] [1775690977.872959797] [rviz2_moveit.moveit.ros.rdf_loader]: Loaded robot model in 0.0082171 seconds
[rviz2-20] [INFO] [1775690977.873034915] [rviz2_moveit.moveit.core.robot_model]: Loading robot model 'gen3'...
[rviz2-20] [INFO] [1775690977.873062443] [rviz2_moveit.moveit.core.robot_model]: No root/virtual joint specified in SRDF. Assuming fixed joint
[rviz2-20] [INFO] [1775690978.032172928] [rviz2_moveit.moveit.kinematics.kdl_kinematics_plugin]: Joint weights for group 'manipulator': 1 1 1 1 1 1 1
[vision_apriltag-9] [WARN] [1775690978.053069633] [vision_apriltag_node]: Vision AprilTag: no images received yet on /wrist_mounted_camera/image.
[rviz2-20] [INFO] [1775690978.417091937] [rviz2_moveit.moveit.ros.planning_scene_monitor]: Starting planning scene monitor
[rviz2-20] [INFO] [1775690978.418394893] [rviz2_moveit.moveit.ros.planning_scene_monitor]: Listening to '/monitored_planning_scene'
[wrist_camera_usb_publisher-8] [WARN] [1775690978.421892000] [wrist_camera_usb_publisher_node]: USB camera publisher: reopening camera source (camera source is closed).
[wrist_camera_usb_publisher-8] [INFO] [1775690978.422616428] [wrist_camera_usb_publisher_node]: USB camera publisher: trying camera source index 2.
[wrist_camera_usb_publisher-8] [ WARN:0@16.199] global ./modules/videoio/src/cap_v4l.cpp (902) open VIDEOIO(V4L2:/dev/video2): can't open camera by index
[wrist_camera_usb_publisher-8] [INFO] [1775690978.429776280] [wrist_camera_usb_publisher_node]: USB camera publisher: trying camera source index 0.
[wrist_camera_usb_publisher-8] [ WARN:0@16.206] global ./modules/videoio/src/cap_v4l.cpp (902) open VIDEOIO(V4L2:/dev/video0): can't open camera by index
[wrist_camera_usb_publisher-8] [INFO] [1775690978.436866087] [wrist_camera_usb_publisher_node]: USB camera publisher: trying camera source index 1.
[wrist_camera_usb_publisher-8] [ WARN:0@16.207] global ./modules/videoio/src/cap_v4l.cpp (902) open VIDEOIO(V4L2:/dev/video1): can't open camera by index
[wrist_camera_usb_publisher-8] [INFO] [1775690978.437613143] [wrist_camera_usb_publisher_node]: USB camera publisher: trying camera source index 3.
[wrist_camera_usb_publisher-8] [ WARN:0@16.208] global ./modules/videoio/src/cap_v4l.cpp (902) open VIDEOIO(V4L2:/dev/video3): can't open camera by index
[wrist_camera_usb_publisher-8] [INFO] [1775690978.438412199] [wrist_camera_usb_publisher_node]: USB camera publisher: trying camera source index 4.
[wrist_camera_usb_publisher-8] [ WARN:0@16.210] global ./modules/videoio/src/cap_v4l.cpp (902) open VIDEOIO(V4L2:/dev/video4): can't open camera by index
[wrist_camera_usb_publisher-8] [INFO] [1775690978.440435952] [wrist_camera_usb_publisher_node]: USB camera publisher: trying camera source index 5.
[wrist_camera_usb_publisher-8] [ WARN:0@16.211] global ./modules/videoio/src/cap_v4l.cpp (902) open VIDEOIO(V4L2:/dev/video5): can't open camera by index
[wrist_camera_usb_publisher-8] [WARN] [1775690978.441652679] [wrist_camera_usb_publisher_node]: USB camera publisher: V4L2 probing failed. Retrying default OpenCV backend on index 2.
[wrist_camera_usb_publisher-8] [ WARN:0@16.220] global ./modules/videoio/src/cap_gstreamer.cpp (2401) handleMessage OpenCV | GStreamer warning: Embedded video playback halted; module v4l2src8 reported: Device '/dev/video2' failed during initialization
[wrist_camera_usb_publisher-8] [ WARN:0@16.220] global ./modules/videoio/src/cap_gstreamer.cpp (1356) open OpenCV | GStreamer warning: unable to start pipeline
[wrist_camera_usb_publisher-8] [ WARN:0@16.220] global ./modules/videoio/src/cap_gstreamer.cpp (862) isPipelinePlaying OpenCV | GStreamer warning: GStreamer: pipeline have not been created
[wrist_camera_usb_publisher-8] [ WARN:0@16.227] global ./modules/videoio/src/cap_v4l.cpp (902) open VIDEOIO(V4L2:/dev/video2): can't open camera by index
[wrist_camera_usb_publisher-8] [ERROR] [1775690978.532066967] [wrist_camera_usb_publisher_node]: USB camera publisher: camera reopen did not find an open source.
[rviz2-20] [INFO] [1775690978.724115482] [interactive_marker_display_110269105069616]: Connected on namespace: /rviz_moveit_motion_planning_display/robot_interaction_interactive_marker_topic
[rviz2-20] [INFO] [1775690978.731370351] [rviz2_moveit.moveit.ros.robot_interaction]: No active joints or end effectors found for group 'gripper'. Make sure that kinematics.yaml is loaded in this node's namespace.
[rviz2-20] [INFO] [1775690978.731995267] [rviz2_moveit.moveit.ros.robot_interaction]: No active joints or end effectors found for group 'gripper'. Make sure that kinematics.yaml is loaded in this node's namespace.
[rviz2-20] [INFO] [1775690978.739885365] [rviz2_moveit.moveit.ros.motion_planning_frame]: group gripper
[rviz2-20] [INFO] [1775690978.739948492] [rviz2_moveit.moveit.ros.motion_planning_frame]: Constructing new MoveGroup connection for group 'gripper' in namespace ''
[rviz2-20] [INFO] [1775690978.753789549] [interactive_marker_display_110269105069616]: Sending request for interactive markers
[rviz2-20] [INFO] [1775690978.774438801] [rviz2_moveit.moveit.ros.move_group_interface]: Ready to take commands for planning group gripper.
[rviz2-20] [INFO] [1775690978.775327767] [rviz2_moveit.moveit.ros.motion_planning_frame]: group gripper
[rviz2-20] [INFO] [1775690978.786175236] [interactive_marker_display_110269105069616]: Service response received for initialization
[vision_apriltag-9] [WARN] [1775690980.053603013] [vision_apriltag_node]: Vision AprilTag: no images received yet on /wrist_mounted_camera/image.
[wrist_camera_usb_publisher-8] [WARN] [1775690980.421892071] [wrist_camera_usb_publisher_node]: USB camera publisher: reopening camera source (camera source is closed).
[wrist_camera_usb_publisher-8] [INFO] [1775690980.422699120] [wrist_camera_usb_publisher_node]: USB camera publisher: trying camera source index 2.
[wrist_camera_usb_publisher-8] [ WARN:0@18.199] global ./modules/videoio/src/cap_v4l.cpp (902) open VIDEOIO(V4L2:/dev/video2): can't open camera by index
[wrist_camera_usb_publisher-8] [INFO] [1775690980.429790525] [wrist_camera_usb_publisher_node]: USB camera publisher: trying camera source index 0.
[wrist_camera_usb_publisher-8] [ WARN:0@18.206] global ./modules/videoio/src/cap_v4l.cpp (902) open VIDEOIO(V4L2:/dev/video0): can't open camera by index
[wrist_camera_usb_publisher-8] [INFO] [1775690980.437068486] [wrist_camera_usb_publisher_node]: USB camera publisher: trying camera source index 1.
[wrist_camera_usb_publisher-8] [ WARN:0@18.207] global ./modules/videoio/src/cap_v4l.cpp (902) open VIDEOIO(V4L2:/dev/video1): can't open camera by index
[wrist_camera_usb_publisher-8] [INFO] [1775690980.437949628] [wrist_camera_usb_publisher_node]: USB camera publisher: trying camera source index 3.
[wrist_camera_usb_publisher-8] [ WARN:0@18.208] global ./modules/videoio/src/cap_v4l.cpp (902) open VIDEOIO(V4L2:/dev/video3): can't open camera by index
[wrist_camera_usb_publisher-8] [INFO] [1775690980.438772915] [wrist_camera_usb_publisher_node]: USB camera publisher: trying camera source index 4.
[wrist_camera_usb_publisher-8] [ WARN:0@18.210] global ./modules/videoio/src/cap_v4l.cpp (902) open VIDEOIO(V4L2:/dev/video4): can't open camera by index
[wrist_camera_usb_publisher-8] [INFO] [1775690980.440686048] [wrist_camera_usb_publisher_node]: USB camera publisher: trying camera source index 5.
[wrist_camera_usb_publisher-8] [ WARN:0@18.211] global ./modules/videoio/src/cap_v4l.cpp (902) open VIDEOIO(V4L2:/dev/video5): can't open camera by index
[wrist_camera_usb_publisher-8] [WARN] [1775690980.441995268] [wrist_camera_usb_publisher_node]: USB camera publisher: V4L2 probing failed. Retrying default OpenCV backend on index 2.
[wrist_camera_usb_publisher-8] [ WARN:0@18.220] global ./modules/videoio/src/cap_gstreamer.cpp (2401) handleMessage OpenCV | GStreamer warning: Embedded video playback halted; module v4l2src9 reported: Device '/dev/video2' failed during initialization
[wrist_camera_usb_publisher-8] [ WARN:0@18.220] global ./modules/videoio/src/cap_gstreamer.cpp (1356) open OpenCV | GStreamer warning: unable to start pipeline
[wrist_camera_usb_publisher-8] [ WARN:0@18.220] global ./modules/videoio/src/cap_gstreamer.cpp (862) isPipelinePlaying OpenCV | GStreamer warning: GStreamer: pipeline have not been created
[wrist_camera_usb_publisher-8] [ WARN:0@18.225] global ./modules/videoio/src/cap_v4l.cpp (902) open VIDEOIO(V4L2:/dev/video2): can't open camera by index
[wrist_camera_usb_publisher-8] [ERROR] [1775690980.530506236] [wrist_camera_usb_publisher_node]: USB camera publisher: camera reopen did not find an open source.
[vision_apriltag-9] [WARN] [1775690982.055341744] [vision_apriltag_node]: Vision AprilTag: no images received yet on /wrist_mounted_camera/image.
[wrist_camera_usb_publisher-8] [WARN] [1775690982.422107825] [wrist_camera_usb_publisher_node]: USB camera publisher: reopening camera source (camera source is closed).
[wrist_camera_usb_publisher-8] [INFO] [1775690982.422808299] [wrist_camera_usb_publisher_node]: USB camera publisher: trying camera source index 2.
[wrist_camera_usb_publisher-8] [ WARN:0@20.199] global ./modules/videoio/src/cap_v4l.cpp (902) open VIDEOIO(V4L2:/dev/video2): can't open camera by index
[wrist_camera_usb_publisher-8] [INFO] [1775690982.429848382] [wrist_camera_usb_publisher_node]: USB camera publisher: trying camera source index 0.
[wrist_camera_usb_publisher-8] [ WARN:0@20.206] global ./modules/videoio/src/cap_v4l.cpp (902) open VIDEOIO(V4L2:/dev/video0): can't open camera by index
[wrist_camera_usb_publisher-8] [INFO] [1775690982.436944952] [wrist_camera_usb_publisher_node]: USB camera publisher: trying camera source index 1.
[wrist_camera_usb_publisher-8] [ WARN:0@20.207] global ./modules/videoio/src/cap_v4l.cpp (902) open VIDEOIO(V4L2:/dev/video1): can't open camera by index
[wrist_camera_usb_publisher-8] [INFO] [1775690982.438000133] [wrist_camera_usb_publisher_node]: USB camera publisher: trying camera source index 3.
[wrist_camera_usb_publisher-8] [ WARN:0@20.208] global ./modules/videoio/src/cap_v4l.cpp (902) open VIDEOIO(V4L2:/dev/video3): can't open camera by index
[wrist_camera_usb_publisher-8] [INFO] [1775690982.439774773] [wrist_camera_usb_publisher_node]: USB camera publisher: trying camera source index 4.
[wrist_camera_usb_publisher-8] [ WARN:0@20.211] global ./modules/videoio/src/cap_v4l.cpp (902) open VIDEOIO(V4L2:/dev/video4): can't open camera by index
[wrist_camera_usb_publisher-8] [INFO] [1775690982.441870357] [wrist_camera_usb_publisher_node]: USB camera publisher: trying camera source index 5.
[wrist_camera_usb_publisher-8] [ WARN:0@20.212] global ./modules/videoio/src/cap_v4l.cpp (902) open VIDEOIO(V4L2:/dev/video5): can't open camera by index
[wrist_camera_usb_publisher-8] [WARN] [1775690982.442975410] [wrist_camera_usb_publisher_node]: USB camera publisher: V4L2 probing failed. Retrying default OpenCV backend on index 2.
[wrist_camera_usb_publisher-8] [ WARN:0@20.223] global ./modules/videoio/src/cap_gstreamer.cpp (2401) handleMessage OpenCV | GStreamer warning: Embedded video playback halted; module v4l2src10 reported: Device '/dev/video2' failed during initialization
[wrist_camera_usb_publisher-8] [ WARN:0@20.224] global ./modules/videoio/src/cap_gstreamer.cpp (1356) open OpenCV | GStreamer warning: unable to start pipeline
[wrist_camera_usb_publisher-8] [ WARN:0@20.224] global ./modules/videoio/src/cap_gstreamer.cpp (862) isPipelinePlaying OpenCV | GStreamer warning: GStreamer: pipeline have not been created
[wrist_camera_usb_publisher-8] [ WARN:0@20.232] global ./modules/videoio/src/cap_v4l.cpp (902) open VIDEOIO(V4L2:/dev/video2): can't open camera by index
[wrist_camera_usb_publisher-8] [ERROR] [1775690982.543297280] [wrist_camera_usb_publisher_node]: USB camera publisher: camera reopen did not find an open source.
[vision_apriltag-9] [WARN] [1775690984.053509877] [vision_apriltag_node]: Vision AprilTag: no images received yet on /wrist_mounted_camera/image.
[wrist_camera_usb_publisher-8] [WARN] [1775690984.522037890] [wrist_camera_usb_publisher_node]: USB camera publisher: reopening camera source (camera source is closed).
[wrist_camera_usb_publisher-8] [INFO] [1775690984.522879440] [wrist_camera_usb_publisher_node]: USB camera publisher: trying camera source index 2.
[wrist_camera_usb_publisher-8] [ WARN:0@22.299] global ./modules/videoio/src/cap_v4l.cpp (902) open VIDEOIO(V4L2:/dev/video2): can't open camera by index
[wrist_camera_usb_publisher-8] [INFO] [1775690984.529623669] [wrist_camera_usb_publisher_node]: USB camera publisher: trying camera source index 0.
[wrist_camera_usb_publisher-8] [ WARN:0@22.304] global ./modules/videoio/src/cap_v4l.cpp (902) open VIDEOIO(V4L2:/dev/video0): can't open camera by index
[wrist_camera_usb_publisher-8] [INFO] [1775690984.534504863] [wrist_camera_usb_publisher_node]: USB camera publisher: trying camera source index 1.
[wrist_camera_usb_publisher-8] [ WARN:0@22.305] global ./modules/videoio/src/cap_v4l.cpp (902) open VIDEOIO(V4L2:/dev/video1): can't open camera by index
[wrist_camera_usb_publisher-8] [INFO] [1775690984.535438681] [wrist_camera_usb_publisher_node]: USB camera publisher: trying camera source index 3.
[wrist_camera_usb_publisher-8] [ WARN:0@22.306] global ./modules/videoio/src/cap_v4l.cpp (902) open VIDEOIO(V4L2:/dev/video3): can't open camera by index
[wrist_camera_usb_publisher-8] [INFO] [1775690984.536298172] [wrist_camera_usb_publisher_node]: USB camera publisher: trying camera source index 4.
[wrist_camera_usb_publisher-8] [ WARN:0@22.307] global ./modules/videoio/src/cap_v4l.cpp (902) open VIDEOIO(V4L2:/dev/video4): can't open camera by index
[wrist_camera_usb_publisher-8] [INFO] [1775690984.538097785] [wrist_camera_usb_publisher_node]: USB camera publisher: trying camera source index 5.
[wrist_camera_usb_publisher-8] [ WARN:0@22.308] global ./modules/videoio/src/cap_v4l.cpp (902) open VIDEOIO(V4L2:/dev/video5): can't open camera by index
[wrist_camera_usb_publisher-8] [WARN] [1775690984.539175776] [wrist_camera_usb_publisher_node]: USB camera publisher: V4L2 probing failed. Retrying default OpenCV backend on index 2.
[wrist_camera_usb_publisher-8] [ WARN:0@22.319] global ./modules/videoio/src/cap_gstreamer.cpp (2401) handleMessage OpenCV | GStreamer warning: Embedded video playback halted; module v4l2src11 reported: Device '/dev/video2' failed during initialization
[wrist_camera_usb_publisher-8] [ WARN:0@22.319] global ./modules/videoio/src/cap_gstreamer.cpp (1356) open OpenCV | GStreamer warning: unable to start pipeline
[wrist_camera_usb_publisher-8] [ WARN:0@22.319] global ./modules/videoio/src/cap_gstreamer.cpp (862) isPipelinePlaying OpenCV | GStreamer warning: GStreamer: pipeline have not been created
[wrist_camera_usb_publisher-8] [ WARN:0@22.326] global ./modules/videoio/src/cap_v4l.cpp (902) open VIDEOIO(V4L2:/dev/video2): can't open camera by index
[wrist_camera_usb_publisher-8] [ERROR] [1775690984.639560871] [wrist_camera_usb_publisher_node]: USB camera publisher: camera reopen did not find an open source.
[vision_apriltag-9] [WARN] [1775690986.053454315] [vision_apriltag_node]: Vision AprilTag: no images received yet on /wrist_mounted_camera/image.
[rviz2-20] [INFO] [1775690986.540543346] [rviz2_moveit.moveit.ros.planning_scene_monitor]: Stopping planning scene monitor
[wrist_camera_usb_publisher-8] [WARN] [1775690986.621623140] [wrist_camera_usb_publisher_node]: USB camera publisher: reopening camera source (camera source is closed).
[wrist_camera_usb_publisher-8] [INFO] [1775690986.622417830] [wrist_camera_usb_publisher_node]: USB camera publisher: trying camera source index 2.
[wrist_camera_usb_publisher-8] [ WARN:0@24.399] global ./modules/videoio/src/cap_v4l.cpp (902) open VIDEOIO(V4L2:/dev/video2): can't open camera by index
[wrist_camera_usb_publisher-8] [INFO] [1775690986.629802742] [wrist_camera_usb_publisher_node]: USB camera publisher: trying camera source index 0.
[wrist_camera_usb_publisher-8] [ WARN:0@24.406] global ./modules/videoio/src/cap_v4l.cpp (902) open VIDEOIO(V4L2:/dev/video0): can't open camera by index
[wrist_camera_usb_publisher-8] [INFO] [1775690986.636656675] [wrist_camera_usb_publisher_node]: USB camera publisher: trying camera source index 1.
[wrist_camera_usb_publisher-8] [ WARN:0@24.407] global ./modules/videoio/src/cap_v4l.cpp (902) open VIDEOIO(V4L2:/dev/video1): can't open camera by index
[wrist_camera_usb_publisher-8] [INFO] [1775690986.637160353] [wrist_camera_usb_publisher_node]: USB camera publisher: trying camera source index 3.
[wrist_camera_usb_publisher-8] [ WARN:0@24.407] global ./modules/videoio/src/cap_v4l.cpp (902) open VIDEOIO(V4L2:/dev/video3): can't open camera by index
[wrist_camera_usb_publisher-8] [INFO] [1775690986.637664111] [wrist_camera_usb_publisher_node]: USB camera publisher: trying camera source index 4.
[wrist_camera_usb_publisher-8] [ WARN:0@24.409] global ./modules/videoio/src/cap_v4l.cpp (902) open VIDEOIO(V4L2:/dev/video4): can't open camera by index
[wrist_camera_usb_publisher-8] [INFO] [1775690986.639708220] [wrist_camera_usb_publisher_node]: USB camera publisher: trying camera source index 5.
[wrist_camera_usb_publisher-8] [ WARN:0@24.410] global ./modules/videoio/src/cap_v4l.cpp (902) open VIDEOIO(V4L2:/dev/video5): can't open camera by index
[wrist_camera_usb_publisher-8] [WARN] [1775690986.641133554] [wrist_camera_usb_publisher_node]: USB camera publisher: V4L2 probing failed. Retrying default OpenCV backend on index 2.
[wrist_camera_usb_publisher-8] [ WARN:0@24.418] global ./modules/videoio/src/cap_gstreamer.cpp (2401) handleMessage OpenCV | GStreamer warning: Embedded video playback halted; module v4l2src12 reported: Device '/dev/video2' failed during initialization
[wrist_camera_usb_publisher-8] [ WARN:0@24.418] global ./modules/videoio/src/cap_gstreamer.cpp (1356) open OpenCV | GStreamer warning: unable to start pipeline
[wrist_camera_usb_publisher-8] [ WARN:0@24.418] global ./modules/videoio/src/cap_gstreamer.cpp (862) isPipelinePlaying OpenCV | GStreamer warning: GStreamer: pipeline have not been created
[wrist_camera_usb_publisher-8] [ WARN:0@24.424] global ./modules/videoio/src/cap_v4l.cpp (902) open VIDEOIO(V4L2:/dev/video2): can't open camera by index
[wrist_camera_usb_publisher-8] [ERROR] [1775690986.744203429] [wrist_camera_usb_publisher_node]: USB camera publisher: camera reopen did not find an open source.
[INFO] [rviz2-20]: process has finished cleanly [pid 20479]
