
===== 2026-04-09T09:52:34-04:00 | T1_arm =====
cwd=/home/carrt-cse-project/workspace/ros2_kortex_ws
cmd=ros2 launch adl_tasks arm_vbox.launch.py robot_ip:=192.168.0.10 use_fake_hardware:=false 

[INFO] [launch]: All log files can be found below /home/carrt-cse-project/.ros/log/2026-04-09-09-52-34-662602-carrt-cse-project-OptiPlex-5050-7618
[INFO] [launch]: Default logging verbosity is set to INFO
[INFO] [launch.user]: [arm_vbox.launch] MoveIt current state source: /joint_states_sanitized. Use use_joint_state_sanitizer:=false for raw-state viewer debugging.
[INFO] [launch.user]: [arm_vbox.launch] Using ADL VBox controller config (share/adl_tasks/config/ros2_controllers_vbox.yaml, update_rate:=50 Hz).
[INFO] [ros2_control_node-1]: process started with pid [7622]
[INFO] [robot_state_publisher-2]: process started with pid [7623]
[INFO] [joint_state_sanitizer-3]: process started with pid [7624]
[INFO] [spawner-4]: process started with pid [7625]
[INFO] [static_transform_publisher-5]: process started with pid [7626]
[INFO] [static_transform_publisher-6]: process started with pid [7627]
[robot_state_publisher-2] [INFO] [1775742754.903445187] [robot_state_publisher]: Robot initialized
[static_transform_publisher-6] [INFO] [1775742754.911289291] [camera_color_optical_bridge_tf_pub]: Spinning until stopped - publishing transform
[static_transform_publisher-6] translation: ('0.000000', '0.000000', '0.000000')
[static_transform_publisher-6] rotation: ('0.000000', '0.000000', '0.000000', '1.000000')
[static_transform_publisher-6] from 'camera_color_frame' to 'wrist_mounted_camera_color_optical_frame'
[static_transform_publisher-5] [INFO] [1775742754.912558763] [static_transform_publisher]: Spinning until stopped - publishing transform
[static_transform_publisher-5] translation: ('0.000000', '0.000000', '0.000000')
[static_transform_publisher-5] rotation: ('0.000000', '0.000000', '0.000000', '1.000000')
[static_transform_publisher-5] from 'world' to 'base_link'
[ros2_control_node-1] [INFO] [1775742754.940710257] [controller_manager]: Using Steady (Monotonic) clock for triggering controller manager cycles.
[ros2_control_node-1] [INFO] [1775742754.949520966] [controller_manager]: Subscribing to '/robot_description' topic for robot description.
[ros2_control_node-1] [INFO] [1775742754.952023902] [controller_manager]: update rate is 50 Hz
[ros2_control_node-1] [INFO] [1775742754.952048668] [controller_manager]: Overruns handling is : enabled
[ros2_control_node-1] [INFO] [1775742754.952058631] [controller_manager]: Spawning controller_manager RT thread with scheduler priority: 50
[ros2_control_node-1] [INFO] [1775742754.952164782] [controller_manager]: Successful set up FIFO RT scheduling policy with priority 50.
[ros2_control_node-1] [INFO] [1775742755.241532984] [controller_manager]: Received robot description from topic.
[ros2_control_node-1] [INFO] [1775742755.241606307] [controller_manager]: Enforcing command limits is disabled. Command limits from URDF will be ignored.
[ros2_control_node-1] [INFO] [1775742755.251600534] [controller_manager]: Loading hardware 'KortexMultiInterfaceHardware' 
[ros2_control_node-1] [INFO] [1775742755.266256740] [KortexMultiInterfaceHardware]: Setting severity threshold to DEBUG
[ros2_control_node-1] [INFO] [1775742755.266339194] [controller_manager]: Loaded hardware 'KortexMultiInterfaceHardware' from plugin 'kortex_driver/KortexMultiInterfaceHardware'
[ros2_control_node-1] [INFO] [1775742755.266938748] [controller_manager]: Initialize hardware 'KortexMultiInterfaceHardware' 
[ros2_control_node-1] [INFO] [1775742755.276765565] [KortexMultiInterfaceHardware]: Configuring Hardware Interface
[ros2_control_node-1] [INFO] [1775742755.277165875] [KortexMultiInterfaceHardware]: Robot ip is '192.168.0.10'
[ros2_control_node-1] [INFO] [1775742755.277179450] [KortexMultiInterfaceHardware]: Username is 'admin'
[ros2_control_node-1] [INFO] [1775742755.277193833] [KortexMultiInterfaceHardware]: Port used '10000'
[ros2_control_node-1] [INFO] [1775742755.277200005] [KortexMultiInterfaceHardware]: Realtime port used '10001'
[ros2_control_node-1] [INFO] [1775742755.277205481] [KortexMultiInterfaceHardware]: Session inactivity timeout is '60000'
[ros2_control_node-1] [INFO] [1775742755.277211704] [KortexMultiInterfaceHardware]: Connection inactivity timeout is '2000'
[ros2_control_node-1] [INFO] [1775742755.277219207] [KortexMultiInterfaceHardware]: Gripper joint name is 'robotiq_85_left_knuckle_joint'
[ros2_control_node-1] [INFO] [1775742755.277250992] [KortexMultiInterfaceHardware]: Connecting to robot at 192.168.0.10
[ros2_control_node-1] [INFO] [1775742755.285786346] [KortexMultiInterfaceHardware]: Creating session for communication
[spawner-4] [INFO] [1775742755.307118252] [spawner_joint_state_broadcaster]: waiting for service /controller_manager/list_controllers to become available...
[joint_state_sanitizer-3] [INFO] [1775742755.373285616] [joint_state_sanitizer_node]: joint_state_sanitizer started. raw=/joint_states -> sanitized=/joint_states_sanitized
[ros2_control_node-1] [INFO] [1775742755.615997153] [KortexMultiInterfaceHardware]: Session created
[ros2_control_node-1] [INFO] [1775742756.318333838] [KortexMultiInterfaceHardware]: Actuator count reported by robot is '7'
[ros2_control_node-1] [INFO] [1775742756.318495544] [KortexMultiInterfaceHardware]: Using internal bus communication for gripper!
[ros2_control_node-1] [INFO] [1775742756.318500171] [KortexMultiInterfaceHardware]: Hardware Interface successfully configured
[ros2_control_node-1] [INFO] [1775742756.318571524] [controller_manager]: Successful initialization of hardware 'KortexMultiInterfaceHardware'
[ros2_control_node-1] [DEBUG] [1775742756.318626612] [KortexMultiInterfaceHardware]: export_state_interfaces for joint: joint_1
[ros2_control_node-1] [DEBUG] [1775742756.318647376] [KortexMultiInterfaceHardware]: export_state_interfaces for joint: joint_2
[ros2_control_node-1] [DEBUG] [1775742756.318651502] [KortexMultiInterfaceHardware]: export_state_interfaces for joint: joint_3
[ros2_control_node-1] [DEBUG] [1775742756.318654391] [KortexMultiInterfaceHardware]: export_state_interfaces for joint: joint_4
[ros2_control_node-1] [DEBUG] [1775742756.318656985] [KortexMultiInterfaceHardware]: export_state_interfaces for joint: joint_5
[ros2_control_node-1] [DEBUG] [1775742756.318659998] [KortexMultiInterfaceHardware]: export_state_interfaces for joint: joint_6
[ros2_control_node-1] [DEBUG] [1775742756.318662619] [KortexMultiInterfaceHardware]: export_state_interfaces for joint: joint_7
[ros2_control_node-1] [DEBUG] [1775742756.318665112] [KortexMultiInterfaceHardware]: export_state_interfaces for joint: robotiq_85_left_knuckle_joint
[ros2_control_node-1] [INFO] [1775742756.320610953] [resource_manager]: 'configure' hardware 'KortexMultiInterfaceHardware' 
[ros2_control_node-1] [INFO] [1775742756.320643709] [resource_manager]: Successful 'configure' of hardware 'KortexMultiInterfaceHardware'
[ros2_control_node-1] [INFO] [1775742756.320708169] [resource_manager]: 'activate' hardware 'KortexMultiInterfaceHardware' 
[ros2_control_node-1] [INFO] [1775742756.320749828] [KortexMultiInterfaceHardware]: Activating KortexMultiInterfaceHardware...
[ros2_control_node-1] [INFO] [1775742756.325494368] [KortexMultiInterfaceHardware]: Gripper initial position is '0.873365'.
[ros2_control_node-1] [INFO] [1775742756.329682698] [KortexMultiInterfaceHardware]: KortexMultiInterfaceHardware successfully activated!
[ros2_control_node-1] [INFO] [1775742756.329736179] [resource_manager]: Successful 'activate' of hardware 'KortexMultiInterfaceHardware'
[ros2_control_node-1] [INFO] [1775742756.330160789] [controller_manager]: Registering statistics for : KortexMultiInterfaceHardware
[ros2_control_node-1] [INFO] [1775742756.330373219] [controller_manager]: Resource Manager has been successfully initialized. Starting Controller Manager services...
[ros2_control_node-1] [INFO] [1775742756.560980312] [controller_manager]: Loading controller : 'joint_state_broadcaster' of type 'joint_state_broadcaster/JointStateBroadcaster'
[ros2_control_node-1] [INFO] [1775742756.561049050] [controller_manager]: Loading controller 'joint_state_broadcaster'
[ros2_control_node-1] [INFO] [1775742756.573539161] [controller_manager]: Controller 'joint_state_broadcaster' node arguments: --ros-args --params-file /home/carrt-cse-project/workspace/ros2_kortex_ws/install/adl_tasks/share/adl_tasks/config/ros2_controllers_vbox.yaml --params-file /tmp/launch_params_zcd5tgth 
[spawner-4] [INFO] [1775742756.595031938] [spawner_joint_state_broadcaster]: Loaded joint_state_broadcaster
[ros2_control_node-1] [INFO] [1775742756.597010150] [controller_manager]: Configuring controller: 'joint_state_broadcaster'
[ros2_control_node-1] [INFO] [1775742756.597248070] [joint_state_broadcaster]: 'joints' or 'interfaces' parameter is empty. All available state interfaces will be published
[ros2_control_node-1] [INFO] [1775742756.614206391] [controller_manager]: Activating controllers: [ joint_state_broadcaster ]
[ros2_control_node-1] [INFO] [1775742756.633303714] [controller_manager]: Successfully switched controllers!
[joint_state_sanitizer-3] [WARN] [1775742756.653529655] [joint_state_sanitizer_node]: [joint_state_sanitizer] Published sanitized joint state: joint_3:-3.142->-3.132
[spawner-4] [INFO] [1775742756.654124214] [spawner_joint_state_broadcaster]: Configured and activated joint_state_broadcaster
[INFO] [spawner-4]: process has finished cleanly [pid 7625]
[INFO] [spawner-7]: process started with pid [7728]
[INFO] [spawner-8]: process started with pid [7729]
[INFO] [spawner-9]: process started with pid [7730]
[INFO] [spawner-10]: process started with pid [7731]
[spawner-8] [INFO] [1775742757.773403010] [spawner_twist_controller]: waiting for service /controller_manager/list_controllers to become available...
[ros2_control_node-1] [INFO] [1775742758.029752243] [controller_manager]: Loading controller : 'twist_controller' of type 'picknik_twist_controller/PicknikTwistController'
[ros2_control_node-1] [INFO] [1775742758.029898080] [controller_manager]: Loading controller 'twist_controller'
[ros2_control_node-1] [INFO] [1775742758.039820599] [controller_manager]: Controller 'twist_controller' node arguments: --ros-args --params-file /home/carrt-cse-project/workspace/ros2_kortex_ws/install/adl_tasks/share/adl_tasks/config/ros2_controllers_vbox.yaml --params-file /tmp/launch_params_zcd5tgth 
[spawner-8] [INFO] [1775742758.102097313] [spawner_twist_controller]: Loaded twist_controller
[ros2_control_node-1] [INFO] [1775742758.106622811] [controller_manager]: Configuring controller: 'twist_controller'
[ros2_control_node-1] [INFO] [1775742758.117161458] [twist_controller]: configure successful
[spawner-7] [INFO] [1775742758.286671897] [spawner_joint_trajectory_controller]: waiting for service /controller_manager/list_controllers to become available...
[INFO] [spawner-8]: process has finished cleanly [pid 7729]
[ros2_control_node-1] [INFO] [1775742759.539109823] [controller_manager]: Loading controller : 'joint_trajectory_controller' of type 'joint_trajectory_controller/JointTrajectoryController'
[ros2_control_node-1] [INFO] [1775742759.539141993] [controller_manager]: Loading controller 'joint_trajectory_controller'
[ros2_control_node-1] [INFO] [1775742759.543627951] [controller_manager]: Controller 'joint_trajectory_controller' node arguments: --ros-args --params-file /home/carrt-cse-project/workspace/ros2_kortex_ws/install/adl_tasks/share/adl_tasks/config/ros2_controllers_vbox.yaml --params-file /tmp/launch_params_zcd5tgth 
[spawner-7] [INFO] [1775742759.573807890] [spawner_joint_trajectory_controller]: Loaded joint_trajectory_controller
[ros2_control_node-1] [INFO] [1775742759.574913782] [controller_manager]: Configuring controller: 'joint_trajectory_controller'
[ros2_control_node-1] [INFO] [1775742759.575849194] [joint_trajectory_controller]: No specific joint names are used for command interfaces. Using 'joints' parameter.
[ros2_control_node-1] [INFO] [1775742759.576078546] [joint_trajectory_controller]: Command interfaces are [position] and state interfaces are [position velocity].
[ros2_control_node-1] [INFO] [1775742759.576269942] [joint_trajectory_controller]: Using 'splines' interpolation method.
[ros2_control_node-1] [INFO] [1775742759.580050071] [joint_trajectory_controller]: Action status changes will be monitored at 10.00 Hz.
[ros2_control_node-1] [INFO] [1775742759.594656457] [controller_manager]: Activating controllers: [ joint_trajectory_controller ]
[ros2_control_node-1] [INFO] [1775742759.823112764] [controller_manager]: Successfully switched controllers!
[spawner-7] [INFO] [1775742759.833844724] [spawner_joint_trajectory_controller]: Configured and activated joint_trajectory_controller
[spawner-10] [INFO] [1775742759.944027305] [spawner_fault_controller]: waiting for service /controller_manager/list_controllers to become available...
[INFO] [spawner-7]: process has finished cleanly [pid 7728]
[ros2_control_node-1] [INFO] [1775742761.065291412] [controller_manager]: Loading controller : 'fault_controller' of type 'picknik_reset_fault_controller/PicknikResetFaultController'
[ros2_control_node-1] [INFO] [1775742761.065347135] [controller_manager]: Loading controller 'fault_controller'
[ros2_control_node-1] [INFO] [1775742761.078064386] [controller_manager]: Controller 'fault_controller' node arguments: --ros-args --params-file /home/carrt-cse-project/workspace/ros2_kortex_ws/install/adl_tasks/share/adl_tasks/config/ros2_controllers_vbox.yaml --params-file /tmp/launch_params_zcd5tgth 
[spawner-10] [INFO] [1775742761.139129329] [spawner_fault_controller]: Loaded fault_controller
[ros2_control_node-1] [INFO] [1775742761.144207818] [controller_manager]: Configuring controller: 'fault_controller'
[ros2_control_node-1] [INFO] [1775742761.162570065] [controller_manager]: Activating controllers: [ fault_controller ]
[ros2_control_node-1] [INFO] [1775742761.378181649] [controller_manager]: Successfully switched controllers!
[spawner-10] [INFO] [1775742761.395268388] [spawner_fault_controller]: Configured and activated fault_controller
[joint_state_sanitizer-3] [WARN] [1775742761.656842228] [joint_state_sanitizer_node]: [joint_state_sanitizer] Published sanitized joint state: joint_3:-3.142->-3.132
[INFO] [spawner-10]: process has finished cleanly [pid 7731]
[spawner-9] [INFO] [1775742761.704918581] [spawner_robotiq_gripper_controller]: waiting for service /controller_manager/list_controllers to become available...
[INFO] [move_group-11]: process started with pid [7960]
[INFO] [rviz2-12]: process started with pid [7961]
[rviz2-12] [INFO] [1775742762.600875382] [rviz2]: Stereo is NOT SUPPORTED
[rviz2-12] [INFO] [1775742762.600932359] [rviz2]: OpenGl version: 4.5 (GLSL 4.5)
[rviz2-12] [INFO] [1775742762.622470205] [rviz2]: Stereo is NOT SUPPORTED
[rviz2-12] Warning: class_loader.impl: SEVERE WARNING!!! A namespace collision has occurred with plugin factory for class rviz_default_plugins::displays::InteractiveMarkerDisplay. New factory will OVERWRITE existing one. This situation occurs when libraries containing plugins are directly linked against an executable (the one running right now generating this message). Please separate plugins out into their own library or just don't link against the library and use either class_loader::ClassLoader/MultiLibraryClassLoader to open.
[rviz2-12]          at line 321 in /opt/ros/jazzy/include/class_loader/class_loader/class_loader_core.hpp
[rviz2-12] [WARN] [1775742762.751340295] [rcl.logging_rosout]: Publisher already registered for node name: 'rviz2_moveit'. If this is due to multiple nodes with the same name then all logs for the logger named 'rviz2_moveit' will go out over the existing publisher. As soon as any node with that name is destructed it will unregister the publisher, preventing any further logs for that name from being published on the rosout topic.
[ros2_control_node-1] [INFO] [1775742763.056051327] [controller_manager]: Received robot description from topic.
[ros2_control_node-1] [WARN] [1775742763.056083630] [controller_manager]: ResourceManager has already loaded a urdf. Ignoring attempt to reload a robot description.
[move_group-11] [INFO] [1775742763.064628563] [move_group.moveit.moveit.ros.rdf_loader]: Loaded robot model in 0.0107678 seconds
[move_group-11] [INFO] [1775742763.064879283] [move_group.moveit.moveit.core.robot_model]: Loading robot model 'gen3'...
[move_group-11] [INFO] [1775742763.064920036] [move_group.moveit.moveit.core.robot_model]: No root/virtual joint specified in SRDF. Assuming fixed joint
[move_group-11] [INFO] [1775742763.190629586] [move_group.moveit.moveit.kinematics.kdl_kinematics_plugin]: Joint weights for group 'manipulator': 1 1 1 1 1 1 1
[move_group-11] [INFO] [1775742763.733917106] [move_group.moveit.moveit.ros.planning_scene_monitor]: Publishing maintained planning scene on 'monitored_planning_scene'
[move_group-11] [INFO] [1775742763.734080228] [move_group.moveit.moveit.ros.moveit_cpp]: Listening to 'joint_states' for joint states
[move_group-11] [INFO] [1775742763.735620236] [move_group.moveit.moveit.ros.current_state_monitor]: Listening to joint states on topic 'joint_states'
[move_group-11] [INFO] [1775742763.736564314] [move_group.moveit.moveit.ros.planning_scene_monitor]: Listening to '/attached_collision_object' for attached collision objects
[move_group-11] [INFO] [1775742763.736587004] [move_group.moveit.moveit.ros.planning_scene_monitor]: Stopping existing planning scene publisher.
[move_group-11] [INFO] [1775742763.736758929] [move_group.moveit.moveit.ros.planning_scene_monitor]: Stopped publishing maintained planning scene.
[move_group-11] [INFO] [1775742763.737442941] [move_group.moveit.moveit.ros.planning_scene_monitor]: Publishing maintained planning scene on 'monitored_planning_scene'
[move_group-11] [INFO] [1775742763.737544211] [move_group.moveit.moveit.ros.planning_scene_monitor]: Starting planning scene monitor
[move_group-11] [INFO] [1775742763.738100154] [move_group.moveit.moveit.ros.planning_scene_monitor]: Listening to '/planning_scene'
[move_group-11] [INFO] [1775742763.738124708] [move_group.moveit.moveit.ros.planning_scene_monitor]: Starting world geometry update monitor for collision objects, attached objects, octomap updates.
[move_group-11] [INFO] [1775742763.741001670] [move_group.moveit.moveit.ros.planning_scene_monitor]: Listening to 'collision_object'
[move_group-11] [INFO] [1775742763.742048799] [move_group.moveit.moveit.ros.planning_scene_monitor]: Listening to 'planning_scene_world' for planning scene world geometry
[move_group-11] [WARN] [1775742763.743004744] [move_group.moveit.moveit.ros.occupancy_map_monitor]: Resolution not specified for Octomap. Assuming resolution = 0.1 instead
[move_group-11] [ERROR] [1775742763.743035456] [move_group.moveit.moveit.ros.occupancy_map_monitor]: No 3D sensor plugin(s) defined for octomap updates
[move_group-11] [INFO] [1775742763.965828681] [move_group.moveit.moveit.ros.planning_pipeline]: Successfully loaded planner 'OMPL'
[move_group-11] [INFO] [1775742763.971155163] [move_group]: Try loading adapter 'default_planning_request_adapters/ResolveConstraintFrames'
[move_group-11] [INFO] [1775742763.973281819] [move_group]: Loaded adapter 'default_planning_request_adapters/ResolveConstraintFrames'
[move_group-11] [INFO] [1775742763.973331520] [move_group]: Try loading adapter 'default_planning_request_adapters/ValidateWorkspaceBounds'
[move_group-11] [INFO] [1775742763.973718893] [move_group]: Loaded adapter 'default_planning_request_adapters/ValidateWorkspaceBounds'
[move_group-11] [INFO] [1775742763.973732600] [move_group]: Try loading adapter 'default_planning_request_adapters/CheckStartStateBounds'
[move_group-11] [INFO] [1775742763.973765564] [move_group]: Loaded adapter 'default_planning_request_adapters/CheckStartStateBounds'
[move_group-11] [INFO] [1775742763.973773488] [move_group]: Try loading adapter 'default_planning_request_adapters/CheckStartStateCollision'
[move_group-11] [INFO] [1775742763.973789630] [move_group]: Loaded adapter 'default_planning_request_adapters/CheckStartStateCollision'
[move_group-11] [INFO] [1775742763.979287197] [move_group]: Try loading adapter 'default_planning_response_adapters/AddTimeOptimalParameterization'
[move_group-11] [INFO] [1775742763.983423646] [move_group]: Loaded adapter 'default_planning_response_adapters/AddTimeOptimalParameterization'
[move_group-11] [INFO] [1775742763.983458329] [move_group]: Try loading adapter 'default_planning_response_adapters/ValidateSolution'
[move_group-11] [INFO] [1775742763.987591918] [move_group]: Loaded adapter 'default_planning_response_adapters/ValidateSolution'
[move_group-11] [INFO] [1775742763.987624125] [move_group]: Try loading adapter 'default_planning_response_adapters/DisplayMotionPath'
[move_group-11] [INFO] [1775742763.989333542] [move_group]: Loaded adapter 'default_planning_response_adapters/DisplayMotionPath'
[move_group-11] [INFO] [1775742764.437672750] [move_group.moveit.moveit.plugins.simple_controller_manager]: Added FollowJointTrajectory controller for joint_trajectory_controller
[move_group-11] [INFO] [1775742764.437736826] [move_group.moveit.moveit.plugins.simple_controller_manager]: robotiq_gripper_controller will command a max effort of: 0
[move_group-11] [INFO] [1775742764.448196994] [move_group.moveit.moveit.plugins.simple_controller_manager]: Added GripperCommand controller for robotiq_gripper_controller
[move_group-11] [INFO] [1775742764.448635582] [move_group.moveit.moveit.plugins.simple_controller_manager]: Returned 2 controllers in list
[move_group-11] [INFO] [1775742764.448677182] [move_group.moveit.moveit.plugins.simple_controller_manager]: Returned 2 controllers in list
[move_group-11] [INFO] [1775742764.451878634] [move_group.moveit.moveit.ros.trajectory_execution_manager]: Trajectory execution is managing controllers
[move_group-11] [INFO] [1775742764.451920579] [move_group]: MoveGroup debug mode is ON
[move_group-11] [INFO] [1775742764.522397968] [move_group.moveit.moveit.ros.move_group.executable]: 
[move_group-11] 
[move_group-11] ********************************************************
[move_group-11] * MoveGroup using: 
[move_group-11] *     - apply_planning_scene_service
[move_group-11] *     - clear_octomap_service
[move_group-11] *     - get_group_urdf
[move_group-11] *     - load_geometry_from_file
[move_group-11] *     - CartesianPathService
[move_group-11] *     - execute_trajectory_action
[move_group-11] *     - get_planning_scene_service
[move_group-11] *     - kinematics_service
[move_group-11] *     - move_action
[move_group-11] *     - motion_plan_service
[move_group-11] *     - query_planners_service
[move_group-11] *     - state_validation_service
[move_group-11] *     - save_geometry_to_file
[move_group-11] ********************************************************
[move_group-11] 
[move_group-11] [INFO] [1775742764.522476149] [move_group.moveit.moveit.ros.move_group.context]: MoveGroup context using pipeline ompl
[move_group-11] [INFO] [1775742764.522497824] [move_group.moveit.moveit.ros.move_group.context]: MoveGroup context initialization complete
[move_group-11] [96mLoading 'move_group/ApplyPlanningSceneService'...[0m
[move_group-11] [96mLoading 'move_group/ClearOctomapService'...[0m
[move_group-11] [96mLoading 'move_group/GetUrdfService'...[0m
[move_group-11] [96mLoading 'move_group/LoadGeometryFromFileService'...[0m
[move_group-11] [96mLoading 'move_group/MoveGroupCartesianPathService'...[0m
[move_group-11] [96mLoading 'move_group/MoveGroupExecuteTrajectoryAction'...[0m
[move_group-11] [96mLoading 'move_group/MoveGroupGetPlanningSceneService'...[0m
[move_group-11] [96mLoading 'move_group/MoveGroupKinematicsService'...[0m
[move_group-11] [96mLoading 'move_group/MoveGroupMoveAction'...[0m
[move_group-11] [96mLoading 'move_group/MoveGroupPlanService'...[0m
[move_group-11] [96mLoading 'move_group/MoveGroupQueryPlannersService'...[0m
[move_group-11] [96mLoading 'move_group/MoveGroupStateValidationService'...[0m
[move_group-11] [96mLoading 'move_group/SaveGeometryToFileService'...[0m
[move_group-11] 
[move_group-11] [92mYou can start planning now![0m
[move_group-11] 
[spawner-9] [INFO] [1775742764.715548502] [spawner_robotiq_gripper_controller]: waiting for service /controller_manager/load_controller to become available...
[ros2_control_node-1] [INFO] [1775742764.966560043] [controller_manager]: Loading controller : 'robotiq_gripper_controller' of type 'position_controllers/GripperActionController'
[ros2_control_node-1] [INFO] [1775742764.966598617] [controller_manager]: Loading controller 'robotiq_gripper_controller'
[ros2_control_node-1] [INFO] [1775742764.971640160] [controller_manager]: Controller 'robotiq_gripper_controller' node arguments: --ros-args --params-file /home/carrt-cse-project/workspace/ros2_kortex_ws/install/adl_tasks/share/adl_tasks/config/ros2_controllers_vbox.yaml --params-file /tmp/launch_params_zcd5tgth 
[ros2_control_node-1] [WARN] [1775742765.050163371] [robotiq_gripper_controller]: [Deprecated]: the `position_controllers/GripperActionController` and `effort_controllers::GripperActionController` controllers are replaced by 'parallel_gripper_controllers/GripperActionController' controller
[spawner-9] [INFO] [1775742765.055928897] [spawner_robotiq_gripper_controller]: Loaded robotiq_gripper_controller
[ros2_control_node-1] [INFO] [1775742765.063140560] [controller_manager]: Configuring controller: 'robotiq_gripper_controller'
[ros2_control_node-1] [INFO] [1775742765.063355242] [robotiq_gripper_controller]: Action status changes will be monitored at 20.000000 Hz.
[ros2_control_node-1] [INFO] [1775742765.079536570] [controller_manager]: Activating controllers: [ robotiq_gripper_controller ]
[ros2_control_node-1] [INFO] [1775742765.300319958] [controller_manager]: Successfully switched controllers!
[spawner-9] [INFO] [1775742765.314582718] [spawner_robotiq_gripper_controller]: Configured and activated robotiq_gripper_controller
[INFO] [spawner-9]: process has finished cleanly [pid 7730]
[rviz2-12] [ERROR] [1775742765.788210088] [rviz2_moveit.moveit.ros.motion_planning_frame]: Action server: /recognize_objects not available
[rviz2-12] [INFO] [1775742765.836090726] [rviz2_moveit.moveit.ros.motion_planning_frame]: MoveGroup namespace changed: / -> . Reloading params.
[rviz2-12] [INFO] [1775742765.905486707] [rviz2_moveit.moveit.ros.rdf_loader]: Loaded robot model in 0.0132333 seconds
[rviz2-12] [INFO] [1775742765.906235367] [rviz2_moveit.moveit.core.robot_model]: Loading robot model 'gen3'...
[rviz2-12] [INFO] [1775742765.906286204] [rviz2_moveit.moveit.core.robot_model]: No root/virtual joint specified in SRDF. Assuming fixed joint
[rviz2-12] [INFO] [1775742766.069278277] [rviz2_moveit.moveit.kinematics.kdl_kinematics_plugin]: Joint weights for group 'manipulator': 1 1 1 1 1 1 1
[rviz2-12] [INFO] [1775742766.459801196] [rviz2_moveit.moveit.ros.planning_scene_monitor]: Starting planning scene monitor
[rviz2-12] [INFO] [1775742766.461405803] [rviz2_moveit.moveit.ros.planning_scene_monitor]: Listening to '/monitored_planning_scene'
[joint_state_sanitizer-3] [WARN] [1775742766.673668523] [joint_state_sanitizer_node]: [joint_state_sanitizer] Published sanitized joint state: joint_3:-3.142->-3.132
[rviz2-12] [INFO] [1775742767.312485979] [interactive_marker_display_94939412427088]: Connected on namespace: /rviz_moveit_motion_planning_display/robot_interaction_interactive_marker_topic
[rviz2-12] [INFO] [1775742767.318302602] [rviz2_moveit.moveit.ros.robot_interaction]: No active joints or end effectors found for group 'gripper'. Make sure that kinematics.yaml is loaded in this node's namespace.
[rviz2-12] [INFO] [1775742767.319041940] [rviz2_moveit.moveit.ros.robot_interaction]: No active joints or end effectors found for group 'gripper'. Make sure that kinematics.yaml is loaded in this node's namespace.
[rviz2-12] [INFO] [1775742767.330170767] [rviz2_moveit.moveit.ros.motion_planning_frame]: group gripper
[rviz2-12] [INFO] [1775742767.330267841] [rviz2_moveit.moveit.ros.motion_planning_frame]: Constructing new MoveGroup connection for group 'gripper' in namespace ''
[rviz2-12] [INFO] [1775742767.337799602] [interactive_marker_display_94939412427088]: Sending request for interactive markers
[rviz2-12] [INFO] [1775742767.367344299] [rviz2_moveit.moveit.ros.move_group_interface]: Ready to take commands for planning group gripper.
[rviz2-12] [INFO] [1775742767.367887734] [rviz2_moveit.moveit.ros.motion_planning_frame]: group gripper
[rviz2-12] [INFO] [1775742767.369871945] [interactive_marker_display_94939412427088]: Service response received for initialization
[ros2_control_node-1] [WARN] [1775742768.720496378] [controller_manager]: Overrun might occur, Total time : 28215.893 us (Expected < 20000.000 us) --> Read time : 61.839 us, Update time : 235.180 us, Write time : 27918.874 us
[ros2_control_node-1] [WARN] [1775742768.720596636] [controller_manager]: Overrun detected! The controller manager missed its desired rate of 50 Hz. The loop took 28.359088 ms (missed cycles : 2).
[joint_state_sanitizer-3] [WARN] [1775742771.673771990] [joint_state_sanitizer_node]: [joint_state_sanitizer] Published sanitized joint state: joint_3:-3.142->-3.132
[ros2_control_node-1] [INFO] [1775742775.328588239] [joint_trajectory_controller]: Received new action goal
[ros2_control_node-1] [INFO] [1775742775.328689275] [joint_trajectory_controller]: Accepted new action goal
[ros2_control_node-1] [INFO] [1775742780.992712005] [joint_trajectory_controller]: Goal reached, success!
[ros2_control_node-1] [INFO] [1775742782.947364338] [joint_trajectory_controller]: Received new action goal
[ros2_control_node-1] [INFO] [1775742782.947416662] [joint_trajectory_controller]: Accepted new action goal
[ros2_control_node-1] [INFO] [1775742790.212669862] [joint_trajectory_controller]: Goal reached, success!
[ros2_control_node-1] [INFO] [1775742790.371532624] [joint_trajectory_controller]: Received new action goal
[ros2_control_node-1] [INFO] [1775742790.371633798] [joint_trajectory_controller]: Accepted new action goal
[ros2_control_node-1] [INFO] [1775742797.972705348] [joint_trajectory_controller]: Goal reached, success!
[ros2_control_node-1] [INFO] [1775742799.987418212] [joint_trajectory_controller]: Received new action goal
[ros2_control_node-1] [INFO] [1775742799.987465178] [joint_trajectory_controller]: Accepted new action goal
[ros2_control_node-1] [INFO] [1775742804.372709634] [joint_trajectory_controller]: Goal reached, success!
[ros2_control_node-1] [INFO] [1775742809.834297036] [robotiq_gripper_controller]: Received & accepted new action goal
[move_group-11] [ERROR] [1775742809.890355286] [move_group.moveit.moveit.core.conversions]: Found empty JointState message
[INFO] [launch.user]: [arm_vbox.launch] move_group reported an empty JointState while sanitizer mode is active. Keeping the launch alive, but this still indicates a planning-state problem. move_group output: [ERROR] [1775742809.890355286] [move_group.moveit.moveit.core.conversions]: Found empty JointState message
[move_group-11] [INFO] [1775742809.897242461] [move_group.moveit.moveit.ros.move_group.move_action]: MoveGroupMoveAction: Received request
[move_group-11] [INFO] [1775742809.897798156] [move_group.moveit.moveit.ros.move_group.move_action]: executing..
[move_group-11] [INFO] [1775742809.899319095] [move_group.moveit.moveit.ros.move_group.move_action]: Combined planning and execution request received for MoveGroup action. Forwarding to planning and execution pipeline.
[move_group-11] [WARN] [1775742809.899386756] [move_group.moveit.moveit.ros.move_group.capability]: Execution of motions should always start at the robot's current state. Ignoring the state supplied as start state in the motion planning request
[move_group-11] [WARN] [1775742809.899429613] [move_group.moveit.moveit.ros.move_group.capability]: Execution of motions should always start at the robot's current state. Ignoring the state supplied as difference in the planning scene diff
[move_group-11] [INFO] [1775742809.899459699] [move_group.moveit.moveit.ros.plan_execution]: Planning attempt 1 of at most 1
[move_group-11] [INFO] [1775742809.900006628] [move_group]: Calling PlanningRequestAdapter 'ResolveConstraintFrames'
[move_group-11] [INFO] [1775742809.900076683] [move_group]: Calling PlanningRequestAdapter 'ValidateWorkspaceBounds'
[move_group-11] [INFO] [1775742809.900115223] [move_group]: Calling PlanningRequestAdapter 'CheckStartStateBounds'
[move_group-11] [INFO] [1775742809.900169130] [move_group]: Calling PlanningRequestAdapter 'CheckStartStateCollision'
[move_group-11] [INFO] [1775742809.901390578] [move_group.moveit.moveit.planners.ompl.model_based_planning_context]: Planner configuration 'manipulator' will use planner 'geometric::RRTConnect'. Additional configuration parameters will be set when the planner is constructed.
[move_group-11] [INFO] [1775742809.901749669] [move_group]: Calling Planner 'OMPL'
[move_group-11] [INFO] [1775742809.976078763] [move_group]: Calling PlanningResponseAdapter 'AddTimeOptimalParameterization'
[move_group-11] [INFO] [1775742810.022552752] [move_group]: Calling PlanningResponseAdapter 'ValidateSolution'
[move_group-11] [INFO] [1775742810.028874096] [move_group]: Calling PlanningResponseAdapter 'DisplayMotionPath'
[move_group-11] [WARN] [1775742810.029342313] [move_group.moveit.moveit.ros.planning_pipeline]: The planner plugin did not fill out the 'planner_id' field of the MotionPlanResponse. Setting it to the planner ID name of the MotionPlanRequest assuming that the planner plugin does warn you if it does not use the requested planner.
[move_group-11] [INFO] [1775742810.030042968] [move_group.moveit.moveit.plugins.simple_controller_manager]: Returned 2 controllers in list
[move_group-11] [INFO] [1775742810.030095676] [move_group.moveit.moveit.plugins.simple_controller_manager]: Returned 2 controllers in list
[move_group-11] [INFO] [1775742810.030237077] [move_group.moveit.moveit.ros.trajectory_execution_manager]: Validating trajectory with allowed_start_tolerance 0.01
[move_group-11] [INFO] [1775742810.039602017] [move_group.moveit.moveit.ros.trajectory_execution_manager]: Starting trajectory execution ...
[move_group-11] [INFO] [1775742810.039700502] [move_group.moveit.moveit.plugins.simple_controller_manager]: Returned 2 controllers in list
[move_group-11] [INFO] [1775742810.039751846] [move_group.moveit.moveit.plugins.simple_controller_manager]: Returned 2 controllers in list
[move_group-11] [INFO] [1775742810.040090234] [moveit.simple_controller_manager.follow_joint_trajectory_controller_handle]: sending trajectory to joint_trajectory_controller
[ros2_control_node-1] [INFO] [1775742810.041396486] [joint_trajectory_controller]: Received new action goal
[ros2_control_node-1] [INFO] [1775742810.041615216] [joint_trajectory_controller]: Accepted new action goal
[move_group-11] [INFO] [1775742810.042474195] [moveit.simple_controller_manager.follow_joint_trajectory_controller_handle]: joint_trajectory_controller started execution
[move_group-11] [INFO] [1775742810.042506870] [moveit.simple_controller_manager.follow_joint_trajectory_controller_handle]: Goal request accepted!
[joint_state_sanitizer-3] [WARN] [1775742823.035182952] [joint_state_sanitizer_node]: [joint_state_sanitizer] Published sanitized joint state: joint_5:-3.135->-3.132
[ros2_control_node-1] [INFO] [1775742823.112601825] [joint_trajectory_controller]: Goal reached, success!
[move_group-11] [INFO] [1775742823.143086055] [moveit.simple_controller_manager.follow_joint_trajectory_controller_handle]: Controller 'joint_trajectory_controller' successfully finished
[move_group-11] [INFO] [1775742823.179475216] [move_group.moveit.moveit.ros.trajectory_execution_manager]: Completed trajectory execution with status SUCCEEDED ...
[move_group-11] [INFO] [1775742823.180758364] [move_group.moveit.moveit.ros.move_group.move_action]: Solution was found and executed.
[move_group-11] [ERROR] [1775742823.399991133] [move_group.moveit.moveit.core.conversions]: Found empty JointState message
[move_group-11] [INFO] [1775742823.413502734] [move_group.moveit.moveit.ros.move_group.move_action]: MoveGroupMoveAction: Received request
[move_group-11] [INFO] [1775742823.413905358] [move_group.moveit.moveit.ros.move_group.move_action]: executing..
[move_group-11] [INFO] [1775742823.420775324] [move_group.moveit.moveit.ros.move_group.move_action]: Combined planning and execution request received for MoveGroup action. Forwarding to planning and execution pipeline.
[move_group-11] [WARN] [1775742823.420881736] [move_group.moveit.moveit.ros.move_group.capability]: Execution of motions should always start at the robot's current state. Ignoring the state supplied as start state in the motion planning request
[move_group-11] [WARN] [1775742823.420930606] [move_group.moveit.moveit.ros.move_group.capability]: Execution of motions should always start at the robot's current state. Ignoring the state supplied as difference in the planning scene diff
[move_group-11] [INFO] [1775742823.420961701] [move_group.moveit.moveit.ros.plan_execution]: Planning attempt 1 of at most 1
[move_group-11] [INFO] [1775742823.421668291] [move_group]: Calling PlanningRequestAdapter 'ResolveConstraintFrames'
[move_group-11] [INFO] [1775742823.421765161] [move_group]: Calling PlanningRequestAdapter 'ValidateWorkspaceBounds'
[move_group-11] [INFO] [1775742823.421808746] [move_group]: Calling PlanningRequestAdapter 'CheckStartStateBounds'
[move_group-11] [INFO] [1775742823.421880937] [move_group]: Calling PlanningRequestAdapter 'CheckStartStateCollision'
[move_group-11] [INFO] [1775742823.422827347] [move_group.moveit.moveit.planners.ompl.model_based_planning_context]: Planner configuration 'manipulator' will use planner 'geometric::RRTConnect'. Additional configuration parameters will be set when the planner is constructed.
[move_group-11] [INFO] [1775742823.422982342] [move_group]: Calling Planner 'OMPL'
[move_group-11] [INFO] [1775742823.507156915] [move_group]: Calling PlanningResponseAdapter 'AddTimeOptimalParameterization'
[move_group-11] [INFO] [1775742823.533584619] [move_group]: Calling PlanningResponseAdapter 'ValidateSolution'
[move_group-11] [INFO] [1775742823.538416065] [move_group]: Calling PlanningResponseAdapter 'DisplayMotionPath'
[move_group-11] [WARN] [1775742823.538810802] [move_group.moveit.moveit.ros.planning_pipeline]: The planner plugin did not fill out the 'planner_id' field of the MotionPlanResponse. Setting it to the planner ID name of the MotionPlanRequest assuming that the planner plugin does warn you if it does not use the requested planner.
[move_group-11] [INFO] [1775742823.539255835] [move_group.moveit.moveit.plugins.simple_controller_manager]: Returned 2 controllers in list
[move_group-11] [INFO] [1775742823.539529897] [move_group.moveit.moveit.plugins.simple_controller_manager]: Returned 2 controllers in list
[move_group-11] [INFO] [1775742823.539678638] [move_group.moveit.moveit.ros.trajectory_execution_manager]: Validating trajectory with allowed_start_tolerance 0.01
[move_group-11] [INFO] [1775742823.543352114] [move_group.moveit.moveit.ros.trajectory_execution_manager]: Starting trajectory execution ...
[move_group-11] [INFO] [1775742823.543455880] [move_group.moveit.moveit.plugins.simple_controller_manager]: Returned 2 controllers in list
[move_group-11] [INFO] [1775742823.543676898] [move_group.moveit.moveit.plugins.simple_controller_manager]: Returned 2 controllers in list
[move_group-11] [INFO] [1775742823.544199277] [moveit.simple_controller_manager.follow_joint_trajectory_controller_handle]: sending trajectory to joint_trajectory_controller
[ros2_control_node-1] [INFO] [1775742823.544929241] [joint_trajectory_controller]: Received new action goal
[ros2_control_node-1] [INFO] [1775742823.545146349] [joint_trajectory_controller]: Accepted new action goal
[move_group-11] [INFO] [1775742823.546532328] [moveit.simple_controller_manager.follow_joint_trajectory_controller_handle]: joint_trajectory_controller started execution
[move_group-11] [INFO] [1775742823.546558762] [moveit.simple_controller_manager.follow_joint_trajectory_controller_handle]: Goal request accepted!
[joint_state_sanitizer-3] [WARN] [1775742828.036093868] [joint_state_sanitizer_node]: [joint_state_sanitizer] Published sanitized joint state: joint_5:+3.136->+3.132
[joint_state_sanitizer-3] [WARN] [1775742833.055559543] [joint_state_sanitizer_node]: [joint_state_sanitizer] Published sanitized joint state: joint_5:+3.141->+3.132
[ros2_control_node-1] [INFO] [1775742833.932648058] [joint_trajectory_controller]: Goal reached, success!
[move_group-11] [INFO] [1775742833.946554685] [moveit.simple_controller_manager.follow_joint_trajectory_controller_handle]: Controller 'joint_trajectory_controller' successfully finished
[move_group-11] [INFO] [1775742833.979391158] [move_group.moveit.moveit.ros.trajectory_execution_manager]: Completed trajectory execution with status SUCCEEDED ...
[move_group-11] [INFO] [1775742833.983861128] [move_group.moveit.moveit.ros.move_group.move_action]: Solution was found and executed.
[move_group-11] [ERROR] [1775742834.139222487] [move_group.moveit.moveit.core.conversions]: Found empty JointState message
[move_group-11] [INFO] [1775742834.150977542] [move_group.moveit.moveit.ros.move_group.move_action]: MoveGroupMoveAction: Received request
[move_group-11] [INFO] [1775742834.151348641] [move_group.moveit.moveit.ros.move_group.move_action]: executing..
[move_group-11] [INFO] [1775742834.160304763] [move_group.moveit.moveit.ros.move_group.move_action]: Combined planning and execution request received for MoveGroup action. Forwarding to planning and execution pipeline.
[move_group-11] [WARN] [1775742834.160433271] [move_group.moveit.moveit.ros.move_group.capability]: Execution of motions should always start at the robot's current state. Ignoring the state supplied as start state in the motion planning request
[move_group-11] [WARN] [1775742834.160502524] [move_group.moveit.moveit.ros.move_group.capability]: Execution of motions should always start at the robot's current state. Ignoring the state supplied as difference in the planning scene diff
[move_group-11] [INFO] [1775742834.160537302] [move_group.moveit.moveit.ros.plan_execution]: Planning attempt 1 of at most 1
[move_group-11] [INFO] [1775742834.161059617] [move_group]: Calling PlanningRequestAdapter 'ResolveConstraintFrames'
[move_group-11] [INFO] [1775742834.161152982] [move_group]: Calling PlanningRequestAdapter 'ValidateWorkspaceBounds'
[move_group-11] [INFO] [1775742834.161218214] [move_group]: Calling PlanningRequestAdapter 'CheckStartStateBounds'
[move_group-11] [INFO] [1775742834.161329937] [move_group]: Calling PlanningRequestAdapter 'CheckStartStateCollision'
[move_group-11] [INFO] [1775742834.162154101] [move_group.moveit.moveit.planners.ompl.model_based_planning_context]: Planner configuration 'manipulator' will use planner 'geometric::RRTConnect'. Additional configuration parameters will be set when the planner is constructed.
[move_group-11] [INFO] [1775742834.162333204] [move_group]: Calling Planner 'OMPL'
[move_group-11] [INFO] [1775742834.237139475] [move_group]: Calling PlanningResponseAdapter 'AddTimeOptimalParameterization'
[move_group-11] [INFO] [1775742834.241451125] [move_group]: Calling PlanningResponseAdapter 'ValidateSolution'
[move_group-11] [INFO] [1775742834.242881779] [move_group]: Calling PlanningResponseAdapter 'DisplayMotionPath'
[move_group-11] [WARN] [1775742834.243090290] [move_group.moveit.moveit.ros.planning_pipeline]: The planner plugin did not fill out the 'planner_id' field of the MotionPlanResponse. Setting it to the planner ID name of the MotionPlanRequest assuming that the planner plugin does warn you if it does not use the requested planner.
[move_group-11] [INFO] [1775742834.243373911] [move_group.moveit.moveit.plugins.simple_controller_manager]: Returned 2 controllers in list
[move_group-11] [INFO] [1775742834.243421601] [move_group.moveit.moveit.plugins.simple_controller_manager]: Returned 2 controllers in list
[move_group-11] [INFO] [1775742834.243532404] [move_group.moveit.moveit.ros.trajectory_execution_manager]: Validating trajectory with allowed_start_tolerance 0.01
[move_group-11] [INFO] [1775742834.259260909] [move_group.moveit.moveit.ros.trajectory_execution_manager]: Starting trajectory execution ...
[move_group-11] [INFO] [1775742834.259365632] [move_group.moveit.moveit.plugins.simple_controller_manager]: Returned 2 controllers in list
[move_group-11] [INFO] [1775742834.259421526] [move_group.moveit.moveit.plugins.simple_controller_manager]: Returned 2 controllers in list
[move_group-11] [INFO] [1775742834.259659857] [moveit.simple_controller_manager.follow_joint_trajectory_controller_handle]: sending trajectory to joint_trajectory_controller
[ros2_control_node-1] [INFO] [1775742834.260134071] [joint_trajectory_controller]: Received new action goal
[ros2_control_node-1] [INFO] [1775742834.260216646] [joint_trajectory_controller]: Accepted new action goal
[move_group-11] [INFO] [1775742834.261103993] [moveit.simple_controller_manager.follow_joint_trajectory_controller_handle]: joint_trajectory_controller started execution
[move_group-11] [INFO] [1775742834.261123126] [moveit.simple_controller_manager.follow_joint_trajectory_controller_handle]: Goal request accepted!
[ros2_control_node-1] [INFO] [1775742837.292527191] [joint_trajectory_controller]: Goal reached, success!
[move_group-11] [INFO] [1775742837.361197657] [moveit.simple_controller_manager.follow_joint_trajectory_controller_handle]: Controller 'joint_trajectory_controller' successfully finished
[move_group-11] [INFO] [1775742837.382236273] [move_group.moveit.moveit.ros.trajectory_execution_manager]: Completed trajectory execution with status SUCCEEDED ...
[move_group-11] [INFO] [1775742837.389514539] [move_group.moveit.moveit.ros.move_group.move_action]: Solution was found and executed.
[move_group-11] [INFO] [1775742837.498076555] [move_group.moveit.moveit.ros.move_group.cartesian_path_service_capability]: Received request to compute Cartesian path
[move_group-11] [INFO] [1775742837.498215635] [move_group.moveit.moveit.ros.move_group.cartesian_path_service_capability]: Attempting to follow 1 waypoints for link 'end_effector_link' using a step of 0.005000 m and jump threshold 0.000000 (in global reference frame)
[move_group-11] [INFO] [1775742837.566160664] [move_group.moveit.moveit.ros.move_group.cartesian_path_service_capability]: Computed Cartesian path with 99 points (followed 100.000000% of requested trajectory)
[move_group-11] [INFO] [1775742837.592142702] [move_group.moveit.moveit.ros.move_group.clear_octomap_service]: Execution request received
[move_group-11] [INFO] [1775742837.592245289] [move_group.moveit.moveit.plugins.simple_controller_manager]: Returned 2 controllers in list
[move_group-11] [INFO] [1775742837.592284015] [move_group.moveit.moveit.plugins.simple_controller_manager]: Returned 2 controllers in list
[move_group-11] [INFO] [1775742837.592516387] [move_group.moveit.moveit.ros.trajectory_execution_manager]: Validating trajectory with allowed_start_tolerance 0.01
[move_group-11] [INFO] [1775742837.599420635] [move_group.moveit.moveit.ros.trajectory_execution_manager]: Starting trajectory execution ...
[move_group-11] [INFO] [1775742837.599523562] [move_group.moveit.moveit.plugins.simple_controller_manager]: Returned 2 controllers in list
[move_group-11] [INFO] [1775742837.599584501] [move_group.moveit.moveit.plugins.simple_controller_manager]: Returned 2 controllers in list
[move_group-11] [INFO] [1775742837.599836580] [moveit.simple_controller_manager.follow_joint_trajectory_controller_handle]: sending trajectory to joint_trajectory_controller
[ros2_control_node-1] [INFO] [1775742837.600443623] [joint_trajectory_controller]: Received new action goal
[ros2_control_node-1] [INFO] [1775742837.600575062] [joint_trajectory_controller]: Accepted new action goal
[move_group-11] [INFO] [1775742837.600928785] [moveit.simple_controller_manager.follow_joint_trajectory_controller_handle]: joint_trajectory_controller started execution
[move_group-11] [INFO] [1775742837.600952213] [moveit.simple_controller_manager.follow_joint_trajectory_controller_handle]: Goal request accepted!
[ros2_control_node-1] [INFO] [1775742844.192607408] [joint_trajectory_controller]: Goal reached, success!
[move_group-11] [INFO] [1775742844.203254194] [moveit.simple_controller_manager.follow_joint_trajectory_controller_handle]: Controller 'joint_trajectory_controller' successfully finished
[move_group-11] [INFO] [1775742844.239301344] [move_group.moveit.moveit.ros.trajectory_execution_manager]: Completed trajectory execution with status SUCCEEDED ...
[move_group-11] [INFO] [1775742844.239469949] [move_group.moveit.moveit.ros.move_group.clear_octomap_service]: Execution completed: SUCCEEDED
[move_group-11] [INFO] [1775742845.269504288] [move_group.moveit.moveit.ros.move_group.cartesian_path_service_capability]: Received request to compute Cartesian path
[move_group-11] [INFO] [1775742845.269716983] [move_group.moveit.moveit.ros.move_group.cartesian_path_service_capability]: Attempting to follow 1 waypoints for link 'end_effector_link' using a step of 0.010000 m and jump threshold 0.000000 (in global reference frame)
[move_group-11] [INFO] [1775742845.281416121] [move_group.moveit.moveit.ros.move_group.cartesian_path_service_capability]: Computed Cartesian path with 16 points (followed 100.000000% of requested trajectory)
[move_group-11] [INFO] [1775742845.292541514] [move_group.moveit.moveit.ros.move_group.clear_octomap_service]: Execution request received
[move_group-11] [INFO] [1775742845.292663450] [move_group.moveit.moveit.plugins.simple_controller_manager]: Returned 2 controllers in list
[move_group-11] [INFO] [1775742845.292725654] [move_group.moveit.moveit.plugins.simple_controller_manager]: Returned 2 controllers in list
[move_group-11] [INFO] [1775742845.292910716] [move_group.moveit.moveit.ros.trajectory_execution_manager]: Validating trajectory with allowed_start_tolerance 0.01
[move_group-11] [INFO] [1775742845.300024429] [move_group.moveit.moveit.ros.trajectory_execution_manager]: Starting trajectory execution ...
[move_group-11] [INFO] [1775742845.300153762] [move_group.moveit.moveit.plugins.simple_controller_manager]: Returned 2 controllers in list
[move_group-11] [INFO] [1775742845.300239131] [move_group.moveit.moveit.plugins.simple_controller_manager]: Returned 2 controllers in list
[move_group-11] [INFO] [1775742845.300554376] [moveit.simple_controller_manager.follow_joint_trajectory_controller_handle]: sending trajectory to joint_trajectory_controller
[ros2_control_node-1] [INFO] [1775742845.301358646] [joint_trajectory_controller]: Received new action goal
[ros2_control_node-1] [INFO] [1775742845.301572020] [joint_trajectory_controller]: Accepted new action goal
[move_group-11] [INFO] [1775742845.302911800] [moveit.simple_controller_manager.follow_joint_trajectory_controller_handle]: joint_trajectory_controller started execution
[move_group-11] [INFO] [1775742845.302944572] [moveit.simple_controller_manager.follow_joint_trajectory_controller_handle]: Goal request accepted!
[ros2_control_node-1] [INFO] [1775742847.032538754] [joint_trajectory_controller]: Goal reached, success!
[move_group-11] [INFO] [1775742847.102633603] [moveit.simple_controller_manager.follow_joint_trajectory_controller_handle]: Controller 'joint_trajectory_controller' successfully finished
[move_group-11] [INFO] [1775742847.139428582] [move_group.moveit.moveit.ros.trajectory_execution_manager]: Completed trajectory execution with status SUCCEEDED ...
[move_group-11] [INFO] [1775742847.139543157] [move_group.moveit.moveit.ros.move_group.clear_octomap_service]: Execution completed: SUCCEEDED
[ros2_control_node-1] [INFO] [1775742847.250773258] [robotiq_gripper_controller]: Received & accepted new action goal
[move_group-11] [WARN] [1775742848.363726928] [move_group.moveit.moveit.core.planning_scene]: Tried to remove world object 'obj_4', but it does not exist in this scene.
[move_group-11] [WARN] [1775742848.363785147] [move_group.moveit.moveit.core.planning_scene]: Tried to remove world object 'placed_4', but it does not exist in this scene.
[rviz2-12] [WARN] [1775742848.363954222] [rviz2_moveit.moveit.core.planning_scene]: Tried to remove world object 'obj_4', but it does not exist in this scene.
[rviz2-12] [WARN] [1775742848.364052285] [rviz2_moveit.moveit.core.planning_scene]: Tried to remove world object 'placed_4', but it does not exist in this scene.
[move_group-11] [WARN] [1775742848.364433448] [move_group.moveit.moveit.core.planning_scene]: Tried to remove world object 'obj_4', but it does not exist in this scene.
[move_group-11] [WARN] [1775742848.364481944] [move_group.moveit.moveit.core.planning_scene]: Tried to remove world object 'placed_4', but it does not exist in this scene.
[move_group-11] [INFO] [1775742848.373343962] [move_group.moveit.moveit.ros.move_group.cartesian_path_service_capability]: Received request to compute Cartesian path
[move_group-11] [INFO] [1775742848.373493915] [move_group.moveit.moveit.ros.move_group.cartesian_path_service_capability]: Attempting to follow 1 waypoints for link 'end_effector_link' using a step of 0.010000 m and jump threshold 0.000000 (in global reference frame)
[move_group-11] [INFO] [1775742848.378646173] [move_group.moveit.moveit.ros.move_group.cartesian_path_service_capability]: Computed Cartesian path with 17 points (followed 100.000000% of requested trajectory)
[move_group-11] [INFO] [1775742848.385442906] [move_group.moveit.moveit.ros.move_group.clear_octomap_service]: Execution request received
[move_group-11] [INFO] [1775742848.385506010] [move_group.moveit.moveit.plugins.simple_controller_manager]: Returned 2 controllers in list
[move_group-11] [INFO] [1775742848.385549324] [move_group.moveit.moveit.plugins.simple_controller_manager]: Returned 2 controllers in list
[move_group-11] [INFO] [1775742848.385637819] [move_group.moveit.moveit.ros.trajectory_execution_manager]: Validating trajectory with allowed_start_tolerance 0.01
[move_group-11] [INFO] [1775742848.399661004] [move_group.moveit.moveit.ros.trajectory_execution_manager]: Starting trajectory execution ...
[move_group-11] [INFO] [1775742848.399743798] [move_group.moveit.moveit.plugins.simple_controller_manager]: Returned 2 controllers in list
[move_group-11] [INFO] [1775742848.399790384] [move_group.moveit.moveit.plugins.simple_controller_manager]: Returned 2 controllers in list
[move_group-11] [INFO] [1775742848.400007369] [moveit.simple_controller_manager.follow_joint_trajectory_controller_handle]: sending trajectory to joint_trajectory_controller
[ros2_control_node-1] [INFO] [1775742848.400382430] [joint_trajectory_controller]: Received new action goal
[ros2_control_node-1] [INFO] [1775742848.400442944] [joint_trajectory_controller]: Accepted new action goal
[move_group-11] [INFO] [1775742848.400722957] [moveit.simple_controller_manager.follow_joint_trajectory_controller_handle]: joint_trajectory_controller started execution
[move_group-11] [INFO] [1775742848.400740775] [moveit.simple_controller_manager.follow_joint_trajectory_controller_handle]: Goal request accepted!
[ros2_control_node-1] [INFO] [1775742850.132545680] [joint_trajectory_controller]: Goal reached, success!
[move_group-11] [INFO] [1775742850.201154538] [moveit.simple_controller_manager.follow_joint_trajectory_controller_handle]: Controller 'joint_trajectory_controller' successfully finished
[move_group-11] [INFO] [1775742850.222473051] [move_group.moveit.moveit.ros.trajectory_execution_manager]: Completed trajectory execution with status SUCCEEDED ...
[move_group-11] [INFO] [1775742850.222603557] [move_group.moveit.moveit.ros.move_group.clear_octomap_service]: Execution completed: SUCCEEDED
[move_group-11] [INFO] [1775742850.330193762] [move_group.moveit.moveit.ros.move_group.cartesian_path_service_capability]: Received request to compute Cartesian path
[move_group-11] [INFO] [1775742850.330321622] [move_group.moveit.moveit.ros.move_group.cartesian_path_service_capability]: Attempting to follow 1 waypoints for link 'end_effector_link' using a step of 0.010000 m and jump threshold 0.000000 (in global reference frame)
[move_group-11] [INFO] [1775742850.330659927] [move_group.moveit.moveit.ros.move_group.cartesian_path_service_capability]: Computed Cartesian path with 2 points (followed 100.000000% of requested trajectory)
[move_group-11] [INFO] [1775742850.334900896] [move_group.moveit.moveit.ros.move_group.clear_octomap_service]: Execution request received
[move_group-11] [INFO] [1775742850.334975551] [move_group.moveit.moveit.plugins.simple_controller_manager]: Returned 2 controllers in list
[move_group-11] [INFO] [1775742850.335008310] [move_group.moveit.moveit.plugins.simple_controller_manager]: Returned 2 controllers in list
[move_group-11] [INFO] [1775742850.335079667] [move_group.moveit.moveit.ros.trajectory_execution_manager]: Validating trajectory with allowed_start_tolerance 0.01
[move_group-11] [INFO] [1775742850.339177163] [move_group.moveit.moveit.ros.trajectory_execution_manager]: Starting trajectory execution ...
[move_group-11] [INFO] [1775742850.339238990] [move_group.moveit.moveit.plugins.simple_controller_manager]: Returned 2 controllers in list
[move_group-11] [INFO] [1775742850.339278716] [move_group.moveit.moveit.plugins.simple_controller_manager]: Returned 2 controllers in list
[move_group-11] [INFO] [1775742850.339478398] [moveit.simple_controller_manager.follow_joint_trajectory_controller_handle]: sending trajectory to joint_trajectory_controller
[ros2_control_node-1] [INFO] [1775742850.339781090] [joint_trajectory_controller]: Received new action goal
[ros2_control_node-1] [INFO] [1775742850.339836481] [joint_trajectory_controller]: Accepted new action goal
[move_group-11] [INFO] [1775742850.340352457] [moveit.simple_controller_manager.follow_joint_trajectory_controller_handle]: joint_trajectory_controller started execution
[move_group-11] [INFO] [1775742850.340367303] [moveit.simple_controller_manager.follow_joint_trajectory_controller_handle]: Goal request accepted!
[ros2_control_node-1] [INFO] [1775742850.352542090] [joint_trajectory_controller]: Goal reached, success!
[move_group-11] [INFO] [1775742850.440547805] [moveit.simple_controller_manager.follow_joint_trajectory_controller_handle]: Controller 'joint_trajectory_controller' successfully finished
[move_group-11] [INFO] [1775742850.462022346] [move_group.moveit.moveit.ros.trajectory_execution_manager]: Completed trajectory execution with status SUCCEEDED ...
[move_group-11] [INFO] [1775742850.462226092] [move_group.moveit.moveit.ros.move_group.clear_octomap_service]: Execution completed: SUCCEEDED
[ros2_control_node-1] [INFO] [1775742850.569094695] [joint_trajectory_controller]: Received new action goal
[ros2_control_node-1] [INFO] [1775742850.569136167] [joint_trajectory_controller]: Accepted new action goal
[ros2_control_node-1] [INFO] [1775742861.817774126] [joint_trajectory_controller]: Got request to cancel goal
[ros2_control_node-1] [INFO] [1775742861.817840688] [joint_trajectory_controller]: Canceling active action goal because cancel callback received.
[ros2_control_node-1] [INFO] [1775742861.889285081] [robotiq_gripper_controller]: Received & accepted new action goal
[ros2_control_node-1] [INFO] [1775742862.110749856] [joint_trajectory_controller]: Received new action goal
[ros2_control_node-1] [INFO] [1775742862.110803389] [joint_trajectory_controller]: Accepted new action goal
[joint_state_sanitizer-3] [WARN] [1775742868.513700504] [joint_state_sanitizer_node]: [joint_state_sanitizer] Published sanitized joint state: joint_3:+3.134->+3.132
[ros2_control_node-1] [INFO] [1775742869.312485264] [joint_trajectory_controller]: Goal reached, success!
[joint_state_sanitizer-3] [WARN] [1775742873.513847983] [joint_state_sanitizer_node]: [joint_state_sanitizer] Published sanitized joint state: joint_3:+3.140->+3.132
[joint_state_sanitizer-3] [WARN] [1775742878.533826692] [joint_state_sanitizer_node]: [joint_state_sanitizer] Published sanitized joint state: joint_3:+3.140->+3.132
[rviz2-12] [INFO] [1775742880.415706110] [rviz2_moveit.moveit.ros.planning_scene_monitor]: Stopping planning scene monitor
[INFO] [rviz2-12]: process has finished cleanly [pid 7961]
[joint_state_sanitizer-3] [WARN] [1775742883.534074875] [joint_state_sanitizer_node]: [joint_state_sanitizer] Published sanitized joint state: joint_3:+3.140->+3.132
