
===== 2026-04-06T17:51:47-04:00 | T1_arm_moveit_rviz =====
cwd=/home/carrt-cse-project/workspace/ros2_kortex_ws
cmd=ros2 launch adl_tasks arm_vbox.launch.py robot_ip:=192.168.0.10 use_fake_hardware:=false vision:=true 

[INFO] [launch]: All log files can be found below /home/carrt-cse-project/.ros/log/2026-04-06-17-51-47-519989-carrt-cse-project-OptiPlex-5050-7804
[INFO] [launch]: Default logging verbosity is set to INFO
[INFO] [launch.user]: [arm_vbox.launch] MoveIt current state source: /joint_states_sanitized. Use use_joint_state_sanitizer:=false for raw-state viewer debugging.
[INFO] [launch.user]: [arm_vbox.launch] Using ADL VBox controller config (share/adl_tasks/config/ros2_controllers_vbox.yaml, update_rate:=125 Hz).
[INFO] [ros2_control_node-1]: process started with pid [7809]
[INFO] [robot_state_publisher-2]: process started with pid [7810]
[INFO] [joint_state_sanitizer-3]: process started with pid [7811]
[INFO] [spawner-4]: process started with pid [7812]
[INFO] [static_transform_publisher-5]: process started with pid [7813]
[INFO] [static_transform_publisher-6]: process started with pid [7814]
[static_transform_publisher-5] [INFO] [1775512307.861634739] [static_transform_publisher]: Spinning until stopped - publishing transform
[static_transform_publisher-5] translation: ('0.000000', '0.000000', '0.000000')
[static_transform_publisher-5] rotation: ('0.000000', '0.000000', '0.000000', '1.000000')
[static_transform_publisher-5] from 'world' to 'base_link'
[static_transform_publisher-6] [INFO] [1775512307.861634780] [camera_color_optical_bridge_tf_pub]: Spinning until stopped - publishing transform
[static_transform_publisher-6] translation: ('0.000000', '0.000000', '0.000000')
[static_transform_publisher-6] rotation: ('0.000000', '0.000000', '0.000000', '1.000000')
[static_transform_publisher-6] from 'camera_color_frame' to 'wrist_mounted_camera_color_optical_frame'
[robot_state_publisher-2] [INFO] [1775512307.875876365] [robot_state_publisher]: Robot initialized
[ros2_control_node-1] [INFO] [1775512307.925948243] [controller_manager]: Using Steady (Monotonic) clock for triggering controller manager cycles.
[ros2_control_node-1] [INFO] [1775512307.953598421] [controller_manager]: Subscribing to '/robot_description' topic for robot description.
[ros2_control_node-1] [INFO] [1775512307.958292104] [controller_manager]: update rate is 125 Hz
[ros2_control_node-1] [INFO] [1775512307.958320064] [controller_manager]: Overruns handling is : enabled
[ros2_control_node-1] [INFO] [1775512307.958332890] [controller_manager]: Spawning controller_manager RT thread with scheduler priority: 50
[ros2_control_node-1] [INFO] [1775512307.958413607] [controller_manager]: Successful set up FIFO RT scheduling policy with priority 50.
[ros2_control_node-1] [INFO] [1775512308.192349866] [controller_manager]: Received robot description from topic.
[ros2_control_node-1] [INFO] [1775512308.192412803] [controller_manager]: Enforcing command limits is disabled. Command limits from URDF will be ignored.
[ros2_control_node-1] [INFO] [1775512308.201034919] [controller_manager]: Loading hardware 'KortexMultiInterfaceHardware' 
[ros2_control_node-1] [INFO] [1775512308.227399122] [KortexMultiInterfaceHardware]: Setting severity threshold to DEBUG
[ros2_control_node-1] [INFO] [1775512308.227472199] [controller_manager]: Loaded hardware 'KortexMultiInterfaceHardware' from plugin 'kortex_driver/KortexMultiInterfaceHardware'
[ros2_control_node-1] [INFO] [1775512308.228082745] [controller_manager]: Initialize hardware 'KortexMultiInterfaceHardware' 
[ros2_control_node-1] [INFO] [1775512308.238953659] [KortexMultiInterfaceHardware]: Configuring Hardware Interface
[ros2_control_node-1] [INFO] [1775512308.239661362] [KortexMultiInterfaceHardware]: Robot ip is '192.168.0.10'
[ros2_control_node-1] [INFO] [1775512308.239672756] [KortexMultiInterfaceHardware]: Username is 'admin'
[ros2_control_node-1] [INFO] [1775512308.239681883] [KortexMultiInterfaceHardware]: Port used '10000'
[ros2_control_node-1] [INFO] [1775512308.239685549] [KortexMultiInterfaceHardware]: Realtime port used '10001'
[ros2_control_node-1] [INFO] [1775512308.239688929] [KortexMultiInterfaceHardware]: Session inactivity timeout is '60000'
[ros2_control_node-1] [INFO] [1775512308.239692605] [KortexMultiInterfaceHardware]: Connection inactivity timeout is '2000'
[ros2_control_node-1] [INFO] [1775512308.239697046] [KortexMultiInterfaceHardware]: Gripper joint name is 'robotiq_85_left_knuckle_joint'
[ros2_control_node-1] [INFO] [1775512308.239831895] [KortexMultiInterfaceHardware]: Connecting to robot at 192.168.0.10
[ros2_control_node-1] [INFO] [1775512308.246039952] [KortexMultiInterfaceHardware]: Creating session for communication
[spawner-4] [INFO] [1775512308.265338088] [spawner_joint_state_broadcaster]: waiting for service /controller_manager/list_controllers to become available...
[joint_state_sanitizer-3] [INFO] [1775512308.331183203] [joint_state_sanitizer_node]: joint_state_sanitizer started. raw=/joint_states -> sanitized=/joint_states_sanitized
[ros2_control_node-1] [INFO] [1775512308.501346413] [KortexMultiInterfaceHardware]: Session created
[ros2_control_node-1] [INFO] [1775512309.200508982] [KortexMultiInterfaceHardware]: Actuator count reported by robot is '7'
[ros2_control_node-1] [INFO] [1775512309.200792959] [KortexMultiInterfaceHardware]: Using internal bus communication for gripper!
[ros2_control_node-1] [INFO] [1775512309.200816773] [KortexMultiInterfaceHardware]: Hardware Interface successfully configured
[ros2_control_node-1] [INFO] [1775512309.200897809] [controller_manager]: Successful initialization of hardware 'KortexMultiInterfaceHardware'
[ros2_control_node-1] [DEBUG] [1775512309.200946849] [KortexMultiInterfaceHardware]: export_state_interfaces for joint: joint_1
[ros2_control_node-1] [DEBUG] [1775512309.200966172] [KortexMultiInterfaceHardware]: export_state_interfaces for joint: joint_2
[ros2_control_node-1] [DEBUG] [1775512309.200969677] [KortexMultiInterfaceHardware]: export_state_interfaces for joint: joint_3
[ros2_control_node-1] [DEBUG] [1775512309.200972241] [KortexMultiInterfaceHardware]: export_state_interfaces for joint: joint_4
[ros2_control_node-1] [DEBUG] [1775512309.200974622] [KortexMultiInterfaceHardware]: export_state_interfaces for joint: joint_5
[ros2_control_node-1] [DEBUG] [1775512309.200977323] [KortexMultiInterfaceHardware]: export_state_interfaces for joint: joint_6
[ros2_control_node-1] [DEBUG] [1775512309.200979640] [KortexMultiInterfaceHardware]: export_state_interfaces for joint: joint_7
[ros2_control_node-1] [DEBUG] [1775512309.200996972] [KortexMultiInterfaceHardware]: export_state_interfaces for joint: robotiq_85_left_knuckle_joint
[ros2_control_node-1] [INFO] [1775512309.203607654] [resource_manager]: 'configure' hardware 'KortexMultiInterfaceHardware' 
[ros2_control_node-1] [INFO] [1775512309.203648534] [resource_manager]: Successful 'configure' of hardware 'KortexMultiInterfaceHardware'
[ros2_control_node-1] [INFO] [1775512309.203767845] [resource_manager]: 'activate' hardware 'KortexMultiInterfaceHardware' 
[ros2_control_node-1] [INFO] [1775512309.203807949] [KortexMultiInterfaceHardware]: Activating KortexMultiInterfaceHardware...
[ros2_control_node-1] [INFO] [1775512309.208003956] [KortexMultiInterfaceHardware]: Gripper initial position is '0.873365'.
[ros2_control_node-1] [INFO] [1775512309.212532566] [KortexMultiInterfaceHardware]: KortexMultiInterfaceHardware successfully activated!
[ros2_control_node-1] [INFO] [1775512309.212613992] [resource_manager]: Successful 'activate' of hardware 'KortexMultiInterfaceHardware'
[ros2_control_node-1] [INFO] [1775512309.212930907] [controller_manager]: Registering statistics for : KortexMultiInterfaceHardware
[ros2_control_node-1] [INFO] [1775512309.213131782] [controller_manager]: Resource Manager has been successfully initialized. Starting Controller Manager services...
[ros2_control_node-1] [WARN] [1775512309.223441619] [controller_manager]: Overrun might occur, Total time : 8879.627 us (Expected < 8000.000 us) --> Read time : 4474.117 us, Update time : 32.929 us, Write time : 4372.581 us
[ros2_control_node-1] [WARN] [1775512309.223532646] [controller_manager]: Overrun detected! The controller manager missed its desired rate of 125 Hz. The loop took 9.004439 ms (missed cycles : 2).
[ros2_control_node-1] [INFO] [1775512309.268827598] [controller_manager]: Loading controller : 'joint_state_broadcaster' of type 'joint_state_broadcaster/JointStateBroadcaster'
[ros2_control_node-1] [INFO] [1775512309.268870286] [controller_manager]: Loading controller 'joint_state_broadcaster'
[ros2_control_node-1] [INFO] [1775512309.285771743] [controller_manager]: Controller 'joint_state_broadcaster' node arguments: --ros-args --params-file /home/carrt-cse-project/workspace/ros2_kortex_ws/install/adl_tasks/share/adl_tasks/config/ros2_controllers_vbox.yaml --params-file /tmp/launch_params_h20j1re6 
[spawner-4] [INFO] [1775512309.304694311] [spawner_joint_state_broadcaster]: Loaded joint_state_broadcaster
[ros2_control_node-1] [INFO] [1775512309.306285505] [controller_manager]: Configuring controller: 'joint_state_broadcaster'
[ros2_control_node-1] [INFO] [1775512309.306593009] [joint_state_broadcaster]: 'joints' or 'interfaces' parameter is empty. All available state interfaces will be published
[ros2_control_node-1] [INFO] [1775512309.336819933] [controller_manager]: Activating controllers: [ joint_state_broadcaster ]
[ros2_control_node-1] [INFO] [1775512309.343527539] [controller_manager]: Successfully switched controllers!
[joint_state_sanitizer-3] [WARN] [1775512309.352129861] [joint_state_sanitizer_node]: [joint_state_sanitizer] Published sanitized joint state: joint_3:+3.142->+3.132
[spawner-4] [INFO] [1775512309.352850164] [spawner_joint_state_broadcaster]: Configured and activated joint_state_broadcaster
[INFO] [spawner-4]: process has finished cleanly [pid 7812]
[INFO] [spawner-7]: process started with pid [7923]
[INFO] [spawner-8]: process started with pid [7924]
[INFO] [spawner-9]: process started with pid [7925]
[INFO] [spawner-10]: process started with pid [7926]
[spawner-9] [INFO] [1775512310.470113395] [spawner_robotiq_gripper_controller]: waiting for service /controller_manager/list_controllers to become available...
[ros2_control_node-1] [INFO] [1775512310.722121536] [controller_manager]: Loading controller : 'robotiq_gripper_controller' of type 'position_controllers/GripperActionController'
[ros2_control_node-1] [INFO] [1775512310.722147760] [controller_manager]: Loading controller 'robotiq_gripper_controller'
[ros2_control_node-1] [INFO] [1775512310.738537506] [controller_manager]: Controller 'robotiq_gripper_controller' node arguments: --ros-args --params-file /home/carrt-cse-project/workspace/ros2_kortex_ws/install/adl_tasks/share/adl_tasks/config/ros2_controllers_vbox.yaml --params-file /tmp/launch_params_h20j1re6 
[ros2_control_node-1] [WARN] [1775512310.747646092] [robotiq_gripper_controller]: [Deprecated]: the `position_controllers/GripperActionController` and `effort_controllers::GripperActionController` controllers are replaced by 'parallel_gripper_controllers/GripperActionController' controller
[spawner-9] [INFO] [1775512310.752226881] [spawner_robotiq_gripper_controller]: Loaded robotiq_gripper_controller
[ros2_control_node-1] [INFO] [1775512310.753379757] [controller_manager]: Configuring controller: 'robotiq_gripper_controller'
[ros2_control_node-1] [INFO] [1775512310.753481716] [robotiq_gripper_controller]: Action status changes will be monitored at 20.000000 Hz.
[ros2_control_node-1] [INFO] [1775512310.760190458] [controller_manager]: Activating controllers: [ robotiq_gripper_controller ]
[ros2_control_node-1] [INFO] [1775512310.979007779] [controller_manager]: Successfully switched controllers!
[ros2_control_node-1] [WARN] [1775512310.982520646] [controller_manager]: Overrun might occur, Total time : 15967.308 us (Expected < 8000.000 us) --> Read time : 43.447 us, Update time : 12394.374 us (Switch time : 12318.621 us (Switch chained mode time : 0.789 us, perform mode change time : 21.174 us, Activation time : 12291.074 us, Deactivation time : 0.563 us)), Write time : 3529.487 us
[ros2_control_node-1] [WARN] [1775512310.982601132] [controller_manager]: Overrun detected! The controller manager missed its desired rate of 125 Hz. The loop took 16.073212 ms (missed cycles : 3).
[spawner-9] [INFO] [1775512310.992546130] [spawner_robotiq_gripper_controller]: Configured and activated robotiq_gripper_controller
[spawner-7] [INFO] [1775512311.111488338] [spawner_joint_trajectory_controller]: waiting for service /controller_manager/list_controllers to become available...
[INFO] [spawner-9]: process has finished cleanly [pid 7925]
[ros2_control_node-1] [INFO] [1775512311.363467436] [controller_manager]: Loading controller : 'joint_trajectory_controller' of type 'joint_trajectory_controller/JointTrajectoryController'
[ros2_control_node-1] [INFO] [1775512311.363498229] [controller_manager]: Loading controller 'joint_trajectory_controller'
[ros2_control_node-1] [INFO] [1775512311.383994589] [controller_manager]: Controller 'joint_trajectory_controller' node arguments: --ros-args --params-file /home/carrt-cse-project/workspace/ros2_kortex_ws/install/adl_tasks/share/adl_tasks/config/ros2_controllers_vbox.yaml --params-file /tmp/launch_params_h20j1re6 
[spawner-7] [INFO] [1775512311.416031049] [spawner_joint_trajectory_controller]: Loaded joint_trajectory_controller
[ros2_control_node-1] [INFO] [1775512311.417018780] [controller_manager]: Configuring controller: 'joint_trajectory_controller'
[ros2_control_node-1] [INFO] [1775512311.417792415] [joint_trajectory_controller]: No specific joint names are used for command interfaces. Using 'joints' parameter.
[ros2_control_node-1] [INFO] [1775512311.417996540] [joint_trajectory_controller]: Command interfaces are [position] and state interfaces are [position velocity].
[ros2_control_node-1] [INFO] [1775512311.418201182] [joint_trajectory_controller]: Using 'splines' interpolation method.
[ros2_control_node-1] [INFO] [1775512311.423075134] [joint_trajectory_controller]: Action status changes will be monitored at 20.00 Hz.
[ros2_control_node-1] [INFO] [1775512311.440380821] [controller_manager]: Activating controllers: [ joint_trajectory_controller ]
[ros2_control_node-1] [INFO] [1775512311.678266245] [controller_manager]: Successfully switched controllers!
[spawner-7] [INFO] [1775512311.688478770] [spawner_joint_trajectory_controller]: Configured and activated joint_trajectory_controller
[spawner-10] [INFO] [1775512311.776029925] [spawner_fault_controller]: waiting for service /controller_manager/list_controllers to become available...
[INFO] [spawner-7]: process has finished cleanly [pid 7923]
[ros2_control_node-1] [INFO] [1775512312.027960013] [controller_manager]: Loading controller : 'fault_controller' of type 'picknik_reset_fault_controller/PicknikResetFaultController'
[ros2_control_node-1] [INFO] [1775512312.027996708] [controller_manager]: Loading controller 'fault_controller'
[ros2_control_node-1] [INFO] [1775512312.042670097] [controller_manager]: Controller 'fault_controller' node arguments: --ros-args --params-file /home/carrt-cse-project/workspace/ros2_kortex_ws/install/adl_tasks/share/adl_tasks/config/ros2_controllers_vbox.yaml --params-file /tmp/launch_params_h20j1re6 
[spawner-10] [INFO] [1775512312.056598739] [spawner_fault_controller]: Loaded fault_controller
[ros2_control_node-1] [INFO] [1775512312.058219375] [controller_manager]: Configuring controller: 'fault_controller'
[ros2_control_node-1] [INFO] [1775512312.064082863] [controller_manager]: Activating controllers: [ fault_controller ]
[ros2_control_node-1] [INFO] [1775512312.282474338] [controller_manager]: Successfully switched controllers!
[ros2_control_node-1] [WARN] [1775512312.285961282] [controller_manager]: Overrun might occur, Total time : 15300.991 us (Expected < 8000.000 us) --> Read time : 14.818 us, Update time : 11752.098 us (Switch time : 11649.877 us (Switch chained mode time : 1.025 us, perform mode change time : 13.179 us, Activation time : 11618.340 us, Deactivation time : 0.472 us)), Write time : 3534.075 us
[ros2_control_node-1] [WARN] [1775512312.286039650] [controller_manager]: Overrun detected! The controller manager missed its desired rate of 125 Hz. The loop took 15.512164 ms (missed cycles : 2).
[spawner-10] [INFO] [1775512312.288281624] [spawner_fault_controller]: Configured and activated fault_controller
[spawner-8] [INFO] [1775512312.441411907] [spawner_twist_controller]: waiting for service /controller_manager/list_controllers to become available...
[INFO] [spawner-10]: process has finished cleanly [pid 7926]
[INFO] [move_group-11]: process started with pid [7989]
[INFO] [rviz2-12]: process started with pid [7990]
[move_group-11] [INFO] [1775512313.090087934] [move_group.moveit.moveit.ros.rdf_loader]: Loaded robot model in 0.00691694 seconds
[move_group-11] [INFO] [1775512313.090217501] [move_group.moveit.moveit.core.robot_model]: Loading robot model 'gen3'...
[move_group-11] [INFO] [1775512313.090231777] [move_group.moveit.moveit.core.robot_model]: No root/virtual joint specified in SRDF. Assuming fixed joint
[ros2_control_node-1] [INFO] [1775512313.185171898] [controller_manager]: Received robot description from topic.
[ros2_control_node-1] [WARN] [1775512313.185213793] [controller_manager]: ResourceManager has already loaded a urdf. Ignoring attempt to reload a robot description.
[move_group-11] [INFO] [1775512313.236724390] [move_group.moveit.moveit.kinematics.kdl_kinematics_plugin]: Joint weights for group 'manipulator': 1 1 1 1 1 1 1
[rviz2-12] [INFO] [1775512313.404045042] [rviz2]: Stereo is NOT SUPPORTED
[rviz2-12] [INFO] [1775512313.404114569] [rviz2]: OpenGl version: 4.6 (GLSL 4.6)
[rviz2-12] [INFO] [1775512313.435680010] [rviz2]: Stereo is NOT SUPPORTED
[move_group-11] [INFO] [1775512313.589382801] [move_group.moveit.moveit.ros.planning_scene_monitor]: Publishing maintained planning scene on 'monitored_planning_scene'
[move_group-11] [INFO] [1775512313.589545901] [move_group.moveit.moveit.ros.moveit_cpp]: Listening to 'joint_states' for joint states
[move_group-11] [INFO] [1775512313.591064018] [move_group.moveit.moveit.ros.current_state_monitor]: Listening to joint states on topic 'joint_states'
[move_group-11] [INFO] [1775512313.592029046] [move_group.moveit.moveit.ros.planning_scene_monitor]: Listening to '/attached_collision_object' for attached collision objects
[move_group-11] [INFO] [1775512313.592064292] [move_group.moveit.moveit.ros.planning_scene_monitor]: Stopping existing planning scene publisher.
[move_group-11] [INFO] [1775512313.592270978] [move_group.moveit.moveit.ros.planning_scene_monitor]: Stopped publishing maintained planning scene.
[move_group-11] [INFO] [1775512313.592849628] [move_group.moveit.moveit.ros.planning_scene_monitor]: Publishing maintained planning scene on 'monitored_planning_scene'
[move_group-11] [INFO] [1775512313.592974056] [move_group.moveit.moveit.ros.planning_scene_monitor]: Starting planning scene monitor
[move_group-11] [INFO] [1775512313.593460328] [move_group.moveit.moveit.ros.planning_scene_monitor]: Listening to '/planning_scene'
[move_group-11] [INFO] [1775512313.593480715] [move_group.moveit.moveit.ros.planning_scene_monitor]: Starting world geometry update monitor for collision objects, attached objects, octomap updates.
[move_group-11] [INFO] [1775512313.594607328] [move_group.moveit.moveit.ros.planning_scene_monitor]: Listening to 'collision_object'
[move_group-11] [INFO] [1775512313.595213798] [move_group.moveit.moveit.ros.planning_scene_monitor]: Listening to 'planning_scene_world' for planning scene world geometry
[move_group-11] [WARN] [1775512313.597171052] [move_group.moveit.moveit.ros.occupancy_map_monitor]: Resolution not specified for Octomap. Assuming resolution = 0.1 instead
[move_group-11] [ERROR] [1775512313.597219825] [move_group.moveit.moveit.ros.occupancy_map_monitor]: No 3D sensor plugin(s) defined for octomap updates
[rviz2-12] Warning: class_loader.impl: SEVERE WARNING!!! A namespace collision has occurred with plugin factory for class rviz_default_plugins::displays::InteractiveMarkerDisplay. New factory will OVERWRITE existing one. This situation occurs when libraries containing plugins are directly linked against an executable (the one running right now generating this message). Please separate plugins out into their own library or just don't link against the library and use either class_loader::ClassLoader/MultiLibraryClassLoader to open.
[rviz2-12]          at line 321 in /opt/ros/jazzy/include/class_loader/class_loader/class_loader_core.hpp
[rviz2-12] [WARN] [1775512313.621461741] [rcl.logging_rosout]: Publisher already registered for node name: 'rviz2_moveit'. If this is due to multiple nodes with the same name then all logs for the logger named 'rviz2_moveit' will go out over the existing publisher. As soon as any node with that name is destructed it will unregister the publisher, preventing any further logs for that name from being published on the rosout topic.
[move_group-11] [INFO] [1775512313.832587012] [move_group.moveit.moveit.ros.planning_pipeline]: Successfully loaded planner 'OMPL'
[move_group-11] [INFO] [1775512313.837447771] [move_group]: Try loading adapter 'default_planning_request_adapters/ResolveConstraintFrames'
[move_group-11] [INFO] [1775512313.840233437] [move_group]: Loaded adapter 'default_planning_request_adapters/ResolveConstraintFrames'
[move_group-11] [INFO] [1775512313.840269325] [move_group]: Try loading adapter 'default_planning_request_adapters/ValidateWorkspaceBounds'
[move_group-11] [INFO] [1775512313.840644605] [move_group]: Loaded adapter 'default_planning_request_adapters/ValidateWorkspaceBounds'
[move_group-11] [INFO] [1775512313.840671769] [move_group]: Try loading adapter 'default_planning_request_adapters/CheckStartStateBounds'
[move_group-11] [INFO] [1775512313.840716290] [move_group]: Loaded adapter 'default_planning_request_adapters/CheckStartStateBounds'
[move_group-11] [INFO] [1775512313.840724496] [move_group]: Try loading adapter 'default_planning_request_adapters/CheckStartStateCollision'
[move_group-11] [INFO] [1775512313.840742817] [move_group]: Loaded adapter 'default_planning_request_adapters/CheckStartStateCollision'
[move_group-11] [INFO] [1775512313.846529587] [move_group]: Try loading adapter 'default_planning_response_adapters/AddTimeOptimalParameterization'
[move_group-11] [INFO] [1775512313.852663154] [move_group]: Loaded adapter 'default_planning_response_adapters/AddTimeOptimalParameterization'
[move_group-11] [INFO] [1775512313.852705482] [move_group]: Try loading adapter 'default_planning_response_adapters/ValidateSolution'
[move_group-11] [INFO] [1775512313.859068329] [move_group]: Loaded adapter 'default_planning_response_adapters/ValidateSolution'
[move_group-11] [INFO] [1775512313.859102344] [move_group]: Try loading adapter 'default_planning_response_adapters/DisplayMotionPath'
[move_group-11] [INFO] [1775512313.860034388] [move_group]: Loaded adapter 'default_planning_response_adapters/DisplayMotionPath'
[move_group-11] [INFO] [1775512313.920840012] [move_group.moveit.moveit.plugins.simple_controller_manager]: Added FollowJointTrajectory controller for joint_trajectory_controller
[move_group-11] [INFO] [1775512313.920907927] [move_group.moveit.moveit.plugins.simple_controller_manager]: robotiq_gripper_controller will command a max effort of: 0
[move_group-11] [INFO] [1775512313.925181049] [move_group.moveit.moveit.plugins.simple_controller_manager]: Added GripperCommand controller for robotiq_gripper_controller
[move_group-11] [INFO] [1775512313.925388066] [move_group.moveit.moveit.plugins.simple_controller_manager]: Returned 2 controllers in list
[move_group-11] [INFO] [1775512313.925430399] [move_group.moveit.moveit.plugins.simple_controller_manager]: Returned 2 controllers in list
[move_group-11] [INFO] [1775512313.926021273] [move_group.moveit.moveit.ros.trajectory_execution_manager]: Trajectory execution is managing controllers
[move_group-11] [INFO] [1775512313.926053622] [move_group]: MoveGroup debug mode is ON
[move_group-11] [INFO] [1775512313.964840005] [move_group.moveit.moveit.ros.move_group.executable]: 
[move_group-11] 
[move_group-11] ********************************************************
[move_group-11] * MoveGroup using: 
[move_group-11] *     - apply_planning_scene_service
[move_group-11] *     - clear_octomap_service
[move_group-11] *     - get_group_urdf
[move_group-11] *     - load_geometry_from_file
[move_group-11] *     - CartesianPathService
[move_group-11] *     - execute_trajectory_action
[move_group-11] *     - get_planning_scene_service
[move_group-11] *     - kinematics_service
[move_group-11] *     - move_action
[move_group-11] *     - motion_plan_service
[move_group-11] *     - query_planners_service
[move_group-11] *     - state_validation_service
[move_group-11] *     - save_geometry_to_file
[move_group-11] ********************************************************
[move_group-11] 
[move_group-11] [INFO] [1775512313.964906346] [move_group.moveit.moveit.ros.move_group.context]: MoveGroup context using pipeline ompl
[move_group-11] [INFO] [1775512313.964922953] [move_group.moveit.moveit.ros.move_group.context]: MoveGroup context initialization complete
[move_group-11] [96mLoading 'move_group/ApplyPlanningSceneService'...[0m
[move_group-11] [96mLoading 'move_group/ClearOctomapService'...[0m
[move_group-11] [96mLoading 'move_group/GetUrdfService'...[0m
[move_group-11] [96mLoading 'move_group/LoadGeometryFromFileService'...[0m
[move_group-11] [96mLoading 'move_group/MoveGroupCartesianPathService'...[0m
[move_group-11] [96mLoading 'move_group/MoveGroupExecuteTrajectoryAction'...[0m
[move_group-11] [96mLoading 'move_group/MoveGroupGetPlanningSceneService'...[0m
[move_group-11] [96mLoading 'move_group/MoveGroupKinematicsService'...[0m
[move_group-11] [96mLoading 'move_group/MoveGroupMoveAction'...[0m
[move_group-11] [96mLoading 'move_group/MoveGroupPlanService'...[0m
[move_group-11] [96mLoading 'move_group/MoveGroupQueryPlannersService'...[0m
[move_group-11] [96mLoading 'move_group/MoveGroupStateValidationService'...[0m
[move_group-11] [96mLoading 'move_group/SaveGeometryToFileService'...[0m
[move_group-11] 
[move_group-11] [92mYou can start planning now![0m
[move_group-11] 
[joint_state_sanitizer-3] [WARN] [1775512314.359456567] [joint_state_sanitizer_node]: [joint_state_sanitizer] Published sanitized joint state: joint_3:+3.142->+3.132
[ros2_control_node-1] [INFO] [1775512314.694616901] [controller_manager]: Loading controller : 'twist_controller' of type 'picknik_twist_controller/PicknikTwistController'
[ros2_control_node-1] [INFO] [1775512314.694653166] [controller_manager]: Loading controller 'twist_controller'
[ros2_control_node-1] [INFO] [1775512314.712319487] [controller_manager]: Controller 'twist_controller' node arguments: --ros-args --params-file /home/carrt-cse-project/workspace/ros2_kortex_ws/install/adl_tasks/share/adl_tasks/config/ros2_controllers_vbox.yaml --params-file /tmp/launch_params_h20j1re6 
[spawner-8] [INFO] [1775512314.728744957] [spawner_twist_controller]: Loaded twist_controller
[ros2_control_node-1] [INFO] [1775512314.729961981] [controller_manager]: Configuring controller: 'twist_controller'
[ros2_control_node-1] [INFO] [1775512314.732748448] [twist_controller]: configure successful
[INFO] [spawner-8]: process has finished cleanly [pid 7924]
[rviz2-12] [ERROR] [1775512316.677644040] [rviz2_moveit.moveit.ros.motion_planning_frame]: Action server: /recognize_objects not available
[rviz2-12] [INFO] [1775512316.699899889] [rviz2_moveit.moveit.ros.motion_planning_frame]: MoveGroup namespace changed: / -> . Reloading params.
[rviz2-12] [INFO] [1775512316.771420068] [rviz2_moveit.moveit.ros.rdf_loader]: Loaded robot model in 0.00818378 seconds
[rviz2-12] [INFO] [1775512316.771515933] [rviz2_moveit.moveit.core.robot_model]: Loading robot model 'gen3'...
[rviz2-12] [INFO] [1775512316.771534354] [rviz2_moveit.moveit.core.robot_model]: No root/virtual joint specified in SRDF. Assuming fixed joint
[rviz2-12] [INFO] [1775512316.905650979] [rviz2_moveit.moveit.kinematics.kdl_kinematics_plugin]: Joint weights for group 'manipulator': 1 1 1 1 1 1 1
[rviz2-12] [INFO] [1775512317.191540425] [rviz2_moveit.moveit.ros.planning_scene_monitor]: Starting planning scene monitor
[rviz2-12] [INFO] [1775512317.192375634] [rviz2_moveit.moveit.ros.planning_scene_monitor]: Listening to '/monitored_planning_scene'
[rviz2-12] [INFO] [1775512317.424738121] [interactive_marker_display_108962875069104]: Connected on namespace: /rviz_moveit_motion_planning_display/robot_interaction_interactive_marker_topic
[rviz2-12] [INFO] [1775512317.432032299] [rviz2_moveit.moveit.ros.robot_interaction]: No active joints or end effectors found for group 'gripper'. Make sure that kinematics.yaml is loaded in this node's namespace.
[rviz2-12] [INFO] [1775512317.433250794] [rviz2_moveit.moveit.ros.robot_interaction]: No active joints or end effectors found for group 'gripper'. Make sure that kinematics.yaml is loaded in this node's namespace.
[rviz2-12] [INFO] [1775512317.441326151] [rviz2_moveit.moveit.ros.motion_planning_frame]: group gripper
[rviz2-12] [INFO] [1775512317.441366015] [rviz2_moveit.moveit.ros.motion_planning_frame]: Constructing new MoveGroup connection for group 'gripper' in namespace ''
[rviz2-12] [INFO] [1775512317.457390860] [interactive_marker_display_108962875069104]: Sending request for interactive markers
[rviz2-12] [INFO] [1775512317.459996581] [rviz2_moveit.moveit.ros.move_group_interface]: Ready to take commands for planning group gripper.
[rviz2-12] [INFO] [1775512317.460926612] [rviz2_moveit.moveit.ros.motion_planning_frame]: group gripper
[rviz2-12] [INFO] [1775512317.492117844] [interactive_marker_display_108962875069104]: Service response received for initialization
[joint_state_sanitizer-3] [WARN] [1775512319.359679570] [joint_state_sanitizer_node]: [joint_state_sanitizer] Published sanitized joint state: joint_3:+3.142->+3.132
[joint_state_sanitizer-3] [WARN] [1775512324.367553185] [joint_state_sanitizer_node]: [joint_state_sanitizer] Published sanitized joint state: joint_3:+3.142->+3.132
[joint_state_sanitizer-3] [WARN] [1775512329.368083144] [joint_state_sanitizer_node]: [joint_state_sanitizer] Published sanitized joint state: joint_3:+3.142->+3.132
