
===== 2026-04-08T18:11:00-04:00 | T1_arm =====
cwd=/home/carrt-cse-project/workspace/ros2_kortex_ws
cmd=ros2 launch adl_tasks arm_vbox.launch.py robot_ip:=192.168.0.10 use_fake_hardware:=false 

[INFO] [launch]: All log files can be found below /home/carrt-cse-project/.ros/log/2026-04-08-18-11-01-261531-carrt-cse-project-OptiPlex-5050-4617
[INFO] [launch]: Default logging verbosity is set to INFO
[INFO] [launch.user]: [arm_vbox.launch] MoveIt current state source: /joint_states_sanitized. Use use_joint_state_sanitizer:=false for raw-state viewer debugging.
[INFO] [launch.user]: [arm_vbox.launch] Using ADL VBox controller config (share/adl_tasks/config/ros2_controllers_vbox.yaml, update_rate:=50 Hz).
[INFO] [ros2_control_node-1]: process started with pid [4622]
[INFO] [robot_state_publisher-2]: process started with pid [4623]
[INFO] [joint_state_sanitizer-3]: process started with pid [4624]
[INFO] [spawner-4]: process started with pid [4625]
[INFO] [static_transform_publisher-5]: process started with pid [4626]
[INFO] [static_transform_publisher-6]: process started with pid [4627]
[static_transform_publisher-5] [INFO] [1775686261.620642646] [static_transform_publisher]: Spinning until stopped - publishing transform
[static_transform_publisher-5] translation: ('0.000000', '0.000000', '0.000000')
[static_transform_publisher-5] rotation: ('0.000000', '0.000000', '0.000000', '1.000000')
[static_transform_publisher-5] from 'world' to 'base_link'
[static_transform_publisher-6] [INFO] [1775686261.620651144] [camera_color_optical_bridge_tf_pub]: Spinning until stopped - publishing transform
[static_transform_publisher-6] translation: ('0.000000', '0.000000', '0.000000')
[static_transform_publisher-6] rotation: ('0.000000', '0.000000', '0.000000', '1.000000')
[static_transform_publisher-6] from 'camera_color_frame' to 'wrist_mounted_camera_color_optical_frame'
[robot_state_publisher-2] [INFO] [1775686261.637775635] [robot_state_publisher]: Robot initialized
[ros2_control_node-1] [INFO] [1775686261.692727367] [controller_manager]: Using Steady (Monotonic) clock for triggering controller manager cycles.
[ros2_control_node-1] [INFO] [1775686261.724297124] [controller_manager]: Subscribing to '/robot_description' topic for robot description.
[ros2_control_node-1] [INFO] [1775686261.729199310] [controller_manager]: update rate is 50 Hz
[ros2_control_node-1] [INFO] [1775686261.729259980] [controller_manager]: Overruns handling is : enabled
[ros2_control_node-1] [INFO] [1775686261.729272800] [controller_manager]: Spawning controller_manager RT thread with scheduler priority: 50
[ros2_control_node-1] [INFO] [1775686261.729356052] [controller_manager]: Successful set up FIFO RT scheduling policy with priority 50.
[ros2_control_node-1] [INFO] [1775686261.735070256] [controller_manager]: Received robot description from topic.
[ros2_control_node-1] [INFO] [1775686261.735159132] [controller_manager]: Enforcing command limits is disabled. Command limits from URDF will be ignored.
[ros2_control_node-1] [INFO] [1775686261.744041344] [controller_manager]: Loading hardware 'KortexMultiInterfaceHardware' 
[ros2_control_node-1] [INFO] [1775686261.771575788] [KortexMultiInterfaceHardware]: Setting severity threshold to DEBUG
[ros2_control_node-1] [INFO] [1775686261.771634810] [controller_manager]: Loaded hardware 'KortexMultiInterfaceHardware' from plugin 'kortex_driver/KortexMultiInterfaceHardware'
[ros2_control_node-1] [INFO] [1775686261.772166783] [controller_manager]: Initialize hardware 'KortexMultiInterfaceHardware' 
[ros2_control_node-1] [INFO] [1775686261.779022250] [KortexMultiInterfaceHardware]: Configuring Hardware Interface
[ros2_control_node-1] [INFO] [1775686261.779389770] [KortexMultiInterfaceHardware]: Robot ip is '192.168.0.10'
[ros2_control_node-1] [INFO] [1775686261.779397651] [KortexMultiInterfaceHardware]: Username is 'admin'
[ros2_control_node-1] [INFO] [1775686261.779406118] [KortexMultiInterfaceHardware]: Port used '10000'
[ros2_control_node-1] [INFO] [1775686261.779409448] [KortexMultiInterfaceHardware]: Realtime port used '10001'
[ros2_control_node-1] [INFO] [1775686261.779412544] [KortexMultiInterfaceHardware]: Session inactivity timeout is '60000'
[ros2_control_node-1] [INFO] [1775686261.779415934] [KortexMultiInterfaceHardware]: Connection inactivity timeout is '2000'
[ros2_control_node-1] [INFO] [1775686261.779420198] [KortexMultiInterfaceHardware]: Gripper joint name is 'robotiq_85_left_knuckle_joint'
[ros2_control_node-1] [INFO] [1775686261.779560736] [KortexMultiInterfaceHardware]: Connecting to robot at 192.168.0.10
[ros2_control_node-1] [INFO] [1775686261.788371563] [KortexMultiInterfaceHardware]: Creating session for communication
[spawner-4] [INFO] [1775686262.026055982] [spawner_joint_state_broadcaster]: waiting for service /controller_manager/list_controllers to become available...
[joint_state_sanitizer-3] [INFO] [1775686262.092023834] [joint_state_sanitizer_node]: joint_state_sanitizer started. raw=/joint_states -> sanitized=/joint_states_sanitized
[ros2_control_node-1] [INFO] [1775686262.286244071] [KortexMultiInterfaceHardware]: Session created
[ros2_control_node-1] [INFO] [1775686262.990466951] [KortexMultiInterfaceHardware]: Actuator count reported by robot is '7'
[ros2_control_node-1] [INFO] [1775686262.991179506] [KortexMultiInterfaceHardware]: Using internal bus communication for gripper!
[ros2_control_node-1] [INFO] [1775686262.991245973] [KortexMultiInterfaceHardware]: Hardware Interface successfully configured
[ros2_control_node-1] [INFO] [1775686262.991478740] [controller_manager]: Successful initialization of hardware 'KortexMultiInterfaceHardware'
[ros2_control_node-1] [DEBUG] [1775686262.991668034] [KortexMultiInterfaceHardware]: export_state_interfaces for joint: joint_1
[ros2_control_node-1] [DEBUG] [1775686262.991747832] [KortexMultiInterfaceHardware]: export_state_interfaces for joint: joint_2
[ros2_control_node-1] [DEBUG] [1775686262.991772560] [KortexMultiInterfaceHardware]: export_state_interfaces for joint: joint_3
[ros2_control_node-1] [DEBUG] [1775686262.991792305] [KortexMultiInterfaceHardware]: export_state_interfaces for joint: joint_4
[ros2_control_node-1] [DEBUG] [1775686262.991810859] [KortexMultiInterfaceHardware]: export_state_interfaces for joint: joint_5
[ros2_control_node-1] [DEBUG] [1775686262.991830833] [KortexMultiInterfaceHardware]: export_state_interfaces for joint: joint_6
[ros2_control_node-1] [DEBUG] [1775686262.991848188] [KortexMultiInterfaceHardware]: export_state_interfaces for joint: joint_7
[ros2_control_node-1] [DEBUG] [1775686262.991865306] [KortexMultiInterfaceHardware]: export_state_interfaces for joint: robotiq_85_left_knuckle_joint
[ros2_control_node-1] [INFO] [1775686263.000163288] [resource_manager]: 'configure' hardware 'KortexMultiInterfaceHardware' 
[ros2_control_node-1] [INFO] [1775686263.000359161] [resource_manager]: Successful 'configure' of hardware 'KortexMultiInterfaceHardware'
[ros2_control_node-1] [INFO] [1775686263.000626551] [resource_manager]: 'activate' hardware 'KortexMultiInterfaceHardware' 
[ros2_control_node-1] [INFO] [1775686263.000720408] [KortexMultiInterfaceHardware]: Activating KortexMultiInterfaceHardware...
[ros2_control_node-1] [INFO] [1775686263.005200950] [KortexMultiInterfaceHardware]: Gripper initial position is '0.873365'.
[ros2_control_node-1] [INFO] [1775686263.010628330] [KortexMultiInterfaceHardware]: KortexMultiInterfaceHardware successfully activated!
[ros2_control_node-1] [INFO] [1775686263.010718838] [resource_manager]: Successful 'activate' of hardware 'KortexMultiInterfaceHardware'
[ros2_control_node-1] [INFO] [1775686263.011301800] [controller_manager]: Registering statistics for : KortexMultiInterfaceHardware
[ros2_control_node-1] [INFO] [1775686263.011680660] [controller_manager]: Resource Manager has been successfully initialized. Starting Controller Manager services...
[ros2_control_node-1] [INFO] [1775686263.031937841] [controller_manager]: Loading controller : 'joint_state_broadcaster' of type 'joint_state_broadcaster/JointStateBroadcaster'
[ros2_control_node-1] [INFO] [1775686263.032017444] [controller_manager]: Loading controller 'joint_state_broadcaster'
[ros2_control_node-1] [INFO] [1775686263.053702130] [controller_manager]: Controller 'joint_state_broadcaster' node arguments: --ros-args --params-file /home/carrt-cse-project/workspace/ros2_kortex_ws/install/adl_tasks/share/adl_tasks/config/ros2_controllers_vbox.yaml --params-file /tmp/launch_params_m5i_4i7l 
[spawner-4] [INFO] [1775686263.091114024] [spawner_joint_state_broadcaster]: Loaded joint_state_broadcaster
[ros2_control_node-1] [INFO] [1775686263.092163802] [controller_manager]: Configuring controller: 'joint_state_broadcaster'
[ros2_control_node-1] [INFO] [1775686263.092367302] [joint_state_broadcaster]: 'joints' or 'interfaces' parameter is empty. All available state interfaces will be published
[ros2_control_node-1] [INFO] [1775686263.131399828] [controller_manager]: Activating controllers: [ joint_state_broadcaster ]
[ros2_control_node-1] [INFO] [1775686263.150853034] [controller_manager]: Successfully switched controllers!
[spawner-4] [INFO] [1775686263.171763142] [spawner_joint_state_broadcaster]: Configured and activated joint_state_broadcaster
[INFO] [spawner-4]: process has finished cleanly [pid 4625]
[INFO] [spawner-7]: process started with pid [4729]
[INFO] [spawner-8]: process started with pid [4730]
[INFO] [spawner-9]: process started with pid [4731]
[INFO] [spawner-10]: process started with pid [4732]
[spawner-8] [INFO] [1775686264.290031030] [spawner_twist_controller]: waiting for service /controller_manager/list_controllers to become available...
[ros2_control_node-1] [INFO] [1775686266.047127896] [controller_manager]: Loading controller : 'twist_controller' of type 'picknik_twist_controller/PicknikTwistController'
[ros2_control_node-1] [INFO] [1775686266.047261747] [controller_manager]: Loading controller 'twist_controller'
[ros2_control_node-1] [INFO] [1775686266.077406320] [controller_manager]: Controller 'twist_controller' node arguments: --ros-args --params-file /home/carrt-cse-project/workspace/ros2_kortex_ws/install/adl_tasks/share/adl_tasks/config/ros2_controllers_vbox.yaml --params-file /tmp/launch_params_m5i_4i7l 
[spawner-8] [INFO] [1775686266.133118946] [spawner_twist_controller]: Loaded twist_controller
[ros2_control_node-1] [INFO] [1775686266.135529030] [controller_manager]: Configuring controller: 'twist_controller'
[ros2_control_node-1] [INFO] [1775686266.141372945] [twist_controller]: configure successful
[spawner-10] [INFO] [1775686266.317630542] [spawner_fault_controller]: waiting for service /controller_manager/list_controllers to become available...
[INFO] [spawner-8]: process has finished cleanly [pid 4730]
[ros2_control_node-1] [INFO] [1775686268.825067569] [controller_manager]: Loading controller : 'fault_controller' of type 'picknik_reset_fault_controller/PicknikResetFaultController'
[ros2_control_node-1] [INFO] [1775686268.825171239] [controller_manager]: Loading controller 'fault_controller'
[ros2_control_node-1] [INFO] [1775686268.848750509] [controller_manager]: Controller 'fault_controller' node arguments: --ros-args --params-file /home/carrt-cse-project/workspace/ros2_kortex_ws/install/adl_tasks/share/adl_tasks/config/ros2_controllers_vbox.yaml --params-file /tmp/launch_params_m5i_4i7l 
[spawner-10] [INFO] [1775686268.891538617] [spawner_fault_controller]: Loaded fault_controller
[ros2_control_node-1] [INFO] [1775686268.892777702] [controller_manager]: Configuring controller: 'fault_controller'
[ros2_control_node-1] [INFO] [1775686268.911432250] [controller_manager]: Activating controllers: [ fault_controller ]
[ros2_control_node-1] [INFO] [1775686269.153042955] [controller_manager]: Successfully switched controllers!
[ros2_control_node-1] [WARN] [1775686269.155287763] [controller_manager]: Overrun might occur, Total time : 25705.958 us (Expected < 20000.000 us) --> Read time : 105.261 us, Update time : 23283.541 us (Switch time : 23071.487 us (Switch chained mode time : 4.753 us, perform mode change time : 80.609 us, Activation time : 22970.892 us, Deactivation time : 1.792 us)), Write time : 2317.156 us
[ros2_control_node-1] [WARN] [1775686269.155467869] [controller_manager]: Overrun detected! The controller manager missed its desired rate of 50 Hz. The loop took 26.020815 ms (missed cycles : 2).
[spawner-10] [INFO] [1775686269.175758085] [spawner_fault_controller]: Configured and activated fault_controller
[spawner-9] [INFO] [1775686269.295612257] [spawner_robotiq_gripper_controller]: waiting for service /controller_manager/list_controllers to become available...
[INFO] [spawner-10]: process has finished cleanly [pid 4732]
[ros2_control_node-1] [INFO] [1775686269.547740250] [controller_manager]: Loading controller : 'robotiq_gripper_controller' of type 'position_controllers/GripperActionController'
[ros2_control_node-1] [INFO] [1775686269.547769698] [controller_manager]: Loading controller 'robotiq_gripper_controller'
[ros2_control_node-1] [INFO] [1775686269.562230033] [controller_manager]: Controller 'robotiq_gripper_controller' node arguments: --ros-args --params-file /home/carrt-cse-project/workspace/ros2_kortex_ws/install/adl_tasks/share/adl_tasks/config/ros2_controllers_vbox.yaml --params-file /tmp/launch_params_m5i_4i7l 
[ros2_control_node-1] [WARN] [1775686269.572492369] [robotiq_gripper_controller]: [Deprecated]: the `position_controllers/GripperActionController` and `effort_controllers::GripperActionController` controllers are replaced by 'parallel_gripper_controllers/GripperActionController' controller
[spawner-9] [INFO] [1775686269.591316110] [spawner_robotiq_gripper_controller]: Loaded robotiq_gripper_controller
[ros2_control_node-1] [INFO] [1775686269.592686614] [controller_manager]: Configuring controller: 'robotiq_gripper_controller'
[ros2_control_node-1] [INFO] [1775686269.592809116] [robotiq_gripper_controller]: Action status changes will be monitored at 20.000000 Hz.
[ros2_control_node-1] [INFO] [1775686269.611621086] [controller_manager]: Activating controllers: [ robotiq_gripper_controller ]
[ros2_control_node-1] [INFO] [1775686269.855143541] [controller_manager]: Successfully switched controllers!
[spawner-9] [INFO] [1775686269.875374876] [spawner_robotiq_gripper_controller]: Configured and activated robotiq_gripper_controller
[spawner-7] [INFO] [1775686270.012693779] [spawner_joint_trajectory_controller]: waiting for service /controller_manager/list_controllers to become available...
[INFO] [spawner-9]: process has finished cleanly [pid 4731]
[ros2_control_node-1] [INFO] [1775686270.563523087] [controller_manager]: Loading controller : 'joint_trajectory_controller' of type 'joint_trajectory_controller/JointTrajectoryController'
[ros2_control_node-1] [INFO] [1775686270.563606965] [controller_manager]: Loading controller 'joint_trajectory_controller'
[ros2_control_node-1] [INFO] [1775686270.601424230] [controller_manager]: Controller 'joint_trajectory_controller' node arguments: --ros-args --params-file /home/carrt-cse-project/workspace/ros2_kortex_ws/install/adl_tasks/share/adl_tasks/config/ros2_controllers_vbox.yaml --params-file /tmp/launch_params_m5i_4i7l 
[spawner-7] [INFO] [1775686270.651370655] [spawner_joint_trajectory_controller]: Loaded joint_trajectory_controller
[ros2_control_node-1] [INFO] [1775686270.652516043] [controller_manager]: Configuring controller: 'joint_trajectory_controller'
[ros2_control_node-1] [INFO] [1775686270.653332638] [joint_trajectory_controller]: No specific joint names are used for command interfaces. Using 'joints' parameter.
[ros2_control_node-1] [INFO] [1775686270.653617892] [joint_trajectory_controller]: Command interfaces are [position] and state interfaces are [position velocity].
[ros2_control_node-1] [INFO] [1775686270.653883526] [joint_trajectory_controller]: Using 'splines' interpolation method.
[ros2_control_node-1] [INFO] [1775686270.658861484] [joint_trajectory_controller]: Action status changes will be monitored at 10.00 Hz.
[ros2_control_node-1] [INFO] [1775686270.671485468] [controller_manager]: Activating controllers: [ joint_trajectory_controller ]
[ros2_control_node-1] [INFO] [1775686270.920910869] [controller_manager]: Successfully switched controllers!
[ros2_control_node-1] [WARN] [1775686270.923262174] [controller_manager]: Overrun might occur, Total time : 33753.160 us (Expected < 20000.000 us) --> Read time : 65.720 us, Update time : 31179.626 us (Switch time : 30903.745 us (Switch chained mode time : 6.066 us, perform mode change time : 27924.923 us, Activation time : 2956.652 us, Deactivation time : 1.625 us)), Write time : 2507.814 us
[ros2_control_node-1] [WARN] [1775686270.923474143] [controller_manager]: Overrun detected! The controller manager missed its desired rate of 50 Hz. The loop took 34.027133 ms (missed cycles : 2).
[spawner-7] [INFO] [1775686270.935848789] [spawner_joint_trajectory_controller]: Configured and activated joint_trajectory_controller
[INFO] [spawner-7]: process has finished cleanly [pid 4729]
[INFO] [move_group-11]: process started with pid [4791]
[INFO] [rviz2-12]: process started with pid [4792]
[move_group-11] [INFO] [1775686273.002547767] [move_group.moveit.moveit.ros.rdf_loader]: Loaded robot model in 0.00727106 seconds
[move_group-11] [INFO] [1775686273.002662088] [move_group.moveit.moveit.core.robot_model]: Loading robot model 'gen3'...
[move_group-11] [INFO] [1775686273.002677287] [move_group.moveit.moveit.core.robot_model]: No root/virtual joint specified in SRDF. Assuming fixed joint
[move_group-11] [INFO] [1775686273.142989654] [move_group.moveit.moveit.kinematics.kdl_kinematics_plugin]: Joint weights for group 'manipulator': 1 1 1 1 1 1 1
[rviz2-12] [INFO] [1775686273.614042683] [rviz2]: Stereo is NOT SUPPORTED
[rviz2-12] [INFO] [1775686273.614104699] [rviz2]: OpenGl version: 4.6 (GLSL 4.6)
[rviz2-12] [INFO] [1775686273.647794063] [rviz2]: Stereo is NOT SUPPORTED
[ros2_control_node-1] [INFO] [1775686273.648308785] [controller_manager]: Received robot description from topic.
[ros2_control_node-1] [WARN] [1775686273.648343520] [controller_manager]: ResourceManager has already loaded a urdf. Ignoring attempt to reload a robot description.
[move_group-11] [INFO] [1775686273.753176959] [move_group.moveit.moveit.ros.planning_scene_monitor]: Publishing maintained planning scene on 'monitored_planning_scene'
[move_group-11] [INFO] [1775686273.753381470] [move_group.moveit.moveit.ros.moveit_cpp]: Listening to 'joint_states' for joint states
[INFO] [launch.user]: [arm_vbox.launch] move_group subscribed to raw /joint_states while sanitizer mode is active. Treating this as a launch failure for motion runs. move_group output: [INFO] [1775686273.753381470] [move_group.moveit.moveit.ros.moveit_cpp]: Listening to 'joint_states' for joint states
[INFO] [rviz2-12]: sending signal 'SIGINT' to process[rviz2-12]
[INFO] [move_group-11]: sending signal 'SIGINT' to process[move_group-11]
[INFO] [static_transform_publisher-6]: sending signal 'SIGINT' to process[static_transform_publisher-6]
[INFO] [static_transform_publisher-5]: sending signal 'SIGINT' to process[static_transform_publisher-5]
[INFO] [joint_state_sanitizer-3]: sending signal 'SIGINT' to process[joint_state_sanitizer-3]
[INFO] [robot_state_publisher-2]: sending signal 'SIGINT' to process[robot_state_publisher-2]
[INFO] [ros2_control_node-1]: sending signal 'SIGINT' to process[ros2_control_node-1]
[move_group-11] [INFO] [1775686273.755237192] [move_group.moveit.moveit.ros.current_state_monitor]: Listening to joint states on topic 'joint_states'
[move_group-11] [INFO] [1775686273.756256713] [move_group.moveit.moveit.ros.planning_scene_monitor]: Listening to '/attached_collision_object' for attached collision objects
[move_group-11] [INFO] [1775686273.756289962] [move_group.moveit.moveit.ros.planning_scene_monitor]: Stopping existing planning scene publisher.
[move_group-11] [INFO] [1775686273.756507737] [move_group.moveit.moveit.ros.planning_scene_monitor]: Stopped publishing maintained planning scene.
[move_group-11] [INFO] [1775686273.757178667] [move_group.moveit.moveit.ros.planning_scene_monitor]: Publishing maintained planning scene on 'monitored_planning_scene'
[move_group-11] [INFO] [1775686273.757316974] [move_group.moveit.moveit.ros.planning_scene_monitor]: Starting planning scene monitor
[move_group-11] [INFO] [1775686273.757913967] [move_group.moveit.moveit.ros.planning_scene_monitor]: Listening to '/planning_scene'
[move_group-11] [INFO] [1775686273.757935909] [move_group.moveit.moveit.ros.planning_scene_monitor]: Starting world geometry update monitor for collision objects, attached objects, octomap updates.
[rviz2-12] [INFO] [1775686273.758237704] [rclcpp]: signal_handler(SIGINT/SIGTERM)
[move_group-11] [INFO] [1775686273.758937386] [move_group.moveit.moveit.ros.planning_scene_monitor]: Listening to 'collision_object'
[move_group-11] [INFO] [1775686273.759908903] [move_group.moveit.moveit.ros.planning_scene_monitor]: Listening to 'planning_scene_world' for planning scene world geometry
[move_group-11] [INFO] [1775686273.761249103] [rclcpp]: signal_handler(SIGINT/SIGTERM)
[move_group-11] [WARN] [1775686273.761485861] [move_group.moveit.moveit.ros.occupancy_map_monitor]: Resolution not specified for Octomap. Assuming resolution = 0.1 instead
[move_group-11] [ERROR] [1775686273.761498461] [move_group.moveit.moveit.ros.occupancy_map_monitor]: No 3D sensor plugin(s) defined for octomap updates
[static_transform_publisher-6] [INFO] [1775686273.761297458] [rclcpp]: signal_handler(SIGINT/SIGTERM)
[static_transform_publisher-5] [INFO] [1775686273.763199760] [rclcpp]: signal_handler(SIGINT/SIGTERM)
[move_group-11] terminate called after throwing an instance of 'rclcpp::exceptions::RCLError'
[move_group-11]   what():  could not create service: rcl node's context is invalid, at ./src/rcl/node.c:404
[move_group-11] Stack trace (most recent call last):
[ros2_control_node-1] [INFO] [1775686273.771727580] [rclcpp]: signal_handler(SIGINT/SIGTERM)
[ros2_control_node-1] [INFO] [1775686273.771781956] [controller_manager]: Shutdown request received....
[ros2_control_node-1] [INFO] [1775686273.771826177] [controller_manager]: Shutting down all controllers in the controller manager.
[ros2_control_node-1] [INFO] [1775686273.771905842] [controller_manager]: Deactivating controller 'joint_trajectory_controller'
[ros2_control_node-1] [INFO] [1775686273.772284711] [controller_manager]: Shutting down controller 'joint_trajectory_controller'
[ros2_control_node-1] [INFO] [1775686273.772572596] [controller_manager]: Deactivating controller 'robotiq_gripper_controller'
[robot_state_publisher-2] [INFO] [1775686273.772952778] [rclcpp]: signal_handler(SIGINT/SIGTERM)
[ros2_control_node-1] [INFO] [1775686273.773664433] [controller_manager]: Shutting down controller 'robotiq_gripper_controller'
[ros2_control_node-1] [INFO] [1775686273.773759721] [controller_manager]: Deactivating controller 'fault_controller'
[ros2_control_node-1] [INFO] [1775686273.779442895] [controller_manager]: Shutting down controller 'fault_controller'
[ros2_control_node-1] [INFO] [1775686273.779560020] [controller_manager]: Shutting down controller 'twist_controller'
[ros2_control_node-1] [INFO] [1775686273.779625173] [controller_manager]: Deactivating controller 'joint_state_broadcaster'
[ros2_control_node-1] [INFO] [1775686273.779779121] [controller_manager]: Shutting down controller 'joint_state_broadcaster'
[ros2_control_node-1] [INFO] [1775686273.779936143] [resource_manager]: 'deactivate' hardware 'KortexMultiInterfaceHardware' 
[ros2_control_node-1] [INFO] [1775686273.779967536] [KortexMultiInterfaceHardware]: Deactivating KortexMultiInterfaceHardware...
[move_group-11] #18   Object "/usr/lib/x86_64-linux-gnu/ld-linux-x86-64.so.2", at 0xffffffffffffffff, in 
[rviz2-12] Warning: class_loader.impl: SEVERE WARNING!!! A namespace collision has occurred with plugin factory for class rviz_default_plugins::displays::InteractiveMarkerDisplay. New factory will OVERWRITE existing one. This situation occurs when libraries containing plugins are directly linked against an executable (the one running right now generating this message). Please separate plugins out into their own library or just don't link against the library and use either class_loader::ClassLoader/MultiLibraryClassLoader to open.
[rviz2-12]          at line 321 in /opt/ros/jazzy/include/class_loader/class_loader/class_loader_core.hpp
[rviz2-12] [WARN] [1775686273.839561075] [moveit_1550811184]: exception thrown while creating node for logging: failed to create guard condition: the given context is not valid, either rcl_init() was not called or rcl_shutdown() was called., at ./src/rcl/guard_condition.c:67
[rviz2-12] [WARN] [1775686273.839570823] [moveit_1550811184]: if rclcpp::init was not called, messages from this logger may be missing from /rosout
[rviz2-12] [ERROR] [1775686273.845511022] [rviz2]: Could not load display config: could not create subscription: rcl node's context is invalid, at ./src/rcl/node.c:404
[INFO] [static_transform_publisher-5]: process has finished cleanly [pid 4626]
[INFO] [static_transform_publisher-6]: process has finished cleanly [pid 4627]
[INFO] [robot_state_publisher-2]: process has finished cleanly [pid 4623]
[INFO] [joint_state_sanitizer-3]: process has finished cleanly [pid 4624]
[INFO] [rviz2-12]: process has finished cleanly [pid 4792]
[move_group-11] #17   Object "/opt/ros/jazzy/lib/moveit_ros_move_group/move_group", at 0x5865a743ba44, in _start
[move_group-11] #16   Source "../csu/libc-start.c", line 360, in __libc_start_main_impl [0x7a8f7682a28a]
[move_group-11] #15   Source "../sysdeps/nptl/libc_start_call_main.h", line 58, in __libc_start_call_main [0x7a8f7682a1c9]
[move_group-11] #14   Object "/opt/ros/jazzy/lib/moveit_ros_move_group/move_group", at 0x5865a743a162, in main
[ros2_control_node-1] [INFO] [1775686274.428372605] [KortexMultiInterfaceHardware]: KortexMultiInterfaceHardware successfully deactivated!
[ros2_control_node-1] [INFO] [1775686274.428410942] [resource_manager]: Successful 'deactivate' of hardware 'KortexMultiInterfaceHardware'
[ros2_control_node-1] [INFO] [1775686274.428421917] [resource_manager]: 'shutdown' hardware 'KortexMultiInterfaceHardware' 
[ros2_control_node-1] [INFO] [1775686274.428432118] [resource_manager]: Successful 'shutdown' of hardware 'KortexMultiInterfaceHardware'
[ros2_control_node-1] [INFO] [1775686274.428620881] [controller_manager]: Shutting down the controller manager.
[ros2_control_node-1] [ERROR] [1775686274.428725784] [controller_manager.pal_statistics]: Exception in publisher thread: context cannot be slept with because it's invalid!. Aborting!
[ros2_control_node-1] [ERROR] [1775686274.428725777] [controller_manager.pal_statistics]: Exception in publisher thread: context cannot be slept with because it's invalid!. Aborting!
[ros2_control_node-1] [INFO] [1775686274.432236924] [controller_manager.pal_statistics]: Async messages lost 0
[ros2_control_node-1] [INFO] [1775686274.432255370] [controller_manager.pal_statistics]: publish_async_failures_ 0
[ros2_control_node-1] [INFO] [1775686274.433721585] [controller_manager.pal_statistics]: Async messages lost 0
[ros2_control_node-1] [INFO] [1775686274.433731447] [controller_manager.pal_statistics]: publish_async_failures_ 0
[move_group-11] #13   Object "/opt/ros/jazzy/lib/libmoveit_cpp.so.2.12.4", at 0x7a8f774fe936, in moveit_cpp::MoveItCpp::MoveItCpp(std::shared_ptr<rclcpp::Node> const&, moveit_cpp::MoveItCpp::Options const&)
[move_group-11] #12   Object "/opt/ros/jazzy/lib/libmoveit_cpp.so.2.12.4", at 0x7a8f774fe464, in moveit_cpp::MoveItCpp::loadPlanningSceneMonitor(moveit_cpp::MoveItCpp::PlanningSceneMonitorOptions const&)
[ros2_control_node-1] Stack trace (most recent call last):
[ros2_control_node-1] #31   Object "/home/carrt-cse-project/workspace/ros2_kortex_ws/build/controller_manager/ros2_control_node", at 0x57b12c416836, in main
[ros2_control_node-1] #30   Object "/home/carrt-cse-project/workspace/ros2_kortex_ws/build/controller_manager/ros2_control_node", at 0x57b12c41857b, in std::shared_ptr<controller_manager::ControllerManager>::~shared_ptr()
[ros2_control_node-1] #29   Object "/home/carrt-cse-project/workspace/ros2_kortex_ws/build/controller_manager/ros2_control_node", at 0x57b12c41855b, in std::__shared_ptr<controller_manager::ControllerManager, (__gnu_cxx::_Lock_policy)2>::~__shared_ptr()
[ros2_control_node-1] #28   Object "/home/carrt-cse-project/workspace/ros2_kortex_ws/build/controller_manager/ros2_control_node", at 0x57b12c418838, in std::__shared_count<(__gnu_cxx::_Lock_policy)2>::~__shared_count()
[ros2_control_node-1] #27   Object "/home/carrt-cse-project/workspace/ros2_kortex_ws/build/controller_manager/ros2_control_node", at 0x57b12c417564, in std::_Sp_counted_base<(__gnu_cxx::_Lock_policy)2>::_M_release()
[ros2_control_node-1] #26   Object "/home/carrt-cse-project/workspace/ros2_kortex_ws/build/controller_manager/ros2_control_node", at 0x57b12c418743, in std::_Sp_counted_base<(__gnu_cxx::_Lock_policy)2>::_M_release_last_use_cold()
[ros2_control_node-1] #25   Object "/home/carrt-cse-project/workspace/ros2_kortex_ws/build/controller_manager/ros2_control_node", at 0x57b12c41a11e, in std::_Sp_counted_base<(__gnu_cxx::_Lock_policy)2>::_M_release_last_use()
[ros2_control_node-1] #24   Object "/home/carrt-cse-project/workspace/ros2_kortex_ws/build/controller_manager/ros2_control_node", at 0x57b12c41f941, in std::_Sp_counted_ptr_inplace<controller_manager::ControllerManager, std::allocator<void>, (__gnu_cxx::_Lock_policy)2>::_M_dispose()
[ros2_control_node-1] #23   Object "/home/carrt-cse-project/workspace/ros2_kortex_ws/build/controller_manager/ros2_control_node", at 0x57b12c41fc50, in void std::_Destroy<controller_manager::ControllerManager>(controller_manager::ControllerManager*)
[ros2_control_node-1] #22   Object "/home/carrt-cse-project/workspace/ros2_kortex_ws/install/controller_manager/lib/libcontroller_manager.so", at 0x7424298eb1fc, in controller_manager::ControllerManager::~ControllerManager()
[ros2_control_node-1] #21   Object "/home/carrt-cse-project/workspace/ros2_kortex_ws/install/controller_manager/lib/libcontroller_manager.so", at 0x742429965a2f, in std::unique_ptr<hardware_interface::ResourceManager, std::default_delete<hardware_interface::ResourceManager> >::~unique_ptr()
[ros2_control_node-1] #20   Object "/home/carrt-cse-project/workspace/ros2_kortex_ws/install/controller_manager/lib/libcontroller_manager.so", at 0x7424299783c9, in std::default_delete<hardware_interface::ResourceManager>::operator()(hardware_interface::ResourceManager*) const
[ros2_control_node-1] #19   Object "/home/carrt-cse-project/workspace/ros2_kortex_ws/install/hardware_interface/lib/libhardware_interface.so", at 0x742428456d07, in hardware_interface::ResourceManager::~ResourceManager()
[ros2_control_node-1] #18   Object "/home/carrt-cse-project/workspace/ros2_kortex_ws/install/hardware_interface/lib/libhardware_interface.so", at 0x742428456cd5, in hardware_interface::ResourceManager::~ResourceManager()
[ros2_control_node-1] #17   Object "/home/carrt-cse-project/workspace/ros2_kortex_ws/install/hardware_interface/lib/libhardware_interface.so", at 0x742428487c99, in std::unique_ptr<hardware_interface::ResourceStorage, std::default_delete<hardware_interface::ResourceStorage> >::~unique_ptr()
[ros2_control_node-1] #16   Object "/home/carrt-cse-project/workspace/ros2_kortex_ws/install/hardware_interface/lib/libhardware_interface.so", at 0x742428496d33, in std::default_delete<hardware_interface::ResourceStorage>::operator()(hardware_interface::ResourceStorage*) const
[ros2_control_node-1] #15   Object "/home/carrt-cse-project/workspace/ros2_kortex_ws/install/hardware_interface/lib/libhardware_interface.so", at 0x742428473689, in hardware_interface::ResourceStorage::~ResourceStorage()
[ros2_control_node-1] #14   Object "/home/carrt-cse-project/workspace/ros2_kortex_ws/install/hardware_interface/lib/libhardware_interface.so", at 0x74242847f14f, in std::vector<hardware_interface::HardwareComponent, std::allocator<hardware_interface::HardwareComponent> >::~vector()
[ros2_control_node-1] #13   Object "/home/carrt-cse-project/workspace/ros2_kortex_ws/install/hardware_interface/lib/libhardware_interface.so", at 0x7424284a1dc0, in void std::_Destroy<hardware_interface::HardwareComponent*>(hardware_interface::HardwareComponent*, hardware_interface::HardwareComponent*)
[ros2_control_node-1] #12   Object "/home/carrt-cse-project/workspace/ros2_kortex_ws/install/hardware_interface/lib/libhardware_interface.so", at 0x7424284add9f, in void std::_Destroy_aux<false>::__destroy<hardware_interface::HardwareComponent*>(hardware_interface::HardwareComponent*, hardware_interface::HardwareComponent*)
[ros2_control_node-1] #11   Object "/home/carrt-cse-project/workspace/ros2_kortex_ws/install/hardware_interface/lib/libhardware_interface.so", at 0x7424284bb311, in void std::_Destroy<hardware_interface::HardwareComponent>(hardware_interface::HardwareComponent*)
[ros2_control_node-1] #10   Object "/home/carrt-cse-project/workspace/ros2_kortex_ws/install/hardware_interface/lib/libhardware_interface.so", at 0x742428478889, in hardware_interface::HardwareComponent::~HardwareComponent()
[ros2_control_node-1] #9    Object "/home/carrt-cse-project/workspace/ros2_kortex_ws/install/hardware_interface/lib/libhardware_interface.so", at 0x74242848792f, in std::unique_ptr<hardware_interface::HardwareComponentInterface, std::default_delete<hardware_interface::HardwareComponentInterface> >::~unique_ptr()
[ros2_control_node-1] #8    Object "/home/carrt-cse-project/workspace/ros2_kortex_ws/install/hardware_interface/lib/libhardware_interface.so", at 0x742428496785, in std::default_delete<hardware_interface::HardwareComponentInterface>::operator()(hardware_interface::HardwareComponentInterface*) const
[ros2_control_node-1] #7    Object "/home/carrt-cse-project/workspace/ros2_kortex_ws/build/kortex_driver/libkortex_driver.so", at 0x7423f0a7b035, in kortex_driver::KortexMultiInterfaceHardware::~KortexMultiInterfaceHardware()
[ros2_control_node-1] #6    Object "/home/carrt-cse-project/workspace/ros2_kortex_ws/build/kortex_driver/libkortex_driver.so", at 0x7423f0a7af67, in kortex_driver::KortexMultiInterfaceHardware::~KortexMultiInterfaceHardware()
[ros2_control_node-1] #5    Object "/home/carrt-cse-project/workspace/ros2_kortex_ws/build/kortex_driver/libkortex_driver.so", at 0x7423f0b085cd, in Kinova::Api::BaseCyclic::Command::~Command()
[ros2_control_node-1] #4    Object "/home/carrt-cse-project/workspace/ros2_kortex_ws/build/kortex_driver/libkortex_driver.so", at 0x7423f0b21e68, in Kinova::Api::InterconnectCyclic::Command::~Command()
[ros2_control_node-1] #3    Object "/home/carrt-cse-project/workspace/ros2_kortex_ws/build/kortex_driver/libkortex_driver.so", at 0x7423f0b21e26, in Kinova::Api::InterconnectCyclic::Command::~Command()
[ros2_control_node-1] #2    Object "/home/carrt-cse-project/workspace/ros2_kortex_ws/build/kortex_driver/libkortex_driver.so", at 0x7423f0b21d88, in Kinova::Api::InterconnectCyclic::Command::clear_tool_command()
[ros2_control_node-1] #1    Object "/home/carrt-cse-project/workspace/ros2_kortex_ws/build/kortex_driver/libkortex_driver.so", at 0x7423f0b1b418, in Kinova::Api::GripperCyclic::Command::~Command()
[ros2_control_node-1] #0    Object "/home/carrt-cse-project/workspace/ros2_kortex_ws/build/kortex_driver/libkortex_driver.so", at 0x7423f0b1b3dd, in Kinova::Api::GripperCyclic::Command::~Command()
[ros2_control_node-1] Segmentation fault (Address not mapped to object [0x74249639c1e6])
[move_group-11] #11   Object "/opt/ros/jazzy/lib/libmoveit_planning_scene_monitor.so.2.12.4", at 0x7a8f774347fd, in planning_scene_monitor::PlanningSceneMonitor::startWorldGeometryMonitor(std::__cxx11::basic_string<char, std::char_traits<char>, std::allocator<char> > const&, std::__cxx11::basic_string<char, std::char_traits<char>, std::allocator<char> > const&, bool)
[move_group-11] #10   Object "/opt/ros/jazzy/lib/libmoveit_ros_occupancy_map_monitor.so.2.12.4", at 0x7a8f7665e5fa, in occupancy_map_monitor::OccupancyMapMonitor::OccupancyMapMonitor(std::shared_ptr<rclcpp::Node> const&, std::shared_ptr<tf2_ros::Buffer> const&, std::__cxx11::basic_string<char, std::char_traits<char>, std::allocator<char> > const&, double)
[move_group-11] #9    Object "/opt/ros/jazzy/lib/libmoveit_ros_occupancy_map_monitor.so.2.12.4", at 0x7a8f7665df37, in occupancy_map_monitor::OccupancyMapMonitor::OccupancyMapMonitor(std::unique_ptr<occupancy_map_monitor::OccupancyMapMonitor::MiddlewareHandle, std::default_delete<occupancy_map_monitor::OccupancyMapMonitor::MiddlewareHandle> >, std::shared_ptr<tf2_ros::Buffer> const&)
[move_group-11] #8    Object "/opt/ros/jazzy/lib/libmoveit_ros_occupancy_map_monitor.so.2.12.4", at 0x7a8f76682133, in occupancy_map_monitor::OccupancyMapMonitorMiddlewareHandle::createSaveMapService(std::function<bool (std::shared_ptr<rmw_request_id_s>, std::shared_ptr<moveit_msgs::srv::SaveMap_Request_<std::allocator<void> > >, std::shared_ptr<moveit_msgs::srv::SaveMap_Response_<std::allocator<void> > >)>)
[move_group-11] #7    Object "/opt/ros/jazzy/lib/librclcpp.so", at 0x7a8f770ff797, in rclcpp::exceptions::throw_from_rcl_error(int, std::__cxx11::basic_string<char, std::char_traits<char>, std::allocator<char> > const&, rcutils_error_state_s const*, void (*)())
[move_group-11] #6    Object "/usr/lib/x86_64-linux-gnu/libstdc++.so.6.0.33", at 0x7a8f76cbb0c0, in std::rethrow_exception(std::__exception_ptr::exception_ptr)
[move_group-11] #5    Object "/usr/lib/x86_64-linux-gnu/libstdc++.so.6.0.33", at 0x7a8f76ca5a54, in std::terminate()
[move_group-11] #4    Object "/usr/lib/x86_64-linux-gnu/libstdc++.so.6.0.33", at 0x7a8f76cbb0d9, in 
[move_group-11] #3    Object "/usr/lib/x86_64-linux-gnu/libstdc++.so.6.0.33", at 0x7a8f76ca5ff4, in 
[move_group-11] #2    Source "./stdlib/abort.c", line 79, in abort [0x7a8f768288fe]
[move_group-11] #1    Source "../sysdeps/posix/raise.c", line 26, in raise [0x7a8f7684527d]
[move_group-11] #0  | Source "./nptl/pthread_kill.c", line 89, in __pthread_kill_internal
[move_group-11]     | Source "./nptl/pthread_kill.c", line 78, in __pthread_kill_implementation
[move_group-11]       Source "./nptl/pthread_kill.c", line 44, in __pthread_kill [0x7a8f7689eb2c]
[move_group-11] Aborted (Signal sent by tkill() 4791 1000)
[ERROR] [ros2_control_node-1]: process has died [pid 4622, exit code -11, cmd '/home/carrt-cse-project/workspace/ros2_kortex_ws/install/controller_manager/lib/controller_manager/ros2_control_node --ros-args --params-file /home/carrt-cse-project/workspace/ros2_kortex_ws/install/adl_tasks/share/adl_tasks/config/ros2_controllers_vbox.yaml --params-file /tmp/launch_params_m5i_4i7l -r /controller_manager/robot_description:=/robot_description'].
[ERROR] [move_group-11]: process[move_group-11] failed to terminate '5' seconds after receiving 'SIGINT', escalating to 'SIGTERM'
[INFO] [move_group-11]: sending signal 'SIGTERM' to process[move_group-11]
[ERROR] [move_group-11]: process[move_group-11] failed to terminate '10.0' seconds after receiving 'SIGTERM', escalating to 'SIGKILL'
[INFO] [move_group-11]: sending signal 'SIGKILL' to process[move_group-11]
[ERROR] [move_group-11]: process has died [pid 4791, exit code -9, cmd '/opt/ros/jazzy/lib/moveit_ros_move_group/move_group --ros-args --params-file /tmp/launch_params_d0a6scwc --params-file /tmp/launch_params_6b0rt0y1 -r /joint_states:=/joint_states_sanitized'].
