
===== 2026-04-06T14:59:30-04:00 | T2_scene_static =====
cwd=/home/carrt-cse-project/workspace/ros2_kortex_ws
cmd=ros2 run adl_tasks scene_static 

[INFO] [1775501971.632665649] [static_scene_node]: Static Scene Node started.
[INFO] [1775501971.633180615] [static_scene_node]: WHEELCHAIR_BASE_HEIGHT = 0.36195m  |  Table surface at z = 0.088m | Table center at x = 0.681m
[WARN] [1775501973.735808561] [static_scene_node]: Planning scene service not available, waiting...
[WARN] [1775501975.737235848] [static_scene_node]: Planning scene service not available, waiting...
[WARN] [1775501977.739111887] [static_scene_node]: Planning scene service not available, waiting...

===== 2026-04-06T14:59:38-04:00 | T2_scene_static =====
cwd=/home/carrt-cse-project/workspace/ros2_kortex_ws
cmd=ros2 run adl_tasks scene_static 

[INFO] [1775501979.098933182] [static_scene_node]: Static Scene Node started.
[INFO] [1775501979.099315392] [static_scene_node]: WHEELCHAIR_BASE_HEIGHT = 0.36195m  |  Table surface at z = 0.088m | Table center at x = 0.681m
[WARN] [1775501979.740793782] [static_scene_node]: Planning scene service not available, waiting...
[WARN] [1775501981.200403763] [static_scene_node]: Planning scene service not available, waiting...
[WARN] [1775501981.743045158] [static_scene_node]: Planning scene service not available, waiting...
[INFO] [1775501981.951338510] [static_scene_node]: Planning scene service available. Building static scene...
[INFO] [1775501981.954326249] [static_scene_node]: Static scene built: 14 objects added to MoveIt planning scene.
[INFO] [1775501981.993697639] [static_scene_node]: Planning scene service available. Building static scene...
[INFO] [1775501981.997414142] [static_scene_node]: Static scene built: 14 objects added to MoveIt planning scene.

===== 2026-04-06T14:59:45-04:00 | T2_scene_static =====
cwd=/home/carrt-cse-project/workspace/ros2_kortex_ws
cmd=ros2 run adl_tasks scene_static 

[INFO] [1775501986.658725239] [static_scene_node]: Static Scene Node started.
[INFO] [1775501986.659221170] [static_scene_node]: WHEELCHAIR_BASE_HEIGHT = 0.36195m  |  Table surface at z = 0.088m | Table center at x = 0.681m
[INFO] [1775501987.764684629] [static_scene_node]: Planning scene service available. Building static scene...
[INFO] [1775501987.767646548] [static_scene_node]: Static scene built: 14 objects added to MoveIt planning scene.

===== 2026-04-06T14:59:54-04:00 | T2_scene_static =====
cwd=/home/carrt-cse-project/workspace/ros2_kortex_ws
cmd=ros2 run adl_tasks scene_static 

[INFO] [1775501995.133651383] [static_scene_node]: Static Scene Node started.
[INFO] [1775501995.134125612] [static_scene_node]: WHEELCHAIR_BASE_HEIGHT = 0.36195m  |  Table surface at z = 0.088m | Table center at x = 0.681m
[INFO] [1775501996.744723246] [static_scene_node]: Planning scene service available. Building static scene...
[INFO] [1775501996.747613438] [static_scene_node]: Static scene built: 14 objects added to MoveIt planning scene.
