
===== 2026-04-29T10:05:14-04:00 | T1_full =====
cwd=/home/carrt-cse-project/workspace/ros2_kortex_ws
cmd=ros2 launch adl_tasks adl_start.launch.py controller_update_rate:=1000 arm_use_fake_hardware:=false arm_robot_ip:=192.168.0.10 clear_table_top_only_scan:=true launch_rviz:=true 

[INFO] [launch]: All log files can be found below /home/carrt-cse-project/.ros/log/2026-04-29-10-05-14-665032-carrt-cse-project-OptiPlex-5050-42946
[INFO] [launch]: Default logging verbosity is set to INFO
[arm_start.launch] controller_update_rate was explicitly overridden above 125 Hz for real hardware (1000 Hz); honoring the override for operator tuning even though recent logs showed overruns at that rate.
[INFO] [launch.user]: [arm_start.launch] MoveIt current state source: /joint_states_sanitized. Use use_joint_state_sanitizer:=false for raw-state viewer debugging.
[INFO] [launch.user]: [arm_start.launch] Using ADL controller config (share/adl_tasks/config/ros2_controllers_vbox.yaml, update_rate:=1000 Hz).
[INFO] [ros2_control_node-1]: process started with pid [42950]
[INFO] [robot_state_publisher-2]: process started with pid [42951]
[INFO] [joint_state_sanitizer-3]: process started with pid [42952]
[INFO] [spawner-4]: process started with pid [42953]
[INFO] [static_transform_publisher-5]: process started with pid [42954]
[INFO] [static_transform_publisher-6]: process started with pid [42955]
[INFO] [scene_static-7]: process started with pid [42956]
[INFO] [wrist_camera_usb_publisher-8]: process started with pid [42957]
[INFO] [vision_apriltag-9]: process started with pid [42958]
[INFO] [scene_from_vision-10]: process started with pid [42959]
[INFO] [adl_controller-11]: process started with pid [42960]
[INFO] [pick_dropped_bottle-12]: process started with pid [42961]
[INFO] [clear_table-13]: process started with pid [42962]
[INFO] [give_medication-14]: process started with pid [42963]
[INFO] [adl_ui-15]: process started with pid [42964]
[static_transform_publisher-6] [INFO] [1777471514.982339002] [camera_color_optical_bridge_tf_pub]: Spinning until stopped - publishing transform
[static_transform_publisher-6] translation: ('0.000000', '0.000000', '0.000000')
[static_transform_publisher-6] rotation: ('0.000000', '0.000000', '0.000000', '1.000000')
[static_transform_publisher-6] from 'camera_color_frame' to 'wrist_mounted_camera_color_optical_frame'
[robot_state_publisher-2] [INFO] [1777471514.991891686] [robot_state_publisher]: Robot initialized
[static_transform_publisher-5] [INFO] [1777471514.999676481] [static_transform_publisher]: Spinning until stopped - publishing transform
[static_transform_publisher-5] translation: ('0.000000', '0.000000', '0.000000')
[static_transform_publisher-5] rotation: ('0.000000', '0.000000', '0.000000', '1.000000')
[static_transform_publisher-5] from 'world' to 'base_link'
[ros2_control_node-1] [INFO] [1777471515.106465475] [controller_manager]: Using Steady (Monotonic) clock for triggering controller manager cycles.
[ros2_control_node-1] [INFO] [1777471515.126127479] [controller_manager]: Subscribing to '/robot_description' topic for robot description.
[ros2_control_node-1] [INFO] [1777471515.132486229] [controller_manager]: update rate is 1000 Hz
[ros2_control_node-1] [INFO] [1777471515.135875943] [controller_manager]: Overruns handling is : enabled
[ros2_control_node-1] [INFO] [1777471515.135900583] [controller_manager]: Spawning controller_manager RT thread with scheduler priority: 50
[ros2_control_node-1] [INFO] [1777471515.136015893] [controller_manager]: Successful set up FIFO RT scheduling policy with priority 50.
[ros2_control_node-1] [INFO] [1777471515.304867802] [controller_manager]: Received robot description from topic.
[ros2_control_node-1] [INFO] [1777471515.304935229] [controller_manager]: Enforcing command limits is disabled. Command limits from URDF will be ignored.
[ros2_control_node-1] [INFO] [1777471515.325966271] [controller_manager]: Loading hardware 'KortexMultiInterfaceHardware' 
[ros2_control_node-1] [INFO] [1777471515.373642076] [KortexMultiInterfaceHardware]: Setting severity threshold to DEBUG
[ros2_control_node-1] [INFO] [1777471515.373707102] [controller_manager]: Loaded hardware 'KortexMultiInterfaceHardware' from plugin 'kortex_driver/KortexMultiInterfaceHardware'
[ros2_control_node-1] [INFO] [1777471515.374240007] [controller_manager]: Initialize hardware 'KortexMultiInterfaceHardware' 
[ros2_control_node-1] [INFO] [1777471515.409154162] [KortexMultiInterfaceHardware]: Configuring Hardware Interface
[ros2_control_node-1] [INFO] [1777471515.414178356] [KortexMultiInterfaceHardware]: Robot ip is '192.168.0.10'
[ros2_control_node-1] [INFO] [1777471515.414206012] [KortexMultiInterfaceHardware]: Username is 'admin'
[ros2_control_node-1] [INFO] [1777471515.414222805] [KortexMultiInterfaceHardware]: Port used '10000'
[ros2_control_node-1] [INFO] [1777471515.414228490] [KortexMultiInterfaceHardware]: Realtime port used '10001'
[ros2_control_node-1] [INFO] [1777471515.414233796] [KortexMultiInterfaceHardware]: Session inactivity timeout is '60000'
[ros2_control_node-1] [INFO] [1777471515.414239358] [KortexMultiInterfaceHardware]: Connection inactivity timeout is '2000'
[ros2_control_node-1] [INFO] [1777471515.414246172] [KortexMultiInterfaceHardware]: Gripper joint name is 'robotiq_85_left_knuckle_joint'
[ros2_control_node-1] [INFO] [1777471515.414281953] [KortexMultiInterfaceHardware]: Connecting to robot at 192.168.0.10
[ros2_control_node-1] [INFO] [1777471515.422559116] [KortexMultiInterfaceHardware]: Creating session for communication
[ros2_control_node-1] [INFO] [1777471515.459459288] [KortexMultiInterfaceHardware]: Session created
[joint_state_sanitizer-3] [INFO] [1777471515.698214327] [joint_state_sanitizer_node]: joint_state_sanitizer started. raw=/joint_states -> sanitized=/joint_states_sanitized
[scene_static-7] [INFO] [1777471515.993900492] [scene_static_node]: Static Scene Node started.
[scene_static-7] [INFO] [1777471515.995300600] [scene_static_node]: WHEELCHAIR_BASE_HEIGHT = 0.36195m  |  Table surface at z = 0.118m | Table front-edge-from-base = 0.406m | Table center at x = 0.681m | table_edge_lip_margin=0.0127m | table_edge_lip_thickness=0.0127m | table_edge_lip_height=0.480m | include_wheelchair_wall=True | include_left_desk_wall=True | include_right_desk_wall=True | include_arm_base_under_block=True | include_arm_base_side_lips=True | include_arm_base_left_back_block=True | include_arm_base_right_back_half_block=True
[scene_static-7] [INFO] [1777471515.997057498] [scene_static_node]: Wheelchair wall geometry: center=(-0.465, 0.000, 0.482) size=(0.450, 0.700, 1.688)
[scene_static-7] [INFO] [1777471515.998312309] [scene_static_node]: Arm-base under-block geometry: center=(0.000, 0.000, -0.212) size=(0.302, 0.378, 0.300) | platform=(0.200, 0.200) | margins(front/back=0.051, left/right=0.089)
[scene_static-7] [INFO] [1777471515.999434777] [scene_static_node]: Arm-base side-lip geometry: left_y=0.198, right_y=-0.198, center_z=-0.047, size=(0.314, 0.006, 0.030) | x_offset=-0.076, outset=0.006, front/back_margin=0.006
[scene_static-7] [INFO] [1777471516.002450154] [scene_static_node]: Arm-base left-back block geometry: center=(-0.177, 0.312, 0.482) size=(0.100, 0.408, 1.688) | inner_faces(x=-0.127, y=0.108) | left_wall_inner_face_y=0.504 | into_left_wall=0.013
[scene_static-7] [INFO] [1777471516.004888460] [scene_static_node]: Arm-base right-back half block geometry: center=(-0.177, -0.312, 0.060) size=(0.100, 0.408, 0.844) | inner_faces(x=-0.127, y=-0.108) | right_wall_inner_face_y=-0.504 | into_right_wall=0.013
[ros2_control_node-1] [INFO] [1777471516.239214718] [KortexMultiInterfaceHardware]: Actuator count reported by robot is '7'
[ros2_control_node-1] [INFO] [1777471516.239427106] [KortexMultiInterfaceHardware]: Using internal bus communication for gripper!
[ros2_control_node-1] [INFO] [1777471516.239435902] [KortexMultiInterfaceHardware]: Hardware Interface successfully configured
[ros2_control_node-1] [INFO] [1777471516.239523361] [controller_manager]: Successful initialization of hardware 'KortexMultiInterfaceHardware'
[ros2_control_node-1] [DEBUG] [1777471516.239590788] [KortexMultiInterfaceHardware]: export_state_interfaces for joint: joint_1
[ros2_control_node-1] [DEBUG] [1777471516.239618278] [KortexMultiInterfaceHardware]: export_state_interfaces for joint: joint_2
[ros2_control_node-1] [DEBUG] [1777471516.239625223] [KortexMultiInterfaceHardware]: export_state_interfaces for joint: joint_3
[ros2_control_node-1] [DEBUG] [1777471516.239630280] [KortexMultiInterfaceHardware]: export_state_interfaces for joint: joint_4
[ros2_control_node-1] [DEBUG] [1777471516.239634620] [KortexMultiInterfaceHardware]: export_state_interfaces for joint: joint_5
[ros2_control_node-1] [DEBUG] [1777471516.239639336] [KortexMultiInterfaceHardware]: export_state_interfaces for joint: joint_6
[ros2_control_node-1] [DEBUG] [1777471516.239643422] [KortexMultiInterfaceHardware]: export_state_interfaces for joint: joint_7
[ros2_control_node-1] [DEBUG] [1777471516.239647280] [KortexMultiInterfaceHardware]: export_state_interfaces for joint: robotiq_85_left_knuckle_joint
[ros2_control_node-1] [INFO] [1777471516.241833611] [resource_manager]: 'configure' hardware 'KortexMultiInterfaceHardware' 
[ros2_control_node-1] [INFO] [1777471516.241878866] [resource_manager]: Successful 'configure' of hardware 'KortexMultiInterfaceHardware'
[ros2_control_node-1] [INFO] [1777471516.241951140] [resource_manager]: 'activate' hardware 'KortexMultiInterfaceHardware' 
[ros2_control_node-1] [INFO] [1777471516.241983699] [KortexMultiInterfaceHardware]: Activating KortexMultiInterfaceHardware...
[ros2_control_node-1] [INFO] [1777471516.247479188] [KortexMultiInterfaceHardware]: Gripper initial position is '14.410482'.
[ros2_control_node-1] [INFO] [1777471516.252078489] [KortexMultiInterfaceHardware]: KortexMultiInterfaceHardware successfully activated!
[ros2_control_node-1] [INFO] [1777471516.252161005] [resource_manager]: Successful 'activate' of hardware 'KortexMultiInterfaceHardware'
[ros2_control_node-1] [INFO] [1777471516.252429653] [controller_manager]: Registering statistics for : KortexMultiInterfaceHardware
[ros2_control_node-1] [INFO] [1777471516.252586916] [controller_manager]: Resource Manager has been successfully initialized. Starting Controller Manager services...
[ros2_control_node-1] [WARN] [1777471516.268096058] [controller_manager]: Overrun might occur, Total time : 14965.789 us (Expected < 1000.000 us) --> Read time : 10035.600 us, Update time : 30.067 us, Write time : 4900.122 us
[ros2_control_node-1] [WARN] [1777471516.268173981] [controller_manager]: Overrun detected! The controller manager missed its desired rate of 1000 Hz. The loop took 15.077319 ms (missed cycles : 16).
[adl_ui-15] [INFO] [1777471516.274127086] [adl_ui_node]: ADL UI Node started.
[adl_ui-15] [INFO] [1777471516.276009773] [adl_ui_node]: Automatic retract on UI load is disabled; startup sends no motion.
[adl_ui-15]  * Serving Flask app 'adl_tasks.adl_ui'
[adl_ui-15]  * Debug mode: off
[adl_ui-15] [INFO] [1777471516.279866852] [adl_ui_node]: Web UI available at http://localhost:5000
[adl_ui-15] WARNING: This is a development server. Do not use it in a production deployment. Use a production WSGI server instead.
[adl_ui-15]  * Running on all addresses (0.0.0.0)
[adl_ui-15]  * Running on http://127.0.0.1:5000
[adl_ui-15]  * Running on http://192.168.0.231:5000
[adl_ui-15] Press CTRL+C to quit
[spawner-4] [INFO] [1777471516.311277351] [spawner_joint_state_broadcaster]: waiting for service /controller_manager/list_controllers to become available...
[wrist_camera_usb_publisher-8] [INFO] [1777471516.483659452] [wrist_camera_usb_publisher_node]: USB camera publisher: trying camera source index 2.
[clear_table-13] [INFO] [1777471516.495431979] [clear_table_node]: Clear Table Node Started
[adl_ui-15] 127.0.0.1 - - [29/Apr/2026 10:05:16] "GET /status_json HTTP/1.1" 200 -
[wrist_camera_usb_publisher-8] [INFO] [1777471516.590884420] [wrist_camera_usb_publisher_node]: USB camera publisher: opened camera source index 2.
[wrist_camera_usb_publisher-8] [INFO] [1777471516.592871355] [wrist_camera_usb_publisher_node]: Wrist Camera USB Publisher started.
[wrist_camera_usb_publisher-8] [INFO] [1777471516.594757302] [wrist_camera_usb_publisher_node]: Publishing USB camera frames on /wrist_mounted_camera/image with frame_id=wrist_mounted_camera_color_optical_frame.
[wrist_camera_usb_publisher-8] [INFO] [1777471516.596424067] [wrist_camera_usb_publisher_node]: Publishing camera info on /wrist_mounted_camera/camera_info from reference intrinsics [554.25, 554.25, 320.0, 240.0] @ 640x480.
[wrist_camera_usb_publisher-8] [INFO] [1777471516.598830398] [wrist_camera_usb_publisher_node]: Using explicit camera_matrix for CameraInfo. matrix_size=1280x720, K=[920.874267578125, 0.0, 644.7646484375, 0.0, 921.5654907226562, 343.1528625488281, 0.0, 0.0, 1.0], d=[0.0, 0.0, 0.0, 0.0, 0.0]
[wrist_camera_usb_publisher-8] [INFO] [1777471516.600118259] [wrist_camera_usb_publisher_node]: Requested source=2 size=1280x720 fps=10.0
[clear_table-13] [INFO] [1777471516.617536567] [clear_table_node]: MoveItHelper initialized. joint_state_topic=/joint_states_sanitized (sanitized_expected=True) real_hardware_mode=True short_cartesian_mode=hybrid
[clear_table-13] [INFO] [1777471516.619421622] [clear_table_node]: ADL_DIRECT_FIXED_JOINTS is unset; defaulting fixed-joint direct trajectories to disabled on real hardware (collision-aware MoveIt path first).
[clear_table-13] [INFO] [1777471516.648920052] [clear_table_node]: Vision Client initialized, waiting for service...
[give_medication-14] [INFO] [1777471516.738140554] [give_medication_node]: give_medication starting...
[adl_controller-11] [INFO] [1777471516.799118487] [adl_controller_node]: MoveItHelper initialized. joint_state_topic=/joint_states_sanitized (sanitized_expected=True) real_hardware_mode=True short_cartesian_mode=hybrid
[adl_controller-11] [INFO] [1777471516.803709905] [adl_controller_node]: ADL_DIRECT_FIXED_JOINTS is unset; defaulting fixed-joint direct trajectories to disabled on real hardware (collision-aware MoveIt path first).
[adl_controller-11] [INFO] [1777471516.821237590] [adl_controller_node]: ADL controller ready. Waiting for UI/system commands.
[scene_from_vision-10] [INFO] [1777471516.822825608] [scene_from_vision_node]: Scene From Vision Node Started
[give_medication-14] [INFO] [1777471516.861528122] [give_medication_node]: MoveItHelper initialized. joint_state_topic=/joint_states_sanitized (sanitized_expected=True) real_hardware_mode=True short_cartesian_mode=hybrid
[give_medication-14] [INFO] [1777471516.862330465] [give_medication_node]: ADL_DIRECT_FIXED_JOINTS is unset; defaulting fixed-joint direct trajectories to disabled on real hardware (collision-aware MoveIt path first).
[give_medication-14] [INFO] [1777471516.879227236] [give_medication_node]: Vision Client initialized, waiting for service...
[scene_from_vision-10] [INFO] [1777471516.913534556] [scene_from_vision_node]: SceneFromVision: Updating planning scene. Tracking 5 object shape(s). memory_mode=True, scan_duration_s=5.0, scan_min_samples=3, scan_target_samples=8, scan_extend_step_s=1.5, scan_max_extensions=2, scan_prune_unseen_objects=False, continuous_scene_updates=False, latch_first_detection_updates=True, log_object_pose_debug=False, apply_planning_scene_service_updates=True, publish_monitored_planning_scene_updates=True, side_viewpoint=wrist_mounted_camera_color_optical_frame->base_link, reject_table_objects_outside_bounds=False.
[scene_from_vision-10] [INFO] [1777471516.915935028] [scene_from_vision_node]: SceneFromVision calibration: xy_offset=(0.000, 0.000), z_offset=0.000, yaw_deg=0.00, xy_scale=1.0000, clamp_table_objects_to_table_bounds=False, table_bounds_margin_m=0.030.
[scene_from_vision-10] [INFO] [1777471516.917573634] [scene_from_vision_node]: SceneFromVision object offsets: remote_axis=y, remote_tag_to_center_sign=-1.0, remote_tag_from_end_m=0.020, remote_world_offset=(-0.040, 0.000), cube_tag_to_center=(0.000, 0.000), cube_world_offset=(0.000, -0.006), cube_yaw_offset_deg=0.0, medication_world_offset=(-0.090, -0.030), medication_face_to_center_m=0.027, cup_world_offset=(-0.085, -0.040), cup_face_to_center_m=0.031.
[vision_apriltag-9] [INFO] [1777471517.067830377] [vision_apriltag_node]: Vision AprilTag Node Started
[vision_apriltag-9] [INFO] [1777471517.069465240] [vision_apriltag_node]: Subscribing to camera topic: /wrist_mounted_camera/image
[vision_apriltag-9] [INFO] [1777471517.070803132] [vision_apriltag_node]: Subscribing to camera info topic: /wrist_mounted_camera/camera_info
[vision_apriltag-9] [INFO] [1777471517.072293751] [vision_apriltag_node]: Camera frame: wrist_mounted_camera_color_optical_frame | use_image_header_frame=True
[vision_apriltag-9] [INFO] [1777471517.074263741] [vision_apriltag_node]: Tag size: 0.025m | pose_cache_retention_s=20.0 | get_pose_wait_timeout_s=5.0 | max_returned_pose_age_s=20.0 | camera_params=[554.25, 554.25, 320.0, 240.0] | families=tag36h11 | quad_decimate=1.0 | requested_backend=opencv | backend=cv2.aruco | opencv_pose_solver=ippe_square | use_image_timestamp_for_tf=False
[vision_apriltag-9] [INFO] [1777471517.076598108] [vision_apriltag_node]: Top-tag known-plane projection: enabled=True, planes={3: 0.13995, 4: 0.174438}
[vision_apriltag-9] [INFO] [1777471517.078119657] [vision_apriltag_node]: pupil_apriltags tuning: nthreads=1, quad_sigma=0.0, refine_edges=1, decode_sharpening=0.25, debug=0, preprocess_variants=['raw', 'clahe', 'adaptive', 'clahe_sharp', 'clahe_up2', 'sharp_up2'], tile_search_if_empty=True, tile_search_grid=3x2, tile_search_scale=2.0, tile_search_overlap=0.25
[vision_apriltag-9] [WARN] [1777471517.079327474] [vision_apriltag_node]: pupil_apriltags is not importable by this node, so detection is using OpenCV fallback only. python=/usr/bin/python3, import_error=No module named 'pupil_apriltags'. If .venv contains pupil_apriltags, rebuild adl_tasks with that venv active or run the module with the venv Python.
[vision_apriltag-9] [INFO] [1777471517.080857926] [vision_apriltag_node]: Publishing AprilTag debug images on /vision_apriltag/debug_image at up to 1.0 Hz.
[give_medication-14] [INFO] [1777471517.129946858] [give_medication_node]: Vision service is ready.
[give_medication-14] [INFO] [1777471517.137179501] [give_medication_node]: give_medication ready.
[wrist_camera_usb_publisher-8] [INFO] [1777471517.256201058] [wrist_camera_usb_publisher_node]: USB camera info active intrinsics: size=1280x720, fx=920.87, fy=921.57, cx=644.76, cy=343.15, d=array('d', [0.0, 0.0, 0.0, 0.0, 0.0])
[wrist_camera_usb_publisher-8] [INFO] [1777471517.258889792] [wrist_camera_usb_publisher_node]: USB camera publisher heartbeat: publishing 1280x720 frames on /wrist_mounted_camera/image; camera_info fx=920.87, fy=921.57, cx=644.76, cy=343.15.
[ros2_control_node-1] [WARN] [1777471517.271199917] [controller_manager]: Overrun might occur, Total time : 4043.420 us (Expected < 1000.000 us) --> Read time : 81.679 us, Update time : 44.161 us, Write time : 3917.580 us
[ros2_control_node-1] [WARN] [1777471517.271349086] [controller_manager]: Overrun detected! The controller manager missed its desired rate of 1000 Hz. The loop took 4.250436 ms (missed cycles : 5).
[adl_ui-15] 127.0.0.1 - - [29/Apr/2026 10:05:17] "GET /status_json HTTP/1.1" 200 -
[pick_dropped_bottle-12] [INFO] [1777471518.089288118] [pick_dropped_bottle_node]: PickDroppedBottle starting...
[pick_dropped_bottle-12] [INFO] [1777471518.149502043] [pick_dropped_bottle_node]: MoveItHelper initialized. joint_state_topic=/joint_states_sanitized (sanitized_expected=True) real_hardware_mode=True short_cartesian_mode=hybrid
[pick_dropped_bottle-12] [INFO] [1777471518.150011202] [pick_dropped_bottle_node]: ADL_DIRECT_FIXED_JOINTS is unset; defaulting fixed-joint direct trajectories to disabled on real hardware (collision-aware MoveIt path first).
[pick_dropped_bottle-12] [INFO] [1777471518.160846624] [pick_dropped_bottle_node]: Vision Client initialized, waiting for service...
[pick_dropped_bottle-12] [INFO] [1777471518.161282451] [pick_dropped_bottle_node]: Vision service is ready.
[pick_dropped_bottle-12] [INFO] [1777471518.165404902] [pick_dropped_bottle_node]: PickDroppedBottle ready. Waiting for command.
[pick_dropped_bottle-12] [INFO] [1777471518.165783422] [pick_dropped_bottle_node]: Startup motion disabled at node load; motion begins only after pick_dropped_bottle command.
[scene_static-7] [WARN] [1777471518.181626979] [scene_static_node]: Planning scene service not available, waiting...
[ros2_control_node-1] [WARN] [1777471518.273560553] [controller_manager]: Overrun might occur, Total time : 3378.691 us (Expected < 1000.000 us) --> Read time : 68.318 us, Update time : 36.355 us, Write time : 3274.018 us
[ros2_control_node-1] [WARN] [1777471518.273693493] [controller_manager]: Overrun detected! The controller manager missed its desired rate of 1000 Hz. The loop took 3.595154 ms (missed cycles : 4).
[adl_ui-15] 127.0.0.1 - - [29/Apr/2026 10:05:18] "GET /status_json HTTP/1.1" 200 -
[clear_table-13] [INFO] [1777471518.653865548] [clear_table_node]: Vision service is not available, waiting...
[vision_apriltag-9] [WARN] [1777471519.036349593] [vision_apriltag_node]: Vision AprilTag: no images received yet on /wrist_mounted_camera/image.
[ros2_control_node-1] [INFO] [1777471519.071802648] [controller_manager]: Loading controller : 'joint_state_broadcaster' of type 'joint_state_broadcaster/JointStateBroadcaster'
[ros2_control_node-1] [INFO] [1777471519.071873359] [controller_manager]: Loading controller 'joint_state_broadcaster'
[ros2_control_node-1] [INFO] [1777471519.087142909] [controller_manager]: Controller 'joint_state_broadcaster' node arguments: --ros-args --params-file /home/carrt-cse-project/workspace/ros2_kortex_ws/install/adl_tasks/share/adl_tasks/config/ros2_controllers_vbox.yaml --params-file /tmp/launch_params_ad5vf7ea 
[spawner-4] [INFO] [1777471519.117430551] [spawner_joint_state_broadcaster]: Loaded joint_state_broadcaster
[ros2_control_node-1] [INFO] [1777471519.119119805] [controller_manager]: Configuring controller: 'joint_state_broadcaster'
[ros2_control_node-1] [INFO] [1777471519.119357463] [joint_state_broadcaster]: 'joints' or 'interfaces' parameter is empty. All available state interfaces will be published
[ros2_control_node-1] [INFO] [1777471519.133355422] [controller_manager]: Activating controllers: [ joint_state_broadcaster ]
[ros2_control_node-1] [INFO] [1777471519.136351869] [controller_manager]: Successfully switched controllers!
[ros2_control_node-1] [WARN] [1777471519.139248278] [controller_manager]: Overrun might occur, Total time : 4132.136 us (Expected < 1000.000 us) --> Read time : 29.462 us, Update time : 1144.580 us (Switch time : 1112.041 us (Switch chained mode time : 1.948 us, perform mode change time : 2.399 us, Activation time : 1092.706 us, Deactivation time : 1.345 us)), Write time : 2958.094 us
[joint_state_sanitizer-3] [WARN] [1777471519.142273145] [joint_state_sanitizer_node]: [joint_state_sanitizer] Published sanitized joint state: joint_5:+3.142->+3.132
[spawner-4] [INFO] [1777471519.142755419] [spawner_joint_state_broadcaster]: Configured and activated joint_state_broadcaster
[ros2_control_node-1] [WARN] [1777471519.274067469] [controller_manager]: Overrun might occur, Total time : 2960.670 us (Expected < 1000.000 us) --> Read time : 18.567 us, Update time : 55.962 us, Write time : 2886.141 us
[ros2_control_node-1] [WARN] [1777471519.274108399] [controller_manager]: Overrun detected! The controller manager missed its desired rate of 1000 Hz. The loop took 3.012737 ms (missed cycles : 4).
[INFO] [spawner-4]: process has finished cleanly [pid 42953]
[adl_ui-15] 127.0.0.1 - - [29/Apr/2026 10:05:19] "GET /status_json HTTP/1.1" 200 -
[INFO] [spawner-16]: process started with pid [43212]
[INFO] [spawner-17]: process started with pid [43213]
[INFO] [spawner-18]: process started with pid [43214]
[INFO] [spawner-19]: process started with pid [43215]
[vision_apriltag-9] [INFO] [1777471520.053672392] [vision_apriltag_node]: Vision AprilTag camera model updated from CameraInfo: size=1280x720, fx=920.87, fy=921.57, cx=644.76, cy=343.15, d=[0.0, 0.0, 0.0, 0.0, 0.0]
[clear_table-13] [INFO] [1777471520.155564640] [clear_table_node]: Vision service is ready.
[clear_table-13] [INFO] [1777471520.168897751] [clear_table_node]: Clear Table Node ready. Waiting for command.
[clear_table-13] [INFO] [1777471520.169563186] [clear_table_node]: Startup motion disabled at node load; motion begins only after clear_table command.
[clear_table-13] [INFO] [1777471520.170289517] [clear_table_node]: clear_table scan flags: top_only_scan_mode=True (ADL_CLEAR_TABLE_TOP_ONLY_SCAN='true'), two_phase_require_side_sweep_before_priority_exit=True (ADL_CLEAR_TABLE_REQUIRE_SIDE_SWEEP='true'), two_phase_top_full_sweep_before_priority_exit=True.
[scene_static-7] [WARN] [1777471520.184512481] [scene_static_node]: Planning scene service not available, waiting...
[ros2_control_node-1] [WARN] [1777471520.276170276] [controller_manager]: Overrun might occur, Total time : 2052.127 us (Expected < 1000.000 us) --> Read time : 61.496 us, Update time : 85.353 us, Write time : 1905.278 us
[ros2_control_node-1] [WARN] [1777471520.276247692] [controller_manager]: Overrun detected! The controller manager missed its desired rate of 1000 Hz. The loop took 2.151169 ms (missed cycles : 3).
[spawner-19] [INFO] [1777471520.349290277] [spawner_fault_controller]: waiting for service /controller_manager/list_controllers to become available...
[adl_ui-15] 127.0.0.1 - - [29/Apr/2026 10:05:20] "GET /status_json HTTP/1.1" 200 -
[vision_apriltag-9] [INFO] [1777471520.710440003] [vision_apriltag_node]: Vision AprilTag detection debug: no tags found after raw/CLAHE/sharp/adaptive/upscaled/tiled passes.
[ros2_control_node-1] [WARN] [1777471521.278201236] [controller_manager]: Overrun might occur, Total time : 2092.363 us (Expected < 1000.000 us) --> Read time : 17.308 us, Update time : 66.543 us, Write time : 2008.512 us
[ros2_control_node-1] [WARN] [1777471521.278256065] [controller_manager]: Overrun detected! The controller manager missed its desired rate of 1000 Hz. The loop took 2.160138 ms (missed cycles : 3).
[vision_apriltag-9] [INFO] [1777471521.332221947] [vision_apriltag_node]: Vision AprilTag: images are arriving on /wrist_mounted_camera/image, but no AprilTags have been detected yet.
[adl_ui-15] 127.0.0.1 - - [29/Apr/2026 10:05:21] "GET /status_json HTTP/1.1" 200 -
[ros2_control_node-1] [INFO] [1777471521.603253231] [controller_manager]: Loading controller : 'fault_controller' of type 'picknik_reset_fault_controller/PicknikResetFaultController'
[ros2_control_node-1] [INFO] [1777471521.603738066] [controller_manager]: Loading controller 'fault_controller'
[ros2_control_node-1] [INFO] [1777471521.607414414] [controller_manager]: Controller 'fault_controller' node arguments: --ros-args --params-file /home/carrt-cse-project/workspace/ros2_kortex_ws/install/adl_tasks/share/adl_tasks/config/ros2_controllers_vbox.yaml --params-file /tmp/launch_params_ad5vf7ea 
[spawner-19] [INFO] [1777471521.644401277] [spawner_fault_controller]: Loaded fault_controller
[ros2_control_node-1] [INFO] [1777471521.647050785] [controller_manager]: Configuring controller: 'fault_controller'
[ros2_control_node-1] [INFO] [1777471521.652577665] [controller_manager]: Activating controllers: [ fault_controller ]
[ros2_control_node-1] [INFO] [1777471521.859241592] [controller_manager]: Successfully switched controllers!
[ros2_control_node-1] [WARN] [1777471521.860878593] [controller_manager]: Overrun might occur, Total time : 6741.971 us (Expected < 1000.000 us) --> Read time : 15.163 us, Update time : 4817.969 us (Switch time : 4743.422 us (Switch chained mode time : 1.438 us, perform mode change time : 36.713 us, Activation time : 4695.695 us, Deactivation time : 0.811 us)), Write time : 1908.839 us
[spawner-19] [INFO] [1777471521.869099754] [spawner_fault_controller]: Configured and activated fault_controller
[spawner-18] [INFO] [1777471522.012803464] [spawner_robotiq_gripper_controller]: waiting for service /controller_manager/list_controllers to become available...
[INFO] [spawner-19]: process has finished cleanly [pid 43215]
[scene_static-7] [WARN] [1777471522.188449993] [scene_static_node]: Planning scene service not available, waiting...
[ros2_control_node-1] [WARN] [1777471522.280303199] [controller_manager]: Overrun might occur, Total time : 2159.849 us (Expected < 1000.000 us) --> Read time : 34.308 us, Update time : 127.402 us, Write time : 1998.139 us
[ros2_control_node-1] [WARN] [1777471522.280373939] [controller_manager]: Overrun detected! The controller manager missed its desired rate of 1000 Hz. The loop took 2.271979 ms (missed cycles : 3).
[wrist_camera_usb_publisher-8] [INFO] [1777471522.376337635] [wrist_camera_usb_publisher_node]: USB camera publisher heartbeat: publishing 1280x720 frames on /wrist_mounted_camera/image; camera_info fx=920.87, fy=921.57, cx=644.76, cy=343.15.
[adl_ui-15] 127.0.0.1 - - [29/Apr/2026 10:05:22] "GET /status_json HTTP/1.1" 200 -
[vision_apriltag-9] [INFO] [1777471523.036124717] [vision_apriltag_node]: Vision AprilTag: images are arriving on /wrist_mounted_camera/image, but no AprilTags have been detected yet.
[ros2_control_node-1] [INFO] [1777471523.268156324] [controller_manager]: Loading controller : 'robotiq_gripper_controller' of type 'position_controllers/GripperActionController'
[ros2_control_node-1] [INFO] [1777471523.268198986] [controller_manager]: Loading controller 'robotiq_gripper_controller'
[ros2_control_node-1] [INFO] [1777471523.272537312] [controller_manager]: Controller 'robotiq_gripper_controller' node arguments: --ros-args --params-file /home/carrt-cse-project/workspace/ros2_kortex_ws/install/adl_tasks/share/adl_tasks/config/ros2_controllers_vbox.yaml --params-file /tmp/launch_params_ad5vf7ea 
[ros2_control_node-1] [WARN] [1777471523.281248607] [controller_manager]: Overrun might occur, Total time : 2124.715 us (Expected < 1000.000 us) --> Read time : 44.817 us, Update time : 118.733 us, Write time : 1961.165 us
[ros2_control_node-1] [WARN] [1777471523.281305039] [controller_manager]: Overrun detected! The controller manager missed its desired rate of 1000 Hz. The loop took 2.208861 ms (missed cycles : 3).
[ros2_control_node-1] [WARN] [1777471523.293956302] [robotiq_gripper_controller]: [Deprecated]: the `position_controllers/GripperActionController` and `effort_controllers::GripperActionController` controllers are replaced by 'parallel_gripper_controllers/GripperActionController' controller
[spawner-18] [INFO] [1777471523.298344669] [spawner_robotiq_gripper_controller]: Loaded robotiq_gripper_controller
[ros2_control_node-1] [INFO] [1777471523.300395093] [controller_manager]: Configuring controller: 'robotiq_gripper_controller'
[ros2_control_node-1] [INFO] [1777471523.300527495] [robotiq_gripper_controller]: Action status changes will be monitored at 20.000000 Hz.
[ros2_control_node-1] [INFO] [1777471523.304049166] [controller_manager]: Activating controllers: [ robotiq_gripper_controller ]
[ros2_control_node-1] [INFO] [1777471523.515841722] [controller_manager]: Successfully switched controllers!
[ros2_control_node-1] [WARN] [1777471523.518485478] [controller_manager]: Overrun might occur, Total time : 11357.301 us (Expected < 1000.000 us) --> Read time : 23.953 us, Update time : 8655.029 us (Switch time : 8561.465 us (Switch chained mode time : 1.162 us, perform mode change time : 13.545 us, Activation time : 8537.218 us, Deactivation time : 0.608 us)), Write time : 2678.319 us
[spawner-18] [INFO] [1777471523.523431799] [spawner_robotiq_gripper_controller]: Configured and activated robotiq_gripper_controller
[adl_ui-15] 127.0.0.1 - - [29/Apr/2026 10:05:23] "GET /status_json HTTP/1.1" 200 -
[spawner-17] [INFO] [1777471523.723638319] [spawner_twist_controller]: waiting for service /controller_manager/list_controllers to become available...
[INFO] [spawner-18]: process has finished cleanly [pid 43214]
[joint_state_sanitizer-3] [WARN] [1777471524.144061493] [joint_state_sanitizer_node]: [joint_state_sanitizer] Published sanitized joint state: joint_5:+3.142->+3.132
[scene_static-7] [WARN] [1777471524.194501493] [scene_static_node]: Planning scene service not available, waiting...
[ros2_control_node-1] [WARN] [1777471524.284127857] [controller_manager]: Overrun might occur, Total time : 2017.325 us (Expected < 1000.000 us) --> Read time : 16.412 us, Update time : 66.503 us, Write time : 1934.410 us
[ros2_control_node-1] [WARN] [1777471524.284179540] [controller_manager]: Overrun detected! The controller manager missed its desired rate of 1000 Hz. The loop took 2.083560 ms (missed cycles : 3).
[ros2_control_node-1] [INFO] [1777471524.313109966] [controller_manager]: Loading controller : 'twist_controller' of type 'picknik_twist_controller/PicknikTwistController'
[ros2_control_node-1] [INFO] [1777471524.313150985] [controller_manager]: Loading controller 'twist_controller'
[ros2_control_node-1] [INFO] [1777471524.316167806] [controller_manager]: Controller 'twist_controller' node arguments: --ros-args --params-file /home/carrt-cse-project/workspace/ros2_kortex_ws/install/adl_tasks/share/adl_tasks/config/ros2_controllers_vbox.yaml --params-file /tmp/launch_params_ad5vf7ea 
[spawner-17] [INFO] [1777471524.354328108] [spawner_twist_controller]: Loaded twist_controller
[ros2_control_node-1] [INFO] [1777471524.358042639] [controller_manager]: Configuring controller: 'twist_controller'
[ros2_control_node-1] [INFO] [1777471524.362975066] [twist_controller]: configure successful
[spawner-16] [INFO] [1777471524.516153055] [spawner_joint_trajectory_controller]: waiting for service /controller_manager/list_controllers to become available...
[INFO] [spawner-17]: process has finished cleanly [pid 43213]
[adl_ui-15] 127.0.0.1 - - [29/Apr/2026 10:05:24] "GET /status_json HTTP/1.1" 200 -
[ros2_control_node-1] [INFO] [1777471525.271618217] [controller_manager]: Loading controller : 'joint_trajectory_controller' of type 'joint_trajectory_controller/JointTrajectoryController'
[ros2_control_node-1] [INFO] [1777471525.271749716] [controller_manager]: Loading controller 'joint_trajectory_controller'
[ros2_control_node-1] [INFO] [1777471525.278671054] [controller_manager]: Controller 'joint_trajectory_controller' node arguments: --ros-args --params-file /home/carrt-cse-project/workspace/ros2_kortex_ws/install/adl_tasks/share/adl_tasks/config/ros2_controllers_vbox.yaml --params-file /tmp/launch_params_ad5vf7ea 
[ros2_control_node-1] [WARN] [1777471525.284591330] [controller_manager]: Overrun might occur, Total time : 3473.262 us (Expected < 1000.000 us) --> Read time : 40.439 us, Update time : 141.974 us, Write time : 3290.849 us
[ros2_control_node-1] [WARN] [1777471525.284658445] [controller_manager]: Overrun detected! The controller manager missed its desired rate of 1000 Hz. The loop took 3.561872 ms (missed cycles : 4).
[spawner-16] [INFO] [1777471525.336711064] [spawner_joint_trajectory_controller]: Loaded joint_trajectory_controller
[ros2_control_node-1] [INFO] [1777471525.344838632] [controller_manager]: Configuring controller: 'joint_trajectory_controller'
[ros2_control_node-1] [INFO] [1777471525.345849199] [joint_trajectory_controller]: No specific joint names are used for command interfaces. Using 'joints' parameter.
[ros2_control_node-1] [INFO] [1777471525.346175780] [joint_trajectory_controller]: Command interfaces are [position] and state interfaces are [position velocity].
[ros2_control_node-1] [INFO] [1777471525.346414766] [joint_trajectory_controller]: Using 'splines' interpolation method.
[ros2_control_node-1] [INFO] [1777471525.352149423] [joint_trajectory_controller]: Action status changes will be monitored at 10.00 Hz.
[ros2_control_node-1] [INFO] [1777471525.373595430] [controller_manager]: Activating controllers: [ joint_trajectory_controller ]
[vision_apriltag-9] [INFO] [1777471525.460495584] [vision_apriltag_node]: Vision AprilTag: images are arriving on /wrist_mounted_camera/image, but no AprilTags have been detected yet.
[adl_ui-15] 127.0.0.1 - - [29/Apr/2026 10:05:25] "GET /status_json HTTP/1.1" 200 -
[ros2_control_node-1] [INFO] [1777471525.591809701] [controller_manager]: Successfully switched controllers!
[ros2_control_node-1] [WARN] [1777471525.593943282] [controller_manager]: Overrun might occur, Total time : 17826.114 us (Expected < 1000.000 us) --> Read time : 47.748 us, Update time : 15614.007 us (Switch time : 15485.242 us (Switch chained mode time : 3.266 us, perform mode change time : 14621.182 us, Activation time : 853.690 us, Deactivation time : 1.026 us)), Write time : 2164.359 us
[spawner-16] [INFO] [1777471525.597380753] [spawner_joint_trajectory_controller]: Configured and activated joint_trajectory_controller
[INFO] [spawner-16]: process has finished cleanly [pid 43212]
[vision_apriltag-9] [INFO] [1777471525.870480500] [vision_apriltag_node]: Vision AprilTag detection debug: no tags found after raw/CLAHE/sharp/adaptive/upscaled/tiled passes.
[scene_static-7] [WARN] [1777471526.197572762] [scene_static_node]: Planning scene service not available, waiting...
[ros2_control_node-1] [WARN] [1777471526.284849876] [controller_manager]: Overrun might occur, Total time : 2735.339 us (Expected < 1000.000 us) --> Read time : 48.946 us, Update time : 249.773 us, Write time : 2436.620 us
[ros2_control_node-1] [WARN] [1777471526.284927193] [controller_manager]: Overrun detected! The controller manager missed its desired rate of 1000 Hz. The loop took 2.830765 ms (missed cycles : 3).
[adl_ui-15] 127.0.0.1 - - [29/Apr/2026 10:05:26] "GET /status_json HTTP/1.1" 200 -
[vision_apriltag-9] [INFO] [1777471527.192830410] [vision_apriltag_node]: Vision AprilTag: images are arriving on /wrist_mounted_camera/image, but no AprilTags have been detected yet.
[ros2_control_node-1] [WARN] [1777471527.285570589] [controller_manager]: Overrun might occur, Total time : 2458.464 us (Expected < 1000.000 us) --> Read time : 25.411 us, Update time : 169.655 us, Write time : 2263.398 us
[ros2_control_node-1] [WARN] [1777471527.285623409] [controller_manager]: Overrun detected! The controller manager missed its desired rate of 1000 Hz. The loop took 2.527377 ms (missed cycles : 3).
[INFO] [move_group-20]: process started with pid [43299]
[INFO] [rviz2-21]: process started with pid [43300]
[wrist_camera_usb_publisher-8] [INFO] [1777471527.542699747] [wrist_camera_usb_publisher_node]: USB camera publisher heartbeat: publishing 1280x720 frames on /wrist_mounted_camera/image; camera_info fx=920.87, fy=921.57, cx=644.76, cy=343.15.
[adl_ui-15] 127.0.0.1 - - [29/Apr/2026 10:05:27] "GET /status_json HTTP/1.1" 200 -
[move_group-20] [INFO] [1777471527.603604115] [move_group.moveit.moveit.ros.rdf_loader]: Loaded robot model in 0.0081555 seconds
[move_group-20] [INFO] [1777471527.603751868] [move_group.moveit.moveit.core.robot_model]: Loading robot model 'gen3'...
[move_group-20] [INFO] [1777471527.603767588] [move_group.moveit.moveit.core.robot_model]: No root/virtual joint specified in SRDF. Assuming fixed joint
[move_group-20] [INFO] [1777471527.766947712] [move_group.moveit.moveit.kinematics.kdl_kinematics_plugin]: Joint weights for group 'manipulator': 1 1 1 1 1 1 1
[ros2_control_node-1] [INFO] [1777471527.826600531] [controller_manager]: Received robot description from topic.
[ros2_control_node-1] [WARN] [1777471527.826639866] [controller_manager]: ResourceManager has already loaded a urdf. Ignoring attempt to reload a robot description.
[rviz2-21] [INFO] [1777471527.887808254] [rviz2]: Stereo is NOT SUPPORTED
[rviz2-21] [INFO] [1777471527.887892736] [rviz2]: OpenGl version: 4.6 (GLSL 4.6)
[rviz2-21] [INFO] [1777471527.920179407] [rviz2]: Stereo is NOT SUPPORTED
[rviz2-21] Warning: class_loader.impl: SEVERE WARNING!!! A namespace collision has occurred with plugin factory for class rviz_default_plugins::displays::InteractiveMarkerDisplay. New factory will OVERWRITE existing one. This situation occurs when libraries containing plugins are directly linked against an executable (the one running right now generating this message). Please separate plugins out into their own library or just don't link against the library and use either class_loader::ClassLoader/MultiLibraryClassLoader to open.
[rviz2-21]          at line 321 in /opt/ros/jazzy/include/class_loader/class_loader/class_loader_core.hpp
[rviz2-21] [WARN] [1777471528.079657963] [rcl.logging_rosout]: Publisher already registered for node name: 'rviz2_moveit'. If this is due to multiple nodes with the same name then all logs for the logger named 'rviz2_moveit' will go out over the existing publisher. As soon as any node with that name is destructed it will unregister the publisher, preventing any further logs for that name from being published on the rosout topic.
[scene_static-7] [WARN] [1777471528.202196083] [scene_static_node]: Planning scene service not available, waiting...
[ros2_control_node-1] [WARN] [1777471528.286804528] [controller_manager]: Overrun might occur, Total time : 2693.035 us (Expected < 1000.000 us) --> Read time : 18.956 us, Update time : 136.733 us, Write time : 2537.346 us
[ros2_control_node-1] [WARN] [1777471528.286873263] [controller_manager]: Overrun detected! The controller manager missed its desired rate of 1000 Hz. The loop took 2.776767 ms (missed cycles : 3).
[move_group-20] [INFO] [1777471528.340807378] [move_group.moveit.moveit.ros.planning_scene_monitor]: Publishing maintained planning scene on 'monitored_planning_scene'
[move_group-20] [INFO] [1777471528.340988637] [move_group.moveit.moveit.ros.moveit_cpp]: Listening to 'joint_states' for joint states
[move_group-20] [INFO] [1777471528.342645943] [move_group.moveit.moveit.ros.current_state_monitor]: Listening to joint states on topic 'joint_states'
[move_group-20] [INFO] [1777471528.343448804] [move_group.moveit.moveit.ros.planning_scene_monitor]: Listening to '/attached_collision_object' for attached collision objects
[move_group-20] [INFO] [1777471528.343476015] [move_group.moveit.moveit.ros.planning_scene_monitor]: Stopping existing planning scene publisher.
[move_group-20] [INFO] [1777471528.344411563] [move_group.moveit.moveit.ros.planning_scene_monitor]: Stopped publishing maintained planning scene.
[move_group-20] [INFO] [1777471528.345654188] [move_group.moveit.moveit.ros.planning_scene_monitor]: Publishing maintained planning scene on 'monitored_planning_scene'
[move_group-20] [INFO] [1777471528.345888909] [move_group.moveit.moveit.ros.planning_scene_monitor]: Starting planning scene monitor
[move_group-20] [INFO] [1777471528.347211936] [move_group.moveit.moveit.ros.planning_scene_monitor]: Listening to '/planning_scene'
[move_group-20] [INFO] [1777471528.347243499] [move_group.moveit.moveit.ros.planning_scene_monitor]: Starting world geometry update monitor for collision objects, attached objects, octomap updates.
[move_group-20] [INFO] [1777471528.349746505] [move_group.moveit.moveit.ros.planning_scene_monitor]: Listening to 'collision_object'
[move_group-20] [INFO] [1777471528.350697256] [move_group.moveit.moveit.ros.planning_scene_monitor]: Listening to 'planning_scene_world' for planning scene world geometry
[move_group-20] [WARN] [1777471528.351735748] [move_group.moveit.moveit.ros.occupancy_map_monitor]: Resolution not specified for Octomap. Assuming resolution = 0.1 instead
[move_group-20] [ERROR] [1777471528.351782434] [move_group.moveit.moveit.ros.occupancy_map_monitor]: No 3D sensor plugin(s) defined for octomap updates
[adl_ui-15] 127.0.0.1 - - [29/Apr/2026 10:05:28] "GET /status_json HTTP/1.1" 200 -
[move_group-20] [INFO] [1777471528.616190789] [move_group.moveit.moveit.ros.planning_pipeline]: Successfully loaded planner 'OMPL'
[move_group-20] [INFO] [1777471528.620896635] [move_group]: Try loading adapter 'default_planning_request_adapters/ResolveConstraintFrames'
[move_group-20] [INFO] [1777471528.622358072] [move_group]: Loaded adapter 'default_planning_request_adapters/ResolveConstraintFrames'
[move_group-20] [INFO] [1777471528.622395655] [move_group]: Try loading adapter 'default_planning_request_adapters/ValidateWorkspaceBounds'
[move_group-20] [INFO] [1777471528.622680241] [move_group]: Loaded adapter 'default_planning_request_adapters/ValidateWorkspaceBounds'
[move_group-20] [INFO] [1777471528.622697733] [move_group]: Try loading adapter 'default_planning_request_adapters/CheckStartStateBounds'
[move_group-20] [INFO] [1777471528.622744990] [move_group]: Loaded adapter 'default_planning_request_adapters/CheckStartStateBounds'
[move_group-20] [INFO] [1777471528.622757810] [move_group]: Try loading adapter 'default_planning_request_adapters/CheckStartStateCollision'
[move_group-20] [INFO] [1777471528.622777240] [move_group]: Loaded adapter 'default_planning_request_adapters/CheckStartStateCollision'
[move_group-20] [INFO] [1777471528.626757872] [move_group]: Try loading adapter 'default_planning_response_adapters/AddTimeOptimalParameterization'
[move_group-20] [INFO] [1777471528.630410303] [move_group]: Loaded adapter 'default_planning_response_adapters/AddTimeOptimalParameterization'
[move_group-20] [INFO] [1777471528.630438468] [move_group]: Try loading adapter 'default_planning_response_adapters/ValidateSolution'
[move_group-20] [INFO] [1777471528.633556719] [move_group]: Loaded adapter 'default_planning_response_adapters/ValidateSolution'
[move_group-20] [INFO] [1777471528.633580326] [move_group]: Try loading adapter 'default_planning_response_adapters/DisplayMotionPath'
[move_group-20] [INFO] [1777471528.634458488] [move_group]: Loaded adapter 'default_planning_response_adapters/DisplayMotionPath'
[vision_apriltag-9] [INFO] [1777471529.040850016] [vision_apriltag_node]: Vision AprilTag: images are arriving on /wrist_mounted_camera/image, but no AprilTags have been detected yet.
[move_group-20] [INFO] [1777471529.048493471] [move_group.moveit.moveit.plugins.simple_controller_manager]: Added FollowJointTrajectory controller for joint_trajectory_controller
[move_group-20] [INFO] [1777471529.048805076] [move_group.moveit.moveit.plugins.simple_controller_manager]: robotiq_gripper_controller will command a max effort of: 0
[move_group-20] [INFO] [1777471529.056551815] [move_group.moveit.moveit.plugins.simple_controller_manager]: Added GripperCommand controller for robotiq_gripper_controller
[move_group-20] [INFO] [1777471529.056767838] [move_group.moveit.moveit.plugins.simple_controller_manager]: Returned 2 controllers in list
[move_group-20] [INFO] [1777471529.056808348] [move_group.moveit.moveit.plugins.simple_controller_manager]: Returned 2 controllers in list
[move_group-20] [INFO] [1777471529.057693343] [move_group.moveit.moveit.ros.trajectory_execution_manager]: Trajectory execution is managing controllers
[move_group-20] [INFO] [1777471529.057722380] [move_group]: MoveGroup debug mode is ON
[move_group-20] [INFO] [1777471529.098961952] [move_group.moveit.moveit.ros.move_group.executable]: 
[move_group-20] 
[move_group-20] ********************************************************
[move_group-20] * MoveGroup using: 
[move_group-20] *     - apply_planning_scene_service
[move_group-20] *     - clear_octomap_service
[move_group-20] *     - get_group_urdf
[move_group-20] *     - load_geometry_from_file
[move_group-20] *     - CartesianPathService
[move_group-20] *     - execute_trajectory_action
[move_group-20] *     - get_planning_scene_service
[move_group-20] *     - kinematics_service
[move_group-20] *     - move_action
[move_group-20] *     - motion_plan_service
[move_group-20] *     - query_planners_service
[move_group-20] *     - state_validation_service
[move_group-20] *     - save_geometry_to_file
[move_group-20] ********************************************************
[move_group-20] 
[move_group-20] [INFO] [1777471529.099043085] [move_group.moveit.moveit.ros.move_group.context]: MoveGroup context using pipeline ompl
[move_group-20] [INFO] [1777471529.099065746] [move_group.moveit.moveit.ros.move_group.context]: MoveGroup context initialization complete
[move_group-20] [96mLoading 'move_group/ApplyPlanningSceneService'...[0m
[move_group-20] [96mLoading 'move_group/ClearOctomapService'...[0m
[move_group-20] [96mLoading 'move_group/GetUrdfService'...[0m
[move_group-20] [96mLoading 'move_group/LoadGeometryFromFileService'...[0m
[move_group-20] [96mLoading 'move_group/MoveGroupCartesianPathService'...[0m
[move_group-20] [96mLoading 'move_group/MoveGroupExecuteTrajectoryAction'...[0m
[move_group-20] [96mLoading 'move_group/MoveGroupGetPlanningSceneService'...[0m
[move_group-20] [96mLoading 'move_group/MoveGroupKinematicsService'...[0m
[move_group-20] [96mLoading 'move_group/MoveGroupMoveAction'...[0m
[move_group-20] [96mLoading 'move_group/MoveGroupPlanService'...[0m
[move_group-20] [96mLoading 'move_group/MoveGroupQueryPlannersService'...[0m
[move_group-20] [96mLoading 'move_group/MoveGroupStateValidationService'...[0m
[move_group-20] [96mLoading 'move_group/SaveGeometryToFileService'...[0m
[move_group-20] 
[move_group-20] [92mYou can start planning now![0m
[move_group-20] 
[joint_state_sanitizer-3] [WARN] [1777471529.145573877] [joint_state_sanitizer_node]: [joint_state_sanitizer] Published sanitized joint state: joint_5:+3.142->+3.132
[scene_static-7] [INFO] [1777471529.204986526] [scene_static_node]: Planning scene service available. Building static scene...
[scene_static-7] [INFO] [1777471529.211937667] [scene_static_node]: Static scene built: 25 objects added to MoveIt planning scene.
[ros2_control_node-1] [WARN] [1777471529.289509533] [controller_manager]: Overrun might occur, Total time : 2398.322 us (Expected < 1000.000 us) --> Read time : 24.019 us, Update time : 170.847 us, Write time : 2203.456 us
[ros2_control_node-1] [WARN] [1777471529.289561681] [controller_manager]: Overrun detected! The controller manager missed its desired rate of 1000 Hz. The loop took 2.465637 ms (missed cycles : 3).
[adl_ui-15] 127.0.0.1 - - [29/Apr/2026 10:05:29] "GET /status_json HTTP/1.1" 200 -
[ros2_control_node-1] [WARN] [1777471530.292679831] [controller_manager]: Overrun might occur, Total time : 2537.183 us (Expected < 1000.000 us) --> Read time : 23.096 us, Update time : 149.197 us, Write time : 2364.890 us
[ros2_control_node-1] [WARN] [1777471530.292753693] [controller_manager]: Overrun detected! The controller manager missed its desired rate of 1000 Hz. The loop took 2.657490 ms (missed cycles : 3).
[adl_ui-15] 127.0.0.1 - - [29/Apr/2026 10:05:30] "GET /status_json HTTP/1.1" 200 -
[vision_apriltag-9] [INFO] [1777471530.988359093] [vision_apriltag_node]: Vision AprilTag detection debug: no tags found after raw/CLAHE/sharp/adaptive/upscaled/tiled passes.
[rviz2-21] [ERROR] [1777471531.130994650] [rviz2_moveit.moveit.ros.motion_planning_frame]: Action server: /recognize_objects not available
[rviz2-21] [INFO] [1777471531.190287902] [rviz2_moveit.moveit.ros.motion_planning_frame]: MoveGroup namespace changed: / -> . Reloading params.
[rviz2-21] [INFO] [1777471531.293199580] [rviz2_moveit.moveit.ros.rdf_loader]: Loaded robot model in 0.0139298 seconds
[rviz2-21] [INFO] [1777471531.293602152] [rviz2_moveit.moveit.core.robot_model]: Loading robot model 'gen3'...
[rviz2-21] [INFO] [1777471531.293635502] [rviz2_moveit.moveit.core.robot_model]: No root/virtual joint specified in SRDF. Assuming fixed joint
[ros2_control_node-1] [WARN] [1777471531.295040505] [controller_manager]: Overrun might occur, Total time : 2919.187 us (Expected < 1000.000 us) --> Read time : 39.286 us, Update time : 244.243 us, Write time : 2635.658 us
[ros2_control_node-1] [WARN] [1777471531.295104695] [controller_manager]: Overrun detected! The controller manager missed its desired rate of 1000 Hz. The loop took 3.008010 ms (missed cycles : 4).
[rviz2-21] [INFO] [1777471531.487793799] [rviz2_moveit.moveit.kinematics.kdl_kinematics_plugin]: Joint weights for group 'manipulator': 1 1 1 1 1 1 1
[adl_ui-15] 127.0.0.1 - - [29/Apr/2026 10:05:31] "GET /status_json HTTP/1.1" 200 -
[vision_apriltag-9] [INFO] [1777471531.691118695] [vision_apriltag_node]: Vision AprilTag: images are arriving on /wrist_mounted_camera/image, but no AprilTags have been detected yet.
[rviz2-21] [INFO] [1777471531.888454622] [rviz2_moveit.moveit.ros.planning_scene_monitor]: Starting planning scene monitor
[rviz2-21] [INFO] [1777471531.889505147] [rviz2_moveit.moveit.ros.planning_scene_monitor]: Listening to '/monitored_planning_scene'
[rviz2-21] [INFO] [1777471532.199218891] [interactive_marker_display_103758960897168]: Connected on namespace: /rviz_moveit_motion_planning_display/robot_interaction_interactive_marker_topic
[rviz2-21] [INFO] [1777471532.206235661] [rviz2_moveit.moveit.ros.robot_interaction]: No active joints or end effectors found for group 'gripper'. Make sure that kinematics.yaml is loaded in this node's namespace.
[rviz2-21] [INFO] [1777471532.207090823] [rviz2_moveit.moveit.ros.robot_interaction]: No active joints or end effectors found for group 'gripper'. Make sure that kinematics.yaml is loaded in this node's namespace.
[rviz2-21] [INFO] [1777471532.226651114] [interactive_marker_display_103758960897168]: Sending request for interactive markers
[rviz2-21] [INFO] [1777471532.258206395] [interactive_marker_display_103758960897168]: Service response received for initialization
[rviz2-21] [INFO] [1777471532.296413499] [rviz2_moveit.moveit.ros.motion_planning_frame]: group gripper
[rviz2-21] [INFO] [1777471532.296453215] [rviz2_moveit.moveit.ros.motion_planning_frame]: Constructing new MoveGroup connection for group 'gripper' in namespace ''
[ros2_control_node-1] [WARN] [1777471532.299018323] [controller_manager]: Overrun might occur, Total time : 3894.128 us (Expected < 1000.000 us) --> Read time : 42.266 us, Update time : 298.771 us, Write time : 3553.091 us
[ros2_control_node-1] [WARN] [1777471532.299096833] [controller_manager]: Overrun detected! The controller manager missed its desired rate of 1000 Hz. The loop took 3.999696 ms (missed cycles : 4).
[rviz2-21] [INFO] [1777471532.334239426] [rviz2_moveit.moveit.ros.move_group_interface]: Ready to take commands for planning group gripper.
[rviz2-21] [INFO] [1777471532.335007393] [rviz2_moveit.moveit.ros.motion_planning_frame]: group gripper
[adl_ui-15] 127.0.0.1 - - [29/Apr/2026 10:05:32] "GET /status_json HTTP/1.1" 200 -
[wrist_camera_usb_publisher-8] [INFO] [1777471532.700706530] [wrist_camera_usb_publisher_node]: USB camera publisher heartbeat: publishing 1280x720 frames on /wrist_mounted_camera/image; camera_info fx=920.87, fy=921.57, cx=644.76, cy=343.15.
[vision_apriltag-9] [INFO] [1777471533.037074533] [vision_apriltag_node]: Vision AprilTag: images are arriving on /wrist_mounted_camera/image, but no AprilTags have been detected yet.
[ros2_control_node-1] [WARN] [1777471533.299775190] [controller_manager]: Overrun might occur, Total time : 2640.838 us (Expected < 1000.000 us) --> Read time : 22.620 us, Update time : 173.318 us, Write time : 2444.900 us
[ros2_control_node-1] [WARN] [1777471533.299832958] [controller_manager]: Overrun detected! The controller manager missed its desired rate of 1000 Hz. The loop took 2.737391 ms (missed cycles : 3).
[adl_ui-15] 127.0.0.1 - - [29/Apr/2026 10:05:33] "GET /status_json HTTP/1.1" 200 -
[joint_state_sanitizer-3] [WARN] [1777471534.147438340] [joint_state_sanitizer_node]: [joint_state_sanitizer] Published sanitized joint state: joint_5:+3.142->+3.132
[ros2_control_node-1] [WARN] [1777471534.300750254] [controller_manager]: Overrun might occur, Total time : 2639.911 us (Expected < 1000.000 us) --> Read time : 21.688 us, Update time : 224.875 us, Write time : 2393.348 us
[ros2_control_node-1] [WARN] [1777471534.300814039] [controller_manager]: Overrun detected! The controller manager missed its desired rate of 1000 Hz. The loop took 2.718187 ms (missed cycles : 3).
[adl_ui-15] 127.0.0.1 - - [29/Apr/2026 10:05:34] "GET /status_json HTTP/1.1" 200 -
[vision_apriltag-9] [INFO] [1777471535.036208924] [vision_apriltag_node]: Vision AprilTag: images are arriving on /wrist_mounted_camera/image, but no AprilTags have been detected yet.
[ros2_control_node-1] [WARN] [1777471535.301570753] [controller_manager]: Overrun might occur, Total time : 2428.047 us (Expected < 1000.000 us) --> Read time : 21.458 us, Update time : 158.468 us, Write time : 2248.121 us
[ros2_control_node-1] [WARN] [1777471535.301656312] [controller_manager]: Overrun detected! The controller manager missed its desired rate of 1000 Hz. The loop took 2.559615 ms (missed cycles : 3).
[adl_ui-15] 127.0.0.1 - - [29/Apr/2026 10:05:35] "GET /status_json HTTP/1.1" 200 -
[ros2_control_node-1] [WARN] [1777471536.303125577] [controller_manager]: Overrun might occur, Total time : 3002.914 us (Expected < 1000.000 us) --> Read time : 41.525 us, Update time : 226.568 us, Write time : 2734.821 us
[ros2_control_node-1] [WARN] [1777471536.303191072] [controller_manager]: Overrun detected! The controller manager missed its desired rate of 1000 Hz. The loop took 3.094644 ms (missed cycles : 4).
[vision_apriltag-9] [INFO] [1777471536.571631738] [vision_apriltag_node]: Vision AprilTag detection debug: no tags found after raw/CLAHE/sharp/adaptive/upscaled/tiled passes.
[adl_ui-15] 127.0.0.1 - - [29/Apr/2026 10:05:36] "GET /status_json HTTP/1.1" 200 -
[vision_apriltag-9] [INFO] [1777471537.037779499] [vision_apriltag_node]: Vision AprilTag: images are arriving on /wrist_mounted_camera/image, but no AprilTags have been detected yet.
[ros2_control_node-1] [WARN] [1777471537.303671847] [controller_manager]: Overrun might occur, Total time : 2554.561 us (Expected < 1000.000 us) --> Read time : 48.277 us, Update time : 277.794 us, Write time : 2228.490 us
[ros2_control_node-1] [WARN] [1777471537.303767787] [controller_manager]: Overrun detected! The controller manager missed its desired rate of 1000 Hz. The loop took 2.671579 ms (missed cycles : 3).
[adl_ui-15] 127.0.0.1 - - [29/Apr/2026 10:05:37] "GET /status_json HTTP/1.1" 200 -
[wrist_camera_usb_publisher-8] [INFO] [1777471537.859616794] [wrist_camera_usb_publisher_node]: USB camera publisher heartbeat: publishing 1280x720 frames on /wrist_mounted_camera/image; camera_info fx=920.87, fy=921.57, cx=644.76, cy=343.15.
[ros2_control_node-1] [WARN] [1777471538.304865875] [controller_manager]: Overrun might occur, Total time : 2746.102 us (Expected < 1000.000 us) --> Read time : 46.522 us, Update time : 239.801 us, Write time : 2459.779 us
[ros2_control_node-1] [WARN] [1777471538.304938638] [controller_manager]: Overrun detected! The controller manager missed its desired rate of 1000 Hz. The loop took 2.842401 ms (missed cycles : 3).
[adl_ui-15] 127.0.0.1 - - [29/Apr/2026 10:05:38] "GET /status_json HTTP/1.1" 200 -
[vision_apriltag-9] [INFO] [1777471539.035955069] [vision_apriltag_node]: Vision AprilTag: images are arriving on /wrist_mounted_camera/image, but no AprilTags have been detected yet.
[joint_state_sanitizer-3] [WARN] [1777471539.154178656] [joint_state_sanitizer_node]: [joint_state_sanitizer] Published sanitized joint state: joint_5:+3.142->+3.132
[ros2_control_node-1] [WARN] [1777471539.307542698] [controller_manager]: Overrun might occur, Total time : 3420.635 us (Expected < 1000.000 us) --> Read time : 48.461 us, Update time : 314.938 us, Write time : 3057.236 us
[ros2_control_node-1] [WARN] [1777471539.307624523] [controller_manager]: Overrun detected! The controller manager missed its desired rate of 1000 Hz. The loop took 3.527384 ms (missed cycles : 4).
[adl_ui-15] 127.0.0.1 - - [29/Apr/2026 10:05:39] "GET /status_json HTTP/1.1" 200 -
[ros2_control_node-1] [WARN] [1777471540.311521642] [controller_manager]: Overrun might occur, Total time : 4400.050 us (Expected < 1000.000 us) --> Read time : 38.663 us, Update time : 245.029 us, Write time : 4116.358 us
[ros2_control_node-1] [WARN] [1777471540.311604494] [controller_manager]: Overrun detected! The controller manager missed its desired rate of 1000 Hz. The loop took 4.507616 ms (missed cycles : 5).
[adl_ui-15] 127.0.0.1 - - [29/Apr/2026 10:05:40] "GET /status_json HTTP/1.1" 200 -
[vision_apriltag-9] [INFO] [1777471541.036322556] [vision_apriltag_node]: Vision AprilTag: images are arriving on /wrist_mounted_camera/image, but no AprilTags have been detected yet.
[ros2_control_node-1] [WARN] [1777471541.312024905] [controller_manager]: Overrun might occur, Total time : 2901.865 us (Expected < 1000.000 us) --> Read time : 46.203 us, Update time : 386.982 us, Write time : 2468.680 us
[ros2_control_node-1] [WARN] [1777471541.312152538] [controller_manager]: Overrun detected! The controller manager missed its desired rate of 1000 Hz. The loop took 3.055555 ms (missed cycles : 4).
[adl_ui-15] 127.0.0.1 - - [29/Apr/2026 10:05:41] "GET /status_json HTTP/1.1" 200 -
[vision_apriltag-9] [INFO] [1777471541.948592998] [vision_apriltag_node]: Vision AprilTag detection debug: no tags found after raw/CLAHE/sharp/adaptive/upscaled/tiled passes.
[adl_ui-15] [INFO] [1777471542.043484523] [adl_ui_node]: UI command published: emergency_stop_retract
[adl_ui-15] 127.0.0.1 - - [29/Apr/2026 10:05:42] "POST /command HTTP/1.1" 200 -
[adl_ui-15] 127.0.0.1 - - [29/Apr/2026 10:05:42] "GET /status_json HTTP/1.1" 200 -
[adl_controller-11] [INFO] [1777471542.217723279] [adl_controller_node]: is_near_retract: current arm is not at target (worst=joint_5:3.132 rad > 0.100).
[adl_controller-11] [INFO] [1777471542.218556854] [adl_controller_node]: go_retract: planning to RETRACT_JOINTS...
[adl_controller-11] [INFO] [1777471542.219863754] [adl_controller_node]: _send_goal: dispatching MoveGroup request group=manipulator, attempts=10, allowed_time=15.00s, vel_scale=0.250, accel_scale=0.250, gc1:joints(joint_1=+0.000+/-0.030, joint_2=-0.350+/-0.030, joint_3=+3.140+/-0.030, joint_4=-2.540+/-0.030, joint_5=+0.000+/-0.030, joint_6=-0.870+/-0.030, joint_7=+1.570+/-0.030)
[move_group-20] [ERROR] [1777471542.221018000] [move_group.moveit.moveit.core.conversions]: Found empty JointState message
[INFO] [launch.user]: [arm_start.launch] move_group reported an empty JointState while sanitizer mode is active. Keeping the launch alive, but this still indicates a planning-state problem. move_group output: [ERROR] [1777471542.221018000] [move_group.moveit.moveit.core.conversions]: Found empty JointState message
[adl_controller-11] [ERROR] [1777471542.224152857] [adl_controller_node]: Start state: INVALID — 1 contact(s):
[adl_controller-11] [ERROR] [1777471542.224945045] [adl_controller_node]:   COLLISION: robotiq_85_left_finger_tip_link <-> bin_front, depth=0.0062m
[move_group-20] [INFO] [1777471542.226258364] [move_group.moveit.moveit.ros.move_group.move_action]: MoveGroupMoveAction: Received request
[move_group-20] [INFO] [1777471542.226736918] [move_group.moveit.moveit.ros.move_group.move_action]: executing..
[move_group-20] [INFO] [1777471542.227654901] [move_group.moveit.moveit.ros.move_group.move_action]: Combined planning and execution request received for MoveGroup action. Forwarding to planning and execution pipeline.
[move_group-20] [WARN] [1777471542.227708224] [move_group.moveit.moveit.ros.move_group.capability]: Execution of motions should always start at the robot's current state. Ignoring the state supplied as start state in the motion planning request
[move_group-20] [WARN] [1777471542.227734180] [move_group.moveit.moveit.ros.move_group.capability]: Execution of motions should always start at the robot's current state. Ignoring the state supplied as difference in the planning scene diff
[move_group-20] [INFO] [1777471542.227754705] [move_group.moveit.moveit.ros.plan_execution]: Planning attempt 1 of at most 1
[move_group-20] [INFO] [1777471542.228231111] [move_group]: Calling PlanningRequestAdapter 'ResolveConstraintFrames'
[move_group-20] [INFO] [1777471542.228292507] [move_group]: Calling PlanningRequestAdapter 'ValidateWorkspaceBounds'
[move_group-20] [INFO] [1777471542.228318648] [move_group]: Calling PlanningRequestAdapter 'CheckStartStateBounds'
[move_group-20] [INFO] [1777471542.228360482] [move_group]: Calling PlanningRequestAdapter 'CheckStartStateCollision'
[move_group-20] [ERROR] [1777471542.228516714] [move_group]: PlanningRequestAdapter 'CheckStartStateCollision' failed, because '1 contact(s) detected : bin_front - robotiq_85_left_finger_tip_link, '. Aborting planning pipeline.
[move_group-20] [INFO] [1777471542.228654267] [move_group.moveit.moveit.ros.move_group.move_action]: START_STATE_IN_COLLISION
[adl_controller-11] [INFO] [1777471542.229854851] [adl_controller_node]: _send_goal: MoveGroup goal accepted.
[adl_controller-11] [ERROR] [1777471542.235412982] [adl_controller_node]: MoveGroup execution failed.
[adl_controller-11]   error_code.val = -10
[adl_controller-11]   group_name      = manipulator
[adl_controller-11]   num_attempts    = 10
[adl_controller-11]   allowed_time    = 15.0
[adl_controller-11]   vel_scale       = 0.25
[adl_controller-11]   accel_scale     = 0.25
[adl_controller-11] If this persists, check move_group / controller logs for the meaning of this code (often control abort, invalid start state, or planning pipeline failure).
[adl_controller-11] [WARN] [1777471542.236255487] [adl_controller_node]: _recover_after_failure(): MoveGroup error_code=-10
[ros2_control_node-1] [WARN] [1777471542.314321134] [controller_manager]: Overrun might occur, Total time : 3180.713 us (Expected < 1000.000 us) --> Read time : 109.271 us, Update time : 362.118 us, Write time : 2709.324 us
[ros2_control_node-1] [WARN] [1777471542.314398942] [controller_manager]: Overrun detected! The controller manager missed its desired rate of 1000 Hz. The loop took 3.301888 ms (missed cycles : 4).
[adl_ui-15] 127.0.0.1 - - [29/Apr/2026 10:05:42] "GET /status_json HTTP/1.1" 200 -
[wrist_camera_usb_publisher-8] [INFO] [1777471543.023236550] [wrist_camera_usb_publisher_node]: USB camera publisher heartbeat: publishing 1280x720 frames on /wrist_mounted_camera/image; camera_info fx=920.87, fy=921.57, cx=644.76, cy=343.15.
[ros2_control_node-1] [WARN] [1777471543.318023876] [controller_manager]: Overrun might occur, Total time : 2908.829 us (Expected < 1000.000 us) --> Read time : 34.069 us, Update time : 243.237 us, Write time : 2631.523 us
[ros2_control_node-1] [WARN] [1777471543.318087320] [controller_manager]: Overrun detected! The controller manager missed its desired rate of 1000 Hz. The loop took 2.990967 ms (missed cycles : 3).
[adl_controller-11] [INFO] [1777471543.541782891] [adl_controller_node]: is_near_retract: current arm is not at target (worst=joint_5:3.132 rad > 0.100).
[adl_controller-11] [INFO] [1777471543.542593439] [adl_controller_node]: is_near_retract: current arm is not at target (worst=joint_5:3.132 rad > 0.100).
[adl_ui-15] 127.0.0.1 - - [29/Apr/2026 10:05:43] "GET /status_json HTTP/1.1" 200 -
[vision_apriltag-9] [INFO] [1777471543.580906888] [vision_apriltag_node]: Vision AprilTag: images are arriving on /wrist_mounted_camera/image, but no AprilTags have been detected yet.
[adl_controller-11] [INFO] [1777471543.793769785] [adl_controller_node]: is_near_retract: current arm is not at target (worst=joint_5:3.132 rad > 0.100).
[adl_controller-11] [INFO] [1777471544.044656353] [adl_controller_node]: is_near_retract: current arm is not at target (worst=joint_5:3.132 rad > 0.100).
[joint_state_sanitizer-3] [WARN] [1777471544.156549797] [joint_state_sanitizer_node]: [joint_state_sanitizer] Published sanitized joint state: joint_5:+3.142->+3.132
[adl_controller-11] [INFO] [1777471544.301238366] [adl_controller_node]: is_near_retract: current arm is not at target (worst=joint_5:3.132 rad > 0.100).
[ros2_control_node-1] [WARN] [1777471544.320623450] [controller_manager]: Overrun might occur, Total time : 2511.089 us (Expected < 1000.000 us) --> Read time : 25.302 us, Update time : 167.038 us, Write time : 2318.749 us
[ros2_control_node-1] [WARN] [1777471544.320672239] [controller_manager]: Overrun detected! The controller manager missed its desired rate of 1000 Hz. The loop took 2.576435 ms (missed cycles : 3).
[adl_ui-15] 127.0.0.1 - - [29/Apr/2026 10:05:44] "GET /status_json HTTP/1.1" 200 -
[adl_controller-11] [INFO] [1777471544.551930673] [adl_controller_node]: is_near_retract: current arm is not at target (worst=joint_5:3.132 rad > 0.100).
[adl_controller-11] [INFO] [1777471544.814775726] [adl_controller_node]: is_near_retract: current arm is not at target (worst=joint_5:3.132 rad > 0.100).
[vision_apriltag-9] [INFO] [1777471545.038032161] [vision_apriltag_node]: Vision AprilTag: images are arriving on /wrist_mounted_camera/image, but no AprilTags have been detected yet.
[adl_controller-11] [INFO] [1777471545.065477666] [adl_controller_node]: is_near_retract: current arm is not at target (worst=joint_5:3.132 rad > 0.100).
[adl_ui-15] 127.0.0.1 - - [29/Apr/2026 10:05:45] "GET /status_json HTTP/1.1" 200 -
[adl_controller-11] [INFO] [1777471545.316342660] [adl_controller_node]: is_near_retract: current arm is not at target (worst=joint_5:3.132 rad > 0.100).
[ros2_control_node-1] [WARN] [1777471545.323245577] [controller_manager]: Overrun might occur, Total time : 3117.092 us (Expected < 1000.000 us) --> Read time : 50.622 us, Update time : 352.378 us, Write time : 2714.092 us
[ros2_control_node-1] [WARN] [1777471545.323326664] [controller_manager]: Overrun detected! The controller manager missed its desired rate of 1000 Hz. The loop took 3.229575 ms (missed cycles : 4).
[adl_controller-11] [INFO] [1777471545.566963592] [adl_controller_node]: is_near_retract: current arm is not at target (worst=joint_5:3.132 rad > 0.100).
[adl_controller-11] [INFO] [1777471545.817883731] [adl_controller_node]: is_near_retract: current arm is not at target (worst=joint_5:3.132 rad > 0.100).
[adl_ui-15] 127.0.0.1 - - [29/Apr/2026 10:05:45] "GET /status_json HTTP/1.1" 200 -
[adl_controller-11] [INFO] [1777471546.070534219] [adl_controller_node]: is_near_retract: current arm is not at target (worst=joint_5:3.132 rad > 0.100).
[adl_controller-11] [INFO] [1777471546.321234499] [adl_controller_node]: is_near_retract: current arm is not at target (worst=joint_5:3.132 rad > 0.100).
[ros2_control_node-1] [WARN] [1777471546.323459143] [controller_manager]: Overrun might occur, Total time : 2339.322 us (Expected < 1000.000 us) --> Read time : 29.473 us, Update time : 201.279 us, Write time : 2108.570 us
[ros2_control_node-1] [WARN] [1777471546.323525228] [controller_manager]: Overrun detected! The controller manager missed its desired rate of 1000 Hz. The loop took 2.429184 ms (missed cycles : 3).
[adl_controller-11] [INFO] [1777471546.582062762] [adl_controller_node]: is_near_retract: current arm is not at target (worst=joint_5:3.132 rad > 0.100).
[adl_ui-15] 127.0.0.1 - - [29/Apr/2026 10:05:46] "GET /status_json HTTP/1.1" 200 -
[adl_controller-11] [INFO] [1777471546.832793329] [adl_controller_node]: is_near_retract: current arm is not at target (worst=joint_5:3.132 rad > 0.100).
[vision_apriltag-9] [INFO] [1777471546.969212390] [vision_apriltag_node]: Vision AprilTag detection debug: no tags found after raw/CLAHE/sharp/adaptive/upscaled/tiled passes.
[vision_apriltag-9] [INFO] [1777471547.036346807] [vision_apriltag_node]: Vision AprilTag: images are arriving on /wrist_mounted_camera/image, but no AprilTags have been detected yet.
[adl_controller-11] [INFO] [1777471547.083688898] [adl_controller_node]: is_near_retract: current arm is not at target (worst=joint_5:3.132 rad > 0.100).
[ros2_control_node-1] [WARN] [1777471547.326100367] [controller_manager]: Overrun might occur, Total time : 2984.154 us (Expected < 1000.000 us) --> Read time : 21.711 us, Update time : 151.798 us, Write time : 2810.645 us
[ros2_control_node-1] [WARN] [1777471547.326175950] [controller_manager]: Overrun detected! The controller manager missed its desired rate of 1000 Hz. The loop took 3.079485 ms (missed cycles : 4).
[adl_controller-11] [INFO] [1777471547.334625537] [adl_controller_node]: is_near_retract: current arm is not at target (worst=joint_5:3.132 rad > 0.100).
[adl_ui-15] 127.0.0.1 - - [29/Apr/2026 10:05:47] "GET /status_json HTTP/1.1" 200 -
[adl_controller-11] [INFO] [1777471547.585587981] [adl_controller_node]: is_near_retract: current arm is not at target (worst=joint_5:3.132 rad > 0.100).
[adl_controller-11] [INFO] [1777471547.837299413] [adl_controller_node]: is_near_retract: current arm is not at target (worst=joint_5:3.132 rad > 0.100).
[adl_controller-11] [INFO] [1777471548.091900248] [adl_controller_node]: is_near_retract: current arm is not at target (worst=joint_5:3.132 rad > 0.100).
[adl_ui-15] 127.0.0.1 - - [29/Apr/2026 10:05:48] "GET /status_json HTTP/1.1" 200 -
[wrist_camera_usb_publisher-8] [INFO] [1777471548.181485978] [wrist_camera_usb_publisher_node]: USB camera publisher heartbeat: publishing 1280x720 frames on /wrist_mounted_camera/image; camera_info fx=920.87, fy=921.57, cx=644.76, cy=343.15.
[ros2_control_node-1] [WARN] [1777471548.327465858] [controller_manager]: Overrun might occur, Total time : 2332.494 us (Expected < 1000.000 us) --> Read time : 25.283 us, Update time : 203.652 us, Write time : 2103.559 us
[ros2_control_node-1] [WARN] [1777471548.327580554] [controller_manager]: Overrun detected! The controller manager missed its desired rate of 1000 Hz. The loop took 2.483741 ms (missed cycles : 3).
[adl_controller-11] [INFO] [1777471548.342532106] [adl_controller_node]: is_near_retract: current arm is not at target (worst=joint_5:3.132 rad > 0.100).
[adl_controller-11] [INFO] [1777471548.593454995] [adl_controller_node]: is_near_retract: current arm is not at target (worst=joint_5:3.132 rad > 0.100).
[adl_controller-11] [INFO] [1777471548.845487626] [adl_controller_node]: is_near_retract: current arm is not at target (worst=joint_5:3.132 rad > 0.100).
[adl_ui-15] 127.0.0.1 - - [29/Apr/2026 10:05:48] "GET /status_json HTTP/1.1" 200 -
[vision_apriltag-9] [INFO] [1777471549.043990930] [vision_apriltag_node]: Vision AprilTag: images are arriving on /wrist_mounted_camera/image, but no AprilTags have been detected yet.
[adl_controller-11] [INFO] [1777471549.130755067] [adl_controller_node]: is_near_retract: current arm is not at target (worst=joint_5:3.132 rad > 0.100).
[joint_state_sanitizer-3] [WARN] [1777471549.156422573] [joint_state_sanitizer_node]: [joint_state_sanitizer] Published sanitized joint state: joint_5:-3.142->-3.132
[ros2_control_node-1] [WARN] [1777471549.329062053] [controller_manager]: Overrun might occur, Total time : 2949.364 us (Expected < 1000.000 us) --> Read time : 34.002 us, Update time : 222.557 us, Write time : 2692.805 us
[ros2_control_node-1] [WARN] [1777471549.329120796] [controller_manager]: Overrun detected! The controller manager missed its desired rate of 1000 Hz. The loop took 3.024133 ms (missed cycles : 4).
[adl_controller-11] [INFO] [1777471549.385083705] [adl_controller_node]: is_near_retract: current arm is not at target (worst=joint_5:3.132 rad > 0.100).
[adl_controller-11] [INFO] [1777471549.638020067] [adl_controller_node]: is_near_retract: current arm is not at target (worst=joint_5:3.132 rad > 0.100).
[adl_ui-15] 127.0.0.1 - - [29/Apr/2026 10:05:49] "GET /status_json HTTP/1.1" 200 -
[adl_controller-11] [INFO] [1777471549.891520962] [adl_controller_node]: is_near_retract: current arm is not at target (worst=joint_5:3.132 rad > 0.100).
[adl_controller-11] [INFO] [1777471550.142654564] [adl_controller_node]: is_near_retract: current arm is not at target (worst=joint_5:3.132 rad > 0.100).
[ros2_control_node-1] [WARN] [1777471550.330348570] [controller_manager]: Overrun might occur, Total time : 2235.975 us (Expected < 1000.000 us) --> Read time : 26.213 us, Update time : 201.434 us, Write time : 2008.328 us
[ros2_control_node-1] [WARN] [1777471550.330403390] [controller_manager]: Overrun detected! The controller manager missed its desired rate of 1000 Hz. The loop took 2.307366 ms (missed cycles : 3).
[adl_controller-11] [INFO] [1777471550.393695434] [adl_controller_node]: is_near_retract: current arm is not at target (worst=joint_5:3.132 rad > 0.100).
[adl_ui-15] 127.0.0.1 - - [29/Apr/2026 10:05:50] "GET /status_json HTTP/1.1" 200 -
[adl_controller-11] [INFO] [1777471550.678967229] [adl_controller_node]: is_near_retract: current arm is not at target (worst=joint_5:3.132 rad > 0.100).
[adl_controller-11] [INFO] [1777471550.935205026] [adl_controller_node]: is_near_retract: current arm is not at target (worst=joint_5:3.132 rad > 0.100).
[vision_apriltag-9] [INFO] [1777471551.036532633] [vision_apriltag_node]: Vision AprilTag: images are arriving on /wrist_mounted_camera/image, but no AprilTags have been detected yet.
[adl_ui-15] 127.0.0.1 - - [29/Apr/2026 10:05:51] "GET /status_json HTTP/1.1" 200 -
[adl_controller-11] [INFO] [1777471551.186726483] [adl_controller_node]: is_near_retract: current arm is not at target (worst=joint_5:3.132 rad > 0.100).
[ros2_control_node-1] [WARN] [1777471551.331791934] [controller_manager]: Overrun might occur, Total time : 2659.779 us (Expected < 1000.000 us) --> Read time : 21.945 us, Update time : 166.969 us, Write time : 2470.865 us
[ros2_control_node-1] [WARN] [1777471551.331835821] [controller_manager]: Overrun detected! The controller manager missed its desired rate of 1000 Hz. The loop took 2.739857 ms (missed cycles : 3).
[adl_controller-11] [INFO] [1777471551.437688378] [adl_controller_node]: is_near_retract: current arm is not at target (worst=joint_5:3.132 rad > 0.100).
[adl_controller-11] [INFO] [1777471551.689094893] [adl_controller_node]: is_near_retract: current arm is not at target (worst=joint_5:3.132 rad > 0.100).
[adl_ui-15] 127.0.0.1 - - [29/Apr/2026 10:05:51] "GET /status_json HTTP/1.1" 200 -
[adl_controller-11] [INFO] [1777471551.940106523] [adl_controller_node]: is_near_retract: current arm is not at target (worst=joint_5:3.132 rad > 0.100).
[adl_controller-11] [INFO] [1777471552.201134061] [adl_controller_node]: is_near_retract: current arm is not at target (worst=joint_5:3.132 rad > 0.100).
[vision_apriltag-9] [INFO] [1777471552.208792366] [vision_apriltag_node]: Vision AprilTag detection debug: no tags found after raw/CLAHE/sharp/adaptive/upscaled/tiled passes.
[ros2_control_node-1] [WARN] [1777471552.334006483] [controller_manager]: Overrun might occur, Total time : 2866.379 us (Expected < 1000.000 us) --> Read time : 90.759 us, Update time : 349.452 us, Write time : 2426.168 us
[ros2_control_node-1] [WARN] [1777471552.334055140] [controller_manager]: Overrun detected! The controller manager missed its desired rate of 1000 Hz. The loop took 2.959505 ms (missed cycles : 3).
[adl_controller-11] [INFO] [1777471552.453562551] [adl_controller_node]: is_near_retract: current arm is not at target (worst=joint_5:3.132 rad > 0.100).
[adl_ui-15] 127.0.0.1 - - [29/Apr/2026 10:05:52] "GET /status_json HTTP/1.1" 200 -
[adl_controller-11] [INFO] [1777471552.704234366] [adl_controller_node]: is_near_retract: current arm is not at target (worst=joint_5:3.132 rad > 0.100).
[adl_controller-11] [INFO] [1777471552.954922308] [adl_controller_node]: is_near_retract: current arm is not at target (worst=joint_5:3.132 rad > 0.100).
[vision_apriltag-9] [INFO] [1777471553.037092151] [vision_apriltag_node]: Vision AprilTag: images are arriving on /wrist_mounted_camera/image, but no AprilTags have been detected yet.
[adl_controller-11] [INFO] [1777471553.205653051] [adl_controller_node]: is_near_retract: current arm is not at target (worst=joint_5:3.132 rad > 0.100).
[ros2_control_node-1] [WARN] [1777471553.335171587] [controller_manager]: Overrun might occur, Total time : 3059.541 us (Expected < 1000.000 us) --> Read time : 21.284 us, Update time : 189.289 us, Write time : 2848.968 us
[ros2_control_node-1] [WARN] [1777471553.335233662] [controller_manager]: Overrun detected! The controller manager missed its desired rate of 1000 Hz. The loop took 3.137391 ms (missed cycles : 4).
[wrist_camera_usb_publisher-8] [INFO] [1777471553.341524812] [wrist_camera_usb_publisher_node]: USB camera publisher heartbeat: publishing 1280x720 frames on /wrist_mounted_camera/image; camera_info fx=920.87, fy=921.57, cx=644.76, cy=343.15.
[adl_ui-15] 127.0.0.1 - - [29/Apr/2026 10:05:53] "GET /status_json HTTP/1.1" 200 -
[adl_controller-11] [INFO] [1777471553.456581643] [adl_controller_node]: is_near_retract: current arm is not at target (worst=joint_5:3.132 rad > 0.100).
[scene_from_vision-10] [INFO] [1777471553.710169525] [scene_from_vision_node]: Scene memory cleared. Removed remembered IDs: []
[joint_state_sanitizer-3] [WARN] [1777471554.159022363] [joint_state_sanitizer_node]: [joint_state_sanitizer] Published sanitized joint state: joint_5:+3.142->+3.132
[adl_ui-15] 127.0.0.1 - - [29/Apr/2026 10:05:54] "GET /status_json HTTP/1.1" 200 -
[ros2_control_node-1] [WARN] [1777471554.338291739] [controller_manager]: Overrun might occur, Total time : 3169.703 us (Expected < 1000.000 us) --> Read time : 42.719 us, Update time : 340.588 us, Write time : 2786.396 us
[ros2_control_node-1] [WARN] [1777471554.338386937] [controller_manager]: Overrun detected! The controller manager missed its desired rate of 1000 Hz. The loop took 3.290672 ms (missed cycles : 4).
[adl_ui-15] 127.0.0.1 - - [29/Apr/2026 10:05:54] "GET /status_json HTTP/1.1" 200 -
[vision_apriltag-9] [INFO] [1777471555.141766342] [vision_apriltag_node]: Vision AprilTag: images are arriving on /wrist_mounted_camera/image, but no AprilTags have been detected yet.
[ros2_control_node-1] [WARN] [1777471555.339013989] [controller_manager]: Overrun might occur, Total time : 3857.122 us (Expected < 1000.000 us) --> Read time : 142.156 us, Update time : 671.111 us, Write time : 3043.855 us
[ros2_control_node-1] [WARN] [1777471555.339123396] [controller_manager]: Overrun detected! The controller manager missed its desired rate of 1000 Hz. The loop took 4.024596 ms (missed cycles : 5).
[adl_ui-15] 127.0.0.1 - - [29/Apr/2026 10:05:55] "GET /status_json HTTP/1.1" 200 -
[ros2_control_node-1] [WARN] [1777471556.340569696] [controller_manager]: Overrun might occur, Total time : 2446.279 us (Expected < 1000.000 us) --> Read time : 45.106 us, Update time : 248.784 us, Write time : 2152.389 us
[ros2_control_node-1] [WARN] [1777471556.340642307] [controller_manager]: Overrun detected! The controller manager missed its desired rate of 1000 Hz. The loop took 2.545379 ms (missed cycles : 3).
[adl_ui-15] 127.0.0.1 - - [29/Apr/2026 10:05:56] "GET /status_json HTTP/1.1" 200 -
[vision_apriltag-9] [INFO] [1777471557.037190655] [vision_apriltag_node]: Vision AprilTag: images are arriving on /wrist_mounted_camera/image, but no AprilTags have been detected yet.
[adl_ui-15] 127.0.0.1 - - [29/Apr/2026 10:05:57] "GET /status_json HTTP/1.1" 200 -
[ros2_control_node-1] [WARN] [1777471557.341175120] [controller_manager]: Overrun might occur, Total time : 3015.551 us (Expected < 1000.000 us) --> Read time : 84.912 us, Update time : 397.547 us, Write time : 2533.092 us
[ros2_control_node-1] [WARN] [1777471557.341294735] [controller_manager]: Overrun detected! The controller manager missed its desired rate of 1000 Hz. The loop took 3.195582 ms (missed cycles : 4).
[adl_ui-15] [INFO] [1777471557.425024227] [adl_ui_node]: UI command published: emergency_stop_retract
[adl_ui-15] 127.0.0.1 - - [29/Apr/2026 10:05:57] "POST /command HTTP/1.1" 200 -
[adl_ui-15] 127.0.0.1 - - [29/Apr/2026 10:05:57] "GET /status_json HTTP/1.1" 200 -
[vision_apriltag-9] [INFO] [1777471557.770124739] [vision_apriltag_node]: Vision AprilTag detection debug: no tags found after raw/CLAHE/sharp/adaptive/upscaled/tiled passes.
[adl_ui-15] 127.0.0.1 - - [29/Apr/2026 10:05:58] "GET /status_json HTTP/1.1" 200 -
[ros2_control_node-1] [WARN] [1777471558.341426226] [controller_manager]: Overrun might occur, Total time : 4306.543 us (Expected < 1000.000 us) --> Read time : 38.454 us, Update time : 238.259 us, Write time : 4029.830 us
[ros2_control_node-1] [WARN] [1777471558.341502734] [controller_manager]: Overrun detected! The controller manager missed its desired rate of 1000 Hz. The loop took 4.405514 ms (missed cycles : 5).
[wrist_camera_usb_publisher-8] [INFO] [1777471558.501456134] [wrist_camera_usb_publisher_node]: USB camera publisher heartbeat: publishing 1280x720 frames on /wrist_mounted_camera/image; camera_info fx=920.87, fy=921.57, cx=644.76, cy=343.15.
[adl_controller-11] [WARN] [1777471558.744457057] [adl_controller_node]: Scene clear timed out after idle emergency stop retract.
[adl_controller-11] [INFO] [1777471558.913082671] [adl_controller_node]: is_near_retract: current arm is not at target (worst=joint_5:3.132 rad > 0.100).
[adl_controller-11] [INFO] [1777471558.913637252] [adl_controller_node]: go_retract: planning to RETRACT_JOINTS...
[adl_controller-11] [INFO] [1777471558.914442502] [adl_controller_node]: _send_goal: dispatching MoveGroup request group=manipulator, attempts=10, allowed_time=15.00s, vel_scale=0.250, accel_scale=0.250, gc1:joints(joint_1=+0.000+/-0.030, joint_2=-0.350+/-0.030, joint_3=+3.140+/-0.030, joint_4=-2.540+/-0.030, joint_5=+0.000+/-0.030, joint_6=-0.870+/-0.030, joint_7=+1.570+/-0.030)
[move_group-20] [ERROR] [1777471558.915128573] [move_group.moveit.moveit.core.conversions]: Found empty JointState message
[adl_controller-11] [ERROR] [1777471558.917748423] [adl_controller_node]: Start state: INVALID — 1 contact(s):
[adl_controller-11] [ERROR] [1777471558.918598897] [adl_controller_node]:   COLLISION: robotiq_85_left_finger_tip_link <-> bin_front, depth=0.0061m
[move_group-20] [INFO] [1777471558.920475227] [move_group.moveit.moveit.ros.move_group.move_action]: MoveGroupMoveAction: Received request
[move_group-20] [INFO] [1777471558.920764241] [move_group.moveit.moveit.ros.move_group.move_action]: executing..
[adl_controller-11] [INFO] [1777471558.924056888] [adl_controller_node]: _send_goal: MoveGroup goal accepted.
[move_group-20] [INFO] [1777471558.927040689] [move_group.moveit.moveit.ros.move_group.move_action]: Combined planning and execution request received for MoveGroup action. Forwarding to planning and execution pipeline.
[move_group-20] [WARN] [1777471558.927098942] [move_group.moveit.moveit.ros.move_group.capability]: Execution of motions should always start at the robot's current state. Ignoring the state supplied as start state in the motion planning request
[move_group-20] [WARN] [1777471558.927122105] [move_group.moveit.moveit.ros.move_group.capability]: Execution of motions should always start at the robot's current state. Ignoring the state supplied as difference in the planning scene diff
[move_group-20] [INFO] [1777471558.927134487] [move_group.moveit.moveit.ros.plan_execution]: Planning attempt 1 of at most 1
[move_group-20] [INFO] [1777471558.927376477] [move_group]: Calling PlanningRequestAdapter 'ResolveConstraintFrames'
[move_group-20] [INFO] [1777471558.927429347] [move_group]: Calling PlanningRequestAdapter 'ValidateWorkspaceBounds'
[move_group-20] [INFO] [1777471558.927453253] [move_group]: Calling PlanningRequestAdapter 'CheckStartStateBounds'
[move_group-20] [INFO] [1777471558.927480645] [move_group]: Calling PlanningRequestAdapter 'CheckStartStateCollision'
[move_group-20] [ERROR] [1777471558.927642940] [move_group]: PlanningRequestAdapter 'CheckStartStateCollision' failed, because '1 contact(s) detected : bin_front - robotiq_85_left_finger_tip_link, '. Aborting planning pipeline.
[move_group-20] [INFO] [1777471558.927730689] [move_group.moveit.moveit.ros.move_group.move_action]: START_STATE_IN_COLLISION
[adl_controller-11] [ERROR] [1777471558.932101831] [adl_controller_node]: MoveGroup execution failed.
[adl_controller-11]   error_code.val = -10
[adl_controller-11]   group_name      = manipulator
[adl_controller-11]   num_attempts    = 10
[adl_controller-11]   allowed_time    = 15.0
[adl_controller-11]   vel_scale       = 0.25
[adl_controller-11]   accel_scale     = 0.25
[adl_controller-11] If this persists, check move_group / controller logs for the meaning of this code (often control abort, invalid start state, or planning pipeline failure).
[adl_controller-11] [WARN] [1777471558.932778368] [adl_controller_node]: _recover_after_failure(): MoveGroup error_code=-10
[adl_ui-15] 127.0.0.1 - - [29/Apr/2026 10:05:58] "GET /status_json HTTP/1.1" 200 -
[vision_apriltag-9] [INFO] [1777471559.036080700] [vision_apriltag_node]: Vision AprilTag: images are arriving on /wrist_mounted_camera/image, but no AprilTags have been detected yet.
[joint_state_sanitizer-3] [WARN] [1777471559.162573530] [joint_state_sanitizer_node]: [joint_state_sanitizer] Published sanitized joint state: joint_5:+3.142->+3.132
[ros2_control_node-1] [WARN] [1777471559.342033464] [controller_manager]: Overrun might occur, Total time : 2914.881 us (Expected < 1000.000 us) --> Read time : 39.821 us, Update time : 271.034 us, Write time : 2604.026 us
[ros2_control_node-1] [WARN] [1777471559.342116390] [controller_manager]: Overrun detected! The controller manager missed its desired rate of 1000 Hz. The loop took 3.020023 ms (missed cycles : 4).
[adl_ui-15] 127.0.0.1 - - [29/Apr/2026 10:05:59] "GET /status_json HTTP/1.1" 200 -
[adl_controller-11] [INFO] [1777471560.235951760] [adl_controller_node]: is_near_retract: current arm is not at target (worst=joint_5:3.132 rad > 0.100).
[adl_controller-11] [INFO] [1777471560.237272739] [adl_controller_node]: is_near_retract: current arm is not at target (worst=joint_5:3.132 rad > 0.100).
[ros2_control_node-1] [WARN] [1777471560.343293230] [controller_manager]: Overrun might occur, Total time : 2156.891 us (Expected < 1000.000 us) --> Read time : 17.260 us, Update time : 136.554 us, Write time : 2003.077 us
[ros2_control_node-1] [WARN] [1777471560.343354221] [controller_manager]: Overrun detected! The controller manager missed its desired rate of 1000 Hz. The loop took 2.257732 ms (missed cycles : 3).
[adl_ui-15] 127.0.0.1 - - [29/Apr/2026 10:06:00] "GET /status_json HTTP/1.1" 200 -
[adl_controller-11] [INFO] [1777471560.490334340] [adl_controller_node]: is_near_retract: current arm is not at target (worst=joint_5:3.132 rad > 0.100).
[adl_controller-11] [INFO] [1777471560.741441702] [adl_controller_node]: is_near_retract: current arm is not at target (worst=joint_5:3.132 rad > 0.100).
[adl_controller-11] [INFO] [1777471560.992434086] [adl_controller_node]: is_near_retract: current arm is not at target (worst=joint_5:3.132 rad > 0.100).
[vision_apriltag-9] [INFO] [1777471561.038636918] [vision_apriltag_node]: Vision AprilTag: images are arriving on /wrist_mounted_camera/image, but no AprilTags have been detected yet.
[adl_ui-15] 127.0.0.1 - - [29/Apr/2026 10:06:01] "GET /status_json HTTP/1.1" 200 -
[adl_controller-11] [INFO] [1777471561.243316442] [adl_controller_node]: is_near_retract: current arm is not at target (worst=joint_5:3.132 rad > 0.100).
[ros2_control_node-1] [WARN] [1777471561.345640576] [controller_manager]: Overrun might occur, Total time : 2510.907 us (Expected < 1000.000 us) --> Read time : 32.453 us, Update time : 248.814 us, Write time : 2229.640 us
[ros2_control_node-1] [WARN] [1777471561.345740971] [controller_manager]: Overrun detected! The controller manager missed its desired rate of 1000 Hz. The loop took 2.645144 ms (missed cycles : 3).
[adl_controller-11] [INFO] [1777471561.494587833] [adl_controller_node]: is_near_retract: current arm is not at target (worst=joint_5:3.132 rad > 0.100).
[adl_controller-11] [INFO] [1777471561.745389841] [adl_controller_node]: is_near_retract: current arm is not at target (worst=joint_5:3.132 rad > 0.100).
[adl_ui-15] 127.0.0.1 - - [29/Apr/2026 10:06:01] "GET /status_json HTTP/1.1" 200 -
[adl_controller-11] [INFO] [1777471561.996641782] [adl_controller_node]: is_near_retract: current arm is not at target (worst=joint_5:3.132 rad > 0.100).
[adl_controller-11] [INFO] [1777471562.249649496] [adl_controller_node]: is_near_retract: current arm is not at target (worst=joint_5:3.132 rad > 0.100).
[ros2_control_node-1] [WARN] [1777471562.347487907] [controller_manager]: Overrun might occur, Total time : 3362.863 us (Expected < 1000.000 us) --> Read time : 70.357 us, Update time : 425.402 us, Write time : 2867.104 us
[ros2_control_node-1] [WARN] [1777471562.347568149] [controller_manager]: Overrun detected! The controller manager missed its desired rate of 1000 Hz. The loop took 3.471670 ms (missed cycles : 4).
[rviz2-21] [INFO] [1777471562.392781810] [rviz2_moveit.moveit.ros.planning_scene_monitor]: Stopping planning scene monitor
[adl_controller-11] [INFO] [1777471562.501430998] [adl_controller_node]: is_near_retract: current arm is not at target (worst=joint_5:3.132 rad > 0.100).
[INFO] [rviz2-21]: process has finished cleanly [pid 43300]
[adl_ui-15] 127.0.0.1 - - [29/Apr/2026 10:06:02] "GET /status_json HTTP/1.1" 200 -
[adl_controller-11] [INFO] [1777471562.752449210] [adl_controller_node]: is_near_retract: current arm is not at target (worst=joint_5:3.132 rad > 0.100).
[vision_apriltag-9] [INFO] [1777471562.823420380] [vision_apriltag_node]: Vision AprilTag detection debug: no tags found after raw/CLAHE/sharp/adaptive/upscaled/tiled passes.
[adl_controller-11] [INFO] [1777471563.003102188] [adl_controller_node]: is_near_retract: current arm is not at target (worst=joint_5:3.132 rad > 0.100).
[vision_apriltag-9] [INFO] [1777471563.036164784] [vision_apriltag_node]: Vision AprilTag: images are arriving on /wrist_mounted_camera/image, but no AprilTags have been detected yet.
[adl_controller-11] [INFO] [1777471563.263361496] [adl_controller_node]: is_near_retract: current arm is not at target (worst=joint_5:3.132 rad > 0.100).
[ros2_control_node-1] [WARN] [1777471563.347784438] [controller_manager]: Overrun might occur, Total time : 2657.922 us (Expected < 1000.000 us) --> Read time : 75.508 us, Update time : 269.512 us, Write time : 2312.902 us
[ros2_control_node-1] [WARN] [1777471563.347871348] [controller_manager]: Overrun detected! The controller manager missed its desired rate of 1000 Hz. The loop took 2.774932 ms (missed cycles : 3).
[adl_ui-15] 127.0.0.1 - - [29/Apr/2026 10:06:03] "GET /status_json HTTP/1.1" 200 -
[adl_controller-11] [INFO] [1777471563.516114707] [adl_controller_node]: is_near_retract: current arm is not at target (worst=joint_5:3.132 rad > 0.100).
[wrist_camera_usb_publisher-8] [INFO] [1777471563.664016080] [wrist_camera_usb_publisher_node]: USB camera publisher heartbeat: publishing 1280x720 frames on /wrist_mounted_camera/image; camera_info fx=920.87, fy=921.57, cx=644.76, cy=343.15.
[adl_controller-11] [INFO] [1777471563.766757164] [adl_controller_node]: is_near_retract: current arm is not at target (worst=joint_5:3.132 rad > 0.100).
[adl_controller-11] [INFO] [1777471564.017757267] [adl_controller_node]: is_near_retract: current arm is not at target (worst=joint_5:3.132 rad > 0.100).
