
===== 2026-04-08T12:34:45-04:00 | T1_arm =====
cwd=/home/carrt-cse-project/workspace/ros2_kortex_ws
cmd=ros2 launch adl_tasks arm_vbox.launch.py robot_ip:=192.168.0.10 use_fake_hardware:=false 

[INFO] [launch]: All log files can be found below /home/carrt-cse-project/.ros/log/2026-04-08-12-34-46-004283-carrt-cse-project-OptiPlex-5050-19790
[INFO] [launch]: Default logging verbosity is set to INFO
[INFO] [launch.user]: [arm_vbox.launch] MoveIt current state source: /joint_states_sanitized. Use use_joint_state_sanitizer:=false for raw-state viewer debugging.
[INFO] [launch.user]: [arm_vbox.launch] Using ADL VBox controller config (share/adl_tasks/config/ros2_controllers_vbox.yaml, update_rate:=125 Hz).
[INFO] [ros2_control_node-1]: process started with pid [19801]
[INFO] [robot_state_publisher-2]: process started with pid [19802]
[INFO] [joint_state_sanitizer-3]: process started with pid [19803]
[INFO] [spawner-4]: process started with pid [19804]
[INFO] [static_transform_publisher-5]: process started with pid [19805]
[INFO] [static_transform_publisher-6]: process started with pid [19806]
[static_transform_publisher-6] [INFO] [1775666086.303047810] [camera_color_optical_bridge_tf_pub]: Spinning until stopped - publishing transform
[static_transform_publisher-6] translation: ('0.000000', '0.000000', '0.000000')
[static_transform_publisher-6] rotation: ('0.000000', '0.000000', '0.000000', '1.000000')
[static_transform_publisher-6] from 'camera_color_frame' to 'wrist_mounted_camera_color_optical_frame'
[robot_state_publisher-2] [INFO] [1775666086.310689286] [robot_state_publisher]: Robot initialized
[static_transform_publisher-5] [INFO] [1775666086.315788228] [static_transform_publisher]: Spinning until stopped - publishing transform
[static_transform_publisher-5] translation: ('0.000000', '0.000000', '0.000000')
[static_transform_publisher-5] rotation: ('0.000000', '0.000000', '0.000000', '1.000000')
[static_transform_publisher-5] from 'world' to 'base_link'
[ros2_control_node-1] [INFO] [1775666088.678671439] [controller_manager]: Using Steady (Monotonic) clock for triggering controller manager cycles.
[ros2_control_node-1] [INFO] [1775666088.689181502] [controller_manager]: Subscribing to '/robot_description' topic for robot description.
[ros2_control_node-1] [INFO] [1775666088.692864815] [controller_manager]: update rate is 125 Hz
[ros2_control_node-1] [INFO] [1775666088.692891075] [controller_manager]: Overruns handling is : enabled
[ros2_control_node-1] [INFO] [1775666088.692901791] [controller_manager]: Spawning controller_manager RT thread with scheduler priority: 50
[ros2_control_node-1] [INFO] [1775666088.692968485] [controller_manager]: Successful set up FIFO RT scheduling policy with priority 50.
[ros2_control_node-1] [INFO] [1775666088.700343004] [controller_manager]: Received robot description from topic.
[ros2_control_node-1] [INFO] [1775666088.700406069] [controller_manager]: Enforcing command limits is disabled. Command limits from URDF will be ignored.
[ros2_control_node-1] [INFO] [1775666088.708941936] [controller_manager]: Loading hardware 'KortexMultiInterfaceHardware' 
[ros2_control_node-1] [INFO] [1775666088.722987049] [KortexMultiInterfaceHardware]: Setting severity threshold to DEBUG
[ros2_control_node-1] [INFO] [1775666088.723054702] [controller_manager]: Loaded hardware 'KortexMultiInterfaceHardware' from plugin 'kortex_driver/KortexMultiInterfaceHardware'
[ros2_control_node-1] [INFO] [1775666088.723730788] [controller_manager]: Initialize hardware 'KortexMultiInterfaceHardware' 
[ros2_control_node-1] [INFO] [1775666088.734309703] [KortexMultiInterfaceHardware]: Configuring Hardware Interface
[ros2_control_node-1] [INFO] [1775666088.734598250] [KortexMultiInterfaceHardware]: Robot ip is '192.168.0.10'
[ros2_control_node-1] [INFO] [1775666088.734606389] [KortexMultiInterfaceHardware]: Username is 'admin'
[ros2_control_node-1] [INFO] [1775666088.734615587] [KortexMultiInterfaceHardware]: Port used '10000'
[ros2_control_node-1] [INFO] [1775666088.734619278] [KortexMultiInterfaceHardware]: Realtime port used '10001'
[ros2_control_node-1] [INFO] [1775666088.734625648] [KortexMultiInterfaceHardware]: Session inactivity timeout is '60000'
[ros2_control_node-1] [INFO] [1775666088.734632268] [KortexMultiInterfaceHardware]: Connection inactivity timeout is '2000'
[ros2_control_node-1] [INFO] [1775666088.734638934] [KortexMultiInterfaceHardware]: Gripper joint name is 'robotiq_85_left_knuckle_joint'
[ros2_control_node-1] [INFO] [1775666088.734670657] [KortexMultiInterfaceHardware]: Connecting to robot at 192.168.0.10
[ros2_control_node-1] [INFO] [1775666088.743073567] [KortexMultiInterfaceHardware]: Creating session for communication
[spawner-4] [INFO] [1775666088.791779170] [spawner_joint_state_broadcaster]: waiting for service /controller_manager/list_controllers to become available...
[joint_state_sanitizer-3] [INFO] [1775666088.849341180] [joint_state_sanitizer_node]: joint_state_sanitizer started. raw=/joint_states -> sanitized=/joint_states_sanitized
[ros2_control_node-1] [INFO] [1775666088.936554602] [KortexMultiInterfaceHardware]: Session created
[ros2_control_node-1] [INFO] [1775666089.737798302] [KortexMultiInterfaceHardware]: Actuator count reported by robot is '7'
[ros2_control_node-1] [INFO] [1775666089.738014622] [KortexMultiInterfaceHardware]: Using internal bus communication for gripper!
[ros2_control_node-1] [INFO] [1775666089.738023165] [KortexMultiInterfaceHardware]: Hardware Interface successfully configured
[ros2_control_node-1] [INFO] [1775666089.738155387] [controller_manager]: Successful initialization of hardware 'KortexMultiInterfaceHardware'
[ros2_control_node-1] [DEBUG] [1775666089.738228028] [KortexMultiInterfaceHardware]: export_state_interfaces for joint: joint_1
[ros2_control_node-1] [DEBUG] [1775666089.738256436] [KortexMultiInterfaceHardware]: export_state_interfaces for joint: joint_2
[ros2_control_node-1] [DEBUG] [1775666089.738263098] [KortexMultiInterfaceHardware]: export_state_interfaces for joint: joint_3
[ros2_control_node-1] [DEBUG] [1775666089.738268031] [KortexMultiInterfaceHardware]: export_state_interfaces for joint: joint_4
[ros2_control_node-1] [DEBUG] [1775666089.738271936] [KortexMultiInterfaceHardware]: export_state_interfaces for joint: joint_5
[ros2_control_node-1] [DEBUG] [1775666089.738276508] [KortexMultiInterfaceHardware]: export_state_interfaces for joint: joint_6
[ros2_control_node-1] [DEBUG] [1775666089.738280241] [KortexMultiInterfaceHardware]: export_state_interfaces for joint: joint_7
[ros2_control_node-1] [DEBUG] [1775666089.738283973] [KortexMultiInterfaceHardware]: export_state_interfaces for joint: robotiq_85_left_knuckle_joint
[ros2_control_node-1] [INFO] [1775666089.740444311] [resource_manager]: 'configure' hardware 'KortexMultiInterfaceHardware' 
[ros2_control_node-1] [INFO] [1775666089.740523219] [resource_manager]: Successful 'configure' of hardware 'KortexMultiInterfaceHardware'
[ros2_control_node-1] [INFO] [1775666089.740598324] [resource_manager]: 'activate' hardware 'KortexMultiInterfaceHardware' 
[ros2_control_node-1] [INFO] [1775666089.740630940] [KortexMultiInterfaceHardware]: Activating KortexMultiInterfaceHardware...
[ros2_control_node-1] [INFO] [1775666089.745420125] [KortexMultiInterfaceHardware]: Gripper initial position is '0.873365'.
[ros2_control_node-1] [INFO] [1775666089.750309442] [KortexMultiInterfaceHardware]: KortexMultiInterfaceHardware successfully activated!
[ros2_control_node-1] [INFO] [1775666089.750355501] [resource_manager]: Successful 'activate' of hardware 'KortexMultiInterfaceHardware'
[ros2_control_node-1] [INFO] [1775666089.750649303] [controller_manager]: Registering statistics for : KortexMultiInterfaceHardware
[ros2_control_node-1] [INFO] [1775666089.750820078] [controller_manager]: Resource Manager has been successfully initialized. Starting Controller Manager services...
[ros2_control_node-1] [WARN] [1775666089.766592737] [controller_manager]: Overrun might occur, Total time : 9505.070 us (Expected < 8000.000 us) --> Read time : 4660.503 us, Update time : 27.198 us, Write time : 4817.369 us
[ros2_control_node-1] [WARN] [1775666089.766686621] [controller_manager]: Overrun detected! The controller manager missed its desired rate of 125 Hz. The loop took 9.631503 ms (missed cycles : 2).
[ros2_control_node-1] [INFO] [1775666089.795665402] [controller_manager]: Loading controller : 'joint_state_broadcaster' of type 'joint_state_broadcaster/JointStateBroadcaster'
[ros2_control_node-1] [INFO] [1775666089.795698273] [controller_manager]: Loading controller 'joint_state_broadcaster'
[ros2_control_node-1] [INFO] [1775666089.802476586] [controller_manager]: Controller 'joint_state_broadcaster' node arguments: --ros-args --params-file /home/carrt-cse-project/workspace/ros2_kortex_ws/install/adl_tasks/share/adl_tasks/config/ros2_controllers_vbox.yaml --params-file /tmp/launch_params_d54nbc57 
[spawner-4] [INFO] [1775666089.823603127] [spawner_joint_state_broadcaster]: Loaded joint_state_broadcaster
[ros2_control_node-1] [INFO] [1775666089.825097515] [controller_manager]: Configuring controller: 'joint_state_broadcaster'
[ros2_control_node-1] [INFO] [1775666089.825437029] [joint_state_broadcaster]: 'joints' or 'interfaces' parameter is empty. All available state interfaces will be published
[ros2_control_node-1] [INFO] [1775666089.847463367] [controller_manager]: Activating controllers: [ joint_state_broadcaster ]
[ros2_control_node-1] [INFO] [1775666089.854698984] [controller_manager]: Successfully switched controllers!
[spawner-4] [INFO] [1775666089.863673691] [spawner_joint_state_broadcaster]: Configured and activated joint_state_broadcaster
[INFO] [spawner-4]: process has finished cleanly [pid 19804]
[INFO] [spawner-7]: process started with pid [19938]
[INFO] [spawner-8]: process started with pid [19939]
[INFO] [spawner-9]: process started with pid [19940]
[INFO] [spawner-10]: process started with pid [19941]
[ros2_control_node-1] [WARN] [1775666090.861616177] [controller_manager]: Overrun might occur, Total time : 8534.010 us (Expected < 8000.000 us) --> Read time : 42.358 us, Update time : 103.174 us, Write time : 8388.478 us
[ros2_control_node-1] [WARN] [1775666090.861691097] [controller_manager]: Overrun detected! The controller manager missed its desired rate of 125 Hz. The loop took 8.636151 ms (missed cycles : 2).
[spawner-9] [INFO] [1775666091.754536757] [spawner_robotiq_gripper_controller]: waiting for service /controller_manager/list_controllers to become available...
[ros2_control_node-1] [WARN] [1775666091.893143585] [controller_manager]: Overrun might occur, Total time : 8045.143 us (Expected < 8000.000 us) --> Read time : 69.277 us, Update time : 143.766 us, Write time : 7832.100 us
[ros2_control_node-1] [WARN] [1775666091.893218637] [controller_manager]: Overrun detected! The controller manager missed its desired rate of 125 Hz. The loop took 8.163076 ms (missed cycles : 2).
[ros2_control_node-1] [INFO] [1775666092.009936221] [controller_manager]: Loading controller : 'robotiq_gripper_controller' of type 'position_controllers/GripperActionController'
[ros2_control_node-1] [INFO] [1775666092.009996341] [controller_manager]: Loading controller 'robotiq_gripper_controller'
[ros2_control_node-1] [INFO] [1775666092.017247868] [controller_manager]: Controller 'robotiq_gripper_controller' node arguments: --ros-args --params-file /home/carrt-cse-project/workspace/ros2_kortex_ws/install/adl_tasks/share/adl_tasks/config/ros2_controllers_vbox.yaml --params-file /tmp/launch_params_d54nbc57 
[ros2_control_node-1] [WARN] [1775666092.066868446] [robotiq_gripper_controller]: [Deprecated]: the `position_controllers/GripperActionController` and `effort_controllers::GripperActionController` controllers are replaced by 'parallel_gripper_controllers/GripperActionController' controller
[spawner-9] [INFO] [1775666092.079429051] [spawner_robotiq_gripper_controller]: Loaded robotiq_gripper_controller
[ros2_control_node-1] [INFO] [1775666092.090189275] [controller_manager]: Configuring controller: 'robotiq_gripper_controller'
[ros2_control_node-1] [INFO] [1775666092.090332006] [robotiq_gripper_controller]: Action status changes will be monitored at 20.000000 Hz.
[ros2_control_node-1] [INFO] [1775666092.102693191] [controller_manager]: Activating controllers: [ robotiq_gripper_controller ]
[ros2_control_node-1] [INFO] [1775666092.317043598] [controller_manager]: Successfully switched controllers!
[ros2_control_node-1] [WARN] [1775666092.320650955] [controller_manager]: Overrun might occur, Total time : 11548.682 us (Expected < 8000.000 us) --> Read time : 71.642 us, Update time : 7573.783 us (Switch time : 7453.210 us (Switch chained mode time : 1.505 us, perform mode change time : 65.117 us, Activation time : 7374.995 us, Deactivation time : 1.158 us)), Write time : 3903.257 us
[spawner-9] [INFO] [1775666092.328846064] [spawner_robotiq_gripper_controller]: Configured and activated robotiq_gripper_controller
[INFO] [spawner-9]: process has finished cleanly [pid 19940]
[ros2_control_node-1] [WARN] [1775666092.951651671] [controller_manager]: Overrun might occur, Total time : 10537.105 us (Expected < 8000.000 us) --> Read time : 55.182 us, Update time : 123.460 us, Write time : 10358.463 us
[ros2_control_node-1] [WARN] [1775666092.951738564] [controller_manager]: Overrun detected! The controller manager missed its desired rate of 125 Hz. The loop took 10.683729 ms (missed cycles : 2).
[ros2_control_node-1] [INFO] [1775666093.102991864] [controller_manager]: Loading controller : 'joint_trajectory_controller' of type 'joint_trajectory_controller/JointTrajectoryController'
[ros2_control_node-1] [INFO] [1775666093.103032881] [controller_manager]: Loading controller 'joint_trajectory_controller'
[ros2_control_node-1] [INFO] [1775666093.114607099] [controller_manager]: Controller 'joint_trajectory_controller' node arguments: --ros-args --params-file /home/carrt-cse-project/workspace/ros2_kortex_ws/install/adl_tasks/share/adl_tasks/config/ros2_controllers_vbox.yaml --params-file /tmp/launch_params_d54nbc57 
[spawner-7] [INFO] [1775666093.365410349] [spawner_joint_trajectory_controller]: Loaded joint_trajectory_controller
[ros2_control_node-1] [INFO] [1775666093.371031759] [controller_manager]: Configuring controller: 'joint_trajectory_controller'
[ros2_control_node-1] [INFO] [1775666093.371710933] [joint_trajectory_controller]: No specific joint names are used for command interfaces. Using 'joints' parameter.
[ros2_control_node-1] [INFO] [1775666093.372202232] [joint_trajectory_controller]: Command interfaces are [position] and state interfaces are [position velocity].
[ros2_control_node-1] [INFO] [1775666093.373413788] [joint_trajectory_controller]: Using 'splines' interpolation method.
[ros2_control_node-1] [INFO] [1775666093.386977752] [joint_trajectory_controller]: Action status changes will be monitored at 20.00 Hz.
[ros2_control_node-1] [INFO] [1775666093.420224943] [controller_manager]: Activating controllers: [ joint_trajectory_controller ]
[ros2_control_node-1] [INFO] [1775666093.644795312] [controller_manager]: Successfully switched controllers!
[ros2_control_node-1] [WARN] [1775666093.658100009] [controller_manager]: Overrun might occur, Total time : 28989.800 us (Expected < 8000.000 us) --> Read time : 60.229 us, Update time : 15484.665 us (Switch time : 15357.605 us (Switch chained mode time : 3.852 us, perform mode change time : 13857.694 us, Activation time : 1479.991 us, Deactivation time : 1.195 us)), Write time : 13444.906 us
[spawner-7] [INFO] [1775666093.671842450] [spawner_joint_trajectory_controller]: Configured and activated joint_trajectory_controller
[spawner-10] [INFO] [1775666093.894956894] [spawner_fault_controller]: waiting for service /controller_manager/list_controllers to become available...
[INFO] [spawner-7]: process has finished cleanly [pid 19938]
[ros2_control_node-1] [WARN] [1775666094.965700100] [controller_manager]: Overrun might occur, Total time : 8597.143 us (Expected < 8000.000 us) --> Read time : 61.582 us, Update time : 256.280 us, Write time : 8279.281 us
[ros2_control_node-1] [WARN] [1775666094.965937377] [controller_manager]: Overrun detected! The controller manager missed its desired rate of 125 Hz. The loop took 8.879612 ms (missed cycles : 2).
[INFO] [move_group-11]: process started with pid [20196]
[INFO] [rviz2-12]: process started with pid [20197]
[move_group-11] [INFO] [1775666095.506457728] [move_group.moveit.moveit.ros.rdf_loader]: Loaded robot model in 0.013463 seconds
[move_group-11] [INFO] [1775666095.506684482] [move_group.moveit.moveit.core.robot_model]: Loading robot model 'gen3'...
[move_group-11] [INFO] [1775666095.506717979] [move_group.moveit.moveit.core.robot_model]: No root/virtual joint specified in SRDF. Assuming fixed joint
[ros2_control_node-1] [INFO] [1775666095.668673417] [controller_manager]: Received robot description from topic.
[ros2_control_node-1] [WARN] [1775666095.668717461] [controller_manager]: ResourceManager has already loaded a urdf. Ignoring attempt to reload a robot description.
[move_group-11] [INFO] [1775666095.693113241] [move_group.moveit.moveit.kinematics.kdl_kinematics_plugin]: Joint weights for group 'manipulator': 1 1 1 1 1 1 1
[rviz2-12] [INFO] [1775666095.792161781] [rviz2]: Stereo is NOT SUPPORTED
[rviz2-12] [INFO] [1775666095.792243251] [rviz2]: OpenGl version: 4.6 (GLSL 4.6)
[rviz2-12] [INFO] [1775666095.830358803] [rviz2]: Stereo is NOT SUPPORTED
[rviz2-12] Warning: class_loader.impl: SEVERE WARNING!!! A namespace collision has occurred with plugin factory for class rviz_default_plugins::displays::InteractiveMarkerDisplay. New factory will OVERWRITE existing one. This situation occurs when libraries containing plugins are directly linked against an executable (the one running right now generating this message). Please separate plugins out into their own library or just don't link against the library and use either class_loader::ClassLoader/MultiLibraryClassLoader to open.
[rviz2-12]          at line 321 in /opt/ros/jazzy/include/class_loader/class_loader/class_loader_core.hpp
[rviz2-12] [WARN] [1775666095.998756444] [rcl.logging_rosout]: Publisher already registered for node name: 'rviz2_moveit'. If this is due to multiple nodes with the same name then all logs for the logger named 'rviz2_moveit' will go out over the existing publisher. As soon as any node with that name is destructed it will unregister the publisher, preventing any further logs for that name from being published on the rosout topic.
[move_group-11] [INFO] [1775666096.132589620] [move_group.moveit.moveit.ros.planning_scene_monitor]: Publishing maintained planning scene on 'monitored_planning_scene'
[move_group-11] [INFO] [1775666096.132820316] [move_group.moveit.moveit.ros.moveit_cpp]: Listening to 'joint_states' for joint states
[move_group-11] [INFO] [1775666096.134217286] [move_group.moveit.moveit.ros.current_state_monitor]: Listening to joint states on topic 'joint_states'
[move_group-11] [INFO] [1775666096.135034597] [move_group.moveit.moveit.ros.planning_scene_monitor]: Listening to '/attached_collision_object' for attached collision objects
[move_group-11] [INFO] [1775666096.135062967] [move_group.moveit.moveit.ros.planning_scene_monitor]: Stopping existing planning scene publisher.
[move_group-11] [INFO] [1775666096.138997969] [move_group.moveit.moveit.ros.planning_scene_monitor]: Stopped publishing maintained planning scene.
[move_group-11] [INFO] [1775666096.140582424] [move_group.moveit.moveit.ros.planning_scene_monitor]: Publishing maintained planning scene on 'monitored_planning_scene'
[move_group-11] [INFO] [1775666096.140691459] [move_group.moveit.moveit.ros.planning_scene_monitor]: Starting planning scene monitor
[move_group-11] [INFO] [1775666096.145014487] [move_group.moveit.moveit.ros.planning_scene_monitor]: Listening to '/planning_scene'
[move_group-11] [INFO] [1775666096.145054862] [move_group.moveit.moveit.ros.planning_scene_monitor]: Starting world geometry update monitor for collision objects, attached objects, octomap updates.
[move_group-11] [INFO] [1775666096.145887429] [move_group.moveit.moveit.ros.planning_scene_monitor]: Listening to 'collision_object'
[move_group-11] [INFO] [1775666096.146728571] [move_group.moveit.moveit.ros.planning_scene_monitor]: Listening to 'planning_scene_world' for planning scene world geometry
[move_group-11] [WARN] [1775666096.153850038] [move_group.moveit.moveit.ros.occupancy_map_monitor]: Resolution not specified for Octomap. Assuming resolution = 0.1 instead
[move_group-11] [ERROR] [1775666096.153911264] [move_group.moveit.moveit.ros.occupancy_map_monitor]: No 3D sensor plugin(s) defined for octomap updates
[ros2_control_node-1] [WARN] [1775666096.214034015] [controller_manager]: Overrun might occur, Total time : 16933.920 us (Expected < 8000.000 us) --> Read time : 157.808 us, Update time : 264.438 us, Write time : 16511.674 us
[ros2_control_node-1] [WARN] [1775666096.214138612] [controller_manager]: Overrun detected! The controller manager missed its desired rate of 125 Hz. The loop took 17.083475 ms (missed cycles : 3).
[ros2_control_node-1] [INFO] [1775666096.409366303] [controller_manager]: Loading controller : 'fault_controller' of type 'picknik_reset_fault_controller/PicknikResetFaultController'
[ros2_control_node-1] [INFO] [1775666096.409413063] [controller_manager]: Loading controller 'fault_controller'
[ros2_control_node-1] [INFO] [1775666096.427885388] [controller_manager]: Controller 'fault_controller' node arguments: --ros-args --params-file /home/carrt-cse-project/workspace/ros2_kortex_ws/install/adl_tasks/share/adl_tasks/config/ros2_controllers_vbox.yaml --params-file /tmp/launch_params_d54nbc57 
[move_group-11] [INFO] [1775666096.469590238] [move_group.moveit.moveit.ros.planning_pipeline]: Successfully loaded planner 'OMPL'
[move_group-11] [INFO] [1775666096.482463996] [move_group]: Try loading adapter 'default_planning_request_adapters/ResolveConstraintFrames'
[move_group-11] [INFO] [1775666096.486457270] [move_group]: Loaded adapter 'default_planning_request_adapters/ResolveConstraintFrames'
[move_group-11] [INFO] [1775666096.486512775] [move_group]: Try loading adapter 'default_planning_request_adapters/ValidateWorkspaceBounds'
[move_group-11] [INFO] [1775666096.487255017] [move_group]: Loaded adapter 'default_planning_request_adapters/ValidateWorkspaceBounds'
[move_group-11] [INFO] [1775666096.487279324] [move_group]: Try loading adapter 'default_planning_request_adapters/CheckStartStateBounds'
[move_group-11] [INFO] [1775666096.487322694] [move_group]: Loaded adapter 'default_planning_request_adapters/CheckStartStateBounds'
[move_group-11] [INFO] [1775666096.487333391] [move_group]: Try loading adapter 'default_planning_request_adapters/CheckStartStateCollision'
[move_group-11] [INFO] [1775666096.487353690] [move_group]: Loaded adapter 'default_planning_request_adapters/CheckStartStateCollision'
[move_group-11] [INFO] [1775666096.492990964] [move_group]: Try loading adapter 'default_planning_response_adapters/AddTimeOptimalParameterization'
[move_group-11] [INFO] [1775666096.499220990] [move_group]: Loaded adapter 'default_planning_response_adapters/AddTimeOptimalParameterization'
[move_group-11] [INFO] [1775666096.499321602] [move_group]: Try loading adapter 'default_planning_response_adapters/ValidateSolution'
[move_group-11] [INFO] [1775666096.504041159] [move_group]: Loaded adapter 'default_planning_response_adapters/ValidateSolution'
[move_group-11] [INFO] [1775666096.504069586] [move_group]: Try loading adapter 'default_planning_response_adapters/DisplayMotionPath'
[move_group-11] [INFO] [1775666096.512765993] [move_group]: Loaded adapter 'default_planning_response_adapters/DisplayMotionPath'
[spawner-10] [INFO] [1775666096.560318132] [spawner_fault_controller]: Loaded fault_controller
[move_group-11] [INFO] [1775666096.658437884] [move_group.moveit.moveit.plugins.simple_controller_manager]: Added FollowJointTrajectory controller for joint_trajectory_controller
[move_group-11] [INFO] [1775666096.658725044] [move_group.moveit.moveit.plugins.simple_controller_manager]: robotiq_gripper_controller will command a max effort of: 0
[move_group-11] [INFO] [1775666096.678645347] [move_group.moveit.moveit.plugins.simple_controller_manager]: Added GripperCommand controller for robotiq_gripper_controller
[move_group-11] [INFO] [1775666096.678866351] [move_group.moveit.moveit.plugins.simple_controller_manager]: Returned 2 controllers in list
[move_group-11] [INFO] [1775666096.678907946] [move_group.moveit.moveit.plugins.simple_controller_manager]: Returned 2 controllers in list
[move_group-11] [INFO] [1775666096.680645190] [move_group.moveit.moveit.ros.trajectory_execution_manager]: Trajectory execution is managing controllers
[move_group-11] [INFO] [1775666096.680685115] [move_group]: MoveGroup debug mode is ON
[ros2_control_node-1] [INFO] [1775666096.699427770] [controller_manager]: Configuring controller: 'fault_controller'
[ros2_control_node-1] [INFO] [1775666096.711829310] [controller_manager]: Activating controllers: [ fault_controller ]
[move_group-11] [INFO] [1775666096.742578561] [move_group.moveit.moveit.ros.move_group.executable]: 
[move_group-11] 
[move_group-11] ********************************************************
[move_group-11] * MoveGroup using: 
[move_group-11] *     - apply_planning_scene_service
[move_group-11] *     - clear_octomap_service
[move_group-11] *     - get_group_urdf
[move_group-11] *     - load_geometry_from_file
[move_group-11] *     - CartesianPathService
[move_group-11] *     - execute_trajectory_action
[move_group-11] *     - get_planning_scene_service
[move_group-11] *     - kinematics_service
[move_group-11] *     - move_action
[move_group-11] *     - motion_plan_service
[move_group-11] *     - query_planners_service
[move_group-11] *     - state_validation_service
[move_group-11] *     - save_geometry_to_file
[move_group-11] ********************************************************
[move_group-11] 
[move_group-11] [INFO] [1775666096.742650189] [move_group.moveit.moveit.ros.move_group.context]: MoveGroup context using pipeline ompl
[move_group-11] [INFO] [1775666096.742671569] [move_group.moveit.moveit.ros.move_group.context]: MoveGroup context initialization complete
[move_group-11] [96mLoading 'move_group/ApplyPlanningSceneService'...[0m
[move_group-11] [96mLoading 'move_group/ClearOctomapService'...[0m
[move_group-11] [96mLoading 'move_group/GetUrdfService'...[0m
[move_group-11] [96mLoading 'move_group/LoadGeometryFromFileService'...[0m
[move_group-11] [96mLoading 'move_group/MoveGroupCartesianPathService'...[0m
[move_group-11] [96mLoading 'move_group/MoveGroupExecuteTrajectoryAction'...[0m
[move_group-11] [96mLoading 'move_group/MoveGroupGetPlanningSceneService'...[0m
[move_group-11] [96mLoading 'move_group/MoveGroupKinematicsService'...[0m
[move_group-11] [96mLoading 'move_group/MoveGroupMoveAction'...[0m
[move_group-11] [96mLoading 'move_group/MoveGroupPlanService'...[0m
[move_group-11] [96mLoading 'move_group/MoveGroupQueryPlannersService'...[0m
[move_group-11] [96mLoading 'move_group/MoveGroupStateValidationService'...[0m
[move_group-11] [96mLoading 'move_group/SaveGeometryToFileService'...[0m
[move_group-11] 
[move_group-11] [92mYou can start planning now![0m
[move_group-11] 
[ros2_control_node-1] [INFO] [1775666096.926255075] [controller_manager]: Successfully switched controllers!
[ros2_control_node-1] [WARN] [1775666096.927801138] [controller_manager]: Overrun might occur, Total time : 10710.068 us (Expected < 8000.000 us) --> Read time : 78.464 us, Update time : 7082.725 us (Switch time : 6867.220 us (Switch chained mode time : 0.810 us, perform mode change time : 31.738 us, Activation time : 6824.244 us, Deactivation time : 0.878 us)), Write time : 3548.879 us
[spawner-10] [INFO] [1775666096.936380657] [spawner_fault_controller]: Configured and activated fault_controller
[spawner-8] [INFO] [1775666097.181701787] [spawner_twist_controller]: waiting for service /controller_manager/list_controllers to become available...
[INFO] [spawner-10]: process has finished cleanly [pid 19941]
[ros2_control_node-1] [WARN] [1775666097.246621475] [controller_manager]: Overrun might occur, Total time : 9524.320 us (Expected < 8000.000 us) --> Read time : 68.417 us, Update time : 408.262 us, Write time : 9047.641 us
[ros2_control_node-1] [WARN] [1775666097.246703449] [controller_manager]: Overrun detected! The controller manager missed its desired rate of 125 Hz. The loop took 9.648889 ms (missed cycles : 2).
[rviz2-12] [ERROR] [1775666099.083590561] [rviz2_moveit.moveit.ros.motion_planning_frame]: Action server: /recognize_objects not available
[ros2_control_node-1] [WARN] [1775666099.157345051] [controller_manager]: Overrun might occur, Total time : 8249.885 us (Expected < 8000.000 us) --> Read time : 73.274 us, Update time : 259.722 us, Write time : 7916.889 us
[ros2_control_node-1] [WARN] [1775666099.157426314] [controller_manager]: Overrun detected! The controller manager missed its desired rate of 125 Hz. The loop took 8.371196 ms (missed cycles : 2).
[rviz2-12] [INFO] [1775666099.175318798] [rviz2_moveit.moveit.ros.motion_planning_frame]: MoveGroup namespace changed: / -> . Reloading params.
[ros2_control_node-1] [INFO] [1775666099.277533157] [controller_manager]: Loading controller : 'twist_controller' of type 'picknik_twist_controller/PicknikTwistController'
[ros2_control_node-1] [INFO] [1775666099.277573544] [controller_manager]: Loading controller 'twist_controller'
[ros2_control_node-1] [INFO] [1775666099.284778224] [controller_manager]: Controller 'twist_controller' node arguments: --ros-args --params-file /home/carrt-cse-project/workspace/ros2_kortex_ws/install/adl_tasks/share/adl_tasks/config/ros2_controllers_vbox.yaml --params-file /tmp/launch_params_d54nbc57 
[rviz2-12] [INFO] [1775666099.292609475] [rviz2_moveit.moveit.ros.rdf_loader]: Loaded robot model in 0.0383552 seconds
[rviz2-12] [INFO] [1775666099.292717268] [rviz2_moveit.moveit.core.robot_model]: Loading robot model 'gen3'...
[rviz2-12] [INFO] [1775666099.292747017] [rviz2_moveit.moveit.core.robot_model]: No root/virtual joint specified in SRDF. Assuming fixed joint
[spawner-8] [INFO] [1775666099.362384887] [spawner_twist_controller]: Loaded twist_controller
[ros2_control_node-1] [INFO] [1775666099.373806361] [controller_manager]: Configuring controller: 'twist_controller'
[ros2_control_node-1] [INFO] [1775666099.386412900] [twist_controller]: configure successful
[rviz2-12] [INFO] [1775666099.570318756] [rviz2_moveit.moveit.kinematics.kdl_kinematics_plugin]: Joint weights for group 'manipulator': 1 1 1 1 1 1 1
[INFO] [spawner-8]: process has finished cleanly [pid 19939]
[rviz2-12] [INFO] [1775666100.157734829] [rviz2_moveit.moveit.ros.planning_scene_monitor]: Starting planning scene monitor
[rviz2-12] [INFO] [1775666100.160351573] [rviz2_moveit.moveit.ros.planning_scene_monitor]: Listening to '/monitored_planning_scene'
[rviz2-12] [INFO] [1775666100.510932621] [interactive_marker_display_110977388727472]: Connected on namespace: /rviz_moveit_motion_planning_display/robot_interaction_interactive_marker_topic
[rviz2-12] [INFO] [1775666100.517741075] [rviz2_moveit.moveit.ros.robot_interaction]: No active joints or end effectors found for group 'gripper'. Make sure that kinematics.yaml is loaded in this node's namespace.
[rviz2-12] [INFO] [1775666100.518319114] [rviz2_moveit.moveit.ros.robot_interaction]: No active joints or end effectors found for group 'gripper'. Make sure that kinematics.yaml is loaded in this node's namespace.
[rviz2-12] [INFO] [1775666100.547915267] [interactive_marker_display_110977388727472]: Sending request for interactive markers
[rviz2-12] [INFO] [1775666100.584758708] [interactive_marker_display_110977388727472]: Service response received for initialization
[rviz2-12] [INFO] [1775666100.626080093] [rviz2_moveit.moveit.ros.motion_planning_frame]: group gripper
[rviz2-12] [INFO] [1775666100.626126154] [rviz2_moveit.moveit.ros.motion_planning_frame]: Constructing new MoveGroup connection for group 'gripper' in namespace ''
[rviz2-12] [INFO] [1775666100.700386116] [rviz2_moveit.moveit.ros.move_group_interface]: Ready to take commands for planning group gripper.
[rviz2-12] [INFO] [1775666100.701667207] [rviz2_moveit.moveit.ros.motion_planning_frame]: group gripper
[ros2_control_node-1] [WARN] [1775666101.677341916] [controller_manager]: Overrun might occur, Total time : 8249.320 us (Expected < 8000.000 us) --> Read time : 64.204 us, Update time : 274.429 us, Write time : 7910.687 us
[ros2_control_node-1] [WARN] [1775666101.677463809] [controller_manager]: Overrun detected! The controller manager missed its desired rate of 125 Hz. The loop took 8.407783 ms (missed cycles : 2).
[ros2_control_node-1] [WARN] [1775666102.910356549] [controller_manager]: Overrun might occur, Total time : 9262.734 us (Expected < 8000.000 us) --> Read time : 62.783 us, Update time : 330.308 us, Write time : 8869.643 us
[ros2_control_node-1] [WARN] [1775666102.910438143] [controller_manager]: Overrun detected! The controller manager missed its desired rate of 125 Hz. The loop took 9.383021 ms (missed cycles : 2).
[ros2_control_node-1] [WARN] [1775666104.173771251] [controller_manager]: Overrun might occur, Total time : 8668.384 us (Expected < 8000.000 us) --> Read time : 67.202 us, Update time : 302.336 us, Write time : 8298.846 us
[ros2_control_node-1] [WARN] [1775666104.173890245] [controller_manager]: Overrun detected! The controller manager missed its desired rate of 125 Hz. The loop took 8.834977 ms (missed cycles : 2).
[ros2_control_node-1] [WARN] [1775666105.271849946] [controller_manager]: Overrun might occur, Total time : 18759.590 us (Expected < 8000.000 us) --> Read time : 53.663 us, Update time : 283.642 us, Write time : 18422.285 us
[ros2_control_node-1] [WARN] [1775666105.271980812] [controller_manager]: Overrun detected! The controller manager missed its desired rate of 125 Hz. The loop took 18.924168 ms (missed cycles : 3).
[ros2_control_node-1] [WARN] [1775666106.678260546] [controller_manager]: Overrun might occur, Total time : 9140.471 us (Expected < 8000.000 us) --> Read time : 223.357 us, Update time : 390.164 us, Write time : 8526.950 us
[ros2_control_node-1] [WARN] [1775666106.678344823] [controller_manager]: Overrun detected! The controller manager missed its desired rate of 125 Hz. The loop took 9.289612 ms (missed cycles : 2).
[ros2_control_node-1] [WARN] [1775666108.173360232] [controller_manager]: Overrun might occur, Total time : 8256.147 us (Expected < 8000.000 us) --> Read time : 59.142 us, Update time : 247.790 us, Write time : 7949.215 us
[ros2_control_node-1] [WARN] [1775666108.173525648] [controller_manager]: Overrun detected! The controller manager missed its desired rate of 125 Hz. The loop took 8.469567 ms (missed cycles : 2).
[ros2_control_node-1] [WARN] [1775666110.519372996] [controller_manager]: Overrun might occur, Total time : 10259.133 us (Expected < 8000.000 us) --> Read time : 70.249 us, Update time : 353.777 us, Write time : 9835.107 us
[ros2_control_node-1] [WARN] [1775666110.519453740] [controller_manager]: Overrun detected! The controller manager missed its desired rate of 125 Hz. The loop took 10.398317 ms (missed cycles : 2).
[ros2_control_node-1] [WARN] [1775666112.317844805] [controller_manager]: Overrun might occur, Total time : 8759.789 us (Expected < 8000.000 us) --> Read time : 50.926 us, Update time : 238.644 us, Write time : 8470.219 us
[ros2_control_node-1] [WARN] [1775666112.317919036] [controller_manager]: Overrun detected! The controller manager missed its desired rate of 125 Hz. The loop took 8.863844 ms (missed cycles : 2).
[ros2_control_node-1] [WARN] [1775666117.285601476] [controller_manager]: Overrun might occur, Total time : 8516.853 us (Expected < 8000.000 us) --> Read time : 50.974 us, Update time : 264.347 us, Write time : 8201.532 us
[ros2_control_node-1] [WARN] [1775666117.285668581] [controller_manager]: Overrun detected! The controller manager missed its desired rate of 125 Hz. The loop took 8.613858 ms (missed cycles : 2).
[ros2_control_node-1] [WARN] [1775666118.798124302] [controller_manager]: Overrun might occur, Total time : 9045.311 us (Expected < 8000.000 us) --> Read time : 45.179 us, Update time : 305.308 us, Write time : 8694.824 us
[ros2_control_node-1] [WARN] [1775666118.798222941] [controller_manager]: Overrun detected! The controller manager missed its desired rate of 125 Hz. The loop took 9.167296 ms (missed cycles : 2).
[ros2_control_node-1] [WARN] [1775666121.133896296] [controller_manager]: Overrun might occur, Total time : 8805.450 us (Expected < 8000.000 us) --> Read time : 54.695 us, Update time : 298.229 us, Write time : 8452.526 us
[ros2_control_node-1] [WARN] [1775666121.133975291] [controller_manager]: Overrun detected! The controller manager missed its desired rate of 125 Hz. The loop took 8.920437 ms (missed cycles : 2).
[ros2_control_node-1] [WARN] [1775666122.637464347] [controller_manager]: Overrun might occur, Total time : 8372.578 us (Expected < 8000.000 us) --> Read time : 60.139 us, Update time : 263.176 us, Write time : 8049.263 us
[ros2_control_node-1] [WARN] [1775666122.637568916] [controller_manager]: Overrun detected! The controller manager missed its desired rate of 125 Hz. The loop took 8.513748 ms (missed cycles : 2).
[ros2_control_node-1] [WARN] [1775666123.913165916] [controller_manager]: Overrun might occur, Total time : 12078.379 us (Expected < 8000.000 us) --> Read time : 56.031 us, Update time : 277.563 us, Write time : 11744.785 us
[ros2_control_node-1] [WARN] [1775666123.913254103] [controller_manager]: Overrun detected! The controller manager missed its desired rate of 125 Hz. The loop took 12.199293 ms (missed cycles : 2).
[ros2_control_node-1] [WARN] [1775666126.501673667] [controller_manager]: Overrun might occur, Total time : 8574.442 us (Expected < 8000.000 us) --> Read time : 54.600 us, Update time : 252.879 us, Write time : 8266.963 us
[ros2_control_node-1] [WARN] [1775666126.501765023] [controller_manager]: Overrun detected! The controller manager missed its desired rate of 125 Hz. The loop took 8.709588 ms (missed cycles : 2).
[ros2_control_node-1] [WARN] [1775666128.020682389] [controller_manager]: Overrun might occur, Total time : 15595.419 us (Expected < 8000.000 us) --> Read time : 57.080 us, Update time : 251.811 us, Write time : 15286.528 us
[ros2_control_node-1] [WARN] [1775666128.020756141] [controller_manager]: Overrun detected! The controller manager missed its desired rate of 125 Hz. The loop took 15.701370 ms (missed cycles : 2).
[ros2_control_node-1] [WARN] [1775666129.726841037] [controller_manager]: Overrun might occur, Total time : 9736.482 us (Expected < 8000.000 us) --> Read time : 47.070 us, Update time : 197.087 us, Write time : 9492.325 us
[ros2_control_node-1] [WARN] [1775666129.726948716] [controller_manager]: Overrun detected! The controller manager missed its desired rate of 125 Hz. The loop took 9.893571 ms (missed cycles : 2).
[ros2_control_node-1] [WARN] [1775666132.446918401] [controller_manager]: Overrun might occur, Total time : 9819.820 us (Expected < 8000.000 us) --> Read time : 57.901 us, Update time : 189.817 us, Write time : 9572.102 us
[ros2_control_node-1] [WARN] [1775666132.447002415] [controller_manager]: Overrun detected! The controller manager missed its desired rate of 125 Hz. The loop took 9.947076 ms (missed cycles : 2).
[ros2_control_node-1] [WARN] [1775666133.504780035] [controller_manager]: Overrun might occur, Total time : 11695.089 us (Expected < 8000.000 us) --> Read time : 40.879 us, Update time : 238.456 us, Write time : 11415.754 us
[ros2_control_node-1] [WARN] [1775666133.504873111] [controller_manager]: Overrun detected! The controller manager missed its desired rate of 125 Hz. The loop took 11.817378 ms (missed cycles : 2).
[ros2_control_node-1] [WARN] [1775666137.413668654] [controller_manager]: Overrun might occur, Total time : 8581.523 us (Expected < 8000.000 us) --> Read time : 69.279 us, Update time : 242.004 us, Write time : 8270.240 us
[ros2_control_node-1] [WARN] [1775666137.413730912] [controller_manager]: Overrun detected! The controller manager missed its desired rate of 125 Hz. The loop took 8.675867 ms (missed cycles : 2).
[ros2_control_node-1] [WARN] [1775666140.331605076] [controller_manager]: Overrun might occur, Total time : 14513.102 us (Expected < 8000.000 us) --> Read time : 58.362 us, Update time : 266.440 us, Write time : 14188.300 us
[ros2_control_node-1] [WARN] [1775666140.331687654] [controller_manager]: Overrun detected! The controller manager missed its desired rate of 125 Hz. The loop took 14.632482 ms (missed cycles : 2).
[ros2_control_node-1] [WARN] [1775666141.437666323] [controller_manager]: Overrun might occur, Total time : 8585.364 us (Expected < 8000.000 us) --> Read time : 43.569 us, Update time : 238.083 us, Write time : 8303.712 us
[ros2_control_node-1] [WARN] [1775666141.437741724] [controller_manager]: Overrun detected! The controller manager missed its desired rate of 125 Hz. The loop took 8.687062 ms (missed cycles : 2).
[ros2_control_node-1] [WARN] [1775666143.438183197] [controller_manager]: Overrun might occur, Total time : 9077.748 us (Expected < 8000.000 us) --> Read time : 85.873 us, Update time : 396.751 us, Write time : 8595.124 us
[ros2_control_node-1] [WARN] [1775666143.438249079] [controller_manager]: Overrun detected! The controller manager missed its desired rate of 125 Hz. The loop took 9.194342 ms (missed cycles : 2).
[ros2_control_node-1] [WARN] [1775666147.199444382] [controller_manager]: Overrun might occur, Total time : 10356.257 us (Expected < 8000.000 us) --> Read time : 54.876 us, Update time : 249.093 us, Write time : 10052.288 us
[ros2_control_node-1] [WARN] [1775666147.199559250] [controller_manager]: Overrun detected! The controller manager missed its desired rate of 125 Hz. The loop took 10.504510 ms (missed cycles : 2).
[ros2_control_node-1] [WARN] [1775666149.863462421] [controller_manager]: Overrun might occur, Total time : 10377.712 us (Expected < 8000.000 us) --> Read time : 48.096 us, Update time : 234.221 us, Write time : 10095.395 us
[ros2_control_node-1] [WARN] [1775666149.863542472] [controller_manager]: Overrun detected! The controller manager missed its desired rate of 125 Hz. The loop took 10.487558 ms (missed cycles : 2).
[ros2_control_node-1] [WARN] [1775666151.011129724] [controller_manager]: Overrun might occur, Total time : 14039.402 us (Expected < 8000.000 us) --> Read time : 59.459 us, Update time : 262.601 us, Write time : 13717.342 us
[ros2_control_node-1] [WARN] [1775666151.011218825] [controller_manager]: Overrun detected! The controller manager missed its desired rate of 125 Hz. The loop took 14.164258 ms (missed cycles : 2).
[ros2_control_node-1] [WARN] [1775666160.115403774] [controller_manager]: Overrun might occur, Total time : 14316.602 us (Expected < 8000.000 us) --> Read time : 55.761 us, Update time : 250.254 us, Write time : 14010.587 us
[ros2_control_node-1] [WARN] [1775666160.115475232] [controller_manager]: Overrun detected! The controller manager missed its desired rate of 125 Hz. The loop took 14.420570 ms (missed cycles : 2).
[ros2_control_node-1] [WARN] [1775666161.448599694] [controller_manager]: Overrun might occur, Total time : 11503.152 us (Expected < 8000.000 us) --> Read time : 57.916 us, Update time : 266.046 us, Write time : 11179.190 us
[ros2_control_node-1] [WARN] [1775666161.448676282] [controller_manager]: Overrun detected! The controller manager missed its desired rate of 125 Hz. The loop took 11.621038 ms (missed cycles : 2).
[ros2_control_node-1] [WARN] [1775666163.533846740] [controller_manager]: Overrun might occur, Total time : 8744.578 us (Expected < 8000.000 us) --> Read time : 61.146 us, Update time : 308.123 us, Write time : 8375.309 us
[ros2_control_node-1] [WARN] [1775666163.533934844] [controller_manager]: Overrun detected! The controller manager missed its desired rate of 125 Hz. The loop took 8.879651 ms (missed cycles : 2).
[ros2_control_node-1] [WARN] [1775666169.194659358] [controller_manager]: Overrun might occur, Total time : 13562.279 us (Expected < 8000.000 us) --> Read time : 47.015 us, Update time : 260.178 us, Write time : 13255.086 us
[ros2_control_node-1] [WARN] [1775666169.194759094] [controller_manager]: Overrun detected! The controller manager missed its desired rate of 125 Hz. The loop took 13.704321 ms (missed cycles : 2).
[ros2_control_node-1] [WARN] [1775666173.333351761] [controller_manager]: Overrun might occur, Total time : 8265.917 us (Expected < 8000.000 us) --> Read time : 55.391 us, Update time : 264.322 us, Write time : 7946.204 us
[ros2_control_node-1] [WARN] [1775666173.333417082] [controller_manager]: Overrun detected! The controller manager missed its desired rate of 125 Hz. The loop took 8.362143 ms (missed cycles : 2).
[ros2_control_node-1] [WARN] [1775666174.593598373] [controller_manager]: Overrun might occur, Total time : 12505.591 us (Expected < 8000.000 us) --> Read time : 77.205 us, Update time : 296.313 us, Write time : 12132.073 us
[ros2_control_node-1] [WARN] [1775666174.593676217] [controller_manager]: Overrun detected! The controller manager missed its desired rate of 125 Hz. The loop took 12.620923 ms (missed cycles : 2).
[ros2_control_node-1] [WARN] [1775666176.405653516] [controller_manager]: Overrun might occur, Total time : 8560.327 us (Expected < 8000.000 us) --> Read time : 48.815 us, Update time : 250.364 us, Write time : 8261.148 us
[ros2_control_node-1] [WARN] [1775666176.405742172] [controller_manager]: Overrun detected! The controller manager missed its desired rate of 125 Hz. The loop took 8.687438 ms (missed cycles : 2).
[ros2_control_node-1] [WARN] [1775666180.142882979] [controller_manager]: Overrun might occur, Total time : 9780.044 us (Expected < 8000.000 us) --> Read time : 49.699 us, Update time : 265.694 us, Write time : 9464.651 us
[ros2_control_node-1] [WARN] [1775666180.142958775] [controller_manager]: Overrun detected! The controller manager missed its desired rate of 125 Hz. The loop took 9.903702 ms (missed cycles : 2).
[ros2_control_node-1] [WARN] [1775666183.398339852] [controller_manager]: Overrun might occur, Total time : 9253.603 us (Expected < 8000.000 us) --> Read time : 51.379 us, Update time : 237.523 us, Write time : 8964.701 us
[ros2_control_node-1] [WARN] [1775666183.398402332] [controller_manager]: Overrun detected! The controller manager missed its desired rate of 125 Hz. The loop took 9.347924 ms (missed cycles : 2).
[ros2_control_node-1] [WARN] [1775666187.293478729] [controller_manager]: Overrun might occur, Total time : 8388.624 us (Expected < 8000.000 us) --> Read time : 59.433 us, Update time : 233.830 us, Write time : 8095.361 us
[ros2_control_node-1] [WARN] [1775666187.293602713] [controller_manager]: Overrun detected! The controller manager missed its desired rate of 125 Hz. The loop took 8.547454 ms (missed cycles : 2).
[ros2_control_node-1] [WARN] [1775666189.735052621] [controller_manager]: Overrun might occur, Total time : 9973.229 us (Expected < 8000.000 us) --> Read time : 37.994 us, Update time : 210.914 us, Write time : 9724.321 us
[ros2_control_node-1] [WARN] [1775666189.735135907] [controller_manager]: Overrun detected! The controller manager missed its desired rate of 125 Hz. The loop took 10.081264 ms (missed cycles : 2).
[ros2_control_node-1] [WARN] [1775666190.853618295] [controller_manager]: Overrun might occur, Total time : 8517.619 us (Expected < 8000.000 us) --> Read time : 53.329 us, Update time : 253.906 us, Write time : 8210.384 us
[ros2_control_node-1] [WARN] [1775666190.853688352] [controller_manager]: Overrun detected! The controller manager missed its desired rate of 125 Hz. The loop took 8.633525 ms (missed cycles : 2).
[ros2_control_node-1] [WARN] [1775666192.693594852] [controller_manager]: Overrun might occur, Total time : 8505.590 us (Expected < 8000.000 us) --> Read time : 58.781 us, Update time : 260.271 us, Write time : 8186.538 us
[ros2_control_node-1] [WARN] [1775666192.693673150] [controller_manager]: Overrun detected! The controller manager missed its desired rate of 125 Hz. The loop took 8.618185 ms (missed cycles : 2).
[ros2_control_node-1] [WARN] [1775666196.602600475] [controller_manager]: Overrun might occur, Total time : 13484.270 us (Expected < 8000.000 us) --> Read time : 159.748 us, Update time : 500.325 us, Write time : 12824.197 us
[ros2_control_node-1] [WARN] [1775666196.602680879] [controller_manager]: Overrun detected! The controller manager missed its desired rate of 125 Hz. The loop took 13.625540 ms (missed cycles : 2).
[ros2_control_node-1] [WARN] [1775666197.839323620] [controller_manager]: Overrun might occur, Total time : 10220.246 us (Expected < 8000.000 us) --> Read time : 88.834 us, Update time : 371.125 us, Write time : 9760.287 us
[ros2_control_node-1] [WARN] [1775666197.839419613] [controller_manager]: Overrun detected! The controller manager missed its desired rate of 125 Hz. The loop took 10.364411 ms (missed cycles : 2).
[ros2_control_node-1] [WARN] [1775666199.526131418] [controller_manager]: Overrun might occur, Total time : 9026.202 us (Expected < 8000.000 us) --> Read time : 78.492 us, Update time : 454.786 us, Write time : 8492.924 us
[ros2_control_node-1] [WARN] [1775666199.526193865] [controller_manager]: Overrun detected! The controller manager missed its desired rate of 125 Hz. The loop took 9.139435 ms (missed cycles : 2).
[ros2_control_node-1] [WARN] [1775666200.845638793] [controller_manager]: Overrun might occur, Total time : 8546.706 us (Expected < 8000.000 us) --> Read time : 61.132 us, Update time : 362.123 us, Write time : 8123.451 us
[ros2_control_node-1] [WARN] [1775666200.845706963] [controller_manager]: Overrun detected! The controller manager missed its desired rate of 125 Hz. The loop took 8.652206 ms (missed cycles : 2).
[ros2_control_node-1] [WARN] [1775666205.253612462] [controller_manager]: Overrun might occur, Total time : 8515.480 us (Expected < 8000.000 us) --> Read time : 86.549 us, Update time : 356.202 us, Write time : 8072.729 us
[ros2_control_node-1] [WARN] [1775666205.253681435] [controller_manager]: Overrun detected! The controller manager missed its desired rate of 125 Hz. The loop took 8.626641 ms (missed cycles : 2).
[ros2_control_node-1] [WARN] [1775666208.114210931] [controller_manager]: Overrun might occur, Total time : 13119.163 us (Expected < 8000.000 us) --> Read time : 64.832 us, Update time : 251.666 us, Write time : 12802.665 us
[ros2_control_node-1] [WARN] [1775666208.114318012] [controller_manager]: Overrun detected! The controller manager missed its desired rate of 125 Hz. The loop took 13.263204 ms (missed cycles : 2).
[ros2_control_node-1] [WARN] [1775666209.287678465] [controller_manager]: Overrun might occur, Total time : 10585.093 us (Expected < 8000.000 us) --> Read time : 102.213 us, Update time : 381.263 us, Write time : 10101.617 us
[ros2_control_node-1] [WARN] [1775666209.287750901] [controller_manager]: Overrun detected! The controller manager missed its desired rate of 125 Hz. The loop took 10.696135 ms (missed cycles : 2).
[ros2_control_node-1] [WARN] [1775666211.043824007] [controller_manager]: Overrun might occur, Total time : 14725.483 us (Expected < 8000.000 us) --> Read time : 66.032 us, Update time : 273.334 us, Write time : 14386.117 us
[ros2_control_node-1] [WARN] [1775666211.043916944] [controller_manager]: Overrun detected! The controller manager missed its desired rate of 125 Hz. The loop took 14.861378 ms (missed cycles : 2).
[ros2_control_node-1] [WARN] [1775666213.215292163] [controller_manager]: Overrun might occur, Total time : 10196.536 us (Expected < 8000.000 us) --> Read time : 67.428 us, Update time : 309.790 us, Write time : 9819.318 us
[ros2_control_node-1] [WARN] [1775666213.215379471] [controller_manager]: Overrun detected! The controller manager missed its desired rate of 125 Hz. The loop took 10.323345 ms (missed cycles : 2).
[ros2_control_node-1] [WARN] [1775666214.341501296] [controller_manager]: Overrun might occur, Total time : 8402.548 us (Expected < 8000.000 us) --> Read time : 103.904 us, Update time : 327.151 us, Write time : 7971.493 us
[ros2_control_node-1] [WARN] [1775666214.341580107] [controller_manager]: Overrun detected! The controller manager missed its desired rate of 125 Hz. The loop took 8.525324 ms (missed cycles : 2).
[ros2_control_node-1] [WARN] [1775666224.909119992] [controller_manager]: Overrun might occur, Total time : 8030.702 us (Expected < 8000.000 us) --> Read time : 83.496 us, Update time : 238.363 us, Write time : 7708.843 us
[ros2_control_node-1] [WARN] [1775666224.909200375] [controller_manager]: Overrun detected! The controller manager missed its desired rate of 125 Hz. The loop took 8.145467 ms (missed cycles : 2).
[ros2_control_node-1] [WARN] [1775666227.080148060] [controller_manager]: Overrun might occur, Total time : 11034.272 us (Expected < 8000.000 us) --> Read time : 86.835 us, Update time : 338.457 us, Write time : 10608.980 us
[ros2_control_node-1] [WARN] [1775666227.080225329] [controller_manager]: Overrun detected! The controller manager missed its desired rate of 125 Hz. The loop took 11.169946 ms (missed cycles : 2).
[ros2_control_node-1] [WARN] [1775666230.135901509] [controller_manager]: Overrun might occur, Total time : 10786.509 us (Expected < 8000.000 us) --> Read time : 110.737 us, Update time : 462.843 us, Write time : 10212.929 us
[ros2_control_node-1] [WARN] [1775666230.135988443] [controller_manager]: Overrun detected! The controller manager missed its desired rate of 125 Hz. The loop took 10.933124 ms (missed cycles : 2).
[ros2_control_node-1] [WARN] [1775666231.438696090] [controller_manager]: Overrun might occur, Total time : 9609.168 us (Expected < 8000.000 us) --> Read time : 58.397 us, Update time : 229.370 us, Write time : 9321.401 us
[ros2_control_node-1] [WARN] [1775666231.438796830] [controller_manager]: Overrun detected! The controller manager missed its desired rate of 125 Hz. The loop took 9.741862 ms (missed cycles : 2).
[ros2_control_node-1] [WARN] [1775666233.317268013] [controller_manager]: Overrun might occur, Total time : 8187.167 us (Expected < 8000.000 us) --> Read time : 42.448 us, Update time : 235.229 us, Write time : 7909.490 us
[ros2_control_node-1] [WARN] [1775666233.317346686] [controller_manager]: Overrun detected! The controller manager missed its desired rate of 125 Hz. The loop took 8.291770 ms (missed cycles : 2).
[ros2_control_node-1] [WARN] [1775666236.495886338] [controller_manager]: Overrun might occur, Total time : 10798.993 us (Expected < 8000.000 us) --> Read time : 51.335 us, Update time : 277.562 us, Write time : 10470.096 us
[ros2_control_node-1] [WARN] [1775666236.495960319] [controller_manager]: Overrun detected! The controller manager missed its desired rate of 125 Hz. The loop took 10.905673 ms (missed cycles : 2).
[ros2_control_node-1] [WARN] [1775666238.253282497] [controller_manager]: Overrun might occur, Total time : 8200.166 us (Expected < 8000.000 us) --> Read time : 41.992 us, Update time : 244.380 us, Write time : 7913.794 us
[ros2_control_node-1] [WARN] [1775666238.253357396] [controller_manager]: Overrun detected! The controller manager missed its desired rate of 125 Hz. The loop took 8.302630 ms (missed cycles : 2).
[ros2_control_node-1] [WARN] [1775666242.133577082] [controller_manager]: Overrun might occur, Total time : 8479.677 us (Expected < 8000.000 us) --> Read time : 59.815 us, Update time : 261.716 us, Write time : 8158.146 us
[ros2_control_node-1] [WARN] [1775666242.133667854] [controller_manager]: Overrun detected! The controller manager missed its desired rate of 125 Hz. The loop took 8.613116 ms (missed cycles : 2).
[ros2_control_node-1] [WARN] [1775666244.752851374] [controller_manager]: Overrun might occur, Total time : 11758.159 us (Expected < 8000.000 us) --> Read time : 52.635 us, Update time : 294.268 us, Write time : 11411.256 us
[ros2_control_node-1] [WARN] [1775666244.752930139] [controller_manager]: Overrun detected! The controller manager missed its desired rate of 125 Hz. The loop took 11.874929 ms (missed cycles : 2).
[ros2_control_node-1] [WARN] [1775666246.928065183] [controller_manager]: Overrun might occur, Total time : 10975.079 us (Expected < 8000.000 us) --> Read time : 59.879 us, Update time : 307.274 us, Write time : 10607.926 us
[ros2_control_node-1] [WARN] [1775666246.928143295] [controller_manager]: Overrun detected! The controller manager missed its desired rate of 125 Hz. The loop took 11.087994 ms (missed cycles : 2).
[ros2_control_node-1] [WARN] [1775666249.750613087] [controller_manager]: Overrun might occur, Total time : 9502.329 us (Expected < 8000.000 us) --> Read time : 49.090 us, Update time : 224.811 us, Write time : 9228.428 us
[ros2_control_node-1] [WARN] [1775666249.750719848] [controller_manager]: Overrun detected! The controller manager missed its desired rate of 125 Hz. The loop took 9.664789 ms (missed cycles : 2).
[ros2_control_node-1] [WARN] [1775666255.884575989] [controller_manager]: Overrun might occur, Total time : 29571.082 us (Expected < 8000.000 us) --> Read time : 54.415 us, Update time : 232.208 us, Write time : 29284.459 us
[ros2_control_node-1] [WARN] [1775666255.884637035] [controller_manager]: Overrun detected! The controller manager missed its desired rate of 125 Hz. The loop took 31.582831 ms (missed cycles : 4).
[ros2_control_node-1] [WARN] [1775666259.214074008] [controller_manager]: Overrun might occur, Total time : 8980.031 us (Expected < 8000.000 us) --> Read time : 56.594 us, Update time : 254.198 us, Write time : 8669.239 us
[ros2_control_node-1] [WARN] [1775666259.214210687] [controller_manager]: Overrun detected! The controller manager missed its desired rate of 125 Hz. The loop took 9.154682 ms (missed cycles : 2).
[ros2_control_node-1] [WARN] [1775666260.797346188] [controller_manager]: Overrun might occur, Total time : 8260.658 us (Expected < 8000.000 us) --> Read time : 57.737 us, Update time : 246.828 us, Write time : 7956.093 us
[ros2_control_node-1] [WARN] [1775666260.797420286] [controller_manager]: Overrun detected! The controller manager missed its desired rate of 125 Hz. The loop took 8.365781 ms (missed cycles : 2).
[ros2_control_node-1] [WARN] [1775666262.165201975] [controller_manager]: Overrun might occur, Total time : 8112.140 us (Expected < 8000.000 us) --> Read time : 59.631 us, Update time : 230.320 us, Write time : 7822.189 us
[ros2_control_node-1] [WARN] [1775666262.165278902] [controller_manager]: Overrun detected! The controller manager missed its desired rate of 125 Hz. The loop took 8.223721 ms (missed cycles : 2).
[ros2_control_node-1] [WARN] [1775666264.445757898] [controller_manager]: Overrun might occur, Total time : 8666.553 us (Expected < 8000.000 us) --> Read time : 57.290 us, Update time : 243.630 us, Write time : 8365.633 us
[ros2_control_node-1] [WARN] [1775666264.445827211] [controller_manager]: Overrun detected! The controller manager missed its desired rate of 125 Hz. The loop took 8.771784 ms (missed cycles : 2).
[ros2_control_node-1] [WARN] [1775666265.566862253] [controller_manager]: Overrun might occur, Total time : 9768.463 us (Expected < 8000.000 us) --> Read time : 55.052 us, Update time : 281.321 us, Write time : 9432.090 us
[ros2_control_node-1] [WARN] [1775666265.566932838] [controller_manager]: Overrun detected! The controller manager missed its desired rate of 125 Hz. The loop took 9.877528 ms (missed cycles : 2).
[ros2_control_node-1] [WARN] [1775666268.110031296] [controller_manager]: Overrun might occur, Total time : 8947.840 us (Expected < 8000.000 us) --> Read time : 52.037 us, Update time : 281.075 us, Write time : 8614.728 us
[ros2_control_node-1] [WARN] [1775666268.110114618] [controller_manager]: Overrun detected! The controller manager missed its desired rate of 125 Hz. The loop took 9.059568 ms (missed cycles : 2).
[ros2_control_node-1] [WARN] [1775666270.501601141] [controller_manager]: Overrun might occur, Total time : 8509.098 us (Expected < 8000.000 us) --> Read time : 59.205 us, Update time : 270.553 us, Write time : 8179.340 us
[ros2_control_node-1] [WARN] [1775666270.501696249] [controller_manager]: Overrun detected! The controller manager missed its desired rate of 125 Hz. The loop took 8.640845 ms (missed cycles : 2).
[ros2_control_node-1] [WARN] [1775666273.918032764] [controller_manager]: Overrun might occur, Total time : 8920.398 us (Expected < 8000.000 us) --> Read time : 61.411 us, Update time : 257.230 us, Write time : 8601.757 us
[ros2_control_node-1] [WARN] [1775666273.918192973] [controller_manager]: Overrun detected! The controller manager missed its desired rate of 125 Hz. The loop took 9.137066 ms (missed cycles : 2).
[ros2_control_node-1] [WARN] [1775666276.364653535] [controller_manager]: Overrun might occur, Total time : 29606.677 us (Expected < 8000.000 us) --> Read time : 75.402 us, Update time : 199.903 us, Write time : 29331.372 us
[ros2_control_node-1] [WARN] [1775666276.364778933] [controller_manager]: Overrun detected! The controller manager missed its desired rate of 125 Hz. The loop took 31.723891 ms (missed cycles : 4).
[ros2_control_node-1] [WARN] [1775666278.000858222] [controller_manager]: Overrun might occur, Total time : 11766.719 us (Expected < 8000.000 us) --> Read time : 57.765 us, Update time : 263.129 us, Write time : 11445.825 us
[ros2_control_node-1] [WARN] [1775666278.000954412] [controller_manager]: Overrun detected! The controller manager missed its desired rate of 125 Hz. The loop took 11.899566 ms (missed cycles : 2).
[ros2_control_node-1] [WARN] [1775666281.871251029] [controller_manager]: Overrun might occur, Total time : 10158.819 us (Expected < 8000.000 us) --> Read time : 53.539 us, Update time : 237.462 us, Write time : 9867.818 us
[ros2_control_node-1] [WARN] [1775666281.871326774] [controller_manager]: Overrun detected! The controller manager missed its desired rate of 125 Hz. The loop took 10.271037 ms (missed cycles : 2).
[ros2_control_node-1] [WARN] [1775666284.293724153] [controller_manager]: Overrun might occur, Total time : 8638.221 us (Expected < 8000.000 us) --> Read time : 58.629 us, Update time : 239.095 us, Write time : 8340.497 us
[ros2_control_node-1] [WARN] [1775666284.293802171] [controller_manager]: Overrun detected! The controller manager missed its desired rate of 125 Hz. The loop took 8.746533 ms (missed cycles : 2).
[ros2_control_node-1] [WARN] [1775666286.253673268] [controller_manager]: Overrun might occur, Total time : 8586.917 us (Expected < 8000.000 us) --> Read time : 70.996 us, Update time : 240.924 us, Write time : 8274.997 us
[ros2_control_node-1] [WARN] [1775666286.253772821] [controller_manager]: Overrun detected! The controller manager missed its desired rate of 125 Hz. The loop took 8.717954 ms (missed cycles : 2).
[ros2_control_node-1] [WARN] [1775666288.726288998] [controller_manager]: Overrun might occur, Total time : 9191.225 us (Expected < 8000.000 us) --> Read time : 68.851 us, Update time : 286.958 us, Write time : 8835.416 us
[ros2_control_node-1] [WARN] [1775666288.726408424] [controller_manager]: Overrun detected! The controller manager missed its desired rate of 125 Hz. The loop took 9.352337 ms (missed cycles : 2).
[ros2_control_node-1] [WARN] [1775666291.421595255] [controller_manager]: Overrun might occur, Total time : 8488.561 us (Expected < 8000.000 us) --> Read time : 48.261 us, Update time : 244.973 us, Write time : 8195.327 us
[ros2_control_node-1] [WARN] [1775666291.421672853] [controller_manager]: Overrun detected! The controller manager missed its desired rate of 125 Hz. The loop took 8.618126 ms (missed cycles : 2).
[ros2_control_node-1] [WARN] [1775666293.197151736] [controller_manager]: Overrun might occur, Total time : 8061.978 us (Expected < 8000.000 us) --> Read time : 56.087 us, Update time : 268.554 us, Write time : 7737.337 us
[ros2_control_node-1] [WARN] [1775666293.197222479] [controller_manager]: Overrun detected! The controller manager missed its desired rate of 125 Hz. The loop took 8.167443 ms (missed cycles : 2).
[ros2_control_node-1] [WARN] [1775666296.773469114] [controller_manager]: Overrun might occur, Total time : 8380.708 us (Expected < 8000.000 us) --> Read time : 57.943 us, Update time : 275.039 us, Write time : 8047.726 us
[ros2_control_node-1] [WARN] [1775666296.773553038] [controller_manager]: Overrun detected! The controller manager missed its desired rate of 125 Hz. The loop took 8.497861 ms (missed cycles : 2).
[ros2_control_node-1] [WARN] [1775666302.870591015] [controller_manager]: Overrun might occur, Total time : 9499.742 us (Expected < 8000.000 us) --> Read time : 67.285 us, Update time : 287.150 us, Write time : 9145.307 us
[ros2_control_node-1] [WARN] [1775666302.870667567] [controller_manager]: Overrun detected! The controller manager missed its desired rate of 125 Hz. The loop took 9.611859 ms (missed cycles : 2).
[ros2_control_node-1] [WARN] [1775666307.089379286] [controller_manager]: Overrun detected! The controller manager missed its desired rate of 125 Hz. The loop took 28.320519 ms (missed cycles : 4).
[ros2_control_node-1] [WARN] [1775666307.318567180] [controller_manager]: Overrun might occur, Total time : 9473.826 us (Expected < 8000.000 us) --> Read time : 56.703 us, Update time : 236.911 us, Write time : 9180.212 us
[ros2_control_node-1] [WARN] [1775666308.190126888] [controller_manager]: Overrun detected! The controller manager missed its desired rate of 125 Hz. The loop took 9.072535 ms (missed cycles : 2).
[ros2_control_node-1] [WARN] [1775666315.871728647] [controller_manager]: Overrun might occur, Total time : 10638.730 us (Expected < 8000.000 us) --> Read time : 56.120 us, Update time : 251.881 us, Write time : 10330.729 us
[ros2_control_node-1] [WARN] [1775666315.871793802] [controller_manager]: Overrun detected! The controller manager missed its desired rate of 125 Hz. The loop took 10.739166 ms (missed cycles : 2).
[ros2_control_node-1] [WARN] [1775666317.324917729] [controller_manager]: Overrun might occur, Total time : 29892.682 us (Expected < 8000.000 us) --> Read time : 55.644 us, Update time : 345.304 us, Write time : 29491.734 us
[ros2_control_node-1] [WARN] [1775666317.325001030] [controller_manager]: Overrun detected! The controller manager missed its desired rate of 125 Hz. The loop took 31.945868 ms (missed cycles : 4).
[ros2_control_node-1] [WARN] [1775666318.703782256] [controller_manager]: Overrun might occur, Total time : 18692.803 us (Expected < 8000.000 us) --> Read time : 51.468 us, Update time : 330.508 us, Write time : 18310.827 us
[ros2_control_node-1] [WARN] [1775666318.703903721] [controller_manager]: Overrun detected! The controller manager missed its desired rate of 125 Hz. The loop took 18.848613 ms (missed cycles : 3).
[ros2_control_node-1] [WARN] [1775666319.814595780] [controller_manager]: Overrun might occur, Total time : 9510.039 us (Expected < 8000.000 us) --> Read time : 53.727 us, Update time : 256.388 us, Write time : 9199.924 us
[ros2_control_node-1] [WARN] [1775666319.814678249] [controller_manager]: Overrun detected! The controller manager missed its desired rate of 125 Hz. The loop took 9.623251 ms (missed cycles : 2).
[ros2_control_node-1] [WARN] [1775666321.101593376] [controller_manager]: Overrun might occur, Total time : 8505.237 us (Expected < 8000.000 us) --> Read time : 83.928 us, Update time : 242.465 us, Write time : 8178.844 us
[ros2_control_node-1] [WARN] [1775666321.101696534] [controller_manager]: Overrun detected! The controller manager missed its desired rate of 125 Hz. The loop took 8.641571 ms (missed cycles : 2).
[ros2_control_node-1] [WARN] [1775666323.701079627] [controller_manager]: Overrun detected! The controller manager missed its desired rate of 125 Hz. The loop took 8.023289 ms (missed cycles : 2).
[ros2_control_node-1] [WARN] [1775666327.565830938] [controller_manager]: Overrun might occur, Total time : 30841.569 us (Expected < 8000.000 us) --> Read time : 104.258 us, Update time : 539.764 us, Write time : 30197.547 us
[ros2_control_node-1] [WARN] [1775666327.565907436] [controller_manager]: Overrun detected! The controller manager missed its desired rate of 125 Hz. The loop took 32.852683 ms (missed cycles : 5).
[ros2_control_node-1] [WARN] [1775666328.734183672] [controller_manager]: Overrun might occur, Total time : 9086.132 us (Expected < 8000.000 us) --> Read time : 76.193 us, Update time : 299.894 us, Write time : 8710.045 us
[ros2_control_node-1] [WARN] [1775666328.734259084] [controller_manager]: Overrun detected! The controller manager missed its desired rate of 125 Hz. The loop took 9.204496 ms (missed cycles : 2).
[ros2_control_node-1] [WARN] [1775666331.028692415] [controller_manager]: Overrun might occur, Total time : 15605.400 us (Expected < 8000.000 us) --> Read time : 59.642 us, Update time : 320.931 us, Write time : 15224.827 us
[ros2_control_node-1] [WARN] [1775666331.028778975] [controller_manager]: Overrun detected! The controller manager missed its desired rate of 125 Hz. The loop took 15.723027 ms (missed cycles : 2).
[ros2_control_node-1] [WARN] [1775666332.501375478] [controller_manager]: Overrun might occur, Total time : 8283.202 us (Expected < 8000.000 us) --> Read time : 64.803 us, Update time : 283.345 us, Write time : 7935.054 us
[ros2_control_node-1] [WARN] [1775666332.501448491] [controller_manager]: Overrun detected! The controller manager missed its desired rate of 125 Hz. The loop took 8.393944 ms (missed cycles : 2).
[ros2_control_node-1] [WARN] [1775666335.429784081] [controller_manager]: Overrun might occur, Total time : 8695.193 us (Expected < 8000.000 us) --> Read time : 59.047 us, Update time : 248.825 us, Write time : 8387.321 us
[ros2_control_node-1] [WARN] [1775666335.429864933] [controller_manager]: Overrun detected! The controller manager missed its desired rate of 125 Hz. The loop took 8.809957 ms (missed cycles : 2).
[ros2_control_node-1] [WARN] [1775666337.810630249] [controller_manager]: Overrun detected! The controller manager missed its desired rate of 125 Hz. The loop took 29.572656 ms (missed cycles : 4).
