
===== 2026-04-08T12:36:17-04:00 | T6_scene_memory_ids =====
cwd=/home/carrt-cse-project/workspace/ros2_kortex_ws
cmd=ros2 topic echo /scene_memory_ids --once 

layout:
  dim: []
  data_offset: 0
data:
- 4
---

===== 2026-04-08T12:37:53-04:00 | T6_scene_memory_ids =====
cwd=/home/carrt-cse-project/workspace/ros2_kortex_ws
cmd=ros2 topic echo /scene_memory_ids --once 

layout:
  dim: []
  data_offset: 0
data:
- 4
---

===== 2026-04-08T12:38:51-04:00 | T6_scene_memory_ids =====
cwd=/home/carrt-cse-project/workspace/ros2_kortex_ws
cmd=ros2 topic echo /scene_memory_ids --once 

layout:
  dim: []
  data_offset: 0
data:
- 4
---
