
===== 2026-04-13T18:59:05-04:00 | T1_full =====
cwd=/home/carrt-cse-project/workspace/ros2_kortex_ws
cmd=ros2 launch adl_tasks adl_start.launch.py arm_use_fake_hardware:=false use_stub:=false 

[INFO] [launch]: All log files can be found below /home/carrt-cse-project/.ros/log/2026-04-13-18-59-05-581457-carrt-cse-project-OptiPlex-5050-34140
[INFO] [launch]: Default logging verbosity is set to INFO
[INFO] [launch.user]: [arm_start.launch] MoveIt current state source: /joint_states_sanitized. Use use_joint_state_sanitizer:=false for raw-state viewer debugging.
[INFO] [launch.user]: [arm_start.launch] Using ADL controller config (share/adl_tasks/config/ros2_controllers_vbox.yaml, update_rate:=50 Hz).
[INFO] [ros2_control_node-1]: process started with pid [34144]
[INFO] [robot_state_publisher-2]: process started with pid [34145]
[INFO] [joint_state_sanitizer-3]: process started with pid [34146]
[INFO] [spawner-4]: process started with pid [34147]
[INFO] [static_transform_publisher-5]: process started with pid [34148]
[INFO] [static_transform_publisher-6]: process started with pid [34149]
[INFO] [scene_static-7]: process started with pid [34150]
[INFO] [wrist_camera_usb_publisher-8]: process started with pid [34151]
[INFO] [vision_apriltag-9]: process started with pid [34152]
[INFO] [scene_from_vision-10]: process started with pid [34153]
[INFO] [adl_controller-11]: process started with pid [34154]
[INFO] [pick_dropped_bottle-12]: process started with pid [34155]
[INFO] [clear_table-13]: process started with pid [34156]
[INFO] [give_medication-14]: process started with pid [34157]
[INFO] [adl_ui-15]: process started with pid [34158]
[static_transform_publisher-6] [INFO] [1776121146.025554977] [camera_color_optical_bridge_tf_pub]: Spinning until stopped - publishing transform
[static_transform_publisher-6] translation: ('0.000000', '0.000000', '0.000000')
[static_transform_publisher-6] rotation: ('0.000000', '0.000000', '0.000000', '1.000000')
[static_transform_publisher-6] from 'camera_color_frame' to 'wrist_mounted_camera_color_optical_frame'
[static_transform_publisher-5] [INFO] [1776121146.043728620] [static_transform_publisher]: Spinning until stopped - publishing transform
[static_transform_publisher-5] translation: ('0.000000', '0.000000', '0.000000')
[static_transform_publisher-5] rotation: ('0.000000', '0.000000', '0.000000', '1.000000')
[static_transform_publisher-5] from 'world' to 'base_link'
[robot_state_publisher-2] [INFO] [1776121146.070968668] [robot_state_publisher]: Robot initialized
[ros2_control_node-1] [INFO] [1776121146.125319797] [controller_manager]: Using Steady (Monotonic) clock for triggering controller manager cycles.
[ros2_control_node-1] [INFO] [1776121146.183114364] [controller_manager]: Subscribing to '/robot_description' topic for robot description.
[ros2_control_node-1] [INFO] [1776121146.197119299] [controller_manager]: update rate is 50 Hz
[ros2_control_node-1] [INFO] [1776121146.197155331] [controller_manager]: Overruns handling is : enabled
[ros2_control_node-1] [INFO] [1776121146.197166647] [controller_manager]: Spawning controller_manager RT thread with scheduler priority: 50
[ros2_control_node-1] [INFO] [1776121146.197787456] [controller_manager]: Received robot description from topic.
[ros2_control_node-1] [INFO] [1776121146.197842519] [controller_manager]: Enforcing command limits is disabled. Command limits from URDF will be ignored.
[ros2_control_node-1] [INFO] [1776121146.198272449] [controller_manager]: Successful set up FIFO RT scheduling policy with priority 50.
[ros2_control_node-1] [INFO] [1776121146.228046698] [controller_manager]: Loading hardware 'KortexMultiInterfaceHardware' 
[ros2_control_node-1] [INFO] [1776121146.286195014] [KortexMultiInterfaceHardware]: Setting severity threshold to DEBUG
[ros2_control_node-1] [INFO] [1776121146.289236017] [controller_manager]: Loaded hardware 'KortexMultiInterfaceHardware' from plugin 'kortex_driver/KortexMultiInterfaceHardware'
[ros2_control_node-1] [INFO] [1776121146.292058292] [controller_manager]: Initialize hardware 'KortexMultiInterfaceHardware' 
[ros2_control_node-1] [INFO] [1776121146.334971501] [KortexMultiInterfaceHardware]: Configuring Hardware Interface
[ros2_control_node-1] [INFO] [1776121146.335335392] [KortexMultiInterfaceHardware]: Robot ip is '192.168.0.10'
[ros2_control_node-1] [INFO] [1776121146.335348159] [KortexMultiInterfaceHardware]: Username is 'admin'
[ros2_control_node-1] [INFO] [1776121146.335361353] [KortexMultiInterfaceHardware]: Port used '10000'
[ros2_control_node-1] [INFO] [1776121146.335367514] [KortexMultiInterfaceHardware]: Realtime port used '10001'
[ros2_control_node-1] [INFO] [1776121146.335372863] [KortexMultiInterfaceHardware]: Session inactivity timeout is '60000'
[ros2_control_node-1] [INFO] [1776121146.335378325] [KortexMultiInterfaceHardware]: Connection inactivity timeout is '2000'
[ros2_control_node-1] [INFO] [1776121146.335385161] [KortexMultiInterfaceHardware]: Gripper joint name is 'robotiq_85_left_knuckle_joint'
[ros2_control_node-1] [INFO] [1776121146.335416086] [KortexMultiInterfaceHardware]: Connecting to robot at 192.168.0.10
[ros2_control_node-1] [INFO] [1776121146.343437965] [KortexMultiInterfaceHardware]: Creating session for communication
[ros2_control_node-1] [INFO] [1776121146.789582683] [KortexMultiInterfaceHardware]: Session created
[spawner-4] [INFO] [1776121147.081111168] [spawner_joint_state_broadcaster]: waiting for service /controller_manager/list_controllers to become available...
[adl_ui-15] [INFO] [1776121147.381777418] [adl_ui_node]: ADL UI Node started.
[adl_ui-15] [INFO] [1776121147.382781556] [adl_ui_node]: Automatic retract on UI load is disabled; startup sends no motion.
[adl_ui-15]  * Serving Flask app 'adl_tasks.adl_ui'
[adl_ui-15]  * Debug mode: off
[adl_ui-15] [INFO] [1776121147.408663651] [adl_ui_node]: Web UI available at http://localhost:5000
[adl_ui-15] WARNING: This is a development server. Do not use it in a production deployment. Use a production WSGI server instead.
[adl_ui-15]  * Running on all addresses (0.0.0.0)
[adl_ui-15]  * Running on http://127.0.0.1:5000
[adl_ui-15]  * Running on http://192.168.0.231:5000
[adl_ui-15] Press CTRL+C to quit
[scene_from_vision-10] [INFO] [1776121147.475542598] [scene_from_vision_node]: Scene From Vision Node Started
[ros2_control_node-1] [INFO] [1776121147.491006458] [KortexMultiInterfaceHardware]: Actuator count reported by robot is '7'
[ros2_control_node-1] [INFO] [1776121147.491255795] [KortexMultiInterfaceHardware]: Using internal bus communication for gripper!
[ros2_control_node-1] [INFO] [1776121147.491265670] [KortexMultiInterfaceHardware]: Hardware Interface successfully configured
[ros2_control_node-1] [INFO] [1776121147.491355163] [controller_manager]: Successful initialization of hardware 'KortexMultiInterfaceHardware'
[ros2_control_node-1] [DEBUG] [1776121147.491433030] [KortexMultiInterfaceHardware]: export_state_interfaces for joint: joint_1
[ros2_control_node-1] [DEBUG] [1776121147.491460142] [KortexMultiInterfaceHardware]: export_state_interfaces for joint: joint_2
[ros2_control_node-1] [DEBUG] [1776121147.491467085] [KortexMultiInterfaceHardware]: export_state_interfaces for joint: joint_3
[ros2_control_node-1] [DEBUG] [1776121147.491471887] [KortexMultiInterfaceHardware]: export_state_interfaces for joint: joint_4
[ros2_control_node-1] [DEBUG] [1776121147.491475935] [KortexMultiInterfaceHardware]: export_state_interfaces for joint: joint_5
[ros2_control_node-1] [DEBUG] [1776121147.491480765] [KortexMultiInterfaceHardware]: export_state_interfaces for joint: joint_6
[ros2_control_node-1] [DEBUG] [1776121147.491484962] [KortexMultiInterfaceHardware]: export_state_interfaces for joint: joint_7
[ros2_control_node-1] [DEBUG] [1776121147.491489022] [KortexMultiInterfaceHardware]: export_state_interfaces for joint: robotiq_85_left_knuckle_joint
[ros2_control_node-1] [INFO] [1776121147.493367224] [resource_manager]: 'configure' hardware 'KortexMultiInterfaceHardware' 
[ros2_control_node-1] [INFO] [1776121147.493409379] [resource_manager]: Successful 'configure' of hardware 'KortexMultiInterfaceHardware'
[ros2_control_node-1] [INFO] [1776121147.493497527] [resource_manager]: 'activate' hardware 'KortexMultiInterfaceHardware' 
[ros2_control_node-1] [INFO] [1776121147.493522272] [KortexMultiInterfaceHardware]: Activating KortexMultiInterfaceHardware...
[joint_state_sanitizer-3] [INFO] [1776121147.498366866] [joint_state_sanitizer_node]: joint_state_sanitizer started. raw=/joint_states -> sanitized=/joint_states_sanitized
[ros2_control_node-1] [INFO] [1776121147.500409001] [KortexMultiInterfaceHardware]: Gripper initial position is '0.873365'.
[ros2_control_node-1] [INFO] [1776121147.504519224] [KortexMultiInterfaceHardware]: KortexMultiInterfaceHardware successfully activated!
[ros2_control_node-1] [INFO] [1776121147.504573131] [resource_manager]: Successful 'activate' of hardware 'KortexMultiInterfaceHardware'
[ros2_control_node-1] [INFO] [1776121147.504997747] [controller_manager]: Registering statistics for : KortexMultiInterfaceHardware
[ros2_control_node-1] [INFO] [1776121147.505187932] [controller_manager]: Resource Manager has been successfully initialized. Starting Controller Manager services...
[scene_static-7] [INFO] [1776121147.520965666] [scene_static_node]: Static Scene Node started.
[scene_static-7] [INFO] [1776121147.522550259] [scene_static_node]: WHEELCHAIR_BASE_HEIGHT = 0.36195m  |  Table surface at z = 0.088m | Table center at x = 0.681m | include_wheelchair_wall=True | include_left_desk_wall=True
[scene_from_vision-10] [INFO] [1776121147.633489010] [scene_from_vision_node]: SceneFromVision: Updating planning scene. Tracking 5 object shape(s). memory_mode=True, scan_duration_s=5.0, scan_min_samples=3, scan_target_samples=8, scan_extend_step_s=1.5, scan_max_extensions=2, scan_prune_unseen_objects=False, continuous_scene_updates=False, latch_first_detection_updates=True, log_object_pose_debug=False, apply_planning_scene_service_updates=True, publish_monitored_planning_scene_updates=True, side_viewpoint=wrist_mounted_camera_color_optical_frame->base_link, reject_table_objects_outside_bounds=False.
[scene_from_vision-10] [INFO] [1776121147.639878662] [scene_from_vision_node]: SceneFromVision calibration: xy_offset=(0.000, 0.020), z_offset=0.000, yaw_deg=0.00, xy_scale=1.0000, clamp_table_objects_to_table_bounds=False, table_bounds_margin_m=0.030.
[scene_from_vision-10] [INFO] [1776121147.642312015] [scene_from_vision_node]: SceneFromVision object offsets: remote_axis=y, remote_tag_to_center_sign=-1.0, remote_tag_from_end_m=0.020, remote_world_offset=(-0.063, 0.000), remote_yaw_offset_deg=0.0, cube_tag_to_center=(0.000, 0.000), cube_world_offset=(0.000, 0.000), cube_yaw_offset_deg=0.0, medication_face_to_center_m=0.030, cup_face_to_center_m=0.037.
[clear_table-13] [INFO] [1776121147.679639971] [clear_table_node]: Clear Table Node Started
[wrist_camera_usb_publisher-8] [INFO] [1776121147.737791925] [wrist_camera_usb_publisher_node]: USB camera publisher: trying camera source index 2.
[wrist_camera_usb_publisher-8] [INFO] [1776121147.747689888] [wrist_camera_usb_publisher_node]: USB camera publisher: opened camera source index 2.
[wrist_camera_usb_publisher-8] [INFO] [1776121147.748813272] [wrist_camera_usb_publisher_node]: Wrist Camera USB Publisher started.
[wrist_camera_usb_publisher-8] [INFO] [1776121147.749871334] [wrist_camera_usb_publisher_node]: Publishing USB camera frames on /wrist_mounted_camera/image with frame_id=wrist_mounted_camera_color_optical_frame.
[wrist_camera_usb_publisher-8] [INFO] [1776121147.750891874] [wrist_camera_usb_publisher_node]: Publishing camera info on /wrist_mounted_camera/camera_info from reference intrinsics [554.25, 554.25, 320.0, 240.0] @ 640x480.
[wrist_camera_usb_publisher-8] [INFO] [1776121147.752056192] [wrist_camera_usb_publisher_node]: Using explicit camera_matrix for CameraInfo. matrix_size=1280x720, K=[920.874267578125, 0.0, 644.7646484375, 0.0, 921.5654907226562, 343.1528625488281, 0.0, 0.0, 1.0], d=[0.0, 0.0, 0.0, 0.0, 0.0]
[wrist_camera_usb_publisher-8] [INFO] [1776121147.755941081] [wrist_camera_usb_publisher_node]: Requested source=2 size=1280x720 fps=10.0
[clear_table-13] [INFO] [1776121147.776585892] [clear_table_node]: MoveItHelper initialized. joint_state_topic=/joint_states_sanitized (sanitized_expected=True) real_hardware_mode=True short_cartesian_mode=planned
[clear_table-13] [INFO] [1776121147.785497455] [clear_table_node]: Vision Client initialized, waiting for service...
[vision_apriltag-9] [INFO] [1776121147.955436533] [vision_apriltag_node]: Vision AprilTag Node Started
[vision_apriltag-9] [INFO] [1776121147.956555785] [vision_apriltag_node]: Subscribing to camera topic: /wrist_mounted_camera/image
[vision_apriltag-9] [INFO] [1776121147.957692804] [vision_apriltag_node]: Subscribing to camera info topic: /wrist_mounted_camera/camera_info
[vision_apriltag-9] [INFO] [1776121147.958784058] [vision_apriltag_node]: Camera frame: wrist_mounted_camera_color_optical_frame | use_image_header_frame=True
[vision_apriltag-9] [INFO] [1776121147.959894134] [vision_apriltag_node]: Tag size: 0.025m | pose_cache_retention_s=20.0 | get_pose_wait_timeout_s=5.0 | max_returned_pose_age_s=20.0 | camera_params=[554.25, 554.25, 320.0, 240.0] | families=tag36h11 | quad_decimate=1.0 | requested_backend=opencv | backend=cv2.aruco | opencv_pose_solver=ippe_square | use_image_timestamp_for_tf=False
[vision_apriltag-9] [INFO] [1776121147.961088835] [vision_apriltag_node]: Top-tag known-plane projection: enabled=True, planes={3: 0.10995, 4: 0.15155}
[vision_apriltag-9] [INFO] [1776121147.962334456] [vision_apriltag_node]: pupil_apriltags tuning: nthreads=1, quad_sigma=0.0, refine_edges=1, decode_sharpening=0.25, debug=0, preprocess_variants=['raw', 'clahe', 'adaptive', 'clahe_sharp', 'clahe_up2', 'sharp_up2'], tile_search_if_empty=True, tile_search_grid=3x2, tile_search_scale=2.0, tile_search_overlap=0.25
[vision_apriltag-9] [WARN] [1776121147.963629010] [vision_apriltag_node]: pupil_apriltags is not importable by this node, so detection is using OpenCV fallback only. python=/usr/bin/python3, import_error=No module named 'pupil_apriltags'. If .venv contains pupil_apriltags, rebuild adl_tasks with that venv active or run the module with the venv Python.
[vision_apriltag-9] [INFO] [1776121147.965340450] [vision_apriltag_node]: Publishing AprilTag debug images on /vision_apriltag/debug_image at up to 1.0 Hz.
[clear_table-13] [INFO] [1776121148.036257826] [clear_table_node]: Vision service is ready.
[clear_table-13] [INFO] [1776121148.045065126] [clear_table_node]: Clear Table Node ready. Waiting for command.
[clear_table-13] [INFO] [1776121148.045784637] [clear_table_node]: Startup motion disabled at node load; motion begins only after clear_table command.
[give_medication-14] [INFO] [1776121148.077925910] [give_medication_node]: give_medication starting...
[adl_ui-15] 127.0.0.1 - - [13/Apr/2026 18:59:08] "GET /status_json HTTP/1.1" 200 -
[give_medication-14] [INFO] [1776121148.379316379] [give_medication_node]: MoveItHelper initialized. joint_state_topic=/joint_states_sanitized (sanitized_expected=True) real_hardware_mode=True short_cartesian_mode=planned
[give_medication-14] [INFO] [1776121148.391725382] [give_medication_node]: Vision Client initialized, waiting for service...
[give_medication-14] [INFO] [1776121148.392393384] [give_medication_node]: Vision service is ready.
[wrist_camera_usb_publisher-8] [INFO] [1776121148.400031402] [wrist_camera_usb_publisher_node]: USB camera info active intrinsics: size=1280x720, fx=920.87, fy=921.57, cx=644.76, cy=343.15, d=array('d', [0.0, 0.0, 0.0, 0.0, 0.0])
[give_medication-14] [INFO] [1776121148.400125910] [give_medication_node]: give_medication ready.
[wrist_camera_usb_publisher-8] [INFO] [1776121148.400968686] [wrist_camera_usb_publisher_node]: USB camera publisher heartbeat: publishing 1280x720 frames on /wrist_mounted_camera/image; camera_info fx=920.87, fy=921.57, cx=644.76, cy=343.15.
[vision_apriltag-9] [INFO] [1776121148.402782919] [vision_apriltag_node]: Vision AprilTag camera model updated from CameraInfo: size=1280x720, fx=920.87, fy=921.57, cx=644.76, cy=343.15, d=[0.0, 0.0, 0.0, 0.0, 0.0]
[pick_dropped_bottle-12] [INFO] [1776121148.441940642] [pick_dropped_bottle_node]: PickDroppedBottle starting...
[pick_dropped_bottle-12] [INFO] [1776121148.505361483] [pick_dropped_bottle_node]: MoveItHelper initialized. joint_state_topic=/joint_states_sanitized (sanitized_expected=True) real_hardware_mode=True short_cartesian_mode=planned
[pick_dropped_bottle-12] [INFO] [1776121148.514254206] [pick_dropped_bottle_node]: Vision Client initialized, waiting for service...
[pick_dropped_bottle-12] [INFO] [1776121148.514949127] [pick_dropped_bottle_node]: Vision service is ready.
[pick_dropped_bottle-12] [INFO] [1776121148.519045635] [pick_dropped_bottle_node]: PickDroppedBottle ready. Waiting for command.
[pick_dropped_bottle-12] [INFO] [1776121148.519573354] [pick_dropped_bottle_node]: Startup motion disabled at node load; motion begins only after pick_dropped_bottle command.
[vision_apriltag-9] [INFO] [1776121148.683384742] [vision_apriltag_node]: Vision AprilTag detection debug: no tags found after raw/CLAHE/sharp/adaptive/upscaled/tiled passes.
[adl_controller-11] [INFO] [1776121148.763959333] [adl_controller_node]: MoveItHelper initialized. joint_state_topic=/joint_states_sanitized (sanitized_expected=True) real_hardware_mode=True short_cartesian_mode=planned
[adl_controller-11] [INFO] [1776121148.773965777] [adl_controller_node]: ADL controller ready. Waiting for UI/system commands.
[adl_ui-15] 127.0.0.1 - - [13/Apr/2026 18:59:08] "GET /status_json HTTP/1.1" 200 -
[adl_ui-15] 127.0.0.1 - - [13/Apr/2026 18:59:09] "GET /status_json HTTP/1.1" 200 -
[scene_static-7] [WARN] [1776121149.707846769] [scene_static_node]: Planning scene service not available, waiting...
[vision_apriltag-9] [INFO] [1776121149.995974516] [vision_apriltag_node]: Vision AprilTag: images are arriving on /wrist_mounted_camera/image, but no AprilTags have been detected yet.
[ros2_control_node-1] [INFO] [1776121150.096206839] [controller_manager]: Loading controller : 'joint_state_broadcaster' of type 'joint_state_broadcaster/JointStateBroadcaster'
[ros2_control_node-1] [INFO] [1776121150.096245962] [controller_manager]: Loading controller 'joint_state_broadcaster'
[ros2_control_node-1] [INFO] [1776121150.103222324] [controller_manager]: Controller 'joint_state_broadcaster' node arguments: --ros-args --params-file /home/carrt-cse-project/workspace/ros2_kortex_ws/install/adl_tasks/share/adl_tasks/config/ros2_controllers_vbox.yaml --params-file /tmp/launch_params__njas0lx 
[spawner-4] [INFO] [1776121150.140941192] [spawner_joint_state_broadcaster]: Loaded joint_state_broadcaster
[ros2_control_node-1] [INFO] [1776121150.143300645] [controller_manager]: Configuring controller: 'joint_state_broadcaster'
[ros2_control_node-1] [INFO] [1776121150.143561644] [joint_state_broadcaster]: 'joints' or 'interfaces' parameter is empty. All available state interfaces will be published
[ros2_control_node-1] [INFO] [1776121150.243039437] [controller_manager]: Activating controllers: [ joint_state_broadcaster ]
[ros2_control_node-1] [INFO] [1776121150.259572966] [controller_manager]: Successfully switched controllers!
[spawner-4] [INFO] [1776121150.281096749] [spawner_joint_state_broadcaster]: Configured and activated joint_state_broadcaster
[adl_ui-15] 127.0.0.1 - - [13/Apr/2026 18:59:10] "GET /status_json HTTP/1.1" 200 -
[INFO] [spawner-4]: process has finished cleanly [pid 34147]
[INFO] [spawner-16]: process started with pid [34415]
[INFO] [spawner-17]: process started with pid [34416]
[INFO] [spawner-18]: process started with pid [34417]
[INFO] [spawner-19]: process started with pid [34418]
[adl_ui-15] 127.0.0.1 - - [13/Apr/2026 18:59:11] "GET /status_json HTTP/1.1" 200 -
[spawner-18] [INFO] [1776121151.705258183] [spawner_robotiq_gripper_controller]: waiting for service /controller_manager/list_controllers to become available...
[scene_static-7] [WARN] [1776121151.713207657] [scene_static_node]: Planning scene service not available, waiting...
[adl_ui-15] 127.0.0.1 - - [13/Apr/2026 18:59:11] "GET /status_json HTTP/1.1" 200 -
[vision_apriltag-9] [INFO] [1776121152.154762930] [vision_apriltag_node]: Vision AprilTag: images are arriving on /wrist_mounted_camera/image, but no AprilTags have been detected yet.
[ros2_control_node-1] [INFO] [1776121152.217576862] [controller_manager]: Loading controller : 'robotiq_gripper_controller' of type 'position_controllers/GripperActionController'
[ros2_control_node-1] [INFO] [1776121152.217626504] [controller_manager]: Loading controller 'robotiq_gripper_controller'
[ros2_control_node-1] [INFO] [1776121152.222599416] [controller_manager]: Controller 'robotiq_gripper_controller' node arguments: --ros-args --params-file /home/carrt-cse-project/workspace/ros2_kortex_ws/install/adl_tasks/share/adl_tasks/config/ros2_controllers_vbox.yaml --params-file /tmp/launch_params__njas0lx 
[ros2_control_node-1] [WARN] [1776121152.257026523] [robotiq_gripper_controller]: [Deprecated]: the `position_controllers/GripperActionController` and `effort_controllers::GripperActionController` controllers are replaced by 'parallel_gripper_controllers/GripperActionController' controller
[spawner-18] [INFO] [1776121152.260901274] [spawner_robotiq_gripper_controller]: Loaded robotiq_gripper_controller
[ros2_control_node-1] [INFO] [1776121152.265380162] [controller_manager]: Configuring controller: 'robotiq_gripper_controller'
[ros2_control_node-1] [INFO] [1776121152.265527342] [robotiq_gripper_controller]: Action status changes will be monitored at 20.000000 Hz.
[ros2_control_node-1] [INFO] [1776121152.283477184] [controller_manager]: Activating controllers: [ robotiq_gripper_controller ]
[ros2_control_node-1] [INFO] [1776121152.506096398] [controller_manager]: Successfully switched controllers!
[spawner-18] [INFO] [1776121152.522394617] [spawner_robotiq_gripper_controller]: Configured and activated robotiq_gripper_controller
[adl_ui-15] 127.0.0.1 - - [13/Apr/2026 18:59:12] "GET /status_json HTTP/1.1" 200 -
[spawner-16] [INFO] [1776121152.714748971] [spawner_joint_trajectory_controller]: waiting for service /controller_manager/list_controllers to become available...
[INFO] [spawner-18]: process has finished cleanly [pid 34417]
[ros2_control_node-1] [INFO] [1776121153.222124098] [controller_manager]: Loading controller : 'joint_trajectory_controller' of type 'joint_trajectory_controller/JointTrajectoryController'
[ros2_control_node-1] [INFO] [1776121153.222184720] [controller_manager]: Loading controller 'joint_trajectory_controller'
[ros2_control_node-1] [INFO] [1776121153.230158572] [controller_manager]: Controller 'joint_trajectory_controller' node arguments: --ros-args --params-file /home/carrt-cse-project/workspace/ros2_kortex_ws/install/adl_tasks/share/adl_tasks/config/ros2_controllers_vbox.yaml --params-file /tmp/launch_params__njas0lx 
[spawner-16] [INFO] [1776121153.300452938] [spawner_joint_trajectory_controller]: Loaded joint_trajectory_controller
[ros2_control_node-1] [INFO] [1776121153.303627327] [controller_manager]: Configuring controller: 'joint_trajectory_controller'
[ros2_control_node-1] [INFO] [1776121153.304292547] [joint_trajectory_controller]: No specific joint names are used for command interfaces. Using 'joints' parameter.
[ros2_control_node-1] [INFO] [1776121153.306411208] [joint_trajectory_controller]: Command interfaces are [position] and state interfaces are [position velocity].
[ros2_control_node-1] [INFO] [1776121153.307003931] [joint_trajectory_controller]: Using 'splines' interpolation method.
[ros2_control_node-1] [INFO] [1776121153.317411056] [joint_trajectory_controller]: Action status changes will be monitored at 10.00 Hz.
[adl_ui-15] 127.0.0.1 - - [13/Apr/2026 18:59:13] "GET /status_json HTTP/1.1" 200 -
[ros2_control_node-1] [INFO] [1776121153.422510818] [controller_manager]: Activating controllers: [ joint_trajectory_controller ]
[wrist_camera_usb_publisher-8] [INFO] [1776121153.542991189] [wrist_camera_usb_publisher_node]: USB camera publisher heartbeat: publishing 1280x720 frames on /wrist_mounted_camera/image; camera_info fx=920.87, fy=921.57, cx=644.76, cy=343.15.
[ros2_control_node-1] [INFO] [1776121153.644422877] [controller_manager]: Successfully switched controllers!
[spawner-16] [INFO] [1776121153.660906638] [spawner_joint_trajectory_controller]: Configured and activated joint_trajectory_controller
[scene_static-7] [WARN] [1776121153.721537992] [scene_static_node]: Planning scene service not available, waiting...
[spawner-19] [INFO] [1776121153.797774440] [spawner_fault_controller]: waiting for service /controller_manager/list_controllers to become available...
[vision_apriltag-9] [INFO] [1776121153.802640256] [vision_apriltag_node]: Vision AprilTag detection debug: no tags found after raw/CLAHE/sharp/adaptive/upscaled/tiled passes.
[INFO] [spawner-16]: process has finished cleanly [pid 34415]
[vision_apriltag-9] [INFO] [1776121153.919485031] [vision_apriltag_node]: Vision AprilTag: images are arriving on /wrist_mounted_camera/image, but no AprilTags have been detected yet.
[adl_ui-15] 127.0.0.1 - - [13/Apr/2026 18:59:14] "GET /status_json HTTP/1.1" 200 -
[adl_ui-15] 127.0.0.1 - - [13/Apr/2026 18:59:14] "GET /status_json HTTP/1.1" 200 -
[INFO] [move_group-20]: process started with pid [34604]
[INFO] [rviz2-21]: process started with pid [34605]
[adl_ui-15] 127.0.0.1 - - [13/Apr/2026 18:59:15] "GET /status_json HTTP/1.1" 200 -
[scene_static-7] [WARN] [1776121155.730614987] [scene_static_node]: Planning scene service not available, waiting...
[move_group-20] [INFO] [1776121155.811589872] [move_group.moveit.moveit.ros.rdf_loader]: Loaded robot model in 0.0255894 seconds
[move_group-20] [INFO] [1776121155.812505038] [move_group.moveit.moveit.core.robot_model]: Loading robot model 'gen3'...
[move_group-20] [INFO] [1776121155.813171048] [move_group.moveit.moveit.core.robot_model]: No root/virtual joint specified in SRDF. Assuming fixed joint
[ros2_control_node-1] [INFO] [1776121155.819917922] [controller_manager]: Loading controller : 'fault_controller' of type 'picknik_reset_fault_controller/PicknikResetFaultController'
[ros2_control_node-1] [INFO] [1776121155.819958751] [controller_manager]: Loading controller 'fault_controller'
[ros2_control_node-1] [INFO] [1776121155.867920024] [controller_manager]: Controller 'fault_controller' node arguments: --ros-args --params-file /home/carrt-cse-project/workspace/ros2_kortex_ws/install/adl_tasks/share/adl_tasks/config/ros2_controllers_vbox.yaml --params-file /tmp/launch_params__njas0lx 
[ros2_control_node-1] [INFO] [1776121155.900451583] [controller_manager]: Received robot description from topic.
[ros2_control_node-1] [WARN] [1776121155.900491531] [controller_manager]: ResourceManager has already loaded a urdf. Ignoring attempt to reload a robot description.
[vision_apriltag-9] [INFO] [1776121155.917572579] [vision_apriltag_node]: Vision AprilTag: images are arriving on /wrist_mounted_camera/image, but no AprilTags have been detected yet.
[spawner-19] [INFO] [1776121155.963132337] [spawner_fault_controller]: Loaded fault_controller
[ros2_control_node-1] [INFO] [1776121155.983781697] [controller_manager]: Configuring controller: 'fault_controller'
[ros2_control_node-1] [INFO] [1776121156.010712690] [controller_manager]: Activating controllers: [ fault_controller ]
[move_group-20] [INFO] [1776121156.116870673] [move_group.moveit.moveit.kinematics.kdl_kinematics_plugin]: Joint weights for group 'manipulator': 1 1 1 1 1 1 1
[ros2_control_node-1] [INFO] [1776121156.223942564] [controller_manager]: Successfully switched controllers!
[spawner-19] [INFO] [1776121156.255682355] [spawner_fault_controller]: Configured and activated fault_controller
[adl_ui-15] 127.0.0.1 - - [13/Apr/2026 18:59:16] "GET /status_json HTTP/1.1" 200 -
[INFO] [spawner-19]: process has finished cleanly [pid 34418]
[move_group-20] [INFO] [1776121156.619051417] [move_group.moveit.moveit.ros.planning_scene_monitor]: Publishing maintained planning scene on 'monitored_planning_scene'
[move_group-20] [INFO] [1776121156.619382946] [move_group.moveit.moveit.ros.moveit_cpp]: Listening to 'joint_states' for joint states
[move_group-20] [INFO] [1776121156.625627966] [move_group.moveit.moveit.ros.current_state_monitor]: Listening to joint states on topic 'joint_states'
[move_group-20] [INFO] [1776121156.626452424] [move_group.moveit.moveit.ros.planning_scene_monitor]: Listening to '/attached_collision_object' for attached collision objects
[move_group-20] [INFO] [1776121156.626481156] [move_group.moveit.moveit.ros.planning_scene_monitor]: Stopping existing planning scene publisher.
[move_group-20] [INFO] [1776121156.627371973] [move_group.moveit.moveit.ros.planning_scene_monitor]: Stopped publishing maintained planning scene.
[move_group-20] [INFO] [1776121156.633096253] [move_group.moveit.moveit.ros.planning_scene_monitor]: Publishing maintained planning scene on 'monitored_planning_scene'
[move_group-20] [INFO] [1776121156.633254321] [move_group.moveit.moveit.ros.planning_scene_monitor]: Starting planning scene monitor
[move_group-20] [INFO] [1776121156.635928083] [move_group.moveit.moveit.ros.planning_scene_monitor]: Listening to '/planning_scene'
[move_group-20] [INFO] [1776121156.635978060] [move_group.moveit.moveit.ros.planning_scene_monitor]: Starting world geometry update monitor for collision objects, attached objects, octomap updates.
[move_group-20] [INFO] [1776121156.637560290] [move_group.moveit.moveit.ros.planning_scene_monitor]: Listening to 'collision_object'
[move_group-20] [INFO] [1776121156.639039246] [move_group.moveit.moveit.ros.planning_scene_monitor]: Listening to 'planning_scene_world' for planning scene world geometry
[move_group-20] [WARN] [1776121156.640478992] [move_group.moveit.moveit.ros.occupancy_map_monitor]: Resolution not specified for Octomap. Assuming resolution = 0.1 instead
[move_group-20] [ERROR] [1776121156.640567387] [move_group.moveit.moveit.ros.occupancy_map_monitor]: No 3D sensor plugin(s) defined for octomap updates
[rviz2-21] [INFO] [1776121156.755935106] [rviz2]: Stereo is NOT SUPPORTED
[rviz2-21] [INFO] [1776121156.756659800] [rviz2]: OpenGl version: 4.6 (GLSL 4.6)
[rviz2-21] [INFO] [1776121156.803169322] [rviz2]: Stereo is NOT SUPPORTED
[spawner-17] [INFO] [1776121156.926244280] [spawner_twist_controller]: waiting for service /controller_manager/list_controllers to become available...
[move_group-20] [INFO] [1776121157.070477262] [move_group.moveit.moveit.ros.planning_pipeline]: Successfully loaded planner 'OMPL'
[move_group-20] [INFO] [1776121157.080772449] [move_group]: Try loading adapter 'default_planning_request_adapters/ResolveConstraintFrames'
[move_group-20] [INFO] [1776121157.085945403] [move_group]: Loaded adapter 'default_planning_request_adapters/ResolveConstraintFrames'
[move_group-20] [INFO] [1776121157.085990746] [move_group]: Try loading adapter 'default_planning_request_adapters/ValidateWorkspaceBounds'
[move_group-20] [INFO] [1776121157.086412495] [move_group]: Loaded adapter 'default_planning_request_adapters/ValidateWorkspaceBounds'
[move_group-20] [INFO] [1776121157.086428548] [move_group]: Try loading adapter 'default_planning_request_adapters/CheckStartStateBounds'
[move_group-20] [INFO] [1776121157.086466361] [move_group]: Loaded adapter 'default_planning_request_adapters/CheckStartStateBounds'
[move_group-20] [INFO] [1776121157.086475012] [move_group]: Try loading adapter 'default_planning_request_adapters/CheckStartStateCollision'
[move_group-20] [INFO] [1776121157.086493545] [move_group]: Loaded adapter 'default_planning_request_adapters/CheckStartStateCollision'
[move_group-20] [INFO] [1776121157.093009696] [move_group]: Try loading adapter 'default_planning_response_adapters/AddTimeOptimalParameterization'
[move_group-20] [INFO] [1776121157.107644160] [move_group]: Loaded adapter 'default_planning_response_adapters/AddTimeOptimalParameterization'
[move_group-20] [INFO] [1776121157.107678842] [move_group]: Try loading adapter 'default_planning_response_adapters/ValidateSolution'
[move_group-20] [INFO] [1776121157.113469851] [move_group]: Loaded adapter 'default_planning_response_adapters/ValidateSolution'
[move_group-20] [INFO] [1776121157.113524665] [move_group]: Try loading adapter 'default_planning_response_adapters/DisplayMotionPath'
[move_group-20] [INFO] [1776121157.116608932] [move_group]: Loaded adapter 'default_planning_response_adapters/DisplayMotionPath'
[adl_ui-15] 127.0.0.1 - - [13/Apr/2026 18:59:17] "GET /status_json HTTP/1.1" 200 -
[rviz2-21] Warning: class_loader.impl: SEVERE WARNING!!! A namespace collision has occurred with plugin factory for class rviz_default_plugins::displays::InteractiveMarkerDisplay. New factory will OVERWRITE existing one. This situation occurs when libraries containing plugins are directly linked against an executable (the one running right now generating this message). Please separate plugins out into their own library or just don't link against the library and use either class_loader::ClassLoader/MultiLibraryClassLoader to open.
[rviz2-21]          at line 321 in /opt/ros/jazzy/include/class_loader/class_loader/class_loader_core.hpp
[rviz2-21] [WARN] [1776121157.192663814] [rcl.logging_rosout]: Publisher already registered for node name: 'rviz2_moveit'. If this is due to multiple nodes with the same name then all logs for the logger named 'rviz2_moveit' will go out over the existing publisher. As soon as any node with that name is destructed it will unregister the publisher, preventing any further logs for that name from being published on the rosout topic.
[move_group-20] [INFO] [1776121157.377034661] [move_group.moveit.moveit.plugins.simple_controller_manager]: Added FollowJointTrajectory controller for joint_trajectory_controller
[move_group-20] [INFO] [1776121157.377107515] [move_group.moveit.moveit.plugins.simple_controller_manager]: robotiq_gripper_controller will command a max effort of: 0
[move_group-20] [INFO] [1776121157.401756260] [move_group.moveit.moveit.plugins.simple_controller_manager]: Added GripperCommand controller for robotiq_gripper_controller
[move_group-20] [INFO] [1776121157.402000178] [move_group.moveit.moveit.plugins.simple_controller_manager]: Returned 2 controllers in list
[move_group-20] [INFO] [1776121157.402042432] [move_group.moveit.moveit.plugins.simple_controller_manager]: Returned 2 controllers in list
[move_group-20] [INFO] [1776121157.405981880] [move_group.moveit.moveit.ros.trajectory_execution_manager]: Trajectory execution is managing controllers
[move_group-20] [INFO] [1776121157.406290832] [move_group]: MoveGroup debug mode is ON
[move_group-20] [INFO] [1776121157.474272856] [move_group.moveit.moveit.ros.move_group.executable]: 
[move_group-20] 
[move_group-20] ********************************************************
[move_group-20] * MoveGroup using: 
[move_group-20] *     - apply_planning_scene_service
[move_group-20] *     - clear_octomap_service
[move_group-20] *     - get_group_urdf
[move_group-20] *     - load_geometry_from_file
[move_group-20] *     - CartesianPathService
[move_group-20] *     - execute_trajectory_action
[move_group-20] *     - get_planning_scene_service
[move_group-20] *     - kinematics_service
[move_group-20] *     - move_action
[move_group-20] *     - motion_plan_service
[move_group-20] *     - query_planners_service
[move_group-20] *     - state_validation_service
[move_group-20] *     - save_geometry_to_file
[move_group-20] ********************************************************
[move_group-20] 
[move_group-20] [INFO] [1776121157.474342372] [move_group.moveit.moveit.ros.move_group.context]: MoveGroup context using pipeline ompl
[move_group-20] [INFO] [1776121157.474362886] [move_group.moveit.moveit.ros.move_group.context]: MoveGroup context initialization complete
[move_group-20] [96mLoading 'move_group/ApplyPlanningSceneService'...[0m
[move_group-20] [96mLoading 'move_group/ClearOctomapService'...[0m
[move_group-20] [96mLoading 'move_group/GetUrdfService'...[0m
[move_group-20] [96mLoading 'move_group/LoadGeometryFromFileService'...[0m
[move_group-20] [96mLoading 'move_group/MoveGroupCartesianPathService'...[0m
[move_group-20] [96mLoading 'move_group/MoveGroupExecuteTrajectoryAction'...[0m
[move_group-20] [96mLoading 'move_group/MoveGroupGetPlanningSceneService'...[0m
[move_group-20] [96mLoading 'move_group/MoveGroupKinematicsService'...[0m
[move_group-20] [96mLoading 'move_group/MoveGroupMoveAction'...[0m
[move_group-20] [96mLoading 'move_group/MoveGroupPlanService'...[0m
[move_group-20] [96mLoading 'move_group/MoveGroupQueryPlannersService'...[0m
[move_group-20] [96mLoading 'move_group/MoveGroupStateValidationService'...[0m
[move_group-20] [96mLoading 'move_group/SaveGeometryToFileService'...[0m
[move_group-20] 
[move_group-20] [92mYou can start planning now![0m
[move_group-20] 
[scene_static-7] [INFO] [1776121157.493211692] [scene_static_node]: Planning scene service available. Building static scene...
[scene_static-7] [INFO] [1776121157.501092322] [scene_static_node]: Static scene built: 15 objects added to MoveIt planning scene.
[ros2_control_node-1] [INFO] [1776121157.533101538] [controller_manager]: Loading controller : 'twist_controller' of type 'picknik_twist_controller/PicknikTwistController'
[ros2_control_node-1] [INFO] [1776121157.534667912] [controller_manager]: Loading controller 'twist_controller'
[ros2_control_node-1] [INFO] [1776121157.540007411] [controller_manager]: Controller 'twist_controller' node arguments: --ros-args --params-file /home/carrt-cse-project/workspace/ros2_kortex_ws/install/adl_tasks/share/adl_tasks/config/ros2_controllers_vbox.yaml --params-file /tmp/launch_params__njas0lx 
[spawner-17] [INFO] [1776121157.641658640] [spawner_twist_controller]: Loaded twist_controller
[ros2_control_node-1] [INFO] [1776121157.653640352] [controller_manager]: Configuring controller: 'twist_controller'
[ros2_control_node-1] [INFO] [1776121157.659952711] [twist_controller]: configure successful
[adl_ui-15] 127.0.0.1 - - [13/Apr/2026 18:59:17] "GET /status_json HTTP/1.1" 200 -
[vision_apriltag-9] [INFO] [1776121157.917007436] [vision_apriltag_node]: Vision AprilTag: images are arriving on /wrist_mounted_camera/image, but no AprilTags have been detected yet.
[INFO] [spawner-17]: process has finished cleanly [pid 34416]
[adl_ui-15] 127.0.0.1 - - [13/Apr/2026 18:59:18] "GET /status_json HTTP/1.1" 200 -
[wrist_camera_usb_publisher-8] [INFO] [1776121158.705634244] [wrist_camera_usb_publisher_node]: USB camera publisher heartbeat: publishing 1280x720 frames on /wrist_mounted_camera/image; camera_info fx=920.87, fy=921.57, cx=644.76, cy=343.15.
[vision_apriltag-9] [INFO] [1776121158.956609646] [vision_apriltag_node]: Vision AprilTag detection debug: no tags found after raw/CLAHE/sharp/adaptive/upscaled/tiled passes.
[adl_ui-15] 127.0.0.1 - - [13/Apr/2026 18:59:19] "GET /status_json HTTP/1.1" 200 -
[vision_apriltag-9] [INFO] [1776121159.915244207] [vision_apriltag_node]: Vision AprilTag: images are arriving on /wrist_mounted_camera/image, but no AprilTags have been detected yet.
[adl_ui-15] 127.0.0.1 - - [13/Apr/2026 18:59:20] "GET /status_json HTTP/1.1" 200 -
[rviz2-21] [ERROR] [1776121160.328599958] [rviz2_moveit.moveit.ros.motion_planning_frame]: Action server: /recognize_objects not available
[rviz2-21] [INFO] [1776121160.411253164] [rviz2_moveit.moveit.ros.motion_planning_frame]: MoveGroup namespace changed: / -> . Reloading params.
[rviz2-21] [INFO] [1776121160.500132897] [rviz2_moveit.moveit.ros.rdf_loader]: Loaded robot model in 0.00804175 seconds
[rviz2-21] [INFO] [1776121160.500214659] [rviz2_moveit.moveit.core.robot_model]: Loading robot model 'gen3'...
[rviz2-21] [INFO] [1776121160.500249477] [rviz2_moveit.moveit.core.robot_model]: No root/virtual joint specified in SRDF. Assuming fixed joint
[rviz2-21] [INFO] [1776121160.729207502] [rviz2_moveit.moveit.kinematics.kdl_kinematics_plugin]: Joint weights for group 'manipulator': 1 1 1 1 1 1 1
[adl_ui-15] 127.0.0.1 - - [13/Apr/2026 18:59:20] "GET /status_json HTTP/1.1" 200 -
[rviz2-21] [INFO] [1776121161.235507906] [rviz2_moveit.moveit.ros.planning_scene_monitor]: Starting planning scene monitor
[rviz2-21] [INFO] [1776121161.237823722] [rviz2_moveit.moveit.ros.planning_scene_monitor]: Listening to '/monitored_planning_scene'
[rviz2-21] [INFO] [1776121161.614537066] [interactive_marker_display_100805924406528]: Connected on namespace: /rviz_moveit_motion_planning_display/robot_interaction_interactive_marker_topic
[adl_ui-15] 127.0.0.1 - - [13/Apr/2026 18:59:21] "GET /status_json HTTP/1.1" 200 -
[rviz2-21] [INFO] [1776121161.626721400] [rviz2_moveit.moveit.ros.robot_interaction]: No active joints or end effectors found for group 'gripper'. Make sure that kinematics.yaml is loaded in this node's namespace.
[rviz2-21] [INFO] [1776121161.627671229] [rviz2_moveit.moveit.ros.robot_interaction]: No active joints or end effectors found for group 'gripper'. Make sure that kinematics.yaml is loaded in this node's namespace.
[rviz2-21] [INFO] [1776121161.637187166] [rviz2_moveit.moveit.ros.motion_planning_frame]: group gripper
[rviz2-21] [INFO] [1776121161.637225622] [rviz2_moveit.moveit.ros.motion_planning_frame]: Constructing new MoveGroup connection for group 'gripper' in namespace ''
[rviz2-21] [INFO] [1776121161.663744625] [rviz2_moveit.moveit.ros.move_group_interface]: Ready to take commands for planning group gripper.
[rviz2-21] [INFO] [1776121161.664431769] [interactive_marker_display_100805924406528]: Sending request for interactive markers
[rviz2-21] [INFO] [1776121161.666374461] [rviz2_moveit.moveit.ros.motion_planning_frame]: group gripper
[rviz2-21] [INFO] [1776121161.690819535] [interactive_marker_display_100805924406528]: Service response received for initialization
[adl_ui-15] 127.0.0.1 - - [13/Apr/2026 18:59:22] "GET /status_json HTTP/1.1" 200 -
[vision_apriltag-9] [INFO] [1776121162.632383460] [vision_apriltag_node]: Vision AprilTag: images are arriving on /wrist_mounted_camera/image, but no AprilTags have been detected yet.
[adl_ui-15] 127.0.0.1 - - [13/Apr/2026 18:59:23] "GET /status_json HTTP/1.1" 200 -
[wrist_camera_usb_publisher-8] [INFO] [1776121163.867136847] [wrist_camera_usb_publisher_node]: USB camera publisher heartbeat: publishing 1280x720 frames on /wrist_mounted_camera/image; camera_info fx=920.87, fy=921.57, cx=644.76, cy=343.15.
[adl_ui-15] 127.0.0.1 - - [13/Apr/2026 18:59:23] "GET /status_json HTTP/1.1" 200 -
[vision_apriltag-9] [INFO] [1776121164.588115611] [vision_apriltag_node]: Vision AprilTag detection debug: no tags found after raw/CLAHE/sharp/adaptive/upscaled/tiled passes.
[vision_apriltag-9] [INFO] [1776121164.593351215] [vision_apriltag_node]: Vision AprilTag: images are arriving on /wrist_mounted_camera/image, but no AprilTags have been detected yet.
[adl_ui-15] 127.0.0.1 - - [13/Apr/2026 18:59:24] "GET /status_json HTTP/1.1" 200 -
[adl_ui-15] 127.0.0.1 - - [13/Apr/2026 18:59:25] "GET /status_json HTTP/1.1" 200 -
[vision_apriltag-9] [INFO] [1776121165.916656735] [vision_apriltag_node]: Vision AprilTag: images are arriving on /wrist_mounted_camera/image, but no AprilTags have been detected yet.
[adl_ui-15] 127.0.0.1 - - [13/Apr/2026 18:59:26] "GET /status_json HTTP/1.1" 200 -
[adl_ui-15] 127.0.0.1 - - [13/Apr/2026 18:59:26] "GET /status_json HTTP/1.1" 200 -
[adl_ui-15] 127.0.0.1 - - [13/Apr/2026 18:59:27] "GET /status_json HTTP/1.1" 200 -
[vision_apriltag-9] [INFO] [1776121168.128771308] [vision_apriltag_node]: Vision AprilTag: images are arriving on /wrist_mounted_camera/image, but no AprilTags have been detected yet.
[adl_ui-15] 127.0.0.1 - - [13/Apr/2026 18:59:28] "GET /status_json HTTP/1.1" 200 -
[wrist_camera_usb_publisher-8] [INFO] [1776121169.031225028] [wrist_camera_usb_publisher_node]: USB camera publisher heartbeat: publishing 1280x720 frames on /wrist_mounted_camera/image; camera_info fx=920.87, fy=921.57, cx=644.76, cy=343.15.
[adl_ui-15] 127.0.0.1 - - [13/Apr/2026 18:59:29] "GET /status_json HTTP/1.1" 200 -
[adl_ui-15] 127.0.0.1 - - [13/Apr/2026 18:59:29] "GET /status_json HTTP/1.1" 200 -
[vision_apriltag-9] [INFO] [1776121170.287734929] [vision_apriltag_node]: Vision AprilTag detection debug: no tags found after raw/CLAHE/sharp/adaptive/upscaled/tiled passes.
[vision_apriltag-9] [INFO] [1776121170.296350224] [vision_apriltag_node]: Vision AprilTag: images are arriving on /wrist_mounted_camera/image, but no AprilTags have been detected yet.
[adl_ui-15] 127.0.0.1 - - [13/Apr/2026 18:59:30] "GET /status_json HTTP/1.1" 200 -
[adl_ui-15] 127.0.0.1 - - [13/Apr/2026 18:59:31] "GET /status_json HTTP/1.1" 200 -
[vision_apriltag-9] [INFO] [1776121172.125907414] [vision_apriltag_node]: Vision AprilTag: images are arriving on /wrist_mounted_camera/image, but no AprilTags have been detected yet.
[adl_ui-15] 127.0.0.1 - - [13/Apr/2026 18:59:32] "GET /status_json HTTP/1.1" 200 -
[adl_ui-15] 127.0.0.1 - - [13/Apr/2026 18:59:32] "GET /status_json HTTP/1.1" 200 -
[adl_ui-15] 127.0.0.1 - - [13/Apr/2026 18:59:33] "GET /status_json HTTP/1.1" 200 -
[wrist_camera_usb_publisher-8] [INFO] [1776121174.188899665] [wrist_camera_usb_publisher_node]: USB camera publisher heartbeat: publishing 1280x720 frames on /wrist_mounted_camera/image; camera_info fx=920.87, fy=921.57, cx=644.76, cy=343.15.
[vision_apriltag-9] [INFO] [1776121174.377156613] [vision_apriltag_node]: Vision AprilTag: images are arriving on /wrist_mounted_camera/image, but no AprilTags have been detected yet.
[adl_ui-15] 127.0.0.1 - - [13/Apr/2026 18:59:34] "GET /status_json HTTP/1.1" 200 -
[adl_ui-15] 127.0.0.1 - - [13/Apr/2026 18:59:35] "GET /status_json HTTP/1.1" 200 -
[vision_apriltag-9] [INFO] [1776121175.336568047] [vision_apriltag_node]: Vision AprilTag detection debug: no tags found after raw/CLAHE/sharp/adaptive/upscaled/tiled passes.
[adl_ui-15] 127.0.0.1 - - [13/Apr/2026 18:59:35] "GET /status_json HTTP/1.1" 200 -
[vision_apriltag-9] [INFO] [1776121175.917045763] [vision_apriltag_node]: Vision AprilTag: images are arriving on /wrist_mounted_camera/image, but no AprilTags have been detected yet.
[adl_ui-15] 127.0.0.1 - - [13/Apr/2026 18:59:36] "GET /status_json HTTP/1.1" 200 -
[adl_ui-15] 127.0.0.1 - - [13/Apr/2026 18:59:37] "GET /status_json HTTP/1.1" 200 -
[vision_apriltag-9] [INFO] [1776121177.916205545] [vision_apriltag_node]: Vision AprilTag: images are arriving on /wrist_mounted_camera/image, but no AprilTags have been detected yet.
[adl_ui-15] 127.0.0.1 - - [13/Apr/2026 18:59:38] "GET /status_json HTTP/1.1" 200 -
[adl_ui-15] 127.0.0.1 - - [13/Apr/2026 18:59:38] "GET /status_json HTTP/1.1" 200 -
[wrist_camera_usb_publisher-8] [INFO] [1776121179.197634213] [wrist_camera_usb_publisher_node]: USB camera publisher heartbeat: publishing 1280x720 frames on /wrist_mounted_camera/image; camera_info fx=920.87, fy=921.57, cx=644.76, cy=343.15.
[adl_ui-15] 127.0.0.1 - - [13/Apr/2026 18:59:39] "GET /status_json HTTP/1.1" 200 -
[vision_apriltag-9] [INFO] [1776121180.028443378] [vision_apriltag_node]: Vision AprilTag: images are arriving on /wrist_mounted_camera/image, but no AprilTags have been detected yet.
[adl_ui-15] 127.0.0.1 - - [13/Apr/2026 18:59:40] "GET /status_json HTTP/1.1" 200 -
[vision_apriltag-9] [INFO] [1776121180.428762417] [vision_apriltag_node]: Vision AprilTag detection debug: no tags found after raw/CLAHE/sharp/adaptive/upscaled/tiled passes.
[adl_ui-15] 127.0.0.1 - - [13/Apr/2026 18:59:41] "GET /status_json HTTP/1.1" 200 -
[adl_ui-15] 127.0.0.1 - - [13/Apr/2026 18:59:41] "GET /status_json HTTP/1.1" 200 -
[vision_apriltag-9] [INFO] [1776121182.100793201] [vision_apriltag_node]: Vision AprilTag: images are arriving on /wrist_mounted_camera/image, but no AprilTags have been detected yet.
[adl_ui-15] 127.0.0.1 - - [13/Apr/2026 18:59:42] "GET /status_json HTTP/1.1" 200 -
[adl_ui-15] 127.0.0.1 - - [13/Apr/2026 18:59:43] "GET /status_json HTTP/1.1" 200 -
[vision_apriltag-9] [INFO] [1776121183.916352337] [vision_apriltag_node]: Vision AprilTag: images are arriving on /wrist_mounted_camera/image, but no AprilTags have been detected yet.
[adl_ui-15] 127.0.0.1 - - [13/Apr/2026 18:59:44] "GET /status_json HTTP/1.1" 200 -
[wrist_camera_usb_publisher-8] [INFO] [1776121184.344925004] [wrist_camera_usb_publisher_node]: USB camera publisher heartbeat: publishing 1280x720 frames on /wrist_mounted_camera/image; camera_info fx=920.87, fy=921.57, cx=644.76, cy=343.15.
[adl_ui-15] 127.0.0.1 - - [13/Apr/2026 18:59:44] "GET /status_json HTTP/1.1" 200 -
[vision_apriltag-9] [INFO] [1776121185.574282385] [vision_apriltag_node]: Vision AprilTag detection debug: no tags found after raw/CLAHE/sharp/adaptive/upscaled/tiled passes.
[adl_ui-15] 127.0.0.1 - - [13/Apr/2026 18:59:45] "GET /status_json HTTP/1.1" 200 -
[vision_apriltag-9] [INFO] [1776121186.309581861] [vision_apriltag_node]: Vision AprilTag: images are arriving on /wrist_mounted_camera/image, but no AprilTags have been detected yet.
[adl_ui-15] 127.0.0.1 - - [13/Apr/2026 18:59:46] "GET /status_json HTTP/1.1" 200 -
[adl_ui-15] 127.0.0.1 - - [13/Apr/2026 18:59:47] "GET /status_json HTTP/1.1" 200 -
[adl_ui-15] 127.0.0.1 - - [13/Apr/2026 18:59:47] "GET /status_json HTTP/1.1" 200 -
[vision_apriltag-9] [INFO] [1776121187.917332513] [vision_apriltag_node]: Vision AprilTag: images are arriving on /wrist_mounted_camera/image, but no AprilTags have been detected yet.
[adl_ui-15] 127.0.0.1 - - [13/Apr/2026 18:59:48] "GET /status_json HTTP/1.1" 200 -
[adl_ui-15] 127.0.0.1 - - [13/Apr/2026 18:59:49] "GET /status_json HTTP/1.1" 200 -
[wrist_camera_usb_publisher-8] [INFO] [1776121189.503928537] [wrist_camera_usb_publisher_node]: USB camera publisher heartbeat: publishing 1280x720 frames on /wrist_mounted_camera/image; camera_info fx=920.87, fy=921.57, cx=644.76, cy=343.15.
[vision_apriltag-9] [INFO] [1776121189.915309117] [vision_apriltag_node]: Vision AprilTag: images are arriving on /wrist_mounted_camera/image, but no AprilTags have been detected yet.
[adl_ui-15] 127.0.0.1 - - [13/Apr/2026 18:59:50] "GET /status_json HTTP/1.1" 200 -
[adl_ui-15] 127.0.0.1 - - [13/Apr/2026 18:59:50] "GET /status_json HTTP/1.1" 200 -
[vision_apriltag-9] [INFO] [1776121190.914714940] [vision_apriltag_node]: Vision AprilTag detection debug: no tags found after raw/CLAHE/sharp/adaptive/upscaled/tiled passes.
[adl_ui-15] 127.0.0.1 - - [13/Apr/2026 18:59:51] "GET /status_json HTTP/1.1" 200 -
[vision_apriltag-9] [INFO] [1776121191.917614267] [vision_apriltag_node]: Vision AprilTag: images are arriving on /wrist_mounted_camera/image, but no AprilTags have been detected yet.
[adl_ui-15] 127.0.0.1 - - [13/Apr/2026 18:59:52] "GET /status_json HTTP/1.1" 200 -
[adl_ui-15] 127.0.0.1 - - [13/Apr/2026 18:59:53] "GET /status_json HTTP/1.1" 200 -
[adl_ui-15] 127.0.0.1 - - [13/Apr/2026 18:59:53] "GET /status_json HTTP/1.1" 200 -
[vision_apriltag-9] [INFO] [1776121194.014499104] [vision_apriltag_node]: Vision AprilTag: images are arriving on /wrist_mounted_camera/image, but no AprilTags have been detected yet.
[adl_ui-15] 127.0.0.1 - - [13/Apr/2026 18:59:54] "GET /status_json HTTP/1.1" 200 -
[wrist_camera_usb_publisher-8] [INFO] [1776121194.664197290] [wrist_camera_usb_publisher_node]: USB camera publisher heartbeat: publishing 1280x720 frames on /wrist_mounted_camera/image; camera_info fx=920.87, fy=921.57, cx=644.76, cy=343.15.
[adl_ui-15] 127.0.0.1 - - [13/Apr/2026 18:59:55] "GET /status_json HTTP/1.1" 200 -
[adl_ui-15] 127.0.0.1 - - [13/Apr/2026 18:59:56] "GET /status_json HTTP/1.1" 200 -
[vision_apriltag-9] [INFO] [1776121196.287206843] [vision_apriltag_node]: Vision AprilTag detection debug: no tags found after raw/CLAHE/sharp/adaptive/upscaled/tiled passes.
[vision_apriltag-9] [INFO] [1776121196.458126971] [vision_apriltag_node]: Vision AprilTag: images are arriving on /wrist_mounted_camera/image, but no AprilTags have been detected yet.
[adl_ui-15] 127.0.0.1 - - [13/Apr/2026 18:59:56] "GET /status_json HTTP/1.1" 200 -
[adl_ui-15] 127.0.0.1 - - [13/Apr/2026 18:59:57] "GET /status_json HTTP/1.1" 200 -
[vision_apriltag-9] [INFO] [1776121197.916648526] [vision_apriltag_node]: Vision AprilTag: images are arriving on /wrist_mounted_camera/image, but no AprilTags have been detected yet.
[adl_ui-15] 127.0.0.1 - - [13/Apr/2026 18:59:58] "GET /status_json HTTP/1.1" 200 -
[adl_ui-15] 127.0.0.1 - - [13/Apr/2026 18:59:59] "GET /status_json HTTP/1.1" 200 -
[wrist_camera_usb_publisher-8] [INFO] [1776121199.835281228] [wrist_camera_usb_publisher_node]: USB camera publisher heartbeat: publishing 1280x720 frames on /wrist_mounted_camera/image; camera_info fx=920.87, fy=921.57, cx=644.76, cy=343.15.
[adl_ui-15] 127.0.0.1 - - [13/Apr/2026 18:59:59] "GET /status_json HTTP/1.1" 200 -
[vision_apriltag-9] [INFO] [1776121200.037934913] [vision_apriltag_node]: Vision AprilTag: images are arriving on /wrist_mounted_camera/image, but no AprilTags have been detected yet.
[adl_ui-15] 127.0.0.1 - - [13/Apr/2026 19:00:00] "GET /status_json HTTP/1.1" 200 -
[vision_apriltag-9] [INFO] [1776121201.299867918] [vision_apriltag_node]: Vision AprilTag detection debug: no tags found after raw/CLAHE/sharp/adaptive/upscaled/tiled passes.
[adl_ui-15] 127.0.0.1 - - [13/Apr/2026 19:00:01] "GET /status_json HTTP/1.1" 200 -
[vision_apriltag-9] [INFO] [1776121202.041073905] [vision_apriltag_node]: Vision AprilTag: images are arriving on /wrist_mounted_camera/image, but no AprilTags have been detected yet.
[adl_ui-15] 127.0.0.1 - - [13/Apr/2026 19:00:02] "GET /status_json HTTP/1.1" 200 -
[adl_ui-15] 127.0.0.1 - - [13/Apr/2026 19:00:02] "GET /status_json HTTP/1.1" 200 -
[adl_ui-15] 127.0.0.1 - - [13/Apr/2026 19:00:03] "GET /status_json HTTP/1.1" 200 -
[vision_apriltag-9] [INFO] [1776121203.917244250] [vision_apriltag_node]: Vision AprilTag: images are arriving on /wrist_mounted_camera/image, but no AprilTags have been detected yet.
[adl_ui-15] 127.0.0.1 - - [13/Apr/2026 19:00:04] "GET /status_json HTTP/1.1" 200 -
[wrist_camera_usb_publisher-8] [INFO] [1776121204.988370216] [wrist_camera_usb_publisher_node]: USB camera publisher heartbeat: publishing 1280x720 frames on /wrist_mounted_camera/image; camera_info fx=920.87, fy=921.57, cx=644.76, cy=343.15.
[adl_ui-15] 127.0.0.1 - - [13/Apr/2026 19:00:05] "GET /status_json HTTP/1.1" 200 -
[adl_ui-15] 127.0.0.1 - - [13/Apr/2026 19:00:05] "GET /status_json HTTP/1.1" 200 -
[vision_apriltag-9] [INFO] [1776121205.918668313] [vision_apriltag_node]: Vision AprilTag: images are arriving on /wrist_mounted_camera/image, but no AprilTags have been detected yet.
[vision_apriltag-9] [INFO] [1776121206.519444939] [vision_apriltag_node]: Vision AprilTag detection debug: no tags found after raw/CLAHE/sharp/adaptive/upscaled/tiled passes.
[adl_ui-15] 127.0.0.1 - - [13/Apr/2026 19:00:06] "GET /status_json HTTP/1.1" 200 -
[adl_ui-15] 127.0.0.1 - - [13/Apr/2026 19:00:07] "GET /status_json HTTP/1.1" 200 -
[vision_apriltag-9] [INFO] [1776121207.916372449] [vision_apriltag_node]: Vision AprilTag: images are arriving on /wrist_mounted_camera/image, but no AprilTags have been detected yet.
[adl_ui-15] 127.0.0.1 - - [13/Apr/2026 19:00:08] "GET /status_json HTTP/1.1" 200 -
[adl_ui-15] 127.0.0.1 - - [13/Apr/2026 19:00:08] "GET /status_json HTTP/1.1" 200 -
[adl_ui-15] 127.0.0.1 - - [13/Apr/2026 19:00:09] "GET /status_json HTTP/1.1" 200 -
[vision_apriltag-9] [INFO] [1776121210.053007231] [vision_apriltag_node]: Vision AprilTag: images are arriving on /wrist_mounted_camera/image, but no AprilTags have been detected yet.
[wrist_camera_usb_publisher-8] [INFO] [1776121210.150037256] [wrist_camera_usb_publisher_node]: USB camera publisher heartbeat: publishing 1280x720 frames on /wrist_mounted_camera/image; camera_info fx=920.87, fy=921.57, cx=644.76, cy=343.15.
[adl_ui-15] 127.0.0.1 - - [13/Apr/2026 19:00:10] "GET /status_json HTTP/1.1" 200 -
[clear_table-13] [INFO] [1776121210.897890267] [clear_table_node]: Received clear_table command. Starting task execution.
[adl_ui-15] [INFO] [1776121210.898041882] [adl_ui_node]: UI command published: clear_table
[clear_table-13] [INFO] [1776121210.901144924] [clear_table_node]: Starting Clear Table Task...
[scene_from_vision-10] [INFO] [1776121210.906586343] [scene_from_vision_node]: Scene memory cleared. Removed remembered IDs: []
[adl_ui-15] 127.0.0.1 - - [13/Apr/2026 19:00:10] "POST /command HTTP/1.1" 200 -
[clear_table-13] [INFO] [1776121210.955919074] [clear_table_node]: Scene memory cleared. Removed remembered IDs: []
[clear_table-13] [INFO] [1776121210.956950012] [clear_table_node]: Scene LOCKED.
[adl_ui-15] 127.0.0.1 - - [13/Apr/2026 19:00:10] "GET /status_json HTTP/1.1" 200 -
[scene_from_vision-10] [INFO] [1776121210.964726472] [scene_from_vision_node]: Scene LOCKED - updates paused.
[clear_table-13] [INFO] [1776121211.108246832] [clear_table_node]: Moving to perform the initial scene scan for clear table task...
[clear_table-13] [INFO] [1776121211.110101786] [clear_table_node]: is_near_look_at_table: current arm is not at target (worst=joint_4:0.465 rad > 0.080).
[clear_table-13] [INFO] [1776121211.111356036] [clear_table_node]: look_at_table: staging through a safer entry joint pose before the final scan posture.
[clear_table-13] [INFO] [1776121211.112130611] [clear_table_node]: look_at_table entry: current arm is not at target (worst=joint_4:0.203 rad > 0.080).
[clear_table-13] [INFO] [1776121211.113625450] [clear_table_node]: look_at_table entry: moving with deterministic fixed joint pose.
[clear_table-13] [INFO] [1776121211.149559496] [clear_table_node]: _send_direct_joint_trajectory: sending fixed joint posture directly to /joint_trajectory_controller/follow_joint_trajectory over 3.75s.
[ros2_control_node-1] [INFO] [1776121211.150885081] [joint_trajectory_controller]: Received new action goal
[ros2_control_node-1] [INFO] [1776121211.150995877] [joint_trajectory_controller]: Accepted new action goal
[ros2_control_node-1] [ERROR] [1776121211.683677195] [KortexMultiInterfaceHardware]: Kortex exception: Device error, Error sub type=WRONG_SERVOING_MODE => <srv: 3, fct: 1, msgType: 3>
[ros2_control_node-1] description: Wrong servoing mode, must be low level servoing mode
[ros2_control_node-1] [ERROR] [1776121211.683720957] [KortexMultiInterfaceHardware]: Error sub-code: WRONG_SERVOING_MODE
[ros2_control_node-1] [WARN] [1776121211.683761399] [controller_manager]: Overrun might occur, Total time : 85353.462 us (Expected < 20000.000 us) --> Read time : 52.375 us, Update time : 271.695 us, Write time : 85029.392 us
[ros2_control_node-1] [WARN] [1776121211.683810732] [controller_manager]: Overrun detected! The controller manager missed its desired rate of 50 Hz. The loop took 85.434844 ms (missed cycles : 5).
[adl_ui-15] 127.0.0.1 - - [13/Apr/2026 19:00:11] "GET /status_json HTTP/1.1" 200 -
[vision_apriltag-9] [INFO] [1776121211.915400091] [vision_apriltag_node]: Vision AprilTag: scene is locked; detection publishing is paused.
[adl_ui-15] 127.0.0.1 - - [13/Apr/2026 19:00:12] "GET /status_json HTTP/1.1" 200 -
[adl_ui-15] 127.0.0.1 - - [13/Apr/2026 19:00:13] "GET /status_json HTTP/1.1" 200 -
[ros2_control_node-1] [ERROR] [1776121213.778553659] [tolerances]: State tolerances failed for joint 3:
[ros2_control_node-1] [ERROR] [1776121213.778585971] [tolerances]: Position Error: 0.150987, Position Tolerance: 0.150000
[ros2_control_node-1] [WARN] [1776121213.778703439] [joint_trajectory_controller]: Aborted due to state tolerance violation
[clear_table-13] [WARN] [1776121213.867910692] [clear_table_node]: _send_direct_joint_trajectory: controller returned error -4 (Aborted due to path tolerance violation); falling back to MoveIt.
[clear_table-13] [WARN] [1776121213.868360782] [clear_table_node]: _go_to_joint_config: direct fixed-joint trajectory did not complete cleanly; retrying the posture through MoveIt.
[move_group-20] [ERROR] [1776121213.871640709] [move_group.moveit.moveit.core.conversions]: Found empty JointState message
[INFO] [launch.user]: [arm_start.launch] move_group reported an empty JointState while sanitizer mode is active. Keeping the launch alive, but this still indicates a planning-state problem. move_group output: [ERROR] [1776121213.871640709] [move_group.moveit.moveit.core.conversions]: Found empty JointState message
[clear_table-13] [INFO] [1776121213.875211945] [clear_table_node]: Start state: collision-valid — no collisions (not a joint-bounds check).
[move_group-20] [INFO] [1776121213.877394332] [move_group.moveit.moveit.ros.move_group.move_action]: MoveGroupMoveAction: Received request
[move_group-20] [INFO] [1776121213.878188966] [move_group.moveit.moveit.ros.move_group.move_action]: executing..
[move_group-20] [INFO] [1776121213.900652152] [move_group.moveit.moveit.ros.move_group.move_action]: Combined planning and execution request received for MoveGroup action. Forwarding to planning and execution pipeline.
[move_group-20] [WARN] [1776121213.900716967] [move_group.moveit.moveit.ros.move_group.capability]: Execution of motions should always start at the robot's current state. Ignoring the state supplied as start state in the motion planning request
[move_group-20] [WARN] [1776121213.900739177] [move_group.moveit.moveit.ros.move_group.capability]: Execution of motions should always start at the robot's current state. Ignoring the state supplied as difference in the planning scene diff
[move_group-20] [INFO] [1776121213.900758445] [move_group.moveit.moveit.ros.plan_execution]: Planning attempt 1 of at most 1
[move_group-20] [INFO] [1776121213.902240605] [move_group]: Calling PlanningRequestAdapter 'ResolveConstraintFrames'
[move_group-20] [INFO] [1776121213.902316492] [move_group]: Calling PlanningRequestAdapter 'ValidateWorkspaceBounds'
[move_group-20] [INFO] [1776121213.902996042] [move_group]: Calling PlanningRequestAdapter 'CheckStartStateBounds'
[move_group-20] [INFO] [1776121213.903041253] [move_group]: Calling PlanningRequestAdapter 'CheckStartStateCollision'
[move_group-20] [INFO] [1776121213.904026236] [move_group.moveit.moveit.planners.ompl.model_based_planning_context]: Planner configuration 'manipulator' will use planner 'geometric::RRTConnect'. Additional configuration parameters will be set when the planner is constructed.
[move_group-20] [INFO] [1776121213.904264142] [move_group]: Calling Planner 'OMPL'
[vision_apriltag-9] [INFO] [1776121213.915751711] [vision_apriltag_node]: Vision AprilTag: scene is locked; detection publishing is paused.
[move_group-20] [INFO] [1776121213.929281143] [move_group]: Calling PlanningResponseAdapter 'AddTimeOptimalParameterization'
[move_group-20] [INFO] [1776121213.931532899] [move_group]: Calling PlanningResponseAdapter 'ValidateSolution'
[move_group-20] [INFO] [1776121213.932356513] [move_group]: Calling PlanningResponseAdapter 'DisplayMotionPath'
[move_group-20] [WARN] [1776121213.932575308] [move_group.moveit.moveit.ros.planning_pipeline]: The planner plugin did not fill out the 'planner_id' field of the MotionPlanResponse. Setting it to the planner ID name of the MotionPlanRequest assuming that the planner plugin does warn you if it does not use the requested planner.
[move_group-20] [INFO] [1776121213.932996959] [move_group.moveit.moveit.plugins.simple_controller_manager]: Returned 2 controllers in list
[move_group-20] [INFO] [1776121213.933033725] [move_group.moveit.moveit.plugins.simple_controller_manager]: Returned 2 controllers in list
[move_group-20] [INFO] [1776121213.933114612] [move_group.moveit.moveit.ros.trajectory_execution_manager]: Validating trajectory with allowed_start_tolerance 0.01
[move_group-20] [INFO] [1776121213.939897649] [move_group.moveit.moveit.ros.trajectory_execution_manager]: Starting trajectory execution ...
[move_group-20] [INFO] [1776121213.939963753] [move_group.moveit.moveit.plugins.simple_controller_manager]: Returned 2 controllers in list
[move_group-20] [INFO] [1776121213.939999988] [move_group.moveit.moveit.plugins.simple_controller_manager]: Returned 2 controllers in list
[move_group-20] [INFO] [1776121213.940261662] [moveit.simple_controller_manager.follow_joint_trajectory_controller_handle]: sending trajectory to joint_trajectory_controller
[ros2_control_node-1] [INFO] [1776121213.940711942] [joint_trajectory_controller]: Received new action goal
[ros2_control_node-1] [INFO] [1776121213.940772142] [joint_trajectory_controller]: Accepted new action goal
[move_group-20] [INFO] [1776121213.941347540] [moveit.simple_controller_manager.follow_joint_trajectory_controller_handle]: joint_trajectory_controller started execution
[move_group-20] [INFO] [1776121213.941372500] [moveit.simple_controller_manager.follow_joint_trajectory_controller_handle]: Goal request accepted!
[adl_ui-15] 127.0.0.1 - - [13/Apr/2026 19:00:13] "GET /status_json HTTP/1.1" 200 -
[adl_ui-15] [INFO] [1776121214.621550711] [adl_ui_node]: UI command published: pick_dropped_bottle
[pick_dropped_bottle-12] [INFO] [1776121214.623631151] [pick_dropped_bottle_node]: Received bottle pick command. Starting task...
[adl_ui-15] 127.0.0.1 - - [13/Apr/2026 19:00:14] "POST /command HTTP/1.1" 200 -
[scene_from_vision-10] [INFO] [1776121214.633038301] [scene_from_vision_node]: Scene memory cleared. Removed remembered IDs: []
[adl_ui-15] 127.0.0.1 - - [13/Apr/2026 19:00:14] "GET /status_json HTTP/1.1" 200 -
[pick_dropped_bottle-12] [INFO] [1776121214.676577389] [pick_dropped_bottle_node]: Scene memory cleared. Removed remembered IDs: []
[pick_dropped_bottle-12] [INFO] [1776121214.678169398] [pick_dropped_bottle_node]: [Bottle] Pre-task snapshot joints: joint_1=-0.002, joint_2=-0.361, joint_3=-3.122, joint_4=-2.470, joint_5=-0.003, joint_6=-0.876, joint_7=+1.582
[pick_dropped_bottle-12] [INFO] [1776121214.684322232] [pick_dropped_bottle_node]: [Bottle] Pre-task snapshot ee: pos=(0.148, -0.001, 0.352), ori=(0.707, 0.702, 0.058, 0.053)
[pick_dropped_bottle-12] [INFO] [1776121214.685337192] [pick_dropped_bottle_node]: Scene LOCKED.
[scene_from_vision-10] [INFO] [1776121214.687206608] [scene_from_vision_node]: Scene LOCKED - updates paused.
[pick_dropped_bottle-12] [INFO] [1776121214.835951788] [pick_dropped_bottle_node]: is_near_look_at_ground: current arm is not at target (worst=joint_6:2.485 rad > 0.100).
[pick_dropped_bottle-12] [INFO] [1776121214.836612969] [pick_dropped_bottle_node]: is_near_look_at_ground: current arm is not at target (worst=joint_6:2.485 rad > 0.080).
[pick_dropped_bottle-12] [INFO] [1776121214.837343198] [pick_dropped_bottle_node]: look_at_ground: staging through look_at_table first to avoid a harsher startup branch.
[pick_dropped_bottle-12] [INFO] [1776121214.838044484] [pick_dropped_bottle_node]: is_near_look_at_table: current arm is not at target (worst=joint_4:0.456 rad > 0.080).
[pick_dropped_bottle-12] [INFO] [1776121214.838758234] [pick_dropped_bottle_node]: look_at_table: staging through a safer entry joint pose before the final scan posture.
[pick_dropped_bottle-12] [INFO] [1776121214.839733557] [pick_dropped_bottle_node]: look_at_table entry: current arm is not at target (worst=joint_4:0.195 rad > 0.080).
[pick_dropped_bottle-12] [INFO] [1776121214.844679083] [pick_dropped_bottle_node]: look_at_table entry: moving with deterministic fixed joint pose.
[pick_dropped_bottle-12] [INFO] [1776121214.858255300] [pick_dropped_bottle_node]: _send_direct_joint_trajectory: sending fixed joint posture directly to /joint_trajectory_controller/follow_joint_trajectory over 3.71s.
[ros2_control_node-1] [INFO] [1776121214.859404938] [joint_trajectory_controller]: Received new action goal
[ros2_control_node-1] [INFO] [1776121214.859470771] [joint_trajectory_controller]: Accepted new action goal
[wrist_camera_usb_publisher-8] [INFO] [1776121215.305905574] [wrist_camera_usb_publisher_node]: USB camera publisher heartbeat: publishing 1280x720 frames on /wrist_mounted_camera/image; camera_info fx=920.87, fy=921.57, cx=644.76, cy=343.15.
[adl_ui-15] 127.0.0.1 - - [13/Apr/2026 19:00:15] "GET /status_json HTTP/1.1" 200 -
[ros2_control_node-1] [ERROR] [1776121215.538524008] [tolerances]: State tolerances failed for joint 3:
[ros2_control_node-1] [ERROR] [1776121215.538556318] [tolerances]: Position Error: 0.150579, Position Tolerance: 0.150000
[ros2_control_node-1] [WARN] [1776121215.538766292] [joint_trajectory_controller]: Aborted due to state tolerance violation
[move_group-20] [INFO] [1776121215.538966118] [moveit.simple_controller_manager.follow_joint_trajectory_controller_handle]: Controller 'joint_trajectory_controller' successfully finished
[move_group-20] [WARN] [1776121215.539016193] [move_group.moveit.moveit.ros.trajectory_execution_manager]: Controller handle joint_trajectory_controller reports status PREEMPTED
[move_group-20] [INFO] [1776121215.539045292] [move_group.moveit.moveit.ros.trajectory_execution_manager]: Completed trajectory execution with status PREEMPTED ...
[move_group-20] [INFO] [1776121215.540491841] [move_group.moveit.moveit.ros.move_group.move_action]: CONTROL_FAILED
[clear_table-13] [ERROR] [1776121215.547427089] [clear_table_node]: MoveGroup execution failed.
[clear_table-13]   error_code.val = -4
[clear_table-13]   group_name      = manipulator
[clear_table-13]   num_attempts    = 10
[clear_table-13]   allowed_time    = 18.0
[clear_table-13]   vel_scale       = 0.08
[clear_table-13]   accel_scale     = 0.06
[clear_table-13] If this persists, check move_group / controller logs for the meaning of this code (often control abort, invalid start state, or planning pipeline failure).
[clear_table-13] [WARN] [1776121215.548168633] [clear_table_node]: _recover_after_failure(): MoveGroup error_code=-4
[pick_dropped_bottle-12] [WARN] [1776121215.564801585] [pick_dropped_bottle_node]: _send_direct_joint_trajectory: controller returned error -4 (Aborted due to path tolerance violation); falling back to MoveIt.
[pick_dropped_bottle-12] [WARN] [1776121215.565876339] [pick_dropped_bottle_node]: _go_to_joint_config: direct fixed-joint trajectory did not complete cleanly; retrying the posture through MoveIt.
[move_group-20] [ERROR] [1776121215.566734862] [move_group.moveit.moveit.core.conversions]: Found empty JointState message
[pick_dropped_bottle-12] [INFO] [1776121215.569396448] [pick_dropped_bottle_node]: Start state: collision-valid — no collisions (not a joint-bounds check).
[move_group-20] [INFO] [1776121215.570478976] [move_group.moveit.moveit.ros.move_group.move_action]: MoveGroupMoveAction: Received request
[move_group-20] [INFO] [1776121215.570650625] [move_group.moveit.moveit.ros.move_group.move_action]: executing..
[move_group-20] [INFO] [1776121215.580254890] [move_group.moveit.moveit.ros.move_group.move_action]: Combined planning and execution request received for MoveGroup action. Forwarding to planning and execution pipeline.
[move_group-20] [WARN] [1776121215.580311416] [move_group.moveit.moveit.ros.move_group.capability]: Execution of motions should always start at the robot's current state. Ignoring the state supplied as start state in the motion planning request
[move_group-20] [WARN] [1776121215.580334756] [move_group.moveit.moveit.ros.move_group.capability]: Execution of motions should always start at the robot's current state. Ignoring the state supplied as difference in the planning scene diff
[move_group-20] [INFO] [1776121215.580347584] [move_group.moveit.moveit.ros.plan_execution]: Planning attempt 1 of at most 1
[move_group-20] [INFO] [1776121215.580605190] [move_group]: Calling PlanningRequestAdapter 'ResolveConstraintFrames'
[move_group-20] [INFO] [1776121215.580640699] [move_group]: Calling PlanningRequestAdapter 'ValidateWorkspaceBounds'
[move_group-20] [INFO] [1776121215.580658594] [move_group]: Calling PlanningRequestAdapter 'CheckStartStateBounds'
[move_group-20] [INFO] [1776121215.580692262] [move_group]: Calling PlanningRequestAdapter 'CheckStartStateCollision'
[move_group-20] [INFO] [1776121215.581174726] [move_group.moveit.moveit.planners.ompl.model_based_planning_context]: Planner configuration 'manipulator' will use planner 'geometric::RRTConnect'. Additional configuration parameters will be set when the planner is constructed.
[move_group-20] [INFO] [1776121215.581261614] [move_group]: Calling Planner 'OMPL'
[move_group-20] [INFO] [1776121215.600549359] [move_group]: Calling PlanningResponseAdapter 'AddTimeOptimalParameterization'
[move_group-20] [INFO] [1776121215.603046277] [move_group]: Calling PlanningResponseAdapter 'ValidateSolution'
[move_group-20] [INFO] [1776121215.603772876] [move_group]: Calling PlanningResponseAdapter 'DisplayMotionPath'
[move_group-20] [WARN] [1776121215.603906307] [move_group.moveit.moveit.ros.planning_pipeline]: The planner plugin did not fill out the 'planner_id' field of the MotionPlanResponse. Setting it to the planner ID name of the MotionPlanRequest assuming that the planner plugin does warn you if it does not use the requested planner.
[move_group-20] [INFO] [1776121215.604062541] [move_group.moveit.moveit.plugins.simple_controller_manager]: Returned 2 controllers in list
[move_group-20] [INFO] [1776121215.604091596] [move_group.moveit.moveit.plugins.simple_controller_manager]: Returned 2 controllers in list
[move_group-20] [INFO] [1776121215.604165201] [move_group.moveit.moveit.ros.trajectory_execution_manager]: Validating trajectory with allowed_start_tolerance 0.01
[move_group-20] [INFO] [1776121215.620039815] [move_group.moveit.moveit.ros.trajectory_execution_manager]: Starting trajectory execution ...
[move_group-20] [INFO] [1776121215.620154691] [move_group.moveit.moveit.plugins.simple_controller_manager]: Returned 2 controllers in list
[move_group-20] [INFO] [1776121215.620190836] [move_group.moveit.moveit.plugins.simple_controller_manager]: Returned 2 controllers in list
[move_group-20] [INFO] [1776121215.620500383] [moveit.simple_controller_manager.follow_joint_trajectory_controller_handle]: sending trajectory to joint_trajectory_controller
[ros2_control_node-1] [INFO] [1776121215.620821582] [joint_trajectory_controller]: Received new action goal
[ros2_control_node-1] [INFO] [1776121215.620873951] [joint_trajectory_controller]: Accepted new action goal
[move_group-20] [INFO] [1776121215.621072811] [moveit.simple_controller_manager.follow_joint_trajectory_controller_handle]: joint_trajectory_controller started execution
[move_group-20] [INFO] [1776121215.621087046] [moveit.simple_controller_manager.follow_joint_trajectory_controller_handle]: Goal request accepted!
[vision_apriltag-9] [INFO] [1776121215.915378527] [vision_apriltag_node]: Vision AprilTag: scene is locked; detection publishing is paused.
[adl_ui-15] 127.0.0.1 - - [13/Apr/2026 19:00:16] "GET /status_json HTTP/1.1" 200 -
[clear_table-13] [WARN] [1776121216.752500110] [clear_table_node]: Initial scene scan move failed. Retrying look_at_table (2/3) after short settle.
[adl_ui-15] 127.0.0.1 - - [13/Apr/2026 19:00:16] "GET /status_json HTTP/1.1" 200 -
[ros2_control_node-1] [ERROR] [1776121217.098551597] [tolerances]: State tolerances failed for joint 3:
[ros2_control_node-1] [ERROR] [1776121217.098579748] [tolerances]: Position Error: 0.150990, Position Tolerance: 0.150000
[ros2_control_node-1] [WARN] [1776121217.098628422] [joint_trajectory_controller]: Aborted due to state tolerance violation
[move_group-20] [WARN] [1776121217.121869091] [moveit.simple_controller_manager.follow_joint_trajectory_controller_handle]: Controller 'joint_trajectory_controller' failed with error PATH_TOLERANCE_VIOLATED: Aborted due to path tolerance violation
[move_group-20] [WARN] [1776121217.121907083] [move_group.moveit.moveit.ros.trajectory_execution_manager]: Controller handle joint_trajectory_controller reports status ABORTED
[move_group-20] [INFO] [1776121217.121934661] [move_group.moveit.moveit.ros.trajectory_execution_manager]: Completed trajectory execution with status ABORTED ...
[move_group-20] [INFO] [1776121217.130176094] [move_group.moveit.moveit.ros.move_group.move_action]: CONTROL_FAILED
[pick_dropped_bottle-12] [ERROR] [1776121217.135373794] [pick_dropped_bottle_node]: MoveGroup execution failed.
[pick_dropped_bottle-12]   error_code.val = -4
[pick_dropped_bottle-12]   group_name      = manipulator
[pick_dropped_bottle-12]   num_attempts    = 10
[pick_dropped_bottle-12]   allowed_time    = 18.0
[pick_dropped_bottle-12]   vel_scale       = 0.08
[pick_dropped_bottle-12]   accel_scale     = 0.06
[pick_dropped_bottle-12] If this persists, check move_group / controller logs for the meaning of this code (often control abort, invalid start state, or planning pipeline failure).
[pick_dropped_bottle-12] [WARN] [1776121217.136218684] [pick_dropped_bottle_node]: _recover_after_failure(): MoveGroup error_code=-4
[clear_table-13] [INFO] [1776121217.186684752] [clear_table_node]: is_near_look_at_table: current arm is not at target (worst=joint_4:0.456 rad > 0.080).
[clear_table-13] [INFO] [1776121217.187595115] [clear_table_node]: look_at_table: staging through a safer entry joint pose before the final scan posture.
[clear_table-13] [INFO] [1776121217.188517404] [clear_table_node]: look_at_table entry: current arm is not at target (worst=joint_4:0.195 rad > 0.080).
[clear_table-13] [INFO] [1776121217.189286846] [clear_table_node]: look_at_table entry: moving with deterministic fixed joint pose.
[clear_table-13] [INFO] [1776121217.190564921] [clear_table_node]: _send_direct_joint_trajectory: sending fixed joint posture directly to /joint_trajectory_controller/follow_joint_trajectory over 3.71s.
[ros2_control_node-1] [INFO] [1776121217.191192335] [joint_trajectory_controller]: Received new action goal
[ros2_control_node-1] [INFO] [1776121217.191244500] [joint_trajectory_controller]: Accepted new action goal
[adl_ui-15] [INFO] [1776121217.377470042] [adl_ui_node]: UI command published: emergency_stop_retract
[adl_ui-15] 127.0.0.1 - - [13/Apr/2026 19:00:17] "POST /command HTTP/1.1" 200 -
[adl_ui-15] 127.0.0.1 - - [13/Apr/2026 19:00:17] "GET /status_json HTTP/1.1" 200 -
[clear_table-13] [WARN] [1776121217.494990255] [clear_table_node]: _send_direct_joint_trajectory get_result_async: cancel requested while waiting on a ROS future.
[clear_table-13] [WARN] [1776121217.495677824] [clear_table_node]: _send_direct_joint_trajectory: cancel requested while waiting for trajectory result.
[ros2_control_node-1] [INFO] [1776121217.496371442] [joint_trajectory_controller]: Got request to cancel goal
[ros2_control_node-1] [INFO] [1776121217.496430039] [joint_trajectory_controller]: Canceling active action goal because cancel callback received.
[clear_table-13] [WARN] [1776121217.535162406] [clear_table_node]: _go_to_joint_config: direct fixed-joint trajectory did not complete cleanly; retrying the posture through MoveIt.
[clear_table-13] [WARN] [1776121217.536006637] [clear_table_node]: _send_goal: cancel requested before planning; skipping motion goal.
[clear_table-13] [WARN] [1776121217.536831822] [clear_table_node]: Initial scene scan cancelled while retrying look_at_table.
[clear_table-13] [INFO] [1776121217.537500058] [clear_table_node]: Scene UNLOCKED.
[scene_from_vision-10] [INFO] [1776121217.539248746] [scene_from_vision_node]: Scene UNLOCKED - updates resuming.
[scene_from_vision-10] [INFO] [1776121217.550867079] [scene_from_vision_node]: Scene memory cleared. Removed remembered IDs: []
[clear_table-13] [WARN] [1776121217.688381064] [clear_table_node]: After startup move: cancellation/emergency stop detected. Halting current task flow.
[vision_apriltag-9] [INFO] [1776121217.916638086] [vision_apriltag_node]: Vision AprilTag: images are arriving on /wrist_mounted_camera/image, but no AprilTags have been detected yet.
[adl_ui-15] 127.0.0.1 - - [13/Apr/2026 19:00:18] "GET /status_json HTTP/1.1" 200 -
[vision_apriltag-9] [INFO] [1776121218.220939022] [vision_apriltag_node]: Vision AprilTag detection debug: no tags found after raw/CLAHE/sharp/adaptive/upscaled/tiled passes.
[pick_dropped_bottle-12] [WARN] [1776121218.353209883] [pick_dropped_bottle_node]: look_at_ground failed; falling back to look_at_table.
[pick_dropped_bottle-12] [WARN] [1776121218.353944545] [pick_dropped_bottle_node]: look_at_table: cancel requested before motion; skipping.
[pick_dropped_bottle-12] [INFO] [1776121218.354784435] [pick_dropped_bottle_node]: Scene UNLOCKED.
[scene_from_vision-10] [INFO] [1776121218.357378928] [scene_from_vision_node]: Scene UNLOCKED - updates resuming.
[adl_ui-15] 127.0.0.1 - - [13/Apr/2026 19:00:18] "GET /status_json HTTP/1.1" 200 -
[adl_ui-15] 127.0.0.1 - - [13/Apr/2026 19:00:19] "GET /status_json HTTP/1.1" 200 -
[vision_apriltag-9] [INFO] [1776121219.915941691] [vision_apriltag_node]: Vision AprilTag: images are arriving on /wrist_mounted_camera/image, but no AprilTags have been detected yet.
[wrist_camera_usb_publisher-8] [INFO] [1776121220.472861686] [wrist_camera_usb_publisher_node]: USB camera publisher heartbeat: publishing 1280x720 frames on /wrist_mounted_camera/image; camera_info fx=920.87, fy=921.57, cx=644.76, cy=343.15.
[adl_ui-15] 127.0.0.1 - - [13/Apr/2026 19:00:20] "GET /status_json HTTP/1.1" 200 -
[adl_ui-15] [INFO] [1776121220.557736059] [adl_ui_node]: UI command published: pick_dropped_bottle
[pick_dropped_bottle-12] [INFO] [1776121220.560813939] [pick_dropped_bottle_node]: Received bottle pick command. Starting task...
[adl_ui-15] 127.0.0.1 - - [13/Apr/2026 19:00:20] "POST /command HTTP/1.1" 200 -
[scene_from_vision-10] [INFO] [1776121220.564832448] [scene_from_vision_node]: Scene memory cleared. Removed remembered IDs: []
[pick_dropped_bottle-12] [INFO] [1776121220.613903220] [pick_dropped_bottle_node]: Scene memory cleared. Removed remembered IDs: []
[pick_dropped_bottle-12] [INFO] [1776121220.616787928] [pick_dropped_bottle_node]: [Bottle] Pre-task snapshot joints: joint_1=-0.002, joint_2=-0.361, joint_3=-3.122, joint_4=-2.470, joint_5=-0.003, joint_6=-0.876, joint_7=+1.582
[pick_dropped_bottle-12] [INFO] [1776121220.624183700] [pick_dropped_bottle_node]: [Bottle] Pre-task snapshot ee: pos=(0.148, -0.001, 0.352), ori=(0.707, 0.702, 0.058, 0.053)
[pick_dropped_bottle-12] [INFO] [1776121220.627062529] [pick_dropped_bottle_node]: Scene LOCKED.
[adl_ui-15] 127.0.0.1 - - [13/Apr/2026 19:00:20] "GET /status_json HTTP/1.1" 200 -
[scene_from_vision-10] [INFO] [1776121220.645561195] [scene_from_vision_node]: Scene LOCKED - updates paused.
[pick_dropped_bottle-12] [INFO] [1776121220.778102546] [pick_dropped_bottle_node]: is_near_look_at_ground: current arm is not at target (worst=joint_6:2.485 rad > 0.100).
[pick_dropped_bottle-12] [INFO] [1776121220.780005868] [pick_dropped_bottle_node]: is_near_look_at_ground: current arm is not at target (worst=joint_6:2.485 rad > 0.080).
[pick_dropped_bottle-12] [INFO] [1776121220.781219539] [pick_dropped_bottle_node]: look_at_ground: staging through look_at_table first to avoid a harsher startup branch.
[pick_dropped_bottle-12] [INFO] [1776121220.782131208] [pick_dropped_bottle_node]: is_near_look_at_table: current arm is not at target (worst=joint_4:0.456 rad > 0.080).
[pick_dropped_bottle-12] [INFO] [1776121220.783474018] [pick_dropped_bottle_node]: look_at_table: staging through a safer entry joint pose before the final scan posture.
[pick_dropped_bottle-12] [INFO] [1776121220.785019321] [pick_dropped_bottle_node]: look_at_table entry: current arm is not at target (worst=joint_4:0.195 rad > 0.080).
[pick_dropped_bottle-12] [INFO] [1776121220.786097098] [pick_dropped_bottle_node]: look_at_table entry: moving with deterministic fixed joint pose.
[pick_dropped_bottle-12] [INFO] [1776121220.787222106] [pick_dropped_bottle_node]: _send_direct_joint_trajectory: sending fixed joint posture directly to /joint_trajectory_controller/follow_joint_trajectory over 3.71s.
[ros2_control_node-1] [INFO] [1776121220.789533489] [joint_trajectory_controller]: Received new action goal
[ros2_control_node-1] [INFO] [1776121220.789618667] [joint_trajectory_controller]: Accepted new action goal
[adl_ui-15] 127.0.0.1 - - [13/Apr/2026 19:00:21] "GET /status_json HTTP/1.1" 200 -
[vision_apriltag-9] [INFO] [1776121221.915117004] [vision_apriltag_node]: Vision AprilTag: scene is locked; detection publishing is paused.
[adl_ui-15] 127.0.0.1 - - [13/Apr/2026 19:00:22] "GET /status_json HTTP/1.1" 200 -
[adl_controller-11] [WARN] [1776121222.597564334] [adl_controller_node]: Scene clear timed out after pick_dropped_bottle terminal transition.
[scene_from_vision-10] [INFO] [1776121222.736408546] [scene_from_vision_node]: Scene memory cleared. Removed remembered IDs: []
[adl_ui-15] 127.0.0.1 - - [13/Apr/2026 19:00:22] "GET /status_json HTTP/1.1" 200 -
[ros2_control_node-1] [ERROR] [1776121223.358712070] [tolerances]: State tolerances failed for joint 3:
[ros2_control_node-1] [ERROR] [1776121223.358770513] [tolerances]: Position Error: 0.150906, Position Tolerance: 0.150000
[ros2_control_node-1] [WARN] [1776121223.358839366] [joint_trajectory_controller]: Aborted due to state tolerance violation
[pick_dropped_bottle-12] [WARN] [1776121223.395205691] [pick_dropped_bottle_node]: _send_direct_joint_trajectory: controller returned error -4 (Aborted due to path tolerance violation); falling back to MoveIt.
[pick_dropped_bottle-12] [WARN] [1776121223.396076201] [pick_dropped_bottle_node]: _go_to_joint_config: direct fixed-joint trajectory did not complete cleanly; retrying the posture through MoveIt.
[move_group-20] [ERROR] [1776121223.396959993] [move_group.moveit.moveit.core.conversions]: Found empty JointState message
[pick_dropped_bottle-12] [INFO] [1776121223.399656626] [pick_dropped_bottle_node]: Start state: collision-valid — no collisions (not a joint-bounds check).
[move_group-20] [INFO] [1776121223.401558415] [move_group.moveit.moveit.ros.move_group.move_action]: MoveGroupMoveAction: Received request
[move_group-20] [INFO] [1776121223.401748686] [move_group.moveit.moveit.ros.move_group.move_action]: executing..
[move_group-20] [INFO] [1776121223.420214961] [move_group.moveit.moveit.ros.move_group.move_action]: Combined planning and execution request received for MoveGroup action. Forwarding to planning and execution pipeline.
[move_group-20] [WARN] [1776121223.420276216] [move_group.moveit.moveit.ros.move_group.capability]: Execution of motions should always start at the robot's current state. Ignoring the state supplied as start state in the motion planning request
[move_group-20] [WARN] [1776121223.420297391] [move_group.moveit.moveit.ros.move_group.capability]: Execution of motions should always start at the robot's current state. Ignoring the state supplied as difference in the planning scene diff
[move_group-20] [INFO] [1776121223.420309047] [move_group.moveit.moveit.ros.plan_execution]: Planning attempt 1 of at most 1
[move_group-20] [INFO] [1776121223.420528168] [move_group]: Calling PlanningRequestAdapter 'ResolveConstraintFrames'
[move_group-20] [INFO] [1776121223.420557739] [move_group]: Calling PlanningRequestAdapter 'ValidateWorkspaceBounds'
[move_group-20] [INFO] [1776121223.420571664] [move_group]: Calling PlanningRequestAdapter 'CheckStartStateBounds'
[move_group-20] [INFO] [1776121223.420599809] [move_group]: Calling PlanningRequestAdapter 'CheckStartStateCollision'
[move_group-20] [INFO] [1776121223.421024703] [move_group.moveit.moveit.planners.ompl.model_based_planning_context]: Planner configuration 'manipulator' will use planner 'geometric::RRTConnect'. Additional configuration parameters will be set when the planner is constructed.
[move_group-20] [INFO] [1776121223.421099931] [move_group]: Calling Planner 'OMPL'
[move_group-20] [INFO] [1776121223.439553843] [move_group]: Calling PlanningResponseAdapter 'AddTimeOptimalParameterization'
[move_group-20] [INFO] [1776121223.441830507] [move_group]: Calling PlanningResponseAdapter 'ValidateSolution'
[move_group-20] [INFO] [1776121223.442699942] [move_group]: Calling PlanningResponseAdapter 'DisplayMotionPath'
[move_group-20] [WARN] [1776121223.442878027] [move_group.moveit.moveit.ros.planning_pipeline]: The planner plugin did not fill out the 'planner_id' field of the MotionPlanResponse. Setting it to the planner ID name of the MotionPlanRequest assuming that the planner plugin does warn you if it does not use the requested planner.
[move_group-20] [INFO] [1776121223.443295337] [move_group.moveit.moveit.plugins.simple_controller_manager]: Returned 2 controllers in list
[move_group-20] [INFO] [1776121223.443334298] [move_group.moveit.moveit.plugins.simple_controller_manager]: Returned 2 controllers in list
[move_group-20] [INFO] [1776121223.443419965] [move_group.moveit.moveit.ros.trajectory_execution_manager]: Validating trajectory with allowed_start_tolerance 0.01
[move_group-20] [INFO] [1776121223.461183124] [move_group.moveit.moveit.ros.trajectory_execution_manager]: Starting trajectory execution ...
[move_group-20] [INFO] [1776121223.461302051] [move_group.moveit.moveit.plugins.simple_controller_manager]: Returned 2 controllers in list
[move_group-20] [INFO] [1776121223.461342070] [move_group.moveit.moveit.plugins.simple_controller_manager]: Returned 2 controllers in list
[move_group-20] [INFO] [1776121223.461651912] [moveit.simple_controller_manager.follow_joint_trajectory_controller_handle]: sending trajectory to joint_trajectory_controller
[move_group-20] [INFO] [1776121223.463170587] [moveit.simple_controller_manager.follow_joint_trajectory_controller_handle]: joint_trajectory_controller started execution
[move_group-20] [INFO] [1776121223.463205540] [moveit.simple_controller_manager.follow_joint_trajectory_controller_handle]: Goal request accepted!
[ros2_control_node-1] [INFO] [1776121223.462183236] [joint_trajectory_controller]: Received new action goal
[ros2_control_node-1] [INFO] [1776121223.462304518] [joint_trajectory_controller]: Accepted new action goal
[adl_ui-15] 127.0.0.1 - - [13/Apr/2026 19:00:23] "GET /status_json HTTP/1.1" 200 -
[vision_apriltag-9] [INFO] [1776121223.915047253] [vision_apriltag_node]: Vision AprilTag: scene is locked; detection publishing is paused.
[adl_ui-15] 127.0.0.1 - - [13/Apr/2026 19:00:24] "GET /status_json HTTP/1.1" 200 -
