
===== 2026-04-13T17:54:41-04:00 | T1_full =====
cwd=/home/carrt-cse-project/workspace/ros2_kortex_ws
cmd=ros2 launch adl_tasks adl_start.launch.py arm_use_fake_hardware:=false use_stub:=false 

[INFO] [launch]: All log files can be found below /home/carrt-cse-project/.ros/log/2026-04-13-17-54-41-716654-carrt-cse-project-OptiPlex-5050-17257
[INFO] [launch]: Default logging verbosity is set to INFO
[INFO] [launch.user]: [arm_start.launch] MoveIt current state source: /joint_states_sanitized. Use use_joint_state_sanitizer:=false for raw-state viewer debugging.
[INFO] [launch.user]: [arm_start.launch] Using ADL controller config (share/adl_tasks/config/ros2_controllers_vbox.yaml, update_rate:=1000 Hz).
[INFO] [ros2_control_node-1]: process started with pid [17261]
[INFO] [robot_state_publisher-2]: process started with pid [17262]
[INFO] [joint_state_sanitizer-3]: process started with pid [17263]
[INFO] [spawner-4]: process started with pid [17264]
[INFO] [static_transform_publisher-5]: process started with pid [17265]
[INFO] [static_transform_publisher-6]: process started with pid [17266]
[INFO] [scene_static-7]: process started with pid [17267]
[INFO] [wrist_camera_usb_publisher-8]: process started with pid [17268]
[INFO] [vision_apriltag-9]: process started with pid [17269]
[INFO] [scene_from_vision-10]: process started with pid [17270]
[INFO] [adl_controller-11]: process started with pid [17271]
[INFO] [pick_dropped_bottle-12]: process started with pid [17272]
[INFO] [clear_table-13]: process started with pid [17273]
[INFO] [give_medication-14]: process started with pid [17274]
[INFO] [adl_ui-15]: process started with pid [17275]
[static_transform_publisher-5] [INFO] [1776117282.107161408] [static_transform_publisher]: Spinning until stopped - publishing transform
[static_transform_publisher-6] [INFO] [1776117282.109047613] [camera_color_optical_bridge_tf_pub]: Spinning until stopped - publishing transform
[static_transform_publisher-6] translation: ('0.000000', '0.000000', '0.000000')
[static_transform_publisher-6] rotation: ('0.000000', '0.000000', '0.000000', '1.000000')
[static_transform_publisher-6] from 'camera_color_frame' to 'wrist_mounted_camera_color_optical_frame'
[static_transform_publisher-5] translation: ('0.000000', '0.000000', '0.000000')
[static_transform_publisher-5] rotation: ('0.000000', '0.000000', '0.000000', '1.000000')
[static_transform_publisher-5] from 'world' to 'base_link'
[robot_state_publisher-2] [INFO] [1776117282.168497850] [robot_state_publisher]: Robot initialized
[ros2_control_node-1] [INFO] [1776117282.245240173] [controller_manager]: Using Steady (Monotonic) clock for triggering controller manager cycles.
[ros2_control_node-1] [INFO] [1776117282.274563148] [controller_manager]: Subscribing to '/robot_description' topic for robot description.
[ros2_control_node-1] [INFO] [1776117282.288765229] [controller_manager]: update rate is 1000 Hz
[ros2_control_node-1] [INFO] [1776117282.289410380] [controller_manager]: Overruns handling is : enabled
[ros2_control_node-1] [INFO] [1776117282.289424245] [controller_manager]: Spawning controller_manager RT thread with scheduler priority: 50
[ros2_control_node-1] [INFO] [1776117282.290047401] [controller_manager]: Received robot description from topic.
[ros2_control_node-1] [INFO] [1776117282.290087852] [controller_manager]: Enforcing command limits is disabled. Command limits from URDF will be ignored.
[ros2_control_node-1] [INFO] [1776117282.290273121] [controller_manager]: Successful set up FIFO RT scheduling policy with priority 50.
[ros2_control_node-1] [INFO] [1776117282.316241638] [controller_manager]: Loading hardware 'KortexMultiInterfaceHardware' 
[ros2_control_node-1] [INFO] [1776117282.350215604] [KortexMultiInterfaceHardware]: Setting severity threshold to DEBUG
[ros2_control_node-1] [INFO] [1776117282.354304020] [controller_manager]: Loaded hardware 'KortexMultiInterfaceHardware' from plugin 'kortex_driver/KortexMultiInterfaceHardware'
[ros2_control_node-1] [INFO] [1776117282.354909975] [controller_manager]: Initialize hardware 'KortexMultiInterfaceHardware' 
[ros2_control_node-1] [INFO] [1776117282.388345013] [KortexMultiInterfaceHardware]: Configuring Hardware Interface
[ros2_control_node-1] [INFO] [1776117282.388911072] [KortexMultiInterfaceHardware]: Robot ip is '192.168.0.10'
[ros2_control_node-1] [INFO] [1776117282.388927242] [KortexMultiInterfaceHardware]: Username is 'admin'
[ros2_control_node-1] [INFO] [1776117282.388943805] [KortexMultiInterfaceHardware]: Port used '10000'
[ros2_control_node-1] [INFO] [1776117282.388952460] [KortexMultiInterfaceHardware]: Realtime port used '10001'
[ros2_control_node-1] [INFO] [1776117282.388960917] [KortexMultiInterfaceHardware]: Session inactivity timeout is '60000'
[ros2_control_node-1] [INFO] [1776117282.388968767] [KortexMultiInterfaceHardware]: Connection inactivity timeout is '2000'
[ros2_control_node-1] [INFO] [1776117282.388977775] [KortexMultiInterfaceHardware]: Gripper joint name is 'robotiq_85_left_knuckle_joint'
[ros2_control_node-1] [INFO] [1776117282.389013889] [KortexMultiInterfaceHardware]: Connecting to robot at 192.168.0.10
[ros2_control_node-1] [INFO] [1776117282.401445869] [KortexMultiInterfaceHardware]: Creating session for communication
[ros2_control_node-1] [INFO] [1776117282.720892924] [KortexMultiInterfaceHardware]: Session created
[adl_ui-15] [INFO] [1776117283.064087107] [adl_ui_node]: ADL UI Node started.
[adl_ui-15] [INFO] [1776117283.064970065] [adl_ui_node]: Automatic retract on UI load is disabled; startup sends no motion.
[adl_ui-15]  * Serving Flask app 'adl_tasks.adl_ui'
[adl_ui-15]  * Debug mode: off
[adl_ui-15] [INFO] [1776117283.068875149] [adl_ui_node]: Web UI available at http://localhost:5000
[adl_ui-15] WARNING: This is a development server. Do not use it in a production deployment. Use a production WSGI server instead.
[adl_ui-15]  * Running on all addresses (0.0.0.0)
[adl_ui-15]  * Running on http://127.0.0.1:5000
[adl_ui-15]  * Running on http://192.168.0.231:5000
[adl_ui-15] Press CTRL+C to quit
[joint_state_sanitizer-3] [INFO] [1776117283.092754726] [joint_state_sanitizer_node]: joint_state_sanitizer started. raw=/joint_states -> sanitized=/joint_states_sanitized
[ros2_control_node-1] [INFO] [1776117283.400647641] [KortexMultiInterfaceHardware]: Actuator count reported by robot is '7'
[ros2_control_node-1] [INFO] [1776117283.400879972] [KortexMultiInterfaceHardware]: Using internal bus communication for gripper!
[ros2_control_node-1] [INFO] [1776117283.400888768] [KortexMultiInterfaceHardware]: Hardware Interface successfully configured
[ros2_control_node-1] [INFO] [1776117283.400978731] [controller_manager]: Successful initialization of hardware 'KortexMultiInterfaceHardware'
[ros2_control_node-1] [DEBUG] [1776117283.401065774] [KortexMultiInterfaceHardware]: export_state_interfaces for joint: joint_1
[ros2_control_node-1] [DEBUG] [1776117283.401093826] [KortexMultiInterfaceHardware]: export_state_interfaces for joint: joint_2
[ros2_control_node-1] [DEBUG] [1776117283.401100529] [KortexMultiInterfaceHardware]: export_state_interfaces for joint: joint_3
[ros2_control_node-1] [DEBUG] [1776117283.401105196] [KortexMultiInterfaceHardware]: export_state_interfaces for joint: joint_4
[ros2_control_node-1] [DEBUG] [1776117283.401109045] [KortexMultiInterfaceHardware]: export_state_interfaces for joint: joint_5
[ros2_control_node-1] [DEBUG] [1776117283.401113363] [KortexMultiInterfaceHardware]: export_state_interfaces for joint: joint_6
[ros2_control_node-1] [DEBUG] [1776117283.401117049] [KortexMultiInterfaceHardware]: export_state_interfaces for joint: joint_7
[ros2_control_node-1] [DEBUG] [1776117283.401120820] [KortexMultiInterfaceHardware]: export_state_interfaces for joint: robotiq_85_left_knuckle_joint
[ros2_control_node-1] [INFO] [1776117283.403223889] [resource_manager]: 'configure' hardware 'KortexMultiInterfaceHardware' 
[ros2_control_node-1] [INFO] [1776117283.403287020] [resource_manager]: Successful 'configure' of hardware 'KortexMultiInterfaceHardware'
[ros2_control_node-1] [INFO] [1776117283.403372344] [resource_manager]: 'activate' hardware 'KortexMultiInterfaceHardware' 
[ros2_control_node-1] [INFO] [1776117283.403404385] [KortexMultiInterfaceHardware]: Activating KortexMultiInterfaceHardware...
[ros2_control_node-1] [INFO] [1776117283.408664663] [KortexMultiInterfaceHardware]: Gripper initial position is '0.873365'.
[ros2_control_node-1] [INFO] [1776117283.413613571] [KortexMultiInterfaceHardware]: KortexMultiInterfaceHardware successfully activated!
[ros2_control_node-1] [INFO] [1776117283.413661241] [resource_manager]: Successful 'activate' of hardware 'KortexMultiInterfaceHardware'
[ros2_control_node-1] [INFO] [1776117283.413943279] [controller_manager]: Registering statistics for : KortexMultiInterfaceHardware
[ros2_control_node-1] [INFO] [1776117283.414119880] [controller_manager]: Resource Manager has been successfully initialized. Starting Controller Manager services...
[adl_ui-15] 127.0.0.1 - - [13/Apr/2026 17:54:43] "GET /status_json HTTP/1.1" 200 -
[ros2_control_node-1] [WARN] [1776117283.431315411] [controller_manager]: Overrun might occur, Total time : 16909.988 us (Expected < 1000.000 us) --> Read time : 10413.405 us, Update time : 31.791 us, Write time : 6464.792 us
[ros2_control_node-1] [WARN] [1776117283.431413683] [controller_manager]: Overrun detected! The controller manager missed its desired rate of 1000 Hz. The loop took 17.043903 ms (missed cycles : 18).
[spawner-4] [INFO] [1776117283.592365817] [spawner_joint_state_broadcaster]: waiting for service /controller_manager/list_controllers to become available...
[scene_static-7] [INFO] [1776117283.637113210] [scene_static_node]: Static Scene Node started.
[scene_static-7] [INFO] [1776117283.637862659] [scene_static_node]: WHEELCHAIR_BASE_HEIGHT = 0.36195m  |  Table surface at z = 0.088m | Table center at x = 0.681m | include_wheelchair_wall=True | include_left_desk_wall=True
[ros2_control_node-1] [INFO] [1776117283.846424591] [controller_manager]: Loading controller : 'joint_state_broadcaster' of type 'joint_state_broadcaster/JointStateBroadcaster'
[ros2_control_node-1] [INFO] [1776117283.846485792] [controller_manager]: Loading controller 'joint_state_broadcaster'
[ros2_control_node-1] [INFO] [1776117283.857158805] [controller_manager]: Controller 'joint_state_broadcaster' node arguments: --ros-args --params-file /home/carrt-cse-project/workspace/ros2_kortex_ws/install/adl_tasks/share/adl_tasks/config/ros2_controllers_vbox.yaml --params-file /tmp/launch_params_al7q_gj3 
[spawner-4] [INFO] [1776117283.918095911] [spawner_joint_state_broadcaster]: Loaded joint_state_broadcaster
[ros2_control_node-1] [INFO] [1776117283.924324459] [controller_manager]: Configuring controller: 'joint_state_broadcaster'
[ros2_control_node-1] [INFO] [1776117283.925003378] [joint_state_broadcaster]: 'joints' or 'interfaces' parameter is empty. All available state interfaces will be published
[ros2_control_node-1] [INFO] [1776117284.032609367] [controller_manager]: Activating controllers: [ joint_state_broadcaster ]
[ros2_control_node-1] [INFO] [1776117284.036158784] [controller_manager]: Successfully switched controllers!
[ros2_control_node-1] [WARN] [1776117284.040022360] [controller_manager]: Overrun might occur, Total time : 5617.278 us (Expected < 1000.000 us) --> Read time : 51.844 us, Update time : 1687.708 us (Switch time : 1649.031 us (Switch chained mode time : 2.217 us, perform mode change time : 3.717 us, Activation time : 1631.915 us, Deactivation time : 2.832 us)), Write time : 3877.726 us
[joint_state_sanitizer-3] [WARN] [1776117284.042367492] [joint_state_sanitizer_node]: [joint_state_sanitizer] Published sanitized joint state: joint_3:+3.142->+3.132
[spawner-4] [INFO] [1776117284.042997922] [spawner_joint_state_broadcaster]: Configured and activated joint_state_broadcaster
[adl_ui-15] 127.0.0.1 - - [13/Apr/2026 17:54:44] "GET /status_json HTTP/1.1" 200 -
[INFO] [spawner-4]: process has finished cleanly [pid 17264]
[clear_table-13] [INFO] [1776117284.296530024] [clear_table_node]: Clear Table Node Started
[pick_dropped_bottle-12] [INFO] [1776117284.301557215] [pick_dropped_bottle_node]: PickDroppedBottle starting...
[scene_from_vision-10] [INFO] [1776117284.330744596] [scene_from_vision_node]: Scene From Vision Node Started
[pick_dropped_bottle-12] [INFO] [1776117284.393684909] [pick_dropped_bottle_node]: MoveItHelper initialized. joint_state_topic=/joint_states_sanitized (sanitized_expected=True) real_hardware_mode=True short_cartesian_mode=hybrid
[clear_table-13] [INFO] [1776117284.397808365] [clear_table_node]: MoveItHelper initialized. joint_state_topic=/joint_states_sanitized (sanitized_expected=True) real_hardware_mode=True short_cartesian_mode=hybrid
[clear_table-13] [INFO] [1776117284.409975504] [clear_table_node]: Vision Client initialized, waiting for service...
[pick_dropped_bottle-12] [INFO] [1776117284.410480092] [pick_dropped_bottle_node]: Vision Client initialized, waiting for service...
[scene_from_vision-10] [INFO] [1776117284.428239446] [scene_from_vision_node]: SceneFromVision: Updating planning scene. Tracking 5 object shape(s). memory_mode=True, scan_duration_s=5.0, scan_min_samples=3, scan_target_samples=8, scan_extend_step_s=1.5, scan_max_extensions=2, scan_prune_unseen_objects=False, continuous_scene_updates=False, latch_first_detection_updates=True, log_object_pose_debug=False, apply_planning_scene_service_updates=True, publish_monitored_planning_scene_updates=True, side_viewpoint=wrist_mounted_camera_color_optical_frame->base_link, reject_table_objects_outside_bounds=False.
[give_medication-14] [INFO] [1776117284.428803868] [give_medication_node]: give_medication starting...
[scene_from_vision-10] [INFO] [1776117284.430393890] [scene_from_vision_node]: SceneFromVision calibration: xy_offset=(0.040, 0.020), z_offset=0.000, yaw_deg=0.00, xy_scale=1.0000, clamp_table_objects_to_table_bounds=False, table_bounds_margin_m=0.030.
[scene_from_vision-10] [INFO] [1776117284.433045041] [scene_from_vision_node]: SceneFromVision object offsets: remote_axis=y, remote_tag_to_center_sign=-1.0, remote_tag_from_end_m=0.020, remote_world_offset=(-0.103, 0.000), remote_yaw_offset_deg=0.0, cube_tag_to_center=(0.000, 0.000), cube_world_offset=(0.000, 0.000), cube_yaw_offset_deg=0.0, medication_face_to_center_m=0.030, cup_face_to_center_m=0.037.
[ros2_control_node-1] [WARN] [1776117284.435154735] [controller_manager]: Overrun might occur, Total time : 3749.885 us (Expected < 1000.000 us) --> Read time : 77.600 us, Update time : 157.805 us, Write time : 3514.480 us
[ros2_control_node-1] [WARN] [1776117284.435241190] [controller_manager]: Overrun detected! The controller manager missed its desired rate of 1000 Hz. The loop took 3.871205 ms (missed cycles : 4).
[wrist_camera_usb_publisher-8] [INFO] [1776117284.454854380] [wrist_camera_usb_publisher_node]: USB camera publisher: trying camera source index 2.
[wrist_camera_usb_publisher-8] [INFO] [1776117284.463464190] [wrist_camera_usb_publisher_node]: USB camera publisher: opened camera source index 2.
[wrist_camera_usb_publisher-8] [INFO] [1776117284.464351229] [wrist_camera_usb_publisher_node]: Wrist Camera USB Publisher started.
[wrist_camera_usb_publisher-8] [INFO] [1776117284.465890478] [wrist_camera_usb_publisher_node]: Publishing USB camera frames on /wrist_mounted_camera/image with frame_id=wrist_mounted_camera_color_optical_frame.
[wrist_camera_usb_publisher-8] [INFO] [1776117284.466767476] [wrist_camera_usb_publisher_node]: Publishing camera info on /wrist_mounted_camera/camera_info from reference intrinsics [554.25, 554.25, 320.0, 240.0] @ 640x480.
[wrist_camera_usb_publisher-8] [INFO] [1776117284.468031671] [wrist_camera_usb_publisher_node]: Using explicit camera_matrix for CameraInfo. matrix_size=1280x720, K=[920.874267578125, 0.0, 644.7646484375, 0.0, 921.5654907226562, 343.1528625488281, 0.0, 0.0, 1.0], d=[0.0, 0.0, 0.0, 0.0, 0.0]
[wrist_camera_usb_publisher-8] [INFO] [1776117284.468949996] [wrist_camera_usb_publisher_node]: Requested source=2 size=1280x720 fps=10.0
[give_medication-14] [INFO] [1776117284.702076081] [give_medication_node]: MoveItHelper initialized. joint_state_topic=/joint_states_sanitized (sanitized_expected=True) real_hardware_mode=True short_cartesian_mode=hybrid
[give_medication-14] [INFO] [1776117284.716283035] [give_medication_node]: Vision Client initialized, waiting for service...
[vision_apriltag-9] [INFO] [1776117284.734877186] [vision_apriltag_node]: Vision AprilTag Node Started
[vision_apriltag-9] [INFO] [1776117284.737022398] [vision_apriltag_node]: Subscribing to camera topic: /wrist_mounted_camera/image
[vision_apriltag-9] [INFO] [1776117284.739345922] [vision_apriltag_node]: Subscribing to camera info topic: /wrist_mounted_camera/camera_info
[vision_apriltag-9] [INFO] [1776117284.741514952] [vision_apriltag_node]: Camera frame: wrist_mounted_camera_color_optical_frame | use_image_header_frame=True
[vision_apriltag-9] [INFO] [1776117284.743381854] [vision_apriltag_node]: Tag size: 0.025m | pose_cache_retention_s=20.0 | get_pose_wait_timeout_s=5.0 | max_returned_pose_age_s=20.0 | camera_params=[554.25, 554.25, 320.0, 240.0] | families=tag36h11 | quad_decimate=1.0 | requested_backend=opencv | backend=cv2.aruco | opencv_pose_solver=ippe_square | use_image_timestamp_for_tf=False
[vision_apriltag-9] [INFO] [1776117284.745049529] [vision_apriltag_node]: Top-tag known-plane projection: enabled=True, planes={3: 0.10995, 4: 0.15155}
[vision_apriltag-9] [INFO] [1776117284.746536782] [vision_apriltag_node]: pupil_apriltags tuning: nthreads=1, quad_sigma=0.0, refine_edges=1, decode_sharpening=0.25, debug=0, preprocess_variants=['raw', 'clahe', 'adaptive', 'clahe_sharp', 'clahe_up2', 'sharp_up2'], tile_search_if_empty=True, tile_search_grid=3x2, tile_search_scale=2.0, tile_search_overlap=0.25
[vision_apriltag-9] [WARN] [1776117284.749085864] [vision_apriltag_node]: pupil_apriltags is not importable by this node, so detection is using OpenCV fallback only. python=/usr/bin/python3, import_error=No module named 'pupil_apriltags'. If .venv contains pupil_apriltags, rebuild adl_tasks with that venv active or run the module with the venv Python.
[vision_apriltag-9] [INFO] [1776117284.751911708] [vision_apriltag_node]: Publishing AprilTag debug images on /vision_apriltag/debug_image at up to 1.0 Hz.
[INFO] [spawner-16]: process started with pid [17506]
[INFO] [spawner-17]: process started with pid [17507]
[INFO] [spawner-18]: process started with pid [17508]
[INFO] [spawner-19]: process started with pid [17509]
[adl_controller-11] [INFO] [1776117284.796473537] [adl_controller_node]: MoveItHelper initialized. joint_state_topic=/joint_states_sanitized (sanitized_expected=True) real_hardware_mode=True short_cartesian_mode=hybrid
[clear_table-13] [INFO] [1776117284.911055058] [clear_table_node]: Vision service is ready.
[pick_dropped_bottle-12] [INFO] [1776117284.911355360] [pick_dropped_bottle_node]: Vision service is ready.
[pick_dropped_bottle-12] [INFO] [1776117284.923195735] [pick_dropped_bottle_node]: PickDroppedBottle ready. Waiting for command.
[pick_dropped_bottle-12] [INFO] [1776117284.924016241] [pick_dropped_bottle_node]: Startup motion disabled at node load; motion begins only after pick_dropped_bottle command.
[clear_table-13] [INFO] [1776117284.924034436] [clear_table_node]: Clear Table Node ready. Waiting for command.
[clear_table-13] [INFO] [1776117284.924833677] [clear_table_node]: Startup motion disabled at node load; motion begins only after clear_table command.
[adl_ui-15] 127.0.0.1 - - [13/Apr/2026 17:54:44] "GET /status_json HTTP/1.1" 200 -
[adl_controller-11] [INFO] [1776117285.125160218] [adl_controller_node]: ADL controller ready. Waiting for UI/system commands.
[wrist_camera_usb_publisher-8] [INFO] [1776117285.133938633] [wrist_camera_usb_publisher_node]: USB camera info active intrinsics: size=1280x720, fx=920.87, fy=921.57, cx=644.76, cy=343.15, d=array('d', [0.0, 0.0, 0.0, 0.0, 0.0])
[wrist_camera_usb_publisher-8] [INFO] [1776117285.134954406] [wrist_camera_usb_publisher_node]: USB camera publisher heartbeat: publishing 1280x720 frames on /wrist_mounted_camera/image; camera_info fx=920.87, fy=921.57, cx=644.76, cy=343.15.
[vision_apriltag-9] [INFO] [1776117285.139789542] [vision_apriltag_node]: Vision AprilTag camera model updated from CameraInfo: size=1280x720, fx=920.87, fy=921.57, cx=644.76, cy=343.15, d=[0.0, 0.0, 0.0, 0.0, 0.0]
[spawner-18] [INFO] [1776117285.390906291] [spawner_robotiq_gripper_controller]: waiting for service /controller_manager/list_controllers to become available...
[ros2_control_node-1] [WARN] [1776117285.436762743] [controller_manager]: Overrun might occur, Total time : 3361.759 us (Expected < 1000.000 us) --> Read time : 59.171 us, Update time : 86.978 us, Write time : 3215.610 us
[ros2_control_node-1] [WARN] [1776117285.436837210] [controller_manager]: Overrun detected! The controller manager missed its desired rate of 1000 Hz. The loop took 3.467772 ms (missed cycles : 4).
[vision_apriltag-9] [INFO] [1776117285.472507192] [vision_apriltag_node]: Vision AprilTag detection debug: no tags found after raw/CLAHE/sharp/adaptive/upscaled/tiled passes.
[give_medication-14] [INFO] [1776117285.717766197] [give_medication_node]: Vision service is ready.
[adl_ui-15] 127.0.0.1 - - [13/Apr/2026 17:54:45] "GET /status_json HTTP/1.1" 200 -
[give_medication-14] [INFO] [1776117285.730160412] [give_medication_node]: give_medication ready.
[scene_static-7] [WARN] [1776117285.797032052] [scene_static_node]: Planning scene service not available, waiting...
[ros2_control_node-1] [WARN] [1776117286.442353537] [controller_manager]: Overrun might occur, Total time : 5958.024 us (Expected < 1000.000 us) --> Read time : 46.919 us, Update time : 101.764 us, Write time : 5809.341 us
[ros2_control_node-1] [WARN] [1776117286.442440320] [controller_manager]: Overrun detected! The controller manager missed its desired rate of 1000 Hz. The loop took 6.071034 ms (missed cycles : 7).
[ros2_control_node-1] [INFO] [1776117286.466436302] [controller_manager]: Loading controller : 'robotiq_gripper_controller' of type 'position_controllers/GripperActionController'
[ros2_control_node-1] [INFO] [1776117286.466487884] [controller_manager]: Loading controller 'robotiq_gripper_controller'
[ros2_control_node-1] [INFO] [1776117286.471303714] [controller_manager]: Controller 'robotiq_gripper_controller' node arguments: --ros-args --params-file /home/carrt-cse-project/workspace/ros2_kortex_ws/install/adl_tasks/share/adl_tasks/config/ros2_controllers_vbox.yaml --params-file /tmp/launch_params_al7q_gj3 
[adl_ui-15] 127.0.0.1 - - [13/Apr/2026 17:54:46] "GET /status_json HTTP/1.1" 200 -
[ros2_control_node-1] [WARN] [1776117286.511984174] [robotiq_gripper_controller]: [Deprecated]: the `position_controllers/GripperActionController` and `effort_controllers::GripperActionController` controllers are replaced by 'parallel_gripper_controllers/GripperActionController' controller
[spawner-18] [INFO] [1776117286.523152429] [spawner_robotiq_gripper_controller]: Loaded robotiq_gripper_controller
[ros2_control_node-1] [INFO] [1776117286.525325906] [controller_manager]: Configuring controller: 'robotiq_gripper_controller'
[ros2_control_node-1] [INFO] [1776117286.525470604] [robotiq_gripper_controller]: Action status changes will be monitored at 20.000000 Hz.
[ros2_control_node-1] [INFO] [1776117286.536368676] [controller_manager]: Activating controllers: [ robotiq_gripper_controller ]
[vision_apriltag-9] [INFO] [1776117286.679812220] [vision_apriltag_node]: Vision AprilTag: images are arriving on /wrist_mounted_camera/image, but no AprilTags have been detected yet.
[ros2_control_node-1] [INFO] [1776117286.747680631] [controller_manager]: Successfully switched controllers!
[ros2_control_node-1] [WARN] [1776117286.749898976] [controller_manager]: Overrun might occur, Total time : 10498.010 us (Expected < 1000.000 us) --> Read time : 46.881 us, Update time : 8222.444 us (Switch time : 8120.197 us (Switch chained mode time : 1.580 us, perform mode change time : 45.191 us, Activation time : 8062.486 us, Deactivation time : 0.780 us)), Write time : 2228.685 us
[spawner-18] [INFO] [1776117286.757999217] [spawner_robotiq_gripper_controller]: Configured and activated robotiq_gripper_controller
[INFO] [spawner-18]: process has finished cleanly [pid 17508]
[adl_ui-15] 127.0.0.1 - - [13/Apr/2026 17:54:47] "GET /status_json HTTP/1.1" 200 -
[spawner-16] [INFO] [1776117287.357787525] [spawner_joint_trajectory_controller]: waiting for service /controller_manager/list_controllers to become available...
[ros2_control_node-1] [WARN] [1776117287.444855471] [controller_manager]: Overrun might occur, Total time : 2459.735 us (Expected < 1000.000 us) --> Read time : 48.709 us, Update time : 138.518 us, Write time : 2272.508 us
[ros2_control_node-1] [WARN] [1776117287.444914896] [controller_manager]: Overrun detected! The controller manager missed its desired rate of 1000 Hz. The loop took 2.546291 ms (missed cycles : 3).
[ros2_control_node-1] [INFO] [1776117287.694116995] [controller_manager]: Loading controller : 'joint_trajectory_controller' of type 'joint_trajectory_controller/JointTrajectoryController'
[ros2_control_node-1] [INFO] [1776117287.694178314] [controller_manager]: Loading controller 'joint_trajectory_controller'
[ros2_control_node-1] [INFO] [1776117287.700395379] [controller_manager]: Controller 'joint_trajectory_controller' node arguments: --ros-args --params-file /home/carrt-cse-project/workspace/ros2_kortex_ws/install/adl_tasks/share/adl_tasks/config/ros2_controllers_vbox.yaml --params-file /tmp/launch_params_al7q_gj3 
[spawner-16] [INFO] [1776117287.766880874] [spawner_joint_trajectory_controller]: Loaded joint_trajectory_controller
[ros2_control_node-1] [INFO] [1776117287.772626956] [controller_manager]: Configuring controller: 'joint_trajectory_controller'
[ros2_control_node-1] [INFO] [1776117287.773602361] [joint_trajectory_controller]: No specific joint names are used for command interfaces. Using 'joints' parameter.
[ros2_control_node-1] [INFO] [1776117287.773974895] [joint_trajectory_controller]: Command interfaces are [position] and state interfaces are [position velocity].
[ros2_control_node-1] [INFO] [1776117287.774201791] [joint_trajectory_controller]: Using 'splines' interpolation method.
[ros2_control_node-1] [INFO] [1776117287.783733895] [joint_trajectory_controller]: Action status changes will be monitored at 10.00 Hz.
[scene_static-7] [WARN] [1776117287.802191288] [scene_static_node]: Planning scene service not available, waiting...
[ros2_control_node-1] [INFO] [1776117287.811488796] [controller_manager]: Activating controllers: [ joint_trajectory_controller ]
[adl_ui-15] 127.0.0.1 - - [13/Apr/2026 17:54:48] "GET /status_json HTTP/1.1" 200 -
[ros2_control_node-1] [INFO] [1776117288.054058933] [controller_manager]: Successfully switched controllers!
[ros2_control_node-1] [WARN] [1776117288.056769537] [controller_manager]: Overrun might occur, Total time : 43373.818 us (Expected < 1000.000 us) --> Read time : 48.280 us, Update time : 40600.035 us (Switch time : 40475.322 us (Switch chained mode time : 3.993 us, perform mode change time : 39462.694 us, Activation time : 997.569 us, Deactivation time : 1.453 us)), Write time : 2725.503 us
[spawner-16] [INFO] [1776117288.063278537] [spawner_joint_trajectory_controller]: Configured and activated joint_trajectory_controller
[spawner-19] [INFO] [1776117288.250518215] [spawner_fault_controller]: waiting for service /controller_manager/list_controllers to become available...
[INFO] [spawner-16]: process has finished cleanly [pid 17506]
[ros2_control_node-1] [WARN] [1776117288.446768612] [controller_manager]: Overrun might occur, Total time : 2373.193 us (Expected < 1000.000 us) --> Read time : 46.154 us, Update time : 232.653 us, Write time : 2094.386 us
[ros2_control_node-1] [WARN] [1776117288.446853978] [controller_manager]: Overrun detected! The controller manager missed its desired rate of 1000 Hz. The loop took 2.484967 ms (missed cycles : 3).
[adl_ui-15] 127.0.0.1 - - [13/Apr/2026 17:54:48] "GET /status_json HTTP/1.1" 200 -
[ros2_control_node-1] [INFO] [1776117289.008203396] [controller_manager]: Loading controller : 'fault_controller' of type 'picknik_reset_fault_controller/PicknikResetFaultController'
[ros2_control_node-1] [INFO] [1776117289.008956863] [controller_manager]: Loading controller 'fault_controller'
[ros2_control_node-1] [INFO] [1776117289.018308322] [controller_manager]: Controller 'fault_controller' node arguments: --ros-args --params-file /home/carrt-cse-project/workspace/ros2_kortex_ws/install/adl_tasks/share/adl_tasks/config/ros2_controllers_vbox.yaml --params-file /tmp/launch_params_al7q_gj3 
[joint_state_sanitizer-3] [WARN] [1776117289.044805498] [joint_state_sanitizer_node]: [joint_state_sanitizer] Published sanitized joint state: joint_3:+3.142->+3.132
[spawner-19] [INFO] [1776117289.073650531] [spawner_fault_controller]: Loaded fault_controller
[ros2_control_node-1] [INFO] [1776117289.078259435] [controller_manager]: Configuring controller: 'fault_controller'
[ros2_control_node-1] [INFO] [1776117289.093513479] [controller_manager]: Activating controllers: [ fault_controller ]
[vision_apriltag-9] [INFO] [1776117289.272829873] [vision_apriltag_node]: Vision AprilTag: images are arriving on /wrist_mounted_camera/image, but no AprilTags have been detected yet.
[ros2_control_node-1] [INFO] [1776117289.311824090] [controller_manager]: Successfully switched controllers!
[ros2_control_node-1] [WARN] [1776117289.313526534] [controller_manager]: Overrun might occur, Total time : 8127.469 us (Expected < 1000.000 us) --> Read time : 35.897 us, Update time : 5503.230 us (Switch time : 5323.584 us (Switch chained mode time : 1.153 us, perform mode change time : 16.901 us, Activation time : 5299.560 us, Deactivation time : 0.587 us)), Write time : 2588.342 us
[spawner-19] [INFO] [1776117289.319485574] [spawner_fault_controller]: Configured and activated fault_controller
[ros2_control_node-1] [WARN] [1776117289.447954394] [controller_manager]: Overrun might occur, Total time : 2555.906 us (Expected < 1000.000 us) --> Read time : 49.587 us, Update time : 254.343 us, Write time : 2251.976 us
[ros2_control_node-1] [WARN] [1776117289.448015121] [controller_manager]: Overrun detected! The controller manager missed its desired rate of 1000 Hz. The loop took 2.646366 ms (missed cycles : 3).
[adl_ui-15] 127.0.0.1 - - [13/Apr/2026 17:54:49] "GET /status_json HTTP/1.1" 200 -
[spawner-17] [INFO] [1776117289.529805429] [spawner_twist_controller]: waiting for service /controller_manager/list_controllers to become available...
[INFO] [spawner-19]: process has finished cleanly [pid 17509]
[ros2_control_node-1] [INFO] [1776117289.787431373] [controller_manager]: Loading controller : 'twist_controller' of type 'picknik_twist_controller/PicknikTwistController'
[ros2_control_node-1] [INFO] [1776117289.787508202] [controller_manager]: Loading controller 'twist_controller'
[ros2_control_node-1] [INFO] [1776117289.792300726] [controller_manager]: Controller 'twist_controller' node arguments: --ros-args --params-file /home/carrt-cse-project/workspace/ros2_kortex_ws/install/adl_tasks/share/adl_tasks/config/ros2_controllers_vbox.yaml --params-file /tmp/launch_params_al7q_gj3 
[ros2_control_node-1] [INFO] [1776117289.922434541] [controller_manager]: Configuring controller: 'twist_controller'
[ros2_control_node-1] [INFO] [1776117289.925749424] [twist_controller]: configure successful
[scene_static-7] [WARN] [1776117289.808668487] [scene_static_node]: Planning scene service not available, waiting...
[INFO] [move_group-20]: process started with pid [17617]
[INFO] [rviz2-21]: process started with pid [17618]
[spawner-17] [INFO] [1776117289.835272076] [spawner_twist_controller]: Loaded twist_controller
[move_group-20] [INFO] [1776117290.192809505] [move_group.moveit.moveit.ros.rdf_loader]: Loaded robot model in 0.00899887 seconds
[move_group-20] [INFO] [1776117290.193426578] [move_group.moveit.moveit.core.robot_model]: Loading robot model 'gen3'...
[move_group-20] [INFO] [1776117290.193454660] [move_group.moveit.moveit.core.robot_model]: No root/virtual joint specified in SRDF. Assuming fixed joint
[INFO] [spawner-17]: process has finished cleanly [pid 17507]
[adl_ui-15] 127.0.0.1 - - [13/Apr/2026 17:54:50] "GET /status_json HTTP/1.1" 200 -
[wrist_camera_usb_publisher-8] [INFO] [1776117290.266765988] [wrist_camera_usb_publisher_node]: USB camera publisher heartbeat: publishing 1280x720 frames on /wrist_mounted_camera/image; camera_info fx=920.87, fy=921.57, cx=644.76, cy=343.15.
[move_group-20] [INFO] [1776117290.351748676] [move_group.moveit.moveit.kinematics.kdl_kinematics_plugin]: Joint weights for group 'manipulator': 1 1 1 1 1 1 1
[ros2_control_node-1] [WARN] [1776117290.449574899] [controller_manager]: Overrun might occur, Total time : 3177.137 us (Expected < 1000.000 us) --> Read time : 46.599 us, Update time : 305.959 us, Write time : 2824.579 us
[ros2_control_node-1] [WARN] [1776117290.449655300] [controller_manager]: Overrun detected! The controller manager missed its desired rate of 1000 Hz. The loop took 3.285550 ms (missed cycles : 4).
[rviz2-21] [INFO] [1776117290.547831796] [rviz2]: Stereo is NOT SUPPORTED
[rviz2-21] [INFO] [1776117290.547896442] [rviz2]: OpenGl version: 4.6 (GLSL 4.6)
[rviz2-21] [INFO] [1776117290.581337761] [rviz2]: Stereo is NOT SUPPORTED
[vision_apriltag-9] [INFO] [1776117290.678131414] [vision_apriltag_node]: Vision AprilTag: images are arriving on /wrist_mounted_camera/image, but no AprilTags have been detected yet.
[vision_apriltag-9] [INFO] [1776117290.791361082] [vision_apriltag_node]: Vision AprilTag detection debug: no tags found after raw/CLAHE/sharp/adaptive/upscaled/tiled passes.
[move_group-20] [INFO] [1776117290.838052198] [move_group.moveit.moveit.ros.planning_scene_monitor]: Publishing maintained planning scene on 'monitored_planning_scene'
[move_group-20] [INFO] [1776117290.838322986] [move_group.moveit.moveit.ros.moveit_cpp]: Listening to 'joint_states' for joint states
[move_group-20] [INFO] [1776117290.839816182] [move_group.moveit.moveit.ros.current_state_monitor]: Listening to joint states on topic 'joint_states'
[move_group-20] [INFO] [1776117290.840650117] [move_group.moveit.moveit.ros.planning_scene_monitor]: Listening to '/attached_collision_object' for attached collision objects
[move_group-20] [INFO] [1776117290.840680192] [move_group.moveit.moveit.ros.planning_scene_monitor]: Stopping existing planning scene publisher.
[move_group-20] [INFO] [1776117290.841501058] [move_group.moveit.moveit.ros.planning_scene_monitor]: Stopped publishing maintained planning scene.
[move_group-20] [INFO] [1776117290.842115788] [move_group.moveit.moveit.ros.planning_scene_monitor]: Publishing maintained planning scene on 'monitored_planning_scene'
[move_group-20] [INFO] [1776117290.842222824] [move_group.moveit.moveit.ros.planning_scene_monitor]: Starting planning scene monitor
[move_group-20] [INFO] [1776117290.843446309] [move_group.moveit.moveit.ros.planning_scene_monitor]: Listening to '/planning_scene'
[move_group-20] [INFO] [1776117290.843474318] [move_group.moveit.moveit.ros.planning_scene_monitor]: Starting world geometry update monitor for collision objects, attached objects, octomap updates.
[move_group-20] [INFO] [1776117290.844359851] [move_group.moveit.moveit.ros.planning_scene_monitor]: Listening to 'collision_object'
[move_group-20] [INFO] [1776117290.845077034] [move_group.moveit.moveit.ros.planning_scene_monitor]: Listening to 'planning_scene_world' for planning scene world geometry
[move_group-20] [WARN] [1776117290.846050117] [move_group.moveit.moveit.ros.occupancy_map_monitor]: Resolution not specified for Octomap. Assuming resolution = 0.1 instead
[move_group-20] [ERROR] [1776117290.846087342] [move_group.moveit.moveit.ros.occupancy_map_monitor]: No 3D sensor plugin(s) defined for octomap updates
[adl_ui-15] 127.0.0.1 - - [13/Apr/2026 17:54:50] "GET /status_json HTTP/1.1" 200 -
[rviz2-21] Warning: class_loader.impl: SEVERE WARNING!!! A namespace collision has occurred with plugin factory for class rviz_default_plugins::displays::InteractiveMarkerDisplay. New factory will OVERWRITE existing one. This situation occurs when libraries containing plugins are directly linked against an executable (the one running right now generating this message). Please separate plugins out into their own library or just don't link against the library and use either class_loader::ClassLoader/MultiLibraryClassLoader to open.
[rviz2-21]          at line 321 in /opt/ros/jazzy/include/class_loader/class_loader/class_loader_core.hpp
[rviz2-21] [WARN] [1776117291.119694647] [rcl.logging_rosout]: Publisher already registered for node name: 'rviz2_moveit'. If this is due to multiple nodes with the same name then all logs for the logger named 'rviz2_moveit' will go out over the existing publisher. As soon as any node with that name is destructed it will unregister the publisher, preventing any further logs for that name from being published on the rosout topic.
[ros2_control_node-1] [WARN] [1776117291.452626586] [controller_manager]: Overrun might occur, Total time : 3238.353 us (Expected < 1000.000 us) --> Read time : 34.222 us, Update time : 260.481 us, Write time : 2943.650 us
[ros2_control_node-1] [WARN] [1776117291.452684845] [controller_manager]: Overrun detected! The controller manager missed its desired rate of 1000 Hz. The loop took 3.316534 ms (missed cycles : 4).
[adl_ui-15] 127.0.0.1 - - [13/Apr/2026 17:54:51] "GET /status_json HTTP/1.1" 200 -
[scene_static-7] [WARN] [1776117291.814618596] [scene_static_node]: Planning scene service not available, waiting...
[ros2_control_node-1] [INFO] [1776117292.159449364] [controller_manager]: Received robot description from topic.
[ros2_control_node-1] [WARN] [1776117292.159495428] [controller_manager]: ResourceManager has already loaded a urdf. Ignoring attempt to reload a robot description.
[ros2_control_node-1] [WARN] [1776117292.453494379] [controller_manager]: Overrun might occur, Total time : 3091.506 us (Expected < 1000.000 us) --> Read time : 51.053 us, Update time : 244.205 us, Write time : 2796.248 us
[ros2_control_node-1] [WARN] [1776117292.453576748] [controller_manager]: Overrun detected! The controller manager missed its desired rate of 1000 Hz. The loop took 3.206868 ms (missed cycles : 4).
[adl_ui-15] 127.0.0.1 - - [13/Apr/2026 17:54:52] "GET /status_json HTTP/1.1" 200 -
[move_group-20] [INFO] [1776117292.525479979] [move_group.moveit.moveit.ros.planning_pipeline]: Successfully loaded planner 'OMPL'
[move_group-20] [INFO] [1776117292.531170178] [move_group]: Try loading adapter 'default_planning_request_adapters/ResolveConstraintFrames'
[move_group-20] [INFO] [1776117292.533042072] [move_group]: Loaded adapter 'default_planning_request_adapters/ResolveConstraintFrames'
[move_group-20] [INFO] [1776117292.533077477] [move_group]: Try loading adapter 'default_planning_request_adapters/ValidateWorkspaceBounds'
[move_group-20] [INFO] [1776117292.534884108] [move_group]: Loaded adapter 'default_planning_request_adapters/ValidateWorkspaceBounds'
[move_group-20] [INFO] [1776117292.534918144] [move_group]: Try loading adapter 'default_planning_request_adapters/CheckStartStateBounds'
[move_group-20] [INFO] [1776117292.535246716] [move_group]: Loaded adapter 'default_planning_request_adapters/CheckStartStateBounds'
[move_group-20] [INFO] [1776117292.535265479] [move_group]: Try loading adapter 'default_planning_request_adapters/CheckStartStateCollision'
[move_group-20] [INFO] [1776117292.535291006] [move_group]: Loaded adapter 'default_planning_request_adapters/CheckStartStateCollision'
[move_group-20] [INFO] [1776117292.541452976] [move_group]: Try loading adapter 'default_planning_response_adapters/AddTimeOptimalParameterization'
[move_group-20] [INFO] [1776117292.548554074] [move_group]: Loaded adapter 'default_planning_response_adapters/AddTimeOptimalParameterization'
[move_group-20] [INFO] [1776117292.548586019] [move_group]: Try loading adapter 'default_planning_response_adapters/ValidateSolution'
[move_group-20] [INFO] [1776117292.554729848] [move_group]: Loaded adapter 'default_planning_response_adapters/ValidateSolution'
[move_group-20] [INFO] [1776117292.554777873] [move_group]: Try loading adapter 'default_planning_response_adapters/DisplayMotionPath'
[move_group-20] [INFO] [1776117292.558878706] [move_group]: Loaded adapter 'default_planning_response_adapters/DisplayMotionPath'
[move_group-20] [INFO] [1776117292.640142714] [move_group.moveit.moveit.plugins.simple_controller_manager]: Added FollowJointTrajectory controller for joint_trajectory_controller
[move_group-20] [INFO] [1776117292.640208843] [move_group.moveit.moveit.plugins.simple_controller_manager]: robotiq_gripper_controller will command a max effort of: 0
[move_group-20] [INFO] [1776117292.647325325] [move_group.moveit.moveit.plugins.simple_controller_manager]: Added GripperCommand controller for robotiq_gripper_controller
[move_group-20] [INFO] [1776117292.648457615] [move_group.moveit.moveit.plugins.simple_controller_manager]: Returned 2 controllers in list
[move_group-20] [INFO] [1776117292.648532024] [move_group.moveit.moveit.plugins.simple_controller_manager]: Returned 2 controllers in list
[move_group-20] [INFO] [1776117292.650465821] [move_group.moveit.moveit.ros.trajectory_execution_manager]: Trajectory execution is managing controllers
[move_group-20] [INFO] [1776117292.650507639] [move_group]: MoveGroup debug mode is ON
[vision_apriltag-9] [INFO] [1776117292.677909166] [vision_apriltag_node]: Vision AprilTag: images are arriving on /wrist_mounted_camera/image, but no AprilTags have been detected yet.
[move_group-20] [INFO] [1776117292.706124661] [move_group.moveit.moveit.ros.move_group.executable]: 
[move_group-20] 
[move_group-20] ********************************************************
[move_group-20] * MoveGroup using: 
[move_group-20] *     - apply_planning_scene_service
[move_group-20] *     - clear_octomap_service
[move_group-20] *     - get_group_urdf
[move_group-20] *     - load_geometry_from_file
[move_group-20] *     - CartesianPathService
[move_group-20] *     - execute_trajectory_action
[move_group-20] *     - get_planning_scene_service
[move_group-20] *     - kinematics_service
[move_group-20] *     - move_action
[move_group-20] *     - motion_plan_service
[move_group-20] *     - query_planners_service
[move_group-20] *     - state_validation_service
[move_group-20] *     - save_geometry_to_file
[move_group-20] ********************************************************
[move_group-20] 
[move_group-20] [INFO] [1776117292.706209317] [move_group.moveit.moveit.ros.move_group.context]: MoveGroup context using pipeline ompl
[move_group-20] [INFO] [1776117292.706276595] [move_group.moveit.moveit.ros.move_group.context]: MoveGroup context initialization complete
[move_group-20] [96mLoading 'move_group/ApplyPlanningSceneService'...[0m
[move_group-20] [96mLoading 'move_group/ClearOctomapService'...[0m
[move_group-20] [96mLoading 'move_group/GetUrdfService'...[0m
[move_group-20] [96mLoading 'move_group/LoadGeometryFromFileService'...[0m
[move_group-20] [96mLoading 'move_group/MoveGroupCartesianPathService'...[0m
[move_group-20] [96mLoading 'move_group/MoveGroupExecuteTrajectoryAction'...[0m
[move_group-20] [96mLoading 'move_group/MoveGroupGetPlanningSceneService'...[0m
[move_group-20] [96mLoading 'move_group/MoveGroupKinematicsService'...[0m
[move_group-20] [96mLoading 'move_group/MoveGroupMoveAction'...[0m
[move_group-20] [96mLoading 'move_group/MoveGroupPlanService'...[0m
[move_group-20] [96mLoading 'move_group/MoveGroupQueryPlannersService'...[0m
[move_group-20] [96mLoading 'move_group/MoveGroupStateValidationService'...[0m
[move_group-20] [96mLoading 'move_group/SaveGeometryToFileService'...[0m
[move_group-20] 
[move_group-20] [92mYou can start planning now![0m
[move_group-20] 
[adl_ui-15] 127.0.0.1 - - [13/Apr/2026 17:54:53] "GET /status_json HTTP/1.1" 200 -
[ros2_control_node-1] [WARN] [1776117293.453834676] [controller_manager]: Overrun might occur, Total time : 2445.073 us (Expected < 1000.000 us) --> Read time : 32.901 us, Update time : 230.941 us, Write time : 2181.231 us
[ros2_control_node-1] [WARN] [1776117293.453907883] [controller_manager]: Overrun detected! The controller manager missed its desired rate of 1000 Hz. The loop took 2.539048 ms (missed cycles : 3).
[scene_static-7] [INFO] [1776117293.818165174] [scene_static_node]: Planning scene service available. Building static scene...
[scene_static-7] [INFO] [1776117293.822441897] [scene_static_node]: Static scene built: 15 objects added to MoveIt planning scene.
[adl_ui-15] 127.0.0.1 - - [13/Apr/2026 17:54:53] "GET /status_json HTTP/1.1" 200 -
[joint_state_sanitizer-3] [WARN] [1776117294.047018944] [joint_state_sanitizer_node]: [joint_state_sanitizer] Published sanitized joint state: joint_3:+3.142->+3.132
[ros2_control_node-1] [WARN] [1776117294.454532159] [controller_manager]: Overrun might occur, Total time : 3145.382 us (Expected < 1000.000 us) --> Read time : 26.472 us, Update time : 243.142 us, Write time : 2875.768 us
[ros2_control_node-1] [WARN] [1776117294.454627509] [controller_manager]: Overrun detected! The controller manager missed its desired rate of 1000 Hz. The loop took 3.257999 ms (missed cycles : 4).
[rviz2-21] [ERROR] [1776117294.523461560] [rviz2_moveit.moveit.ros.motion_planning_frame]: Action server: /recognize_objects not available
[rviz2-21] [INFO] [1776117294.558576875] [rviz2_moveit.moveit.ros.motion_planning_frame]: MoveGroup namespace changed: / -> . Reloading params.
[rviz2-21] [INFO] [1776117294.642669576] [rviz2_moveit.moveit.ros.rdf_loader]: Loaded robot model in 0.00981174 seconds
[rviz2-21] [INFO] [1776117294.642796964] [rviz2_moveit.moveit.core.robot_model]: Loading robot model 'gen3'...
[rviz2-21] [INFO] [1776117294.642826653] [rviz2_moveit.moveit.core.robot_model]: No root/virtual joint specified in SRDF. Assuming fixed joint
[vision_apriltag-9] [INFO] [1776117294.681411604] [vision_apriltag_node]: Vision AprilTag: images are arriving on /wrist_mounted_camera/image, but no AprilTags have been detected yet.
[adl_ui-15] 127.0.0.1 - - [13/Apr/2026 17:54:54] "GET /status_json HTTP/1.1" 200 -
[rviz2-21] [INFO] [1776117294.879981651] [rviz2_moveit.moveit.kinematics.kdl_kinematics_plugin]: Joint weights for group 'manipulator': 1 1 1 1 1 1 1
[rviz2-21] [INFO] [1776117295.319203070] [rviz2_moveit.moveit.ros.planning_scene_monitor]: Starting planning scene monitor
[rviz2-21] [INFO] [1776117295.322628451] [rviz2_moveit.moveit.ros.planning_scene_monitor]: Listening to '/monitored_planning_scene'
[wrist_camera_usb_publisher-8] [INFO] [1776117295.422301507] [wrist_camera_usb_publisher_node]: USB camera publisher heartbeat: publishing 1280x720 frames on /wrist_mounted_camera/image; camera_info fx=920.87, fy=921.57, cx=644.76, cy=343.15.
[ros2_control_node-1] [WARN] [1776117295.454665339] [controller_manager]: Overrun might occur, Total time : 3271.084 us (Expected < 1000.000 us) --> Read time : 41.238 us, Update time : 237.934 us, Write time : 2991.912 us
[ros2_control_node-1] [WARN] [1776117295.454747265] [controller_manager]: Overrun detected! The controller manager missed its desired rate of 1000 Hz. The loop took 3.378517 ms (missed cycles : 4).
[adl_ui-15] 127.0.0.1 - - [13/Apr/2026 17:54:55] "GET /status_json HTTP/1.1" 200 -
[rviz2-21] [INFO] [1776117295.673496235] [interactive_marker_display_101793970460448]: Connected on namespace: /rviz_moveit_motion_planning_display/robot_interaction_interactive_marker_topic
[rviz2-21] [INFO] [1776117295.689857432] [rviz2_moveit.moveit.ros.robot_interaction]: No active joints or end effectors found for group 'gripper'. Make sure that kinematics.yaml is loaded in this node's namespace.
[rviz2-21] [INFO] [1776117295.690859850] [rviz2_moveit.moveit.ros.robot_interaction]: No active joints or end effectors found for group 'gripper'. Make sure that kinematics.yaml is loaded in this node's namespace.
[rviz2-21] [INFO] [1776117295.721240767] [interactive_marker_display_101793970460448]: Sending request for interactive markers
[rviz2-21] [INFO] [1776117295.754088892] [interactive_marker_display_101793970460448]: Service response received for initialization
[rviz2-21] [INFO] [1776117295.788807802] [rviz2_moveit.moveit.ros.motion_planning_frame]: group gripper
[rviz2-21] [INFO] [1776117295.788848717] [rviz2_moveit.moveit.ros.motion_planning_frame]: Constructing new MoveGroup connection for group 'gripper' in namespace ''
[vision_apriltag-9] [INFO] [1776117295.842455621] [vision_apriltag_node]: Vision AprilTag detection debug: no tags found after raw/CLAHE/sharp/adaptive/upscaled/tiled passes.
[rviz2-21] [INFO] [1776117295.862939864] [rviz2_moveit.moveit.ros.move_group_interface]: Ready to take commands for planning group gripper.
[rviz2-21] [INFO] [1776117295.863605069] [rviz2_moveit.moveit.ros.motion_planning_frame]: group gripper
[adl_ui-15] 127.0.0.1 - - [13/Apr/2026 17:54:56] "GET /status_json HTTP/1.1" 200 -
[ros2_control_node-1] [WARN] [1776117296.457019827] [controller_manager]: Overrun might occur, Total time : 2632.552 us (Expected < 1000.000 us) --> Read time : 33.092 us, Update time : 221.786 us, Write time : 2377.674 us
[ros2_control_node-1] [WARN] [1776117296.457091359] [controller_manager]: Overrun detected! The controller manager missed its desired rate of 1000 Hz. The loop took 2.722438 ms (missed cycles : 3).
[vision_apriltag-9] [INFO] [1776117296.678017904] [vision_apriltag_node]: Vision AprilTag: images are arriving on /wrist_mounted_camera/image, but no AprilTags have been detected yet.
[adl_ui-15] 127.0.0.1 - - [13/Apr/2026 17:54:56] "GET /status_json HTTP/1.1" 200 -
[ros2_control_node-1] [WARN] [1776117297.460387300] [controller_manager]: Overrun might occur, Total time : 5994.944 us (Expected < 1000.000 us) --> Read time : 35.419 us, Update time : 238.476 us, Write time : 5721.049 us
[ros2_control_node-1] [WARN] [1776117297.460480028] [controller_manager]: Overrun detected! The controller manager missed its desired rate of 1000 Hz. The loop took 6.110326 ms (missed cycles : 7).
[adl_ui-15] 127.0.0.1 - - [13/Apr/2026 17:54:57] "GET /status_json HTTP/1.1" 200 -
[ros2_control_node-1] [WARN] [1776117298.463037167] [controller_manager]: Overrun might occur, Total time : 2648.216 us (Expected < 1000.000 us) --> Read time : 32.954 us, Update time : 226.922 us, Write time : 2388.340 us
[ros2_control_node-1] [WARN] [1776117298.463122127] [controller_manager]: Overrun detected! The controller manager missed its desired rate of 1000 Hz. The loop took 2.752656 ms (missed cycles : 3).
[adl_ui-15] 127.0.0.1 - - [13/Apr/2026 17:54:58] "GET /status_json HTTP/1.1" 200 -
[vision_apriltag-9] [INFO] [1776117298.680073470] [vision_apriltag_node]: Vision AprilTag: images are arriving on /wrist_mounted_camera/image, but no AprilTags have been detected yet.
[joint_state_sanitizer-3] [WARN] [1776117299.047999030] [joint_state_sanitizer_node]: [joint_state_sanitizer] Published sanitized joint state: joint_3:+3.142->+3.132
[adl_ui-15] 127.0.0.1 - - [13/Apr/2026 17:54:59] "GET /status_json HTTP/1.1" 200 -
[ros2_control_node-1] [WARN] [1776117299.466106020] [controller_manager]: Overrun might occur, Total time : 2717.574 us (Expected < 1000.000 us) --> Read time : 41.481 us, Update time : 257.028 us, Write time : 2419.065 us
[ros2_control_node-1] [WARN] [1776117299.466161207] [controller_manager]: Overrun detected! The controller manager missed its desired rate of 1000 Hz. The loop took 2.792863 ms (missed cycles : 3).
[adl_ui-15] 127.0.0.1 - - [13/Apr/2026 17:54:59] "GET /status_json HTTP/1.1" 200 -
[ros2_control_node-1] [WARN] [1776117300.469582973] [controller_manager]: Overrun might occur, Total time : 3181.870 us (Expected < 1000.000 us) --> Read time : 58.496 us, Update time : 311.347 us, Write time : 2812.027 us
[ros2_control_node-1] [WARN] [1776117300.469661921] [controller_manager]: Overrun detected! The controller manager missed its desired rate of 1000 Hz. The loop took 3.292868 ms (missed cycles : 4).
[wrist_camera_usb_publisher-8] [INFO] [1776117300.582173342] [wrist_camera_usb_publisher_node]: USB camera publisher heartbeat: publishing 1280x720 frames on /wrist_mounted_camera/image; camera_info fx=920.87, fy=921.57, cx=644.76, cy=343.15.
[adl_ui-15] 127.0.0.1 - - [13/Apr/2026 17:55:00] "GET /status_json HTTP/1.1" 200 -
[vision_apriltag-9] [INFO] [1776117300.988683917] [vision_apriltag_node]: Vision AprilTag detection debug: no tags found after raw/CLAHE/sharp/adaptive/upscaled/tiled passes.
[vision_apriltag-9] [INFO] [1776117300.993319321] [vision_apriltag_node]: Vision AprilTag: images are arriving on /wrist_mounted_camera/image, but no AprilTags have been detected yet.
[ros2_control_node-1] [WARN] [1776117301.470965243] [controller_manager]: Overrun might occur, Total time : 2572.099 us (Expected < 1000.000 us) --> Read time : 42.203 us, Update time : 239.507 us, Write time : 2290.389 us
[ros2_control_node-1] [WARN] [1776117301.471039650] [controller_manager]: Overrun detected! The controller manager missed its desired rate of 1000 Hz. The loop took 2.670649 ms (missed cycles : 3).
[adl_ui-15] 127.0.0.1 - - [13/Apr/2026 17:55:01] "GET /status_json HTTP/1.1" 200 -
[adl_ui-15] [INFO] [1776117302.217059221] [adl_ui_node]: UI command published: clear_table
[clear_table-13] [INFO] [1776117302.219432829] [clear_table_node]: Received clear_table command. Starting task execution.
[clear_table-13] [INFO] [1776117302.225822466] [clear_table_node]: Starting Clear Table Task...
[adl_ui-15] 127.0.0.1 - - [13/Apr/2026 17:55:02] "POST /command HTTP/1.1" 200 -
[scene_from_vision-10] [INFO] [1776117302.233447302] [scene_from_vision_node]: Scene memory cleared. Removed remembered IDs: []
[adl_ui-15] 127.0.0.1 - - [13/Apr/2026 17:55:02] "GET /status_json HTTP/1.1" 200 -
[clear_table-13] [INFO] [1776117302.286199291] [clear_table_node]: Scene memory cleared. Removed remembered IDs: []
[clear_table-13] [INFO] [1776117302.291017051] [clear_table_node]: Scene LOCKED.
[scene_from_vision-10] [INFO] [1776117302.297562839] [scene_from_vision_node]: Scene LOCKED - updates paused.
[adl_ui-15] 127.0.0.1 - - [13/Apr/2026 17:55:02] "GET /status_json HTTP/1.1" 200 -
[clear_table-13] [INFO] [1776117302.441692411] [clear_table_node]: Moving to perform the initial scene scan for clear table task...
[clear_table-13] [INFO] [1776117302.443286920] [clear_table_node]: is_near_look_at_table: current arm is not at target (worst=joint_4:0.535 rad > 0.080).
[clear_table-13] [INFO] [1776117302.444704083] [clear_table_node]: look_at_table: planning to LOOK_AT_TABLE_JOINTS.
[ros2_control_node-1] [WARN] [1776117302.472197515] [controller_manager]: Overrun might occur, Total time : 2805.376 us (Expected < 1000.000 us) --> Read time : 36.203 us, Update time : 257.568 us, Write time : 2511.605 us
[ros2_control_node-1] [WARN] [1776117302.472281186] [controller_manager]: Overrun detected! The controller manager missed its desired rate of 1000 Hz. The loop took 2.911576 ms (missed cycles : 3).
[clear_table-13] [INFO] [1776117302.474139368] [clear_table_node]: _send_direct_joint_trajectory: sending fixed joint posture directly to /joint_trajectory_controller/follow_joint_trajectory over 4.14s.
[ros2_control_node-1] [INFO] [1776117302.480002119] [joint_trajectory_controller]: Received new action goal
[ros2_control_node-1] [INFO] [1776117302.481236557] [joint_trajectory_controller]: Accepted new action goal
[vision_apriltag-9] [INFO] [1776117302.678141386] [vision_apriltag_node]: Vision AprilTag: scene is locked; detection publishing is paused.
[ros2_control_node-1] [ERROR] [1776117302.910692522] [KortexMultiInterfaceHardware]: Kortex exception: Device error, Error sub type=WRONG_SERVOING_MODE => <srv: 3, fct: 1, msgType: 3>
[ros2_control_node-1] description: Wrong servoing mode, must be low level servoing mode
[ros2_control_node-1] [ERROR] [1776117302.910802572] [KortexMultiInterfaceHardware]: Error sub-code: WRONG_SERVOING_MODE
[adl_ui-15] 127.0.0.1 - - [13/Apr/2026 17:55:03] "GET /status_json HTTP/1.1" 200 -
[ros2_control_node-1] [WARN] [1776117303.479034558] [controller_manager]: Overrun might occur, Total time : 6644.780 us (Expected < 1000.000 us) --> Read time : 35.543 us, Update time : 209.096 us, Write time : 6400.141 us
[ros2_control_node-1] [WARN] [1776117303.479155740] [controller_manager]: Overrun detected! The controller manager missed its desired rate of 1000 Hz. The loop took 6.786230 ms (missed cycles : 7).
[ros2_control_node-1] [ERROR] [1776117303.692507270] [tolerances]: State tolerances failed for joint 3:
[ros2_control_node-1] [ERROR] [1776117303.692538247] [tolerances]: Position Error: 0.100258, Position Tolerance: 0.100000
[ros2_control_node-1] [WARN] [1776117303.692639973] [joint_trajectory_controller]: Aborted due to state tolerance violation
[adl_ui-15] 127.0.0.1 - - [13/Apr/2026 17:55:03] "GET /status_json HTTP/1.1" 200 -
[clear_table-13] [WARN] [1776117303.787907714] [clear_table_node]: _send_direct_joint_trajectory: controller returned error -4 (Aborted due to path tolerance violation); falling back to MoveIt.
[clear_table-13] [WARN] [1776117303.788884919] [clear_table_node]: _go_to_joint_config: direct fixed-joint trajectory did not complete cleanly; retrying the posture through MoveIt.
[move_group-20] [ERROR] [1776117303.789871332] [move_group.moveit.moveit.core.conversions]: Found empty JointState message
[INFO] [launch.user]: [arm_start.launch] move_group reported an empty JointState while sanitizer mode is active. Keeping the launch alive, but this still indicates a planning-state problem. move_group output: [ERROR] [1776117303.789871332] [move_group.moveit.moveit.core.conversions]: Found empty JointState message
[clear_table-13] [INFO] [1776117303.793884533] [clear_table_node]: Start state: collision-valid — no collisions (not a joint-bounds check).
[move_group-20] [INFO] [1776117303.795503102] [move_group.moveit.moveit.ros.move_group.move_action]: MoveGroupMoveAction: Received request
[move_group-20] [INFO] [1776117303.797419354] [move_group.moveit.moveit.ros.move_group.move_action]: executing..
[move_group-20] [INFO] [1776117303.815470992] [move_group.moveit.moveit.ros.move_group.move_action]: Combined planning and execution request received for MoveGroup action. Forwarding to planning and execution pipeline.
[move_group-20] [WARN] [1776117303.815529766] [move_group.moveit.moveit.ros.move_group.capability]: Execution of motions should always start at the robot's current state. Ignoring the state supplied as start state in the motion planning request
[move_group-20] [WARN] [1776117303.815553215] [move_group.moveit.moveit.ros.move_group.capability]: Execution of motions should always start at the robot's current state. Ignoring the state supplied as difference in the planning scene diff
[move_group-20] [INFO] [1776117303.815573879] [move_group.moveit.moveit.ros.plan_execution]: Planning attempt 1 of at most 1
[move_group-20] [INFO] [1776117303.816016925] [move_group]: Calling PlanningRequestAdapter 'ResolveConstraintFrames'
[move_group-20] [INFO] [1776117303.816064419] [move_group]: Calling PlanningRequestAdapter 'ValidateWorkspaceBounds'
[move_group-20] [INFO] [1776117303.816082494] [move_group]: Calling PlanningRequestAdapter 'CheckStartStateBounds'
[move_group-20] [INFO] [1776117303.816116277] [move_group]: Calling PlanningRequestAdapter 'CheckStartStateCollision'
[move_group-20] [INFO] [1776117303.817029216] [move_group.moveit.moveit.planners.ompl.model_based_planning_context]: Planner configuration 'manipulator' will use planner 'geometric::RRTConnect'. Additional configuration parameters will be set when the planner is constructed.
[move_group-20] [INFO] [1776117303.817298967] [move_group]: Calling Planner 'OMPL'
[move_group-20] [INFO] [1776117303.844040060] [move_group]: Calling PlanningResponseAdapter 'AddTimeOptimalParameterization'
[move_group-20] [INFO] [1776117303.848605874] [move_group]: Calling PlanningResponseAdapter 'ValidateSolution'
[move_group-20] [INFO] [1776117303.850314236] [move_group]: Calling PlanningResponseAdapter 'DisplayMotionPath'
[move_group-20] [WARN] [1776117303.850565867] [move_group.moveit.moveit.ros.planning_pipeline]: The planner plugin did not fill out the 'planner_id' field of the MotionPlanResponse. Setting it to the planner ID name of the MotionPlanRequest assuming that the planner plugin does warn you if it does not use the requested planner.
[move_group-20] [INFO] [1776117303.850865664] [move_group.moveit.moveit.plugins.simple_controller_manager]: Returned 2 controllers in list
[move_group-20] [INFO] [1776117303.850901028] [move_group.moveit.moveit.plugins.simple_controller_manager]: Returned 2 controllers in list
[move_group-20] [INFO] [1776117303.851000474] [move_group.moveit.moveit.ros.trajectory_execution_manager]: Validating trajectory with allowed_start_tolerance 0.01
[move_group-20] [INFO] [1776117303.855465997] [move_group.moveit.moveit.ros.trajectory_execution_manager]: Starting trajectory execution ...
[move_group-20] [INFO] [1776117303.855548975] [move_group.moveit.moveit.plugins.simple_controller_manager]: Returned 2 controllers in list
[move_group-20] [INFO] [1776117303.855612867] [move_group.moveit.moveit.plugins.simple_controller_manager]: Returned 2 controllers in list
[move_group-20] [INFO] [1776117303.855917583] [moveit.simple_controller_manager.follow_joint_trajectory_controller_handle]: sending trajectory to joint_trajectory_controller
[ros2_control_node-1] [INFO] [1776117303.856758508] [joint_trajectory_controller]: Received new action goal
[ros2_control_node-1] [INFO] [1776117303.856873041] [joint_trajectory_controller]: Accepted new action goal
[move_group-20] [INFO] [1776117303.859463224] [moveit.simple_controller_manager.follow_joint_trajectory_controller_handle]: joint_trajectory_controller started execution
[move_group-20] [INFO] [1776117303.859503714] [moveit.simple_controller_manager.follow_joint_trajectory_controller_handle]: Goal request accepted!
[joint_state_sanitizer-3] [WARN] [1776117304.049673636] [joint_state_sanitizer_node]: [joint_state_sanitizer] Published sanitized joint state: joint_3:-3.140->-3.132
[ros2_control_node-1] [WARN] [1776117304.479668500] [controller_manager]: Overrun might occur, Total time : 2276.010 us (Expected < 1000.000 us) --> Read time : 50.004 us, Update time : 284.413 us, Write time : 1941.593 us
[ros2_control_node-1] [WARN] [1776117304.479719921] [controller_manager]: Overrun detected! The controller manager missed its desired rate of 1000 Hz. The loop took 2.351723 ms (missed cycles : 3).
[adl_ui-15] 127.0.0.1 - - [13/Apr/2026 17:55:04] "GET /status_json HTTP/1.1" 200 -
[ros2_control_node-1] [ERROR] [1776117304.675538369] [tolerances]: State tolerances failed for joint 3:
[ros2_control_node-1] [ERROR] [1776117304.675576801] [tolerances]: Position Error: 0.100047, Position Tolerance: 0.100000
[ros2_control_node-1] [WARN] [1776117304.675640825] [joint_trajectory_controller]: Aborted due to state tolerance violation
[vision_apriltag-9] [INFO] [1776117304.678106711] [vision_apriltag_node]: Vision AprilTag: scene is locked; detection publishing is paused.
[move_group-20] [WARN] [1776117304.759386673] [moveit.simple_controller_manager.follow_joint_trajectory_controller_handle]: Controller 'joint_trajectory_controller' failed with error PATH_TOLERANCE_VIOLATED: Aborted due to path tolerance violation
[move_group-20] [WARN] [1776117304.759475411] [move_group.moveit.moveit.ros.trajectory_execution_manager]: Controller handle joint_trajectory_controller reports status ABORTED
[move_group-20] [INFO] [1776117304.759516634] [move_group.moveit.moveit.ros.trajectory_execution_manager]: Completed trajectory execution with status ABORTED ...
[move_group-20] [INFO] [1776117304.765781873] [move_group.moveit.moveit.ros.move_group.move_action]: CONTROL_FAILED
[clear_table-13] [ERROR] [1776117304.772529938] [clear_table_node]: MoveGroup execution failed.
[clear_table-13]   error_code.val = -4
[clear_table-13]   group_name      = manipulator
[clear_table-13]   num_attempts    = 10
[clear_table-13]   allowed_time    = 15.0
[clear_table-13]   vel_scale       = 0.1
[clear_table-13]   accel_scale     = 0.08
[clear_table-13] If this persists, check move_group / controller logs for the meaning of this code (often control abort, invalid start state, or planning pipeline failure).
[clear_table-13] [WARN] [1776117304.773332712] [clear_table_node]: _recover_after_failure(): MoveGroup error_code=-4
[adl_ui-15] 127.0.0.1 - - [13/Apr/2026 17:55:05] "GET /status_json HTTP/1.1" 200 -
[ros2_control_node-1] [WARN] [1776117305.480902844] [controller_manager]: Overrun might occur, Total time : 2512.958 us (Expected < 1000.000 us) --> Read time : 34.093 us, Update time : 192.181 us, Write time : 2286.684 us
[ros2_control_node-1] [WARN] [1776117305.480998473] [controller_manager]: Overrun detected! The controller manager missed its desired rate of 1000 Hz. The loop took 2.629470 ms (missed cycles : 3).
[wrist_camera_usb_publisher-8] [INFO] [1776117305.740183987] [wrist_camera_usb_publisher_node]: USB camera publisher heartbeat: publishing 1280x720 frames on /wrist_mounted_camera/image; camera_info fx=920.87, fy=921.57, cx=644.76, cy=343.15.
[clear_table-13] [ERROR] [1776117305.978808135] [clear_table_node]: Initial scene scan move failed. Clear Table will stop before enabling vision.
[clear_table-13] [INFO] [1776117305.979670549] [clear_table_node]: Scene UNLOCKED.
[scene_from_vision-10] [INFO] [1776117305.982419578] [scene_from_vision_node]: Scene UNLOCKED - updates resuming.
[adl_ui-15] 127.0.0.1 - - [13/Apr/2026 17:55:06] "GET /status_json HTTP/1.1" 200 -
[scene_from_vision-10] [INFO] [1776117306.268910407] [scene_from_vision_node]: Scene memory cleared. Removed remembered IDs: []
[ros2_control_node-1] [WARN] [1776117306.482733120] [controller_manager]: Overrun might occur, Total time : 3339.288 us (Expected < 1000.000 us) --> Read time : 51.403 us, Update time : 221.176 us, Write time : 3066.709 us
[ros2_control_node-1] [WARN] [1776117306.482834401] [controller_manager]: Overrun detected! The controller manager missed its desired rate of 1000 Hz. The loop took 3.465097 ms (missed cycles : 4).
[vision_apriltag-9] [INFO] [1776117306.772223233] [vision_apriltag_node]: Vision AprilTag detection debug: no tags found after raw/CLAHE/sharp/adaptive/upscaled/tiled passes.
[vision_apriltag-9] [INFO] [1776117306.783485427] [vision_apriltag_node]: Vision AprilTag: images are arriving on /wrist_mounted_camera/image, but no AprilTags have been detected yet.
[adl_ui-15] 127.0.0.1 - - [13/Apr/2026 17:55:06] "GET /status_json HTTP/1.1" 200 -
[ros2_control_node-1] [WARN] [1776117307.482791701] [controller_manager]: Overrun might occur, Total time : 2400.392 us (Expected < 1000.000 us) --> Read time : 43.059 us, Update time : 247.899 us, Write time : 2109.434 us
[ros2_control_node-1] [WARN] [1776117307.482860473] [controller_manager]: Overrun detected! The controller manager missed its desired rate of 1000 Hz. The loop took 2.491525 ms (missed cycles : 3).
[adl_ui-15] 127.0.0.1 - - [13/Apr/2026 17:55:07] "GET /status_json HTTP/1.1" 200 -
[adl_ui-15] 127.0.0.1 - - [13/Apr/2026 17:55:08] "GET /status_json HTTP/1.1" 200 -
[ros2_control_node-1] [WARN] [1776117308.485717531] [controller_manager]: Overrun might occur, Total time : 2313.560 us (Expected < 1000.000 us) --> Read time : 56.449 us, Update time : 258.059 us, Write time : 1999.052 us
[ros2_control_node-1] [WARN] [1776117308.485799969] [controller_manager]: Overrun detected! The controller manager missed its desired rate of 1000 Hz. The loop took 2.430756 ms (missed cycles : 3).
[vision_apriltag-9] [INFO] [1776117308.679212358] [vision_apriltag_node]: Vision AprilTag: images are arriving on /wrist_mounted_camera/image, but no AprilTags have been detected yet.
[adl_ui-15] 127.0.0.1 - - [13/Apr/2026 17:55:09] "GET /status_json HTTP/1.1" 200 -
[joint_state_sanitizer-3] [WARN] [1776117309.059099697] [joint_state_sanitizer_node]: [joint_state_sanitizer] Published sanitized joint state: joint_3:-3.140->-3.132
[ros2_control_node-1] [WARN] [1776117309.489860624] [controller_manager]: Overrun might occur, Total time : 3457.091 us (Expected < 1000.000 us) --> Read time : 45.719 us, Update time : 262.186 us, Write time : 3149.186 us
[ros2_control_node-1] [WARN] [1776117309.490013455] [controller_manager]: Overrun detected! The controller manager missed its desired rate of 1000 Hz. The loop took 3.635455 ms (missed cycles : 4).
[adl_ui-15] 127.0.0.1 - - [13/Apr/2026 17:55:09] "GET /status_json HTTP/1.1" 200 -
[ros2_control_node-1] [WARN] [1776117310.491711692] [controller_manager]: Overrun might occur, Total time : 2323.317 us (Expected < 1000.000 us) --> Read time : 35.576 us, Update time : 221.207 us, Write time : 2066.534 us
[ros2_control_node-1] [WARN] [1776117310.491791020] [controller_manager]: Overrun detected! The controller manager missed its desired rate of 1000 Hz. The loop took 2.422119 ms (missed cycles : 3).
[adl_ui-15] 127.0.0.1 - - [13/Apr/2026 17:55:10] "GET /status_json HTTP/1.1" 200 -
[vision_apriltag-9] [INFO] [1776117310.679973859] [vision_apriltag_node]: Vision AprilTag: images are arriving on /wrist_mounted_camera/image, but no AprilTags have been detected yet.
[wrist_camera_usb_publisher-8] [INFO] [1776117310.769699200] [wrist_camera_usb_publisher_node]: USB camera publisher heartbeat: publishing 1280x720 frames on /wrist_mounted_camera/image; camera_info fx=920.87, fy=921.57, cx=644.76, cy=343.15.
[adl_controller-11] [WARN] [1776117311.280427734] [adl_controller_node]: Scene clear timed out after clear_table terminal transition.
[adl_ui-15] 127.0.0.1 - - [13/Apr/2026 17:55:11] "GET /status_json HTTP/1.1" 200 -
[ros2_control_node-1] [WARN] [1776117311.491829219] [controller_manager]: Overrun might occur, Total time : 2437.776 us (Expected < 1000.000 us) --> Read time : 35.062 us, Update time : 275.291 us, Write time : 2127.423 us
[ros2_control_node-1] [WARN] [1776117311.491907880] [controller_manager]: Overrun detected! The controller manager missed its desired rate of 1000 Hz. The loop took 2.538142 ms (missed cycles : 3).
[vision_apriltag-9] [INFO] [1776117312.064902050] [vision_apriltag_node]: Vision AprilTag detection debug: no tags found after raw/CLAHE/sharp/adaptive/upscaled/tiled passes.
[adl_ui-15] 127.0.0.1 - - [13/Apr/2026 17:55:12] "GET /status_json HTTP/1.1" 200 -
[ros2_control_node-1] [WARN] [1776117312.493960880] [controller_manager]: Overrun might occur, Total time : 3563.884 us (Expected < 1000.000 us) --> Read time : 46.879 us, Update time : 250.872 us, Write time : 3266.133 us
[ros2_control_node-1] [WARN] [1776117312.494048953] [controller_manager]: Overrun detected! The controller manager missed its desired rate of 1000 Hz. The loop took 3.679913 ms (missed cycles : 4).
[adl_ui-15] 127.0.0.1 - - [13/Apr/2026 17:55:12] "GET /status_json HTTP/1.1" 200 -
[vision_apriltag-9] [INFO] [1776117313.244773703] [vision_apriltag_node]: Vision AprilTag: images are arriving on /wrist_mounted_camera/image, but no AprilTags have been detected yet.
[ros2_control_node-1] [WARN] [1776117313.497588106] [controller_manager]: Overrun might occur, Total time : 3173.605 us (Expected < 1000.000 us) --> Read time : 69.715 us, Update time : 274.553 us, Write time : 2829.337 us
[ros2_control_node-1] [WARN] [1776117313.497676423] [controller_manager]: Overrun detected! The controller manager missed its desired rate of 1000 Hz. The loop took 3.307352 ms (missed cycles : 4).
[adl_ui-15] 127.0.0.1 - - [13/Apr/2026 17:55:13] "GET /status_json HTTP/1.1" 200 -
[joint_state_sanitizer-3] [WARN] [1776117314.056623592] [joint_state_sanitizer_node]: [joint_state_sanitizer] Published sanitized joint state: joint_3:-3.140->-3.132
[adl_ui-15] 127.0.0.1 - - [13/Apr/2026 17:55:14] "GET /status_json HTTP/1.1" 200 -
[ros2_control_node-1] [WARN] [1776117314.501348089] [controller_manager]: Overrun might occur, Total time : 5945.886 us (Expected < 1000.000 us) --> Read time : 62.473 us, Update time : 312.964 us, Write time : 5570.449 us
[ros2_control_node-1] [WARN] [1776117314.501418731] [controller_manager]: Overrun detected! The controller manager missed its desired rate of 1000 Hz. The loop took 6.049895 ms (missed cycles : 7).
[vision_apriltag-9] [INFO] [1776117315.082789094] [vision_apriltag_node]: Vision AprilTag: images are arriving on /wrist_mounted_camera/image, but no AprilTags have been detected yet.
[adl_ui-15] 127.0.0.1 - - [13/Apr/2026 17:55:15] "GET /status_json HTTP/1.1" 200 -
[ros2_control_node-1] [WARN] [1776117315.504559736] [controller_manager]: Overrun might occur, Total time : 3137.702 us (Expected < 1000.000 us) --> Read time : 81.748 us, Update time : 393.612 us, Write time : 2662.342 us
[ros2_control_node-1] [WARN] [1776117315.504751674] [controller_manager]: Overrun detected! The controller manager missed its desired rate of 1000 Hz. The loop took 3.379708 ms (missed cycles : 4).
[adl_ui-15] 127.0.0.1 - - [13/Apr/2026 17:55:15] "GET /status_json HTTP/1.1" 200 -
[wrist_camera_usb_publisher-8] [INFO] [1776117315.896916071] [wrist_camera_usb_publisher_node]: USB camera publisher heartbeat: publishing 1280x720 frames on /wrist_mounted_camera/image; camera_info fx=920.87, fy=921.57, cx=644.76, cy=343.15.
[ros2_control_node-1] [WARN] [1776117316.506679074] [controller_manager]: Overrun might occur, Total time : 5271.511 us (Expected < 1000.000 us) --> Read time : 40.969 us, Update time : 245.669 us, Write time : 4984.873 us
[ros2_control_node-1] [WARN] [1776117316.506885985] [controller_manager]: Overrun detected! The controller manager missed its desired rate of 1000 Hz. The loop took 5.515480 ms (missed cycles : 6).
[adl_ui-15] 127.0.0.1 - - [13/Apr/2026 17:55:16] "GET /status_json HTTP/1.1" 200 -
[vision_apriltag-9] [INFO] [1776117317.097031095] [vision_apriltag_node]: Vision AprilTag detection debug: no tags found after raw/CLAHE/sharp/adaptive/upscaled/tiled passes.
[vision_apriltag-9] [INFO] [1776117317.098912671] [vision_apriltag_node]: Vision AprilTag: images are arriving on /wrist_mounted_camera/image, but no AprilTags have been detected yet.
[adl_ui-15] 127.0.0.1 - - [13/Apr/2026 17:55:17] "GET /status_json HTTP/1.1" 200 -
[ros2_control_node-1] [WARN] [1776117317.508095296] [controller_manager]: Overrun might occur, Total time : 2702.885 us (Expected < 1000.000 us) --> Read time : 43.949 us, Update time : 246.185 us, Write time : 2412.751 us
[ros2_control_node-1] [WARN] [1776117317.508167738] [controller_manager]: Overrun detected! The controller manager missed its desired rate of 1000 Hz. The loop took 2.798748 ms (missed cycles : 3).
[adl_ui-15] 127.0.0.1 - - [13/Apr/2026 17:55:18] "GET /status_json HTTP/1.1" 200 -
[ros2_control_node-1] [WARN] [1776117318.510990215] [controller_manager]: Overrun might occur, Total time : 2600.366 us (Expected < 1000.000 us) --> Read time : 40.429 us, Update time : 241.464 us, Write time : 2318.473 us
[ros2_control_node-1] [WARN] [1776117318.511061505] [controller_manager]: Overrun detected! The controller manager missed its desired rate of 1000 Hz. The loop took 2.692923 ms (missed cycles : 3).
[vision_apriltag-9] [INFO] [1776117318.683218464] [vision_apriltag_node]: Vision AprilTag: images are arriving on /wrist_mounted_camera/image, but no AprilTags have been detected yet.
[adl_ui-15] 127.0.0.1 - - [13/Apr/2026 17:55:18] "GET /status_json HTTP/1.1" 200 -
[joint_state_sanitizer-3] [WARN] [1776117319.061419422] [joint_state_sanitizer_node]: [joint_state_sanitizer] Published sanitized joint state: joint_3:-3.140->-3.132
[ros2_control_node-1] [WARN] [1776117319.513153390] [controller_manager]: Overrun might occur, Total time : 2746.017 us (Expected < 1000.000 us) --> Read time : 65.624 us, Update time : 293.202 us, Write time : 2387.191 us
[ros2_control_node-1] [WARN] [1776117319.513291373] [controller_manager]: Overrun detected! The controller manager missed its desired rate of 1000 Hz. The loop took 2.921829 ms (missed cycles : 3).
[adl_ui-15] 127.0.0.1 - - [13/Apr/2026 17:55:19] "GET /status_json HTTP/1.1" 200 -
[adl_ui-15] 127.0.0.1 - - [13/Apr/2026 17:55:20] "GET /status_json HTTP/1.1" 200 -
[ros2_control_node-1] [WARN] [1776117320.515675934] [controller_manager]: Overrun might occur, Total time : 2291.421 us (Expected < 1000.000 us) --> Read time : 27.625 us, Update time : 182.816 us, Write time : 2080.980 us
[ros2_control_node-1] [WARN] [1776117320.515735859] [controller_manager]: Overrun detected! The controller manager missed its desired rate of 1000 Hz. The loop took 2.367094 ms (missed cycles : 3).
[vision_apriltag-9] [INFO] [1776117320.678223242] [vision_apriltag_node]: Vision AprilTag: images are arriving on /wrist_mounted_camera/image, but no AprilTags have been detected yet.
[wrist_camera_usb_publisher-8] [INFO] [1776117321.061929918] [wrist_camera_usb_publisher_node]: USB camera publisher heartbeat: publishing 1280x720 frames on /wrist_mounted_camera/image; camera_info fx=920.87, fy=921.57, cx=644.76, cy=343.15.
[adl_ui-15] 127.0.0.1 - - [13/Apr/2026 17:55:21] "GET /status_json HTTP/1.1" 200 -
[ros2_control_node-1] [WARN] [1776117321.516704126] [controller_manager]: Overrun might occur, Total time : 2314.396 us (Expected < 1000.000 us) --> Read time : 47.556 us, Update time : 218.115 us, Write time : 2048.725 us
[ros2_control_node-1] [WARN] [1776117321.516777593] [controller_manager]: Overrun detected! The controller manager missed its desired rate of 1000 Hz. The loop took 2.408570 ms (missed cycles : 3).
[adl_ui-15] 127.0.0.1 - - [13/Apr/2026 17:55:21] "GET /status_json HTTP/1.1" 200 -
[ros2_control_node-1] [WARN] [1776117322.517779552] [controller_manager]: Overrun might occur, Total time : 3346.041 us (Expected < 1000.000 us) --> Read time : 88.329 us, Update time : 489.540 us, Write time : 2768.172 us
[ros2_control_node-1] [WARN] [1776117322.517868578] [controller_manager]: Overrun detected! The controller manager missed its desired rate of 1000 Hz. The loop took 3.499155 ms (missed cycles : 4).
[adl_ui-15] 127.0.0.1 - - [13/Apr/2026 17:55:22] "GET /status_json HTTP/1.1" 200 -
[vision_apriltag-9] [INFO] [1776117322.756924017] [vision_apriltag_node]: Vision AprilTag detection debug: no tags found after raw/CLAHE/sharp/adaptive/upscaled/tiled passes.
[vision_apriltag-9] [INFO] [1776117322.761536327] [vision_apriltag_node]: Vision AprilTag: images are arriving on /wrist_mounted_camera/image, but no AprilTags have been detected yet.
[adl_ui-15] 127.0.0.1 - - [13/Apr/2026 17:55:23] "GET /status_json HTTP/1.1" 200 -
[ros2_control_node-1] [WARN] [1776117323.517946772] [controller_manager]: Overrun might occur, Total time : 2545.520 us (Expected < 1000.000 us) --> Read time : 61.561 us, Update time : 315.889 us, Write time : 2168.070 us
[ros2_control_node-1] [WARN] [1776117323.518054423] [controller_manager]: Overrun detected! The controller manager missed its desired rate of 1000 Hz. The loop took 2.685275 ms (missed cycles : 3).
[joint_state_sanitizer-3] [WARN] [1776117324.061517696] [joint_state_sanitizer_node]: [joint_state_sanitizer] Published sanitized joint state: joint_3:-3.140->-3.132
[adl_ui-15] 127.0.0.1 - - [13/Apr/2026 17:55:24] "GET /status_json HTTP/1.1" 200 -
[ros2_control_node-1] [WARN] [1776117324.520035088] [controller_manager]: Overrun might occur, Total time : 2640.874 us (Expected < 1000.000 us) --> Read time : 41.614 us, Update time : 251.318 us, Write time : 2347.942 us
[ros2_control_node-1] [WARN] [1776117324.520108662] [controller_manager]: Overrun detected! The controller manager missed its desired rate of 1000 Hz. The loop took 2.739452 ms (missed cycles : 3).
[vision_apriltag-9] [INFO] [1776117324.684455124] [vision_apriltag_node]: Vision AprilTag: images are arriving on /wrist_mounted_camera/image, but no AprilTags have been detected yet.
[adl_ui-15] 127.0.0.1 - - [13/Apr/2026 17:55:24] "GET /status_json HTTP/1.1" 200 -
[ros2_control_node-1] [WARN] [1776117325.522174601] [controller_manager]: Overrun might occur, Total time : 2783.750 us (Expected < 1000.000 us) --> Read time : 35.036 us, Update time : 244.020 us, Write time : 2504.694 us
[ros2_control_node-1] [WARN] [1776117325.522270156] [controller_manager]: Overrun detected! The controller manager missed its desired rate of 1000 Hz. The loop took 2.900827 ms (missed cycles : 3).
[adl_ui-15] 127.0.0.1 - - [13/Apr/2026 17:55:25] "GET /status_json HTTP/1.1" 200 -
[wrist_camera_usb_publisher-8] [INFO] [1776117326.219328645] [wrist_camera_usb_publisher_node]: USB camera publisher heartbeat: publishing 1280x720 frames on /wrist_mounted_camera/image; camera_info fx=920.87, fy=921.57, cx=644.76, cy=343.15.
[adl_ui-15] 127.0.0.1 - - [13/Apr/2026 17:55:26] "GET /status_json HTTP/1.1" 200 -
[ros2_control_node-1] [WARN] [1776117326.525212359] [controller_manager]: Overrun might occur, Total time : 2810.914 us (Expected < 1000.000 us) --> Read time : 59.060 us, Update time : 337.619 us, Write time : 2414.235 us
[ros2_control_node-1] [WARN] [1776117326.525294497] [controller_manager]: Overrun detected! The controller manager missed its desired rate of 1000 Hz. The loop took 2.925781 ms (missed cycles : 3).
[vision_apriltag-9] [INFO] [1776117326.939181778] [vision_apriltag_node]: Vision AprilTag: images are arriving on /wrist_mounted_camera/image, but no AprilTags have been detected yet.
[adl_ui-15] 127.0.0.1 - - [13/Apr/2026 17:55:27] "GET /status_json HTTP/1.1" 200 -
[ros2_control_node-1] [WARN] [1776117327.528173585] [controller_manager]: Overrun might occur, Total time : 2781.508 us (Expected < 1000.000 us) --> Read time : 44.090 us, Update time : 273.341 us, Write time : 2464.077 us
[ros2_control_node-1] [WARN] [1776117327.528244777] [controller_manager]: Overrun detected! The controller manager missed its desired rate of 1000 Hz. The loop took 2.876142 ms (missed cycles : 3).
[vision_apriltag-9] [INFO] [1776117327.795506630] [vision_apriltag_node]: Vision AprilTag detection debug: no tags found after raw/CLAHE/sharp/adaptive/upscaled/tiled passes.
[adl_ui-15] 127.0.0.1 - - [13/Apr/2026 17:55:27] "GET /status_json HTTP/1.1" 200 -
[ros2_control_node-1] [WARN] [1776117328.536085375] [controller_manager]: Overrun might occur, Total time : 8661.401 us (Expected < 1000.000 us) --> Read time : 100.907 us, Update time : 394.453 us, Write time : 8166.041 us
[ros2_control_node-1] [WARN] [1776117328.536201238] [controller_manager]: Overrun detected! The controller manager missed its desired rate of 1000 Hz. The loop took 8.832045 ms (missed cycles : 9).
[adl_ui-15] 127.0.0.1 - - [13/Apr/2026 17:55:28] "GET /status_json HTTP/1.1" 200 -
[joint_state_sanitizer-3] [WARN] [1776117329.066782769] [joint_state_sanitizer_node]: [joint_state_sanitizer] Published sanitized joint state: joint_3:-3.140->-3.132
[vision_apriltag-9] [INFO] [1776117329.115533490] [vision_apriltag_node]: Vision AprilTag: images are arriving on /wrist_mounted_camera/image, but no AprilTags have been detected yet.
[adl_ui-15] 127.0.0.1 - - [13/Apr/2026 17:55:29] "GET /status_json HTTP/1.1" 200 -
[ros2_control_node-1] [WARN] [1776117329.539095548] [controller_manager]: Overrun might occur, Total time : 3673.800 us (Expected < 1000.000 us) --> Read time : 116.137 us, Update time : 521.342 us, Write time : 3036.321 us
[ros2_control_node-1] [WARN] [1776117329.539170818] [controller_manager]: Overrun detected! The controller manager missed its desired rate of 1000 Hz. The loop took 3.801540 ms (missed cycles : 4).
[adl_ui-15] 127.0.0.1 - - [13/Apr/2026 17:55:30] "GET /status_json HTTP/1.1" 200 -
[ros2_control_node-1] [WARN] [1776117330.542547089] [controller_manager]: Overrun might occur, Total time : 3142.964 us (Expected < 1000.000 us) --> Read time : 32.010 us, Update time : 181.271 us, Write time : 2929.683 us
[ros2_control_node-1] [WARN] [1776117330.542747865] [controller_manager]: Overrun detected! The controller manager missed its desired rate of 1000 Hz. The loop took 3.377083 ms (missed cycles : 4).
[vision_apriltag-9] [INFO] [1776117330.678739473] [vision_apriltag_node]: Vision AprilTag: images are arriving on /wrist_mounted_camera/image, but no AprilTags have been detected yet.
[adl_ui-15] 127.0.0.1 - - [13/Apr/2026 17:55:30] "GET /status_json HTTP/1.1" 200 -
[wrist_camera_usb_publisher-8] [INFO] [1776117331.381442999] [wrist_camera_usb_publisher_node]: USB camera publisher heartbeat: publishing 1280x720 frames on /wrist_mounted_camera/image; camera_info fx=920.87, fy=921.57, cx=644.76, cy=343.15.
[ros2_control_node-1] [WARN] [1776117331.543792500] [controller_manager]: Overrun might occur, Total time : 2370.551 us (Expected < 1000.000 us) --> Read time : 62.783 us, Update time : 301.856 us, Write time : 2005.912 us
[ros2_control_node-1] [WARN] [1776117331.543887115] [controller_manager]: Overrun detected! The controller manager missed its desired rate of 1000 Hz. The loop took 2.517892 ms (missed cycles : 3).
[adl_ui-15] 127.0.0.1 - - [13/Apr/2026 17:55:31] "GET /status_json HTTP/1.1" 200 -
[adl_ui-15] 127.0.0.1 - - [13/Apr/2026 17:55:32] "GET /status_json HTTP/1.1" 200 -
[ros2_control_node-1] [WARN] [1776117332.545735494] [controller_manager]: Overrun might occur, Total time : 2338.489 us (Expected < 1000.000 us) --> Read time : 51.394 us, Update time : 269.146 us, Write time : 2017.949 us
[ros2_control_node-1] [WARN] [1776117332.545803663] [controller_manager]: Overrun detected! The controller manager missed its desired rate of 1000 Hz. The loop took 2.434698 ms (missed cycles : 3).
[vision_apriltag-9] [INFO] [1776117332.679686842] [vision_apriltag_node]: Vision AprilTag: images are arriving on /wrist_mounted_camera/image, but no AprilTags have been detected yet.
[vision_apriltag-9] [INFO] [1776117332.887520554] [vision_apriltag_node]: Vision AprilTag detection debug: no tags found after raw/CLAHE/sharp/adaptive/upscaled/tiled passes.
