
===== 2026-04-08T12:45:17-04:00 | T6_scene_memory_ids =====
cwd=/home/carrt-cse-project/workspace/ros2_kortex_ws
cmd=ros2 topic echo /scene_memory_ids --once 

layout:
  dim: []
  data_offset: 0
data:
- 3
---

===== 2026-04-08T12:46:26-04:00 | T6_scene_memory_ids =====
cwd=/home/carrt-cse-project/workspace/ros2_kortex_ws
cmd=ros2 topic echo /scene_memory_ids --once 

layout:
  dim: []
  data_offset: 0
data:
- 3
---

===== 2026-04-08T12:46:50-04:00 | T6_scene_memory_ids =====
cwd=/home/carrt-cse-project/workspace/ros2_kortex_ws
cmd=ros2 topic echo /scene_memory_ids --once 

layout:
  dim: []
  data_offset: 0
data:
- 3
---
