
===== 2026-04-14T17:39:15-04:00 | T1_full =====
cwd=/home/carrt-cse-project/workspace/ros2_kortex_ws
cmd=ros2 launch adl_tasks adl_start.launch.py arm_use_fake_hardware:=false use_stub:=false 

[INFO] [launch]: All log files can be found below /home/carrt-cse-project/.ros/log/2026-04-14-17-39-15-914104-carrt-cse-project-OptiPlex-5050-16696
[INFO] [launch]: Default logging verbosity is set to INFO
[INFO] [launch.user]: [arm_start.launch] MoveIt current state source: /joint_states_sanitized. Use use_joint_state_sanitizer:=false for raw-state viewer debugging.
[INFO] [launch.user]: [arm_start.launch] Using ADL controller config (share/adl_tasks/config/ros2_controllers_vbox.yaml, update_rate:=1000 Hz).
[INFO] [ros2_control_node-1]: process started with pid [16701]
[INFO] [robot_state_publisher-2]: process started with pid [16702]
[INFO] [joint_state_sanitizer-3]: process started with pid [16703]
[INFO] [spawner-4]: process started with pid [16704]
[INFO] [static_transform_publisher-5]: process started with pid [16705]
[INFO] [static_transform_publisher-6]: process started with pid [16706]
[INFO] [scene_static-7]: process started with pid [16707]
[INFO] [wrist_camera_usb_publisher-8]: process started with pid [16708]
[INFO] [vision_apriltag-9]: process started with pid [16709]
[INFO] [scene_from_vision-10]: process started with pid [16710]
[INFO] [adl_controller-11]: process started with pid [16711]
[INFO] [pick_dropped_bottle-12]: process started with pid [16712]
[INFO] [clear_table-13]: process started with pid [16713]
[INFO] [give_medication-14]: process started with pid [16714]
[INFO] [adl_ui-15]: process started with pid [16715]
[robot_state_publisher-2] [INFO] [1776202756.797627611] [robot_state_publisher]: Robot initialized
[static_transform_publisher-5] [INFO] [1776202757.249003770] [static_transform_publisher]: Spinning until stopped - publishing transform
[static_transform_publisher-5] translation: ('0.000000', '0.000000', '0.000000')
[static_transform_publisher-5] rotation: ('0.000000', '0.000000', '0.000000', '1.000000')
[static_transform_publisher-5] from 'world' to 'base_link'
[ros2_control_node-1] [INFO] [1776202757.370529326] [controller_manager]: Using Steady (Monotonic) clock for triggering controller manager cycles.
[ros2_control_node-1] [INFO] [1776202757.454495118] [controller_manager]: Subscribing to '/robot_description' topic for robot description.
[ros2_control_node-1] [INFO] [1776202757.502649280] [controller_manager]: update rate is 1000 Hz
[ros2_control_node-1] [INFO] [1776202757.502689634] [controller_manager]: Overruns handling is : enabled
[ros2_control_node-1] [INFO] [1776202757.502700251] [controller_manager]: Spawning controller_manager RT thread with scheduler priority: 50
[ros2_control_node-1] [INFO] [1776202757.502861053] [controller_manager]: Successful set up FIFO RT scheduling policy with priority 50.
[ros2_control_node-1] [INFO] [1776202757.503372990] [controller_manager]: Received robot description from topic.
[ros2_control_node-1] [INFO] [1776202757.503417092] [controller_manager]: Enforcing command limits is disabled. Command limits from URDF will be ignored.
[ros2_control_node-1] [INFO] [1776202757.592856537] [controller_manager]: Loading hardware 'KortexMultiInterfaceHardware' 
[static_transform_publisher-6] [INFO] [1776202757.741147656] [camera_color_optical_bridge_tf_pub]: Spinning until stopped - publishing transform
[static_transform_publisher-6] translation: ('0.000000', '0.000000', '0.000000')
[static_transform_publisher-6] rotation: ('0.000000', '0.000000', '0.000000', '1.000000')
[static_transform_publisher-6] from 'camera_color_frame' to 'wrist_mounted_camera_color_optical_frame'
[ros2_control_node-1] [INFO] [1776202757.764392103] [KortexMultiInterfaceHardware]: Setting severity threshold to DEBUG
[ros2_control_node-1] [INFO] [1776202757.764462995] [controller_manager]: Loaded hardware 'KortexMultiInterfaceHardware' from plugin 'kortex_driver/KortexMultiInterfaceHardware'
[ros2_control_node-1] [INFO] [1776202757.765027900] [controller_manager]: Initialize hardware 'KortexMultiInterfaceHardware' 
[ros2_control_node-1] [INFO] [1776202758.122039578] [KortexMultiInterfaceHardware]: Configuring Hardware Interface
[ros2_control_node-1] [INFO] [1776202758.131425828] [KortexMultiInterfaceHardware]: Robot ip is '192.168.0.10'
[ros2_control_node-1] [INFO] [1776202758.131461403] [KortexMultiInterfaceHardware]: Username is 'admin'
[ros2_control_node-1] [INFO] [1776202758.131484483] [KortexMultiInterfaceHardware]: Port used '10000'
[ros2_control_node-1] [INFO] [1776202758.131490719] [KortexMultiInterfaceHardware]: Realtime port used '10001'
[ros2_control_node-1] [INFO] [1776202758.131496480] [KortexMultiInterfaceHardware]: Session inactivity timeout is '60000'
[ros2_control_node-1] [INFO] [1776202758.131502543] [KortexMultiInterfaceHardware]: Connection inactivity timeout is '2000'
[ros2_control_node-1] [INFO] [1776202758.131510527] [KortexMultiInterfaceHardware]: Gripper joint name is 'robotiq_85_left_knuckle_joint'
[ros2_control_node-1] [INFO] [1776202758.131556985] [KortexMultiInterfaceHardware]: Connecting to robot at 192.168.0.10
[ros2_control_node-1] [INFO] [1776202758.135041951] [KortexMultiInterfaceHardware]: Creating session for communication
[ros2_control_node-1] [INFO] [1776202758.458874208] [KortexMultiInterfaceHardware]: Session created
[spawner-4] [WARN] [1776202758.765355347] [spawner_joint_state_broadcaster]: Controller already loaded, skipping load_controller
[vision_apriltag-9] [INFO] [1776202758.780696948] [vision_apriltag_node]: Vision AprilTag Node Started
[vision_apriltag-9] [INFO] [1776202758.785296110] [vision_apriltag_node]: Subscribing to camera topic: /wrist_mounted_camera/image
[vision_apriltag-9] [INFO] [1776202758.787253691] [vision_apriltag_node]: Subscribing to camera info topic: /wrist_mounted_camera/camera_info
[vision_apriltag-9] [INFO] [1776202758.789816903] [vision_apriltag_node]: Camera frame: wrist_mounted_camera_color_optical_frame | use_image_header_frame=True
[vision_apriltag-9] [INFO] [1776202758.792392211] [vision_apriltag_node]: Tag size: 0.025m | pose_cache_retention_s=20.0 | get_pose_wait_timeout_s=5.0 | max_returned_pose_age_s=20.0 | camera_params=[554.25, 554.25, 320.0, 240.0] | families=tag36h11 | quad_decimate=1.0 | requested_backend=opencv | backend=cv2.aruco | opencv_pose_solver=ippe_square | use_image_timestamp_for_tf=False
[vision_apriltag-9] [INFO] [1776202758.795532987] [vision_apriltag_node]: Top-tag known-plane projection: enabled=True, planes={3: 0.10995, 4: 0.15155}
[vision_apriltag-9] [INFO] [1776202758.798333303] [vision_apriltag_node]: pupil_apriltags tuning: nthreads=1, quad_sigma=0.0, refine_edges=1, decode_sharpening=0.25, debug=0, preprocess_variants=['raw', 'clahe', 'adaptive', 'clahe_sharp', 'clahe_up2', 'sharp_up2'], tile_search_if_empty=True, tile_search_grid=3x2, tile_search_scale=2.0, tile_search_overlap=0.25
[vision_apriltag-9] [WARN] [1776202758.802091967] [vision_apriltag_node]: pupil_apriltags is not importable by this node, so detection is using OpenCV fallback only. python=/usr/bin/python3, import_error=No module named 'pupil_apriltags'. If .venv contains pupil_apriltags, rebuild adl_tasks with that venv active or run the module with the venv Python.
[vision_apriltag-9] [INFO] [1776202758.804852169] [vision_apriltag_node]: Publishing AprilTag debug images on /vision_apriltag/debug_image at up to 1.0 Hz.
[spawner-4] [ERROR] [1776202759.067869310] [spawner_joint_state_broadcaster]: Failed to configure controller
[ros2_control_node-1] [INFO] [1776202759.215349141] [KortexMultiInterfaceHardware]: Actuator count reported by robot is '7'
[ros2_control_node-1] [INFO] [1776202759.215555729] [KortexMultiInterfaceHardware]: Using internal bus communication for gripper!
[ros2_control_node-1] [INFO] [1776202759.215566565] [KortexMultiInterfaceHardware]: Hardware Interface successfully configured
[ros2_control_node-1] [INFO] [1776202759.215662703] [controller_manager]: Successful initialization of hardware 'KortexMultiInterfaceHardware'
[ros2_control_node-1] [DEBUG] [1776202759.215737923] [KortexMultiInterfaceHardware]: export_state_interfaces for joint: joint_1
[ros2_control_node-1] [DEBUG] [1776202759.215765884] [KortexMultiInterfaceHardware]: export_state_interfaces for joint: joint_2
[ros2_control_node-1] [DEBUG] [1776202759.215772800] [KortexMultiInterfaceHardware]: export_state_interfaces for joint: joint_3
[ros2_control_node-1] [DEBUG] [1776202759.215778210] [KortexMultiInterfaceHardware]: export_state_interfaces for joint: joint_4
[ros2_control_node-1] [DEBUG] [1776202759.215782232] [KortexMultiInterfaceHardware]: export_state_interfaces for joint: joint_5
[ros2_control_node-1] [DEBUG] [1776202759.215786464] [KortexMultiInterfaceHardware]: export_state_interfaces for joint: joint_6
[ros2_control_node-1] [DEBUG] [1776202759.215790193] [KortexMultiInterfaceHardware]: export_state_interfaces for joint: joint_7
[ros2_control_node-1] [DEBUG] [1776202759.215794749] [KortexMultiInterfaceHardware]: export_state_interfaces for joint: robotiq_85_left_knuckle_joint
[ros2_control_node-1] [INFO] [1776202759.217857132] [resource_manager]: 'configure' hardware 'KortexMultiInterfaceHardware' 
[ros2_control_node-1] [INFO] [1776202759.217906922] [resource_manager]: Successful 'configure' of hardware 'KortexMultiInterfaceHardware'
[ros2_control_node-1] [INFO] [1776202759.217983192] [resource_manager]: 'activate' hardware 'KortexMultiInterfaceHardware' 
[ros2_control_node-1] [INFO] [1776202759.218014538] [KortexMultiInterfaceHardware]: Activating KortexMultiInterfaceHardware...
[ros2_control_node-1] [INFO] [1776202759.222855974] [KortexMultiInterfaceHardware]: Gripper initial position is '0.873365'.
[ros2_control_node-1] [INFO] [1776202759.231937511] [KortexMultiInterfaceHardware]: KortexMultiInterfaceHardware successfully activated!
[ros2_control_node-1] [INFO] [1776202759.231985927] [resource_manager]: Successful 'activate' of hardware 'KortexMultiInterfaceHardware'
[ros2_control_node-1] [INFO] [1776202759.232268413] [controller_manager]: Registering statistics for : KortexMultiInterfaceHardware
[ros2_control_node-1] [INFO] [1776202759.232457850] [controller_manager]: Resource Manager has been successfully initialized. Starting Controller Manager services...
[ros2_control_node-1] [WARN] [1776202759.266725915] [controller_manager]: Overrun might occur, Total time : 33741.023 us (Expected < 1000.000 us) --> Read time : 16475.815 us, Update time : 30.763 us, Write time : 17234.445 us
[ros2_control_node-1] [WARN] [1776202759.266819815] [controller_manager]: Overrun detected! The controller manager missed its desired rate of 1000 Hz. The loop took 33.871650 ms (missed cycles : 34).
[ros2_control_node-1] [INFO] [1776202759.384702726] [controller_manager]: Received robot description from topic.
[ros2_control_node-1] [WARN] [1776202759.384754479] [controller_manager]: ResourceManager has already loaded a urdf. Ignoring attempt to reload a robot description.
