
===== 2026-04-06T15:15:44-04:00 | T1_arm_moveit_rviz =====
cwd=/home/carrt-cse-project/workspace/ros2_kortex_ws
cmd=ros2 launch adl_tasks arm_vbox.launch.py robot_ip:=192.168.0.10 use_fake_hardware:=false vision:=true 

[INFO] [launch]: All log files can be found below /home/carrt-cse-project/.ros/log/2026-04-06-15-15-44-602119-carrt-cse-project-OptiPlex-5050-44056
[INFO] [launch]: Default logging verbosity is set to INFO
[INFO] [launch.user]: [arm_vbox.launch] MoveIt current state source: /joint_states_sanitized. Use use_joint_state_sanitizer:=false for raw-state viewer debugging.
[INFO] [launch.user]: [arm_vbox.launch] Using ADL VBox controller config (share/adl_tasks/config/ros2_controllers_vbox.yaml, update_rate:=125 Hz).
[INFO] [ros2_control_node-1]: process started with pid [44060]
[INFO] [robot_state_publisher-2]: process started with pid [44061]
[INFO] [joint_state_sanitizer-3]: process started with pid [44062]
[INFO] [spawner-4]: process started with pid [44063]
[INFO] [static_transform_publisher-5]: process started with pid [44064]
[INFO] [static_transform_publisher-6]: process started with pid [44065]
[static_transform_publisher-5] [INFO] [1775502944.890209120] [static_transform_publisher]: Spinning until stopped - publishing transform
[static_transform_publisher-5] translation: ('0.000000', '0.000000', '0.000000')
[static_transform_publisher-5] rotation: ('0.000000', '0.000000', '0.000000', '1.000000')
[static_transform_publisher-5] from 'world' to 'base_link'
[robot_state_publisher-2] [INFO] [1775502944.900840454] [robot_state_publisher]: Robot initialized
[static_transform_publisher-6] [INFO] [1775502944.902667798] [camera_color_optical_bridge_tf_pub]: Spinning until stopped - publishing transform
[static_transform_publisher-6] translation: ('0.000000', '0.000000', '0.000000')
[static_transform_publisher-6] rotation: ('0.000000', '0.000000', '0.000000', '1.000000')
[static_transform_publisher-6] from 'camera_color_frame' to 'wrist_mounted_camera_color_optical_frame'
[ros2_control_node-1] [INFO] [1775502944.939877469] [controller_manager]: Using Steady (Monotonic) clock for triggering controller manager cycles.
[ros2_control_node-1] [INFO] [1775502944.953601800] [controller_manager]: Subscribing to '/robot_description' topic for robot description.
[ros2_control_node-1] [INFO] [1775502944.959825338] [controller_manager]: update rate is 125 Hz
[ros2_control_node-1] [INFO] [1775502944.960284053] [controller_manager]: Overruns handling is : enabled
[ros2_control_node-1] [INFO] [1775502944.960574796] [controller_manager]: Spawning controller_manager RT thread with scheduler priority: 50
[ros2_control_node-1] [INFO] [1775502944.960940185] [controller_manager]: Successful set up FIFO RT scheduling policy with priority 50.
[ros2_control_node-1] [INFO] [1775502945.080269656] [controller_manager]: Received robot description from topic.
[ros2_control_node-1] [INFO] [1775502945.080342884] [controller_manager]: Enforcing command limits is disabled. Command limits from URDF will be ignored.
[ros2_control_node-1] [INFO] [1775502945.089855888] [controller_manager]: Loading hardware 'KortexMultiInterfaceHardware' 
[ros2_control_node-1] [INFO] [1775502945.109322510] [KortexMultiInterfaceHardware]: Setting severity threshold to DEBUG
[ros2_control_node-1] [INFO] [1775502945.109391309] [controller_manager]: Loaded hardware 'KortexMultiInterfaceHardware' from plugin 'kortex_driver/KortexMultiInterfaceHardware'
[ros2_control_node-1] [INFO] [1775502945.109895984] [controller_manager]: Initialize hardware 'KortexMultiInterfaceHardware' 
[ros2_control_node-1] [INFO] [1775502945.125169302] [KortexMultiInterfaceHardware]: Configuring Hardware Interface
[ros2_control_node-1] [INFO] [1775502945.125694894] [KortexMultiInterfaceHardware]: Robot ip is '192.168.0.10'
[ros2_control_node-1] [INFO] [1775502945.125708787] [KortexMultiInterfaceHardware]: Username is 'admin'
[ros2_control_node-1] [INFO] [1775502945.125725863] [KortexMultiInterfaceHardware]: Port used '10000'
[ros2_control_node-1] [INFO] [1775502945.125734469] [KortexMultiInterfaceHardware]: Realtime port used '10001'
[ros2_control_node-1] [INFO] [1775502945.125741619] [KortexMultiInterfaceHardware]: Session inactivity timeout is '60000'
[ros2_control_node-1] [INFO] [1775502945.125748579] [KortexMultiInterfaceHardware]: Connection inactivity timeout is '2000'
[ros2_control_node-1] [INFO] [1775502945.125757404] [KortexMultiInterfaceHardware]: Gripper joint name is 'robotiq_85_left_knuckle_joint'
[ros2_control_node-1] [INFO] [1775502945.125799792] [KortexMultiInterfaceHardware]: Connecting to robot at 192.168.0.10
[ros2_control_node-1] [INFO] [1775502945.133959954] [KortexMultiInterfaceHardware]: Creating session for communication
[ros2_control_node-1] [INFO] [1775502945.391835050] [KortexMultiInterfaceHardware]: Session created
[spawner-4] [INFO] [1775502945.408886128] [spawner_joint_state_broadcaster]: waiting for service /controller_manager/list_controllers to become available...
[joint_state_sanitizer-3] [INFO] [1775502945.447863313] [joint_state_sanitizer_node]: joint_state_sanitizer started. raw=/joint_states -> sanitized=/joint_states_sanitized
[ros2_control_node-1] [INFO] [1775502946.092523849] [KortexMultiInterfaceHardware]: Actuator count reported by robot is '7'
[ros2_control_node-1] [INFO] [1775502946.092723263] [KortexMultiInterfaceHardware]: Using internal bus communication for gripper!
[ros2_control_node-1] [INFO] [1775502946.092730089] [KortexMultiInterfaceHardware]: Hardware Interface successfully configured
[ros2_control_node-1] [INFO] [1775502946.092825339] [controller_manager]: Successful initialization of hardware 'KortexMultiInterfaceHardware'
[ros2_control_node-1] [DEBUG] [1775502946.092893483] [KortexMultiInterfaceHardware]: export_state_interfaces for joint: joint_1
[ros2_control_node-1] [DEBUG] [1775502946.092919804] [KortexMultiInterfaceHardware]: export_state_interfaces for joint: joint_2
[ros2_control_node-1] [DEBUG] [1775502946.092925912] [KortexMultiInterfaceHardware]: export_state_interfaces for joint: joint_3
[ros2_control_node-1] [DEBUG] [1775502946.092930415] [KortexMultiInterfaceHardware]: export_state_interfaces for joint: joint_4
[ros2_control_node-1] [DEBUG] [1775502946.092934521] [KortexMultiInterfaceHardware]: export_state_interfaces for joint: joint_5
[ros2_control_node-1] [DEBUG] [1775502946.092938899] [KortexMultiInterfaceHardware]: export_state_interfaces for joint: joint_6
[ros2_control_node-1] [DEBUG] [1775502946.092942904] [KortexMultiInterfaceHardware]: export_state_interfaces for joint: joint_7
[ros2_control_node-1] [DEBUG] [1775502946.092946828] [KortexMultiInterfaceHardware]: export_state_interfaces for joint: robotiq_85_left_knuckle_joint
[ros2_control_node-1] [INFO] [1775502946.094805301] [resource_manager]: 'configure' hardware 'KortexMultiInterfaceHardware' 
[ros2_control_node-1] [INFO] [1775502946.094852967] [resource_manager]: Successful 'configure' of hardware 'KortexMultiInterfaceHardware'
[ros2_control_node-1] [INFO] [1775502946.094914982] [resource_manager]: 'activate' hardware 'KortexMultiInterfaceHardware' 
[ros2_control_node-1] [INFO] [1775502946.094945365] [KortexMultiInterfaceHardware]: Activating KortexMultiInterfaceHardware...
[ros2_control_node-1] [INFO] [1775502946.101172828] [KortexMultiInterfaceHardware]: Gripper initial position is '0.411524'.
[ros2_control_node-1] [INFO] [1775502946.105960377] [KortexMultiInterfaceHardware]: KortexMultiInterfaceHardware successfully activated!
[ros2_control_node-1] [INFO] [1775502946.106005126] [resource_manager]: Successful 'activate' of hardware 'KortexMultiInterfaceHardware'
[ros2_control_node-1] [INFO] [1775502946.106342949] [controller_manager]: Registering statistics for : KortexMultiInterfaceHardware
[ros2_control_node-1] [INFO] [1775502946.106552554] [controller_manager]: Resource Manager has been successfully initialized. Starting Controller Manager services...
[ros2_control_node-1] [WARN] [1775502946.125555683] [controller_manager]: Overrun might occur, Total time : 12427.438 us (Expected < 8000.000 us) --> Read time : 7791.653 us, Update time : 33.853 us, Write time : 4601.932 us
[ros2_control_node-1] [WARN] [1775502946.125654053] [controller_manager]: Overrun detected! The controller manager missed its desired rate of 125 Hz. The loop took 12.569133 ms (missed cycles : 2).
[ros2_control_node-1] [INFO] [1775502946.163317000] [controller_manager]: Loading controller : 'joint_state_broadcaster' of type 'joint_state_broadcaster/JointStateBroadcaster'
[ros2_control_node-1] [INFO] [1775502946.163370652] [controller_manager]: Loading controller 'joint_state_broadcaster'
[ros2_control_node-1] [INFO] [1775502946.172967512] [controller_manager]: Controller 'joint_state_broadcaster' node arguments: --ros-args --params-file /home/carrt-cse-project/workspace/ros2_kortex_ws/install/adl_tasks/share/adl_tasks/config/ros2_controllers_vbox.yaml --params-file /tmp/launch_params_sn99x46h 
[spawner-4] [INFO] [1775502946.194447209] [spawner_joint_state_broadcaster]: Loaded joint_state_broadcaster
[ros2_control_node-1] [INFO] [1775502946.276645564] [controller_manager]: Configuring controller: 'joint_state_broadcaster'
[ros2_control_node-1] [INFO] [1775502946.276920986] [joint_state_broadcaster]: 'joints' or 'interfaces' parameter is empty. All available state interfaces will be published
[ros2_control_node-1] [INFO] [1775502946.299412449] [controller_manager]: Activating controllers: [ joint_state_broadcaster ]
[ros2_control_node-1] [INFO] [1775502946.306572394] [controller_manager]: Successfully switched controllers!
[spawner-4] [INFO] [1775502946.315260041] [spawner_joint_state_broadcaster]: Configured and activated joint_state_broadcaster
[INFO] [spawner-4]: process has finished cleanly [pid 44063]
[INFO] [spawner-7]: process started with pid [44188]
[INFO] [spawner-8]: process started with pid [44189]
[INFO] [spawner-9]: process started with pid [44190]
[INFO] [spawner-10]: process started with pid [44191]
[ros2_control_node-1] [WARN] [1775502947.249139287] [controller_manager]: Overrun might occur, Total time : 8019.145 us (Expected < 8000.000 us) --> Read time : 69.667 us, Update time : 123.760 us, Write time : 7825.718 us
[ros2_control_node-1] [WARN] [1775502947.249216757] [controller_manager]: Overrun detected! The controller manager missed its desired rate of 125 Hz. The loop took 8.132087 ms (missed cycles : 2).
[spawner-10] [INFO] [1775502947.620084098] [spawner_fault_controller]: waiting for service /controller_manager/list_controllers to become available...
[ros2_control_node-1] [INFO] [1775502948.640575109] [controller_manager]: Loading controller : 'fault_controller' of type 'picknik_reset_fault_controller/PicknikResetFaultController'
[ros2_control_node-1] [INFO] [1775502948.640614548] [controller_manager]: Loading controller 'fault_controller'
[ros2_control_node-1] [INFO] [1775502948.645290032] [controller_manager]: Controller 'fault_controller' node arguments: --ros-args --params-file /home/carrt-cse-project/workspace/ros2_kortex_ws/install/adl_tasks/share/adl_tasks/config/ros2_controllers_vbox.yaml --params-file /tmp/launch_params_sn99x46h 
[spawner-10] [INFO] [1775502948.667969301] [spawner_fault_controller]: Loaded fault_controller
[ros2_control_node-1] [INFO] [1775502948.674112186] [controller_manager]: Configuring controller: 'fault_controller'
[ros2_control_node-1] [INFO] [1775502948.766040599] [controller_manager]: Activating controllers: [ fault_controller ]
[ros2_control_node-1] [INFO] [1775502948.973895948] [controller_manager]: Successfully switched controllers!
[spawner-10] [INFO] [1775502948.979218502] [spawner_fault_controller]: Configured and activated fault_controller
[spawner-7] [INFO] [1775502949.125544886] [spawner_joint_trajectory_controller]: waiting for service /controller_manager/list_controllers to become available...
[INFO] [spawner-10]: process has finished cleanly [pid 44191]
[ros2_control_node-1] [INFO] [1775502951.891208195] [controller_manager]: Loading controller : 'joint_trajectory_controller' of type 'joint_trajectory_controller/JointTrajectoryController'
[ros2_control_node-1] [INFO] [1775502951.891239370] [controller_manager]: Loading controller 'joint_trajectory_controller'
[ros2_control_node-1] [INFO] [1775502951.895969675] [controller_manager]: Controller 'joint_trajectory_controller' node arguments: --ros-args --params-file /home/carrt-cse-project/workspace/ros2_kortex_ws/install/adl_tasks/share/adl_tasks/config/ros2_controllers_vbox.yaml --params-file /tmp/launch_params_sn99x46h 
[spawner-7] [INFO] [1775502951.931381222] [spawner_joint_trajectory_controller]: Loaded joint_trajectory_controller
[ros2_control_node-1] [INFO] [1775502952.015833542] [controller_manager]: Configuring controller: 'joint_trajectory_controller'
[ros2_control_node-1] [INFO] [1775502952.016441810] [joint_trajectory_controller]: No specific joint names are used for command interfaces. Using 'joints' parameter.
[ros2_control_node-1] [INFO] [1775502952.016724431] [joint_trajectory_controller]: Command interfaces are [position] and state interfaces are [position velocity].
[ros2_control_node-1] [INFO] [1775502952.016996749] [joint_trajectory_controller]: Using 'splines' interpolation method.
[ros2_control_node-1] [INFO] [1775502952.021623073] [joint_trajectory_controller]: Action status changes will be monitored at 20.00 Hz.
[ros2_control_node-1] [INFO] [1775502952.116286684] [controller_manager]: Activating controllers: [ joint_trajectory_controller ]
[ros2_control_node-1] [INFO] [1775502952.347086415] [controller_manager]: Successfully switched controllers!
[ros2_control_node-1] [WARN] [1775502952.349717633] [controller_manager]: Overrun might occur, Total time : 28581.881 us (Expected < 8000.000 us) --> Read time : 70.621 us, Update time : 25856.836 us (Switch time : 25674.564 us (Switch chained mode time : 19.843 us, perform mode change time : 24284.838 us, Activation time : 1362.428 us, Deactivation time : 0.983 us)), Write time : 2654.424 us
[ros2_control_node-1] [WARN] [1775502952.349847976] [controller_manager]: Overrun detected! The controller manager missed its desired rate of 125 Hz. The loop took 28.762909 ms (missed cycles : 4).
[spawner-7] [INFO] [1775502952.355139538] [spawner_joint_trajectory_controller]: Configured and activated joint_trajectory_controller
[spawner-9] [INFO] [1775502952.519387931] [spawner_robotiq_gripper_controller]: waiting for service /controller_manager/list_controllers to become available...
[INFO] [spawner-7]: process has finished cleanly [pid 44188]
[ros2_control_node-1] [INFO] [1775502952.771730271] [controller_manager]: Loading controller : 'robotiq_gripper_controller' of type 'position_controllers/GripperActionController'
[ros2_control_node-1] [INFO] [1775502952.771763947] [controller_manager]: Loading controller 'robotiq_gripper_controller'
[ros2_control_node-1] [INFO] [1775502952.773990947] [controller_manager]: Controller 'robotiq_gripper_controller' node arguments: --ros-args --params-file /home/carrt-cse-project/workspace/ros2_kortex_ws/install/adl_tasks/share/adl_tasks/config/ros2_controllers_vbox.yaml --params-file /tmp/launch_params_sn99x46h 
[ros2_control_node-1] [WARN] [1775502952.788173743] [robotiq_gripper_controller]: [Deprecated]: the `position_controllers/GripperActionController` and `effort_controllers::GripperActionController` controllers are replaced by 'parallel_gripper_controllers/GripperActionController' controller
[spawner-9] [INFO] [1775502952.795272453] [spawner_robotiq_gripper_controller]: Loaded robotiq_gripper_controller
[ros2_control_node-1] [INFO] [1775502952.796835639] [controller_manager]: Configuring controller: 'robotiq_gripper_controller'
[ros2_control_node-1] [INFO] [1775502952.796983988] [robotiq_gripper_controller]: Action status changes will be monitored at 20.000000 Hz.
[ros2_control_node-1] [INFO] [1775502952.802896768] [controller_manager]: Activating controllers: [ robotiq_gripper_controller ]
[ros2_control_node-1] [INFO] [1775502953.014566875] [controller_manager]: Successfully switched controllers!
[spawner-9] [INFO] [1775502953.255521309] [spawner_robotiq_gripper_controller]: Configured and activated robotiq_gripper_controller
[spawner-8] [INFO] [1775502953.351560595] [spawner_twist_controller]: waiting for service /controller_manager/list_controllers to become available...
[INFO] [spawner-9]: process has finished cleanly [pid 44190]
[INFO] [move_group-11]: process started with pid [44352]
[INFO] [rviz2-12]: process started with pid [44353]
[move_group-11] [INFO] [1775502953.815798190] [move_group.moveit.moveit.ros.rdf_loader]: Loaded robot model in 0.00859803 seconds
[move_group-11] [INFO] [1775502953.815931023] [move_group.moveit.moveit.core.robot_model]: Loading robot model 'gen3'...
[move_group-11] [INFO] [1775502953.815955255] [move_group.moveit.moveit.core.robot_model]: No root/virtual joint specified in SRDF. Assuming fixed joint
[move_group-11] [INFO] [1775502953.951400458] [move_group.moveit.moveit.kinematics.kdl_kinematics_plugin]: Joint weights for group 'manipulator': 1 1 1 1 1 1 1
[rviz2-12] [INFO] [1775502954.081974779] [rviz2]: Stereo is NOT SUPPORTED
[rviz2-12] [INFO] [1775502954.082053580] [rviz2]: OpenGl version: 4.6 (GLSL 4.6)
[rviz2-12] [INFO] [1775502954.106281003] [rviz2]: Stereo is NOT SUPPORTED
[rviz2-12] Warning: class_loader.impl: SEVERE WARNING!!! A namespace collision has occurred with plugin factory for class rviz_default_plugins::displays::InteractiveMarkerDisplay. New factory will OVERWRITE existing one. This situation occurs when libraries containing plugins are directly linked against an executable (the one running right now generating this message). Please separate plugins out into their own library or just don't link against the library and use either class_loader::ClassLoader/MultiLibraryClassLoader to open.
[rviz2-12]          at line 321 in /opt/ros/jazzy/include/class_loader/class_loader/class_loader_core.hpp
[rviz2-12] [WARN] [1775502954.257333960] [rcl.logging_rosout]: Publisher already registered for node name: 'rviz2_moveit'. If this is due to multiple nodes with the same name then all logs for the logger named 'rviz2_moveit' will go out over the existing publisher. As soon as any node with that name is destructed it will unregister the publisher, preventing any further logs for that name from being published on the rosout topic.
[move_group-11] [INFO] [1775502954.312408918] [move_group.moveit.moveit.ros.planning_scene_monitor]: Publishing maintained planning scene on 'monitored_planning_scene'
[move_group-11] [INFO] [1775502954.312574829] [move_group.moveit.moveit.ros.moveit_cpp]: Listening to 'joint_states' for joint states
[move_group-11] [INFO] [1775502954.313853945] [move_group.moveit.moveit.ros.current_state_monitor]: Listening to joint states on topic 'joint_states'
[move_group-11] [INFO] [1775502954.314563088] [move_group.moveit.moveit.ros.planning_scene_monitor]: Listening to '/attached_collision_object' for attached collision objects
[move_group-11] [INFO] [1775502954.314594583] [move_group.moveit.moveit.ros.planning_scene_monitor]: Stopping existing planning scene publisher.
[move_group-11] [INFO] [1775502954.314866429] [move_group.moveit.moveit.ros.planning_scene_monitor]: Stopped publishing maintained planning scene.
[move_group-11] [INFO] [1775502954.315768801] [move_group.moveit.moveit.ros.planning_scene_monitor]: Publishing maintained planning scene on 'monitored_planning_scene'
[move_group-11] [INFO] [1775502954.315894485] [move_group.moveit.moveit.ros.planning_scene_monitor]: Starting planning scene monitor
[move_group-11] [INFO] [1775502954.316319699] [move_group.moveit.moveit.ros.planning_scene_monitor]: Listening to '/planning_scene'
[move_group-11] [INFO] [1775502954.316341320] [move_group.moveit.moveit.ros.planning_scene_monitor]: Starting world geometry update monitor for collision objects, attached objects, octomap updates.
[move_group-11] [INFO] [1775502954.316704582] [move_group.moveit.moveit.ros.planning_scene_monitor]: Listening to 'collision_object'
[move_group-11] [INFO] [1775502954.317038596] [move_group.moveit.moveit.ros.planning_scene_monitor]: Listening to 'planning_scene_world' for planning scene world geometry
[move_group-11] [WARN] [1775502954.318036518] [move_group.moveit.moveit.ros.occupancy_map_monitor]: Resolution not specified for Octomap. Assuming resolution = 0.1 instead
[move_group-11] [ERROR] [1775502954.318065838] [move_group.moveit.moveit.ros.occupancy_map_monitor]: No 3D sensor plugin(s) defined for octomap updates
[move_group-11] [INFO] [1775502954.530450017] [move_group.moveit.moveit.ros.planning_pipeline]: Successfully loaded planner 'OMPL'
[move_group-11] [INFO] [1775502954.535073710] [move_group]: Try loading adapter 'default_planning_request_adapters/ResolveConstraintFrames'
[move_group-11] [INFO] [1775502954.537396460] [move_group]: Loaded adapter 'default_planning_request_adapters/ResolveConstraintFrames'
[move_group-11] [INFO] [1775502954.537451282] [move_group]: Try loading adapter 'default_planning_request_adapters/ValidateWorkspaceBounds'
[move_group-11] [INFO] [1775502954.537839080] [move_group]: Loaded adapter 'default_planning_request_adapters/ValidateWorkspaceBounds'
[move_group-11] [INFO] [1775502954.537858945] [move_group]: Try loading adapter 'default_planning_request_adapters/CheckStartStateBounds'
[move_group-11] [INFO] [1775502954.537904309] [move_group]: Loaded adapter 'default_planning_request_adapters/CheckStartStateBounds'
[move_group-11] [INFO] [1775502954.537917501] [move_group]: Try loading adapter 'default_planning_request_adapters/CheckStartStateCollision'
[move_group-11] [INFO] [1775502954.537936492] [move_group]: Loaded adapter 'default_planning_request_adapters/CheckStartStateCollision'
[move_group-11] [INFO] [1775502954.543336045] [move_group]: Try loading adapter 'default_planning_response_adapters/AddTimeOptimalParameterization'
[move_group-11] [INFO] [1775502954.546642713] [move_group]: Loaded adapter 'default_planning_response_adapters/AddTimeOptimalParameterization'
[move_group-11] [INFO] [1775502954.546669226] [move_group]: Try loading adapter 'default_planning_response_adapters/ValidateSolution'
[move_group-11] [INFO] [1775502954.551079276] [move_group]: Loaded adapter 'default_planning_response_adapters/ValidateSolution'
[move_group-11] [INFO] [1775502954.551114056] [move_group]: Try loading adapter 'default_planning_response_adapters/DisplayMotionPath'
[move_group-11] [INFO] [1775502954.552250710] [move_group]: Loaded adapter 'default_planning_response_adapters/DisplayMotionPath'
[ros2_control_node-1] [INFO] [1775502954.605010355] [controller_manager]: Received robot description from topic.
[ros2_control_node-1] [WARN] [1775502954.605308699] [controller_manager]: ResourceManager has already loaded a urdf. Ignoring attempt to reload a robot description.
[move_group-11] [INFO] [1775502954.616308665] [move_group.moveit.moveit.plugins.simple_controller_manager]: Added FollowJointTrajectory controller for joint_trajectory_controller
[move_group-11] [INFO] [1775502954.616366841] [move_group.moveit.moveit.plugins.simple_controller_manager]: robotiq_gripper_controller will command a max effort of: 0
[move_group-11] [INFO] [1775502954.621626498] [move_group.moveit.moveit.plugins.simple_controller_manager]: Added GripperCommand controller for robotiq_gripper_controller
[move_group-11] [INFO] [1775502954.621831569] [move_group.moveit.moveit.plugins.simple_controller_manager]: Returned 2 controllers in list
[move_group-11] [INFO] [1775502954.621873362] [move_group.moveit.moveit.plugins.simple_controller_manager]: Returned 2 controllers in list
[move_group-11] [INFO] [1775502954.622516375] [move_group.moveit.moveit.ros.trajectory_execution_manager]: Trajectory execution is managing controllers
[move_group-11] [INFO] [1775502954.622548309] [move_group]: MoveGroup debug mode is ON
[ros2_control_node-1] [INFO] [1775502954.643887727] [controller_manager]: Loading controller : 'twist_controller' of type 'picknik_twist_controller/PicknikTwistController'
[ros2_control_node-1] [INFO] [1775502954.644056864] [controller_manager]: Loading controller 'twist_controller'
[ros2_control_node-1] [INFO] [1775502954.648604196] [controller_manager]: Controller 'twist_controller' node arguments: --ros-args --params-file /home/carrt-cse-project/workspace/ros2_kortex_ws/install/adl_tasks/share/adl_tasks/config/ros2_controllers_vbox.yaml --params-file /tmp/launch_params_sn99x46h 
[move_group-11] [INFO] [1775502954.658550362] [move_group.moveit.moveit.ros.move_group.executable]: 
[move_group-11] 
[move_group-11] ********************************************************
[move_group-11] * MoveGroup using: 
[move_group-11] *     - apply_planning_scene_service
[move_group-11] *     - clear_octomap_service
[move_group-11] *     - get_group_urdf
[move_group-11] *     - load_geometry_from_file
[move_group-11] *     - CartesianPathService
[move_group-11] *     - execute_trajectory_action
[move_group-11] *     - get_planning_scene_service
[move_group-11] *     - kinematics_service
[move_group-11] *     - move_action
[move_group-11] *     - motion_plan_service
[move_group-11] *     - query_planners_service
[move_group-11] *     - state_validation_service
[move_group-11] *     - save_geometry_to_file
[move_group-11] ********************************************************
[move_group-11] 
[move_group-11] [INFO] [1775502954.658615899] [move_group.moveit.moveit.ros.move_group.context]: MoveGroup context using pipeline ompl
[move_group-11] [INFO] [1775502954.658637397] [move_group.moveit.moveit.ros.move_group.context]: MoveGroup context initialization complete
[move_group-11] [96mLoading 'move_group/ApplyPlanningSceneService'...[0m
[move_group-11] [96mLoading 'move_group/ClearOctomapService'...[0m
[move_group-11] [96mLoading 'move_group/GetUrdfService'...[0m
[move_group-11] [96mLoading 'move_group/LoadGeometryFromFileService'...[0m
[move_group-11] [96mLoading 'move_group/MoveGroupCartesianPathService'...[0m
[move_group-11] [96mLoading 'move_group/MoveGroupExecuteTrajectoryAction'...[0m
[move_group-11] [96mLoading 'move_group/MoveGroupGetPlanningSceneService'...[0m
[move_group-11] [96mLoading 'move_group/MoveGroupKinematicsService'...[0m
[move_group-11] [96mLoading 'move_group/MoveGroupMoveAction'...[0m
[move_group-11] [96mLoading 'move_group/MoveGroupPlanService'...[0m
[move_group-11] [96mLoading 'move_group/MoveGroupQueryPlannersService'...[0m
[move_group-11] [96mLoading 'move_group/MoveGroupStateValidationService'...[0m
[move_group-11] [96mLoading 'move_group/SaveGeometryToFileService'...[0m
[move_group-11] 
[move_group-11] [92mYou can start planning now![0m
[move_group-11] 
[spawner-8] [INFO] [1775502954.683805782] [spawner_twist_controller]: Loaded twist_controller
[ros2_control_node-1] [INFO] [1775502954.767093341] [controller_manager]: Configuring controller: 'twist_controller'
[ros2_control_node-1] [INFO] [1775502954.770088364] [twist_controller]: configure successful
[INFO] [spawner-8]: process has finished cleanly [pid 44189]
[rviz2-12] [ERROR] [1775502957.308607254] [rviz2_moveit.moveit.ros.motion_planning_frame]: Action server: /recognize_objects not available
[rviz2-12] [INFO] [1775502957.334277741] [rviz2_moveit.moveit.ros.motion_planning_frame]: MoveGroup namespace changed: / -> . Reloading params.
[rviz2-12] [INFO] [1775502957.411832924] [rviz2_moveit.moveit.ros.rdf_loader]: Loaded robot model in 0.0109475 seconds
[rviz2-12] [INFO] [1775502957.411923263] [rviz2_moveit.moveit.core.robot_model]: Loading robot model 'gen3'...
[rviz2-12] [INFO] [1775502957.411949096] [rviz2_moveit.moveit.core.robot_model]: No root/virtual joint specified in SRDF. Assuming fixed joint
[rviz2-12] [INFO] [1775502957.603427628] [rviz2_moveit.moveit.kinematics.kdl_kinematics_plugin]: Joint weights for group 'manipulator': 1 1 1 1 1 1 1
[rviz2-12] [INFO] [1775502957.951616724] [rviz2_moveit.moveit.ros.planning_scene_monitor]: Starting planning scene monitor
[rviz2-12] [INFO] [1775502957.952531243] [rviz2_moveit.moveit.ros.planning_scene_monitor]: Listening to '/monitored_planning_scene'
[rviz2-12] [INFO] [1775502958.219279378] [interactive_marker_display_109230548743632]: Connected on namespace: /rviz_moveit_motion_planning_display/robot_interaction_interactive_marker_topic
[rviz2-12] [INFO] [1775502958.226159307] [rviz2_moveit.moveit.ros.robot_interaction]: No active joints or end effectors found for group 'gripper'. Make sure that kinematics.yaml is loaded in this node's namespace.
[rviz2-12] [INFO] [1775502958.226923993] [rviz2_moveit.moveit.ros.robot_interaction]: No active joints or end effectors found for group 'gripper'. Make sure that kinematics.yaml is loaded in this node's namespace.
[rviz2-12] [INFO] [1775502958.234138326] [rviz2_moveit.moveit.ros.motion_planning_frame]: group gripper
[rviz2-12] [INFO] [1775502958.234165887] [rviz2_moveit.moveit.ros.motion_planning_frame]: Constructing new MoveGroup connection for group 'gripper' in namespace ''
[rviz2-12] [INFO] [1775502958.246312715] [interactive_marker_display_109230548743632]: Sending request for interactive markers
[rviz2-12] [INFO] [1775502958.264115515] [rviz2_moveit.moveit.ros.move_group_interface]: Ready to take commands for planning group gripper.
[rviz2-12] [INFO] [1775502958.265167647] [rviz2_moveit.moveit.ros.motion_planning_frame]: group gripper
[rviz2-12] [INFO] [1775502958.280126072] [interactive_marker_display_109230548743632]: Service response received for initialization
[ros2_control_node-1] [WARN] [1775502959.458832628] [controller_manager]: Overrun might occur, Total time : 9705.822 us (Expected < 8000.000 us) --> Read time : 70.352 us, Update time : 223.984 us, Write time : 9411.486 us
[ros2_control_node-1] [WARN] [1775502959.458927397] [controller_manager]: Overrun detected! The controller manager missed its desired rate of 125 Hz. The loop took 9.842979 ms (missed cycles : 2).
[ros2_control_node-1] [WARN] [1775502967.706161419] [controller_manager]: Overrun might occur, Total time : 9024.543 us (Expected < 8000.000 us) --> Read time : 85.771 us, Update time : 290.373 us, Write time : 8648.399 us
[ros2_control_node-1] [WARN] [1775502967.706262045] [controller_manager]: Overrun detected! The controller manager missed its desired rate of 125 Hz. The loop took 9.177310 ms (missed cycles : 2).
[ros2_control_node-1] [WARN] [1775502972.913159916] [controller_manager]: Overrun detected! The controller manager missed its desired rate of 125 Hz. The loop took 8.073071 ms (missed cycles : 2).
[ros2_control_node-1] [WARN] [1775502972.941132846] [controller_manager]: Overrun might occur, Total time : 11993.842 us (Expected < 8000.000 us) --> Read time : 95.244 us, Update time : 341.705 us, Write time : 11556.893 us
[ros2_control_node-1] [WARN] [1775502977.313171446] [controller_manager]: Overrun might occur, Total time : 8052.782 us (Expected < 8000.000 us) --> Read time : 63.009 us, Update time : 336.274 us, Write time : 7653.499 us
[ros2_control_node-1] [WARN] [1775502977.313264953] [controller_manager]: Overrun detected! The controller manager missed its desired rate of 125 Hz. The loop took 8.180280 ms (missed cycles : 2).
[ros2_control_node-1] [WARN] [1775502983.691243353] [controller_manager]: Overrun might occur, Total time : 10109.852 us (Expected < 8000.000 us) --> Read time : 90.147 us, Update time : 342.789 us, Write time : 9676.916 us
[ros2_control_node-1] [WARN] [1775502983.691401974] [controller_manager]: Overrun detected! The controller manager missed its desired rate of 125 Hz. The loop took 10.313844 ms (missed cycles : 2).
[ros2_control_node-1] [WARN] [1775502995.018830188] [controller_manager]: Overrun might occur, Total time : 9706.499 us (Expected < 8000.000 us) --> Read time : 59.193 us, Update time : 244.501 us, Write time : 9402.805 us
[ros2_control_node-1] [WARN] [1775502995.018934791] [controller_manager]: Overrun detected! The controller manager missed its desired rate of 125 Hz. The loop took 9.848302 ms (missed cycles : 2).
[ros2_control_node-1] [WARN] [1775503001.705196791] [controller_manager]: Overrun might occur, Total time : 8067.890 us (Expected < 8000.000 us) --> Read time : 63.553 us, Update time : 276.201 us, Write time : 7728.136 us
[ros2_control_node-1] [WARN] [1775503001.705316346] [controller_manager]: Overrun detected! The controller manager missed its desired rate of 125 Hz. The loop took 8.231850 ms (missed cycles : 2).
[ros2_control_node-1] [WARN] [1775503007.340139415] [controller_manager]: Overrun might occur, Total time : 11025.390 us (Expected < 8000.000 us) --> Read time : 53.311 us, Update time : 226.223 us, Write time : 10745.856 us
[ros2_control_node-1] [WARN] [1775503007.340217118] [controller_manager]: Overrun detected! The controller manager missed its desired rate of 125 Hz. The loop took 11.132731 ms (missed cycles : 2).
[ros2_control_node-1] [WARN] [1775503008.483145059] [controller_manager]: Overrun might occur, Total time : 10030.530 us (Expected < 8000.000 us) --> Read time : 67.687 us, Update time : 332.433 us, Write time : 9630.410 us
[ros2_control_node-1] [WARN] [1775503008.483243477] [controller_manager]: Overrun detected! The controller manager missed its desired rate of 125 Hz. The loop took 10.158627 ms (missed cycles : 2).
[ros2_control_node-1] [WARN] [1775503011.084241713] [controller_manager]: Overrun might occur, Total time : 19123.113 us (Expected < 8000.000 us) --> Read time : 63.560 us, Update time : 261.357 us, Write time : 18798.196 us
[ros2_control_node-1] [WARN] [1775503011.084326104] [controller_manager]: Overrun detected! The controller manager missed its desired rate of 125 Hz. The loop took 19.241757 ms (missed cycles : 3).
[ros2_control_node-1] [WARN] [1775503017.609235955] [controller_manager]: Overrun might occur, Total time : 8114.601 us (Expected < 8000.000 us) --> Read time : 57.368 us, Update time : 255.285 us, Write time : 7801.948 us
[ros2_control_node-1] [WARN] [1775503017.609325341] [controller_manager]: Overrun detected! The controller manager missed its desired rate of 125 Hz. The loop took 8.240434 ms (missed cycles : 2).
[ros2_control_node-1] [WARN] [1775503026.276421290] [controller_manager]: Overrun might occur, Total time : 19307.293 us (Expected < 8000.000 us) --> Read time : 69.097 us, Update time : 251.193 us, Write time : 18987.003 us
[ros2_control_node-1] [WARN] [1775503026.276498777] [controller_manager]: Overrun detected! The controller manager missed its desired rate of 125 Hz. The loop took 19.414151 ms (missed cycles : 3).
[ros2_control_node-1] [WARN] [1775503043.698418514] [controller_manager]: Overrun might occur, Total time : 9307.874 us (Expected < 8000.000 us) --> Read time : 52.482 us, Update time : 201.965 us, Write time : 9053.427 us
[ros2_control_node-1] [WARN] [1775503043.698511343] [controller_manager]: Overrun detected! The controller manager missed its desired rate of 125 Hz. The loop took 9.426754 ms (missed cycles : 2).
