
===== 2026-04-17T15:19:38-04:00 | T1_full =====
cwd=/home/carrt-cse-project/workspace/ros2_kortex_ws
cmd=ros2 launch adl_tasks adl_start.launch.py arm_use_fake_hardware:=false \ use_stub:=false clear_table_top_only_scan:=false clear_table_require_side_sweep:=true 

[INFO] [launch]: All log files can be found below /home/carrt-cse-project/.ros/log/2026-04-17-15-19-39-174122-carrt-cse-project-OptiPlex-5050-35578
[INFO] [launch]: Default logging verbosity is set to INFO
[INFO] [launch.user]: [arm_start.launch] MoveIt current state source: /joint_states_sanitized. Use use_joint_state_sanitizer:=false for raw-state viewer debugging.
[INFO] [launch.user]: [arm_start.launch] Using ADL controller config (share/adl_tasks/config/ros2_controllers_vbox.yaml, update_rate:=1000 Hz).
[INFO] [ros2_control_node-1]: process started with pid [35588]
[INFO] [robot_state_publisher-2]: process started with pid [35589]
[INFO] [joint_state_sanitizer-3]: process started with pid [35590]
[INFO] [spawner-4]: process started with pid [35591]
[INFO] [static_transform_publisher-5]: process started with pid [35592]
[INFO] [static_transform_publisher-6]: process started with pid [35593]
[INFO] [scene_static-7]: process started with pid [35594]
[INFO] [wrist_camera_usb_publisher-8]: process started with pid [35595]
[INFO] [vision_apriltag-9]: process started with pid [35596]
[INFO] [scene_from_vision-10]: process started with pid [35597]
[INFO] [adl_controller-11]: process started with pid [35598]
[INFO] [pick_dropped_bottle-12]: process started with pid [35599]
[INFO] [clear_table-13]: process started with pid [35600]
[INFO] [give_medication-14]: process started with pid [35601]
[INFO] [adl_ui-15]: process started with pid [35602]
[static_transform_publisher-6] [INFO] [1776453579.512230749] [camera_color_optical_bridge_tf_pub]: Spinning until stopped - publishing transform
[static_transform_publisher-6] translation: ('0.000000', '0.000000', '0.000000')
[static_transform_publisher-6] rotation: ('0.000000', '0.000000', '0.000000', '1.000000')
[static_transform_publisher-6] from 'camera_color_frame' to 'wrist_mounted_camera_color_optical_frame'
[static_transform_publisher-5] [INFO] [1776453579.515026934] [static_transform_publisher]: Spinning until stopped - publishing transform
[static_transform_publisher-5] translation: ('0.000000', '0.000000', '0.000000')
[static_transform_publisher-5] rotation: ('0.000000', '0.000000', '0.000000', '1.000000')
[static_transform_publisher-5] from 'world' to 'base_link'
[robot_state_publisher-2] [INFO] [1776453579.519339792] [robot_state_publisher]: Robot initialized
[ros2_control_node-1] [INFO] [1776453579.591936855] [controller_manager]: Using Steady (Monotonic) clock for triggering controller manager cycles.
[ros2_control_node-1] [INFO] [1776453579.615436054] [controller_manager]: Subscribing to '/robot_description' topic for robot description.
[ros2_control_node-1] [INFO] [1776453579.621157227] [controller_manager]: update rate is 1000 Hz
[ros2_control_node-1] [INFO] [1776453579.621713991] [controller_manager]: Overruns handling is : enabled
[ros2_control_node-1] [INFO] [1776453579.622125707] [controller_manager]: Spawning controller_manager RT thread with scheduler priority: 50
[ros2_control_node-1] [INFO] [1776453579.622581056] [controller_manager]: Successful set up FIFO RT scheduling policy with priority 50.
[ros2_control_node-1] [INFO] [1776453579.626085793] [controller_manager]: Received robot description from topic.
[ros2_control_node-1] [INFO] [1776453579.626159018] [controller_manager]: Enforcing command limits is disabled. Command limits from URDF will be ignored.
[ros2_control_node-1] [INFO] [1776453579.641578891] [controller_manager]: Loading hardware 'KortexMultiInterfaceHardware' 
[ros2_control_node-1] [INFO] [1776453579.676311322] [KortexMultiInterfaceHardware]: Setting severity threshold to DEBUG
[ros2_control_node-1] [INFO] [1776453579.679097081] [controller_manager]: Loaded hardware 'KortexMultiInterfaceHardware' from plugin 'kortex_driver/KortexMultiInterfaceHardware'
[ros2_control_node-1] [INFO] [1776453579.679712788] [controller_manager]: Initialize hardware 'KortexMultiInterfaceHardware' 
[ros2_control_node-1] [INFO] [1776453579.713615508] [KortexMultiInterfaceHardware]: Configuring Hardware Interface
[ros2_control_node-1] [INFO] [1776453579.714006608] [KortexMultiInterfaceHardware]: Robot ip is '192.168.0.10'
[ros2_control_node-1] [INFO] [1776453579.714020322] [KortexMultiInterfaceHardware]: Username is 'admin'
[ros2_control_node-1] [INFO] [1776453579.714034312] [KortexMultiInterfaceHardware]: Port used '10000'
[ros2_control_node-1] [INFO] [1776453579.714039666] [KortexMultiInterfaceHardware]: Realtime port used '10001'
[ros2_control_node-1] [INFO] [1776453579.714046805] [KortexMultiInterfaceHardware]: Session inactivity timeout is '60000'
[ros2_control_node-1] [INFO] [1776453579.714054123] [KortexMultiInterfaceHardware]: Connection inactivity timeout is '2000'
[ros2_control_node-1] [INFO] [1776453579.714062446] [KortexMultiInterfaceHardware]: Gripper joint name is 'robotiq_85_left_knuckle_joint'
[ros2_control_node-1] [INFO] [1776453579.714098962] [KortexMultiInterfaceHardware]: Connecting to robot at 192.168.0.10
[ros2_control_node-1] [INFO] [1776453579.723331628] [KortexMultiInterfaceHardware]: Creating session for communication
[ros2_control_node-1] [INFO] [1776453580.225315966] [KortexMultiInterfaceHardware]: Session created
[adl_ui-15] [INFO] [1776453580.289646475] [adl_ui_node]: ADL UI Node started.
[adl_ui-15] [INFO] [1776453580.290376242] [adl_ui_node]: Automatic retract on UI load is disabled; startup sends no motion.
[adl_ui-15] [INFO] [1776453580.291336785] [adl_ui_node]: Web UI available at http://localhost:5000
[adl_ui-15]  * Serving Flask app 'adl_tasks.adl_ui'
[adl_ui-15]  * Debug mode: off
[adl_ui-15] WARNING: This is a development server. Do not use it in a production deployment. Use a production WSGI server instead.
[adl_ui-15]  * Running on all addresses (0.0.0.0)
[adl_ui-15]  * Running on http://127.0.0.1:5000
[adl_ui-15]  * Running on http://192.168.0.231:5000
[adl_ui-15] Press CTRL+C to quit
[joint_state_sanitizer-3] [INFO] [1776453580.337806548] [joint_state_sanitizer_node]: joint_state_sanitizer started. raw=/joint_states -> sanitized=/joint_states_sanitized
[adl_ui-15] 127.0.0.1 - - [17/Apr/2026 15:19:40] "GET /status_json HTTP/1.1" 200 -
[scene_static-7] [INFO] [1776453580.570923535] [scene_static_node]: Static Scene Node started.
[scene_static-7] [INFO] [1776453580.571773397] [scene_static_node]: WHEELCHAIR_BASE_HEIGHT = 0.36195m  |  Table surface at z = 0.088m | Table front-edge-from-base = 0.406m | Table center at x = 0.681m | table_edge_lip_margin=0.0127m | table_edge_lip_thickness=0.0127m | table_edge_lip_height=0.450m | include_wheelchair_wall=True | include_left_desk_wall=True | include_right_desk_wall=True | include_arm_base_under_block=True
[scene_static-7] [INFO] [1776453580.572589842] [scene_static_node]: Wheelchair wall geometry: center=(-0.465, 0.000, 0.482) size=(0.450, 0.700, 1.688)
[scene_static-7] [INFO] [1776453580.574555035] [scene_static_node]: Arm-base under-block geometry: center=(0.000, 0.000, -0.212) size=(0.302, 0.378, 0.300) | platform=(0.200, 0.200) | margins(front/back=0.051, left/right=0.089)
[spawner-4] [INFO] [1776453580.803237052] [spawner_joint_state_broadcaster]: waiting for service /controller_manager/list_controllers to become available...
[wrist_camera_usb_publisher-8] [INFO] [1776453580.810207697] [wrist_camera_usb_publisher_node]: USB camera publisher: trying camera source index 2.
[wrist_camera_usb_publisher-8] [INFO] [1776453580.816860006] [wrist_camera_usb_publisher_node]: USB camera publisher: opened camera source index 2.
[wrist_camera_usb_publisher-8] [INFO] [1776453580.818560603] [wrist_camera_usb_publisher_node]: Wrist Camera USB Publisher started.
[wrist_camera_usb_publisher-8] [INFO] [1776453580.819777323] [wrist_camera_usb_publisher_node]: Publishing USB camera frames on /wrist_mounted_camera/image with frame_id=wrist_mounted_camera_color_optical_frame.
[wrist_camera_usb_publisher-8] [INFO] [1776453580.820883118] [wrist_camera_usb_publisher_node]: Publishing camera info on /wrist_mounted_camera/camera_info from reference intrinsics [554.25, 554.25, 320.0, 240.0] @ 640x480.
[wrist_camera_usb_publisher-8] [INFO] [1776453580.822824543] [wrist_camera_usb_publisher_node]: Using explicit camera_matrix for CameraInfo. matrix_size=1280x720, K=[920.874267578125, 0.0, 644.7646484375, 0.0, 921.5654907226562, 343.1528625488281, 0.0, 0.0, 1.0], d=[0.0, 0.0, 0.0, 0.0, 0.0]
[wrist_camera_usb_publisher-8] [INFO] [1776453580.824908910] [wrist_camera_usb_publisher_node]: Requested source=2 size=1280x720 fps=10.0
[pick_dropped_bottle-12] [INFO] [1776453580.990994222] [pick_dropped_bottle_node]: PickDroppedBottle starting...
[ros2_control_node-1] [INFO] [1776453581.026260768] [KortexMultiInterfaceHardware]: Actuator count reported by robot is '7'
[ros2_control_node-1] [INFO] [1776453581.026468739] [KortexMultiInterfaceHardware]: Using internal bus communication for gripper!
[ros2_control_node-1] [INFO] [1776453581.026477427] [KortexMultiInterfaceHardware]: Hardware Interface successfully configured
[ros2_control_node-1] [INFO] [1776453581.026560800] [controller_manager]: Successful initialization of hardware 'KortexMultiInterfaceHardware'
[ros2_control_node-1] [DEBUG] [1776453581.026627537] [KortexMultiInterfaceHardware]: export_state_interfaces for joint: joint_1
[ros2_control_node-1] [DEBUG] [1776453581.026653617] [KortexMultiInterfaceHardware]: export_state_interfaces for joint: joint_2
[ros2_control_node-1] [DEBUG] [1776453581.026659715] [KortexMultiInterfaceHardware]: export_state_interfaces for joint: joint_3
[ros2_control_node-1] [DEBUG] [1776453581.026664298] [KortexMultiInterfaceHardware]: export_state_interfaces for joint: joint_4
[ros2_control_node-1] [DEBUG] [1776453581.026668571] [KortexMultiInterfaceHardware]: export_state_interfaces for joint: joint_5
[ros2_control_node-1] [DEBUG] [1776453581.026674734] [KortexMultiInterfaceHardware]: export_state_interfaces for joint: joint_6
[ros2_control_node-1] [DEBUG] [1776453581.026678772] [KortexMultiInterfaceHardware]: export_state_interfaces for joint: joint_7
[ros2_control_node-1] [DEBUG] [1776453581.026682972] [KortexMultiInterfaceHardware]: export_state_interfaces for joint: robotiq_85_left_knuckle_joint
[ros2_control_node-1] [INFO] [1776453581.029559840] [resource_manager]: 'configure' hardware 'KortexMultiInterfaceHardware' 
[ros2_control_node-1] [INFO] [1776453581.029602956] [resource_manager]: Successful 'configure' of hardware 'KortexMultiInterfaceHardware'
[ros2_control_node-1] [INFO] [1776453581.029673777] [resource_manager]: 'activate' hardware 'KortexMultiInterfaceHardware' 
[ros2_control_node-1] [INFO] [1776453581.029695632] [KortexMultiInterfaceHardware]: Activating KortexMultiInterfaceHardware...
[ros2_control_node-1] [INFO] [1776453581.033857803] [KortexMultiInterfaceHardware]: Gripper initial position is '14.473685'.
[ros2_control_node-1] [INFO] [1776453581.038181521] [KortexMultiInterfaceHardware]: KortexMultiInterfaceHardware successfully activated!
[ros2_control_node-1] [INFO] [1776453581.038220078] [resource_manager]: Successful 'activate' of hardware 'KortexMultiInterfaceHardware'
[ros2_control_node-1] [INFO] [1776453581.038478052] [controller_manager]: Registering statistics for : KortexMultiInterfaceHardware
[ros2_control_node-1] [INFO] [1776453581.039053473] [controller_manager]: Resource Manager has been successfully initialized. Starting Controller Manager services...
[ros2_control_node-1] [WARN] [1776453581.050610165] [controller_manager]: Overrun might occur, Total time : 11901.965 us (Expected < 1000.000 us) --> Read time : 5502.953 us, Update time : 48.904 us, Write time : 6350.108 us
[ros2_control_node-1] [WARN] [1776453581.050695833] [controller_manager]: Overrun detected! The controller manager missed its desired rate of 1000 Hz. The loop took 12.025191 ms (missed cycles : 13).
[pick_dropped_bottle-12] [INFO] [1776453581.088571534] [pick_dropped_bottle_node]: MoveItHelper initialized. joint_state_topic=/joint_states_sanitized (sanitized_expected=True) real_hardware_mode=True short_cartesian_mode=hybrid
[pick_dropped_bottle-12] [INFO] [1776453581.089468258] [pick_dropped_bottle_node]: ADL_DIRECT_FIXED_JOINTS is unset; defaulting fixed-joint direct trajectories to disabled on real hardware (collision-aware MoveIt path first).
[pick_dropped_bottle-12] [INFO] [1776453581.103790806] [pick_dropped_bottle_node]: Vision Client initialized, waiting for service...
[scene_from_vision-10] [INFO] [1776453581.103843228] [scene_from_vision_node]: Scene From Vision Node Started
[scene_from_vision-10] [INFO] [1776453581.170665068] [scene_from_vision_node]: SceneFromVision: Updating planning scene. Tracking 5 object shape(s). memory_mode=True, scan_duration_s=5.0, scan_min_samples=3, scan_target_samples=8, scan_extend_step_s=1.5, scan_max_extensions=2, scan_prune_unseen_objects=False, continuous_scene_updates=False, latch_first_detection_updates=True, log_object_pose_debug=False, apply_planning_scene_service_updates=True, publish_monitored_planning_scene_updates=True, side_viewpoint=wrist_mounted_camera_color_optical_frame->base_link, reject_table_objects_outside_bounds=False.
[scene_from_vision-10] [INFO] [1776453581.173401859] [scene_from_vision_node]: SceneFromVision calibration: xy_offset=(0.000, 0.000), z_offset=0.000, yaw_deg=0.00, xy_scale=1.0000, clamp_table_objects_to_table_bounds=False, table_bounds_margin_m=0.030.
[scene_from_vision-10] [INFO] [1776453581.176266287] [scene_from_vision_node]: SceneFromVision object offsets: remote_axis=y, remote_tag_to_center_sign=-1.0, remote_tag_from_end_m=0.020, remote_world_offset=(-0.040, 0.000), cube_tag_to_center=(0.000, 0.000), cube_world_offset=(-0.020, 0.000), cube_yaw_offset_deg=0.0, medication_world_offset=(-0.160, 0.055), medication_face_to_center_m=0.030, cup_world_offset=(-0.140, 0.055), cup_face_to_center_m=0.037.
[wrist_camera_usb_publisher-8] [INFO] [1776453581.201096895] [wrist_camera_usb_publisher_node]: USB camera info active intrinsics: size=1280x720, fx=920.87, fy=921.57, cx=644.76, cy=343.15, d=array('d', [0.0, 0.0, 0.0, 0.0, 0.0])
[wrist_camera_usb_publisher-8] [INFO] [1776453581.201858539] [wrist_camera_usb_publisher_node]: USB camera publisher heartbeat: publishing 1280x720 frames on /wrist_mounted_camera/image; camera_info fx=920.87, fy=921.57, cx=644.76, cy=343.15.
[clear_table-13] [INFO] [1776453581.274029072] [clear_table_node]: Clear Table Node Started
[adl_ui-15] 127.0.0.1 - - [17/Apr/2026 15:19:41] "GET /status_json HTTP/1.1" 200 -
[clear_table-13] [INFO] [1776453582.010384424] [clear_table_node]: MoveItHelper initialized. joint_state_topic=/joint_states_sanitized (sanitized_expected=True) real_hardware_mode=True short_cartesian_mode=hybrid
[clear_table-13] [INFO] [1776453582.011066015] [clear_table_node]: ADL_DIRECT_FIXED_JOINTS is unset; defaulting fixed-joint direct trajectories to disabled on real hardware (collision-aware MoveIt path first).
[clear_table-13] [INFO] [1776453582.021356234] [clear_table_node]: Vision Client initialized, waiting for service...
[give_medication-14] [INFO] [1776453582.068282064] [give_medication_node]: give_medication starting...
[give_medication-14] [INFO] [1776453582.123593096] [give_medication_node]: MoveItHelper initialized. joint_state_topic=/joint_states_sanitized (sanitized_expected=True) real_hardware_mode=True short_cartesian_mode=hybrid
[give_medication-14] [INFO] [1776453582.124395950] [give_medication_node]: ADL_DIRECT_FIXED_JOINTS is unset; defaulting fixed-joint direct trajectories to disabled on real hardware (collision-aware MoveIt path first).
[give_medication-14] [INFO] [1776453582.133231896] [give_medication_node]: Vision Client initialized, waiting for service...
[adl_controller-11] [INFO] [1776453582.346295834] [adl_controller_node]: MoveItHelper initialized. joint_state_topic=/joint_states_sanitized (sanitized_expected=True) real_hardware_mode=True short_cartesian_mode=hybrid
[adl_controller-11] [INFO] [1776453582.346834416] [adl_controller_node]: ADL_DIRECT_FIXED_JOINTS is unset; defaulting fixed-joint direct trajectories to disabled on real hardware (collision-aware MoveIt path first).
[adl_controller-11] [INFO] [1776453582.354542558] [adl_controller_node]: ADL controller ready. Waiting for UI/system commands.
[adl_ui-15] 127.0.0.1 - - [17/Apr/2026 15:19:42] "GET /status_json HTTP/1.1" 200 -
[scene_static-7] [WARN] [1776453582.742712214] [scene_static_node]: Planning scene service not available, waiting...
[pick_dropped_bottle-12] [INFO] [1776453583.107178062] [pick_dropped_bottle_node]: Vision service is not available, waiting...
[pick_dropped_bottle-12] [INFO] [1776453583.358130001] [pick_dropped_bottle_node]: Vision service is ready.
[pick_dropped_bottle-12] [INFO] [1776453583.363468379] [pick_dropped_bottle_node]: PickDroppedBottle ready. Waiting for command.
[pick_dropped_bottle-12] [INFO] [1776453583.363929091] [pick_dropped_bottle_node]: Startup motion disabled at node load; motion begins only after pick_dropped_bottle command.
[give_medication-14] [INFO] [1776453583.384632022] [give_medication_node]: Vision service is ready.
[vision_apriltag-9] [INFO] [1776453583.384945737] [vision_apriltag_node]: Vision AprilTag Node Started
[vision_apriltag-9] [INFO] [1776453583.386671406] [vision_apriltag_node]: Subscribing to camera topic: /wrist_mounted_camera/image
[vision_apriltag-9] [INFO] [1776453583.388517115] [vision_apriltag_node]: Subscribing to camera info topic: /wrist_mounted_camera/camera_info
[vision_apriltag-9] [INFO] [1776453583.389880792] [vision_apriltag_node]: Camera frame: wrist_mounted_camera_color_optical_frame | use_image_header_frame=True
[give_medication-14] [INFO] [1776453583.390747223] [give_medication_node]: give_medication ready.
[vision_apriltag-9] [INFO] [1776453583.391672798] [vision_apriltag_node]: Tag size: 0.025m | pose_cache_retention_s=20.0 | get_pose_wait_timeout_s=5.0 | max_returned_pose_age_s=20.0 | camera_params=[554.25, 554.25, 320.0, 240.0] | families=tag36h11 | quad_decimate=1.0 | requested_backend=opencv | backend=cv2.aruco | opencv_pose_solver=ippe_square | use_image_timestamp_for_tf=False
[vision_apriltag-9] [INFO] [1776453583.393492678] [vision_apriltag_node]: Top-tag known-plane projection: enabled=True, planes={3: 0.10995, 4: 0.1452}
[vision_apriltag-9] [INFO] [1776453583.394968577] [vision_apriltag_node]: pupil_apriltags tuning: nthreads=1, quad_sigma=0.0, refine_edges=1, decode_sharpening=0.25, debug=0, preprocess_variants=['raw', 'clahe', 'adaptive', 'clahe_sharp', 'clahe_up2', 'sharp_up2'], tile_search_if_empty=True, tile_search_grid=3x2, tile_search_scale=2.0, tile_search_overlap=0.25
[vision_apriltag-9] [WARN] [1776453583.396325294] [vision_apriltag_node]: pupil_apriltags is not importable by this node, so detection is using OpenCV fallback only. python=/usr/bin/python3, import_error=No module named 'pupil_apriltags'. If .venv contains pupil_apriltags, rebuild adl_tasks with that venv active or run the module with the venv Python.
[vision_apriltag-9] [INFO] [1776453583.397743834] [vision_apriltag_node]: Publishing AprilTag debug images on /vision_apriltag/debug_image at up to 1.0 Hz.
[vision_apriltag-9] [INFO] [1776453583.423899382] [vision_apriltag_node]: Vision AprilTag camera model updated from CameraInfo: size=1280x720, fx=920.87, fy=921.57, cx=644.76, cy=343.15, d=[0.0, 0.0, 0.0, 0.0, 0.0]
[adl_ui-15] 127.0.0.1 - - [17/Apr/2026 15:19:43] "GET /status_json HTTP/1.1" 200 -
[clear_table-13] [INFO] [1776453583.523635847] [clear_table_node]: Vision service is ready.
[clear_table-13] [INFO] [1776453583.535866565] [clear_table_node]: Clear Table Node ready. Waiting for command.
[clear_table-13] [INFO] [1776453583.536607584] [clear_table_node]: Startup motion disabled at node load; motion begins only after clear_table command.
[clear_table-13] [INFO] [1776453583.537459709] [clear_table_node]: clear_table scan flags: top_only_scan_mode=False (ADL_CLEAR_TABLE_TOP_ONLY_SCAN='false'), two_phase_require_side_sweep_before_priority_exit=True (ADL_CLEAR_TABLE_REQUIRE_SIDE_SWEEP='true'), two_phase_top_full_sweep_before_priority_exit=True.
[ros2_control_node-1] [INFO] [1776453583.566437706] [controller_manager]: Loading controller : 'joint_state_broadcaster' of type 'joint_state_broadcaster/JointStateBroadcaster'
[ros2_control_node-1] [INFO] [1776453583.566977318] [controller_manager]: Loading controller 'joint_state_broadcaster'
[ros2_control_node-1] [INFO] [1776453583.579834305] [controller_manager]: Controller 'joint_state_broadcaster' node arguments: --ros-args --params-file /home/carrt-cse-project/workspace/ros2_kortex_ws/install/adl_tasks/share/adl_tasks/config/ros2_controllers_vbox.yaml --params-file /tmp/launch_params_4ip7y52n 
[vision_apriltag-9] [INFO] [1776453584.205710520] [vision_apriltag_node]: Vision AprilTag detection debug: no tags found after raw/CLAHE/sharp/adaptive/upscaled/tiled passes.
[adl_ui-15] 127.0.0.1 - - [17/Apr/2026 15:19:44] "GET /status_json HTTP/1.1" 200 -
[ros2_control_node-1] [ERROR] [1776453584.555423289] [controller_manager]: Exception of type : St13runtime_error thrown during write of the component 'KortexMultiInterfaceHardware': timeout detected: BaseCyclicClient::RefreshFeedback
[ros2_control_node-1] 
[ros2_control_node-1] [ERROR] [1776453584.555615415] [controller_manager]: Deactivating following hardware components as their write cycle resulted in an error: [ KortexMultiInterfaceHardware ]
[ros2_control_node-1] [WARN] [1776453584.555642738] [controller_manager]: Overrun might occur, Total time : 3006925.407 us (Expected < 1000.000 us) --> Read time : 92.108 us, Update time : 66.342 us, Write time : 3006766.957 us
[ros2_control_node-1] [WARN] [1776453584.555678752] [controller_manager]: Overrun detected! The controller manager missed its desired rate of 1000 Hz. The loop took 3007.009074 ms (missed cycles : 3008).
[spawner-4] [INFO] [1776453584.558061456] [spawner_joint_state_broadcaster]: Loaded joint_state_broadcaster
[ros2_control_node-1] [INFO] [1776453584.562321124] [controller_manager]: Configuring controller: 'joint_state_broadcaster'
[ros2_control_node-1] [INFO] [1776453584.562624028] [joint_state_broadcaster]: 'joints' or 'interfaces' parameter is empty. All available state interfaces will be published
[ros2_control_node-1] [INFO] [1776453584.589007078] [controller_manager]: Activating controllers: [ joint_state_broadcaster ]
[ros2_control_node-1] [ERROR] [1776453584.589916208] [joint_state_broadcaster]: No state interfaces found to publish.
[ros2_control_node-1] [ERROR] [1776453584.589958597] [joint_state_broadcaster]: Error initializing joint data. JointStateBroadcaster will not run.
[ros2_control_node-1] [WARN] [1776453584.589977864] [joint_state_broadcaster]: Callback returned ERROR during the transition: activate
[ros2_control_node-1] [ERROR] [1776453584.590003993] [controller_manager]: After activation, controller 'joint_state_broadcaster' is in state 'unconfigured' (1), expected 'active' (3). Releasing interfaces!
[ros2_control_node-1] [ERROR] [1776453584.590025579] [controller_manager]: At least one controller failed to be activated. Releasing all interfaces and stopping all activated controllers because the switch strictness is set to STRICT.
[ros2_control_node-1] [ERROR] [1776453584.590105956] [controller_manager]: Could not activate controller : 'joint_state_broadcaster'
[ros2_control_node-1] [ERROR] [1776453584.590144399] [controller_manager]: Failed switching controllers.... 
[ros2_control_node-1] [ERROR] [1776453584.590160399] [controller_manager]: Unable to activate controllers: [ joint_state_broadcaster  ]
[spawner-4] [ERROR] [1776453584.595100990] [spawner_joint_state_broadcaster]: Failed to activate controller : joint_state_broadcaster
[scene_static-7] [WARN] [1776453584.746924514] [scene_static_node]: Planning scene service not available, waiting...
[ERROR] [spawner-4]: process has died [pid 35591, exit code 1, cmd '/home/carrt-cse-project/workspace/ros2_kortex_ws/install/controller_manager/lib/controller_manager/spawner joint_state_broadcaster --controller-manager /controller_manager --ros-args'].
[adl_ui-15] 127.0.0.1 - - [17/Apr/2026 15:19:45] "GET /status_json HTTP/1.1" 200 -
[INFO] [spawner-16]: process started with pid [35871]
[INFO] [spawner-17]: process started with pid [35872]
[INFO] [spawner-18]: process started with pid [35873]
[INFO] [spawner-19]: process started with pid [35874]
[vision_apriltag-9] [INFO] [1776453585.917124414] [vision_apriltag_node]: Vision AprilTag: images are arriving on /wrist_mounted_camera/image, but no AprilTags have been detected yet.
[spawner-19] [INFO] [1776453586.008220157] [spawner_fault_controller]: waiting for service /controller_manager/list_controllers to become available...
[wrist_camera_usb_publisher-8] [INFO] [1776453586.221363622] [wrist_camera_usb_publisher_node]: USB camera publisher heartbeat: publishing 1280x720 frames on /wrist_mounted_camera/image; camera_info fx=920.87, fy=921.57, cx=644.76, cy=343.15.
[scene_static-7] [WARN] [1776453586.749570620] [scene_static_node]: Planning scene service not available, waiting...
[ros2_control_node-1] [INFO] [1776453587.013188840] [controller_manager]: Loading controller : 'fault_controller' of type 'picknik_reset_fault_controller/PicknikResetFaultController'
[ros2_control_node-1] [INFO] [1776453587.013225992] [controller_manager]: Loading controller 'fault_controller'
[ros2_control_node-1] [INFO] [1776453587.017002229] [controller_manager]: Controller 'fault_controller' node arguments: --ros-args --params-file /home/carrt-cse-project/workspace/ros2_kortex_ws/install/adl_tasks/share/adl_tasks/config/ros2_controllers_vbox.yaml --params-file /tmp/launch_params_4ip7y52n 
[spawner-19] [INFO] [1776453587.068242547] [spawner_fault_controller]: Loaded fault_controller
[ros2_control_node-1] [INFO] [1776453587.072362252] [controller_manager]: Configuring controller: 'fault_controller'
[ros2_control_node-1] [INFO] [1776453587.161762333] [controller_manager]: Activating controllers: [ fault_controller ]
[ros2_control_node-1] [WARN] [1776453587.161977980] [controller_manager]: Unable to activate controller 'fault_controller' since the command interface 'reset_fault/command' is not available.
[spawner-19] [ERROR] [1776453587.163804486] [spawner_fault_controller]: Failed to activate controller : fault_controller
[ERROR] [spawner-19]: process has died [pid 35874, exit code 1, cmd '/home/carrt-cse-project/workspace/ros2_kortex_ws/install/controller_manager/lib/controller_manager/spawner fault_controller -c /controller_manager --ros-args'].
[spawner-17] [INFO] [1776453587.723486820] [spawner_twist_controller]: waiting for service /controller_manager/list_controllers to become available...
[vision_apriltag-9] [INFO] [1776453587.863929704] [vision_apriltag_node]: Vision AprilTag: images are arriving on /wrist_mounted_camera/image, but no AprilTags have been detected yet.
[scene_static-7] [WARN] [1776453588.751863417] [scene_static_node]: Planning scene service not available, waiting...
[ros2_control_node-1] [INFO] [1776453589.229547149] [controller_manager]: Loading controller : 'twist_controller' of type 'picknik_twist_controller/PicknikTwistController'
[ros2_control_node-1] [INFO] [1776453589.229593186] [controller_manager]: Loading controller 'twist_controller'
[ros2_control_node-1] [INFO] [1776453589.234487276] [controller_manager]: Controller 'twist_controller' node arguments: --ros-args --params-file /home/carrt-cse-project/workspace/ros2_kortex_ws/install/adl_tasks/share/adl_tasks/config/ros2_controllers_vbox.yaml --params-file /tmp/launch_params_4ip7y52n 
[spawner-17] [INFO] [1776453589.276138831] [spawner_twist_controller]: Loaded twist_controller
[ros2_control_node-1] [INFO] [1776453589.279842790] [controller_manager]: Configuring controller: 'twist_controller'
[ros2_control_node-1] [INFO] [1776453589.286560522] [twist_controller]: configure successful
[spawner-18] [INFO] [1776453589.435630321] [spawner_robotiq_gripper_controller]: waiting for service /controller_manager/list_controllers to become available...
[INFO] [spawner-17]: process has finished cleanly [pid 35872]
[vision_apriltag-9] [INFO] [1776453589.975868537] [vision_apriltag_node]: Vision AprilTag detection debug: no tags found after raw/CLAHE/sharp/adaptive/upscaled/tiled passes.
[vision_apriltag-9] [INFO] [1776453590.085156353] [vision_apriltag_node]: Vision AprilTag: images are arriving on /wrist_mounted_camera/image, but no AprilTags have been detected yet.
[scene_static-7] [WARN] [1776453590.756642969] [scene_static_node]: Planning scene service not available, waiting...
[wrist_camera_usb_publisher-8] [INFO] [1776453591.221414710] [wrist_camera_usb_publisher_node]: USB camera publisher heartbeat: publishing 1280x720 frames on /wrist_mounted_camera/image; camera_info fx=920.87, fy=921.57, cx=644.76, cy=343.15.
[vision_apriltag-9] [INFO] [1776453592.169399203] [vision_apriltag_node]: Vision AprilTag: images are arriving on /wrist_mounted_camera/image, but no AprilTags have been detected yet.
[scene_static-7] [WARN] [1776453592.758742157] [scene_static_node]: Planning scene service not available, waiting...
[ros2_control_node-1] [INFO] [1776453592.772555674] [controller_manager]: Loading controller : 'robotiq_gripper_controller' of type 'position_controllers/GripperActionController'
[ros2_control_node-1] [INFO] [1776453592.772585767] [controller_manager]: Loading controller 'robotiq_gripper_controller'
[ros2_control_node-1] [INFO] [1776453592.775092692] [controller_manager]: Controller 'robotiq_gripper_controller' node arguments: --ros-args --params-file /home/carrt-cse-project/workspace/ros2_kortex_ws/install/adl_tasks/share/adl_tasks/config/ros2_controllers_vbox.yaml --params-file /tmp/launch_params_4ip7y52n 
[ros2_control_node-1] [WARN] [1776453592.797485621] [robotiq_gripper_controller]: [Deprecated]: the `position_controllers/GripperActionController` and `effort_controllers::GripperActionController` controllers are replaced by 'parallel_gripper_controllers/GripperActionController' controller
[spawner-18] [INFO] [1776453592.800568463] [spawner_robotiq_gripper_controller]: Loaded robotiq_gripper_controller
[ros2_control_node-1] [INFO] [1776453592.804277448] [controller_manager]: Configuring controller: 'robotiq_gripper_controller'
[ros2_control_node-1] [INFO] [1776453592.804439764] [robotiq_gripper_controller]: Action status changes will be monitored at 20.000000 Hz.
[ros2_control_node-1] [INFO] [1776453592.892007966] [controller_manager]: Activating controllers: [ robotiq_gripper_controller ]
[ros2_control_node-1] [WARN] [1776453592.892161409] [controller_manager]: Unable to activate controller 'robotiq_gripper_controller' since the command interface 'robotiq_85_left_knuckle_joint/position' is not available.
[spawner-18] [ERROR] [1776453592.894204860] [spawner_robotiq_gripper_controller]: Failed to activate controller : robotiq_gripper_controller
[spawner-16] [INFO] [1776453593.035773260] [spawner_joint_trajectory_controller]: waiting for service /controller_manager/list_controllers to become available...
[ERROR] [spawner-18]: process has died [pid 35873, exit code 1, cmd '/home/carrt-cse-project/workspace/ros2_kortex_ws/install/controller_manager/lib/controller_manager/spawner robotiq_gripper_controller -c /controller_manager --ros-args'].
[vision_apriltag-9] [INFO] [1776453594.358702880] [vision_apriltag_node]: Vision AprilTag: images are arriving on /wrist_mounted_camera/image, but no AprilTags have been detected yet.
[scene_static-7] [WARN] [1776453594.762190481] [scene_static_node]: Planning scene service not available, waiting...
[vision_apriltag-9] [INFO] [1776453595.112736312] [vision_apriltag_node]: Vision AprilTag detection debug: no tags found after raw/CLAHE/sharp/adaptive/upscaled/tiled passes.
[ros2_control_node-1] [INFO] [1776453595.541532034] [controller_manager]: Loading controller : 'joint_trajectory_controller' of type 'joint_trajectory_controller/JointTrajectoryController'
[ros2_control_node-1] [INFO] [1776453595.541566224] [controller_manager]: Loading controller 'joint_trajectory_controller'
[ros2_control_node-1] [INFO] [1776453595.545865223] [controller_manager]: Controller 'joint_trajectory_controller' node arguments: --ros-args --params-file /home/carrt-cse-project/workspace/ros2_kortex_ws/install/adl_tasks/share/adl_tasks/config/ros2_controllers_vbox.yaml --params-file /tmp/launch_params_4ip7y52n 
[spawner-16] [INFO] [1776453595.596739448] [spawner_joint_trajectory_controller]: Loaded joint_trajectory_controller
[ros2_control_node-1] [INFO] [1776453595.599278482] [controller_manager]: Configuring controller: 'joint_trajectory_controller'
[ros2_control_node-1] [INFO] [1776453595.600217513] [joint_trajectory_controller]: No specific joint names are used for command interfaces. Using 'joints' parameter.
[ros2_control_node-1] [INFO] [1776453595.600447568] [joint_trajectory_controller]: Command interfaces are [position] and state interfaces are [position velocity].
[ros2_control_node-1] [INFO] [1776453595.600589779] [joint_trajectory_controller]: Using 'splines' interpolation method.
[ros2_control_node-1] [INFO] [1776453595.606836668] [joint_trajectory_controller]: Action status changes will be monitored at 10.00 Hz.
[ros2_control_node-1] [INFO] [1776453595.627283142] [controller_manager]: Activating controllers: [ joint_trajectory_controller ]
[ros2_control_node-1] [WARN] [1776453595.627567048] [controller_manager]: Unable to activate controller 'joint_trajectory_controller' since the command interface 'joint_1/position' is not available.
[spawner-16] [ERROR] [1776453595.632857461] [spawner_joint_trajectory_controller]: Failed to activate controller : joint_trajectory_controller
[ERROR] [spawner-16]: process has died [pid 35871, exit code 1, cmd '/home/carrt-cse-project/workspace/ros2_kortex_ws/install/controller_manager/lib/controller_manager/spawner joint_trajectory_controller -c /controller_manager --ros-args'].
[vision_apriltag-9] [INFO] [1776453596.039668018] [vision_apriltag_node]: Vision AprilTag: images are arriving on /wrist_mounted_camera/image, but no AprilTags have been detected yet.
[wrist_camera_usb_publisher-8] [INFO] [1776453596.321540427] [wrist_camera_usb_publisher_node]: USB camera publisher heartbeat: publishing 1280x720 frames on /wrist_mounted_camera/image; camera_info fx=920.87, fy=921.57, cx=644.76, cy=343.15.
[scene_static-7] [WARN] [1776453596.764532259] [scene_static_node]: Planning scene service not available, waiting...
[INFO] [move_group-20]: process started with pid [35950]
[INFO] [rviz2-21]: process started with pid [35951]
[move_group-20] [INFO] [1776453597.550696016] [move_group.moveit.moveit.ros.rdf_loader]: Loaded robot model in 0.00972976 seconds
[move_group-20] [INFO] [1776453597.550899223] [move_group.moveit.moveit.core.robot_model]: Loading robot model 'gen3'...
[move_group-20] [INFO] [1776453597.550920386] [move_group.moveit.moveit.core.robot_model]: No root/virtual joint specified in SRDF. Assuming fixed joint
[move_group-20] [INFO] [1776453597.719551750] [move_group.moveit.moveit.kinematics.kdl_kinematics_plugin]: Joint weights for group 'manipulator': 1 1 1 1 1 1 1
[rviz2-21] [INFO] [1776453597.883963423] [rviz2]: Stereo is NOT SUPPORTED
[rviz2-21] [INFO] [1776453597.884054454] [rviz2]: OpenGl version: 4.6 (GLSL 4.6)
[rviz2-21] [INFO] [1776453597.920037200] [rviz2]: Stereo is NOT SUPPORTED
[rviz2-21] Warning: class_loader.impl: SEVERE WARNING!!! A namespace collision has occurred with plugin factory for class rviz_default_plugins::displays::InteractiveMarkerDisplay. New factory will OVERWRITE existing one. This situation occurs when libraries containing plugins are directly linked against an executable (the one running right now generating this message). Please separate plugins out into their own library or just don't link against the library and use either class_loader::ClassLoader/MultiLibraryClassLoader to open.
[rviz2-21]          at line 321 in /opt/ros/jazzy/include/class_loader/class_loader/class_loader_core.hpp
[rviz2-21] [WARN] [1776453598.070286582] [rcl.logging_rosout]: Publisher already registered for node name: 'rviz2_moveit'. If this is due to multiple nodes with the same name then all logs for the logger named 'rviz2_moveit' will go out over the existing publisher. As soon as any node with that name is destructed it will unregister the publisher, preventing any further logs for that name from being published on the rosout topic.
[move_group-20] [INFO] [1776453598.138402788] [move_group.moveit.moveit.ros.planning_scene_monitor]: Publishing maintained planning scene on 'monitored_planning_scene'
[move_group-20] [INFO] [1776453598.138601902] [move_group.moveit.moveit.ros.moveit_cpp]: Listening to 'joint_states' for joint states
[move_group-20] [INFO] [1776453598.139924169] [move_group.moveit.moveit.ros.current_state_monitor]: Listening to joint states on topic 'joint_states'
[move_group-20] [INFO] [1776453598.140891829] [move_group.moveit.moveit.ros.planning_scene_monitor]: Listening to '/attached_collision_object' for attached collision objects
[move_group-20] [INFO] [1776453598.140931133] [move_group.moveit.moveit.ros.planning_scene_monitor]: Stopping existing planning scene publisher.
[move_group-20] [INFO] [1776453598.141197419] [move_group.moveit.moveit.ros.planning_scene_monitor]: Stopped publishing maintained planning scene.
[move_group-20] [INFO] [1776453598.141677535] [move_group.moveit.moveit.ros.planning_scene_monitor]: Publishing maintained planning scene on 'monitored_planning_scene'
[move_group-20] [INFO] [1776453598.141789009] [move_group.moveit.moveit.ros.planning_scene_monitor]: Starting planning scene monitor
[move_group-20] [INFO] [1776453598.146040355] [move_group.moveit.moveit.ros.planning_scene_monitor]: Listening to '/planning_scene'
[move_group-20] [INFO] [1776453598.146074954] [move_group.moveit.moveit.ros.planning_scene_monitor]: Starting world geometry update monitor for collision objects, attached objects, octomap updates.
[move_group-20] [INFO] [1776453598.151396233] [move_group.moveit.moveit.ros.planning_scene_monitor]: Listening to 'collision_object'
[move_group-20] [INFO] [1776453598.154997780] [move_group.moveit.moveit.ros.planning_scene_monitor]: Listening to 'planning_scene_world' for planning scene world geometry
[move_group-20] [WARN] [1776453598.156198494] [move_group.moveit.moveit.ros.occupancy_map_monitor]: Resolution not specified for Octomap. Assuming resolution = 0.1 instead
[move_group-20] [ERROR] [1776453598.156259112] [move_group.moveit.moveit.ros.occupancy_map_monitor]: No 3D sensor plugin(s) defined for octomap updates
[vision_apriltag-9] [INFO] [1776453598.205480312] [vision_apriltag_node]: Vision AprilTag: images are arriving on /wrist_mounted_camera/image, but no AprilTags have been detected yet.
[ros2_control_node-1] [INFO] [1776453598.509845288] [controller_manager]: Received robot description from topic.
[ros2_control_node-1] [WARN] [1776453598.509892302] [controller_manager]: ResourceManager has already loaded a urdf. Ignoring attempt to reload a robot description.
[scene_static-7] [WARN] [1776453598.767379055] [scene_static_node]: Planning scene service not available, waiting...
[vision_apriltag-9] [INFO] [1776453600.330472574] [vision_apriltag_node]: Vision AprilTag detection debug: no tags found after raw/CLAHE/sharp/adaptive/upscaled/tiled passes.
[vision_apriltag-9] [INFO] [1776453600.366770127] [vision_apriltag_node]: Vision AprilTag: images are arriving on /wrist_mounted_camera/image, but no AprilTags have been detected yet.
[scene_static-7] [WARN] [1776453600.770276912] [scene_static_node]: Planning scene service not available, waiting...
[rviz2-21] [ERROR] [1776453601.135582543] [rviz2_moveit.moveit.ros.motion_planning_frame]: Action server: /recognize_objects not available
[rviz2-21] [INFO] [1776453601.173222799] [rviz2_moveit.moveit.ros.motion_planning_frame]: MoveGroup namespace changed: / -> . Reloading params.
[rviz2-21] [INFO] [1776453601.275007241] [rviz2_moveit.moveit.ros.rdf_loader]: Loaded robot model in 0.0147141 seconds
[rviz2-21] [INFO] [1776453601.275154657] [rviz2_moveit.moveit.core.robot_model]: Loading robot model 'gen3'...
[rviz2-21] [INFO] [1776453601.275191529] [rviz2_moveit.moveit.core.robot_model]: No root/virtual joint specified in SRDF. Assuming fixed joint
[wrist_camera_usb_publisher-8] [INFO] [1776453601.323069820] [wrist_camera_usb_publisher_node]: USB camera publisher heartbeat: publishing 1280x720 frames on /wrist_mounted_camera/image; camera_info fx=920.87, fy=921.57, cx=644.76, cy=343.15.
[vision_apriltag-9] [INFO] [1776453601.402693345] [vision_apriltag_node]: Vision AprilTag: images are arriving on /wrist_mounted_camera/image, but no AprilTags have been detected yet.
[rviz2-21] [INFO] [1776453601.468682365] [rviz2_moveit.moveit.kinematics.kdl_kinematics_plugin]: Joint weights for group 'manipulator': 1 1 1 1 1 1 1
[rviz2-21] [INFO] [1776453601.869068203] [rviz2_moveit.moveit.ros.planning_scene_monitor]: Starting planning scene monitor
[rviz2-21] [INFO] [1776453601.870444354] [rviz2_moveit.moveit.ros.planning_scene_monitor]: Listening to '/monitored_planning_scene'
[rviz2-21] [INFO] [1776453602.193871870] [interactive_marker_display_107531988385696]: Connected on namespace: /rviz_moveit_motion_planning_display/robot_interaction_interactive_marker_topic
[rviz2-21] [INFO] [1776453602.201040541] [rviz2_moveit.moveit.ros.robot_interaction]: No active joints or end effectors found for group 'gripper'. Make sure that kinematics.yaml is loaded in this node's namespace.
[rviz2-21] [INFO] [1776453602.201764935] [rviz2_moveit.moveit.ros.robot_interaction]: No active joints or end effectors found for group 'gripper'. Make sure that kinematics.yaml is loaded in this node's namespace.
[rviz2-21] [INFO] [1776453602.215570332] [interactive_marker_display_107531988385696]: Sending request for interactive markers
[rviz2-21] [INFO] [1776453602.249369138] [interactive_marker_display_107531988385696]: Service response received for initialization
[scene_static-7] [WARN] [1776453602.793663666] [scene_static_node]: Planning scene service not available, waiting...
[vision_apriltag-9] [INFO] [1776453604.139414019] [vision_apriltag_node]: Vision AprilTag: images are arriving on /wrist_mounted_camera/image, but no AprilTags have been detected yet.
[scene_static-7] [WARN] [1776453604.797764929] [scene_static_node]: Planning scene service not available, waiting...
[vision_apriltag-9] [INFO] [1776453606.130231361] [vision_apriltag_node]: Vision AprilTag detection debug: no tags found after raw/CLAHE/sharp/adaptive/upscaled/tiled passes.
[vision_apriltag-9] [INFO] [1776453606.136410449] [vision_apriltag_node]: Vision AprilTag: images are arriving on /wrist_mounted_camera/image, but no AprilTags have been detected yet.
[wrist_camera_usb_publisher-8] [INFO] [1776453606.422578167] [wrist_camera_usb_publisher_node]: USB camera publisher heartbeat: publishing 1280x720 frames on /wrist_mounted_camera/image; camera_info fx=920.87, fy=921.57, cx=644.76, cy=343.15.
[scene_static-7] [WARN] [1776453606.799998980] [scene_static_node]: Planning scene service not available, waiting...
[rviz2-21] [INFO] [1776453607.205511336] [rviz2_moveit.moveit.ros.planning_scene_monitor]: Failed to call service get_planning_scene, have you launched move_group or called psm.providePlanningSceneService()?
[rviz2-21] [INFO] [1776453607.205615819] [rviz2_moveit.moveit.ros.motion_planning_frame]: group gripper
[rviz2-21] [INFO] [1776453607.205631321] [rviz2_moveit.moveit.ros.motion_planning_frame]: Constructing new MoveGroup connection for group 'gripper' in namespace ''
[vision_apriltag-9] [INFO] [1776453608.010936305] [vision_apriltag_node]: Vision AprilTag: images are arriving on /wrist_mounted_camera/image, but no AprilTags have been detected yet.
[move_group-20] [INFO] [1776453608.370237419] [move_group.moveit.moveit.ros.current_state_monitor]: Didn't receive robot state (joint angles) with recent timestamp within 10.000000 seconds. Requested time 1776453598.370164, but latest received state has time 0.000000.
[move_group-20] Check clock synchronization if your are running ROS across multiple machines!
[move_group-20] [FATAL] [1776453608.370307509] [move_group.moveit.moveit.ros.moveit_cpp]: Unable to configure planning scene monitor
[move_group-20] terminate called after throwing an instance of 'std::runtime_error'
[move_group-20]   what():  Unable to configure planning scene monitor
[move_group-20] Stack trace (most recent call last):
[move_group-20] #12   Object "/usr/lib/x86_64-linux-gnu/ld-linux-x86-64.so.2", at 0xffffffffffffffff, in 
[scene_static-7] [WARN] [1776453608.803057669] [scene_static_node]: Planning scene service not available, waiting...
[move_group-20] #11   Object "/opt/ros/jazzy/lib/moveit_ros_move_group/move_group", at 0x604849286a44, in _start
[move_group-20] #10   Source "../csu/libc-start.c", line 360, in __libc_start_main_impl [0x7975c122a28a]
[move_group-20] #9    Source "../sysdeps/nptl/libc_start_call_main.h", line 58, in __libc_start_call_main [0x7975c122a1c9]
[move_group-20] #8    Object "/opt/ros/jazzy/lib/moveit_ros_move_group/move_group", at 0x604849285162, in main
[move_group-20] #7    Object "/opt/ros/jazzy/lib/libmoveit_cpp.so.2.12.4", at 0x7975c1fc6551, in 
[move_group-20] #6    Object "/usr/lib/x86_64-linux-gnu/libstdc++.so.6.0.33", at 0x7975c16bb390, in __cxa_throw
[move_group-20] #5    Object "/usr/lib/x86_64-linux-gnu/libstdc++.so.6.0.33", at 0x7975c16a5a54, in std::terminate()
[move_group-20] #4    Object "/usr/lib/x86_64-linux-gnu/libstdc++.so.6.0.33", at 0x7975c16bb0d9, in 
[move_group-20] #3    Object "/usr/lib/x86_64-linux-gnu/libstdc++.so.6.0.33", at 0x7975c16a5ff4, in 
[move_group-20] #2    Source "./stdlib/abort.c", line 79, in abort [0x7975c12288fe]
[move_group-20] #1    Source "../sysdeps/posix/raise.c", line 26, in raise [0x7975c124527d]
[move_group-20] #0  | Source "./nptl/pthread_kill.c", line 89, in __pthread_kill_internal
[move_group-20]     | Source "./nptl/pthread_kill.c", line 78, in __pthread_kill_implementation
[move_group-20]       Source "./nptl/pthread_kill.c", line 44, in __pthread_kill [0x7975c129eb2c]
[move_group-20] Aborted (Signal sent by tkill() 35950 1000)
[vision_apriltag-9] [INFO] [1776453610.051929307] [vision_apriltag_node]: Vision AprilTag: images are arriving on /wrist_mounted_camera/image, but no AprilTags have been detected yet.
[ERROR] [move_group-20]: process has died [pid 35950, exit code -6, cmd '/opt/ros/jazzy/lib/moveit_ros_move_group/move_group --ros-args --params-file /tmp/launch_params_hwxck1ct --params-file /tmp/launch_params_8sugsjuv -r /joint_states:=/joint_states_sanitized'].
[scene_static-7] [WARN] [1776453610.807330236] [scene_static_node]: Planning scene service not available, waiting...
[vision_apriltag-9] [INFO] [1776453611.056499316] [vision_apriltag_node]: Vision AprilTag detection debug: no tags found after raw/CLAHE/sharp/adaptive/upscaled/tiled passes.
[wrist_camera_usb_publisher-8] [INFO] [1776453611.522165153] [wrist_camera_usb_publisher_node]: USB camera publisher heartbeat: publishing 1280x720 frames on /wrist_mounted_camera/image; camera_info fx=920.87, fy=921.57, cx=644.76, cy=343.15.
[vision_apriltag-9] [INFO] [1776453611.563734903] [vision_apriltag_node]: Vision AprilTag: images are arriving on /wrist_mounted_camera/image, but no AprilTags have been detected yet.
[scene_static-7] [WARN] [1776453612.810440908] [scene_static_node]: Planning scene service not available, waiting...
[vision_apriltag-9] [INFO] [1776453613.508573898] [vision_apriltag_node]: Vision AprilTag: images are arriving on /wrist_mounted_camera/image, but no AprilTags have been detected yet.
[rviz2-21] [ERROR] [1776453614.659348699] [rviz2_moveit.rclcpp_action]: Error in destruction of rcl action client handle: action client implementation is invalid, at ./src/rcl_action/action_client.c:512
[rviz2-21] terminate called without an active exception
[scene_static-7] [WARN] [1776453614.813045633] [scene_static_node]: Planning scene service not available, waiting...
[vision_apriltag-9] [INFO] [1776453615.449565809] [vision_apriltag_node]: Vision AprilTag: images are arriving on /wrist_mounted_camera/image, but no AprilTags have been detected yet.
[vision_apriltag-9] [INFO] [1776453616.201590970] [vision_apriltag_node]: Vision AprilTag detection debug: no tags found after raw/CLAHE/sharp/adaptive/upscaled/tiled passes.
[wrist_camera_usb_publisher-8] [INFO] [1776453616.523505068] [wrist_camera_usb_publisher_node]: USB camera publisher heartbeat: publishing 1280x720 frames on /wrist_mounted_camera/image; camera_info fx=920.87, fy=921.57, cx=644.76, cy=343.15.
[scene_static-7] [WARN] [1776453616.820018924] [scene_static_node]: Planning scene service not available, waiting...
[vision_apriltag-9] [INFO] [1776453617.419138182] [vision_apriltag_node]: Vision AprilTag: images are arriving on /wrist_mounted_camera/image, but no AprilTags have been detected yet.
[scene_static-7] [WARN] [1776453618.824913085] [scene_static_node]: Planning scene service not available, waiting...
[vision_apriltag-9] [INFO] [1776453620.379164794] [vision_apriltag_node]: Vision AprilTag: images are arriving on /wrist_mounted_camera/image, but no AprilTags have been detected yet.
[scene_static-7] [WARN] [1776453620.827386008] [scene_static_node]: Planning scene service not available, waiting...
[vision_apriltag-9] [INFO] [1776453621.595944905] [vision_apriltag_node]: Vision AprilTag detection debug: no tags found after raw/CLAHE/sharp/adaptive/upscaled/tiled passes.
[vision_apriltag-9] [INFO] [1776453621.616033603] [vision_apriltag_node]: Vision AprilTag: images are arriving on /wrist_mounted_camera/image, but no AprilTags have been detected yet.
[wrist_camera_usb_publisher-8] [INFO] [1776453621.623592185] [wrist_camera_usb_publisher_node]: USB camera publisher heartbeat: publishing 1280x720 frames on /wrist_mounted_camera/image; camera_info fx=920.87, fy=921.57, cx=644.76, cy=343.15.
[ros2_control_node-1] [WARN] [1776453622.502808035] [controller_manager]: Overrun detected! The controller manager missed its desired rate of 1000 Hz. The loop took 2.138646 ms (missed cycles : 3).
[scene_static-7] [WARN] [1776453622.832972249] [scene_static_node]: Planning scene service not available, waiting...
[vision_apriltag-9] [INFO] [1776453624.010415350] [vision_apriltag_node]: Vision AprilTag: images are arriving on /wrist_mounted_camera/image, but no AprilTags have been detected yet.
[scene_static-7] [WARN] [1776453624.836343513] [scene_static_node]: Planning scene service not available, waiting...
[vision_apriltag-9] [INFO] [1776453626.168413653] [vision_apriltag_node]: Vision AprilTag: images are arriving on /wrist_mounted_camera/image, but no AprilTags have been detected yet.
[vision_apriltag-9] [INFO] [1776453626.712369182] [vision_apriltag_node]: Vision AprilTag detection debug: no tags found after raw/CLAHE/sharp/adaptive/upscaled/tiled passes.
[wrist_camera_usb_publisher-8] [INFO] [1776453626.721408265] [wrist_camera_usb_publisher_node]: USB camera publisher heartbeat: publishing 1280x720 frames on /wrist_mounted_camera/image; camera_info fx=920.87, fy=921.57, cx=644.76, cy=343.15.
[scene_static-7] [WARN] [1776453626.839042464] [scene_static_node]: Planning scene service not available, waiting...
[vision_apriltag-9] [INFO] [1776453628.161867376] [vision_apriltag_node]: Vision AprilTag: images are arriving on /wrist_mounted_camera/image, but no AprilTags have been detected yet.
[scene_static-7] [WARN] [1776453628.841178325] [scene_static_node]: Planning scene service not available, waiting...
[vision_apriltag-9] [INFO] [1776453629.828672765] [vision_apriltag_node]: Vision AprilTag: images are arriving on /wrist_mounted_camera/image, but no AprilTags have been detected yet.
[ERROR] [rviz2-21]: process has died [pid 35951, exit code -6, cmd '/opt/ros/jazzy/lib/rviz2/rviz2 -d /home/carrt-cse-project/workspace/ros2_kortex_ws/install/kinova_gen3_7dof_robotiq_2f_85_moveit_config/share/kinova_gen3_7dof_robotiq_2f_85_moveit_config/config/moveit.rviz --ros-args -r __node:=rviz2_moveit --params-file /tmp/launch_params_fuzh6ptk --params-file /tmp/launch_params_f1_23low --params-file /tmp/launch_params_f61i8hmx --params-file /tmp/launch_params_anqs_nzw --params-file /tmp/launch_params_pw1_vl60'].
[scene_static-7] [WARN] [1776453630.846459719] [scene_static_node]: Planning scene service not available, waiting...
[vision_apriltag-9] [INFO] [1776453631.584721394] [vision_apriltag_node]: Vision AprilTag: images are arriving on /wrist_mounted_camera/image, but no AprilTags have been detected yet.
[vision_apriltag-9] [INFO] [1776453631.738820235] [vision_apriltag_node]: Vision AprilTag detection debug: no tags found after raw/CLAHE/sharp/adaptive/upscaled/tiled passes.
[wrist_camera_usb_publisher-8] [INFO] [1776453631.834117466] [wrist_camera_usb_publisher_node]: USB camera publisher heartbeat: publishing 1280x720 frames on /wrist_mounted_camera/image; camera_info fx=920.87, fy=921.57, cx=644.76, cy=343.15.
[ros2_control_node-1] [WARN] [1776453632.742703683] [controller_manager]: Overrun detected! The controller manager missed its desired rate of 1000 Hz. The loop took 2.034245 ms (missed cycles : 3).
[scene_static-7] [WARN] [1776453632.849823613] [scene_static_node]: Planning scene service not available, waiting...
[vision_apriltag-9] [INFO] [1776453634.572386145] [vision_apriltag_node]: Vision AprilTag: images are arriving on /wrist_mounted_camera/image, but no AprilTags have been detected yet.
[scene_static-7] [WARN] [1776453634.852105763] [scene_static_node]: Planning scene service not available, waiting...
[vision_apriltag-9] [INFO] [1776453635.613298420] [vision_apriltag_node]: Vision AprilTag: images are arriving on /wrist_mounted_camera/image, but no AprilTags have been detected yet.
[scene_static-7] [WARN] [1776453636.855013494] [scene_static_node]: Planning scene service not available, waiting...
[wrist_camera_usb_publisher-8] [INFO] [1776453636.921667630] [wrist_camera_usb_publisher_node]: USB camera publisher heartbeat: publishing 1280x720 frames on /wrist_mounted_camera/image; camera_info fx=920.87, fy=921.57, cx=644.76, cy=343.15.
[vision_apriltag-9] [INFO] [1776453637.139465202] [vision_apriltag_node]: Vision AprilTag detection debug: no tags found after raw/CLAHE/sharp/adaptive/upscaled/tiled passes.
[vision_apriltag-9] [INFO] [1776453638.487985552] [vision_apriltag_node]: Vision AprilTag: images are arriving on /wrist_mounted_camera/image, but no AprilTags have been detected yet.
[scene_static-7] [WARN] [1776453638.857076068] [scene_static_node]: Planning scene service not available, waiting...
[vision_apriltag-9] [INFO] [1776453640.220091069] [vision_apriltag_node]: Vision AprilTag: images are arriving on /wrist_mounted_camera/image, but no AprilTags have been detected yet.
[scene_static-7] [WARN] [1776453640.859197082] [scene_static_node]: Planning scene service not available, waiting...
[wrist_camera_usb_publisher-8] [INFO] [1776453642.020463503] [wrist_camera_usb_publisher_node]: USB camera publisher heartbeat: publishing 1280x720 frames on /wrist_mounted_camera/image; camera_info fx=920.87, fy=921.57, cx=644.76, cy=343.15.
[vision_apriltag-9] [INFO] [1776453642.324839237] [vision_apriltag_node]: Vision AprilTag detection debug: no tags found after raw/CLAHE/sharp/adaptive/upscaled/tiled passes.
[vision_apriltag-9] [INFO] [1776453642.326712066] [vision_apriltag_node]: Vision AprilTag: images are arriving on /wrist_mounted_camera/image, but no AprilTags have been detected yet.
[scene_static-7] [WARN] [1776453642.861175670] [scene_static_node]: Planning scene service not available, waiting...
[ros2_control_node-1] [WARN] [1776453642.982728191] [controller_manager]: Overrun detected! The controller manager missed its desired rate of 1000 Hz. The loop took 2.058308 ms (missed cycles : 3).
[vision_apriltag-9] [INFO] [1776453643.469162695] [vision_apriltag_node]: Vision AprilTag: images are arriving on /wrist_mounted_camera/image, but no AprilTags have been detected yet.
[scene_static-7] [WARN] [1776453644.863026846] [scene_static_node]: Planning scene service not available, waiting...
[vision_apriltag-9] [INFO] [1776453646.072495644] [vision_apriltag_node]: Vision AprilTag: images are arriving on /wrist_mounted_camera/image, but no AprilTags have been detected yet.
[scene_static-7] [WARN] [1776453646.864841302] [scene_static_node]: Planning scene service not available, waiting...
[wrist_camera_usb_publisher-8] [INFO] [1776453647.022756962] [wrist_camera_usb_publisher_node]: USB camera publisher heartbeat: publishing 1280x720 frames on /wrist_mounted_camera/image; camera_info fx=920.87, fy=921.57, cx=644.76, cy=343.15.
[vision_apriltag-9] [INFO] [1776453648.004328661] [vision_apriltag_node]: Vision AprilTag detection debug: no tags found after raw/CLAHE/sharp/adaptive/upscaled/tiled passes.
[vision_apriltag-9] [INFO] [1776453648.118384320] [vision_apriltag_node]: Vision AprilTag: images are arriving on /wrist_mounted_camera/image, but no AprilTags have been detected yet.
[scene_static-7] [WARN] [1776453648.867192647] [scene_static_node]: Planning scene service not available, waiting...
[vision_apriltag-9] [INFO] [1776453650.602066095] [vision_apriltag_node]: Vision AprilTag: images are arriving on /wrist_mounted_camera/image, but no AprilTags have been detected yet.
[scene_static-7] [WARN] [1776453650.871326815] [scene_static_node]: Planning scene service not available, waiting...
[vision_apriltag-9] [INFO] [1776453651.621090291] [vision_apriltag_node]: Vision AprilTag: images are arriving on /wrist_mounted_camera/image, but no AprilTags have been detected yet.
[wrist_camera_usb_publisher-8] [INFO] [1776453652.120877830] [wrist_camera_usb_publisher_node]: USB camera publisher heartbeat: publishing 1280x720 frames on /wrist_mounted_camera/image; camera_info fx=920.87, fy=921.57, cx=644.76, cy=343.15.
[scene_static-7] [WARN] [1776453652.875995029] [scene_static_node]: Planning scene service not available, waiting...
[vision_apriltag-9] [INFO] [1776453653.099396739] [vision_apriltag_node]: Vision AprilTag detection debug: no tags found after raw/CLAHE/sharp/adaptive/upscaled/tiled passes.
[ros2_control_node-1] [WARN] [1776453653.222767297] [controller_manager]: Overrun detected! The controller manager missed its desired rate of 1000 Hz. The loop took 2.096995 ms (missed cycles : 3).
[vision_apriltag-9] [INFO] [1776453653.864634909] [vision_apriltag_node]: Vision AprilTag: images are arriving on /wrist_mounted_camera/image, but no AprilTags have been detected yet.
[scene_static-7] [WARN] [1776453654.878123936] [scene_static_node]: Planning scene service not available, waiting...
[vision_apriltag-9] [INFO] [1776453656.465538268] [vision_apriltag_node]: Vision AprilTag: images are arriving on /wrist_mounted_camera/image, but no AprilTags have been detected yet.
[scene_static-7] [WARN] [1776453656.883550421] [scene_static_node]: Planning scene service not available, waiting...
[wrist_camera_usb_publisher-8] [INFO] [1776453657.122350139] [wrist_camera_usb_publisher_node]: USB camera publisher heartbeat: publishing 1280x720 frames on /wrist_mounted_camera/image; camera_info fx=920.87, fy=921.57, cx=644.76, cy=343.15.
[vision_apriltag-9] [INFO] [1776453658.017802370] [vision_apriltag_node]: Vision AprilTag: images are arriving on /wrist_mounted_camera/image, but no AprilTags have been detected yet.
[vision_apriltag-9] [INFO] [1776453658.206429222] [vision_apriltag_node]: Vision AprilTag detection debug: no tags found after raw/CLAHE/sharp/adaptive/upscaled/tiled passes.
