
===== 2026-04-13T18:51:53-04:00 | T1_full =====
cwd=/home/carrt-cse-project/workspace/ros2_kortex_ws
cmd=ros2 launch adl_tasks adl_start.launch.py arm_use_fake_hardware:=false use_stub:=false 

[INFO] [launch]: All log files can be found below /home/carrt-cse-project/.ros/log/2026-04-13-18-51-53-914333-carrt-cse-project-OptiPlex-5050-31922
[INFO] [launch]: Default logging verbosity is set to INFO
[INFO] [launch.user]: [arm_start.launch] MoveIt current state source: /joint_states_sanitized. Use use_joint_state_sanitizer:=false for raw-state viewer debugging.
[INFO] [launch.user]: [arm_start.launch] Using ADL controller config (share/adl_tasks/config/ros2_controllers_vbox.yaml, update_rate:=50 Hz).
[INFO] [ros2_control_node-1]: process started with pid [31926]
[INFO] [robot_state_publisher-2]: process started with pid [31927]
[INFO] [joint_state_sanitizer-3]: process started with pid [31928]
[INFO] [spawner-4]: process started with pid [31929]
[INFO] [static_transform_publisher-5]: process started with pid [31930]
[INFO] [static_transform_publisher-6]: process started with pid [31931]
[INFO] [scene_static-7]: process started with pid [31932]
[INFO] [wrist_camera_usb_publisher-8]: process started with pid [31933]
[INFO] [vision_apriltag-9]: process started with pid [31934]
[INFO] [scene_from_vision-10]: process started with pid [31935]
[INFO] [adl_controller-11]: process started with pid [31936]
[INFO] [pick_dropped_bottle-12]: process started with pid [31937]
[INFO] [clear_table-13]: process started with pid [31938]
[INFO] [give_medication-14]: process started with pid [31939]
[INFO] [adl_ui-15]: process started with pid [31940]
[static_transform_publisher-6] [INFO] [1776120714.291926911] [camera_color_optical_bridge_tf_pub]: Spinning until stopped - publishing transform
[static_transform_publisher-6] translation: ('0.000000', '0.000000', '0.000000')
[static_transform_publisher-6] rotation: ('0.000000', '0.000000', '0.000000', '1.000000')
[static_transform_publisher-6] from 'camera_color_frame' to 'wrist_mounted_camera_color_optical_frame'
[static_transform_publisher-5] [INFO] [1776120714.343785420] [static_transform_publisher]: Spinning until stopped - publishing transform
[static_transform_publisher-5] translation: ('0.000000', '0.000000', '0.000000')
[static_transform_publisher-5] rotation: ('0.000000', '0.000000', '0.000000', '1.000000')
[static_transform_publisher-5] from 'world' to 'base_link'
[robot_state_publisher-2] [INFO] [1776120714.372073695] [robot_state_publisher]: Robot initialized
[ros2_control_node-1] [INFO] [1776120714.439781406] [controller_manager]: Using Steady (Monotonic) clock for triggering controller manager cycles.
[ros2_control_node-1] [INFO] [1776120714.489254250] [controller_manager]: Subscribing to '/robot_description' topic for robot description.
[ros2_control_node-1] [INFO] [1776120714.507072571] [controller_manager]: update rate is 50 Hz
[ros2_control_node-1] [INFO] [1776120714.507108422] [controller_manager]: Overruns handling is : enabled
[ros2_control_node-1] [INFO] [1776120714.507117896] [controller_manager]: Spawning controller_manager RT thread with scheduler priority: 50
[ros2_control_node-1] [INFO] [1776120714.509313486] [controller_manager]: Successful set up FIFO RT scheduling policy with priority 50.
[ros2_control_node-1] [INFO] [1776120714.606488730] [controller_manager]: Received robot description from topic.
[ros2_control_node-1] [INFO] [1776120714.606569223] [controller_manager]: Enforcing command limits is disabled. Command limits from URDF will be ignored.
[ros2_control_node-1] [INFO] [1776120714.647256280] [controller_manager]: Loading hardware 'KortexMultiInterfaceHardware' 
[ros2_control_node-1] [INFO] [1776120714.693907316] [KortexMultiInterfaceHardware]: Setting severity threshold to DEBUG
[ros2_control_node-1] [INFO] [1776120714.693978159] [controller_manager]: Loaded hardware 'KortexMultiInterfaceHardware' from plugin 'kortex_driver/KortexMultiInterfaceHardware'
[ros2_control_node-1] [INFO] [1776120714.694588678] [controller_manager]: Initialize hardware 'KortexMultiInterfaceHardware' 
[ros2_control_node-1] [INFO] [1776120714.725754298] [KortexMultiInterfaceHardware]: Configuring Hardware Interface
[ros2_control_node-1] [INFO] [1776120714.726124622] [KortexMultiInterfaceHardware]: Robot ip is '192.168.0.10'
[ros2_control_node-1] [INFO] [1776120714.726136515] [KortexMultiInterfaceHardware]: Username is 'admin'
[ros2_control_node-1] [INFO] [1776120714.726149093] [KortexMultiInterfaceHardware]: Port used '10000'
[ros2_control_node-1] [INFO] [1776120714.726154571] [KortexMultiInterfaceHardware]: Realtime port used '10001'
[ros2_control_node-1] [INFO] [1776120714.726159799] [KortexMultiInterfaceHardware]: Session inactivity timeout is '60000'
[ros2_control_node-1] [INFO] [1776120714.726165222] [KortexMultiInterfaceHardware]: Connection inactivity timeout is '2000'
[ros2_control_node-1] [INFO] [1776120714.726172075] [KortexMultiInterfaceHardware]: Gripper joint name is 'robotiq_85_left_knuckle_joint'
[ros2_control_node-1] [INFO] [1776120714.726203582] [KortexMultiInterfaceHardware]: Connecting to robot at 192.168.0.10
[ros2_control_node-1] [INFO] [1776120714.735353147] [KortexMultiInterfaceHardware]: Creating session for communication
[ros2_control_node-1] [INFO] [1776120714.771700302] [KortexMultiInterfaceHardware]: Session created
[spawner-4] [INFO] [1776120715.160565506] [spawner_joint_state_broadcaster]: waiting for service /controller_manager/list_controllers to become available...
[ros2_control_node-1] [INFO] [1776120715.454298678] [KortexMultiInterfaceHardware]: Actuator count reported by robot is '7'
[ros2_control_node-1] [INFO] [1776120715.454515541] [KortexMultiInterfaceHardware]: Using internal bus communication for gripper!
[ros2_control_node-1] [INFO] [1776120715.454525914] [KortexMultiInterfaceHardware]: Hardware Interface successfully configured
[ros2_control_node-1] [INFO] [1776120715.454616918] [controller_manager]: Successful initialization of hardware 'KortexMultiInterfaceHardware'
[ros2_control_node-1] [DEBUG] [1776120715.454689355] [KortexMultiInterfaceHardware]: export_state_interfaces for joint: joint_1
[ros2_control_node-1] [DEBUG] [1776120715.454717398] [KortexMultiInterfaceHardware]: export_state_interfaces for joint: joint_2
[ros2_control_node-1] [DEBUG] [1776120715.454723939] [KortexMultiInterfaceHardware]: export_state_interfaces for joint: joint_3
[ros2_control_node-1] [DEBUG] [1776120715.454728792] [KortexMultiInterfaceHardware]: export_state_interfaces for joint: joint_4
[ros2_control_node-1] [DEBUG] [1776120715.454732686] [KortexMultiInterfaceHardware]: export_state_interfaces for joint: joint_5
[ros2_control_node-1] [DEBUG] [1776120715.454737043] [KortexMultiInterfaceHardware]: export_state_interfaces for joint: joint_6
[ros2_control_node-1] [DEBUG] [1776120715.454740830] [KortexMultiInterfaceHardware]: export_state_interfaces for joint: joint_7
[ros2_control_node-1] [DEBUG] [1776120715.454744550] [KortexMultiInterfaceHardware]: export_state_interfaces for joint: robotiq_85_left_knuckle_joint
[ros2_control_node-1] [INFO] [1776120715.456738602] [resource_manager]: 'configure' hardware 'KortexMultiInterfaceHardware' 
[ros2_control_node-1] [INFO] [1776120715.456783675] [resource_manager]: Successful 'configure' of hardware 'KortexMultiInterfaceHardware'
[ros2_control_node-1] [INFO] [1776120715.456850986] [resource_manager]: 'activate' hardware 'KortexMultiInterfaceHardware' 
[ros2_control_node-1] [INFO] [1776120715.456878886] [KortexMultiInterfaceHardware]: Activating KortexMultiInterfaceHardware...
[ros2_control_node-1] [INFO] [1776120715.461536060] [KortexMultiInterfaceHardware]: Gripper initial position is '0.873365'.
[ros2_control_node-1] [INFO] [1776120715.467399938] [KortexMultiInterfaceHardware]: KortexMultiInterfaceHardware successfully activated!
[ros2_control_node-1] [INFO] [1776120715.467445475] [resource_manager]: Successful 'activate' of hardware 'KortexMultiInterfaceHardware'
[ros2_control_node-1] [INFO] [1776120715.467726748] [controller_manager]: Registering statistics for : KortexMultiInterfaceHardware
[ros2_control_node-1] [INFO] [1776120715.467886394] [controller_manager]: Resource Manager has been successfully initialized. Starting Controller Manager services...
[ros2_control_node-1] [INFO] [1776120715.672009314] [controller_manager]: Loading controller : 'joint_state_broadcaster' of type 'joint_state_broadcaster/JointStateBroadcaster'
[ros2_control_node-1] [INFO] [1776120715.672065620] [controller_manager]: Loading controller 'joint_state_broadcaster'
[ros2_control_node-1] [INFO] [1776120715.699279894] [controller_manager]: Controller 'joint_state_broadcaster' node arguments: --ros-args --params-file /home/carrt-cse-project/workspace/ros2_kortex_ws/install/adl_tasks/share/adl_tasks/config/ros2_controllers_vbox.yaml --params-file /tmp/launch_params_pwxhfffo 
[spawner-4] [INFO] [1776120715.775208309] [spawner_joint_state_broadcaster]: Loaded joint_state_broadcaster
[scene_from_vision-10] [INFO] [1776120715.781818817] [scene_from_vision_node]: Scene From Vision Node Started
[ros2_control_node-1] [INFO] [1776120715.783562090] [controller_manager]: Configuring controller: 'joint_state_broadcaster'
[ros2_control_node-1] [INFO] [1776120715.783843997] [joint_state_broadcaster]: 'joints' or 'interfaces' parameter is empty. All available state interfaces will be published
[ros2_control_node-1] [INFO] [1776120715.834578019] [controller_manager]: Activating controllers: [ joint_state_broadcaster ]
[ros2_control_node-1] [INFO] [1776120715.851281443] [controller_manager]: Successfully switched controllers!
[spawner-4] [INFO] [1776120715.890432377] [spawner_joint_state_broadcaster]: Configured and activated joint_state_broadcaster
[scene_static-7] [INFO] [1776120716.052577219] [scene_static_node]: Static Scene Node started.
[scene_static-7] [INFO] [1776120716.053889813] [scene_static_node]: WHEELCHAIR_BASE_HEIGHT = 0.36195m  |  Table surface at z = 0.088m | Table center at x = 0.681m | include_wheelchair_wall=True | include_left_desk_wall=True
[pick_dropped_bottle-12] [INFO] [1776120716.088938794] [pick_dropped_bottle_node]: PickDroppedBottle starting...
[scene_from_vision-10] [INFO] [1776120716.188677303] [scene_from_vision_node]: SceneFromVision: Updating planning scene. Tracking 5 object shape(s). memory_mode=True, scan_duration_s=5.0, scan_min_samples=3, scan_target_samples=8, scan_extend_step_s=1.5, scan_max_extensions=2, scan_prune_unseen_objects=False, continuous_scene_updates=False, latch_first_detection_updates=True, log_object_pose_debug=False, apply_planning_scene_service_updates=True, publish_monitored_planning_scene_updates=True, side_viewpoint=wrist_mounted_camera_color_optical_frame->base_link, reject_table_objects_outside_bounds=False.
[scene_from_vision-10] [INFO] [1776120716.196430774] [scene_from_vision_node]: SceneFromVision calibration: xy_offset=(0.000, 0.020), z_offset=0.000, yaw_deg=0.00, xy_scale=1.0000, clamp_table_objects_to_table_bounds=False, table_bounds_margin_m=0.030.
[scene_from_vision-10] [INFO] [1776120716.199841774] [scene_from_vision_node]: SceneFromVision object offsets: remote_axis=y, remote_tag_to_center_sign=-1.0, remote_tag_from_end_m=0.020, remote_world_offset=(-0.063, 0.000), remote_yaw_offset_deg=0.0, cube_tag_to_center=(0.000, 0.000), cube_world_offset=(0.000, 0.000), cube_yaw_offset_deg=0.0, medication_face_to_center_m=0.030, cup_face_to_center_m=0.037.
[clear_table-13] [INFO] [1776120716.227431534] [clear_table_node]: Clear Table Node Started
[joint_state_sanitizer-3] [INFO] [1776120716.238301627] [joint_state_sanitizer_node]: joint_state_sanitizer started. raw=/joint_states -> sanitized=/joint_states_sanitized
[INFO] [spawner-4]: process has finished cleanly [pid 31929]
[vision_apriltag-9] [INFO] [1776120716.309603195] [vision_apriltag_node]: Vision AprilTag Node Started
[vision_apriltag-9] [INFO] [1776120716.313187411] [vision_apriltag_node]: Subscribing to camera topic: /wrist_mounted_camera/image
[vision_apriltag-9] [INFO] [1776120716.318550806] [vision_apriltag_node]: Subscribing to camera info topic: /wrist_mounted_camera/camera_info
[vision_apriltag-9] [INFO] [1776120716.321375212] [vision_apriltag_node]: Camera frame: wrist_mounted_camera_color_optical_frame | use_image_header_frame=True
[vision_apriltag-9] [INFO] [1776120716.323937588] [vision_apriltag_node]: Tag size: 0.025m | pose_cache_retention_s=20.0 | get_pose_wait_timeout_s=5.0 | max_returned_pose_age_s=20.0 | camera_params=[554.25, 554.25, 320.0, 240.0] | families=tag36h11 | quad_decimate=1.0 | requested_backend=opencv | backend=cv2.aruco | opencv_pose_solver=ippe_square | use_image_timestamp_for_tf=False
[vision_apriltag-9] [INFO] [1776120716.329286900] [vision_apriltag_node]: Top-tag known-plane projection: enabled=True, planes={3: 0.10995, 4: 0.15155}
[vision_apriltag-9] [INFO] [1776120716.332122251] [vision_apriltag_node]: pupil_apriltags tuning: nthreads=1, quad_sigma=0.0, refine_edges=1, decode_sharpening=0.25, debug=0, preprocess_variants=['raw', 'clahe', 'adaptive', 'clahe_sharp', 'clahe_up2', 'sharp_up2'], tile_search_if_empty=True, tile_search_grid=3x2, tile_search_scale=2.0, tile_search_overlap=0.25
[pick_dropped_bottle-12] [INFO] [1776120716.335143562] [pick_dropped_bottle_node]: MoveItHelper initialized. joint_state_topic=/joint_states_sanitized (sanitized_expected=True) real_hardware_mode=True short_cartesian_mode=hybrid
[vision_apriltag-9] [WARN] [1776120716.335568457] [vision_apriltag_node]: pupil_apriltags is not importable by this node, so detection is using OpenCV fallback only. python=/usr/bin/python3, import_error=No module named 'pupil_apriltags'. If .venv contains pupil_apriltags, rebuild adl_tasks with that venv active or run the module with the venv Python.
[vision_apriltag-9] [INFO] [1776120716.339057923] [vision_apriltag_node]: Publishing AprilTag debug images on /vision_apriltag/debug_image at up to 1.0 Hz.
[pick_dropped_bottle-12] [INFO] [1776120716.377629026] [pick_dropped_bottle_node]: Vision Client initialized, waiting for service...
[pick_dropped_bottle-12] [INFO] [1776120716.379708243] [pick_dropped_bottle_node]: Vision service is ready.
[clear_table-13] [INFO] [1776120716.381485191] [clear_table_node]: MoveItHelper initialized. joint_state_topic=/joint_states_sanitized (sanitized_expected=True) real_hardware_mode=True short_cartesian_mode=hybrid
[pick_dropped_bottle-12] [INFO] [1776120716.390317483] [pick_dropped_bottle_node]: PickDroppedBottle ready. Waiting for command.
[pick_dropped_bottle-12] [INFO] [1776120716.396557714] [pick_dropped_bottle_node]: Startup motion disabled at node load; motion begins only after pick_dropped_bottle command.
[adl_ui-15] [INFO] [1776120716.398518252] [adl_ui_node]: ADL UI Node started.
[adl_ui-15] [INFO] [1776120716.399700387] [adl_ui_node]: Automatic retract on UI load is disabled; startup sends no motion.
[adl_ui-15]  * Serving Flask app 'adl_tasks.adl_ui'
[adl_ui-15]  * Debug mode: off
[adl_ui-15] [INFO] [1776120716.405849093] [adl_ui_node]: Web UI available at http://localhost:5000
[adl_ui-15] WARNING: This is a development server. Do not use it in a production deployment. Use a production WSGI server instead.
[adl_ui-15]  * Running on all addresses (0.0.0.0)
[adl_ui-15]  * Running on http://127.0.0.1:5000
[adl_ui-15]  * Running on http://192.168.0.231:5000
[clear_table-13] [INFO] [1776120716.425845277] [clear_table_node]: Vision Client initialized, waiting for service...
[adl_ui-15] Press CTRL+C to quit
[clear_table-13] [INFO] [1776120716.427376894] [clear_table_node]: Vision service is ready.
[clear_table-13] [INFO] [1776120716.462380883] [clear_table_node]: Clear Table Node ready. Waiting for command.
[clear_table-13] [INFO] [1776120716.463021511] [clear_table_node]: Startup motion disabled at node load; motion begins only after clear_table command.
[give_medication-14] [INFO] [1776120716.643862377] [give_medication_node]: give_medication starting...
[wrist_camera_usb_publisher-8] [INFO] [1776120716.645641325] [wrist_camera_usb_publisher_node]: USB camera publisher: trying camera source index 2.
[wrist_camera_usb_publisher-8] [INFO] [1776120716.653800797] [wrist_camera_usb_publisher_node]: USB camera publisher: opened camera source index 2.
[wrist_camera_usb_publisher-8] [INFO] [1776120716.654840820] [wrist_camera_usb_publisher_node]: Wrist Camera USB Publisher started.
[wrist_camera_usb_publisher-8] [INFO] [1776120716.655502704] [wrist_camera_usb_publisher_node]: Publishing USB camera frames on /wrist_mounted_camera/image with frame_id=wrist_mounted_camera_color_optical_frame.
[wrist_camera_usb_publisher-8] [INFO] [1776120716.656135724] [wrist_camera_usb_publisher_node]: Publishing camera info on /wrist_mounted_camera/camera_info from reference intrinsics [554.25, 554.25, 320.0, 240.0] @ 640x480.
[wrist_camera_usb_publisher-8] [INFO] [1776120716.656865788] [wrist_camera_usb_publisher_node]: Using explicit camera_matrix for CameraInfo. matrix_size=1280x720, K=[920.874267578125, 0.0, 644.7646484375, 0.0, 921.5654907226562, 343.1528625488281, 0.0, 0.0, 1.0], d=[0.0, 0.0, 0.0, 0.0, 0.0]
[wrist_camera_usb_publisher-8] [INFO] [1776120716.657625378] [wrist_camera_usb_publisher_node]: Requested source=2 size=1280x720 fps=10.0
[give_medication-14] [INFO] [1776120716.737766230] [give_medication_node]: MoveItHelper initialized. joint_state_topic=/joint_states_sanitized (sanitized_expected=True) real_hardware_mode=True short_cartesian_mode=hybrid
[give_medication-14] [INFO] [1776120716.752428347] [give_medication_node]: Vision Client initialized, waiting for service...
[give_medication-14] [INFO] [1776120716.753203977] [give_medication_node]: Vision service is ready.
[give_medication-14] [INFO] [1776120716.761873115] [give_medication_node]: give_medication ready.
[INFO] [spawner-16]: process started with pid [32165]
[INFO] [spawner-17]: process started with pid [32166]
[INFO] [spawner-18]: process started with pid [32167]
[INFO] [spawner-19]: process started with pid [32168]
[adl_ui-15] 127.0.0.1 - - [13/Apr/2026 18:51:57] "GET /status_json HTTP/1.1" 200 -
[adl_controller-11] [INFO] [1776120717.361811153] [adl_controller_node]: MoveItHelper initialized. joint_state_topic=/joint_states_sanitized (sanitized_expected=True) real_hardware_mode=True short_cartesian_mode=hybrid
[adl_controller-11] [INFO] [1776120717.372417655] [adl_controller_node]: ADL controller ready. Waiting for UI/system commands.
[wrist_camera_usb_publisher-8] [INFO] [1776120717.383201406] [wrist_camera_usb_publisher_node]: USB camera info active intrinsics: size=1280x720, fx=920.87, fy=921.57, cx=644.76, cy=343.15, d=array('d', [0.0, 0.0, 0.0, 0.0, 0.0])
[wrist_camera_usb_publisher-8] [INFO] [1776120717.384164788] [wrist_camera_usb_publisher_node]: USB camera publisher heartbeat: publishing 1280x720 frames on /wrist_mounted_camera/image; camera_info fx=920.87, fy=921.57, cx=644.76, cy=343.15.
[vision_apriltag-9] [INFO] [1776120717.387477843] [vision_apriltag_node]: Vision AprilTag camera model updated from CameraInfo: size=1280x720, fx=920.87, fy=921.57, cx=644.76, cy=343.15, d=[0.0, 0.0, 0.0, 0.0, 0.0]
[spawner-18] [INFO] [1776120717.485985796] [spawner_robotiq_gripper_controller]: waiting for service /controller_manager/list_controllers to become available...
[vision_apriltag-9] [INFO] [1776120717.637061989] [vision_apriltag_node]: Vision AprilTag detection debug: no tags found after raw/CLAHE/sharp/adaptive/upscaled/tiled passes.
[adl_ui-15] 127.0.0.1 - - [13/Apr/2026 18:51:58] "GET /status_json HTTP/1.1" 200 -
[scene_static-7] [WARN] [1776120718.212729775] [scene_static_node]: Planning scene service not available, waiting...
[vision_apriltag-9] [INFO] [1776120718.232200430] [vision_apriltag_node]: Vision AprilTag: images are arriving on /wrist_mounted_camera/image, but no AprilTags have been detected yet.
[ros2_control_node-1] [INFO] [1776120718.239628884] [controller_manager]: Loading controller : 'robotiq_gripper_controller' of type 'position_controllers/GripperActionController'
[ros2_control_node-1] [INFO] [1776120718.239664183] [controller_manager]: Loading controller 'robotiq_gripper_controller'
[ros2_control_node-1] [INFO] [1776120718.243862350] [controller_manager]: Controller 'robotiq_gripper_controller' node arguments: --ros-args --params-file /home/carrt-cse-project/workspace/ros2_kortex_ws/install/adl_tasks/share/adl_tasks/config/ros2_controllers_vbox.yaml --params-file /tmp/launch_params_pwxhfffo 
[ros2_control_node-1] [WARN] [1776120718.264097999] [robotiq_gripper_controller]: [Deprecated]: the `position_controllers/GripperActionController` and `effort_controllers::GripperActionController` controllers are replaced by 'parallel_gripper_controllers/GripperActionController' controller
[spawner-18] [INFO] [1776120718.271592751] [spawner_robotiq_gripper_controller]: Loaded robotiq_gripper_controller
[ros2_control_node-1] [INFO] [1776120718.354252286] [controller_manager]: Configuring controller: 'robotiq_gripper_controller'
[ros2_control_node-1] [INFO] [1776120718.354443204] [robotiq_gripper_controller]: Action status changes will be monitored at 20.000000 Hz.
[ros2_control_node-1] [INFO] [1776120718.372113596] [controller_manager]: Activating controllers: [ robotiq_gripper_controller ]
[ros2_control_node-1] [INFO] [1776120718.597243024] [controller_manager]: Successfully switched controllers!
[spawner-18] [INFO] [1776120718.612035201] [spawner_robotiq_gripper_controller]: Configured and activated robotiq_gripper_controller
[spawner-16] [INFO] [1776120718.728554612] [spawner_joint_trajectory_controller]: waiting for service /controller_manager/list_controllers to become available...
[INFO] [spawner-18]: process has finished cleanly [pid 32167]
[adl_ui-15] 127.0.0.1 - - [13/Apr/2026 18:51:59] "GET /status_json HTTP/1.1" 200 -
[adl_ui-15] 127.0.0.1 - - [13/Apr/2026 18:52:00] "GET /status_json HTTP/1.1" 200 -
[scene_static-7] [WARN] [1776120720.218360358] [scene_static_node]: Planning scene service not available, waiting...
[vision_apriltag-9] [INFO] [1776120720.664821982] [vision_apriltag_node]: Vision AprilTag: images are arriving on /wrist_mounted_camera/image, but no AprilTags have been detected yet.
[adl_ui-15] 127.0.0.1 - - [13/Apr/2026 18:52:01] "GET /status_json HTTP/1.1" 200 -
[ros2_control_node-1] [INFO] [1776120721.240473111] [controller_manager]: Loading controller : 'joint_trajectory_controller' of type 'joint_trajectory_controller/JointTrajectoryController'
[ros2_control_node-1] [INFO] [1776120721.240517227] [controller_manager]: Loading controller 'joint_trajectory_controller'
[ros2_control_node-1] [INFO] [1776120721.246759995] [controller_manager]: Controller 'joint_trajectory_controller' node arguments: --ros-args --params-file /home/carrt-cse-project/workspace/ros2_kortex_ws/install/adl_tasks/share/adl_tasks/config/ros2_controllers_vbox.yaml --params-file /tmp/launch_params_pwxhfffo 
[spawner-16] [INFO] [1776120721.312378509] [spawner_joint_trajectory_controller]: Loaded joint_trajectory_controller
[ros2_control_node-1] [INFO] [1776120721.317310933] [controller_manager]: Configuring controller: 'joint_trajectory_controller'
[ros2_control_node-1] [INFO] [1776120721.318808647] [joint_trajectory_controller]: No specific joint names are used for command interfaces. Using 'joints' parameter.
[ros2_control_node-1] [INFO] [1776120721.319809202] [joint_trajectory_controller]: Command interfaces are [position] and state interfaces are [position velocity].
[ros2_control_node-1] [INFO] [1776120721.320157694] [joint_trajectory_controller]: Using 'splines' interpolation method.
[ros2_control_node-1] [INFO] [1776120721.326592314] [joint_trajectory_controller]: Action status changes will be monitored at 10.00 Hz.
[ros2_control_node-1] [INFO] [1776120721.353187021] [controller_manager]: Activating controllers: [ joint_trajectory_controller ]
[ros2_control_node-1] [INFO] [1776120721.581146758] [controller_manager]: Successfully switched controllers!
[spawner-16] [INFO] [1776120721.594769538] [spawner_joint_trajectory_controller]: Configured and activated joint_trajectory_controller
[spawner-17] [INFO] [1776120721.756288727] [spawner_twist_controller]: waiting for service /controller_manager/list_controllers to become available...
[INFO] [spawner-16]: process has finished cleanly [pid 32165]
[adl_ui-15] 127.0.0.1 - - [13/Apr/2026 18:52:02] "GET /status_json HTTP/1.1" 200 -
[scene_static-7] [WARN] [1776120722.221389328] [scene_static_node]: Planning scene service not available, waiting...
[vision_apriltag-9] [INFO] [1776120722.335257109] [vision_apriltag_node]: Vision AprilTag: images are arriving on /wrist_mounted_camera/image, but no AprilTags have been detected yet.
[wrist_camera_usb_publisher-8] [INFO] [1776120722.450225510] [wrist_camera_usb_publisher_node]: USB camera publisher heartbeat: publishing 1280x720 frames on /wrist_mounted_camera/image; camera_info fx=920.87, fy=921.57, cx=644.76, cy=343.15.
[vision_apriltag-9] [INFO] [1776120722.840605259] [vision_apriltag_node]: Vision AprilTag detection debug: no tags found after raw/CLAHE/sharp/adaptive/upscaled/tiled passes.
[adl_ui-15] 127.0.0.1 - - [13/Apr/2026 18:52:03] "GET /status_json HTTP/1.1" 200 -
[INFO] [move_group-20]: process started with pid [32261]
[INFO] [rviz2-21]: process started with pid [32262]
[move_group-20] [INFO] [1776120723.688293256] [move_group.moveit.moveit.ros.rdf_loader]: Loaded robot model in 0.0106156 seconds
[move_group-20] [INFO] [1776120723.688451782] [move_group.moveit.moveit.core.robot_model]: Loading robot model 'gen3'...
[move_group-20] [INFO] [1776120723.688473590] [move_group.moveit.moveit.core.robot_model]: No root/virtual joint specified in SRDF. Assuming fixed joint
[move_group-20] [INFO] [1776120723.870862721] [move_group.moveit.moveit.kinematics.kdl_kinematics_plugin]: Joint weights for group 'manipulator': 1 1 1 1 1 1 1
[ros2_control_node-1] [INFO] [1776120724.072100186] [controller_manager]: Received robot description from topic.
[ros2_control_node-1] [WARN] [1776120724.072150731] [controller_manager]: ResourceManager has already loaded a urdf. Ignoring attempt to reload a robot description.
[adl_ui-15] 127.0.0.1 - - [13/Apr/2026 18:52:04] "GET /status_json HTTP/1.1" 200 -
[rviz2-21] [INFO] [1776120724.205192422] [rviz2]: Stereo is NOT SUPPORTED
[rviz2-21] [INFO] [1776120724.205288896] [rviz2]: OpenGl version: 4.6 (GLSL 4.6)
[scene_static-7] [WARN] [1776120724.224957495] [scene_static_node]: Planning scene service not available, waiting...
[vision_apriltag-9] [INFO] [1776120724.232366709] [vision_apriltag_node]: Vision AprilTag: images are arriving on /wrist_mounted_camera/image, but no AprilTags have been detected yet.
[rviz2-21] [INFO] [1776120724.237594836] [rviz2]: Stereo is NOT SUPPORTED
[ros2_control_node-1] [INFO] [1776120724.279595865] [controller_manager]: Loading controller : 'twist_controller' of type 'picknik_twist_controller/PicknikTwistController'
[ros2_control_node-1] [INFO] [1776120724.279653075] [controller_manager]: Loading controller 'twist_controller'
[ros2_control_node-1] [INFO] [1776120724.307395511] [controller_manager]: Controller 'twist_controller' node arguments: --ros-args --params-file /home/carrt-cse-project/workspace/ros2_kortex_ws/install/adl_tasks/share/adl_tasks/config/ros2_controllers_vbox.yaml --params-file /tmp/launch_params_pwxhfffo 
[move_group-20] [INFO] [1776120724.309672806] [move_group.moveit.moveit.ros.planning_scene_monitor]: Publishing maintained planning scene on 'monitored_planning_scene'
[move_group-20] [INFO] [1776120724.309939237] [move_group.moveit.moveit.ros.moveit_cpp]: Listening to 'joint_states' for joint states
[move_group-20] [INFO] [1776120724.311997456] [move_group.moveit.moveit.ros.current_state_monitor]: Listening to joint states on topic 'joint_states'
[move_group-20] [INFO] [1776120724.314532142] [move_group.moveit.moveit.ros.planning_scene_monitor]: Listening to '/attached_collision_object' for attached collision objects
[move_group-20] [INFO] [1776120724.314588679] [move_group.moveit.moveit.ros.planning_scene_monitor]: Stopping existing planning scene publisher.
[move_group-20] [INFO] [1776120724.314866399] [move_group.moveit.moveit.ros.planning_scene_monitor]: Stopped publishing maintained planning scene.
[move_group-20] [INFO] [1776120724.316528617] [move_group.moveit.moveit.ros.planning_scene_monitor]: Publishing maintained planning scene on 'monitored_planning_scene'
[move_group-20] [INFO] [1776120724.316636259] [move_group.moveit.moveit.ros.planning_scene_monitor]: Starting planning scene monitor
[move_group-20] [INFO] [1776120724.319357309] [move_group.moveit.moveit.ros.planning_scene_monitor]: Listening to '/planning_scene'
[move_group-20] [INFO] [1776120724.319397842] [move_group.moveit.moveit.ros.planning_scene_monitor]: Starting world geometry update monitor for collision objects, attached objects, octomap updates.
[move_group-20] [INFO] [1776120724.323494490] [move_group.moveit.moveit.ros.planning_scene_monitor]: Listening to 'collision_object'
[move_group-20] [INFO] [1776120724.326911848] [move_group.moveit.moveit.ros.planning_scene_monitor]: Listening to 'planning_scene_world' for planning scene world geometry
[move_group-20] [WARN] [1776120724.327955188] [move_group.moveit.moveit.ros.occupancy_map_monitor]: Resolution not specified for Octomap. Assuming resolution = 0.1 instead
[move_group-20] [ERROR] [1776120724.327985723] [move_group.moveit.moveit.ros.occupancy_map_monitor]: No 3D sensor plugin(s) defined for octomap updates
[spawner-17] [INFO] [1776120724.395038551] [spawner_twist_controller]: Loaded twist_controller
[ros2_control_node-1] [INFO] [1776120724.403523626] [controller_manager]: Configuring controller: 'twist_controller'
[ros2_control_node-1] [INFO] [1776120724.409405243] [twist_controller]: configure successful
[rviz2-21] Warning: class_loader.impl: SEVERE WARNING!!! A namespace collision has occurred with plugin factory for class rviz_default_plugins::displays::InteractiveMarkerDisplay. New factory will OVERWRITE existing one. This situation occurs when libraries containing plugins are directly linked against an executable (the one running right now generating this message). Please separate plugins out into their own library or just don't link against the library and use either class_loader::ClassLoader/MultiLibraryClassLoader to open.
[rviz2-21]          at line 321 in /opt/ros/jazzy/include/class_loader/class_loader/class_loader_core.hpp
[rviz2-21] [WARN] [1776120724.495604034] [rcl.logging_rosout]: Publisher already registered for node name: 'rviz2_moveit'. If this is due to multiple nodes with the same name then all logs for the logger named 'rviz2_moveit' will go out over the existing publisher. As soon as any node with that name is destructed it will unregister the publisher, preventing any further logs for that name from being published on the rosout topic.
[INFO] [spawner-17]: process has finished cleanly [pid 32166]
[spawner-19] [INFO] [1776120724.672628817] [spawner_fault_controller]: waiting for service /controller_manager/list_controllers to become available...
[adl_ui-15] 127.0.0.1 - - [13/Apr/2026 18:52:05] "GET /status_json HTTP/1.1" 200 -
[move_group-20] [INFO] [1776120725.768589620] [move_group.moveit.moveit.ros.planning_pipeline]: Successfully loaded planner 'OMPL'
[move_group-20] [INFO] [1776120725.774002837] [move_group]: Try loading adapter 'default_planning_request_adapters/ResolveConstraintFrames'
[move_group-20] [INFO] [1776120725.779413133] [move_group]: Loaded adapter 'default_planning_request_adapters/ResolveConstraintFrames'
[move_group-20] [INFO] [1776120725.779505825] [move_group]: Try loading adapter 'default_planning_request_adapters/ValidateWorkspaceBounds'
[move_group-20] [INFO] [1776120725.779834917] [move_group]: Loaded adapter 'default_planning_request_adapters/ValidateWorkspaceBounds'
[move_group-20] [INFO] [1776120725.779851290] [move_group]: Try loading adapter 'default_planning_request_adapters/CheckStartStateBounds'
[move_group-20] [INFO] [1776120725.779889137] [move_group]: Loaded adapter 'default_planning_request_adapters/CheckStartStateBounds'
[move_group-20] [INFO] [1776120725.779898999] [move_group]: Try loading adapter 'default_planning_request_adapters/CheckStartStateCollision'
[move_group-20] [INFO] [1776120725.779918266] [move_group]: Loaded adapter 'default_planning_request_adapters/CheckStartStateCollision'
[move_group-20] [INFO] [1776120725.791929466] [move_group]: Try loading adapter 'default_planning_response_adapters/AddTimeOptimalParameterization'
[move_group-20] [INFO] [1776120725.798888097] [move_group]: Loaded adapter 'default_planning_response_adapters/AddTimeOptimalParameterization'
[move_group-20] [INFO] [1776120725.798943509] [move_group]: Try loading adapter 'default_planning_response_adapters/ValidateSolution'
[move_group-20] [INFO] [1776120725.806470003] [move_group]: Loaded adapter 'default_planning_response_adapters/ValidateSolution'
[move_group-20] [INFO] [1776120725.806504820] [move_group]: Try loading adapter 'default_planning_response_adapters/DisplayMotionPath'
[move_group-20] [INFO] [1776120725.810688530] [move_group]: Loaded adapter 'default_planning_response_adapters/DisplayMotionPath'
[move_group-20] [INFO] [1776120725.979597740] [move_group.moveit.moveit.plugins.simple_controller_manager]: Added FollowJointTrajectory controller for joint_trajectory_controller
[move_group-20] [INFO] [1776120725.979662763] [move_group.moveit.moveit.plugins.simple_controller_manager]: robotiq_gripper_controller will command a max effort of: 0
[move_group-20] [INFO] [1776120725.986434307] [move_group.moveit.moveit.plugins.simple_controller_manager]: Added GripperCommand controller for robotiq_gripper_controller
[move_group-20] [INFO] [1776120725.987064558] [move_group.moveit.moveit.plugins.simple_controller_manager]: Returned 2 controllers in list
[move_group-20] [INFO] [1776120725.987242964] [move_group.moveit.moveit.plugins.simple_controller_manager]: Returned 2 controllers in list
[move_group-20] [INFO] [1776120725.987964973] [move_group.moveit.moveit.ros.trajectory_execution_manager]: Trajectory execution is managing controllers
[move_group-20] [INFO] [1776120725.987988778] [move_group]: MoveGroup debug mode is ON
[move_group-20] [INFO] [1776120726.054605785] [move_group.moveit.moveit.ros.move_group.executable]: 
[move_group-20] 
[move_group-20] ********************************************************
[move_group-20] * MoveGroup using: 
[move_group-20] *     - apply_planning_scene_service
[move_group-20] *     - clear_octomap_service
[move_group-20] *     - get_group_urdf
[move_group-20] *     - load_geometry_from_file
[move_group-20] *     - CartesianPathService
[move_group-20] *     - execute_trajectory_action
[move_group-20] *     - get_planning_scene_service
[move_group-20] *     - kinematics_service
[move_group-20] *     - move_action
[move_group-20] *     - motion_plan_service
[move_group-20] *     - query_planners_service
[move_group-20] *     - state_validation_service
[move_group-20] *     - save_geometry_to_file
[move_group-20] ********************************************************
[move_group-20] 
[move_group-20] [INFO] [1776120726.054686874] [move_group.moveit.moveit.ros.move_group.context]: MoveGroup context using pipeline ompl
[move_group-20] [INFO] [1776120726.054708367] [move_group.moveit.moveit.ros.move_group.context]: MoveGroup context initialization complete
[move_group-20] [96mLoading 'move_group/ApplyPlanningSceneService'...[0m
[move_group-20] [96mLoading 'move_group/ClearOctomapService'...[0m
[move_group-20] [96mLoading 'move_group/GetUrdfService'...[0m
[move_group-20] [96mLoading 'move_group/LoadGeometryFromFileService'...[0m
[move_group-20] [96mLoading 'move_group/MoveGroupCartesianPathService'...[0m
[move_group-20] [96mLoading 'move_group/MoveGroupExecuteTrajectoryAction'...[0m
[move_group-20] [96mLoading 'move_group/MoveGroupGetPlanningSceneService'...[0m
[move_group-20] [96mLoading 'move_group/MoveGroupKinematicsService'...[0m
[move_group-20] [96mLoading 'move_group/MoveGroupMoveAction'...[0m
[move_group-20] [96mLoading 'move_group/MoveGroupPlanService'...[0m
[move_group-20] [96mLoading 'move_group/MoveGroupQueryPlannersService'...[0m
[move_group-20] [96mLoading 'move_group/MoveGroupStateValidationService'...[0m
[move_group-20] [96mLoading 'move_group/SaveGeometryToFileService'...[0m
[move_group-20] 
[move_group-20] [92mYou can start planning now![0m
[move_group-20] 
[adl_ui-15] 127.0.0.1 - - [13/Apr/2026 18:52:06] "GET /status_json HTTP/1.1" 200 -
[vision_apriltag-9] [INFO] [1776120726.231689887] [vision_apriltag_node]: Vision AprilTag: images are arriving on /wrist_mounted_camera/image, but no AprilTags have been detected yet.
[scene_static-7] [INFO] [1776120726.233929922] [scene_static_node]: Planning scene service available. Building static scene...
[scene_static-7] [INFO] [1776120726.238532180] [scene_static_node]: Static scene built: 15 objects added to MoveIt planning scene.
[adl_ui-15] 127.0.0.1 - - [13/Apr/2026 18:52:07] "GET /status_json HTTP/1.1" 200 -
[ros2_control_node-1] [INFO] [1776120727.196634272] [controller_manager]: Loading controller : 'fault_controller' of type 'picknik_reset_fault_controller/PicknikResetFaultController'
[ros2_control_node-1] [INFO] [1776120727.196678089] [controller_manager]: Loading controller 'fault_controller'
[ros2_control_node-1] [INFO] [1776120727.202674282] [controller_manager]: Controller 'fault_controller' node arguments: --ros-args --params-file /home/carrt-cse-project/workspace/ros2_kortex_ws/install/adl_tasks/share/adl_tasks/config/ros2_controllers_vbox.yaml --params-file /tmp/launch_params_pwxhfffo 
[spawner-19] [INFO] [1776120727.253212724] [spawner_fault_controller]: Loaded fault_controller
[ros2_control_node-1] [INFO] [1776120727.259452103] [controller_manager]: Configuring controller: 'fault_controller'
[ros2_control_node-1] [INFO] [1776120727.281721567] [controller_manager]: Activating controllers: [ fault_controller ]
[ros2_control_node-1] [INFO] [1776120727.495465544] [controller_manager]: Successfully switched controllers!
[spawner-19] [INFO] [1776120727.517150121] [spawner_fault_controller]: Configured and activated fault_controller
[rviz2-21] [ERROR] [1776120727.590280835] [rviz2_moveit.moveit.ros.motion_planning_frame]: Action server: /recognize_objects not available
[wrist_camera_usb_publisher-8] [INFO] [1776120727.615673411] [wrist_camera_usb_publisher_node]: USB camera publisher heartbeat: publishing 1280x720 frames on /wrist_mounted_camera/image; camera_info fx=920.87, fy=921.57, cx=644.76, cy=343.15.
[rviz2-21] [INFO] [1776120727.661002897] [rviz2_moveit.moveit.ros.motion_planning_frame]: MoveGroup namespace changed: / -> . Reloading params.
[rviz2-21] [INFO] [1776120727.723621591] [rviz2_moveit.moveit.ros.rdf_loader]: Loaded robot model in 0.0184318 seconds
[rviz2-21] [INFO] [1776120727.723716065] [rviz2_moveit.moveit.core.robot_model]: Loading robot model 'gen3'...
[rviz2-21] [INFO] [1776120727.723744332] [rviz2_moveit.moveit.core.robot_model]: No root/virtual joint specified in SRDF. Assuming fixed joint
[INFO] [spawner-19]: process has finished cleanly [pid 32168]
[rviz2-21] [INFO] [1776120727.944120664] [rviz2_moveit.moveit.kinematics.kdl_kinematics_plugin]: Joint weights for group 'manipulator': 1 1 1 1 1 1 1
[vision_apriltag-9] [INFO] [1776120728.064122310] [vision_apriltag_node]: Vision AprilTag detection debug: no tags found after raw/CLAHE/sharp/adaptive/upscaled/tiled passes.
[adl_ui-15] 127.0.0.1 - - [13/Apr/2026 18:52:08] "GET /status_json HTTP/1.1" 200 -
[rviz2-21] [INFO] [1776120728.395073147] [rviz2_moveit.moveit.ros.planning_scene_monitor]: Starting planning scene monitor
[rviz2-21] [INFO] [1776120728.398006845] [rviz2_moveit.moveit.ros.planning_scene_monitor]: Listening to '/monitored_planning_scene'
[vision_apriltag-9] [INFO] [1776120728.547142030] [vision_apriltag_node]: Vision AprilTag: images are arriving on /wrist_mounted_camera/image, but no AprilTags have been detected yet.
[rviz2-21] [INFO] [1776120728.757222719] [interactive_marker_display_97496126777984]: Connected on namespace: /rviz_moveit_motion_planning_display/robot_interaction_interactive_marker_topic
[rviz2-21] [INFO] [1776120728.765561462] [rviz2_moveit.moveit.ros.robot_interaction]: No active joints or end effectors found for group 'gripper'. Make sure that kinematics.yaml is loaded in this node's namespace.
[rviz2-21] [INFO] [1776120728.766447533] [rviz2_moveit.moveit.ros.robot_interaction]: No active joints or end effectors found for group 'gripper'. Make sure that kinematics.yaml is loaded in this node's namespace.
[rviz2-21] [INFO] [1776120728.783597767] [rviz2_moveit.moveit.ros.motion_planning_frame]: group gripper
[rviz2-21] [INFO] [1776120728.783636846] [rviz2_moveit.moveit.ros.motion_planning_frame]: Constructing new MoveGroup connection for group 'gripper' in namespace ''
[rviz2-21] [INFO] [1776120728.810570492] [interactive_marker_display_97496126777984]: Sending request for interactive markers
[rviz2-21] [INFO] [1776120728.844842828] [interactive_marker_display_97496126777984]: Service response received for initialization
[rviz2-21] [INFO] [1776120728.855922244] [rviz2_moveit.moveit.ros.move_group_interface]: Ready to take commands for planning group gripper.
[rviz2-21] [INFO] [1776120728.858874475] [rviz2_moveit.moveit.ros.motion_planning_frame]: group gripper
[adl_ui-15] 127.0.0.1 - - [13/Apr/2026 18:52:09] "GET /status_json HTTP/1.1" 200 -
[adl_ui-15] 127.0.0.1 - - [13/Apr/2026 18:52:10] "GET /status_json HTTP/1.1" 200 -
[vision_apriltag-9] [INFO] [1776120730.865650186] [vision_apriltag_node]: Vision AprilTag: images are arriving on /wrist_mounted_camera/image, but no AprilTags have been detected yet.
[adl_ui-15] 127.0.0.1 - - [13/Apr/2026 18:52:11] "GET /status_json HTTP/1.1" 200 -
[adl_ui-15] 127.0.0.1 - - [13/Apr/2026 18:52:12] "GET /status_json HTTP/1.1" 200 -
[wrist_camera_usb_publisher-8] [INFO] [1776120732.773621596] [wrist_camera_usb_publisher_node]: USB camera publisher heartbeat: publishing 1280x720 frames on /wrist_mounted_camera/image; camera_info fx=920.87, fy=921.57, cx=644.76, cy=343.15.
[vision_apriltag-9] [INFO] [1776120732.972549620] [vision_apriltag_node]: Vision AprilTag: images are arriving on /wrist_mounted_camera/image, but no AprilTags have been detected yet.
[vision_apriltag-9] [INFO] [1776120733.068321608] [vision_apriltag_node]: Vision AprilTag detection debug: no tags found after raw/CLAHE/sharp/adaptive/upscaled/tiled passes.
[adl_ui-15] 127.0.0.1 - - [13/Apr/2026 18:52:13] "GET /status_json HTTP/1.1" 200 -
[adl_ui-15] 127.0.0.1 - - [13/Apr/2026 18:52:14] "GET /status_json HTTP/1.1" 200 -
[vision_apriltag-9] [INFO] [1776120734.233869728] [vision_apriltag_node]: Vision AprilTag: images are arriving on /wrist_mounted_camera/image, but no AprilTags have been detected yet.
[adl_ui-15] 127.0.0.1 - - [13/Apr/2026 18:52:14] "GET /status_json HTTP/1.1" 200 -
[adl_ui-15] [INFO] [1776120735.616274294] [adl_ui_node]: UI command published: clear_table
[clear_table-13] [INFO] [1776120735.620158524] [clear_table_node]: Received clear_table command. Starting task execution.
[clear_table-13] [INFO] [1776120735.626464817] [clear_table_node]: Starting Clear Table Task...
[adl_ui-15] 127.0.0.1 - - [13/Apr/2026 18:52:15] "POST /command HTTP/1.1" 200 -
[scene_from_vision-10] [INFO] [1776120735.630942749] [scene_from_vision_node]: Scene memory cleared. Removed remembered IDs: []
[clear_table-13] [INFO] [1776120735.677973552] [clear_table_node]: Scene memory cleared. Removed remembered IDs: []
[clear_table-13] [INFO] [1776120735.681415474] [clear_table_node]: Scene LOCKED.
[scene_from_vision-10] [INFO] [1776120735.687648206] [scene_from_vision_node]: Scene LOCKED - updates paused.
[adl_ui-15] 127.0.0.1 - - [13/Apr/2026 18:52:15] "GET /status_json HTTP/1.1" 200 -
[clear_table-13] [INFO] [1776120735.831985417] [clear_table_node]: Moving to perform the initial scene scan for clear table task...
[clear_table-13] [INFO] [1776120735.832669515] [clear_table_node]: is_near_look_at_table: current arm is not at target (worst=joint_4:0.503 rad > 0.080).
[clear_table-13] [INFO] [1776120735.833073655] [clear_table_node]: look_at_table: staging through a safer entry joint pose before the final scan posture.
[clear_table-13] [INFO] [1776120735.833651830] [clear_table_node]: look_at_table entry: current arm is not at target (worst=joint_4:0.241 rad > 0.080).
[clear_table-13] [INFO] [1776120735.834053202] [clear_table_node]: look_at_table entry: moving with deterministic fixed joint pose.
[move_group-20] [ERROR] [1776120735.834908702] [move_group.moveit.moveit.core.conversions]: Found empty JointState message
[INFO] [launch.user]: [arm_start.launch] move_group reported an empty JointState while sanitizer mode is active. Keeping the launch alive, but this still indicates a planning-state problem. move_group output: [ERROR] [1776120735.834908702] [move_group.moveit.moveit.core.conversions]: Found empty JointState message
[clear_table-13] [INFO] [1776120735.837961699] [clear_table_node]: Start state: collision-valid — no collisions (not a joint-bounds check).
[move_group-20] [INFO] [1776120735.843620561] [move_group.moveit.moveit.ros.move_group.move_action]: MoveGroupMoveAction: Received request
[move_group-20] [INFO] [1776120735.844098651] [move_group.moveit.moveit.ros.move_group.move_action]: executing..
[move_group-20] [INFO] [1776120735.863137245] [move_group.moveit.moveit.ros.move_group.move_action]: Combined planning and execution request received for MoveGroup action. Forwarding to planning and execution pipeline.
[move_group-20] [WARN] [1776120735.863208691] [move_group.moveit.moveit.ros.move_group.capability]: Execution of motions should always start at the robot's current state. Ignoring the state supplied as start state in the motion planning request
[move_group-20] [WARN] [1776120735.863244612] [move_group.moveit.moveit.ros.move_group.capability]: Execution of motions should always start at the robot's current state. Ignoring the state supplied as difference in the planning scene diff
[move_group-20] [INFO] [1776120735.863284235] [move_group.moveit.moveit.ros.plan_execution]: Planning attempt 1 of at most 1
[move_group-20] [INFO] [1776120735.863776997] [move_group]: Calling PlanningRequestAdapter 'ResolveConstraintFrames'
[move_group-20] [INFO] [1776120735.863834279] [move_group]: Calling PlanningRequestAdapter 'ValidateWorkspaceBounds'
[move_group-20] [INFO] [1776120735.863859429] [move_group]: Calling PlanningRequestAdapter 'CheckStartStateBounds'
[move_group-20] [INFO] [1776120735.863902260] [move_group]: Calling PlanningRequestAdapter 'CheckStartStateCollision'
[move_group-20] [INFO] [1776120735.865051707] [move_group.moveit.moveit.planners.ompl.model_based_planning_context]: Planner configuration 'manipulator' will use planner 'geometric::RRTConnect'. Additional configuration parameters will be set when the planner is constructed.
[move_group-20] [INFO] [1776120735.866390485] [move_group]: Calling Planner 'OMPL'
[move_group-20] [INFO] [1776120735.884767024] [move_group]: Calling PlanningResponseAdapter 'AddTimeOptimalParameterization'
[move_group-20] [INFO] [1776120735.887994470] [move_group]: Calling PlanningResponseAdapter 'ValidateSolution'
[move_group-20] [INFO] [1776120735.889056810] [move_group]: Calling PlanningResponseAdapter 'DisplayMotionPath'
[move_group-20] [WARN] [1776120735.889276075] [move_group.moveit.moveit.ros.planning_pipeline]: The planner plugin did not fill out the 'planner_id' field of the MotionPlanResponse. Setting it to the planner ID name of the MotionPlanRequest assuming that the planner plugin does warn you if it does not use the requested planner.
[move_group-20] [INFO] [1776120735.889516341] [move_group.moveit.moveit.plugins.simple_controller_manager]: Returned 2 controllers in list
[move_group-20] [INFO] [1776120735.889557551] [move_group.moveit.moveit.plugins.simple_controller_manager]: Returned 2 controllers in list
[move_group-20] [INFO] [1776120735.889656768] [move_group.moveit.moveit.ros.trajectory_execution_manager]: Validating trajectory with allowed_start_tolerance 0.01
[move_group-20] [INFO] [1776120735.904214586] [move_group.moveit.moveit.ros.trajectory_execution_manager]: Starting trajectory execution ...
[move_group-20] [INFO] [1776120735.904320263] [move_group.moveit.moveit.plugins.simple_controller_manager]: Returned 2 controllers in list
[move_group-20] [INFO] [1776120735.904361274] [move_group.moveit.moveit.plugins.simple_controller_manager]: Returned 2 controllers in list
[move_group-20] [INFO] [1776120735.904619508] [moveit.simple_controller_manager.follow_joint_trajectory_controller_handle]: sending trajectory to joint_trajectory_controller
[move_group-20] [INFO] [1776120735.906952048] [moveit.simple_controller_manager.follow_joint_trajectory_controller_handle]: joint_trajectory_controller started execution
[move_group-20] [INFO] [1776120735.907008892] [moveit.simple_controller_manager.follow_joint_trajectory_controller_handle]: Goal request accepted!
[ros2_control_node-1] [INFO] [1776120735.905702308] [joint_trajectory_controller]: Received new action goal
[ros2_control_node-1] [INFO] [1776120735.905845754] [joint_trajectory_controller]: Accepted new action goal
[vision_apriltag-9] [INFO] [1776120736.231398160] [vision_apriltag_node]: Vision AprilTag: scene is locked; detection publishing is paused.
[ros2_control_node-1] [ERROR] [1776120736.271725678] [KortexMultiInterfaceHardware]: Kortex exception: Device error, Error sub type=WRONG_SERVOING_MODE => <srv: 3, fct: 1, msgType: 3>
[ros2_control_node-1] description: Wrong servoing mode, must be low level servoing mode
[ros2_control_node-1] [ERROR] [1776120736.271797674] [KortexMultiInterfaceHardware]: Error sub-code: WRONG_SERVOING_MODE
[ros2_control_node-1] [WARN] [1776120736.271845722] [controller_manager]: Overrun might occur, Total time : 82384.496 us (Expected < 20000.000 us) --> Read time : 51.961 us, Update time : 303.225 us, Write time : 82029.310 us
[ros2_control_node-1] [WARN] [1776120736.271898269] [controller_manager]: Overrun detected! The controller manager missed its desired rate of 50 Hz. The loop took 82.470100 ms (missed cycles : 5).
[adl_ui-15] 127.0.0.1 - - [13/Apr/2026 18:52:16] "GET /status_json HTTP/1.1" 200 -
[adl_ui-15] 127.0.0.1 - - [13/Apr/2026 18:52:17] "GET /status_json HTTP/1.1" 200 -
[ros2_control_node-1] [ERROR] [1776120737.549714020] [tolerances]: State tolerances failed for joint 3:
[ros2_control_node-1] [ERROR] [1776120737.549751149] [tolerances]: Position Error: 0.151679, Position Tolerance: 0.150000
[ros2_control_node-1] [WARN] [1776120737.549891163] [joint_trajectory_controller]: Aborted due to state tolerance violation
[move_group-20] [WARN] [1776120737.609133996] [moveit.simple_controller_manager.follow_joint_trajectory_controller_handle]: Controller 'joint_trajectory_controller' failed with error PATH_TOLERANCE_VIOLATED: Aborted due to path tolerance violation
[move_group-20] [WARN] [1776120737.609171492] [move_group.moveit.moveit.ros.trajectory_execution_manager]: Controller handle joint_trajectory_controller reports status ABORTED
[move_group-20] [INFO] [1776120737.609195986] [move_group.moveit.moveit.ros.trajectory_execution_manager]: Completed trajectory execution with status ABORTED ...
[move_group-20] [INFO] [1776120737.612704407] [move_group.moveit.moveit.ros.move_group.move_action]: CONTROL_FAILED
[clear_table-13] [ERROR] [1776120737.618476726] [clear_table_node]: MoveGroup execution failed.
[clear_table-13]   error_code.val = -4
[clear_table-13]   group_name      = manipulator
[clear_table-13]   num_attempts    = 10
[clear_table-13]   allowed_time    = 18.0
[clear_table-13]   vel_scale       = 0.08
[clear_table-13]   accel_scale     = 0.06
[clear_table-13] If this persists, check move_group / controller logs for the meaning of this code (often control abort, invalid start state, or planning pipeline failure).
[clear_table-13] [WARN] [1776120737.619353822] [clear_table_node]: _recover_after_failure(): MoveGroup error_code=-4
[wrist_camera_usb_publisher-8] [INFO] [1776120737.930666627] [wrist_camera_usb_publisher_node]: USB camera publisher heartbeat: publishing 1280x720 frames on /wrist_mounted_camera/image; camera_info fx=920.87, fy=921.57, cx=644.76, cy=343.15.
[adl_ui-15] 127.0.0.1 - - [13/Apr/2026 18:52:17] "GET /status_json HTTP/1.1" 200 -
[vision_apriltag-9] [INFO] [1776120738.231587903] [vision_apriltag_node]: Vision AprilTag: scene is locked; detection publishing is paused.
[adl_ui-15] 127.0.0.1 - - [13/Apr/2026 18:52:18] "GET /status_json HTTP/1.1" 200 -
[clear_table-13] [WARN] [1776120738.823455019] [clear_table_node]: Initial scene scan move failed. Retrying look_at_table (2/3) after short settle.
[clear_table-13] [INFO] [1776120739.257732528] [clear_table_node]: is_near_look_at_table: current arm is not at target (worst=joint_4:0.483 rad > 0.080).
[clear_table-13] [INFO] [1776120739.258261286] [clear_table_node]: look_at_table: staging through a safer entry joint pose before the final scan posture.
[clear_table-13] [INFO] [1776120739.258816228] [clear_table_node]: look_at_table entry: current arm is not at target (worst=joint_4:0.222 rad > 0.080).
[clear_table-13] [INFO] [1776120739.259395307] [clear_table_node]: look_at_table entry: moving with deterministic fixed joint pose.
[move_group-20] [ERROR] [1776120739.260342797] [move_group.moveit.moveit.core.conversions]: Found empty JointState message
[clear_table-13] [INFO] [1776120739.264703994] [clear_table_node]: Start state: collision-valid — no collisions (not a joint-bounds check).
[move_group-20] [INFO] [1776120739.265847590] [move_group.moveit.moveit.ros.move_group.move_action]: MoveGroupMoveAction: Received request
[move_group-20] [INFO] [1776120739.266034921] [move_group.moveit.moveit.ros.move_group.move_action]: executing..
[move_group-20] [INFO] [1776120739.282295768] [move_group.moveit.moveit.ros.move_group.move_action]: Combined planning and execution request received for MoveGroup action. Forwarding to planning and execution pipeline.
[move_group-20] [WARN] [1776120739.282360217] [move_group.moveit.moveit.ros.move_group.capability]: Execution of motions should always start at the robot's current state. Ignoring the state supplied as start state in the motion planning request
[move_group-20] [WARN] [1776120739.282381855] [move_group.moveit.moveit.ros.move_group.capability]: Execution of motions should always start at the robot's current state. Ignoring the state supplied as difference in the planning scene diff
[move_group-20] [INFO] [1776120739.282394362] [move_group.moveit.moveit.ros.plan_execution]: Planning attempt 1 of at most 1
[move_group-20] [INFO] [1776120739.282831228] [move_group]: Calling PlanningRequestAdapter 'ResolveConstraintFrames'
[move_group-20] [INFO] [1776120739.282868715] [move_group]: Calling PlanningRequestAdapter 'ValidateWorkspaceBounds'
[move_group-20] [INFO] [1776120739.282894157] [move_group]: Calling PlanningRequestAdapter 'CheckStartStateBounds'
[move_group-20] [INFO] [1776120739.282928218] [move_group]: Calling PlanningRequestAdapter 'CheckStartStateCollision'
[move_group-20] [INFO] [1776120739.283339592] [move_group.moveit.moveit.planners.ompl.model_based_planning_context]: Planner configuration 'manipulator' will use planner 'geometric::RRTConnect'. Additional configuration parameters will be set when the planner is constructed.
[move_group-20] [INFO] [1776120739.283410700] [move_group]: Calling Planner 'OMPL'
[move_group-20] [INFO] [1776120739.305781174] [move_group]: Calling PlanningResponseAdapter 'AddTimeOptimalParameterization'
[move_group-20] [INFO] [1776120739.307594816] [move_group]: Calling PlanningResponseAdapter 'ValidateSolution'
[move_group-20] [INFO] [1776120739.308570458] [move_group]: Calling PlanningResponseAdapter 'DisplayMotionPath'
[move_group-20] [WARN] [1776120739.308739346] [move_group.moveit.moveit.ros.planning_pipeline]: The planner plugin did not fill out the 'planner_id' field of the MotionPlanResponse. Setting it to the planner ID name of the MotionPlanRequest assuming that the planner plugin does warn you if it does not use the requested planner.
[move_group-20] [INFO] [1776120739.308934993] [move_group.moveit.moveit.plugins.simple_controller_manager]: Returned 2 controllers in list
[move_group-20] [INFO] [1776120739.308962201] [move_group.moveit.moveit.plugins.simple_controller_manager]: Returned 2 controllers in list
[move_group-20] [INFO] [1776120739.309087789] [move_group.moveit.moveit.ros.trajectory_execution_manager]: Validating trajectory with allowed_start_tolerance 0.01
[move_group-20] [INFO] [1776120739.321908938] [move_group.moveit.moveit.ros.trajectory_execution_manager]: Starting trajectory execution ...
[move_group-20] [INFO] [1776120739.321974291] [move_group.moveit.moveit.plugins.simple_controller_manager]: Returned 2 controllers in list
[move_group-20] [INFO] [1776120739.322010251] [move_group.moveit.moveit.plugins.simple_controller_manager]: Returned 2 controllers in list
[move_group-20] [INFO] [1776120739.322193282] [moveit.simple_controller_manager.follow_joint_trajectory_controller_handle]: sending trajectory to joint_trajectory_controller
[ros2_control_node-1] [INFO] [1776120739.322581137] [joint_trajectory_controller]: Received new action goal
[ros2_control_node-1] [INFO] [1776120739.322637537] [joint_trajectory_controller]: Accepted new action goal
[move_group-20] [INFO] [1776120739.322825111] [moveit.simple_controller_manager.follow_joint_trajectory_controller_handle]: joint_trajectory_controller started execution
[move_group-20] [INFO] [1776120739.322838569] [moveit.simple_controller_manager.follow_joint_trajectory_controller_handle]: Goal request accepted!
[adl_ui-15] 127.0.0.1 - - [13/Apr/2026 18:52:19] "GET /status_json HTTP/1.1" 200 -
[vision_apriltag-9] [INFO] [1776120740.232362016] [vision_apriltag_node]: Vision AprilTag: scene is locked; detection publishing is paused.
[adl_ui-15] 127.0.0.1 - - [13/Apr/2026 18:52:20] "GET /status_json HTTP/1.1" 200 -
[ros2_control_node-1] [ERROR] [1776120740.789628836] [tolerances]: State tolerances failed for joint 3:
[ros2_control_node-1] [ERROR] [1776120740.789670591] [tolerances]: Position Error: 0.150997, Position Tolerance: 0.150000
[ros2_control_node-1] [WARN] [1776120740.789728731] [joint_trajectory_controller]: Aborted due to state tolerance violation
[move_group-20] [WARN] [1776120740.823484327] [moveit.simple_controller_manager.follow_joint_trajectory_controller_handle]: Controller 'joint_trajectory_controller' failed with error PATH_TOLERANCE_VIOLATED: Aborted due to path tolerance violation
[move_group-20] [WARN] [1776120740.823529275] [move_group.moveit.moveit.ros.trajectory_execution_manager]: Controller handle joint_trajectory_controller reports status ABORTED
[move_group-20] [INFO] [1776120740.823558552] [move_group.moveit.moveit.ros.trajectory_execution_manager]: Completed trajectory execution with status ABORTED ...
[move_group-20] [INFO] [1776120740.832106763] [move_group.moveit.moveit.ros.move_group.move_action]: CONTROL_FAILED
[clear_table-13] [ERROR] [1776120740.836720397] [clear_table_node]: MoveGroup execution failed.
[clear_table-13]   error_code.val = -4
[clear_table-13]   group_name      = manipulator
[clear_table-13]   num_attempts    = 10
[clear_table-13]   allowed_time    = 18.0
[clear_table-13]   vel_scale       = 0.08
[clear_table-13]   accel_scale     = 0.06
[clear_table-13] If this persists, check move_group / controller logs for the meaning of this code (often control abort, invalid start state, or planning pipeline failure).
[clear_table-13] [WARN] [1776120740.837374797] [clear_table_node]: _recover_after_failure(): MoveGroup error_code=-4
[adl_ui-15] 127.0.0.1 - - [13/Apr/2026 18:52:20] "GET /status_json HTTP/1.1" 200 -
[adl_ui-15] 127.0.0.1 - - [13/Apr/2026 18:52:21] "GET /status_json HTTP/1.1" 200 -
[clear_table-13] [WARN] [1776120742.044411290] [clear_table_node]: Initial scene scan move failed. Retrying look_at_table (3/3) after short settle.
[vision_apriltag-9] [INFO] [1776120742.232626557] [vision_apriltag_node]: Vision AprilTag: scene is locked; detection publishing is paused.
[clear_table-13] [INFO] [1776120742.480531419] [clear_table_node]: is_near_look_at_table: current arm is not at target (worst=joint_4:0.483 rad > 0.080).
[clear_table-13] [INFO] [1776120742.481300487] [clear_table_node]: look_at_table: staging through a safer entry joint pose before the final scan posture.
[clear_table-13] [INFO] [1776120742.482190197] [clear_table_node]: look_at_table entry: current arm is not at target (worst=joint_4:0.222 rad > 0.080).
[clear_table-13] [INFO] [1776120742.488005517] [clear_table_node]: look_at_table entry: moving with deterministic fixed joint pose.
[move_group-20] [ERROR] [1776120742.488817289] [move_group.moveit.moveit.core.conversions]: Found empty JointState message
[clear_table-13] [INFO] [1776120742.492006654] [clear_table_node]: Start state: collision-valid — no collisions (not a joint-bounds check).
[move_group-20] [INFO] [1776120742.493157009] [move_group.moveit.moveit.ros.move_group.move_action]: MoveGroupMoveAction: Received request
[move_group-20] [INFO] [1776120742.493343883] [move_group.moveit.moveit.ros.move_group.move_action]: executing..
[adl_ui-15] 127.0.0.1 - - [13/Apr/2026 18:52:22] "GET /status_json HTTP/1.1" 200 -
[move_group-20] [INFO] [1776120742.501954823] [move_group.moveit.moveit.ros.move_group.move_action]: Combined planning and execution request received for MoveGroup action. Forwarding to planning and execution pipeline.
[move_group-20] [WARN] [1776120742.502024892] [move_group.moveit.moveit.ros.move_group.capability]: Execution of motions should always start at the robot's current state. Ignoring the state supplied as start state in the motion planning request
[move_group-20] [WARN] [1776120742.502046963] [move_group.moveit.moveit.ros.move_group.capability]: Execution of motions should always start at the robot's current state. Ignoring the state supplied as difference in the planning scene diff
[move_group-20] [INFO] [1776120742.502062163] [move_group.moveit.moveit.ros.plan_execution]: Planning attempt 1 of at most 1
[move_group-20] [INFO] [1776120742.502387367] [move_group]: Calling PlanningRequestAdapter 'ResolveConstraintFrames'
[move_group-20] [INFO] [1776120742.502419730] [move_group]: Calling PlanningRequestAdapter 'ValidateWorkspaceBounds'
[move_group-20] [INFO] [1776120742.502436751] [move_group]: Calling PlanningRequestAdapter 'CheckStartStateBounds'
[move_group-20] [INFO] [1776120742.502468927] [move_group]: Calling PlanningRequestAdapter 'CheckStartStateCollision'
[move_group-20] [INFO] [1776120742.502831083] [move_group.moveit.moveit.planners.ompl.model_based_planning_context]: Planner configuration 'manipulator' will use planner 'geometric::RRTConnect'. Additional configuration parameters will be set when the planner is constructed.
[move_group-20] [INFO] [1776120742.502911769] [move_group]: Calling Planner 'OMPL'
[move_group-20] [INFO] [1776120742.523045092] [move_group]: Calling PlanningResponseAdapter 'AddTimeOptimalParameterization'
[move_group-20] [INFO] [1776120742.524984672] [move_group]: Calling PlanningResponseAdapter 'ValidateSolution'
[move_group-20] [INFO] [1776120742.525494614] [move_group]: Calling PlanningResponseAdapter 'DisplayMotionPath'
[move_group-20] [WARN] [1776120742.525595095] [move_group.moveit.moveit.ros.planning_pipeline]: The planner plugin did not fill out the 'planner_id' field of the MotionPlanResponse. Setting it to the planner ID name of the MotionPlanRequest assuming that the planner plugin does warn you if it does not use the requested planner.
[move_group-20] [INFO] [1776120742.525803892] [move_group.moveit.moveit.plugins.simple_controller_manager]: Returned 2 controllers in list
[move_group-20] [INFO] [1776120742.525834474] [move_group.moveit.moveit.plugins.simple_controller_manager]: Returned 2 controllers in list
[move_group-20] [INFO] [1776120742.525904403] [move_group.moveit.moveit.ros.trajectory_execution_manager]: Validating trajectory with allowed_start_tolerance 0.01
[move_group-20] [INFO] [1776120742.541974342] [move_group.moveit.moveit.ros.trajectory_execution_manager]: Starting trajectory execution ...
[move_group-20] [INFO] [1776120742.542095853] [move_group.moveit.moveit.plugins.simple_controller_manager]: Returned 2 controllers in list
[move_group-20] [INFO] [1776120742.542152353] [move_group.moveit.moveit.plugins.simple_controller_manager]: Returned 2 controllers in list
[move_group-20] [INFO] [1776120742.542411622] [moveit.simple_controller_manager.follow_joint_trajectory_controller_handle]: sending trajectory to joint_trajectory_controller
[ros2_control_node-1] [INFO] [1776120742.542830390] [joint_trajectory_controller]: Received new action goal
[ros2_control_node-1] [INFO] [1776120742.542895598] [joint_trajectory_controller]: Accepted new action goal
[move_group-20] [INFO] [1776120742.543115639] [moveit.simple_controller_manager.follow_joint_trajectory_controller_handle]: joint_trajectory_controller started execution
[move_group-20] [INFO] [1776120742.543133230] [moveit.simple_controller_manager.follow_joint_trajectory_controller_handle]: Goal request accepted!
[wrist_camera_usb_publisher-8] [INFO] [1776120743.093100260] [wrist_camera_usb_publisher_node]: USB camera publisher heartbeat: publishing 1280x720 frames on /wrist_mounted_camera/image; camera_info fx=920.87, fy=921.57, cx=644.76, cy=343.15.
[adl_ui-15] 127.0.0.1 - - [13/Apr/2026 18:52:23] "GET /status_json HTTP/1.1" 200 -
[adl_ui-15] 127.0.0.1 - - [13/Apr/2026 18:52:23] "GET /status_json HTTP/1.1" 200 -
[ros2_control_node-1] [ERROR] [1776120744.009602780] [tolerances]: State tolerances failed for joint 3:
[ros2_control_node-1] [ERROR] [1776120744.009638525] [tolerances]: Position Error: 0.151000, Position Tolerance: 0.150000
[ros2_control_node-1] [WARN] [1776120744.009693830] [joint_trajectory_controller]: Aborted due to state tolerance violation
[move_group-20] [WARN] [1776120744.043527186] [moveit.simple_controller_manager.follow_joint_trajectory_controller_handle]: Controller 'joint_trajectory_controller' failed with error PATH_TOLERANCE_VIOLATED: Aborted due to path tolerance violation
[move_group-20] [WARN] [1776120744.043567712] [move_group.moveit.moveit.ros.trajectory_execution_manager]: Controller handle joint_trajectory_controller reports status ABORTED
[move_group-20] [INFO] [1776120744.043596735] [move_group.moveit.moveit.ros.trajectory_execution_manager]: Completed trajectory execution with status ABORTED ...
[move_group-20] [INFO] [1776120744.052150531] [move_group.moveit.moveit.ros.move_group.move_action]: CONTROL_FAILED
[clear_table-13] [ERROR] [1776120744.057083545] [clear_table_node]: MoveGroup execution failed.
[clear_table-13]   error_code.val = -4
[clear_table-13]   group_name      = manipulator
[clear_table-13]   num_attempts    = 10
[clear_table-13]   allowed_time    = 18.0
[clear_table-13]   vel_scale       = 0.08
[clear_table-13]   accel_scale     = 0.06
[clear_table-13] If this persists, check move_group / controller logs for the meaning of this code (often control abort, invalid start state, or planning pipeline failure).
[clear_table-13] [WARN] [1776120744.057915828] [clear_table_node]: _recover_after_failure(): MoveGroup error_code=-4
[vision_apriltag-9] [INFO] [1776120744.231473370] [vision_apriltag_node]: Vision AprilTag: scene is locked; detection publishing is paused.
[adl_ui-15] 127.0.0.1 - - [13/Apr/2026 18:52:24] "GET /status_json HTTP/1.1" 200 -
[clear_table-13] [ERROR] [1776120745.260982240] [clear_table_node]: Initial scene scan move failed. Clear Table will stop before enabling vision.
[clear_table-13] [INFO] [1776120745.261759018] [clear_table_node]: Scene UNLOCKED.
[scene_from_vision-10] [INFO] [1776120745.265841666] [scene_from_vision_node]: Scene UNLOCKED - updates resuming.
[adl_ui-15] 127.0.0.1 - - [13/Apr/2026 18:52:25] "GET /status_json HTTP/1.1" 200 -
[scene_from_vision-10] [INFO] [1776120745.556028831] [scene_from_vision_node]: Scene memory cleared. Removed remembered IDs: []
[vision_apriltag-9] [INFO] [1776120745.825968732] [vision_apriltag_node]: Vision AprilTag detection debug: no tags found after raw/CLAHE/sharp/adaptive/upscaled/tiled passes.
[vision_apriltag-9] [INFO] [1776120746.231849684] [vision_apriltag_node]: Vision AprilTag: images are arriving on /wrist_mounted_camera/image, but no AprilTags have been detected yet.
[adl_ui-15] 127.0.0.1 - - [13/Apr/2026 18:52:26] "GET /status_json HTTP/1.1" 200 -
[adl_ui-15] 127.0.0.1 - - [13/Apr/2026 18:52:26] "GET /status_json HTTP/1.1" 200 -
[adl_ui-15] 127.0.0.1 - - [13/Apr/2026 18:52:27] "GET /status_json HTTP/1.1" 200 -
[wrist_camera_usb_publisher-8] [INFO] [1776120748.255433064] [wrist_camera_usb_publisher_node]: USB camera publisher heartbeat: publishing 1280x720 frames on /wrist_mounted_camera/image; camera_info fx=920.87, fy=921.57, cx=644.76, cy=343.15.
[vision_apriltag-9] [INFO] [1776120748.368514269] [vision_apriltag_node]: Vision AprilTag: images are arriving on /wrist_mounted_camera/image, but no AprilTags have been detected yet.
[adl_ui-15] 127.0.0.1 - - [13/Apr/2026 18:52:28] "GET /status_json HTTP/1.1" 200 -
[adl_ui-15] 127.0.0.1 - - [13/Apr/2026 18:52:29] "GET /status_json HTTP/1.1" 200 -
[adl_ui-15] 127.0.0.1 - - [13/Apr/2026 18:52:30] "GET /status_json HTTP/1.1" 200 -
[vision_apriltag-9] [INFO] [1776120750.232252775] [vision_apriltag_node]: Vision AprilTag: images are arriving on /wrist_mounted_camera/image, but no AprilTags have been detected yet.
[adl_controller-11] [WARN] [1776120750.552130928] [adl_controller_node]: Scene clear timed out after clear_table terminal transition.
[adl_ui-15] 127.0.0.1 - - [13/Apr/2026 18:52:30] "GET /status_json HTTP/1.1" 200 -
[vision_apriltag-9] [INFO] [1776120750.950883084] [vision_apriltag_node]: Vision AprilTag detection debug: no tags found after raw/CLAHE/sharp/adaptive/upscaled/tiled passes.
[adl_ui-15] 127.0.0.1 - - [13/Apr/2026 18:52:31] "GET /status_json HTTP/1.1" 200 -
[adl_ui-15] 127.0.0.1 - - [13/Apr/2026 18:52:32] "GET /status_json HTTP/1.1" 200 -
[vision_apriltag-9] [INFO] [1776120752.290541310] [vision_apriltag_node]: Vision AprilTag: images are arriving on /wrist_mounted_camera/image, but no AprilTags have been detected yet.
[adl_ui-15] 127.0.0.1 - - [13/Apr/2026 18:52:33] "GET /status_json HTTP/1.1" 200 -
[wrist_camera_usb_publisher-8] [INFO] [1776120753.413093744] [wrist_camera_usb_publisher_node]: USB camera publisher heartbeat: publishing 1280x720 frames on /wrist_mounted_camera/image; camera_info fx=920.87, fy=921.57, cx=644.76, cy=343.15.
[adl_ui-15] 127.0.0.1 - - [13/Apr/2026 18:52:33] "GET /status_json HTTP/1.1" 200 -
[adl_ui-15] 127.0.0.1 - - [13/Apr/2026 18:52:34] "GET /status_json HTTP/1.1" 200 -
[vision_apriltag-9] [INFO] [1776120754.599411977] [vision_apriltag_node]: Vision AprilTag: images are arriving on /wrist_mounted_camera/image, but no AprilTags have been detected yet.
[adl_ui-15] 127.0.0.1 - - [13/Apr/2026 18:52:35] "GET /status_json HTTP/1.1" 200 -
[vision_apriltag-9] [INFO] [1776120755.995014117] [vision_apriltag_node]: Vision AprilTag detection debug: no tags found after raw/CLAHE/sharp/adaptive/upscaled/tiled passes.
[adl_ui-15] 127.0.0.1 - - [13/Apr/2026 18:52:36] "GET /status_json HTTP/1.1" 200 -
[vision_apriltag-9] [INFO] [1776120756.463060753] [vision_apriltag_node]: Vision AprilTag: images are arriving on /wrist_mounted_camera/image, but no AprilTags have been detected yet.
[adl_ui-15] 127.0.0.1 - - [13/Apr/2026 18:52:36] "GET /status_json HTTP/1.1" 200 -
[adl_ui-15] 127.0.0.1 - - [13/Apr/2026 18:52:37] "GET /status_json HTTP/1.1" 200 -
[vision_apriltag-9] [INFO] [1776120758.233594731] [vision_apriltag_node]: Vision AprilTag: images are arriving on /wrist_mounted_camera/image, but no AprilTags have been detected yet.
[adl_ui-15] 127.0.0.1 - - [13/Apr/2026 18:52:38] "GET /status_json HTTP/1.1" 200 -
[wrist_camera_usb_publisher-8] [INFO] [1776120758.583195836] [wrist_camera_usb_publisher_node]: USB camera publisher heartbeat: publishing 1280x720 frames on /wrist_mounted_camera/image; camera_info fx=920.87, fy=921.57, cx=644.76, cy=343.15.
[adl_ui-15] 127.0.0.1 - - [13/Apr/2026 18:52:39] "GET /status_json HTTP/1.1" 200 -
[adl_ui-15] 127.0.0.1 - - [13/Apr/2026 18:52:39] "GET /status_json HTTP/1.1" 200 -
[vision_apriltag-9] [INFO] [1776120760.406961938] [vision_apriltag_node]: Vision AprilTag: images are arriving on /wrist_mounted_camera/image, but no AprilTags have been detected yet.
[adl_ui-15] 127.0.0.1 - - [13/Apr/2026 18:52:40] "GET /status_json HTTP/1.1" 200 -
[vision_apriltag-9] [INFO] [1776120761.006325211] [vision_apriltag_node]: Vision AprilTag detection debug: no tags found after raw/CLAHE/sharp/adaptive/upscaled/tiled passes.
[adl_ui-15] 127.0.0.1 - - [13/Apr/2026 18:52:41] "GET /status_json HTTP/1.1" 200 -
[adl_ui-15] 127.0.0.1 - - [13/Apr/2026 18:52:42] "GET /status_json HTTP/1.1" 200 -
[vision_apriltag-9] [INFO] [1776120762.317627414] [vision_apriltag_node]: Vision AprilTag: images are arriving on /wrist_mounted_camera/image, but no AprilTags have been detected yet.
[adl_ui-15] 127.0.0.1 - - [13/Apr/2026 18:52:42] "GET /status_json HTTP/1.1" 200 -
[adl_ui-15] 127.0.0.1 - - [13/Apr/2026 18:52:43] "GET /status_json HTTP/1.1" 200 -
[wrist_camera_usb_publisher-8] [INFO] [1776120763.740776384] [wrist_camera_usb_publisher_node]: USB camera publisher heartbeat: publishing 1280x720 frames on /wrist_mounted_camera/image; camera_info fx=920.87, fy=921.57, cx=644.76, cy=343.15.
[adl_ui-15] 127.0.0.1 - - [13/Apr/2026 18:52:44] "GET /status_json HTTP/1.1" 200 -
