
===== 2026-04-22T17:32:56-04:00 | T1_full =====
cwd=/home/carrt-cse-project/workspace/ros2_kortex_ws
cmd=ros2 launch adl_tasks adl_start.launch.py launch_rviz:=true 

[INFO] [launch]: All log files can be found below /home/carrt-cse-project/.ros/log/2026-04-22-17-32-56-487168-carrt-cse-project-OptiPlex-5050-11976
[INFO] [launch]: Default logging verbosity is set to INFO
[INFO] [launch.user]: [adl_start.launch] arm_use_fake_hardware:=true, so RViz/MoveIt will show fake arm state instead of the physical Kinova.
[INFO] [launch.user]: [arm_start.launch] MoveIt current state source: /joint_states_sanitized. Use use_joint_state_sanitizer:=false for raw-state viewer debugging.
[INFO] [launch.user]: [arm_start.launch] Using ADL controller config (share/adl_tasks/config/ros2_controllers_vbox.yaml, update_rate:=125 Hz).
[INFO] [launch.user]: [arm_start.launch] use_fake_hardware:=true. RViz/MoveIt will follow fake controller state instead of the physical Kinova arm.
[INFO] [ros2_control_node-1]: process started with pid [11980]
[INFO] [robot_state_publisher-2]: process started with pid [11981]
[INFO] [joint_state_sanitizer-3]: process started with pid [11982]
[INFO] [spawner-4]: process started with pid [11983]
[INFO] [static_transform_publisher-5]: process started with pid [11984]
[INFO] [static_transform_publisher-6]: process started with pid [11985]
[INFO] [scene_static-7]: process started with pid [11986]
[INFO] [wrist_camera_usb_publisher-8]: process started with pid [11987]
[INFO] [vision_apriltag-9]: process started with pid [11988]
[INFO] [scene_from_vision-10]: process started with pid [11989]
[INFO] [adl_controller-11]: process started with pid [11990]
[INFO] [pick_dropped_bottle-12]: process started with pid [11991]
[INFO] [clear_table-13]: process started with pid [11992]
[INFO] [give_medication-14]: process started with pid [11993]
[INFO] [adl_ui-15]: process started with pid [11994]
[static_transform_publisher-6] [INFO] [1776893576.879888603] [camera_color_optical_bridge_tf_pub]: Spinning until stopped - publishing transform
[static_transform_publisher-6] translation: ('0.000000', '0.000000', '0.000000')
[static_transform_publisher-6] rotation: ('0.000000', '0.000000', '0.000000', '1.000000')
[static_transform_publisher-6] from 'camera_color_frame' to 'wrist_mounted_camera_color_optical_frame'
[robot_state_publisher-2] [INFO] [1776893576.936990451] [robot_state_publisher]: Robot initialized
[static_transform_publisher-5] [INFO] [1776893576.965603699] [static_transform_publisher]: Spinning until stopped - publishing transform
[static_transform_publisher-5] translation: ('0.000000', '0.000000', '0.000000')
[static_transform_publisher-5] rotation: ('0.000000', '0.000000', '0.000000', '1.000000')
[static_transform_publisher-5] from 'world' to 'base_link'
[ros2_control_node-1] [INFO] [1776893576.977647488] [controller_manager]: Using Steady (Monotonic) clock for triggering controller manager cycles.
[ros2_control_node-1] [INFO] [1776893577.007138416] [controller_manager]: Subscribing to '/robot_description' topic for robot description.
[ros2_control_node-1] [INFO] [1776893577.017872151] [controller_manager]: update rate is 125 Hz
[ros2_control_node-1] [INFO] [1776893577.017912719] [controller_manager]: Overruns handling is : enabled
[ros2_control_node-1] [INFO] [1776893577.017922935] [controller_manager]: Spawning controller_manager RT thread with scheduler priority: 50
[ros2_control_node-1] [INFO] [1776893577.019502327] [controller_manager]: Successful set up FIFO RT scheduling policy with priority 50.
[ros2_control_node-1] [INFO] [1776893577.208491366] [controller_manager]: Received robot description from topic.
[ros2_control_node-1] [INFO] [1776893577.208560797] [controller_manager]: Enforcing command limits is disabled. Command limits from URDF will be ignored.
[ros2_control_node-1] [INFO] [1776893577.226023562] [controller_manager]: Loading hardware 'KortexMultiInterfaceHardware' 
[ros2_control_node-1] [INFO] [1776893577.230040885] [controller_manager]: Loaded hardware 'KortexMultiInterfaceHardware' from plugin 'mock_components/GenericSystem'
[ros2_control_node-1] [INFO] [1776893577.230599675] [controller_manager]: Initialize hardware 'KortexMultiInterfaceHardware' 
[ros2_control_node-1] [INFO] [1776893577.262396551] [controller_manager]: Successful initialization of hardware 'KortexMultiInterfaceHardware'
[ros2_control_node-1] [INFO] [1776893577.263801503] [controller_manager]: Loading hardware 'RobotiqGripperHardwareInterface' 
[ros2_control_node-1] [INFO] [1776893577.263931600] [controller_manager]: Loaded hardware 'RobotiqGripperHardwareInterface' from plugin 'mock_components/GenericSystem'
[ros2_control_node-1] [INFO] [1776893577.264110623] [controller_manager]: Initialize hardware 'RobotiqGripperHardwareInterface' 
[ros2_control_node-1] [INFO] [1776893577.292303985] [controller_manager]: Successful initialization of hardware 'RobotiqGripperHardwareInterface'
[ros2_control_node-1] [INFO] [1776893577.292867151] [resource_manager]: 'configure' hardware 'RobotiqGripperHardwareInterface' 
[ros2_control_node-1] [INFO] [1776893577.293091667] [resource_manager]: Successful 'configure' of hardware 'RobotiqGripperHardwareInterface'
[ros2_control_node-1] [INFO] [1776893577.293119263] [resource_manager]: 'activate' hardware 'RobotiqGripperHardwareInterface' 
[ros2_control_node-1] [INFO] [1776893577.293146220] [resource_manager]: Successful 'activate' of hardware 'RobotiqGripperHardwareInterface'
[ros2_control_node-1] [INFO] [1776893577.293373120] [resource_manager]: 'configure' hardware 'KortexMultiInterfaceHardware' 
[ros2_control_node-1] [INFO] [1776893577.293436544] [resource_manager]: Successful 'configure' of hardware 'KortexMultiInterfaceHardware'
[ros2_control_node-1] [INFO] [1776893577.293465874] [resource_manager]: 'activate' hardware 'KortexMultiInterfaceHardware' 
[ros2_control_node-1] [INFO] [1776893577.293475242] [resource_manager]: Successful 'activate' of hardware 'KortexMultiInterfaceHardware'
[ros2_control_node-1] [INFO] [1776893577.293540446] [controller_manager]: Registering statistics for : RobotiqGripperHardwareInterface
[ros2_control_node-1] [INFO] [1776893577.293679755] [controller_manager]: Registering statistics for : KortexMultiInterfaceHardware
[ros2_control_node-1] [INFO] [1776893577.293754768] [controller_manager]: Resource Manager has been successfully initialized. Starting Controller Manager services...
[joint_state_sanitizer-3] [INFO] [1776893577.952788973] [joint_state_sanitizer_node]: joint_state_sanitizer started. raw=/joint_states -> sanitized=/joint_states_sanitized
[ros2_control_node-1] [INFO] [1776893578.255576842] [controller_manager]: Loading controller : 'joint_state_broadcaster' of type 'joint_state_broadcaster/JointStateBroadcaster'
[ros2_control_node-1] [INFO] [1776893578.255636419] [controller_manager]: Loading controller 'joint_state_broadcaster'
[ros2_control_node-1] [INFO] [1776893578.282824028] [controller_manager]: Controller 'joint_state_broadcaster' node arguments: --ros-args --params-file /home/carrt-cse-project/workspace/ros2_kortex_ws/install/adl_tasks/share/adl_tasks/config/ros2_controllers_vbox.yaml --params-file /tmp/launch_params_sx24ttka 
[spawner-4] [INFO] [1776893578.423452561] [spawner_joint_state_broadcaster]: Loaded joint_state_broadcaster
[ros2_control_node-1] [INFO] [1776893578.426471543] [controller_manager]: Configuring controller: 'joint_state_broadcaster'
[ros2_control_node-1] [INFO] [1776893578.426747300] [joint_state_broadcaster]: 'joints' or 'interfaces' parameter is empty. All available state interfaces will be published
[adl_ui-15] [INFO] [1776893578.454422531] [adl_ui_node]: ADL UI Node started.
[adl_ui-15] [INFO] [1776893578.455137146] [adl_ui_node]: Automatic retract on UI load is disabled; startup sends no motion.
[adl_ui-15]  * Serving Flask app 'adl_tasks.adl_ui'
[adl_ui-15]  * Debug mode: off
[adl_ui-15] [INFO] [1776893578.461106092] [adl_ui_node]: Web UI available at http://localhost:5000
[wrist_camera_usb_publisher-8] [INFO] [1776893578.471541539] [wrist_camera_usb_publisher_node]: USB camera publisher: trying camera source index 2.
[ros2_control_node-1] [INFO] [1776893578.474406419] [controller_manager]: Activating controllers: [ joint_state_broadcaster ]
[ros2_control_node-1] [INFO] [1776893578.477664011] [controller_manager]: Successfully switched controllers!
[adl_ui-15] WARNING: This is a development server. Do not use it in a production deployment. Use a production WSGI server instead.
[adl_ui-15]  * Running on all addresses (0.0.0.0)
[adl_ui-15]  * Running on http://127.0.0.1:5000
[adl_ui-15]  * Running on http://192.168.0.231:5000
[adl_ui-15] Press CTRL+C to quit
[spawner-4] [INFO] [1776893578.486557061] [spawner_joint_state_broadcaster]: Configured and activated joint_state_broadcaster
[wrist_camera_usb_publisher-8] [INFO] [1776893578.581297635] [wrist_camera_usb_publisher_node]: USB camera publisher: opened camera source index 2.
[wrist_camera_usb_publisher-8] [INFO] [1776893578.582407511] [wrist_camera_usb_publisher_node]: Wrist Camera USB Publisher started.
[wrist_camera_usb_publisher-8] [INFO] [1776893578.585516207] [wrist_camera_usb_publisher_node]: Publishing USB camera frames on /wrist_mounted_camera/image with frame_id=wrist_mounted_camera_color_optical_frame.
[wrist_camera_usb_publisher-8] [INFO] [1776893578.589586442] [wrist_camera_usb_publisher_node]: Publishing camera info on /wrist_mounted_camera/camera_info from reference intrinsics [554.25, 554.25, 320.0, 240.0] @ 640x480.
[wrist_camera_usb_publisher-8] [INFO] [1776893578.590721764] [wrist_camera_usb_publisher_node]: Using explicit camera_matrix for CameraInfo. matrix_size=1280x720, K=[920.874267578125, 0.0, 644.7646484375, 0.0, 921.5654907226562, 343.1528625488281, 0.0, 0.0, 1.0], d=[0.0, 0.0, 0.0, 0.0, 0.0]
[wrist_camera_usb_publisher-8] [INFO] [1776893578.592729701] [wrist_camera_usb_publisher_node]: Requested source=2 size=1280x720 fps=10.0
[scene_static-7] [INFO] [1776893578.619686879] [scene_static_node]: Static Scene Node started.
[scene_static-7] [INFO] [1776893578.630855412] [scene_static_node]: WHEELCHAIR_BASE_HEIGHT = 0.36195m  |  Table surface at z = 0.118m | Table front-edge-from-base = 0.406m | Table center at x = 0.681m | table_edge_lip_margin=0.0127m | table_edge_lip_thickness=0.0127m | table_edge_lip_height=0.480m | include_wheelchair_wall=True | include_left_desk_wall=True | include_right_desk_wall=True | include_arm_base_under_block=True | include_arm_base_side_lips=True | include_arm_base_left_back_block=True | include_arm_base_right_back_half_block=True
[scene_static-7] [INFO] [1776893578.632635182] [scene_static_node]: Wheelchair wall geometry: center=(-0.465, 0.000, 0.482) size=(0.450, 0.700, 1.688)
[scene_static-7] [INFO] [1776893578.633851668] [scene_static_node]: Arm-base under-block geometry: center=(0.000, 0.000, -0.212) size=(0.302, 0.378, 0.300) | platform=(0.200, 0.200) | margins(front/back=0.051, left/right=0.089)
[scene_static-7] [INFO] [1776893578.635189934] [scene_static_node]: Arm-base side-lip geometry: left_y=0.198, right_y=-0.198, center_z=-0.047, size=(0.314, 0.006, 0.030) | x_offset=-0.076, outset=0.006, front/back_margin=0.006
[scene_static-7] [INFO] [1776893578.636747547] [scene_static_node]: Arm-base left-back block geometry: center=(-0.177, 0.312, 0.482) size=(0.100, 0.408, 1.688) | inner_faces(x=-0.127, y=0.108) | left_wall_inner_face_y=0.504 | into_left_wall=0.013
[scene_static-7] [INFO] [1776893578.638412857] [scene_static_node]: Arm-base right-back half block geometry: center=(-0.177, -0.312, 0.060) size=(0.100, 0.408, 0.844) | inner_faces(x=-0.127, y=-0.108) | right_wall_inner_face_y=-0.504 | into_right_wall=0.013
[pick_dropped_bottle-12] [INFO] [1776893578.684568622] [pick_dropped_bottle_node]: PickDroppedBottle starting...
[INFO] [spawner-4]: process has finished cleanly [pid 11983]
[scene_from_vision-10] [INFO] [1776893578.791080187] [scene_from_vision_node]: Scene From Vision Node Started
[pick_dropped_bottle-12] [INFO] [1776893578.791784293] [pick_dropped_bottle_node]: MoveItHelper initialized. joint_state_topic=/joint_states_sanitized (sanitized_expected=True) real_hardware_mode=False short_cartesian_mode=planned
[vision_apriltag-9] [INFO] [1776893578.804209820] [vision_apriltag_node]: Vision AprilTag Node Started
[vision_apriltag-9] [INFO] [1776893578.806384249] [vision_apriltag_node]: Subscribing to camera topic: /wrist_mounted_camera/image
[vision_apriltag-9] [INFO] [1776893578.808382123] [vision_apriltag_node]: Subscribing to camera info topic: /wrist_mounted_camera/camera_info
[vision_apriltag-9] [INFO] [1776893578.811103959] [vision_apriltag_node]: Camera frame: wrist_mounted_camera_color_optical_frame | use_image_header_frame=True
[vision_apriltag-9] [INFO] [1776893578.813153078] [vision_apriltag_node]: Tag size: 0.025m | pose_cache_retention_s=20.0 | get_pose_wait_timeout_s=5.0 | max_returned_pose_age_s=20.0 | camera_params=[554.25, 554.25, 320.0, 240.0] | families=tag36h11 | quad_decimate=1.0 | requested_backend=opencv | backend=cv2.aruco | opencv_pose_solver=ippe_square | use_image_timestamp_for_tf=False
[pick_dropped_bottle-12] [INFO] [1776893578.813191543] [pick_dropped_bottle_node]: Vision Client initialized, waiting for service...
[pick_dropped_bottle-12] [INFO] [1776893578.814036153] [pick_dropped_bottle_node]: Vision service is ready.
[vision_apriltag-9] [INFO] [1776893578.814978163] [vision_apriltag_node]: Top-tag known-plane projection: enabled=True, planes={3: 0.13995, 4: 0.1752}
[vision_apriltag-9] [INFO] [1776893578.817453790] [vision_apriltag_node]: pupil_apriltags tuning: nthreads=1, quad_sigma=0.0, refine_edges=1, decode_sharpening=0.25, debug=0, preprocess_variants=['raw', 'clahe', 'adaptive', 'clahe_sharp', 'clahe_up2', 'sharp_up2'], tile_search_if_empty=True, tile_search_grid=3x2, tile_search_scale=2.0, tile_search_overlap=0.25
[vision_apriltag-9] [WARN] [1776893578.819504085] [vision_apriltag_node]: pupil_apriltags is not importable by this node, so detection is using OpenCV fallback only. python=/usr/bin/python3, import_error=No module named 'pupil_apriltags'. If .venv contains pupil_apriltags, rebuild adl_tasks with that venv active or run the module with the venv Python.
[vision_apriltag-9] [INFO] [1776893578.822246862] [vision_apriltag_node]: Publishing AprilTag debug images on /vision_apriltag/debug_image at up to 1.0 Hz.
[pick_dropped_bottle-12] [INFO] [1776893578.827794692] [pick_dropped_bottle_node]: PickDroppedBottle ready. Waiting for command.
[pick_dropped_bottle-12] [INFO] [1776893578.828519100] [pick_dropped_bottle_node]: Startup motion disabled at node load; motion begins only after pick_dropped_bottle command.
[scene_from_vision-10] [INFO] [1776893578.884844926] [scene_from_vision_node]: SceneFromVision: Updating planning scene. Tracking 5 object shape(s). memory_mode=True, scan_duration_s=5.0, scan_min_samples=3, scan_target_samples=8, scan_extend_step_s=1.5, scan_max_extensions=2, scan_prune_unseen_objects=False, continuous_scene_updates=False, latch_first_detection_updates=True, log_object_pose_debug=False, apply_planning_scene_service_updates=True, publish_monitored_planning_scene_updates=True, side_viewpoint=wrist_mounted_camera_color_optical_frame->base_link, reject_table_objects_outside_bounds=False.
[scene_from_vision-10] [INFO] [1776893578.887887680] [scene_from_vision_node]: SceneFromVision calibration: xy_offset=(0.000, 0.000), z_offset=0.000, yaw_deg=0.00, xy_scale=1.0000, clamp_table_objects_to_table_bounds=False, table_bounds_margin_m=0.030.
[scene_from_vision-10] [INFO] [1776893578.890741977] [scene_from_vision_node]: SceneFromVision object offsets: remote_axis=y, remote_tag_to_center_sign=-1.0, remote_tag_from_end_m=0.020, remote_world_offset=(-0.040, 0.000), cube_tag_to_center=(0.000, 0.000), cube_world_offset=(-0.020, -0.006), cube_yaw_offset_deg=0.0, medication_world_offset=(-0.090, -0.030), medication_face_to_center_m=0.030, cup_world_offset=(-0.085, -0.040), cup_face_to_center_m=0.037.
[adl_controller-11] [INFO] [1776893578.914565459] [adl_controller_node]: MoveItHelper initialized. joint_state_topic=/joint_states_sanitized (sanitized_expected=True) real_hardware_mode=False short_cartesian_mode=planned
[adl_controller-11] [INFO] [1776893578.924565957] [adl_controller_node]: ADL controller ready. Waiting for UI/system commands.
[give_medication-14] [INFO] [1776893578.976179483] [give_medication_node]: give_medication starting...
[give_medication-14] [INFO] [1776893579.042627255] [give_medication_node]: MoveItHelper initialized. joint_state_topic=/joint_states_sanitized (sanitized_expected=True) real_hardware_mode=False short_cartesian_mode=planned
[give_medication-14] [INFO] [1776893579.052658567] [give_medication_node]: Vision Client initialized, waiting for service...
[clear_table-13] [INFO] [1776893579.126627322] [clear_table_node]: Clear Table Node Started
[INFO] [spawner-16]: process started with pid [12221]
[INFO] [spawner-17]: process started with pid [12222]
[INFO] [spawner-18]: process started with pid [12223]
[give_medication-14] [INFO] [1776893579.303542281] [give_medication_node]: Vision service is ready.
[give_medication-14] [INFO] [1776893579.313034935] [give_medication_node]: give_medication ready.
[wrist_camera_usb_publisher-8] [INFO] [1776893579.390232294] [wrist_camera_usb_publisher_node]: USB camera info active intrinsics: size=1280x720, fx=920.87, fy=921.57, cx=644.76, cy=343.15, d=array('d', [0.0, 0.0, 0.0, 0.0, 0.0])
[wrist_camera_usb_publisher-8] [INFO] [1776893579.391588654] [wrist_camera_usb_publisher_node]: USB camera publisher heartbeat: publishing 1280x720 frames on /wrist_mounted_camera/image; camera_info fx=920.87, fy=921.57, cx=644.76, cy=343.15.
[vision_apriltag-9] [INFO] [1776893579.394566936] [vision_apriltag_node]: Vision AprilTag camera model updated from CameraInfo: size=1280x720, fx=920.87, fy=921.57, cx=644.76, cy=343.15, d=[0.0, 0.0, 0.0, 0.0, 0.0]
[clear_table-13] [INFO] [1776893579.513108479] [clear_table_node]: MoveItHelper initialized. joint_state_topic=/joint_states_sanitized (sanitized_expected=True) real_hardware_mode=False short_cartesian_mode=planned
[clear_table-13] [INFO] [1776893579.533615652] [clear_table_node]: Vision Client initialized, waiting for service...
[spawner-17] [INFO] [1776893579.724906395] [spawner_twist_controller]: waiting for service /controller_manager/list_controllers to become available...
[vision_apriltag-9] [INFO] [1776893579.898037578] [vision_apriltag_node]: Vision AprilTag detection debug: no tags found after raw/CLAHE/sharp/adaptive/upscaled/tiled passes.
[vision_apriltag-9] [INFO] [1776893580.733889469] [vision_apriltag_node]: Vision AprilTag: images are arriving on /wrist_mounted_camera/image, but no AprilTags have been detected yet.
[scene_static-7] [WARN] [1776893580.804681890] [scene_static_node]: Planning scene service not available, waiting...
[ros2_control_node-1] [INFO] [1776893580.983799962] [controller_manager]: Loading controller : 'twist_controller' of type 'picknik_twist_controller/PicknikTwistController'
[ros2_control_node-1] [INFO] [1776893580.983874452] [controller_manager]: Loading controller 'twist_controller'
[ros2_control_node-1] [INFO] [1776893580.986941835] [controller_manager]: Controller 'twist_controller' node arguments: --ros-args --params-file /home/carrt-cse-project/workspace/ros2_kortex_ws/install/adl_tasks/share/adl_tasks/config/ros2_controllers_vbox.yaml --params-file /tmp/launch_params_sx24ttka 
[spawner-17] [INFO] [1776893581.022731987] [spawner_twist_controller]: Loaded twist_controller
[ros2_control_node-1] [INFO] [1776893581.024453859] [controller_manager]: Configuring controller: 'twist_controller'
[ros2_control_node-1] [INFO] [1776893581.026856460] [twist_controller]: configure successful
[INFO] [spawner-17]: process has finished cleanly [pid 12222]
[spawner-16] [INFO] [1776893581.372132709] [spawner_joint_trajectory_controller]: waiting for service /controller_manager/list_controllers to become available...
[clear_table-13] [INFO] [1776893581.537733590] [clear_table_node]: Vision service is not available, waiting...
[ros2_control_node-1] [INFO] [1776893581.629860465] [controller_manager]: Loading controller : 'joint_trajectory_controller' of type 'joint_trajectory_controller/JointTrajectoryController'
[ros2_control_node-1] [INFO] [1776893581.629906456] [controller_manager]: Loading controller 'joint_trajectory_controller'
[ros2_control_node-1] [INFO] [1776893581.638370487] [controller_manager]: Controller 'joint_trajectory_controller' node arguments: --ros-args --params-file /home/carrt-cse-project/workspace/ros2_kortex_ws/install/adl_tasks/share/adl_tasks/config/ros2_controllers_vbox.yaml --params-file /tmp/launch_params_sx24ttka 
[spawner-16] [INFO] [1776893581.714371534] [spawner_joint_trajectory_controller]: Loaded joint_trajectory_controller
[ros2_control_node-1] [INFO] [1776893581.719277966] [controller_manager]: Configuring controller: 'joint_trajectory_controller'
[ros2_control_node-1] [INFO] [1776893581.725894529] [joint_trajectory_controller]: No specific joint names are used for command interfaces. Using 'joints' parameter.
[ros2_control_node-1] [INFO] [1776893581.726281716] [joint_trajectory_controller]: Command interfaces are [position] and state interfaces are [position velocity].
[ros2_control_node-1] [INFO] [1776893581.726561312] [joint_trajectory_controller]: Using 'splines' interpolation method.
[ros2_control_node-1] [INFO] [1776893581.738645445] [joint_trajectory_controller]: Action status changes will be monitored at 10.00 Hz.
[ros2_control_node-1] [INFO] [1776893581.790305241] [controller_manager]: Activating controllers: [ joint_trajectory_controller ]
[ros2_control_node-1] [INFO] [1776893581.797639159] [controller_manager]: Successfully switched controllers!
[spawner-16] [INFO] [1776893581.806054580] [spawner_joint_trajectory_controller]: Configured and activated joint_trajectory_controller
[spawner-18] [INFO] [1776893581.986386879] [spawner_robotiq_gripper_controller]: waiting for service /controller_manager/list_controllers to become available...
[INFO] [spawner-16]: process has finished cleanly [pid 12221]
[clear_table-13] [INFO] [1776893582.289940232] [clear_table_node]: Vision service is ready.
[clear_table-13] [INFO] [1776893582.302948625] [clear_table_node]: Clear Table Node ready. Waiting for command.
[clear_table-13] [INFO] [1776893582.303581381] [clear_table_node]: Startup motion disabled at node load; motion begins only after clear_table command.
[clear_table-13] [INFO] [1776893582.304282140] [clear_table_node]: clear_table scan flags: top_only_scan_mode=False (ADL_CLEAR_TABLE_TOP_ONLY_SCAN='false'), two_phase_require_side_sweep_before_priority_exit=True (ADL_CLEAR_TABLE_REQUIRE_SIDE_SWEEP='true'), two_phase_top_full_sweep_before_priority_exit=True.
[vision_apriltag-9] [INFO] [1776893582.731978533] [vision_apriltag_node]: Vision AprilTag: images are arriving on /wrist_mounted_camera/image, but no AprilTags have been detected yet.
[scene_static-7] [WARN] [1776893582.819952601] [scene_static_node]: Planning scene service not available, waiting...
[INFO] [move_group-19]: process started with pid [12297]
[INFO] [rviz2-20]: process started with pid [12298]
[move_group-19] [INFO] [1776893583.890918334] [move_group.moveit.moveit.ros.rdf_loader]: Loaded robot model in 0.00820201 seconds
[move_group-19] [INFO] [1776893583.891099331] [move_group.moveit.moveit.core.robot_model]: Loading robot model 'gen3'...
[move_group-19] [INFO] [1776893583.891124797] [move_group.moveit.moveit.core.robot_model]: No root/virtual joint specified in SRDF. Assuming fixed joint
[ros2_control_node-1] [INFO] [1776893583.987112228] [controller_manager]: Received robot description from topic.
[ros2_control_node-1] [WARN] [1776893583.987156726] [controller_manager]: ResourceManager has already loaded a urdf. Ignoring attempt to reload a robot description.
[move_group-19] [INFO] [1776893584.035992159] [move_group.moveit.moveit.kinematics.kdl_kinematics_plugin]: Joint weights for group 'manipulator': 1 1 1 1 1 1 1
[ros2_control_node-1] [INFO] [1776893584.036595154] [controller_manager]: Loading controller : 'robotiq_gripper_controller' of type 'position_controllers/GripperActionController'
[ros2_control_node-1] [INFO] [1776893584.036640805] [controller_manager]: Loading controller 'robotiq_gripper_controller'
[ros2_control_node-1] [INFO] [1776893584.040002208] [controller_manager]: Controller 'robotiq_gripper_controller' node arguments: --ros-args --params-file /home/carrt-cse-project/workspace/ros2_kortex_ws/install/adl_tasks/share/adl_tasks/config/ros2_controllers_vbox.yaml --params-file /tmp/launch_params_sx24ttka 
[ros2_control_node-1] [WARN] [1776893584.100614271] [robotiq_gripper_controller]: [Deprecated]: the `position_controllers/GripperActionController` and `effort_controllers::GripperActionController` controllers are replaced by 'parallel_gripper_controllers/GripperActionController' controller
[spawner-18] [INFO] [1776893584.110236769] [spawner_robotiq_gripper_controller]: Loaded robotiq_gripper_controller
[ros2_control_node-1] [INFO] [1776893584.112538145] [controller_manager]: Configuring controller: 'robotiq_gripper_controller'
[ros2_control_node-1] [INFO] [1776893584.112795359] [robotiq_gripper_controller]: Action status changes will be monitored at 20.000000 Hz.
[ros2_control_node-1] [INFO] [1776893584.119998100] [controller_manager]: Activating controllers: [ robotiq_gripper_controller ]
[ros2_control_node-1] [INFO] [1776893584.131423442] [controller_manager]: Successfully switched controllers!
[spawner-18] [INFO] [1776893584.137267846] [spawner_robotiq_gripper_controller]: Configured and activated robotiq_gripper_controller
[rviz2-20] [INFO] [1776893584.185899112] [rviz2]: Stereo is NOT SUPPORTED
[rviz2-20] [INFO] [1776893584.185967565] [rviz2]: OpenGl version: 4.6 (GLSL 4.6)
[rviz2-20] [INFO] [1776893584.212886189] [rviz2]: Stereo is NOT SUPPORTED
[INFO] [spawner-18]: process has finished cleanly [pid 12223]
[move_group-19] [INFO] [1776893584.453610720] [move_group.moveit.moveit.ros.planning_scene_monitor]: Publishing maintained planning scene on 'monitored_planning_scene'
[move_group-19] [INFO] [1776893584.453836182] [move_group.moveit.moveit.ros.moveit_cpp]: Listening to 'joint_states' for joint states
[move_group-19] [INFO] [1776893584.455211418] [move_group.moveit.moveit.ros.current_state_monitor]: Listening to joint states on topic 'joint_states'
[move_group-19] [INFO] [1776893584.455996868] [move_group.moveit.moveit.ros.planning_scene_monitor]: Listening to '/attached_collision_object' for attached collision objects
[move_group-19] [INFO] [1776893584.456025516] [move_group.moveit.moveit.ros.planning_scene_monitor]: Stopping existing planning scene publisher.
[move_group-19] [INFO] [1776893584.456596192] [move_group.moveit.moveit.ros.planning_scene_monitor]: Stopped publishing maintained planning scene.
[move_group-19] [INFO] [1776893584.457467283] [move_group.moveit.moveit.ros.planning_scene_monitor]: Publishing maintained planning scene on 'monitored_planning_scene'
[move_group-19] [INFO] [1776893584.458118099] [move_group.moveit.moveit.ros.planning_scene_monitor]: Starting planning scene monitor
[move_group-19] [INFO] [1776893584.459898737] [move_group.moveit.moveit.ros.planning_scene_monitor]: Listening to '/planning_scene'
[move_group-19] [INFO] [1776893584.459939551] [move_group.moveit.moveit.ros.planning_scene_monitor]: Starting world geometry update monitor for collision objects, attached objects, octomap updates.
[move_group-19] [INFO] [1776893584.461827787] [move_group.moveit.moveit.ros.planning_scene_monitor]: Listening to 'collision_object'
[move_group-19] [INFO] [1776893584.463177458] [move_group.moveit.moveit.ros.planning_scene_monitor]: Listening to 'planning_scene_world' for planning scene world geometry
[move_group-19] [WARN] [1776893584.464434134] [move_group.moveit.moveit.ros.occupancy_map_monitor]: Resolution not specified for Octomap. Assuming resolution = 0.1 instead
[move_group-19] [ERROR] [1776893584.464499908] [move_group.moveit.moveit.ros.occupancy_map_monitor]: No 3D sensor plugin(s) defined for octomap updates
[wrist_camera_usb_publisher-8] [INFO] [1776893584.538069192] [wrist_camera_usb_publisher_node]: USB camera publisher heartbeat: publishing 1280x720 frames on /wrist_mounted_camera/image; camera_info fx=920.87, fy=921.57, cx=644.76, cy=343.15.
[rviz2-20] Warning: class_loader.impl: SEVERE WARNING!!! A namespace collision has occurred with plugin factory for class rviz_default_plugins::displays::InteractiveMarkerDisplay. New factory will OVERWRITE existing one. This situation occurs when libraries containing plugins are directly linked against an executable (the one running right now generating this message). Please separate plugins out into their own library or just don't link against the library and use either class_loader::ClassLoader/MultiLibraryClassLoader to open.
[rviz2-20]          at line 321 in /opt/ros/jazzy/include/class_loader/class_loader/class_loader_core.hpp
[scene_static-7] [WARN] [1776893584.829211146] [scene_static_node]: Planning scene service not available, waiting...
[move_group-19] [INFO] [1776893584.853391020] [move_group.moveit.moveit.ros.planning_pipeline]: Successfully loaded planner 'OMPL'
[move_group-19] [INFO] [1776893584.858748883] [move_group]: Try loading adapter 'default_planning_request_adapters/ResolveConstraintFrames'
[move_group-19] [INFO] [1776893584.866790994] [move_group]: Loaded adapter 'default_planning_request_adapters/ResolveConstraintFrames'
[move_group-19] [INFO] [1776893584.866869982] [move_group]: Try loading adapter 'default_planning_request_adapters/ValidateWorkspaceBounds'
[move_group-19] [INFO] [1776893584.869704505] [move_group]: Loaded adapter 'default_planning_request_adapters/ValidateWorkspaceBounds'
[move_group-19] [INFO] [1776893584.869742780] [move_group]: Try loading adapter 'default_planning_request_adapters/CheckStartStateBounds'
[move_group-19] [INFO] [1776893584.869797747] [move_group]: Loaded adapter 'default_planning_request_adapters/CheckStartStateBounds'
[move_group-19] [INFO] [1776893584.869809623] [move_group]: Try loading adapter 'default_planning_request_adapters/CheckStartStateCollision'
[move_group-19] [INFO] [1776893584.869839523] [move_group]: Loaded adapter 'default_planning_request_adapters/CheckStartStateCollision'
[rviz2-20] [WARN] [1776893584.888161498] [rcl.logging_rosout]: Publisher already registered for node name: 'rviz2_moveit'. If this is due to multiple nodes with the same name then all logs for the logger named 'rviz2_moveit' will go out over the existing publisher. As soon as any node with that name is destructed it will unregister the publisher, preventing any further logs for that name from being published on the rosout topic.
[move_group-19] [INFO] [1776893584.889216116] [move_group]: Try loading adapter 'default_planning_response_adapters/AddTimeOptimalParameterization'
[move_group-19] [INFO] [1776893584.914074083] [move_group]: Loaded adapter 'default_planning_response_adapters/AddTimeOptimalParameterization'
[move_group-19] [INFO] [1776893584.914117405] [move_group]: Try loading adapter 'default_planning_response_adapters/ValidateSolution'
[move_group-19] [INFO] [1776893584.927626794] [move_group]: Loaded adapter 'default_planning_response_adapters/ValidateSolution'
[move_group-19] [INFO] [1776893584.927669330] [move_group]: Try loading adapter 'default_planning_response_adapters/DisplayMotionPath'
[move_group-19] [INFO] [1776893584.930696653] [move_group]: Loaded adapter 'default_planning_response_adapters/DisplayMotionPath'
[vision_apriltag-9] [INFO] [1776893585.053899043] [vision_apriltag_node]: Vision AprilTag detection debug: no tags found after raw/CLAHE/sharp/adaptive/upscaled/tiled passes.
[vision_apriltag-9] [INFO] [1776893585.070819727] [vision_apriltag_node]: Vision AprilTag: images are arriving on /wrist_mounted_camera/image, but no AprilTags have been detected yet.
[move_group-19] [INFO] [1776893585.102074854] [move_group.moveit.moveit.plugins.simple_controller_manager]: Added FollowJointTrajectory controller for joint_trajectory_controller
[move_group-19] [INFO] [1776893585.102152582] [move_group.moveit.moveit.plugins.simple_controller_manager]: robotiq_gripper_controller will command a max effort of: 0
[move_group-19] [INFO] [1776893585.111807839] [move_group.moveit.moveit.plugins.simple_controller_manager]: Added GripperCommand controller for robotiq_gripper_controller
[move_group-19] [INFO] [1776893585.112032904] [move_group.moveit.moveit.plugins.simple_controller_manager]: Returned 2 controllers in list
[move_group-19] [INFO] [1776893585.112080609] [move_group.moveit.moveit.plugins.simple_controller_manager]: Returned 2 controllers in list
[move_group-19] [INFO] [1776893585.112799829] [move_group.moveit.moveit.ros.trajectory_execution_manager]: Trajectory execution is managing controllers
[move_group-19] [INFO] [1776893585.112847554] [move_group]: MoveGroup debug mode is ON
[move_group-19] [INFO] [1776893585.150618472] [move_group.moveit.moveit.ros.move_group.executable]: 
[move_group-19] 
[move_group-19] ********************************************************
[move_group-19] * MoveGroup using: 
[move_group-19] *     - apply_planning_scene_service
[move_group-19] *     - clear_octomap_service
[move_group-19] *     - get_group_urdf
[move_group-19] *     - load_geometry_from_file
[move_group-19] *     - CartesianPathService
[move_group-19] *     - execute_trajectory_action
[move_group-19] *     - get_planning_scene_service
[move_group-19] *     - kinematics_service
[move_group-19] *     - move_action
[move_group-19] *     - motion_plan_service
[move_group-19] *     - query_planners_service
[move_group-19] *     - state_validation_service
[move_group-19] *     - save_geometry_to_file
[move_group-19] ********************************************************
[move_group-19] 
[move_group-19] [INFO] [1776893585.150703829] [move_group.moveit.moveit.ros.move_group.context]: MoveGroup context using pipeline ompl
[move_group-19] [INFO] [1776893585.150739969] [move_group.moveit.moveit.ros.move_group.context]: MoveGroup context initialization complete
[move_group-19] [96mLoading 'move_group/ApplyPlanningSceneService'...[0m
[move_group-19] [96mLoading 'move_group/ClearOctomapService'...[0m
[move_group-19] [96mLoading 'move_group/GetUrdfService'...[0m
[move_group-19] [96mLoading 'move_group/LoadGeometryFromFileService'...[0m
[move_group-19] [96mLoading 'move_group/MoveGroupCartesianPathService'...[0m
[move_group-19] [96mLoading 'move_group/MoveGroupExecuteTrajectoryAction'...[0m
[move_group-19] [96mLoading 'move_group/MoveGroupGetPlanningSceneService'...[0m
[move_group-19] [96mLoading 'move_group/MoveGroupKinematicsService'...[0m
[move_group-19] [96mLoading 'move_group/MoveGroupMoveAction'...[0m
[move_group-19] [96mLoading 'move_group/MoveGroupPlanService'...[0m
[move_group-19] [96mLoading 'move_group/MoveGroupQueryPlannersService'...[0m
[move_group-19] [96mLoading 'move_group/MoveGroupStateValidationService'...[0m
[move_group-19] [96mLoading 'move_group/SaveGeometryToFileService'...[0m
[move_group-19] 
[move_group-19] [92mYou can start planning now![0m
[move_group-19] 
[scene_static-7] [INFO] [1776893585.330838064] [scene_static_node]: Planning scene service available. Building static scene...
[scene_static-7] [INFO] [1776893585.338271084] [scene_static_node]: Static scene built: 25 objects added to MoveIt planning scene.
[vision_apriltag-9] [INFO] [1776893586.732453418] [vision_apriltag_node]: Vision AprilTag: images are arriving on /wrist_mounted_camera/image, but no AprilTags have been detected yet.
[rviz2-20] [ERROR] [1776893588.090485927] [rviz2_moveit.moveit.ros.motion_planning_frame]: Action server: /recognize_objects not available
[rviz2-20] [INFO] [1776893588.122724674] [rviz2_moveit.moveit.ros.motion_planning_frame]: MoveGroup namespace changed: / -> . Reloading params.
[rviz2-20] [INFO] [1776893588.216130651] [rviz2_moveit.moveit.ros.rdf_loader]: Loaded robot model in 0.0145331 seconds
[rviz2-20] [INFO] [1776893588.216263315] [rviz2_moveit.moveit.core.robot_model]: Loading robot model 'gen3'...
[rviz2-20] [INFO] [1776893588.216362483] [rviz2_moveit.moveit.core.robot_model]: No root/virtual joint specified in SRDF. Assuming fixed joint
[rviz2-20] [INFO] [1776893588.425685982] [rviz2_moveit.moveit.kinematics.kdl_kinematics_plugin]: Joint weights for group 'manipulator': 1 1 1 1 1 1 1
[vision_apriltag-9] [INFO] [1776893588.732593713] [vision_apriltag_node]: Vision AprilTag: images are arriving on /wrist_mounted_camera/image, but no AprilTags have been detected yet.
[rviz2-20] [INFO] [1776893588.882669748] [rviz2_moveit.moveit.ros.planning_scene_monitor]: Starting planning scene monitor
[rviz2-20] [INFO] [1776893588.886728568] [rviz2_moveit.moveit.ros.planning_scene_monitor]: Listening to '/monitored_planning_scene'
[rviz2-20] [INFO] [1776893589.215080243] [interactive_marker_display_111273465063024]: Connected on namespace: /rviz_moveit_motion_planning_display/robot_interaction_interactive_marker_topic
[rviz2-20] [INFO] [1776893589.225084002] [rviz2_moveit.moveit.ros.robot_interaction]: No active joints or end effectors found for group 'gripper'. Make sure that kinematics.yaml is loaded in this node's namespace.
[rviz2-20] [INFO] [1776893589.229986475] [rviz2_moveit.moveit.ros.robot_interaction]: No active joints or end effectors found for group 'gripper'. Make sure that kinematics.yaml is loaded in this node's namespace.
[rviz2-20] [INFO] [1776893589.242166095] [rviz2_moveit.moveit.ros.motion_planning_frame]: group gripper
[rviz2-20] [INFO] [1776893589.245207885] [rviz2_moveit.moveit.ros.motion_planning_frame]: Constructing new MoveGroup connection for group 'gripper' in namespace ''
[rviz2-20] [INFO] [1776893589.255181974] [interactive_marker_display_111273465063024]: Sending request for interactive markers
[rviz2-20] [INFO] [1776893589.289581248] [interactive_marker_display_111273465063024]: Service response received for initialization
[rviz2-20] [INFO] [1776893589.301305305] [rviz2_moveit.moveit.ros.move_group_interface]: Ready to take commands for planning group gripper.
[rviz2-20] [INFO] [1776893589.305339809] [rviz2_moveit.moveit.ros.motion_planning_frame]: group gripper
[wrist_camera_usb_publisher-8] [INFO] [1776893589.700201113] [wrist_camera_usb_publisher_node]: USB camera publisher heartbeat: publishing 1280x720 frames on /wrist_mounted_camera/image; camera_info fx=920.87, fy=921.57, cx=644.76, cy=343.15.
[vision_apriltag-9] [INFO] [1776893590.290743022] [vision_apriltag_node]: Vision AprilTag detection debug: no tags found after raw/CLAHE/sharp/adaptive/upscaled/tiled passes.
[vision_apriltag-9] [INFO] [1776893590.732363146] [vision_apriltag_node]: Vision AprilTag: images are arriving on /wrist_mounted_camera/image, but no AprilTags have been detected yet.
[vision_apriltag-9] [INFO] [1776893592.733679607] [vision_apriltag_node]: Vision AprilTag: images are arriving on /wrist_mounted_camera/image, but no AprilTags have been detected yet.
[vision_apriltag-9] [INFO] [1776893594.732250041] [vision_apriltag_node]: Vision AprilTag: images are arriving on /wrist_mounted_camera/image, but no AprilTags have been detected yet.
[wrist_camera_usb_publisher-8] [INFO] [1776893594.857918066] [wrist_camera_usb_publisher_node]: USB camera publisher heartbeat: publishing 1280x720 frames on /wrist_mounted_camera/image; camera_info fx=920.87, fy=921.57, cx=644.76, cy=343.15.
[adl_ui-15] 127.0.0.1 - - [22/Apr/2026 17:33:15] "GET / HTTP/1.1" 200 -
[adl_ui-15] 127.0.0.1 - - [22/Apr/2026 17:33:15] "GET /status_json HTTP/1.1" 200 -
[vision_apriltag-9] [INFO] [1776893595.487537434] [vision_apriltag_node]: Vision AprilTag detection debug: no tags found after raw/CLAHE/sharp/adaptive/upscaled/tiled passes.
[adl_ui-15] 127.0.0.1 - - [22/Apr/2026 17:33:16] "GET /status_json HTTP/1.1" 200 -
[adl_ui-15] [INFO] [1776893596.504358871] [adl_ui_node]: UI command published: clear_table
[clear_table-13] [INFO] [1776893596.506772863] [clear_table_node]: Received clear_table command. Starting task execution.
[adl_ui-15] 127.0.0.1 - - [22/Apr/2026 17:33:16] "POST /command HTTP/1.1" 200 -
[clear_table-13] [INFO] [1776893596.510345420] [clear_table_node]: Starting Clear Table Task...
[scene_from_vision-10] [INFO] [1776893596.518328996] [scene_from_vision_node]: Scene memory cleared. Removed remembered IDs: []
[clear_table-13] [INFO] [1776893596.562356748] [clear_table_node]: Scene memory cleared. Removed remembered IDs: []
[clear_table-13] [INFO] [1776893596.563414236] [clear_table_node]: [Layout] BIN preset alignment: preset=(0.891, 0.000) vs center=(0.891, 0.000) (dx_center=+0.000, dy=+0.000), dx_from_drop_target=+0.000.
[clear_table-13] [INFO] [1776893596.578094584] [clear_table_node]: [Layout] SHELF preset alignment: left=(0.760, 0.225), right=(0.760, 0.145), shelf_center_x=0.881, shelf_drop_x=0.760, dx_center(left/right)=(-0.121/-0.121), dx_drop(left/right)=(+0.000/+0.000).
[clear_table-13] [INFO] [1776893596.590390176] [clear_table_node]: Added temporary table guard ring 'clear_table_startup_guard' (margin=0.0127m, height=0.200m, thickness=0.0127m).
[adl_ui-15] 127.0.0.1 - - [22/Apr/2026 17:33:16] "GET /status_json HTTP/1.1" 200 -
[clear_table-13] [INFO] [1776893596.793353505] [clear_table_node]: Scene LOCKED.
[scene_from_vision-10] [INFO] [1776893596.795451621] [scene_from_vision_node]: Scene LOCKED - updates paused.
[clear_table-13] [INFO] [1776893596.945407123] [clear_table_node]: Moving to perform the initial scene scan for clear table task...
[clear_table-13] [INFO] [1776893596.947241970] [clear_table_node]: is_near_look_at_table: current arm is not at target (worst=joint_3:3.073 rad > 0.080).
[clear_table-13] [INFO] [1776893596.949022314] [clear_table_node]: look_at_table: planning to LOOK_AT_TABLE_JOINTS.
[vision_apriltag-9] [INFO] [1776893596.965454036] [vision_apriltag_node]: Vision AprilTag: images are arriving on /wrist_mounted_camera/image, but no AprilTags have been detected yet.
[clear_table-13] [INFO] [1776893596.985618583] [clear_table_node]: _send_direct_joint_trajectory: sending fixed joint posture directly to /joint_trajectory_controller/follow_joint_trajectory over 10.00s.
[ros2_control_node-1] [INFO] [1776893596.993455224] [joint_trajectory_controller]: Received new action goal
[ros2_control_node-1] [INFO] [1776893596.993561615] [joint_trajectory_controller]: Accepted new action goal
[adl_ui-15] 127.0.0.1 - - [22/Apr/2026 17:33:17] "GET /status_json HTTP/1.1" 200 -
[adl_ui-15] 127.0.0.1 - - [22/Apr/2026 17:33:18] "GET /status_json HTTP/1.1" 200 -
[vision_apriltag-9] [INFO] [1776893598.732856032] [vision_apriltag_node]: Vision AprilTag: scene is locked; detection publishing is paused.
[adl_ui-15] 127.0.0.1 - - [22/Apr/2026 17:33:18] "GET /status_json HTTP/1.1" 200 -
[adl_ui-15] 127.0.0.1 - - [22/Apr/2026 17:33:19] "GET /status_json HTTP/1.1" 200 -
[wrist_camera_usb_publisher-8] [INFO] [1776893600.018568935] [wrist_camera_usb_publisher_node]: USB camera publisher heartbeat: publishing 1280x720 frames on /wrist_mounted_camera/image; camera_info fx=920.87, fy=921.57, cx=644.76, cy=343.15.
[adl_ui-15] 127.0.0.1 - - [22/Apr/2026 17:33:20] "GET /status_json HTTP/1.1" 200 -
[vision_apriltag-9] [INFO] [1776893600.738189085] [vision_apriltag_node]: Vision AprilTag: scene is locked; detection publishing is paused.
[adl_ui-15] 127.0.0.1 - - [22/Apr/2026 17:33:21] "GET /status_json HTTP/1.1" 200 -
[adl_ui-15] 127.0.0.1 - - [22/Apr/2026 17:33:21] "GET /status_json HTTP/1.1" 200 -
[adl_ui-15] 127.0.0.1 - - [22/Apr/2026 17:33:22] "GET /status_json HTTP/1.1" 200 -
[vision_apriltag-9] [INFO] [1776893602.732208859] [vision_apriltag_node]: Vision AprilTag: scene is locked; detection publishing is paused.
[adl_ui-15] 127.0.0.1 - - [22/Apr/2026 17:33:23] "GET /status_json HTTP/1.1" 200 -
[adl_ui-15] 127.0.0.1 - - [22/Apr/2026 17:33:24] "GET /status_json HTTP/1.1" 200 -
[vision_apriltag-9] [INFO] [1776893604.732069313] [vision_apriltag_node]: Vision AprilTag: scene is locked; detection publishing is paused.
[adl_ui-15] 127.0.0.1 - - [22/Apr/2026 17:33:24] "GET /status_json HTTP/1.1" 200 -
[wrist_camera_usb_publisher-8] [INFO] [1776893605.177953450] [wrist_camera_usb_publisher_node]: USB camera publisher heartbeat: publishing 1280x720 frames on /wrist_mounted_camera/image; camera_info fx=920.87, fy=921.57, cx=644.76, cy=343.15.
[adl_ui-15] 127.0.0.1 - - [22/Apr/2026 17:33:25] "GET /status_json HTTP/1.1" 200 -
[adl_ui-15] 127.0.0.1 - - [22/Apr/2026 17:33:26] "GET /status_json HTTP/1.1" 200 -
[vision_apriltag-9] [INFO] [1776893606.731786913] [vision_apriltag_node]: Vision AprilTag: scene is locked; detection publishing is paused.
[ros2_control_node-1] [INFO] [1776893606.996135372] [joint_trajectory_controller]: Goal reached, success!
[adl_ui-15] 127.0.0.1 - - [22/Apr/2026 17:33:27] "GET /status_json HTTP/1.1" 200 -
[clear_table-13] [INFO] [1776893607.199088145] [clear_table_node]: Scene UNLOCKED.
[scene_from_vision-10] [INFO] [1776893607.200285471] [scene_from_vision_node]: Scene UNLOCKED - updates resuming.
[vision_apriltag-9] [INFO] [1776893607.779454955] [vision_apriltag_node]: Vision AprilTag detection debug: no tags found after raw/CLAHE/sharp/adaptive/upscaled/tiled passes.
[adl_ui-15] 127.0.0.1 - - [22/Apr/2026 17:33:27] "GET /status_json HTTP/1.1" 200 -
[clear_table-13] [INFO] [1776893608.600163932] [clear_table_node]: Initial top scan pose reached. Deterministic two-phase scan will collect top then side targets.
[clear_table-13] [INFO] [1776893608.600842498] [clear_table_node]: Scene UNLOCKED.
[scene_from_vision-10] [INFO] [1776893608.602188987] [scene_from_vision_node]: Scene UNLOCKED - updates resuming.
[adl_ui-15] 127.0.0.1 - - [22/Apr/2026 17:33:28] "GET /status_json HTTP/1.1" 200 -
[vision_apriltag-9] [INFO] [1776893608.732267501] [vision_apriltag_node]: Vision AprilTag: images are arriving on /wrist_mounted_camera/image, but no AprilTags have been detected yet.
[clear_table-13] [INFO] [1776893608.751743049] [clear_table_node]: Vision ENABLED.
[clear_table-13] [INFO] [1776893608.753179754] [clear_table_node]: Running deterministic two-phase clear_table scan: top sweep first, then one left/right side sweep.
[clear_table-13] [INFO] [1776893608.754266281] [clear_table_node]: Two-phase scan is configured to run at least one side sweep before returning priority top-ID detections because side-grasp targets are in scope.
[clear_table-13] [INFO] [1776893608.755239081] [clear_table_node]: Scene LOCKED.
[scene_from_vision-10] [INFO] [1776893608.758640011] [scene_from_vision_node]: Scene LOCKED - updates paused.
[clear_table-13] [INFO] [1776893608.906050413] [clear_table_node]: look_at_table: already near fixed lab scan joint pose; skipping motion.
[clear_table-13] [INFO] [1776893608.906683061] [clear_table_node]: Scene UNLOCKED.
[scene_from_vision-10] [INFO] [1776893608.909495393] [scene_from_vision_node]: Scene UNLOCKED - updates resuming.
[adl_ui-15] 127.0.0.1 - - [22/Apr/2026 17:33:29] "GET /status_json HTTP/1.1" 200 -
[scene_from_vision-10] [INFO] [1776893609.408752802] [scene_from_vision_node]: Scene scan started for 5.0s. Visible detections will be sampled, filtered, and committed at scan end.
[adl_ui-15] 127.0.0.1 - - [22/Apr/2026 17:33:30] "GET /status_json HTTP/1.1" 200 -
[wrist_camera_usb_publisher-8] [INFO] [1776893610.340846989] [wrist_camera_usb_publisher_node]: USB camera publisher heartbeat: publishing 1280x720 frames on /wrist_mounted_camera/image; camera_info fx=920.87, fy=921.57, cx=644.76, cy=343.15.
[vision_apriltag-9] [INFO] [1776893610.731937469] [vision_apriltag_node]: Vision AprilTag: images are arriving on /wrist_mounted_camera/image, but no AprilTags have been detected yet.
[adl_ui-15] 127.0.0.1 - - [22/Apr/2026 17:33:30] "GET /status_json HTTP/1.1" 200 -
[adl_ui-15] 127.0.0.1 - - [22/Apr/2026 17:33:31] "GET /status_json HTTP/1.1" 200 -
[adl_ui-15] 127.0.0.1 - - [22/Apr/2026 17:33:32] "GET /status_json HTTP/1.1" 200 -
[vision_apriltag-9] [INFO] [1776893612.732252195] [vision_apriltag_node]: Vision AprilTag: images are arriving on /wrist_mounted_camera/image, but no AprilTags have been detected yet.
[adl_ui-15] 127.0.0.1 - - [22/Apr/2026 17:33:33] "GET /status_json HTTP/1.1" 200 -
[vision_apriltag-9] [INFO] [1776893613.179936623] [vision_apriltag_node]: Vision AprilTag detection debug: no tags found after raw/CLAHE/sharp/adaptive/upscaled/tiled passes.
[adl_ui-15] 127.0.0.1 - - [22/Apr/2026 17:33:33] "GET /status_json HTTP/1.1" 200 -
[scene_from_vision-10] [WARN] [1776893614.442037988] [scene_from_vision_node]: Scene scan extending by 1.5s (1/2) because no pose samples collected yet.
[adl_ui-15] 127.0.0.1 - - [22/Apr/2026 17:33:34] "GET /status_json HTTP/1.1" 200 -
[vision_apriltag-9] [INFO] [1776893614.732047389] [vision_apriltag_node]: Vision AprilTag: images are arriving on /wrist_mounted_camera/image, but no AprilTags have been detected yet.
[adl_ui-15] 127.0.0.1 - - [22/Apr/2026 17:33:35] "GET /status_json HTTP/1.1" 200 -
[clear_table-13] [WARN] [1776893615.456289965] [clear_table_node]: scan_scene timed out after 6.0s; using current remembered IDs.
[clear_table-13] [INFO] [1776893615.457888250] [clear_table_node]: Two-phase top scan 'top_center' found no top-grasp IDs.
[clear_table-13] [INFO] [1776893615.458646727] [clear_table_node]: Scene LOCKED.
[scene_from_vision-10] [INFO] [1776893615.459840119] [scene_from_vision_node]: Scene LOCKED - updates paused.
[wrist_camera_usb_publisher-8] [INFO] [1776893615.501122950] [wrist_camera_usb_publisher_node]: USB camera publisher heartbeat: publishing 1280x720 frames on /wrist_mounted_camera/image; camera_info fx=920.87, fy=921.57, cx=644.76, cy=343.15.
[clear_table-13] [INFO] [1776893615.609230306] [clear_table_node]: look_at_table_retry_scan: moving to inward recovery scan pose.
[move_group-19] [ERROR] [1776893615.647874166] [move_group.moveit.moveit.core.conversions]: Found empty JointState message
[INFO] [launch.user]: [arm_start.launch] move_group reported an empty JointState while sanitizer mode is active. Keeping the launch alive, but this still indicates a planning-state problem. move_group output: [ERROR] [1776893615.647874166] [move_group.moveit.moveit.core.conversions]: Found empty JointState message
[clear_table-13] [INFO] [1776893615.656694532] [clear_table_node]: Start state: collision-valid — no collisions (not a joint-bounds check).
[move_group-19] [INFO] [1776893615.658047524] [move_group.moveit.moveit.ros.move_group.move_action]: MoveGroupMoveAction: Received request
[move_group-19] [INFO] [1776893615.658443842] [move_group.moveit.moveit.ros.move_group.move_action]: executing..
[move_group-19] [INFO] [1776893615.662424227] [move_group.moveit.moveit.ros.move_group.move_action]: Combined planning and execution request received for MoveGroup action. Forwarding to planning and execution pipeline.
[move_group-19] [WARN] [1776893615.662490912] [move_group.moveit.moveit.ros.move_group.capability]: Execution of motions should always start at the robot's current state. Ignoring the state supplied as start state in the motion planning request
[move_group-19] [WARN] [1776893615.662513961] [move_group.moveit.moveit.ros.move_group.capability]: Execution of motions should always start at the robot's current state. Ignoring the state supplied as difference in the planning scene diff
[move_group-19] [INFO] [1776893615.662534565] [move_group.moveit.moveit.ros.plan_execution]: Planning attempt 1 of at most 1
[move_group-19] [INFO] [1776893615.663548738] [move_group]: Calling PlanningRequestAdapter 'ResolveConstraintFrames'
[move_group-19] [INFO] [1776893615.663764721] [move_group]: Calling PlanningRequestAdapter 'ValidateWorkspaceBounds'
[move_group-19] [INFO] [1776893615.663808555] [move_group]: Calling PlanningRequestAdapter 'CheckStartStateBounds'
[move_group-19] [INFO] [1776893615.663931790] [move_group]: Calling PlanningRequestAdapter 'CheckStartStateCollision'
[move_group-19] [INFO] [1776893615.670052338] [move_group.moveit.moveit.planners.ompl.model_based_planning_context]: Planner configuration 'manipulator' will use planner 'geometric::RRTConnect'. Additional configuration parameters will be set when the planner is constructed.
[move_group-19] [INFO] [1776893615.671824306] [move_group]: Calling Planner 'OMPL'
[move_group-19] [INFO] [1776893615.692896040] [move_group]: Calling PlanningResponseAdapter 'AddTimeOptimalParameterization'
[move_group-19] [INFO] [1776893615.694891629] [move_group]: Calling PlanningResponseAdapter 'ValidateSolution'
[move_group-19] [INFO] [1776893615.695991693] [move_group]: Calling PlanningResponseAdapter 'DisplayMotionPath'
[move_group-19] [WARN] [1776893615.696245053] [move_group.moveit.moveit.ros.planning_pipeline]: The planner plugin did not fill out the 'planner_id' field of the MotionPlanResponse. Setting it to the planner ID name of the MotionPlanRequest assuming that the planner plugin does warn you if it does not use the requested planner.
[move_group-19] [INFO] [1776893615.696484955] [move_group.moveit.moveit.plugins.simple_controller_manager]: Returned 2 controllers in list
[move_group-19] [INFO] [1776893615.696520887] [move_group.moveit.moveit.plugins.simple_controller_manager]: Returned 2 controllers in list
[move_group-19] [INFO] [1776893615.696611296] [move_group.moveit.moveit.ros.trajectory_execution_manager]: Validating trajectory with allowed_start_tolerance 0.01
[move_group-19] [INFO] [1776893615.702180829] [move_group.moveit.moveit.ros.trajectory_execution_manager]: Starting trajectory execution ...
[move_group-19] [INFO] [1776893615.702270367] [move_group.moveit.moveit.plugins.simple_controller_manager]: Returned 2 controllers in list
[move_group-19] [INFO] [1776893615.702308627] [move_group.moveit.moveit.plugins.simple_controller_manager]: Returned 2 controllers in list
[move_group-19] [INFO] [1776893615.702554196] [moveit.simple_controller_manager.follow_joint_trajectory_controller_handle]: sending trajectory to joint_trajectory_controller
[ros2_control_node-1] [INFO] [1776893615.703005060] [joint_trajectory_controller]: Received new action goal
[ros2_control_node-1] [INFO] [1776893615.703064371] [joint_trajectory_controller]: Accepted new action goal
[move_group-19] [INFO] [1776893615.703372198] [moveit.simple_controller_manager.follow_joint_trajectory_controller_handle]: joint_trajectory_controller started execution
[move_group-19] [INFO] [1776893615.703394995] [moveit.simple_controller_manager.follow_joint_trajectory_controller_handle]: Goal request accepted!
[scene_from_vision-10] [WARN] [1776893615.952169444] [scene_from_vision_node]: Scene scan extending by 1.5s (2/2) because no pose samples collected yet.
[adl_ui-15] 127.0.0.1 - - [22/Apr/2026 17:33:36] "GET /status_json HTTP/1.1" 200 -
[vision_apriltag-9] [INFO] [1776893616.731600516] [vision_apriltag_node]: Vision AprilTag: scene is locked; detection publishing is paused.
[adl_ui-15] 127.0.0.1 - - [22/Apr/2026 17:33:36] "GET /status_json HTTP/1.1" 200 -
[ros2_control_node-1] [INFO] [1776893616.924114469] [joint_trajectory_controller]: Goal reached, success!
[move_group-19] [INFO] [1776893617.006073537] [moveit.simple_controller_manager.follow_joint_trajectory_controller_handle]: Controller 'joint_trajectory_controller' successfully finished
[move_group-19] [INFO] [1776893617.063239967] [move_group.moveit.moveit.ros.trajectory_execution_manager]: Completed trajectory execution with status SUCCEEDED ...
[move_group-19] [INFO] [1776893617.072373387] [move_group.moveit.moveit.ros.move_group.move_action]: Solution was found and executed.
[clear_table-13] [INFO] [1776893617.177424884] [clear_table_node]: Scene UNLOCKED.
[scene_from_vision-10] [INFO] [1776893617.178688466] [scene_from_vision_node]: Scene UNLOCKED - updates resuming.
[scene_from_vision-10] [WARN] [1776893617.457087745] [scene_from_vision_node]: Scene scan collected no pose samples. Check that vision_apriltag is running, /detected_tag_ids is changing, and the selected detector backend is stable.
[scene_from_vision-10] [INFO] [1776893617.458702397] [scene_from_vision_node]: Scene scan complete. Remembered object IDs: []
[adl_ui-15] 127.0.0.1 - - [22/Apr/2026 17:33:37] "GET /status_json HTTP/1.1" 200 -
[scene_from_vision-10] [INFO] [1776893617.679954516] [scene_from_vision_node]: Scene scan started for 5.0s. Visible detections will be sampled, filtered, and committed at scan end.
[adl_ui-15] 127.0.0.1 - - [22/Apr/2026 17:33:38] "GET /status_json HTTP/1.1" 200 -
[vision_apriltag-9] [INFO] [1776893618.403923368] [vision_apriltag_node]: Vision AprilTag detection debug: no tags found after raw/CLAHE/sharp/adaptive/upscaled/tiled passes.
[vision_apriltag-9] [INFO] [1776893618.732759645] [vision_apriltag_node]: Vision AprilTag: images are arriving on /wrist_mounted_camera/image, but no AprilTags have been detected yet.
[adl_ui-15] 127.0.0.1 - - [22/Apr/2026 17:33:39] "GET /status_json HTTP/1.1" 200 -
[adl_ui-15] 127.0.0.1 - - [22/Apr/2026 17:33:39] "GET /status_json HTTP/1.1" 200 -
[adl_ui-15] 127.0.0.1 - - [22/Apr/2026 17:33:40] "GET /status_json HTTP/1.1" 200 -
[wrist_camera_usb_publisher-8] [INFO] [1776893620.663464682] [wrist_camera_usb_publisher_node]: USB camera publisher heartbeat: publishing 1280x720 frames on /wrist_mounted_camera/image; camera_info fx=920.87, fy=921.57, cx=644.76, cy=343.15.
[vision_apriltag-9] [INFO] [1776893620.733290229] [vision_apriltag_node]: Vision AprilTag: images are arriving on /wrist_mounted_camera/image, but no AprilTags have been detected yet.
[adl_ui-15] 127.0.0.1 - - [22/Apr/2026 17:33:41] "GET /status_json HTTP/1.1" 200 -
[adl_ui-15] 127.0.0.1 - - [22/Apr/2026 17:33:42] "GET /status_json HTTP/1.1" 200 -
[scene_from_vision-10] [WARN] [1776893622.710195497] [scene_from_vision_node]: Scene scan extending by 1.5s (1/2) because no pose samples collected yet.
[vision_apriltag-9] [INFO] [1776893622.733821249] [vision_apriltag_node]: Vision AprilTag: images are arriving on /wrist_mounted_camera/image, but no AprilTags have been detected yet.
[adl_ui-15] 127.0.0.1 - - [22/Apr/2026 17:33:42] "GET /status_json HTTP/1.1" 200 -
[adl_ui-15] [INFO] [1776893623.053989802] [adl_ui_node]: UI command published: emergency_stop_retract
[adl_ui-15] 127.0.0.1 - - [22/Apr/2026 17:33:43] "POST /command HTTP/1.1" 200 -
[adl_ui-15] 127.0.0.1 - - [22/Apr/2026 17:33:43] "GET /status_json HTTP/1.1" 200 -
[clear_table-13] [WARN] [1776893623.151820516] [clear_table_node]: scan_scene cancelled while waiting for vision service.
[clear_table-13] [INFO] [1776893623.155148328] [clear_table_node]: Two-phase top scan 'top_retry' found no top-grasp IDs.
[clear_table-13] [INFO] [1776893623.157482460] [clear_table_node]: Removing startup table guard ring before two-phase side sweeps.
[clear_table-13] [INFO] [1776893623.159888086] [clear_table_node]: Removed temporary table guard ring 'clear_table_startup_guard'.
[clear_table-13] [WARN] [1776893623.262557796] [clear_table_node]: Two-phase side scan cancelled before completion.
[clear_table-13] [WARN] [1776893623.264651565] [clear_table_node]: No target objects detected on the table. Clear Table task will end.
[adl_controller-11] [INFO] [1776893623.308251060] [adl_controller_node]: is_near_retract: current arm is not at target (worst=joint_4:0.674 rad > 0.100).
[adl_controller-11] [INFO] [1776893623.308801704] [adl_controller_node]: go_retract: planning to RETRACT_JOINTS...
[adl_controller-11] [INFO] [1776893623.333421459] [adl_controller_node]: _send_direct_joint_trajectory: sending fixed joint posture directly to /joint_trajectory_controller/follow_joint_trajectory over 4.70s.
[ros2_control_node-1] [INFO] [1776893623.334215885] [joint_trajectory_controller]: Received new action goal
[ros2_control_node-1] [INFO] [1776893623.334266412] [joint_trajectory_controller]: Accepted new action goal
[joint_state_sanitizer-3] [WARN] [1776893623.350569965] [joint_state_sanitizer_node]: [joint_state_sanitizer] Published sanitized joint state: joint_3:+3.579->-2.704
[adl_ui-15] 127.0.0.1 - - [22/Apr/2026 17:33:43] "GET /status_json HTTP/1.1" 200 -
[vision_apriltag-9] [INFO] [1776893623.964894936] [vision_apriltag_node]: Vision AprilTag detection debug: no tags found after raw/CLAHE/sharp/adaptive/upscaled/tiled passes.
[scene_from_vision-10] [WARN] [1776893624.231593125] [scene_from_vision_node]: Scene scan extending by 1.5s (2/2) because no pose samples collected yet.
[adl_ui-15] 127.0.0.1 - - [22/Apr/2026 17:33:44] "GET /status_json HTTP/1.1" 200 -
[vision_apriltag-9] [INFO] [1776893624.732126503] [vision_apriltag_node]: Vision AprilTag: images are arriving on /wrist_mounted_camera/image, but no AprilTags have been detected yet.
[adl_ui-15] 127.0.0.1 - - [22/Apr/2026 17:33:45] "GET /status_json HTTP/1.1" 200 -
[scene_from_vision-10] [WARN] [1776893625.746794993] [scene_from_vision_node]: Scene scan collected no pose samples. Check that vision_apriltag is running, /detected_tag_ids is changing, and the selected detector backend is stable.
[scene_from_vision-10] [INFO] [1776893625.748114373] [scene_from_vision_node]: Scene scan complete. Remembered object IDs: []
[wrist_camera_usb_publisher-8] [INFO] [1776893625.823060917] [wrist_camera_usb_publisher_node]: USB camera publisher heartbeat: publishing 1280x720 frames on /wrist_mounted_camera/image; camera_info fx=920.87, fy=921.57, cx=644.76, cy=343.15.
[adl_ui-15] 127.0.0.1 - - [22/Apr/2026 17:33:46] "GET /status_json HTTP/1.1" 200 -
[vision_apriltag-9] [INFO] [1776893626.732924936] [vision_apriltag_node]: Vision AprilTag: images are arriving on /wrist_mounted_camera/image, but no AprilTags have been detected yet.
[adl_ui-15] 127.0.0.1 - - [22/Apr/2026 17:33:46] "GET /status_json HTTP/1.1" 200 -
[adl_ui-15] 127.0.0.1 - - [22/Apr/2026 17:33:47] "GET /status_json HTTP/1.1" 200 -
[ros2_control_node-1] [INFO] [1776893628.028283181] [joint_trajectory_controller]: Goal reached, success!
[rviz2-20] [INFO] [1776893628.077135162] [rviz2_moveit.moveit.ros.planning_scene_monitor]: Stopping planning scene monitor
[scene_from_vision-10] [INFO] [1776893628.251064020] [scene_from_vision_node]: Scene memory cleared. Removed remembered IDs: []
[joint_state_sanitizer-3] [WARN] [1776893628.357931527] [joint_state_sanitizer_node]: [joint_state_sanitizer] Published sanitized joint state: joint_3:+3.140->+3.132
[adl_ui-15] 127.0.0.1 - - [22/Apr/2026 17:33:48] "GET /status_json HTTP/1.1" 200 -
[INFO] [rviz2-20]: process has finished cleanly [pid 12298]
[vision_apriltag-9] [INFO] [1776893628.732720742] [vision_apriltag_node]: Vision AprilTag: images are arriving on /wrist_mounted_camera/image, but no AprilTags have been detected yet.
[adl_ui-15] 127.0.0.1 - - [22/Apr/2026 17:33:49] "GET /status_json HTTP/1.1" 200 -
[vision_apriltag-9] [INFO] [1776893629.319868650] [vision_apriltag_node]: Vision AprilTag detection debug: no tags found after raw/CLAHE/sharp/adaptive/upscaled/tiled passes.
[adl_ui-15] 127.0.0.1 - - [22/Apr/2026 17:33:49] "GET /status_json HTTP/1.1" 200 -
[adl_ui-15] 127.0.0.1 - - [22/Apr/2026 17:33:50] "GET /status_json HTTP/1.1" 200 -
[wrist_camera_usb_publisher-8] [INFO] [1776893630.826130939] [wrist_camera_usb_publisher_node]: USB camera publisher heartbeat: publishing 1280x720 frames on /wrist_mounted_camera/image; camera_info fx=920.87, fy=921.57, cx=644.76, cy=343.15.
[vision_apriltag-9] [INFO] [1776893631.064994762] [vision_apriltag_node]: Vision AprilTag: images are arriving on /wrist_mounted_camera/image, but no AprilTags have been detected yet.
[adl_ui-15] 127.0.0.1 - - [22/Apr/2026 17:33:51] "GET /status_json HTTP/1.1" 200 -
[adl_ui-15] 127.0.0.1 - - [22/Apr/2026 17:33:52] "GET /status_json HTTP/1.1" 200 -
[vision_apriltag-9] [INFO] [1776893632.733675329] [vision_apriltag_node]: Vision AprilTag: images are arriving on /wrist_mounted_camera/image, but no AprilTags have been detected yet.
[adl_ui-15] 127.0.0.1 - - [22/Apr/2026 17:33:52] "GET /status_json HTTP/1.1" 200 -
[adl_controller-11] [WARN] [1776893633.290951708] [adl_controller_node]: Scene clear timed out after clear_table terminal transition.
[joint_state_sanitizer-3] [WARN] [1776893633.365514223] [joint_state_sanitizer_node]: [joint_state_sanitizer] Published sanitized joint state: joint_3:+3.140->+3.132
[scene_from_vision-10] [INFO] [1776893633.431658704] [scene_from_vision_node]: Scene memory cleared. Removed remembered IDs: []
[adl_ui-15] 127.0.0.1 - - [22/Apr/2026 17:33:53] "GET /status_json HTTP/1.1" 200 -
[adl_ui-15] 127.0.0.1 - - [22/Apr/2026 17:33:54] "GET /status_json HTTP/1.1" 200 -
[vision_apriltag-9] [INFO] [1776893634.642999491] [vision_apriltag_node]: Vision AprilTag detection debug: no tags found after raw/CLAHE/sharp/adaptive/upscaled/tiled passes.
[vision_apriltag-9] [INFO] [1776893634.845426477] [vision_apriltag_node]: Vision AprilTag: images are arriving on /wrist_mounted_camera/image, but no AprilTags have been detected yet.
[adl_ui-15] 127.0.0.1 - - [22/Apr/2026 17:33:55] "GET /status_json HTTP/1.1" 200 -
[adl_ui-15] 127.0.0.1 - - [22/Apr/2026 17:33:55] "GET /status_json HTTP/1.1" 200 -
[wrist_camera_usb_publisher-8] [INFO] [1776893635.976248695] [wrist_camera_usb_publisher_node]: USB camera publisher heartbeat: publishing 1280x720 frames on /wrist_mounted_camera/image; camera_info fx=920.87, fy=921.57, cx=644.76, cy=343.15.
[adl_ui-15] 127.0.0.1 - - [22/Apr/2026 17:33:56] "GET /status_json HTTP/1.1" 200 -
[vision_apriltag-9] [INFO] [1776893636.732911202] [vision_apriltag_node]: Vision AprilTag: images are arriving on /wrist_mounted_camera/image, but no AprilTags have been detected yet.
[adl_ui-15] 127.0.0.1 - - [22/Apr/2026 17:33:57] "GET /status_json HTTP/1.1" 200 -
[adl_ui-15] 127.0.0.1 - - [22/Apr/2026 17:33:58] "GET /status_json HTTP/1.1" 200 -
[joint_state_sanitizer-3] [WARN] [1776893638.367919648] [joint_state_sanitizer_node]: [joint_state_sanitizer] Published sanitized joint state: joint_3:+3.140->+3.132
[adl_controller-11] [WARN] [1776893638.478270891] [adl_controller_node]: Scene clear timed out after clear_table terminal transition.
[vision_apriltag-9] [INFO] [1776893638.733534268] [vision_apriltag_node]: Vision AprilTag: images are arriving on /wrist_mounted_camera/image, but no AprilTags have been detected yet.
[adl_ui-15] 127.0.0.1 - - [22/Apr/2026 17:33:58] "GET /status_json HTTP/1.1" 200 -
[adl_ui-15] 127.0.0.1 - - [22/Apr/2026 17:33:59] "GET /status_json HTTP/1.1" 200 -
[vision_apriltag-9] [INFO] [1776893639.744048903] [vision_apriltag_node]: Vision AprilTag detection debug: no tags found after raw/CLAHE/sharp/adaptive/upscaled/tiled passes.
[adl_ui-15] 127.0.0.1 - - [22/Apr/2026 17:34:00] "GET /status_json HTTP/1.1" 200 -
[vision_apriltag-9] [INFO] [1776893640.996297719] [vision_apriltag_node]: Vision AprilTag: images are arriving on /wrist_mounted_camera/image, but no AprilTags have been detected yet.
[wrist_camera_usb_publisher-8] [INFO] [1776893641.139113490] [wrist_camera_usb_publisher_node]: USB camera publisher heartbeat: publishing 1280x720 frames on /wrist_mounted_camera/image; camera_info fx=920.87, fy=921.57, cx=644.76, cy=343.15.
[adl_ui-15] 127.0.0.1 - - [22/Apr/2026 17:34:01] "GET /status_json HTTP/1.1" 200 -
[adl_ui-15] 127.0.0.1 - - [22/Apr/2026 17:34:01] "GET /status_json HTTP/1.1" 200 -
[adl_ui-15] 127.0.0.1 - - [22/Apr/2026 17:34:02] "GET /status_json HTTP/1.1" 200 -
[vision_apriltag-9] [INFO] [1776893642.732253837] [vision_apriltag_node]: Vision AprilTag: images are arriving on /wrist_mounted_camera/image, but no AprilTags have been detected yet.
[joint_state_sanitizer-3] [WARN] [1776893643.373256684] [joint_state_sanitizer_node]: [joint_state_sanitizer] Published sanitized joint state: joint_3:+3.140->+3.132
[adl_ui-15] 127.0.0.1 - - [22/Apr/2026 17:34:03] "GET /status_json HTTP/1.1" 200 -
[adl_ui-15] 127.0.0.1 - - [22/Apr/2026 17:34:04] "GET /status_json HTTP/1.1" 200 -
[vision_apriltag-9] [INFO] [1776893644.732104206] [vision_apriltag_node]: Vision AprilTag: images are arriving on /wrist_mounted_camera/image, but no AprilTags have been detected yet.
[vision_apriltag-9] [INFO] [1776893644.794558682] [vision_apriltag_node]: Vision AprilTag detection debug: no tags found after raw/CLAHE/sharp/adaptive/upscaled/tiled passes.
