
===== 2026-04-07T19:10:31-04:00 | T4_apriltag_vision =====
cwd=/home/carrt-cse-project/workspace/ros2_kortex_ws
cmd=ros2 run adl_tasks vision_apriltag --ros-args -p detector_backend:=opencv -p opencv_pose_solver:=ippe_square -p tag_size_m:=0.025 -p tag_sizes_m_by_id:=0:0.020 -p tile_search_if_empty:=true -p tile_search_grid_x:=3 -p tile_search_grid_y:=2 -p tile_search_scale:=2.0 

[INFO] [1775603433.242032635] [vision_apriltag_node]: Vision AprilTag Node Started
[INFO] [1775603433.243533343] [vision_apriltag_node]: Subscribing to camera topic: /wrist_mounted_camera/image
[INFO] [1775603433.245008813] [vision_apriltag_node]: Subscribing to camera info topic: /wrist_mounted_camera/camera_info
[INFO] [1775603433.246228946] [vision_apriltag_node]: Camera frame: wrist_mounted_camera_color_optical_frame | use_image_header_frame=True
[INFO] [1775603433.247448348] [vision_apriltag_node]: Tag size: 0.025m | pose_cache_retention_s=20.0 | get_pose_wait_timeout_s=5.0 | max_returned_pose_age_s=20.0 | camera_params=[554.25, 554.25, 320.0, 240.0] | families=tag36h11 | quad_decimate=1.0 | requested_backend=opencv | backend=cv2.aruco | opencv_pose_solver=ippe_square | use_image_timestamp_for_tf=False
[INFO] [1775603433.248726518] [vision_apriltag_node]: Top-tag known-plane projection: enabled=True, planes={3: 0.10995, 4: 0.14505}
[INFO] [1775603433.249987520] [vision_apriltag_node]: Tag-specific size overrides active: {0: 0.02}. These are applied to OpenCV PnP pose estimation.
[INFO] [1775603433.251358357] [vision_apriltag_node]: pupil_apriltags tuning: nthreads=1, quad_sigma=0.0, refine_edges=1, decode_sharpening=0.25, debug=0, preprocess_variants=['raw', 'clahe', 'adaptive', 'clahe_sharp', 'clahe_up2', 'sharp_up2'], tile_search_if_empty=True, tile_search_grid=3x2, tile_search_scale=2.0, tile_search_overlap=0.25
[INFO] [1775603433.252637022] [vision_apriltag_node]: Publishing AprilTag debug images on /vision_apriltag/debug_image at up to 1.0 Hz.
[INFO] [1775603434.358417987] [vision_apriltag_node]: Vision AprilTag camera model updated from CameraInfo: size=1280x720, fx=920.87, fy=921.57, cx=644.76, cy=343.15, d=[0.0, 0.0, 0.0, 0.0, 0.0]
[INFO] [1775603435.080638855] [vision_apriltag_node]: Vision AprilTag detection debug: no tags found after raw/CLAHE/sharp/adaptive/upscaled/tiled passes.
[INFO] [1775603435.191543448] [vision_apriltag_node]: Vision AprilTag: images are arriving on /wrist_mounted_camera/image, but no AprilTags have been detected yet.
[INFO] [1775603437.189950184] [vision_apriltag_node]: Vision AprilTag: images are arriving on /wrist_mounted_camera/image, but no AprilTags have been detected yet.
[INFO] [1775603439.465432701] [vision_apriltag_node]: Vision AprilTag: images are arriving on /wrist_mounted_camera/image, but no AprilTags have been detected yet.
[INFO] [1775603440.252464553] [vision_apriltag_node]: Vision AprilTag detection debug: no tags found after raw/CLAHE/sharp/adaptive/upscaled/tiled passes.
[INFO] [1775603441.542680621] [vision_apriltag_node]: Vision AprilTag: images are arriving on /wrist_mounted_camera/image, but no AprilTags have been detected yet.
[INFO] [1775603443.327468728] [vision_apriltag_node]: Vision AprilTag: images are arriving on /wrist_mounted_camera/image, but no AprilTags have been detected yet.
[INFO] [1775603445.189947408] [vision_apriltag_node]: Vision AprilTag: images are arriving on /wrist_mounted_camera/image, but no AprilTags have been detected yet.
[INFO] [1775603445.366522586] [vision_apriltag_node]: Vision AprilTag detection debug: no tags found after raw/CLAHE/sharp/adaptive/upscaled/tiled passes.
[INFO] [1775603447.597861320] [vision_apriltag_node]: Vision AprilTag: images are arriving on /wrist_mounted_camera/image, but no AprilTags have been detected yet.
[INFO] [1775603449.271818574] [vision_apriltag_node]: Vision AprilTag: images are arriving on /wrist_mounted_camera/image, but no AprilTags have been detected yet.
[INFO] [1775603450.439210049] [vision_apriltag_node]: Vision AprilTag detection debug: no tags found after raw/CLAHE/sharp/adaptive/upscaled/tiled passes.
[INFO] [1775603451.339645719] [vision_apriltag_node]: Vision AprilTag: images are arriving on /wrist_mounted_camera/image, but no AprilTags have been detected yet.
[INFO] [1775603453.634127375] [vision_apriltag_node]: Vision AprilTag: images are arriving on /wrist_mounted_camera/image, but no AprilTags have been detected yet.
[INFO] [1775603455.517884807] [vision_apriltag_node]: Vision AprilTag detection debug: no tags found after raw/CLAHE/sharp/adaptive/upscaled/tiled passes.
[INFO] [1775603455.534944230] [vision_apriltag_node]: Vision AprilTag: images are arriving on /wrist_mounted_camera/image, but no AprilTags have been detected yet.
[INFO] [1775603457.849549386] [vision_apriltag_node]: Vision AprilTag: images are arriving on /wrist_mounted_camera/image, but no AprilTags have been detected yet.
[INFO] [1775603459.590668998] [vision_apriltag_node]: Vision AprilTag: images are arriving on /wrist_mounted_camera/image, but no AprilTags have been detected yet.
[INFO] [1775603460.705176829] [vision_apriltag_node]: Vision AprilTag detection debug: no tags found after raw/CLAHE/sharp/adaptive/upscaled/tiled passes.
[INFO] [1775603461.325226181] [vision_apriltag_node]: Vision AprilTag: images are arriving on /wrist_mounted_camera/image, but no AprilTags have been detected yet.
[INFO] [1775603463.218841661] [vision_apriltag_node]: Vision AprilTag: images are arriving on /wrist_mounted_camera/image, but no AprilTags have been detected yet.
[INFO] [1775603465.189867674] [vision_apriltag_node]: Vision AprilTag: images are arriving on /wrist_mounted_camera/image, but no AprilTags have been detected yet.
[INFO] [1775603466.150568784] [vision_apriltag_node]: Vision AprilTag detection debug: no tags found after raw/CLAHE/sharp/adaptive/upscaled/tiled passes.
[INFO] [1775603467.799441422] [vision_apriltag_node]: Vision AprilTag: images are arriving on /wrist_mounted_camera/image, but no AprilTags have been detected yet.
[INFO] [1775603469.335570725] [vision_apriltag_node]: Vision AprilTag: images are arriving on /wrist_mounted_camera/image, but no AprilTags have been detected yet.
[INFO] [1775603471.353168105] [vision_apriltag_node]: Vision AprilTag detection debug: no tags found after raw/CLAHE/sharp/adaptive/upscaled/tiled passes.
[INFO] [1775603471.361839798] [vision_apriltag_node]: Vision AprilTag: images are arriving on /wrist_mounted_camera/image, but no AprilTags have been detected yet.
[INFO] [1775603473.199978604] [vision_apriltag_node]: Vision AprilTag: images are arriving on /wrist_mounted_camera/image, but no AprilTags have been detected yet.
[INFO] [1775603475.486654257] [vision_apriltag_node]: Vision AprilTag: images are arriving on /wrist_mounted_camera/image, but no AprilTags have been detected yet.
[INFO] [1775603476.388495486] [vision_apriltag_node]: Vision AprilTag detection debug: no tags found after raw/CLAHE/sharp/adaptive/upscaled/tiled passes.
[INFO] [1775603477.189122506] [vision_apriltag_node]: Vision AprilTag: images are arriving on /wrist_mounted_camera/image, but no AprilTags have been detected yet.
[INFO] [1775603479.430540891] [vision_apriltag_node]: Vision AprilTag: images are arriving on /wrist_mounted_camera/image, but no AprilTags have been detected yet.
[INFO] [1775603481.294260533] [vision_apriltag_node]: Vision AprilTag: images are arriving on /wrist_mounted_camera/image, but no AprilTags have been detected yet.
[INFO] [1775603481.800496345] [vision_apriltag_node]: Vision AprilTag detection debug: no tags found after raw/CLAHE/sharp/adaptive/upscaled/tiled passes.
[INFO] [1775603483.275920875] [vision_apriltag_node]: Vision AprilTag: images are arriving on /wrist_mounted_camera/image, but no AprilTags have been detected yet.
[INFO] [1775603483.500953996] [vision_apriltag_node]: Vision AprilTag visible IDs: [4]
[INFO] [1775603484.021551903] [vision_apriltag_node]: Service: Tag 4 found and base-frame pose returned.
[INFO] [1775603486.986713408] [vision_apriltag_node]: Vision AprilTag detection debug: no tags found after raw/CLAHE/sharp/adaptive/upscaled/tiled passes.
[INFO] [1775603487.348586387] [vision_apriltag_node]: Vision AprilTag: images are arriving, but no AprilTag has been seen for 3.3s.
[INFO] [1775603489.360628673] [vision_apriltag_node]: Vision AprilTag: images are arriving, but no AprilTag has been seen for 5.4s.
[INFO] [1775603491.387279483] [vision_apriltag_node]: Vision AprilTag: images are arriving, but no AprilTag has been seen for 7.4s.
[INFO] [1775603492.187937323] [vision_apriltag_node]: Vision AprilTag detection debug: no tags found after raw/CLAHE/sharp/adaptive/upscaled/tiled passes.
[INFO] [1775603493.503371276] [vision_apriltag_node]: Vision AprilTag: images are arriving, but no AprilTag has been seen for 9.5s.
[INFO] [1775603495.227279020] [vision_apriltag_node]: Vision AprilTag: images are arriving, but no AprilTag has been seen for 11.2s.
[INFO] [1775603497.226652361] [vision_apriltag_node]: Vision AprilTag detection debug: no tags found after raw/CLAHE/sharp/adaptive/upscaled/tiled passes.
[INFO] [1775603497.755620320] [vision_apriltag_node]: Vision AprilTag: images are arriving, but no AprilTag has been seen for 13.7s.
[INFO] [1775603499.189458440] [vision_apriltag_node]: Vision AprilTag: images are arriving, but no AprilTag has been seen for 15.2s.
[INFO] [1775603501.189745847] [vision_apriltag_node]: Vision AprilTag: images are arriving, but no AprilTag has been seen for 17.2s.
[INFO] [1775603502.273149877] [vision_apriltag_node]: Vision AprilTag detection debug: no tags found after raw/CLAHE/sharp/adaptive/upscaled/tiled passes.
[INFO] [1775603503.190190383] [vision_apriltag_node]: Vision AprilTag: images are arriving, but no AprilTag has been seen for 19.2s.
[INFO] [1775603504.404183424] [vision_apriltag_node]: Removed stale tag ID 4 from detected tags
[INFO] [1775603505.189497587] [vision_apriltag_node]: Vision AprilTag: images are arriving, but no AprilTag has been seen for 21.2s.
[INFO] [1775603507.670327941] [vision_apriltag_node]: Vision AprilTag detection debug: no tags found after raw/CLAHE/sharp/adaptive/upscaled/tiled passes.
[INFO] [1775603507.671433086] [vision_apriltag_node]: Vision AprilTag: images are arriving, but no AprilTag has been seen for 23.7s.
[INFO] [1775603509.189981212] [vision_apriltag_node]: Vision AprilTag: images are arriving, but no AprilTag has been seen for 25.2s.
[INFO] [1775603511.511544941] [vision_apriltag_node]: Vision AprilTag: images are arriving, but no AprilTag has been seen for 27.5s.
[INFO] [1775603513.306446494] [vision_apriltag_node]: Vision AprilTag detection debug: no tags found after raw/CLAHE/sharp/adaptive/upscaled/tiled passes.
[INFO] [1775603513.308845426] [vision_apriltag_node]: Vision AprilTag: images are arriving, but no AprilTag has been seen for 29.3s.
[INFO] [1775603515.194829857] [vision_apriltag_node]: Vision AprilTag: images are arriving, but no AprilTag has been seen for 31.2s.
[INFO] [1775603517.189869099] [vision_apriltag_node]: Vision AprilTag: images are arriving, but no AprilTag has been seen for 33.2s.
[INFO] [1775603519.176767619] [vision_apriltag_node]: Vision AprilTag detection debug: no tags found after raw/CLAHE/sharp/adaptive/upscaled/tiled passes.
[INFO] [1775603519.191753740] [vision_apriltag_node]: Vision AprilTag: images are arriving, but no AprilTag has been seen for 35.2s.
[INFO] [1775603521.870074145] [vision_apriltag_node]: Vision AprilTag: images are arriving, but no AprilTag has been seen for 37.9s.
[INFO] [1775603523.822201355] [vision_apriltag_node]: Vision AprilTag: images are arriving, but no AprilTag has been seen for 39.8s.
[INFO] [1775603524.725510147] [vision_apriltag_node]: Vision AprilTag detection debug: no tags found after raw/CLAHE/sharp/adaptive/upscaled/tiled passes.
[INFO] [1775603525.338587811] [vision_apriltag_node]: Vision AprilTag: images are arriving, but no AprilTag has been seen for 41.3s.
[INFO] [1775603527.805679331] [vision_apriltag_node]: Vision AprilTag: images are arriving, but no AprilTag has been seen for 43.8s.
[INFO] [1775603529.917868276] [vision_apriltag_node]: Vision AprilTag detection debug: no tags found after raw/CLAHE/sharp/adaptive/upscaled/tiled passes.
[INFO] [1775603529.928353084] [vision_apriltag_node]: Vision AprilTag: images are arriving, but no AprilTag has been seen for 45.9s.
[INFO] [1775603531.605320539] [vision_apriltag_node]: Vision AprilTag: images are arriving, but no AprilTag has been seen for 47.6s.
[INFO] [1775603534.218954990] [vision_apriltag_node]: Vision AprilTag: images are arriving, but no AprilTag has been seen for 50.2s.
[INFO] [1775603535.181510151] [vision_apriltag_node]: Vision AprilTag detection debug: no tags found after raw/CLAHE/sharp/adaptive/upscaled/tiled passes.
[INFO] [1775603535.905537503] [vision_apriltag_node]: Vision AprilTag: images are arriving, but no AprilTag has been seen for 51.9s.
[INFO] [1775603537.219521690] [vision_apriltag_node]: Vision AprilTag: images are arriving, but no AprilTag has been seen for 53.2s.
[INFO] [1775603539.194655115] [vision_apriltag_node]: Vision AprilTag: images are arriving, but no AprilTag has been seen for 55.2s.
[INFO] [1775603540.842621595] [vision_apriltag_node]: Vision AprilTag detection debug: no tags found after raw/CLAHE/sharp/adaptive/upscaled/tiled passes.
[INFO] [1775603541.190128603] [vision_apriltag_node]: Vision AprilTag: images are arriving, but no AprilTag has been seen for 57.2s.
[INFO] [1775603543.455735388] [vision_apriltag_node]: Vision AprilTag: images are arriving, but no AprilTag has been seen for 59.4s.
[INFO] [1775603545.190073492] [vision_apriltag_node]: Vision AprilTag: images are arriving, but no AprilTag has been seen for 61.2s.
[INFO] [1775603545.852242592] [vision_apriltag_node]: Vision AprilTag detection debug: no tags found after raw/CLAHE/sharp/adaptive/upscaled/tiled passes.
[INFO] [1775603547.470345704] [vision_apriltag_node]: Vision AprilTag: images are arriving, but no AprilTag has been seen for 63.5s.
[INFO] [1775603549.191487675] [vision_apriltag_node]: Vision AprilTag: images are arriving, but no AprilTag has been seen for 65.2s.
[INFO] [1775603551.273109909] [vision_apriltag_node]: Vision AprilTag detection debug: no tags found after raw/CLAHE/sharp/adaptive/upscaled/tiled passes.
[INFO] [1775603551.548528652] [vision_apriltag_node]: Vision AprilTag: images are arriving, but no AprilTag has been seen for 67.5s.
[INFO] [1775603553.191196716] [vision_apriltag_node]: Vision AprilTag: images are arriving, but no AprilTag has been seen for 69.2s.
[INFO] [1775603555.195571730] [vision_apriltag_node]: Vision AprilTag: images are arriving, but no AprilTag has been seen for 71.2s.
[INFO] [1775603556.379579582] [vision_apriltag_node]: Vision AprilTag detection debug: no tags found after raw/CLAHE/sharp/adaptive/upscaled/tiled passes.
[INFO] [1775603557.685761961] [vision_apriltag_node]: Vision AprilTag: images are arriving, but no AprilTag has been seen for 73.7s.
[INFO] [1775603559.191564569] [vision_apriltag_node]: Vision AprilTag: images are arriving, but no AprilTag has been seen for 75.2s.
[INFO] [1775603562.169675760] [vision_apriltag_node]: Vision AprilTag detection debug: no tags found after raw/CLAHE/sharp/adaptive/upscaled/tiled passes.
[INFO] [1775603562.197777238] [vision_apriltag_node]: Vision AprilTag: images are arriving, but no AprilTag has been seen for 78.2s.
[INFO] [1775603564.455536093] [vision_apriltag_node]: Vision AprilTag: images are arriving, but no AprilTag has been seen for 80.4s.
[INFO] [1775603565.618918692] [vision_apriltag_node]: Vision AprilTag: images are arriving, but no AprilTag has been seen for 81.6s.
[INFO] [1775603567.379252206] [vision_apriltag_node]: Vision AprilTag detection debug: no tags found after raw/CLAHE/sharp/adaptive/upscaled/tiled passes.
[INFO] [1775603567.750203142] [vision_apriltag_node]: Vision AprilTag: images are arriving, but no AprilTag has been seen for 83.7s.
[INFO] [1775603570.224621929] [vision_apriltag_node]: Vision AprilTag: images are arriving, but no AprilTag has been seen for 86.2s.
[INFO] [1775603571.333586696] [vision_apriltag_node]: Vision AprilTag: images are arriving, but no AprilTag has been seen for 87.3s.
[INFO] [1775603572.411738830] [vision_apriltag_node]: Vision AprilTag detection debug: no tags found after raw/CLAHE/sharp/adaptive/upscaled/tiled passes.
[INFO] [1775603573.442919250] [vision_apriltag_node]: Vision AprilTag: images are arriving, but no AprilTag has been seen for 89.4s.
[INFO] [1775603575.683185341] [vision_apriltag_node]: Vision AprilTag: images are arriving, but no AprilTag has been seen for 91.6s.
[INFO] [1775603577.389885372] [vision_apriltag_node]: Vision AprilTag detection debug: no tags found after raw/CLAHE/sharp/adaptive/upscaled/tiled passes.
[INFO] [1775603577.398365643] [vision_apriltag_node]: Vision AprilTag: images are arriving, but no AprilTag has been seen for 93.4s.
[INFO] [1775603579.440336272] [vision_apriltag_node]: Vision AprilTag: images are arriving, but no AprilTag has been seen for 95.4s.
[INFO] [1775603581.933039156] [vision_apriltag_node]: Vision AprilTag: images are arriving, but no AprilTag has been seen for 97.9s.
[INFO] [1775603583.036815976] [vision_apriltag_node]: Vision AprilTag detection debug: no tags found after raw/CLAHE/sharp/adaptive/upscaled/tiled passes.
[INFO] [1775603584.152148476] [vision_apriltag_node]: Vision AprilTag: images are arriving, but no AprilTag has been seen for 100.1s.
[INFO] [1775603585.459742269] [vision_apriltag_node]: Vision AprilTag: images are arriving, but no AprilTag has been seen for 101.4s.
[INFO] [1775603587.574984313] [vision_apriltag_node]: Vision AprilTag: images are arriving, but no AprilTag has been seen for 103.6s.
[INFO] [1775603588.131274753] [vision_apriltag_node]: Vision AprilTag detection debug: no tags found after raw/CLAHE/sharp/adaptive/upscaled/tiled passes.
[INFO] [1775603589.861586632] [vision_apriltag_node]: Vision AprilTag: images are arriving, but no AprilTag has been seen for 105.8s.
[INFO] [1775603592.043482956] [vision_apriltag_node]: Vision AprilTag: images are arriving, but no AprilTag has been seen for 108.0s.
[INFO] [1775603594.198538969] [vision_apriltag_node]: Vision AprilTag detection debug: no tags found after raw/CLAHE/sharp/adaptive/upscaled/tiled passes.
[INFO] [1775603594.276660586] [vision_apriltag_node]: Vision AprilTag: images are arriving, but no AprilTag has been seen for 110.3s.
[INFO] [1775603595.285311181] [vision_apriltag_node]: Vision AprilTag: images are arriving, but no AprilTag has been seen for 111.3s.
[INFO] [1775603597.343143139] [vision_apriltag_node]: Vision AprilTag: images are arriving, but no AprilTag has been seen for 113.3s.
[INFO] [1775603599.555276997] [vision_apriltag_node]: Vision AprilTag detection debug: no tags found after raw/CLAHE/sharp/adaptive/upscaled/tiled passes.
[INFO] [1775603599.634464902] [vision_apriltag_node]: Vision AprilTag: images are arriving, but no AprilTag has been seen for 115.6s.
[INFO] [1775603601.840762879] [vision_apriltag_node]: Vision AprilTag: images are arriving, but no AprilTag has been seen for 117.8s.
[INFO] [1775603603.979466964] [vision_apriltag_node]: Vision AprilTag: images are arriving, but no AprilTag has been seen for 120.0s.
[INFO] [1775603604.562798951] [vision_apriltag_node]: Vision AprilTag detection debug: no tags found after raw/CLAHE/sharp/adaptive/upscaled/tiled passes.
[INFO] [1775603605.964478682] [vision_apriltag_node]: Vision AprilTag: images are arriving, but no AprilTag has been seen for 121.9s.
[INFO] [1775603607.484364270] [vision_apriltag_node]: Vision AprilTag: images are arriving, but no AprilTag has been seen for 123.5s.
[INFO] [1775603609.773922035] [vision_apriltag_node]: Vision AprilTag detection debug: no tags found after raw/CLAHE/sharp/adaptive/upscaled/tiled passes.
[INFO] [1775603609.932110661] [vision_apriltag_node]: Vision AprilTag: images are arriving, but no AprilTag has been seen for 125.9s.
[INFO] [1775603611.485859302] [vision_apriltag_node]: Vision AprilTag: images are arriving, but no AprilTag has been seen for 127.5s.
[INFO] [1775603613.882959044] [vision_apriltag_node]: Vision AprilTag: images are arriving, but no AprilTag has been seen for 129.8s.
[INFO] [1775603614.766424330] [vision_apriltag_node]: Vision AprilTag detection debug: no tags found after raw/CLAHE/sharp/adaptive/upscaled/tiled passes.
[INFO] [1775603615.828936987] [vision_apriltag_node]: Vision AprilTag: images are arriving, but no AprilTag has been seen for 131.8s.
[INFO] [1775603618.028652565] [vision_apriltag_node]: Vision AprilTag: images are arriving, but no AprilTag has been seen for 134.0s.
[INFO] [1775603620.186728612] [vision_apriltag_node]: Vision AprilTag detection debug: no tags found after raw/CLAHE/sharp/adaptive/upscaled/tiled passes.
[INFO] [1775603620.194099073] [vision_apriltag_node]: Vision AprilTag: images are arriving, but no AprilTag has been seen for 136.2s.
[INFO] [1775603621.477221892] [vision_apriltag_node]: Vision AprilTag: images are arriving, but no AprilTag has been seen for 137.4s.
[INFO] [1775603623.598465565] [vision_apriltag_node]: Vision AprilTag: images are arriving, but no AprilTag has been seen for 139.6s.
[INFO] [1775603625.666451924] [vision_apriltag_node]: Vision AprilTag detection debug: no tags found after raw/CLAHE/sharp/adaptive/upscaled/tiled passes.
[INFO] [1775603625.731741013] [vision_apriltag_node]: Vision AprilTag: images are arriving, but no AprilTag has been seen for 141.7s.
[INFO] [1775603627.971337626] [vision_apriltag_node]: Vision AprilTag: images are arriving, but no AprilTag has been seen for 143.9s.
[INFO] [1775603630.221945605] [vision_apriltag_node]: Vision AprilTag: images are arriving, but no AprilTag has been seen for 146.2s.
[INFO] [1775603631.133067904] [vision_apriltag_node]: Vision AprilTag detection debug: no tags found after raw/CLAHE/sharp/adaptive/upscaled/tiled passes.
[INFO] [1775603632.403209275] [vision_apriltag_node]: Vision AprilTag: images are arriving, but no AprilTag has been seen for 148.3s.
[INFO] [1775603634.034944052] [vision_apriltag_node]: Vision AprilTag: images are arriving, but no AprilTag has been seen for 150.0s.
[INFO] [1775603635.903971733] [vision_apriltag_node]: Vision AprilTag: images are arriving, but no AprilTag has been seen for 151.9s.
[INFO] [1775603636.690855979] [vision_apriltag_node]: Vision AprilTag detection debug: no tags found after raw/CLAHE/sharp/adaptive/upscaled/tiled passes.
[INFO] [1775603637.949313152] [vision_apriltag_node]: Vision AprilTag: images are arriving, but no AprilTag has been seen for 153.9s.
[INFO] [1775603639.939702490] [vision_apriltag_node]: Vision AprilTag: images are arriving, but no AprilTag has been seen for 155.9s.
[INFO] [1775603641.911738433] [vision_apriltag_node]: Vision AprilTag detection debug: no tags found after raw/CLAHE/sharp/adaptive/upscaled/tiled passes.
[INFO] [1775603641.942646856] [vision_apriltag_node]: Vision AprilTag: images are arriving, but no AprilTag has been seen for 157.9s.
[INFO] [1775603644.033643039] [vision_apriltag_node]: Vision AprilTag: images are arriving, but no AprilTag has been seen for 160.0s.
[INFO] [1775603646.042325249] [vision_apriltag_node]: Vision AprilTag: images are arriving, but no AprilTag has been seen for 162.0s.
[INFO] [1775603647.199964396] [vision_apriltag_node]: Vision AprilTag detection debug: no tags found after raw/CLAHE/sharp/adaptive/upscaled/tiled passes.
[INFO] [1775603648.067215243] [vision_apriltag_node]: Vision AprilTag: images are arriving, but no AprilTag has been seen for 164.0s.
[INFO] [1775603650.327151369] [vision_apriltag_node]: Vision AprilTag: images are arriving, but no AprilTag has been seen for 166.2s.
[INFO] [1775603651.341613648] [vision_apriltag_node]: Vision AprilTag: images are arriving, but no AprilTag has been seen for 167.3s.
[INFO] [1775603652.546766339] [vision_apriltag_node]: Vision AprilTag detection debug: no tags found after raw/CLAHE/sharp/adaptive/upscaled/tiled passes.
[INFO] [1775603653.725083854] [vision_apriltag_node]: Vision AprilTag: images are arriving, but no AprilTag has been seen for 169.7s.
[INFO] [1775603656.084184973] [vision_apriltag_node]: Vision AprilTag: images are arriving, but no AprilTag has been seen for 172.0s.
[INFO] [1775603657.969989036] [vision_apriltag_node]: Vision AprilTag detection debug: no tags found after raw/CLAHE/sharp/adaptive/upscaled/tiled passes.
[INFO] [1775603657.986010457] [vision_apriltag_node]: Vision AprilTag: images are arriving, but no AprilTag has been seen for 174.0s.
[INFO] [1775603659.841733606] [vision_apriltag_node]: Vision AprilTag: images are arriving, but no AprilTag has been seen for 175.8s.
[INFO] [1775603661.619337339] [vision_apriltag_node]: Vision AprilTag: images are arriving, but no AprilTag has been seen for 177.6s.
[INFO] [1775603663.463458857] [vision_apriltag_node]: Vision AprilTag detection debug: no tags found after raw/CLAHE/sharp/adaptive/upscaled/tiled passes.
[INFO] [1775603663.603619245] [vision_apriltag_node]: Vision AprilTag: images are arriving, but no AprilTag has been seen for 179.6s.
[INFO] [1775603666.037046396] [vision_apriltag_node]: Vision AprilTag: images are arriving, but no AprilTag has been seen for 182.0s.
[INFO] [1775603667.831141169] [vision_apriltag_node]: Vision AprilTag: images are arriving, but no AprilTag has been seen for 183.8s.
[INFO] [1775603668.557204518] [vision_apriltag_node]: Vision AprilTag detection debug: no tags found after raw/CLAHE/sharp/adaptive/upscaled/tiled passes.
[INFO] [1775603669.678765683] [vision_apriltag_node]: Vision AprilTag: images are arriving, but no AprilTag has been seen for 185.7s.
