
===== 2026-04-07T19:28:53-04:00 | T3_joint_state =====
cwd=/home/carrt-cse-project/workspace/ros2_kortex_ws
cmd=ros2 topic echo /joint_states_sanitized --once 

header:
  stamp:
    sec: 1775604537
    nanosec: 724971061
  frame_id: adl_joint_state_sanitized
name:
- joint_1
- joint_2
- joint_3
- joint_4
- joint_5
- joint_6
- joint_7
- robotiq_85_left_knuckle_joint
position:
- -0.002731338013985507
- -0.4303689626856766
- -3.0602200327985307
- -1.9851447776270925
- -0.007601727015522641
- -0.8735099133271556
- 1.6175863360928804
- 0.007074257344007493
velocity:
- 0.0
- 0.0
- 0.0
- 2.651494572375916e-06
- 0.0
- 0.0
- 0.0
- 0.0
effort:
- -1.5395159721374512
- 10.250693321228027
- 0.6469497680664062
- -9.115532875061035
- -0.02924678847193718
- -2.0189085006713867
- -0.03497462347149849
- .nan
---
