
===== 2026-04-30T10:55:39-04:00 | T1_full =====
cwd=/home/carrt-cse-project/workspace/ros2_kortex_ws
cmd=ros2 launch adl_tasks adl_start.launch.py controller_update_rate:=1000 arm_use_fake_hardware:=false arm_robot_ip:=192.168.0.10 clear_table_cup_alignment_enable:=true launch_rviz:=true 

[INFO] [launch]: All log files can be found below /home/carrt-cse-project/.ros/log/2026-04-30-10-55-39-942419-carrt-cse-project-OptiPlex-5050-46230
[INFO] [launch]: Default logging verbosity is set to INFO
[arm_start.launch] controller_update_rate was explicitly overridden above 125 Hz for real hardware (1000 Hz); honoring the override for operator tuning even though recent logs showed overruns at that rate.
[INFO] [launch.user]: [arm_start.launch] MoveIt current state source: /joint_states_sanitized. Use use_joint_state_sanitizer:=false for raw-state viewer debugging.
[INFO] [launch.user]: [arm_start.launch] Using ADL controller config (share/adl_tasks/config/ros2_controllers_vbox.yaml, update_rate:=1000 Hz).
[INFO] [ros2_control_node-1]: process started with pid [46235]
[INFO] [robot_state_publisher-2]: process started with pid [46236]
[INFO] [joint_state_sanitizer-3]: process started with pid [46237]
[INFO] [spawner-4]: process started with pid [46238]
[INFO] [static_transform_publisher-5]: process started with pid [46239]
[INFO] [static_transform_publisher-6]: process started with pid [46240]
[INFO] [scene_static-7]: process started with pid [46241]
[INFO] [wrist_camera_usb_publisher-8]: process started with pid [46242]
[INFO] [vision_apriltag-9]: process started with pid [46243]
[INFO] [scene_from_vision-10]: process started with pid [46244]
[INFO] [adl_controller-11]: process started with pid [46245]
[INFO] [pick_dropped_bottle-12]: process started with pid [46246]
[INFO] [clear_table-13]: process started with pid [46247]
[INFO] [give_medication-14]: process started with pid [46248]
[INFO] [adl_ui-15]: process started with pid [46249]
[ros2_control_node-1] [INFO] [1777560940.537157528] [controller_manager]: Using Steady (Monotonic) clock for triggering controller manager cycles.
[ros2_control_node-1] [INFO] [1777560940.562332048] [controller_manager]: Subscribing to '/robot_description' topic for robot description.
[ros2_control_node-1] [INFO] [1777560940.586797766] [controller_manager]: update rate is 1000 Hz
[ros2_control_node-1] [INFO] [1777560940.586836470] [controller_manager]: Overruns handling is : enabled
[ros2_control_node-1] [INFO] [1777560940.586852350] [controller_manager]: Spawning controller_manager RT thread with scheduler priority: 50
[ros2_control_node-1] [INFO] [1777560940.587043196] [controller_manager]: Successful set up FIFO RT scheduling policy with priority 50.
[static_transform_publisher-5] [INFO] [1777560941.064331603] [static_transform_publisher]: Spinning until stopped - publishing transform
[static_transform_publisher-5] translation: ('0.000000', '0.000000', '0.000000')
[static_transform_publisher-5] rotation: ('0.000000', '0.000000', '0.000000', '1.000000')
[static_transform_publisher-5] from 'world' to 'base_link'
[ros2_control_node-1] [WARN] [1777560941.564593910] [controller_manager]: Waiting for data on 'robot_description' topic to finish initialization
[static_transform_publisher-6] [INFO] [1777560941.692408313] [camera_color_optical_bridge_tf_pub]: Spinning until stopped - publishing transform
[static_transform_publisher-6] translation: ('0.000000', '0.000000', '0.000000')
[static_transform_publisher-6] rotation: ('0.000000', '0.000000', '0.000000', '1.000000')
[static_transform_publisher-6] from 'camera_color_frame' to 'wrist_mounted_camera_color_optical_frame'
[robot_state_publisher-2] [INFO] [1777560942.096287018] [robot_state_publisher]: Robot initialized
[ros2_control_node-1] [INFO] [1777560942.557890045] [controller_manager]: Received robot description from topic.
[ros2_control_node-1] [INFO] [1777560942.557954467] [controller_manager]: Enforcing command limits is disabled. Command limits from URDF will be ignored.
[spawner-4] [INFO] [1777560942.611111617] [spawner_joint_state_broadcaster]: waiting for service /controller_manager/list_controllers to become available...
[ros2_control_node-1] [INFO] [1777560942.645346189] [controller_manager]: Loading hardware 'KortexMultiInterfaceHardware' 
[ros2_control_node-1] [INFO] [1777560942.858801851] [KortexMultiInterfaceHardware]: Setting severity threshold to DEBUG
[ros2_control_node-1] [INFO] [1777560942.858893970] [controller_manager]: Loaded hardware 'KortexMultiInterfaceHardware' from plugin 'kortex_driver/KortexMultiInterfaceHardware'
[ros2_control_node-1] [INFO] [1777560942.870918584] [controller_manager]: Initialize hardware 'KortexMultiInterfaceHardware' 
[ros2_control_node-1] [INFO] [1777560943.176721181] [KortexMultiInterfaceHardware]: Configuring Hardware Interface
[ros2_control_node-1] [INFO] [1777560943.177326054] [KortexMultiInterfaceHardware]: Robot ip is '192.168.0.10'
[ros2_control_node-1] [INFO] [1777560943.177346711] [KortexMultiInterfaceHardware]: Username is 'admin'
[ros2_control_node-1] [INFO] [1777560943.200435485] [KortexMultiInterfaceHardware]: Port used '10000'
[ros2_control_node-1] [INFO] [1777560943.200448780] [KortexMultiInterfaceHardware]: Realtime port used '10001'
[ros2_control_node-1] [INFO] [1777560943.200454442] [KortexMultiInterfaceHardware]: Session inactivity timeout is '60000'
[ros2_control_node-1] [INFO] [1777560943.200459552] [KortexMultiInterfaceHardware]: Connection inactivity timeout is '2000'
[ros2_control_node-1] [INFO] [1777560943.200466687] [KortexMultiInterfaceHardware]: Gripper joint name is 'robotiq_85_left_knuckle_joint'
[ros2_control_node-1] [INFO] [1777560943.200504422] [KortexMultiInterfaceHardware]: Connecting to robot at 192.168.0.10
[ros2_control_node-1] [INFO] [1777560943.202329477] [KortexMultiInterfaceHardware]: Creating session for communication
[ros2_control_node-1] [INFO] [1777560943.323879273] [KortexMultiInterfaceHardware]: Session created
[scene_from_vision-10] [INFO] [1777560943.468274643] [scene_from_vision_node]: Scene From Vision Node Started
[scene_static-7] [INFO] [1777560943.760627467] [scene_static_node]: Static Scene Node started.
[scene_static-7] [INFO] [1777560943.761528031] [scene_static_node]: WHEELCHAIR_BASE_HEIGHT = 0.36195m  |  Table surface at z = 0.098m | Table front-edge-from-base = 0.406m | Table center at x = 0.681m | table_edge_lip_margin=0.0127m | table_edge_lip_thickness=0.0127m | table_edge_lip_height=0.460m | include_wheelchair_wall=True | include_left_desk_wall=True | include_right_desk_wall=True | include_arm_base_under_block=True | include_arm_base_side_lips=True | include_arm_base_left_back_block=True | include_arm_base_right_back_half_block=True
[scene_static-7] [INFO] [1777560943.762549493] [scene_static_node]: Wheelchair wall geometry: center=(-0.465, 0.000, 0.482) size=(0.450, 0.700, 1.688)
[scene_static-7] [INFO] [1777560943.778139900] [scene_static_node]: Arm-base under-block geometry: center=(0.000, 0.000, -0.212) size=(0.302, 0.378, 0.300) | platform=(0.200, 0.200) | margins(front/back=0.051, left/right=0.089)
[scene_static-7] [INFO] [1777560943.779255174] [scene_static_node]: Arm-base side-lip geometry: left_y=0.198, right_y=-0.198, center_z=-0.047, size=(0.314, 0.006, 0.030) | x_offset=-0.076, outset=0.006, front/back_margin=0.006
[scene_static-7] [INFO] [1777560943.780444575] [scene_static_node]: Arm-base left-back block geometry: center=(-0.177, 0.312, 0.482) size=(0.100, 0.408, 1.688) | inner_faces(x=-0.127, y=0.108) | left_wall_inner_face_y=0.504 | into_left_wall=0.013
[scene_static-7] [INFO] [1777560943.798580713] [scene_static_node]: Arm-base right-back half block geometry: center=(-0.177, -0.312, 0.060) size=(0.100, 0.408, 0.844) | inner_faces(x=-0.127, y=-0.108) | right_wall_inner_face_y=-0.504 | into_right_wall=0.013
[wrist_camera_usb_publisher-8] [INFO] [1777560943.876459738] [wrist_camera_usb_publisher_node]: USB camera publisher: trying camera source index 2.
[wrist_camera_usb_publisher-8] [ WARN:0@2.792] global ./modules/videoio/src/cap_v4l.cpp (902) open VIDEOIO(V4L2:/dev/video2): can't open camera by index
[wrist_camera_usb_publisher-8] [INFO] [1777560943.907564084] [wrist_camera_usb_publisher_node]: USB camera publisher: trying camera source index 0.
[wrist_camera_usb_publisher-8] [ WARN:0@2.829] global ./modules/videoio/src/cap_v4l.cpp (902) open VIDEOIO(V4L2:/dev/video0): can't open camera by index
[wrist_camera_usb_publisher-8] [INFO] [1777560943.931345400] [wrist_camera_usb_publisher_node]: USB camera publisher: trying camera source index 1.
[wrist_camera_usb_publisher-8] [ WARN:0@2.831] global ./modules/videoio/src/cap_v4l.cpp (902) open VIDEOIO(V4L2:/dev/video1): can't open camera by index
[wrist_camera_usb_publisher-8] [INFO] [1777560943.932157535] [wrist_camera_usb_publisher_node]: USB camera publisher: trying camera source index 3.
[wrist_camera_usb_publisher-8] [ WARN:0@2.832] global ./modules/videoio/src/cap_v4l.cpp (902) open VIDEOIO(V4L2:/dev/video3): can't open camera by index
[wrist_camera_usb_publisher-8] [INFO] [1777560943.932985294] [wrist_camera_usb_publisher_node]: USB camera publisher: trying camera source index 4.
[joint_state_sanitizer-3] [INFO] [1777560943.951276775] [joint_state_sanitizer_node]: joint_state_sanitizer started. raw=/joint_states -> sanitized=/joint_states_sanitized
[wrist_camera_usb_publisher-8] [INFO] [1777560943.982677837] [wrist_camera_usb_publisher_node]: USB camera publisher: opened camera source index 4.
[wrist_camera_usb_publisher-8] [INFO] [1777560943.987046750] [wrist_camera_usb_publisher_node]: Wrist Camera USB Publisher started.
[wrist_camera_usb_publisher-8] [INFO] [1777560943.991996907] [wrist_camera_usb_publisher_node]: Publishing USB camera frames on /wrist_mounted_camera/image with frame_id=wrist_mounted_camera_color_optical_frame.
[wrist_camera_usb_publisher-8] [INFO] [1777560943.993462305] [wrist_camera_usb_publisher_node]: Publishing camera info on /wrist_mounted_camera/camera_info from reference intrinsics [554.25, 554.25, 320.0, 240.0] @ 640x480.
[wrist_camera_usb_publisher-8] [INFO] [1777560943.999897609] [wrist_camera_usb_publisher_node]: Using explicit camera_matrix for CameraInfo. matrix_size=1280x720, K=[920.874267578125, 0.0, 644.7646484375, 0.0, 921.5654907226562, 343.1528625488281, 0.0, 0.0, 1.0], d=[0.0, 0.0, 0.0, 0.0, 0.0]
[wrist_camera_usb_publisher-8] [INFO] [1777560944.001954736] [wrist_camera_usb_publisher_node]: Requested source=2 size=1280x720 fps=10.0
[adl_ui-15] [INFO] [1777560944.008364739] [adl_ui_node]: ADL UI Node started.
[adl_ui-15] [INFO] [1777560944.009583299] [adl_ui_node]: Automatic retract on UI load is disabled; startup sends no motion.
[adl_ui-15]  * Serving Flask app 'adl_tasks.adl_ui'
[adl_ui-15]  * Debug mode: off
[adl_ui-15] [INFO] [1777560944.013851289] [adl_ui_node]: Web UI available at http://localhost:5000
[adl_ui-15] Address already in use
[adl_ui-15] Port 5000 is in use by another program. Either identify and stop that program, or start the server with a different port.
[ros2_control_node-1] [INFO] [1777560944.132276358] [KortexMultiInterfaceHardware]: Actuator count reported by robot is '7'
[ros2_control_node-1] [INFO] [1777560944.132505671] [KortexMultiInterfaceHardware]: Using internal bus communication for gripper!
[ros2_control_node-1] [INFO] [1777560944.132515654] [KortexMultiInterfaceHardware]: Hardware Interface successfully configured
[ros2_control_node-1] [INFO] [1777560944.132610441] [controller_manager]: Successful initialization of hardware 'KortexMultiInterfaceHardware'
[ros2_control_node-1] [DEBUG] [1777560944.132687496] [KortexMultiInterfaceHardware]: export_state_interfaces for joint: joint_1
[ros2_control_node-1] [DEBUG] [1777560944.132718841] [KortexMultiInterfaceHardware]: export_state_interfaces for joint: joint_2
[ros2_control_node-1] [DEBUG] [1777560944.132726420] [KortexMultiInterfaceHardware]: export_state_interfaces for joint: joint_3
[ros2_control_node-1] [DEBUG] [1777560944.132731845] [KortexMultiInterfaceHardware]: export_state_interfaces for joint: joint_4
[ros2_control_node-1] [DEBUG] [1777560944.132736894] [KortexMultiInterfaceHardware]: export_state_interfaces for joint: joint_5
[ros2_control_node-1] [DEBUG] [1777560944.132744359] [KortexMultiInterfaceHardware]: export_state_interfaces for joint: joint_6
[ros2_control_node-1] [DEBUG] [1777560944.132750894] [KortexMultiInterfaceHardware]: export_state_interfaces for joint: joint_7
[ros2_control_node-1] [DEBUG] [1777560944.132756719] [KortexMultiInterfaceHardware]: export_state_interfaces for joint: robotiq_85_left_knuckle_joint
[ros2_control_node-1] [INFO] [1777560944.134938572] [resource_manager]: 'configure' hardware 'KortexMultiInterfaceHardware' 
[ros2_control_node-1] [INFO] [1777560944.134988275] [resource_manager]: Successful 'configure' of hardware 'KortexMultiInterfaceHardware'
[ros2_control_node-1] [INFO] [1777560944.135063762] [resource_manager]: 'activate' hardware 'KortexMultiInterfaceHardware' 
[ros2_control_node-1] [INFO] [1777560944.135088844] [KortexMultiInterfaceHardware]: Activating KortexMultiInterfaceHardware...
[ros2_control_node-1] [INFO] [1777560944.155385536] [KortexMultiInterfaceHardware]: Gripper initial position is '14.473685'.
[ros2_control_node-1] [INFO] [1777560944.158038522] [KortexMultiInterfaceHardware]: KortexMultiInterfaceHardware successfully activated!
[ros2_control_node-1] [INFO] [1777560944.158103237] [resource_manager]: Successful 'activate' of hardware 'KortexMultiInterfaceHardware'
[ros2_control_node-1] [INFO] [1777560944.158446521] [controller_manager]: Registering statistics for : KortexMultiInterfaceHardware
[ros2_control_node-1] [INFO] [1777560944.158638574] [controller_manager]: Resource Manager has been successfully initialized. Starting Controller Manager services...
[ros2_control_node-1] [WARN] [1777560944.196895551] [controller_manager]: Overrun might occur, Total time : 37724.213 us (Expected < 1000.000 us) --> Read time : 29100.622 us, Update time : 35.704 us, Write time : 8587.887 us
[ros2_control_node-1] [WARN] [1777560944.197021022] [controller_manager]: Overrun detected! The controller manager missed its desired rate of 1000 Hz. The loop took 37.892242 ms (missed cycles : 38).
[pick_dropped_bottle-12] [INFO] [1777560944.320752548] [pick_dropped_bottle_node]: PickDroppedBottle starting...
[scene_static-7] [INFO] [1777560944.374503522] [scene_static_node]: Planning scene service available. Building static scene...
[ros2_control_node-1] [INFO] [1777560944.514105954] [controller_manager]: Received robot description from topic.
[ros2_control_node-1] [WARN] [1777560944.514157057] [controller_manager]: ResourceManager has already loaded a urdf. Ignoring attempt to reload a robot description.
[scene_from_vision-10] [INFO] [1777560944.612858013] [scene_from_vision_node]: SceneFromVision: Updating planning scene. Tracking 5 object shape(s). memory_mode=True, scan_duration_s=5.0, scan_min_samples=3, scan_target_samples=8, scan_extend_step_s=1.5, scan_max_extensions=2, scan_prune_unseen_objects=False, continuous_scene_updates=False, latch_first_detection_updates=True, log_object_pose_debug=False, apply_planning_scene_service_updates=True, publish_monitored_planning_scene_updates=True, side_viewpoint=wrist_mounted_camera_color_optical_frame->base_link, reject_table_objects_outside_bounds=False.
[scene_from_vision-10] [INFO] [1777560944.654266538] [scene_from_vision_node]: SceneFromVision calibration: xy_offset=(0.000, 0.000), z_offset=0.000, yaw_deg=0.00, xy_scale=1.0000, clamp_table_objects_to_table_bounds=False, table_bounds_margin_m=0.030.
[scene_from_vision-10] [INFO] [1777560944.668029332] [scene_from_vision_node]: SceneFromVision object offsets: remote_axis=y, remote_tag_to_center_sign=-1.0, remote_tag_from_end_m=0.020, remote_world_offset=(-0.040, 0.000), cube_tag_to_center=(0.000, 0.000), cube_world_offset=(0.000, -0.006), cube_yaw_offset_deg=0.0, medication_world_offset=(-0.150, -0.030), medication_face_to_center_m=0.027, cup_world_offset=(-0.085, -0.040), cup_face_to_center_m=0.031.
[pick_dropped_bottle-12] [INFO] [1777560944.839210413] [pick_dropped_bottle_node]: MoveItHelper initialized. joint_state_topic=/joint_states_sanitized (sanitized_expected=True) real_hardware_mode=True short_cartesian_mode=hybrid
[pick_dropped_bottle-12] [INFO] [1777560944.845246719] [pick_dropped_bottle_node]: ADL_DIRECT_FIXED_JOINTS is unset; defaulting fixed-joint direct trajectories to disabled on real hardware (collision-aware MoveIt path first).
[wrist_camera_usb_publisher-8] [INFO] [1777560944.914286518] [wrist_camera_usb_publisher_node]: USB camera info active intrinsics: size=1280x720, fx=920.87, fy=921.57, cx=644.76, cy=343.15, d=array('d', [0.0, 0.0, 0.0, 0.0, 0.0])
[wrist_camera_usb_publisher-8] [INFO] [1777560944.918578704] [wrist_camera_usb_publisher_node]: USB camera publisher heartbeat: publishing 1280x720 frames on /wrist_mounted_camera/image; camera_info fx=920.87, fy=921.57, cx=644.76, cy=343.15.
[pick_dropped_bottle-12] [INFO] [1777560945.112699192] [pick_dropped_bottle_node]: Vision Client initialized, waiting for service...
[give_medication-14] [INFO] [1777560945.154096850] [give_medication_node]: give_medication starting...
[ros2_control_node-1] [WARN] [1777560945.204702102] [controller_manager]: Overrun might occur, Total time : 13552.209 us (Expected < 1000.000 us) --> Read time : 38.014 us, Update time : 18.760 us, Write time : 13495.435 us
[ros2_control_node-1] [WARN] [1777560945.204776485] [controller_manager]: Overrun detected! The controller manager missed its desired rate of 1000 Hz. The loop took 13.648583 ms (missed cycles : 14).
[clear_table-13] [INFO] [1777560945.252104823] [clear_table_node]: Clear Table Node Started
[pick_dropped_bottle-12] [INFO] [1777560945.384054923] [pick_dropped_bottle_node]: Vision service is ready.
[adl_controller-11] [INFO] [1777560945.389218246] [adl_controller_node]: MoveItHelper initialized. joint_state_topic=/joint_states_sanitized (sanitized_expected=True) real_hardware_mode=True short_cartesian_mode=hybrid
[adl_controller-11] [INFO] [1777560945.390272168] [adl_controller_node]: ADL_DIRECT_FIXED_JOINTS is unset; defaulting fixed-joint direct trajectories to disabled on real hardware (collision-aware MoveIt path first).
[adl_controller-11] [INFO] [1777560945.426525592] [adl_controller_node]: ADL controller ready. Waiting for UI/system commands.
[pick_dropped_bottle-12] [INFO] [1777560945.471751227] [pick_dropped_bottle_node]: PickDroppedBottle ready. Waiting for command.
[pick_dropped_bottle-12] [INFO] [1777560945.481020186] [pick_dropped_bottle_node]: Startup motion disabled at node load; motion begins only after pick_dropped_bottle command.
[give_medication-14] [INFO] [1777560945.749751094] [give_medication_node]: MoveItHelper initialized. joint_state_topic=/joint_states_sanitized (sanitized_expected=True) real_hardware_mode=True short_cartesian_mode=hybrid
[give_medication-14] [INFO] [1777560945.776036099] [give_medication_node]: ADL_DIRECT_FIXED_JOINTS is unset; defaulting fixed-joint direct trajectories to disabled on real hardware (collision-aware MoveIt path first).
[spawner-4] [WARN] [1777560945.853432339] [spawner_joint_state_broadcaster]: Controller already loaded, skipping load_controller
[scene_from_vision-10] [INFO] [1777560945.868184233] [scene_from_vision_node]: Latched first detection for tag ID 3 into scene memory.
[ros2_control_node-1] [INFO] [1777560945.912364608] [controller_manager]: Configuring controller: 'joint_state_broadcaster'
[ros2_control_node-1] [ERROR] [1777560945.912477774] [controller_manager]: Could not configure controller with name 'joint_state_broadcaster' because no controller with this name exists
[spawner-4] [ERROR] [1777560945.915451511] [spawner_joint_state_broadcaster]: Failed to configure controller
[give_medication-14] [INFO] [1777560945.930398247] [give_medication_node]: Vision Client initialized, waiting for service...
[give_medication-14] [INFO] [1777560945.951331515] [give_medication_node]: Vision service is ready.
[clear_table-13] [INFO] [1777560945.958120028] [clear_table_node]: MoveItHelper initialized. joint_state_topic=/joint_states_sanitized (sanitized_expected=True) real_hardware_mode=True short_cartesian_mode=hybrid
[clear_table-13] [INFO] [1777560945.960732407] [clear_table_node]: ADL_DIRECT_FIXED_JOINTS is unset; defaulting fixed-joint direct trajectories to disabled on real hardware (collision-aware MoveIt path first).
[give_medication-14] [INFO] [1777560946.030736215] [give_medication_node]: give_medication ready.
[scene_from_vision-10] [INFO] [1777560946.119745344] [scene_from_vision_node]: Published obj_3 (new) at x=0.773, y=0.030, z=0.109, yaw=-33.2deg
[clear_table-13] [INFO] [1777560946.125195833] [clear_table_node]: Vision Client initialized, waiting for service...
[clear_table-13] [INFO] [1777560946.130471456] [clear_table_node]: Vision service is ready.
[scene_from_vision-10] [INFO] [1777560946.168490349] [scene_from_vision_node]: /apply_planning_scene accepted dynamic scene updates; MoveIt should mirror these objects to RViz.
[clear_table-13] [INFO] [1777560946.180841997] [clear_table_node]: Clear Table Node ready. Waiting for command.
[clear_table-13] [INFO] [1777560946.181498400] [clear_table_node]: Startup motion disabled at node load; motion begins only after clear_table command.
[clear_table-13] [INFO] [1777560946.183021101] [clear_table_node]: clear_table scan flags: top_only_scan_mode=False (ADL_CLEAR_TABLE_TOP_ONLY_SCAN='false'), cup_stage1_alignment_enable=True (ADL_CLEAR_TABLE_CUP_ALIGNMENT_ENABLE='true'), two_phase_require_side_sweep_before_priority_exit=True (ADL_CLEAR_TABLE_REQUIRE_SIDE_SWEEP='true'), two_phase_top_full_sweep_before_priority_exit=True.
[ros2_control_node-1] [WARN] [1777560946.204955375] [controller_manager]: Overrun might occur, Total time : 12792.926 us (Expected < 1000.000 us) --> Read time : 86.604 us, Update time : 22.964 us, Write time : 12683.358 us
[ros2_control_node-1] [WARN] [1777560946.205063545] [controller_manager]: Overrun detected! The controller manager missed its desired rate of 1000 Hz. The loop took 12.935069 ms (missed cycles : 13).
[ERROR] [spawner-4]: process has died [pid 46238, exit code 1, cmd '/home/carrt-cse-project/workspace/ros2_kortex_ws/install/controller_manager/lib/controller_manager/spawner joint_state_broadcaster --controller-manager /controller_manager --ros-args'].
[vision_apriltag-9] [INFO] [1777560946.526794362] [vision_apriltag_node]: Vision AprilTag Node Started
[vision_apriltag-9] [INFO] [1777560946.529431469] [vision_apriltag_node]: Subscribing to camera topic: /wrist_mounted_camera/image
[vision_apriltag-9] [INFO] [1777560946.531799343] [vision_apriltag_node]: Subscribing to camera info topic: /wrist_mounted_camera/camera_info
[vision_apriltag-9] [INFO] [1777560946.534346378] [vision_apriltag_node]: Camera frame: wrist_mounted_camera_color_optical_frame | use_image_header_frame=True
[vision_apriltag-9] [INFO] [1777560946.540445812] [vision_apriltag_node]: Tag size: 0.025m | pose_cache_retention_s=20.0 | get_pose_wait_timeout_s=5.0 | max_returned_pose_age_s=20.0 | camera_params=[554.25, 554.25, 320.0, 240.0] | families=tag36h11 | quad_decimate=1.0 | requested_backend=opencv | backend=cv2.aruco | opencv_pose_solver=ippe_square | use_image_timestamp_for_tf=False
[vision_apriltag-9] [INFO] [1777560946.543690446] [vision_apriltag_node]: Top-tag known-plane projection: enabled=True, planes={3: 0.11995, 4: 0.154438}
[vision_apriltag-9] [INFO] [1777560946.545786190] [vision_apriltag_node]: pupil_apriltags tuning: nthreads=1, quad_sigma=0.0, refine_edges=1, decode_sharpening=0.25, debug=0, preprocess_variants=['raw', 'clahe', 'adaptive', 'clahe_sharp', 'clahe_up2', 'sharp_up2'], tile_search_if_empty=True, tile_search_grid=3x2, tile_search_scale=2.0, tile_search_overlap=0.25
[vision_apriltag-9] [WARN] [1777560946.547880250] [vision_apriltag_node]: pupil_apriltags is not importable by this node, so detection is using OpenCV fallback only. python=/usr/bin/python3, import_error=No module named 'pupil_apriltags'. If .venv contains pupil_apriltags, rebuild adl_tasks with that venv active or run the module with the venv Python.
[vision_apriltag-9] [INFO] [1777560946.550239451] [vision_apriltag_node]: Publishing AprilTag debug images on /vision_apriltag/debug_image at up to 1.0 Hz.
[vision_apriltag-9] [INFO] [1777560946.554692433] [vision_apriltag_node]: Vision AprilTag camera model updated from CameraInfo: size=1280x720, fx=920.87, fy=921.57, cx=644.76, cy=343.15, d=[0.0, 0.0, 0.0, 0.0, 0.0]
[INFO] [spawner-16]: process started with pid [46522]
[INFO] [spawner-17]: process started with pid [46523]
[INFO] [spawner-18]: process started with pid [46524]
[INFO] [spawner-19]: process started with pid [46525]
[ros2_control_node-1] [WARN] [1777560947.205655218] [controller_manager]: Overrun might occur, Total time : 15490.731 us (Expected < 1000.000 us) --> Read time : 62.941 us, Update time : 33.024 us, Write time : 15394.766 us
[ros2_control_node-1] [WARN] [1777560947.205719838] [controller_manager]: Overrun detected! The controller manager missed its desired rate of 1000 Hz. The loop took 15.592012 ms (missed cycles : 16).
[ros2_control_node-1] [WARN] [1777560948.208166504] [controller_manager]: Overrun might occur, Total time : 7018.526 us (Expected < 1000.000 us) --> Read time : 26.656 us, Update time : 15.747 us, Write time : 6976.123 us
[ros2_control_node-1] [WARN] [1777560948.208242719] [controller_manager]: Overrun detected! The controller manager missed its desired rate of 1000 Hz. The loop took 7.114467 ms (missed cycles : 8).
[scene_from_vision-10] [INFO] [1777560948.605516601] [scene_from_vision_node]: Published obj_3 (heartbeat) at x=0.773, y=0.030, z=0.109, yaw=-33.2deg
[vision_apriltag-9] [INFO] [1777560948.852519460] [vision_apriltag_node]: Vision AprilTag detection debug: 0:cv2.solvePnP_ippe_square:clahe@(714,386)
[vision_apriltag-9] [INFO] [1777560948.868593704] [vision_apriltag_node]: Vision AprilTag visible IDs: [0]
[ros2_control_node-1] [WARN] [1777560949.214433898] [controller_manager]: Overrun might occur, Total time : 9272.188 us (Expected < 1000.000 us) --> Read time : 40.941 us, Update time : 26.541 us, Write time : 9204.706 us
[ros2_control_node-1] [WARN] [1777560949.214558592] [controller_manager]: Overrun detected! The controller manager missed its desired rate of 1000 Hz. The loop took 9.429986 ms (missed cycles : 10).
[wrist_camera_usb_publisher-8] [INFO] [1777560949.950977596] [wrist_camera_usb_publisher_node]: USB camera publisher heartbeat: publishing 1280x720 frames on /wrist_mounted_camera/image; camera_info fx=920.87, fy=921.57, cx=644.76, cy=343.15.
[spawner-19] [WARN] [1777560949.957605465] [spawner_fault_controller]: Controller already loaded, skipping load_controller
[spawner-19] [INFO] [1777560949.972634783] [spawner_fault_controller]: waiting for service /controller_manager/configure_controller to become available...
[ros2_control_node-1] [WARN] [1777560950.214910737] [controller_manager]: Overrun might occur, Total time : 1751.911 us (Expected < 1000.000 us) --> Read time : 64.297 us, Update time : 28.049 us, Write time : 1659.565 us
[ros2_control_node-1] [WARN] [1777560950.215007310] [controller_manager]: Overrun detected! The controller manager missed its desired rate of 1000 Hz. The loop took 1.878870 ms (missed cycles : 2).
[ros2_control_node-1] [INFO] [1777560950.225955489] [controller_manager]: Configuring controller: 'fault_controller'
[ros2_control_node-1] [ERROR] [1777560950.226005755] [controller_manager]: Could not configure controller with name 'fault_controller' because no controller with this name exists
[spawner-19] [ERROR] [1777560950.229067937] [spawner_fault_controller]: Failed to configure controller
[vision_apriltag-9] [INFO] [1777560950.300961750] [vision_apriltag_node]: Service: Tag 0 found and base-frame pose returned.
[ERROR] [spawner-19]: process has died [pid 46525, exit code 1, cmd '/home/carrt-cse-project/workspace/ros2_kortex_ws/install/controller_manager/lib/controller_manager/spawner fault_controller -c /controller_manager --ros-args'].
[scene_from_vision-10] [INFO] [1777560950.663926195] [scene_from_vision_node]: Published obj_3 (heartbeat) at x=0.773, y=0.030, z=0.109, yaw=-33.2deg
[ros2_control_node-1] [WARN] [1777560951.217169338] [controller_manager]: Overrun might occur, Total time : 3023.559 us (Expected < 1000.000 us) --> Read time : 31.753 us, Update time : 16.269 us, Write time : 2975.537 us
[ros2_control_node-1] [WARN] [1777560951.217234452] [controller_manager]: Overrun detected! The controller manager missed its desired rate of 1000 Hz. The loop took 3.106961 ms (missed cycles : 4).
[spawner-18] [INFO] [1777560951.306667343] [spawner_robotiq_gripper_controller]: waiting for service /controller_manager/list_controllers to become available...
[scene_from_vision-10] [INFO] [1777560952.054379860] [scene_from_vision_node]: Latched first detection for tag ID 0 into scene memory.
[scene_from_vision-10] [INFO] [1777560952.121540489] [scene_from_vision_node]: Published obj_0 (new) at x=0.263, y=-0.043, z=-0.332, yaw=+2.4deg
[ros2_control_node-1] [WARN] [1777560952.224197994] [controller_manager]: Overrun might occur, Total time : 9051.530 us (Expected < 1000.000 us) --> Read time : 34.321 us, Update time : 19.573 us, Write time : 8997.636 us
[ros2_control_node-1] [WARN] [1777560952.224266641] [controller_manager]: Overrun detected! The controller manager missed its desired rate of 1000 Hz. The loop took 9.138818 ms (missed cycles : 10).
[vision_apriltag-9] [INFO] [1777560952.410503227] [vision_apriltag_node]: Service: Tag 0 found and base-frame pose returned.
[vision_apriltag-9] [WARN] [1777560952.427808100] [vision_apriltag_node]: Vision AprilTag: last image on /wrist_mounted_camera/image arrived 2.1s ago.
[vision_apriltag-9] [INFO] [1777560952.443362999] [vision_apriltag_node]: Service: Tag 0 found and base-frame pose returned.
[spawner-18] [WARN] [1777560953.069046128] [spawner_robotiq_gripper_controller]: Controller already loaded, skipping load_controller
[ros2_control_node-1] [INFO] [1777560953.081890638] [controller_manager]: Configuring controller: 'robotiq_gripper_controller'
[ros2_control_node-1] [ERROR] [1777560953.081960076] [controller_manager]: Could not configure controller with name 'robotiq_gripper_controller' because no controller with this name exists
[spawner-18] [ERROR] [1777560953.083968323] [spawner_robotiq_gripper_controller]: Failed to configure controller
[scene_from_vision-10] [INFO] [1777560953.110641388] [scene_from_vision_node]: Published obj_3 (heartbeat) at x=0.773, y=0.030, z=0.109, yaw=-33.2deg
[ros2_control_node-1] [WARN] [1777560953.227968569] [controller_manager]: Overrun might occur, Total time : 3820.998 us (Expected < 1000.000 us) --> Read time : 33.965 us, Update time : 21.038 us, Write time : 3765.995 us
[ros2_control_node-1] [WARN] [1777560953.228041034] [controller_manager]: Overrun detected! The controller manager missed its desired rate of 1000 Hz. The loop took 3.913114 ms (missed cycles : 4).
[ERROR] [spawner-18]: process has died [pid 46524, exit code 1, cmd '/home/carrt-cse-project/workspace/ros2_kortex_ws/install/controller_manager/lib/controller_manager/spawner robotiq_gripper_controller -c /controller_manager --ros-args'].
[vision_apriltag-9] [INFO] [1777560953.894279294] [vision_apriltag_node]: Vision AprilTag detection debug: 0:cv2.solvePnP_ippe_square:clahe@(714,386)
[vision_apriltag-9] [INFO] [1777560953.906596586] [vision_apriltag_node]: Service: Tag 0 found and base-frame pose returned.
[ros2_control_node-1] [WARN] [1777560954.240477966] [controller_manager]: Overrun might occur, Total time : 15319.405 us (Expected < 1000.000 us) --> Read time : 50.021 us, Update time : 24.858 us, Write time : 15244.526 us
[ros2_control_node-1] [WARN] [1777560954.240549578] [controller_manager]: Overrun detected! The controller manager missed its desired rate of 1000 Hz. The loop took 15.421647 ms (missed cycles : 16).
[spawner-17] [INFO] [1777560954.285470104] [spawner_twist_controller]: waiting for service /controller_manager/list_controllers to become available...
[scene_from_vision-10] [INFO] [1777560954.615802536] [scene_from_vision_node]: Published obj_0 (heartbeat) at x=0.263, y=-0.043, z=-0.332, yaw=+2.4deg
[wrist_camera_usb_publisher-8] [INFO] [1777560954.965136817] [wrist_camera_usb_publisher_node]: USB camera publisher heartbeat: publishing 1280x720 frames on /wrist_mounted_camera/image; camera_info fx=920.87, fy=921.57, cx=644.76, cy=343.15.
[scene_from_vision-10] [INFO] [1777560955.105061144] [scene_from_vision_node]: Published obj_3 (heartbeat) at x=0.773, y=0.030, z=0.109, yaw=-33.2deg
[ros2_control_node-1] [WARN] [1777560955.240570875] [controller_manager]: Overrun might occur, Total time : 6413.351 us (Expected < 1000.000 us) --> Read time : 29.762 us, Update time : 18.613 us, Write time : 6364.976 us
[ros2_control_node-1] [WARN] [1777560955.240675385] [controller_manager]: Overrun detected! The controller manager missed its desired rate of 1000 Hz. The loop took 6.547779 ms (missed cycles : 7).
[vision_apriltag-9] [INFO] [1777560955.394516265] [vision_apriltag_node]: Service: Tag 0 found and base-frame pose returned.
[spawner-17] [WARN] [1777560956.037996714] [spawner_twist_controller]: Controller already loaded, skipping load_controller
[vision_apriltag-9] [INFO] [1777560956.159606326] [vision_apriltag_node]: Service: Tag 0 found and base-frame pose returned.
[ros2_control_node-1] [WARN] [1777560956.248483714] [controller_manager]: Overrun might occur, Total time : 17315.744 us (Expected < 1000.000 us) --> Read time : 75.580 us, Update time : 35.147 us, Write time : 17205.017 us
[ros2_control_node-1] [WARN] [1777560956.248563108] [controller_manager]: Overrun detected! The controller manager missed its desired rate of 1000 Hz. The loop took 17.434646 ms (missed cycles : 18).
[INFO] [spawner-17]: process has finished cleanly [pid 46523]
[scene_from_vision-10] [INFO] [1777560956.626347135] [scene_from_vision_node]: Published obj_0 (heartbeat) at x=0.263, y=-0.043, z=-0.332, yaw=+2.4deg
[scene_from_vision-10] [INFO] [1777560957.110127514] [scene_from_vision_node]: Published obj_3 (heartbeat) at x=0.773, y=0.030, z=0.109, yaw=-33.2deg
[ros2_control_node-1] [WARN] [1777560957.249697771] [controller_manager]: Overrun might occur, Total time : 16546.431 us (Expected < 1000.000 us) --> Read time : 35.869 us, Update time : 19.398 us, Write time : 16491.164 us
[ros2_control_node-1] [WARN] [1777560957.249771605] [controller_manager]: Overrun detected! The controller manager missed its desired rate of 1000 Hz. The loop took 16.643754 ms (missed cycles : 17).
[vision_apriltag-9] [INFO] [1777560957.745837783] [vision_apriltag_node]: Service: Tag 0 found and base-frame pose returned.
[ros2_control_node-1] [WARN] [1777560958.253465528] [controller_manager]: Overrun might occur, Total time : 6313.812 us (Expected < 1000.000 us) --> Read time : 38.322 us, Update time : 19.586 us, Write time : 6255.904 us
[ros2_control_node-1] [WARN] [1777560958.253550974] [controller_manager]: Overrun detected! The controller manager missed its desired rate of 1000 Hz. The loop took 6.423154 ms (missed cycles : 7).
[vision_apriltag-9] [INFO] [1777560959.021186573] [vision_apriltag_node]: Vision AprilTag detection debug: 0:cv2.solvePnP_ippe_square:clahe@(714,386)
[spawner-16] [WARN] [1777560959.092096926] [spawner_joint_trajectory_controller]: Controller already loaded, skipping load_controller
[scene_from_vision-10] [INFO] [1777560959.135654714] [scene_from_vision_node]: Published obj_0 (heartbeat) at x=0.263, y=-0.043, z=-0.332, yaw=+2.4deg
[scene_from_vision-10] [INFO] [1777560959.137246630] [scene_from_vision_node]: Published obj_3 (heartbeat) at x=0.773, y=0.030, z=0.109, yaw=-33.2deg
[spawner-16] [ERROR] [1777560959.205703897] [spawner_joint_trajectory_controller]: Failed to configure controller
[ros2_control_node-1] [WARN] [1777560959.253680832] [controller_manager]: Overrun might occur, Total time : 4499.428 us (Expected < 1000.000 us) --> Read time : 121.596 us, Update time : 77.845 us, Write time : 4299.987 us
[ros2_control_node-1] [WARN] [1777560959.253756449] [controller_manager]: Overrun detected! The controller manager missed its desired rate of 1000 Hz. The loop took 4.628353 ms (missed cycles : 5).
[vision_apriltag-9] [INFO] [1777560959.449062098] [vision_apriltag_node]: Service: Tag 0 found and base-frame pose returned.
[clear_table-13] [INFO] [1777560959.613291767] [clear_table_node]: Received clear_table command. Starting task execution.
[clear_table-13] [INFO] [1777560959.635042258] [clear_table_node]: Starting Clear Table Task...
[ERROR] [spawner-16]: process has died [pid 46522, exit code 1, cmd '/home/carrt-cse-project/workspace/ros2_kortex_ws/install/controller_manager/lib/controller_manager/spawner joint_trajectory_controller -c /controller_manager --ros-args'].
[scene_from_vision-10] [INFO] [1777560959.684861147] [scene_from_vision_node]: Scene memory cleared. Removed remembered IDs: [0, 3]
[scene_from_vision-10] [INFO] [1777560959.685981619] [scene_from_vision_node]: Scene memory cleared. Removed remembered IDs: []
[scene_from_vision-10] [WARN] [1777560959.695804819] [scene_from_vision_node]: /apply_planning_scene rejected scene clear.
[clear_table-13] [INFO] [1777560959.722114783] [clear_table_node]: Scene memory cleared. Removed remembered IDs: []
[clear_table-13] [INFO] [1777560959.722891414] [clear_table_node]: [Layout] BIN preset alignment: preset=(0.891, 0.000) vs center=(0.891, 0.000) (dx_center=+0.000, dy=+0.000), dx_from_drop_target=+0.000.
[clear_table-13] [INFO] [1777560959.725825001] [clear_table_node]: [Layout] SHELF preset alignment: left=(0.760, 0.115), right=(0.760, 0.241), shelf_center_x=0.881, shelf_drop_x=0.760, dx_center(left/right)=(-0.121/-0.121), dx_drop(left/right)=(+0.000/+0.000).
[clear_table-13] [INFO] [1777560959.774827395] [clear_table_node]: Added temporary table guard ring 'clear_table_startup_guard' (margin=0.0127m, height=0.200m, thickness=0.0127m).
[scene_from_vision-10] [INFO] [1777560959.967559011] [scene_from_vision_node]: Scene LOCKED - updates paused.
[clear_table-13] [INFO] [1777560959.982611279] [clear_table_node]: Scene LOCKED.
[scene_from_vision-10] [INFO] [1777560959.990102363] [scene_from_vision_node]: Scene LOCKED - updates paused.
[wrist_camera_usb_publisher-8] [INFO] [1777560960.053637502] [wrist_camera_usb_publisher_node]: USB camera publisher heartbeat: publishing 1280x720 frames on /wrist_mounted_camera/image; camera_info fx=920.87, fy=921.57, cx=644.76, cy=343.15.
[clear_table-13] [INFO] [1777560960.141521759] [clear_table_node]: Moving to perform the initial scene scan for clear table task...
[clear_table-13] [INFO] [1777560960.146407553] [clear_table_node]: is_near_look_at_table: current arm is not at target (worst=joint_4:0.510 rad > 0.080).
[clear_table-13] [INFO] [1777560960.150188152] [clear_table_node]: look_at_table: planning to LOOK_AT_TABLE_JOINTS.
[clear_table-13] [INFO] [1777560960.159684471] [clear_table_node]: _send_goal: dispatching MoveGroup request group=manipulator, attempts=10, allowed_time=15.00s, vel_scale=0.250, accel_scale=0.250, gc1:joints(joint_1=-0.027+/-0.030, joint_2=-0.452+/-0.030, joint_3=-3.073+/-0.030, joint_4=-2.014+/-0.030, joint_5=-0.006+/-0.030, joint_6=-0.888+/-0.030, joint_7=+1.636+/-0.030)
[clear_table-13] [INFO] [1777560960.182612367] [clear_table_node]: Start state: collision-valid — no collisions (not a joint-bounds check).
[ros2_control_node-1] [WARN] [1777560960.254103654] [controller_manager]: Overrun might occur, Total time : 3955.377 us (Expected < 1000.000 us) --> Read time : 36.892 us, Update time : 19.648 us, Write time : 3898.837 us
[ros2_control_node-1] [WARN] [1777560960.254177842] [controller_manager]: Overrun detected! The controller manager missed its desired rate of 1000 Hz. The loop took 4.049846 ms (missed cycles : 5).
[clear_table-13] [INFO] [1777560960.291440599] [clear_table_node]: _send_goal: MoveGroup goal accepted.
[joint_state_sanitizer-3] [WARN] [1777560960.883279455] [joint_state_sanitizer_node]: [joint_state_sanitizer] Published sanitized joint state: joint_3:+3.134->+3.132
[ros2_control_node-1] [WARN] [1777560961.254567447] [controller_manager]: Overrun might occur, Total time : 2412.238 us (Expected < 1000.000 us) --> Read time : 52.047 us, Update time : 25.532 us, Write time : 2334.659 us
[ros2_control_node-1] [WARN] [1777560961.254665587] [controller_manager]: Overrun detected! The controller manager missed its desired rate of 1000 Hz. The loop took 2.537186 ms (missed cycles : 3).
[INFO] [move_group-20]: process started with pid [46678]
[INFO] [rviz2-21]: process started with pid [46679]
[vision_apriltag-9] [INFO] [1777560961.610488587] [vision_apriltag_node]: Vision AprilTag: scene is locked; detection publishing is paused.
[move_group-20] [INFO] [1777560961.810347762] [move_group.moveit.moveit.ros.rdf_loader]: Loaded robot model in 0.0172796 seconds
[move_group-20] [INFO] [1777560961.810514347] [move_group.moveit.moveit.core.robot_model]: Loading robot model 'gen3'...
[move_group-20] [INFO] [1777560961.810540864] [move_group.moveit.moveit.core.robot_model]: No root/virtual joint specified in SRDF. Assuming fixed joint
[move_group-20] [INFO] [1777560962.013704704] [move_group.moveit.moveit.kinematics.kdl_kinematics_plugin]: Joint weights for group 'manipulator': 1 1 1 1 1 1 1
[ros2_control_node-1] [INFO] [1777560962.145060364] [controller_manager]: Received robot description from topic.
[ros2_control_node-1] [WARN] [1777560962.145107391] [controller_manager]: ResourceManager has already loaded a urdf. Ignoring attempt to reload a robot description.
[ros2_control_node-1] [WARN] [1777560962.258750703] [controller_manager]: Overrun might occur, Total time : 3600.966 us (Expected < 1000.000 us) --> Read time : 31.880 us, Update time : 18.322 us, Write time : 3550.764 us
[ros2_control_node-1] [WARN] [1777560962.258820835] [controller_manager]: Overrun detected! The controller manager missed its desired rate of 1000 Hz. The loop took 3.692600 ms (missed cycles : 4).
[vision_apriltag-9] [INFO] [1777560962.473471673] [vision_apriltag_node]: Vision AprilTag: scene is locked; detection publishing is paused.
[rviz2-21] [INFO] [1777560962.489099623] [rviz2]: Stereo is NOT SUPPORTED
[rviz2-21] [INFO] [1777560962.489397609] [rviz2]: OpenGl version: 4.6 (GLSL 4.6)
[rviz2-21] [INFO] [1777560962.527144156] [rviz2]: Stereo is NOT SUPPORTED
[move_group-20] [INFO] [1777560962.740797696] [move_group.moveit.moveit.ros.planning_scene_monitor]: Publishing maintained planning scene on 'monitored_planning_scene'
[move_group-20] [INFO] [1777560962.740993472] [move_group.moveit.moveit.ros.moveit_cpp]: Listening to 'joint_states' for joint states
[move_group-20] [INFO] [1777560962.744005356] [move_group.moveit.moveit.ros.current_state_monitor]: Listening to joint states on topic 'joint_states'
[move_group-20] [INFO] [1777560962.748173399] [move_group.moveit.moveit.ros.planning_scene_monitor]: Listening to '/attached_collision_object' for attached collision objects
[move_group-20] [INFO] [1777560962.748249240] [move_group.moveit.moveit.ros.planning_scene_monitor]: Stopping existing planning scene publisher.
[move_group-20] [INFO] [1777560962.750183057] [move_group.moveit.moveit.ros.planning_scene_monitor]: Stopped publishing maintained planning scene.
[move_group-20] [INFO] [1777560962.768426244] [move_group.moveit.moveit.ros.planning_scene_monitor]: Publishing maintained planning scene on 'monitored_planning_scene'
[move_group-20] [INFO] [1777560962.772100870] [move_group.moveit.moveit.ros.planning_scene_monitor]: Starting planning scene monitor
[move_group-20] [INFO] [1777560962.792788629] [move_group.moveit.moveit.ros.planning_scene_monitor]: Listening to '/planning_scene'
[move_group-20] [INFO] [1777560962.792830544] [move_group.moveit.moveit.ros.planning_scene_monitor]: Starting world geometry update monitor for collision objects, attached objects, octomap updates.
[rviz2-21] Warning: class_loader.impl: SEVERE WARNING!!! A namespace collision has occurred with plugin factory for class rviz_default_plugins::displays::InteractiveMarkerDisplay. New factory will OVERWRITE existing one. This situation occurs when libraries containing plugins are directly linked against an executable (the one running right now generating this message). Please separate plugins out into their own library or just don't link against the library and use either class_loader::ClassLoader/MultiLibraryClassLoader to open.
[rviz2-21]          at line 321 in /opt/ros/jazzy/include/class_loader/class_loader/class_loader_core.hpp
[rviz2-21] [WARN] [1777560962.829131791] [rcl.logging_rosout]: Publisher already registered for node name: 'rviz2_moveit'. If this is due to multiple nodes with the same name then all logs for the logger named 'rviz2_moveit' will go out over the existing publisher. As soon as any node with that name is destructed it will unregister the publisher, preventing any further logs for that name from being published on the rosout topic.
[move_group-20] [INFO] [1777560963.173272814] [move_group.moveit.moveit.ros.planning_scene_monitor]: Listening to 'collision_object'
[move_group-20] [INFO] [1777560963.182749985] [move_group.moveit.moveit.ros.planning_scene_monitor]: Listening to 'planning_scene_world' for planning scene world geometry
[move_group-20] [WARN] [1777560963.184431012] [move_group.moveit.moveit.ros.occupancy_map_monitor]: Resolution not specified for Octomap. Assuming resolution = 0.1 instead
[move_group-20] [ERROR] [1777560963.184466192] [move_group.moveit.moveit.ros.occupancy_map_monitor]: No 3D sensor plugin(s) defined for octomap updates
[ros2_control_node-1] [WARN] [1777560963.262951343] [controller_manager]: Overrun might occur, Total time : 4802.222 us (Expected < 1000.000 us) --> Read time : 27.585 us, Update time : 15.785 us, Write time : 4758.852 us
[ros2_control_node-1] [WARN] [1777560963.263024054] [controller_manager]: Overrun detected! The controller manager missed its desired rate of 1000 Hz. The loop took 4.895449 ms (missed cycles : 5).
[scene_from_vision-10] [INFO] [1777560963.314197825] [scene_from_vision_node]: Scene UNLOCKED - updates resuming.
[vision_apriltag-9] [INFO] [1777560963.425018211] [vision_apriltag_node]: Service: Tag 0 found and base-frame pose returned.
[vision_apriltag-9] [INFO] [1777560963.616761677] [vision_apriltag_node]: Service: Tag 0 found and base-frame pose returned.
[move_group-20] [WARN] [1777560963.620619152] [move_group.moveit.moveit.core.planning_scene]: Tried to remove world object 'clear_table_startup_guard_front', but it does not exist in this scene.
[move_group-20] [WARN] [1777560963.620679496] [move_group.moveit.moveit.core.planning_scene]: Tried to remove world object 'clear_table_startup_guard_back', but it does not exist in this scene.
[move_group-20] [WARN] [1777560963.620697937] [move_group.moveit.moveit.core.planning_scene]: Tried to remove world object 'clear_table_startup_guard_left', but it does not exist in this scene.
[move_group-20] [WARN] [1777560963.620711326] [move_group.moveit.moveit.core.planning_scene]: Tried to remove world object 'clear_table_startup_guard_right', but it does not exist in this scene.
[adl_controller-11] [INFO] [1777560963.721972428] [adl_controller_node]: is_near_retract: current arm is not at target (worst=joint_4:0.537 rad > 0.100).
[adl_controller-11] [INFO] [1777560963.722757300] [adl_controller_node]: is_near_home: current arm is not at target (worst=joint_6:1.818 rad > 0.100).
[adl_controller-11] [INFO] [1777560963.723303994] [adl_controller_node]: go_retract: planning to RETRACT_JOINTS...
[adl_controller-11] [INFO] [1777560963.731682549] [adl_controller_node]: _send_goal: dispatching MoveGroup request group=manipulator, attempts=10, allowed_time=15.00s, vel_scale=0.250, accel_scale=0.250, gc1:joints(joint_1=+0.000+/-0.030, joint_2=-0.350+/-0.030, joint_3=+3.140+/-0.030, joint_4=-2.540+/-0.030, joint_5=+0.000+/-0.030, joint_6=-0.870+/-0.030, joint_7=+1.570+/-0.030)
[adl_controller-11] [INFO] [1777560963.747950902] [adl_controller_node]: Start state: collision-valid — no collisions (not a joint-bounds check).
[adl_controller-11] [INFO] [1777560963.775126224] [adl_controller_node]: _send_goal: MoveGroup goal accepted.
[move_group-20] [INFO] [1777560963.912371221] [move_group.moveit.moveit.ros.planning_pipeline]: Successfully loaded planner 'OMPL'
[move_group-20] [INFO] [1777560963.920064138] [move_group]: Try loading adapter 'default_planning_request_adapters/ResolveConstraintFrames'
[move_group-20] [INFO] [1777560963.923915022] [move_group]: Loaded adapter 'default_planning_request_adapters/ResolveConstraintFrames'
[move_group-20] [INFO] [1777560963.923951449] [move_group]: Try loading adapter 'default_planning_request_adapters/ValidateWorkspaceBounds'
[move_group-20] [INFO] [1777560963.935708550] [move_group]: Loaded adapter 'default_planning_request_adapters/ValidateWorkspaceBounds'
[move_group-20] [INFO] [1777560963.935742474] [move_group]: Try loading adapter 'default_planning_request_adapters/CheckStartStateBounds'
[move_group-20] [INFO] [1777560963.935792423] [move_group]: Loaded adapter 'default_planning_request_adapters/CheckStartStateBounds'
[move_group-20] [INFO] [1777560963.935802576] [move_group]: Try loading adapter 'default_planning_request_adapters/CheckStartStateCollision'
[move_group-20] [INFO] [1777560963.935821103] [move_group]: Loaded adapter 'default_planning_request_adapters/CheckStartStateCollision'
[move_group-20] [INFO] [1777560963.966391412] [move_group]: Try loading adapter 'default_planning_response_adapters/AddTimeOptimalParameterization'
[move_group-20] [INFO] [1777560964.017235741] [move_group]: Loaded adapter 'default_planning_response_adapters/AddTimeOptimalParameterization'
[move_group-20] [INFO] [1777560964.017273855] [move_group]: Try loading adapter 'default_planning_response_adapters/ValidateSolution'
[adl_controller-11] [INFO] [1777560964.032517995] [adl_controller_node]: _send_goal: MoveGroup execution completed successfully.
[move_group-20] [INFO] [1777560964.062103882] [move_group]: Loaded adapter 'default_planning_response_adapters/ValidateSolution'
[move_group-20] [INFO] [1777560964.064243291] [move_group]: Try loading adapter 'default_planning_response_adapters/DisplayMotionPath'
[move_group-20] [INFO] [1777560964.066028502] [move_group]: Loaded adapter 'default_planning_response_adapters/DisplayMotionPath'
[ros2_control_node-1] [WARN] [1777560964.263856749] [controller_manager]: Overrun might occur, Total time : 4700.526 us (Expected < 1000.000 us) --> Read time : 48.387 us, Update time : 20.265 us, Write time : 4631.874 us
[ros2_control_node-1] [WARN] [1777560964.263972917] [controller_manager]: Overrun detected! The controller manager missed its desired rate of 1000 Hz. The loop took 4.844342 ms (missed cycles : 5).
[move_group-20] [INFO] [1777560964.430248484] [move_group.moveit.moveit.plugins.simple_controller_manager]: Added FollowJointTrajectory controller for joint_trajectory_controller
[move_group-20] [INFO] [1777560964.430326906] [move_group.moveit.moveit.plugins.simple_controller_manager]: robotiq_gripper_controller will command a max effort of: 0
[vision_apriltag-9] [INFO] [1777560964.438632336] [vision_apriltag_node]: Service: Tag 0 found and base-frame pose returned.
[move_group-20] [INFO] [1777560964.443866874] [move_group.moveit.moveit.plugins.simple_controller_manager]: Added GripperCommand controller for robotiq_gripper_controller
[move_group-20] [INFO] [1777560964.444096297] [move_group.moveit.moveit.plugins.simple_controller_manager]: Returned 2 controllers in list
[move_group-20] [INFO] [1777560964.444142413] [move_group.moveit.moveit.plugins.simple_controller_manager]: Returned 2 controllers in list
[move_group-20] [INFO] [1777560964.445799687] [move_group.moveit.moveit.ros.trajectory_execution_manager]: Trajectory execution is managing controllers
[move_group-20] [INFO] [1777560964.445858268] [move_group]: MoveGroup debug mode is ON
[move_group-20] [INFO] [1777560964.542775798] [move_group.moveit.moveit.ros.move_group.executable]: 
[move_group-20] 
[move_group-20] ********************************************************
[move_group-20] * MoveGroup using: 
[move_group-20] *     - apply_planning_scene_service
[move_group-20] *     - clear_octomap_service
[move_group-20] *     - get_group_urdf
[move_group-20] *     - load_geometry_from_file
[move_group-20] *     - CartesianPathService
[move_group-20] *     - execute_trajectory_action
[move_group-20] *     - get_planning_scene_service
[move_group-20] *     - kinematics_service
[move_group-20] *     - move_action
[move_group-20] *     - motion_plan_service
[move_group-20] *     - query_planners_service
[move_group-20] *     - state_validation_service
[move_group-20] *     - save_geometry_to_file
[move_group-20] ********************************************************
[move_group-20] 
[move_group-20] [INFO] [1777560964.542852807] [move_group.moveit.moveit.ros.move_group.context]: MoveGroup context using pipeline ompl
[move_group-20] [INFO] [1777560964.542899599] [move_group.moveit.moveit.ros.move_group.context]: MoveGroup context initialization complete
[move_group-20] [96mLoading 'move_group/ApplyPlanningSceneService'...[0m
[move_group-20] [96mLoading 'move_group/ClearOctomapService'...[0m
[move_group-20] [96mLoading 'move_group/GetUrdfService'...[0m
[move_group-20] [96mLoading 'move_group/LoadGeometryFromFileService'...[0m
[move_group-20] [96mLoading 'move_group/MoveGroupCartesianPathService'...[0m
[move_group-20] [96mLoading 'move_group/MoveGroupExecuteTrajectoryAction'...[0m
[move_group-20] [96mLoading 'move_group/MoveGroupGetPlanningSceneService'...[0m
[move_group-20] [96mLoading 'move_group/MoveGroupKinematicsService'...[0m
[move_group-20] [96mLoading 'move_group/MoveGroupMoveAction'...[0m
[move_group-20] [96mLoading 'move_group/MoveGroupPlanService'...[0m
[move_group-20] [96mLoading 'move_group/MoveGroupQueryPlannersService'...[0m
[move_group-20] [96mLoading 'move_group/MoveGroupStateValidationService'...[0m
[move_group-20] [96mLoading 'move_group/SaveGeometryToFileService'...[0m
[move_group-20] 
[move_group-20] [92mYou can start planning now![0m
[move_group-20] 
[vision_apriltag-9] [INFO] [1777560964.552959709] [vision_apriltag_node]: Vision AprilTag: images are arriving, but no AprilTag has been seen for 2.9s.
[vision_apriltag-9] [INFO] [1777560964.620085916] [vision_apriltag_node]: Service: Tag 0 found and base-frame pose returned.
[wrist_camera_usb_publisher-8] [INFO] [1777560965.061050398] [wrist_camera_usb_publisher_node]: USB camera publisher heartbeat: publishing 1280x720 frames on /wrist_mounted_camera/image; camera_info fx=920.87, fy=921.57, cx=644.76, cy=343.15.
[vision_apriltag-9] [INFO] [1777560965.151166196] [vision_apriltag_node]: Vision AprilTag detection debug: 3:cv2.solvePnP_ippe_square:raw@(798,604)
[vision_apriltag-9] [INFO] [1777560965.162706784] [vision_apriltag_node]: Vision AprilTag visible IDs: [3]
[ros2_control_node-1] [WARN] [1777560965.267239732] [controller_manager]: Overrun might occur, Total time : 4084.590 us (Expected < 1000.000 us) --> Read time : 31.293 us, Update time : 18.124 us, Write time : 4035.173 us
[ros2_control_node-1] [WARN] [1777560965.267385800] [controller_manager]: Overrun detected! The controller manager missed its desired rate of 1000 Hz. The loop took 4.256144 ms (missed cycles : 5).
[adl_controller-11] [INFO] [1777560965.713933219] [adl_controller_node]: _send_goal: settled live EE pose pos=(0.126, 0.001, 0.338), ori=(0.704, 0.708, 0.026, 0.043)
[scene_from_vision-10] [INFO] [1777560965.840157794] [scene_from_vision_node]: Scene memory cleared. Removed remembered IDs: []
[rviz2-21] [ERROR] [1777560965.917728174] [rviz2_moveit.moveit.ros.motion_planning_frame]: Action server: /recognize_objects not available
[rviz2-21] [INFO] [1777560966.142144165] [rviz2_moveit.moveit.ros.motion_planning_frame]: MoveGroup namespace changed: / -> . Reloading params.
[rviz2-21] [INFO] [1777560966.289558186] [rviz2_moveit.moveit.ros.rdf_loader]: Loaded robot model in 0.0410074 seconds
[rviz2-21] [INFO] [1777560966.289655463] [rviz2_moveit.moveit.core.robot_model]: Loading robot model 'gen3'...
[rviz2-21] [INFO] [1777560966.289691618] [rviz2_moveit.moveit.core.robot_model]: No root/virtual joint specified in SRDF. Assuming fixed joint
[ros2_control_node-1] [WARN] [1777560966.328767904] [controller_manager]: Overrun might occur, Total time : 63612.387 us (Expected < 1000.000 us) --> Read time : 48.756 us, Update time : 23.636 us, Write time : 63539.995 us
[ros2_control_node-1] [WARN] [1777560966.328846448] [controller_manager]: Overrun detected! The controller manager missed its desired rate of 1000 Hz. The loop took 63.718575 ms (missed cycles : 64).
[rviz2-21] [ERROR] [1777560966.441167083] [rviz2_moveit.moveit.ros.trajectory_visualization]: No robot state or robot model loaded
[rviz2-21] [ERROR] [1777560966.510725972] [rviz2_moveit.moveit.ros.trajectory_visualization]: No robot state or robot model loaded
[rviz2-21] [INFO] [1777560966.839361195] [rviz2_moveit.moveit.kinematics.kdl_kinematics_plugin]: Joint weights for group 'manipulator': 1 1 1 1 1 1 1
[scene_from_vision-10] [INFO] [1777560966.929135889] [scene_from_vision_node]: Scene memory cleared. Removed remembered IDs: []
[vision_apriltag-9] [INFO] [1777560967.192410067] [vision_apriltag_node]: Service: Tag 0 found and base-frame pose returned.
[ros2_control_node-1] [WARN] [1777560967.329383685] [controller_manager]: Overrun might occur, Total time : 5211.492 us (Expected < 1000.000 us) --> Read time : 112.801 us, Update time : 91.495 us, Write time : 5007.196 us
[ros2_control_node-1] [WARN] [1777560967.329458496] [controller_manager]: Overrun detected! The controller manager missed its desired rate of 1000 Hz. The loop took 5.330760 ms (missed cycles : 6).
[rviz2-21] [INFO] [1777560967.470935747] [rviz2_moveit.moveit.ros.planning_scene_monitor]: Starting planning scene monitor
[rviz2-21] [INFO] [1777560967.472623176] [rviz2_moveit.moveit.ros.planning_scene_monitor]: Listening to '/monitored_planning_scene'
[rviz2-21] [INFO] [1777560968.092080918] [interactive_marker_display_109467166490688]: Connected on namespace: /rviz_moveit_motion_planning_display/robot_interaction_interactive_marker_topic
[rviz2-21] [INFO] [1777560968.151324838] [rviz2_moveit.moveit.ros.robot_interaction]: No active joints or end effectors found for group 'gripper'. Make sure that kinematics.yaml is loaded in this node's namespace.
[rviz2-21] [INFO] [1777560968.155163558] [rviz2_moveit.moveit.ros.robot_interaction]: No active joints or end effectors found for group 'gripper'. Make sure that kinematics.yaml is loaded in this node's namespace.
[rviz2-21] [INFO] [1777560968.190129688] [rviz2_moveit.moveit.ros.motion_planning_frame]: group gripper
[rviz2-21] [INFO] [1777560968.190171282] [rviz2_moveit.moveit.ros.motion_planning_frame]: Constructing new MoveGroup connection for group 'gripper' in namespace ''
[rviz2-21] [INFO] [1777560968.216318100] [interactive_marker_display_109467166490688]: Sending request for interactive markers
[rviz2-21] [INFO] [1777560968.221940190] [interactive_marker_display_109467166490688]: Service response received for initialization
[rviz2-21] [INFO] [1777560968.269478223] [rviz2_moveit.moveit.ros.move_group_interface]: Ready to take commands for planning group gripper.
[rviz2-21] [INFO] [1777560968.338335568] [rviz2_moveit.moveit.ros.motion_planning_frame]: group gripper
[ros2_control_node-1] [WARN] [1777560968.343305547] [controller_manager]: Overrun might occur, Total time : 29125.997 us (Expected < 1000.000 us) --> Read time : 95.692 us, Update time : 49.932 us, Write time : 28980.373 us
[ros2_control_node-1] [WARN] [1777560968.343384927] [controller_manager]: Overrun detected! The controller manager missed its desired rate of 1000 Hz. The loop took 29.256612 ms (missed cycles : 30).
[vision_apriltag-9] [INFO] [1777560969.004970718] [vision_apriltag_node]: Service: Tag 0 found and base-frame pose returned.
[vision_apriltag-9] [INFO] [1777560969.012245109] [vision_apriltag_node]: Vision AprilTag: images are arriving, but no AprilTag has been seen for 2.4s.
[vision_apriltag-9] [INFO] [1777560969.052944115] [vision_apriltag_node]: Service: Tag 3 found and base-frame pose returned.
[ros2_control_node-1] [WARN] [1777560969.347708487] [controller_manager]: Overrun might occur, Total time : 5555.146 us (Expected < 1000.000 us) --> Read time : 36.362 us, Update time : 19.373 us, Write time : 5499.411 us
[ros2_control_node-1] [WARN] [1777560969.347793305] [controller_manager]: Overrun detected! The controller manager missed its desired rate of 1000 Hz. The loop took 5.665489 ms (missed cycles : 6).
[vision_apriltag-9] [INFO] [1777560970.024064706] [vision_apriltag_node]: Vision AprilTag visible IDs: [0]
[wrist_camera_usb_publisher-8] [INFO] [1777560970.154771471] [wrist_camera_usb_publisher_node]: USB camera publisher heartbeat: publishing 1280x720 frames on /wrist_mounted_camera/image; camera_info fx=920.87, fy=921.57, cx=644.76, cy=343.15.
[vision_apriltag-9] [INFO] [1777560970.172300284] [vision_apriltag_node]: Vision AprilTag detection debug: 0:cv2.solvePnP_ippe_square:raw@(664,344)
[vision_apriltag-9] [INFO] [1777560970.188998672] [vision_apriltag_node]: Service: Tag 3 found and base-frame pose returned.
[vision_apriltag-9] [INFO] [1777560970.271807138] [vision_apriltag_node]: Service: Tag 0 found and base-frame pose returned.
[ros2_control_node-1] [WARN] [1777560970.347920322] [controller_manager]: Overrun might occur, Total time : 1767.925 us (Expected < 1000.000 us) --> Read time : 43.493 us, Update time : 23.412 us, Write time : 1701.020 us
[ros2_control_node-1] [WARN] [1777560970.348018550] [controller_manager]: Overrun detected! The controller manager missed its desired rate of 1000 Hz. The loop took 1.889693 ms (missed cycles : 2).
[vision_apriltag-9] [INFO] [1777560970.838859161] [vision_apriltag_node]: Service: Tag 3 found and base-frame pose returned.
[adl_controller-11] [WARN] [1777560970.850868769] [adl_controller_node]: Scene clear timed out after clear_table terminal transition.
[clear_table-13] [WARN] [1777560970.898581459] [clear_table_node]: _send_goal get_result_async: cancel requested while waiting on a ROS future.
[clear_table-13] [WARN] [1777560970.899976197] [clear_table_node]: _send_goal: cancel requested while waiting for MoveGroup execution result.
[clear_table-13] [ERROR] [1777560970.935900379] [clear_table_node]: Initial scene scan move failed. Clear Table will stop before enabling vision.
[clear_table-13] [INFO] [1777560970.937227613] [clear_table_node]: Scene UNLOCKED.
[scene_from_vision-10] [INFO] [1777560970.940423834] [scene_from_vision_node]: Scene UNLOCKED - updates resuming.
[clear_table-13] [WARN] [1777560971.088054854] [clear_table_node]: After startup move: cancellation/emergency stop detected. Halting current task flow.
[vision_apriltag-9] [INFO] [1777560971.211391924] [vision_apriltag_node]: Service: Tag 0 found and base-frame pose returned.
[vision_apriltag-9] [INFO] [1777560971.217261247] [vision_apriltag_node]: Service: Tag 3 found and base-frame pose returned.
[vision_apriltag-9] [INFO] [1777560971.223110867] [vision_apriltag_node]: Service: Tag 0 found and base-frame pose returned.
[clear_table-13] [WARN] [1777560971.223621629] [clear_table_node]: After startup move: emergency-stop cancellation detected. Holding current pose instead of parking to retract.
[vision_apriltag-9] [INFO] [1777560971.228247145] [vision_apriltag_node]: Service: Tag 3 found and base-frame pose returned.
[vision_apriltag-9] [INFO] [1777560971.232746106] [vision_apriltag_node]: Service: Tag 0 found and base-frame pose returned.
[vision_apriltag-9] [INFO] [1777560971.236848436] [vision_apriltag_node]: Service: Tag 3 found and base-frame pose returned.
[vision_apriltag-9] [INFO] [1777560971.241235649] [vision_apriltag_node]: Service: Tag 0 found and base-frame pose returned.
[ros2_control_node-1] [WARN] [1777560971.347921287] [controller_manager]: Overrun might occur, Total time : 1770.290 us (Expected < 1000.000 us) --> Read time : 39.502 us, Update time : 20.057 us, Write time : 1710.731 us
[ros2_control_node-1] [WARN] [1777560971.350019111] [controller_manager]: Overrun detected! The controller manager missed its desired rate of 1000 Hz. The loop took 1.890905 ms (missed cycles : 2).
[vision_apriltag-9] [INFO] [1777560971.598878774] [vision_apriltag_node]: Service: Tag 3 found and base-frame pose returned.
[vision_apriltag-9] [INFO] [1777560971.600295167] [vision_apriltag_node]: Service: Tag 0 found and base-frame pose returned.
[ros2_control_node-1] [WARN] [1777560972.348521913] [controller_manager]: Overrun might occur, Total time : 2331.158 us (Expected < 1000.000 us) --> Read time : 81.380 us, Update time : 29.260 us, Write time : 2220.518 us
[ros2_control_node-1] [WARN] [1777560972.351587620] [controller_manager]: Overrun detected! The controller manager missed its desired rate of 1000 Hz. The loop took 2.457932 ms (missed cycles : 3).
[vision_apriltag-9] [INFO] [1777560972.859436333] [vision_apriltag_node]: Service: Tag 0 found and base-frame pose returned.
[vision_apriltag-9] [INFO] [1777560973.089659998] [vision_apriltag_node]: Service: Tag 3 found and base-frame pose returned.
[ros2_control_node-1] [WARN] [1777560973.351467598] [controller_manager]: Overrun might occur, Total time : 2328.645 us (Expected < 1000.000 us) --> Read time : 14.879 us, Update time : 9.043 us, Write time : 2304.723 us
[ros2_control_node-1] [WARN] [1777560973.354416731] [controller_manager]: Overrun detected! The controller manager missed its desired rate of 1000 Hz. The loop took 2.287286 ms (missed cycles : 3).
