
===== 2026-04-30T09:49:42-04:00 | T1_full =====
cwd=/home/carrt-cse-project/workspace/ros2_kortex_ws
cmd=ros2 launch adl_tasks adl_start.launch.py controller_update_rate:=1000 arm_use_fake_hardware:=false arm_robot_ip:=192.168.0.10 clear_table_cup_alignment_enable:=true launch_rviz:=true 

[INFO] [launch]: All log files can be found below /home/carrt-cse-project/.ros/log/2026-04-30-09-49-42-999290-carrt-cse-project-OptiPlex-5050-27952
[INFO] [launch]: Default logging verbosity is set to INFO
[arm_start.launch] controller_update_rate was explicitly overridden above 125 Hz for real hardware (1000 Hz); honoring the override for operator tuning even though recent logs showed overruns at that rate.
[INFO] [launch.user]: [arm_start.launch] MoveIt current state source: /joint_states_sanitized. Use use_joint_state_sanitizer:=false for raw-state viewer debugging.
[INFO] [launch.user]: [arm_start.launch] Using ADL controller config (share/adl_tasks/config/ros2_controllers_vbox.yaml, update_rate:=1000 Hz).
[INFO] [ros2_control_node-1]: process started with pid [27957]
[INFO] [robot_state_publisher-2]: process started with pid [27958]
[INFO] [joint_state_sanitizer-3]: process started with pid [27959]
[INFO] [spawner-4]: process started with pid [27960]
[INFO] [static_transform_publisher-5]: process started with pid [27961]
[INFO] [static_transform_publisher-6]: process started with pid [27962]
[INFO] [scene_static-7]: process started with pid [27963]
[INFO] [wrist_camera_usb_publisher-8]: process started with pid [27964]
[INFO] [vision_apriltag-9]: process started with pid [27965]
[INFO] [scene_from_vision-10]: process started with pid [27966]
[INFO] [adl_controller-11]: process started with pid [27967]
[INFO] [pick_dropped_bottle-12]: process started with pid [27968]
[INFO] [clear_table-13]: process started with pid [27969]
[INFO] [give_medication-14]: process started with pid [27970]
[INFO] [adl_ui-15]: process started with pid [27971]
[static_transform_publisher-6] [INFO] [1777556984.001239245] [camera_color_optical_bridge_tf_pub]: Spinning until stopped - publishing transform
[static_transform_publisher-6] translation: ('0.000000', '0.000000', '0.000000')
[static_transform_publisher-6] rotation: ('0.000000', '0.000000', '0.000000', '1.000000')
[static_transform_publisher-6] from 'camera_color_frame' to 'wrist_mounted_camera_color_optical_frame'
[robot_state_publisher-2] [INFO] [1777556984.112115520] [robot_state_publisher]: Robot initialized
[static_transform_publisher-5] [INFO] [1777556984.161708800] [static_transform_publisher]: Spinning until stopped - publishing transform
[static_transform_publisher-5] translation: ('0.000000', '0.000000', '0.000000')
[static_transform_publisher-5] rotation: ('0.000000', '0.000000', '0.000000', '1.000000')
[static_transform_publisher-5] from 'world' to 'base_link'
[ros2_control_node-1] [INFO] [1777556984.215691472] [controller_manager]: Using Steady (Monotonic) clock for triggering controller manager cycles.
[ros2_control_node-1] [INFO] [1777556984.237428736] [controller_manager]: Subscribing to '/robot_description' topic for robot description.
[ros2_control_node-1] [INFO] [1777556984.255403024] [controller_manager]: update rate is 1000 Hz
[ros2_control_node-1] [INFO] [1777556984.256005952] [controller_manager]: Overruns handling is : enabled
[ros2_control_node-1] [INFO] [1777556984.256417877] [controller_manager]: Spawning controller_manager RT thread with scheduler priority: 50
[ros2_control_node-1] [INFO] [1777556984.256912868] [controller_manager]: Successful set up FIFO RT scheduling policy with priority 50.
[ros2_control_node-1] [INFO] [1777556984.257472381] [controller_manager]: Received robot description from topic.
[ros2_control_node-1] [INFO] [1777556984.257517756] [controller_manager]: Enforcing command limits is disabled. Command limits from URDF will be ignored.
[ros2_control_node-1] [INFO] [1777556984.267945199] [controller_manager]: Loading hardware 'KortexMultiInterfaceHardware' 
[ros2_control_node-1] [INFO] [1777556984.289204331] [KortexMultiInterfaceHardware]: Setting severity threshold to DEBUG
[ros2_control_node-1] [INFO] [1777556984.290003715] [controller_manager]: Loaded hardware 'KortexMultiInterfaceHardware' from plugin 'kortex_driver/KortexMultiInterfaceHardware'
[ros2_control_node-1] [INFO] [1777556984.290758530] [controller_manager]: Initialize hardware 'KortexMultiInterfaceHardware' 
[ros2_control_node-1] [INFO] [1777556984.376027541] [KortexMultiInterfaceHardware]: Configuring Hardware Interface
[ros2_control_node-1] [INFO] [1777556984.376463964] [KortexMultiInterfaceHardware]: Robot ip is '192.168.0.10'
[ros2_control_node-1] [INFO] [1777556984.376478645] [KortexMultiInterfaceHardware]: Username is 'admin'
[ros2_control_node-1] [INFO] [1777556984.376492639] [KortexMultiInterfaceHardware]: Port used '10000'
[ros2_control_node-1] [INFO] [1777556984.376499720] [KortexMultiInterfaceHardware]: Realtime port used '10001'
[ros2_control_node-1] [INFO] [1777556984.376508439] [KortexMultiInterfaceHardware]: Session inactivity timeout is '60000'
[ros2_control_node-1] [INFO] [1777556984.376514255] [KortexMultiInterfaceHardware]: Connection inactivity timeout is '2000'
[ros2_control_node-1] [INFO] [1777556984.376520925] [KortexMultiInterfaceHardware]: Gripper joint name is 'robotiq_85_left_knuckle_joint'
[ros2_control_node-1] [INFO] [1777556984.376558222] [KortexMultiInterfaceHardware]: Connecting to robot at 192.168.0.10
[ros2_control_node-1] [INFO] [1777556984.386678962] [KortexMultiInterfaceHardware]: Creating session for communication
[ros2_control_node-1] [INFO] [1777556984.646286227] [KortexMultiInterfaceHardware]: Session created
[joint_state_sanitizer-3] [INFO] [1777556985.245077814] [joint_state_sanitizer_node]: joint_state_sanitizer started. raw=/joint_states -> sanitized=/joint_states_sanitized
[ros2_control_node-1] [INFO] [1777556985.420774092] [KortexMultiInterfaceHardware]: Actuator count reported by robot is '7'
[ros2_control_node-1] [INFO] [1777556985.421015332] [KortexMultiInterfaceHardware]: Using internal bus communication for gripper!
[ros2_control_node-1] [INFO] [1777556985.421038714] [KortexMultiInterfaceHardware]: Hardware Interface successfully configured
[ros2_control_node-1] [INFO] [1777556985.421146831] [controller_manager]: Successful initialization of hardware 'KortexMultiInterfaceHardware'
[ros2_control_node-1] [DEBUG] [1777556985.421265438] [KortexMultiInterfaceHardware]: export_state_interfaces for joint: joint_1
[ros2_control_node-1] [DEBUG] [1777556985.421304880] [KortexMultiInterfaceHardware]: export_state_interfaces for joint: joint_2
[ros2_control_node-1] [DEBUG] [1777556985.421314385] [KortexMultiInterfaceHardware]: export_state_interfaces for joint: joint_3
[ros2_control_node-1] [DEBUG] [1777556985.421322219] [KortexMultiInterfaceHardware]: export_state_interfaces for joint: joint_4
[ros2_control_node-1] [DEBUG] [1777556985.421329243] [KortexMultiInterfaceHardware]: export_state_interfaces for joint: joint_5
[ros2_control_node-1] [DEBUG] [1777556985.421337098] [KortexMultiInterfaceHardware]: export_state_interfaces for joint: joint_6
[ros2_control_node-1] [DEBUG] [1777556985.421344472] [KortexMultiInterfaceHardware]: export_state_interfaces for joint: joint_7
[ros2_control_node-1] [DEBUG] [1777556985.421360180] [KortexMultiInterfaceHardware]: export_state_interfaces for joint: robotiq_85_left_knuckle_joint
[ros2_control_node-1] [INFO] [1777556985.425435829] [resource_manager]: 'configure' hardware 'KortexMultiInterfaceHardware' 
[ros2_control_node-1] [INFO] [1777556985.425500771] [resource_manager]: Successful 'configure' of hardware 'KortexMultiInterfaceHardware'
[ros2_control_node-1] [INFO] [1777556985.425579385] [resource_manager]: 'activate' hardware 'KortexMultiInterfaceHardware' 
[ros2_control_node-1] [INFO] [1777556985.425614133] [KortexMultiInterfaceHardware]: Activating KortexMultiInterfaceHardware...
[ros2_control_node-1] [INFO] [1777556985.430516873] [KortexMultiInterfaceHardware]: Gripper initial position is '14.473685'.
[ros2_control_node-1] [INFO] [1777556985.438051328] [KortexMultiInterfaceHardware]: KortexMultiInterfaceHardware successfully activated!
[ros2_control_node-1] [INFO] [1777556985.438089041] [resource_manager]: Successful 'activate' of hardware 'KortexMultiInterfaceHardware'
[ros2_control_node-1] [INFO] [1777556985.438361035] [controller_manager]: Registering statistics for : KortexMultiInterfaceHardware
[ros2_control_node-1] [INFO] [1777556985.438529684] [controller_manager]: Resource Manager has been successfully initialized. Starting Controller Manager services...
[ros2_control_node-1] [WARN] [1777556985.452482463] [controller_manager]: Overrun might occur, Total time : 13428.403 us (Expected < 1000.000 us) --> Read time : 9521.326 us, Update time : 30.590 us, Write time : 3876.487 us
[ros2_control_node-1] [WARN] [1777556985.452571365] [controller_manager]: Overrun detected! The controller manager missed its desired rate of 1000 Hz. The loop took 13.553218 ms (missed cycles : 14).
[spawner-4] [WARN] [1777556985.816304373] [spawner_joint_state_broadcaster]: Controller already loaded, skipping load_controller
[ros2_control_node-1] [INFO] [1777556985.820760771] [controller_manager]: Received robot description from topic.
[ros2_control_node-1] [WARN] [1777556985.820801167] [controller_manager]: ResourceManager has already loaded a urdf. Ignoring attempt to reload a robot description.
[ros2_control_node-1] [INFO] [1777556985.838276640] [controller_manager]: Configuring controller: 'joint_state_broadcaster'
[ros2_control_node-1] [ERROR] [1777556985.838369343] [controller_manager]: Could not configure controller with name 'joint_state_broadcaster' because no controller with this name exists
[spawner-4] [ERROR] [1777556985.841130397] [spawner_joint_state_broadcaster]: Failed to configure controller
[ERROR] [spawner-4]: process has died [pid 27960, exit code 1, cmd '/home/carrt-cse-project/workspace/ros2_kortex_ws/install/controller_manager/lib/controller_manager/spawner joint_state_broadcaster --controller-manager /controller_manager --ros-args'].
[ros2_control_node-1] [WARN] [1777556986.458100155] [controller_manager]: Overrun might occur, Total time : 10060.240 us (Expected < 1000.000 us) --> Read time : 36.918 us, Update time : 18.089 us, Write time : 10005.233 us
[ros2_control_node-1] [WARN] [1777556986.458163449] [controller_manager]: Overrun detected! The controller manager missed its desired rate of 1000 Hz. The loop took 10.145617 ms (missed cycles : 11).
[INFO] [spawner-16]: process started with pid [28144]
[INFO] [spawner-17]: process started with pid [28145]
[INFO] [spawner-18]: process started with pid [28146]
[INFO] [spawner-19]: process started with pid [28147]
[adl_ui-15] [INFO] [1777556987.098418868] [adl_ui_node]: ADL UI Node started.
[adl_ui-15] [INFO] [1777556987.099262699] [adl_ui_node]: Automatic retract on UI load is disabled; startup sends no motion.
[adl_ui-15] [INFO] [1777556987.105552500] [adl_ui_node]: Web UI available at http://localhost:5000
[adl_ui-15]  * Serving Flask app 'adl_tasks.adl_ui'
[adl_ui-15]  * Debug mode: off
[adl_ui-15] Address already in use
[adl_ui-15] Port 5000 is in use by another program. Either identify and stop that program, or start the server with a different port.
[adl_controller-11] [INFO] [1777556987.380147421] [adl_controller_node]: MoveItHelper initialized. joint_state_topic=/joint_states_sanitized (sanitized_expected=True) real_hardware_mode=True short_cartesian_mode=hybrid
[adl_controller-11] [INFO] [1777556987.384837597] [adl_controller_node]: ADL_DIRECT_FIXED_JOINTS is unset; defaulting fixed-joint direct trajectories to disabled on real hardware (collision-aware MoveIt path first).
[ros2_control_node-1] [WARN] [1777556987.469156720] [controller_manager]: Overrun might occur, Total time : 13113.678 us (Expected < 1000.000 us) --> Read time : 43.555 us, Update time : 20.740 us, Write time : 13049.383 us
[ros2_control_node-1] [WARN] [1777556987.469227692] [controller_manager]: Overrun detected! The controller manager missed its desired rate of 1000 Hz. The loop took 13.208862 ms (missed cycles : 14).
[pick_dropped_bottle-12] [INFO] [1777556987.514566362] [pick_dropped_bottle_node]: PickDroppedBottle starting...
[adl_controller-11] [INFO] [1777556987.525291252] [adl_controller_node]: ADL controller ready. Waiting for UI/system commands.
[vision_apriltag-9] [INFO] [1777556987.602739443] [vision_apriltag_node]: Vision AprilTag Node Started
[vision_apriltag-9] [INFO] [1777556987.604811590] [vision_apriltag_node]: Subscribing to camera topic: /wrist_mounted_camera/image
[vision_apriltag-9] [INFO] [1777556987.606821207] [vision_apriltag_node]: Subscribing to camera info topic: /wrist_mounted_camera/camera_info
[vision_apriltag-9] [INFO] [1777556987.609200515] [vision_apriltag_node]: Camera frame: wrist_mounted_camera_color_optical_frame | use_image_header_frame=True
[vision_apriltag-9] [INFO] [1777556987.611418192] [vision_apriltag_node]: Tag size: 0.025m | pose_cache_retention_s=20.0 | get_pose_wait_timeout_s=5.0 | max_returned_pose_age_s=20.0 | camera_params=[554.25, 554.25, 320.0, 240.0] | families=tag36h11 | quad_decimate=1.0 | requested_backend=opencv | backend=cv2.aruco | opencv_pose_solver=ippe_square | use_image_timestamp_for_tf=False
[vision_apriltag-9] [INFO] [1777556987.613566042] [vision_apriltag_node]: Top-tag known-plane projection: enabled=True, planes={3: 0.11995, 4: 0.154438}
[vision_apriltag-9] [INFO] [1777556987.616075043] [vision_apriltag_node]: pupil_apriltags tuning: nthreads=1, quad_sigma=0.0, refine_edges=1, decode_sharpening=0.25, debug=0, preprocess_variants=['raw', 'clahe', 'adaptive', 'clahe_sharp', 'clahe_up2', 'sharp_up2'], tile_search_if_empty=True, tile_search_grid=3x2, tile_search_scale=2.0, tile_search_overlap=0.25
[vision_apriltag-9] [WARN] [1777556987.618952853] [vision_apriltag_node]: pupil_apriltags is not importable by this node, so detection is using OpenCV fallback only. python=/usr/bin/python3, import_error=No module named 'pupil_apriltags'. If .venv contains pupil_apriltags, rebuild adl_tasks with that venv active or run the module with the venv Python.
[vision_apriltag-9] [INFO] [1777556987.621664357] [vision_apriltag_node]: Publishing AprilTag debug images on /vision_apriltag/debug_image at up to 1.0 Hz.
[scene_static-7] [INFO] [1777556987.822240812] [scene_static_node]: Static Scene Node started.
[scene_static-7] [INFO] [1777556987.824277872] [scene_static_node]: WHEELCHAIR_BASE_HEIGHT = 0.36195m  |  Table surface at z = 0.098m | Table front-edge-from-base = 0.406m | Table center at x = 0.681m | table_edge_lip_margin=0.0127m | table_edge_lip_thickness=0.0127m | table_edge_lip_height=0.460m | include_wheelchair_wall=True | include_left_desk_wall=True | include_right_desk_wall=True | include_arm_base_under_block=True | include_arm_base_side_lips=True | include_arm_base_left_back_block=True | include_arm_base_right_back_half_block=True
[scene_static-7] [INFO] [1777556987.825795367] [scene_static_node]: Wheelchair wall geometry: center=(-0.465, 0.000, 0.482) size=(0.450, 0.700, 1.688)
[scene_static-7] [INFO] [1777556987.828345299] [scene_static_node]: Arm-base under-block geometry: center=(0.000, 0.000, -0.212) size=(0.302, 0.378, 0.300) | platform=(0.200, 0.200) | margins(front/back=0.051, left/right=0.089)
[scene_static-7] [INFO] [1777556987.830718104] [scene_static_node]: Arm-base side-lip geometry: left_y=0.198, right_y=-0.198, center_z=-0.047, size=(0.314, 0.006, 0.030) | x_offset=-0.076, outset=0.006, front/back_margin=0.006
[scene_static-7] [INFO] [1777556987.834104960] [scene_static_node]: Arm-base left-back block geometry: center=(-0.177, 0.312, 0.482) size=(0.100, 0.408, 1.688) | inner_faces(x=-0.127, y=0.108) | left_wall_inner_face_y=0.504 | into_left_wall=0.013
[scene_static-7] [INFO] [1777556987.836793489] [scene_static_node]: Arm-base right-back half block geometry: center=(-0.177, -0.312, 0.060) size=(0.100, 0.408, 0.844) | inner_faces(x=-0.127, y=-0.108) | right_wall_inner_face_y=-0.504 | into_right_wall=0.013
[spawner-19] [INFO] [1777556988.251974359] [spawner_fault_controller]: waiting for service /controller_manager/list_controllers to become available...
[vision_apriltag-9] [INFO] [1777556988.451692323] [vision_apriltag_node]: Vision AprilTag camera model updated from CameraInfo: size=1280x720, fx=920.87, fy=921.57, cx=644.76, cy=343.15, d=[0.0, 0.0, 0.0, 0.0, 0.0]
[ros2_control_node-1] [WARN] [1777556988.497077553] [controller_manager]: Overrun might occur, Total time : 28028.402 us (Expected < 1000.000 us) --> Read time : 67.445 us, Update time : 32.751 us, Write time : 27928.206 us
[ros2_control_node-1] [WARN] [1777556988.497153425] [controller_manager]: Overrun detected! The controller manager missed its desired rate of 1000 Hz. The loop took 28.134687 ms (missed cycles : 29).
[pick_dropped_bottle-12] [INFO] [1777556988.528896424] [pick_dropped_bottle_node]: MoveItHelper initialized. joint_state_topic=/joint_states_sanitized (sanitized_expected=True) real_hardware_mode=True short_cartesian_mode=hybrid
[pick_dropped_bottle-12] [INFO] [1777556988.542446302] [pick_dropped_bottle_node]: ADL_DIRECT_FIXED_JOINTS is unset; defaulting fixed-joint direct trajectories to disabled on real hardware (collision-aware MoveIt path first).
[pick_dropped_bottle-12] [INFO] [1777556988.679839112] [pick_dropped_bottle_node]: Vision Client initialized, waiting for service...
[pick_dropped_bottle-12] [INFO] [1777556988.681462055] [pick_dropped_bottle_node]: Vision service is ready.
[pick_dropped_bottle-12] [INFO] [1777556988.709384280] [pick_dropped_bottle_node]: PickDroppedBottle ready. Waiting for command.
[pick_dropped_bottle-12] [INFO] [1777556988.710185494] [pick_dropped_bottle_node]: Startup motion disabled at node load; motion begins only after pick_dropped_bottle command.
[wrist_camera_usb_publisher-8] [INFO] [1777556988.854954921] [wrist_camera_usb_publisher_node]: USB camera publisher: trying camera source index 2.
[wrist_camera_usb_publisher-8] [ WARN:0@3.498] global ./modules/videoio/src/cap_v4l.cpp (902) open VIDEOIO(V4L2:/dev/video2): can't open camera by index
[wrist_camera_usb_publisher-8] [INFO] [1777556988.860741253] [wrist_camera_usb_publisher_node]: USB camera publisher: trying camera source index 0.
[wrist_camera_usb_publisher-8] [ WARN:0@3.505] global ./modules/videoio/src/cap_v4l.cpp (902) open VIDEOIO(V4L2:/dev/video0): can't open camera by index
[wrist_camera_usb_publisher-8] [INFO] [1777556988.868063080] [wrist_camera_usb_publisher_node]: USB camera publisher: trying camera source index 1.
[wrist_camera_usb_publisher-8] [ WARN:0@3.507] global ./modules/videoio/src/cap_v4l.cpp (902) open VIDEOIO(V4L2:/dev/video1): can't open camera by index
[wrist_camera_usb_publisher-8] [INFO] [1777556988.871658269] [wrist_camera_usb_publisher_node]: USB camera publisher: trying camera source index 3.
[wrist_camera_usb_publisher-8] [ WARN:0@3.511] global ./modules/videoio/src/cap_v4l.cpp (902) open VIDEOIO(V4L2:/dev/video3): can't open camera by index
[wrist_camera_usb_publisher-8] [INFO] [1777556988.874151656] [wrist_camera_usb_publisher_node]: USB camera publisher: trying camera source index 4.
[scene_static-7] [INFO] [1777556988.880437216] [scene_static_node]: Planning scene service available. Building static scene...
[wrist_camera_usb_publisher-8] [INFO] [1777556988.885750656] [wrist_camera_usb_publisher_node]: USB camera publisher: opened camera source index 4.
[wrist_camera_usb_publisher-8] [INFO] [1777556988.888874567] [wrist_camera_usb_publisher_node]: Wrist Camera USB Publisher started.
[wrist_camera_usb_publisher-8] [INFO] [1777556988.895430320] [wrist_camera_usb_publisher_node]: Publishing USB camera frames on /wrist_mounted_camera/image with frame_id=wrist_mounted_camera_color_optical_frame.
[wrist_camera_usb_publisher-8] [INFO] [1777556988.897678347] [wrist_camera_usb_publisher_node]: Publishing camera info on /wrist_mounted_camera/camera_info from reference intrinsics [554.25, 554.25, 320.0, 240.0] @ 640x480.
[wrist_camera_usb_publisher-8] [INFO] [1777556988.900678446] [wrist_camera_usb_publisher_node]: Using explicit camera_matrix for CameraInfo. matrix_size=1280x720, K=[920.874267578125, 0.0, 644.7646484375, 0.0, 921.5654907226562, 343.1528625488281, 0.0, 0.0, 1.0], d=[0.0, 0.0, 0.0, 0.0, 0.0]
[wrist_camera_usb_publisher-8] [INFO] [1777556988.901846242] [wrist_camera_usb_publisher_node]: Requested source=2 size=1280x720 fps=10.0
[scene_static-7] [INFO] [1777556988.902286273] [scene_static_node]: Static scene built: 25 objects added to MoveIt planning scene.
[clear_table-13] [INFO] [1777556989.293979633] [clear_table_node]: Clear Table Node Started
[give_medication-14] [INFO] [1777556989.380051596] [give_medication_node]: give_medication starting...
[vision_apriltag-9] [WARN] [1777556989.425718205] [vision_apriltag_node]: Vision AprilTag: no images received yet on /wrist_mounted_camera/image.
[ros2_control_node-1] [WARN] [1777556989.516372501] [controller_manager]: Overrun might occur, Total time : 20329.546 us (Expected < 1000.000 us) --> Read time : 42.987 us, Update time : 29.522 us, Write time : 20257.037 us
[ros2_control_node-1] [WARN] [1777556989.516445021] [controller_manager]: Overrun detected! The controller manager missed its desired rate of 1000 Hz. The loop took 20.426970 ms (missed cycles : 21).
[scene_from_vision-10] [INFO] [1777556989.521005776] [scene_from_vision_node]: Scene From Vision Node Started
[clear_table-13] [INFO] [1777556989.694617413] [clear_table_node]: MoveItHelper initialized. joint_state_topic=/joint_states_sanitized (sanitized_expected=True) real_hardware_mode=True short_cartesian_mode=hybrid
[clear_table-13] [INFO] [1777556989.695690208] [clear_table_node]: ADL_DIRECT_FIXED_JOINTS is unset; defaulting fixed-joint direct trajectories to disabled on real hardware (collision-aware MoveIt path first).
[clear_table-13] [INFO] [1777556989.745833456] [clear_table_node]: Vision Client initialized, waiting for service...
[clear_table-13] [INFO] [1777556989.752307073] [clear_table_node]: Vision service is ready.
[clear_table-13] [INFO] [1777556989.782724604] [clear_table_node]: Clear Table Node ready. Waiting for command.
[clear_table-13] [INFO] [1777556989.783398460] [clear_table_node]: Startup motion disabled at node load; motion begins only after clear_table command.
[clear_table-13] [INFO] [1777556989.784207030] [clear_table_node]: clear_table scan flags: top_only_scan_mode=False (ADL_CLEAR_TABLE_TOP_ONLY_SCAN='false'), cup_stage1_alignment_enable=True (ADL_CLEAR_TABLE_CUP_ALIGNMENT_ENABLE='true'), two_phase_require_side_sweep_before_priority_exit=True (ADL_CLEAR_TABLE_REQUIRE_SIDE_SWEEP='true'), two_phase_top_full_sweep_before_priority_exit=True.
[give_medication-14] [INFO] [1777556989.803080996] [give_medication_node]: MoveItHelper initialized. joint_state_topic=/joint_states_sanitized (sanitized_expected=True) real_hardware_mode=True short_cartesian_mode=hybrid
[give_medication-14] [INFO] [1777556989.822864919] [give_medication_node]: ADL_DIRECT_FIXED_JOINTS is unset; defaulting fixed-joint direct trajectories to disabled on real hardware (collision-aware MoveIt path first).
[scene_from_vision-10] [INFO] [1777556989.848622922] [scene_from_vision_node]: SceneFromVision: Updating planning scene. Tracking 5 object shape(s). memory_mode=True, scan_duration_s=5.0, scan_min_samples=3, scan_target_samples=8, scan_extend_step_s=1.5, scan_max_extensions=2, scan_prune_unseen_objects=False, continuous_scene_updates=False, latch_first_detection_updates=True, log_object_pose_debug=False, apply_planning_scene_service_updates=True, publish_monitored_planning_scene_updates=True, side_viewpoint=wrist_mounted_camera_color_optical_frame->base_link, reject_table_objects_outside_bounds=False.
[scene_from_vision-10] [INFO] [1777556989.851528448] [scene_from_vision_node]: SceneFromVision calibration: xy_offset=(0.000, 0.000), z_offset=0.000, yaw_deg=0.00, xy_scale=1.0000, clamp_table_objects_to_table_bounds=False, table_bounds_margin_m=0.030.
[scene_from_vision-10] [INFO] [1777556989.856938205] [scene_from_vision_node]: SceneFromVision object offsets: remote_axis=y, remote_tag_to_center_sign=-1.0, remote_tag_from_end_m=0.020, remote_world_offset=(-0.040, 0.000), cube_tag_to_center=(0.000, 0.000), cube_world_offset=(0.000, -0.006), cube_yaw_offset_deg=0.0, medication_world_offset=(-0.150, -0.030), medication_face_to_center_m=0.027, cup_world_offset=(-0.085, -0.040), cup_face_to_center_m=0.031.
[wrist_camera_usb_publisher-8] [INFO] [1777556989.876239659] [wrist_camera_usb_publisher_node]: USB camera info active intrinsics: size=1280x720, fx=920.87, fy=921.57, cx=644.76, cy=343.15, d=array('d', [0.0, 0.0, 0.0, 0.0, 0.0])
[wrist_camera_usb_publisher-8] [INFO] [1777556989.877132710] [wrist_camera_usb_publisher_node]: USB camera publisher heartbeat: publishing 1280x720 frames on /wrist_mounted_camera/image; camera_info fx=920.87, fy=921.57, cx=644.76, cy=343.15.
[give_medication-14] [INFO] [1777556989.922194156] [give_medication_node]: Vision Client initialized, waiting for service...
[give_medication-14] [INFO] [1777556989.923860677] [give_medication_node]: Vision service is ready.
[give_medication-14] [INFO] [1777556989.953796193] [give_medication_node]: give_medication ready.
[ros2_control_node-1] [WARN] [1777556990.525642430] [controller_manager]: Overrun might occur, Total time : 9593.450 us (Expected < 1000.000 us) --> Read time : 65.375 us, Update time : 28.458 us, Write time : 9499.617 us
[ros2_control_node-1] [WARN] [1777556990.525712049] [controller_manager]: Overrun detected! The controller manager missed its desired rate of 1000 Hz. The loop took 9.693805 ms (missed cycles : 10).
[spawner-19] [WARN] [1777556990.541709051] [spawner_fault_controller]: Controller already loaded, skipping load_controller
[spawner-19] [ERROR] [1777556990.575387087] [spawner_fault_controller]: Failed to configure controller
[ERROR] [spawner-19]: process has died [pid 28147, exit code 1, cmd '/home/carrt-cse-project/workspace/ros2_kortex_ws/install/controller_manager/lib/controller_manager/spawner fault_controller -c /controller_manager --ros-args'].
[ros2_control_node-1] [WARN] [1777556991.548980241] [controller_manager]: Overrun might occur, Total time : 24935.869 us (Expected < 1000.000 us) --> Read time : 46.657 us, Update time : 20.906 us, Write time : 24868.306 us
[ros2_control_node-1] [WARN] [1777556991.549064958] [controller_manager]: Overrun detected! The controller manager missed its desired rate of 1000 Hz. The loop took 25.045972 ms (missed cycles : 26).
[spawner-17] [INFO] [1777556991.788057861] [spawner_twist_controller]: waiting for service /controller_manager/list_controllers to become available...
[vision_apriltag-9] [INFO] [1777556992.112699031] [vision_apriltag_node]: Vision AprilTag detection debug: no tags found after raw/CLAHE/sharp/adaptive/upscaled/tiled passes.
[vision_apriltag-9] [INFO] [1777556992.123572720] [vision_apriltag_node]: Vision AprilTag: images are arriving on /wrist_mounted_camera/image, but no AprilTags have been detected yet.
[ros2_control_node-1] [INFO] [1777556992.343133267] [controller_manager]: Loading controller : 'twist_controller' of type 'picknik_twist_controller/PicknikTwistController'
[ros2_control_node-1] [INFO] [1777556992.343180547] [controller_manager]: Loading controller 'twist_controller'
[ros2_control_node-1] [INFO] [1777556992.357957829] [controller_manager]: Controller 'twist_controller' node arguments: --ros-args --params-file /home/carrt-cse-project/workspace/ros2_kortex_ws/install/adl_tasks/share/adl_tasks/config/ros2_controllers_vbox.yaml --params-file /tmp/launch_params_1l99gm60 
[spawner-17] [FATAL] [1777556992.365774293] [spawner_twist_controller]: Failed loading controller twist_controller
[ros2_control_node-1] [WARN] [1777556992.550295540] [controller_manager]: Overrun might occur, Total time : 3224.614 us (Expected < 1000.000 us) --> Read time : 119.727 us, Update time : 73.030 us, Write time : 3031.857 us
[ros2_control_node-1] [WARN] [1777556992.550397744] [controller_manager]: Overrun detected! The controller manager missed its desired rate of 1000 Hz. The loop took 3.379521 ms (missed cycles : 4).
[spawner-16] [INFO] [1777556992.809786691] [spawner_joint_trajectory_controller]: waiting for service /controller_manager/list_controllers to become available...
[ERROR] [spawner-17]: process has died [pid 28145, exit code 1, cmd '/home/carrt-cse-project/workspace/ros2_kortex_ws/install/controller_manager/lib/controller_manager/spawner twist_controller --inactive -c /controller_manager --ros-args'].
[ros2_control_node-1] [WARN] [1777556993.558690678] [controller_manager]: Overrun might occur, Total time : 9647.505 us (Expected < 1000.000 us) --> Read time : 36.298 us, Update time : 23.191 us, Write time : 9588.016 us
[ros2_control_node-1] [WARN] [1777556993.558774477] [controller_manager]: Overrun detected! The controller manager missed its desired rate of 1000 Hz. The loop took 9.755571 ms (missed cycles : 10).
[ros2_control_node-1] [WARN] [1777556994.558742975] [controller_manager]: Overrun might occur, Total time : 2701.673 us (Expected < 1000.000 us) --> Read time : 28.739 us, Update time : 18.309 us, Write time : 2654.625 us
[ros2_control_node-1] [WARN] [1777556994.558827206] [controller_manager]: Overrun detected! The controller manager missed its desired rate of 1000 Hz. The loop took 2.808557 ms (missed cycles : 3).
[vision_apriltag-9] [INFO] [1777556994.994290368] [vision_apriltag_node]: Vision AprilTag: images are arriving on /wrist_mounted_camera/image, but no AprilTags have been detected yet.
[wrist_camera_usb_publisher-8] [INFO] [1777556995.071840768] [wrist_camera_usb_publisher_node]: USB camera publisher heartbeat: publishing 1280x720 frames on /wrist_mounted_camera/image; camera_info fx=920.87, fy=921.57, cx=644.76, cy=343.15.
[ros2_control_node-1] [INFO] [1777556995.143595678] [controller_manager]: Loading controller : 'joint_trajectory_controller' of type 'joint_trajectory_controller/JointTrajectoryController'
[ros2_control_node-1] [INFO] [1777556995.143635874] [controller_manager]: Loading controller 'joint_trajectory_controller'
[spawner-16] [FATAL] [1777556995.162668490] [spawner_joint_trajectory_controller]: Failed loading controller joint_trajectory_controller
[ros2_control_node-1] [INFO] [1777556995.186661659] [controller_manager]: Controller 'joint_trajectory_controller' node arguments: --ros-args --params-file /home/carrt-cse-project/workspace/ros2_kortex_ws/install/adl_tasks/share/adl_tasks/config/ros2_controllers_vbox.yaml --params-file /tmp/launch_params_1l99gm60 
[ros2_control_node-1] [WARN] [1777556995.568741195] [controller_manager]: Overrun might occur, Total time : 12701.978 us (Expected < 1000.000 us) --> Read time : 35.988 us, Update time : 22.061 us, Write time : 12643.929 us
[ros2_control_node-1] [WARN] [1777556995.568812846] [controller_manager]: Overrun detected! The controller manager missed its desired rate of 1000 Hz. The loop took 12.794616 ms (missed cycles : 13).
[ERROR] [spawner-16]: process has died [pid 28144, exit code 1, cmd '/home/carrt-cse-project/workspace/ros2_kortex_ws/install/controller_manager/lib/controller_manager/spawner joint_trajectory_controller -c /controller_manager --ros-args'].
[ros2_control_node-1] [WARN] [1777556996.572027527] [controller_manager]: Overrun might occur, Total time : 3988.921 us (Expected < 1000.000 us) --> Read time : 39.624 us, Update time : 24.221 us, Write time : 3925.076 us
[ros2_control_node-1] [WARN] [1777556996.572099362] [controller_manager]: Overrun detected! The controller manager missed its desired rate of 1000 Hz. The loop took 4.080957 ms (missed cycles : 5).
[spawner-18] [INFO] [1777556996.880434706] [spawner_robotiq_gripper_controller]: waiting for service /controller_manager/list_controllers to become available...
[INFO] [move_group-20]: process started with pid [28332]
[INFO] [rviz2-21]: process started with pid [28333]
[ros2_control_node-1] [WARN] [1777556997.572303460] [controller_manager]: Overrun might occur, Total time : 2259.253 us (Expected < 1000.000 us) --> Read time : 52.233 us, Update time : 25.537 us, Write time : 2181.483 us
[ros2_control_node-1] [WARN] [1777556997.572385833] [controller_manager]: Overrun detected! The controller manager missed its desired rate of 1000 Hz. The loop took 2.367103 ms (missed cycles : 3).
[vision_apriltag-9] [INFO] [1777556997.884827560] [vision_apriltag_node]: Vision AprilTag detection debug: no tags found after raw/CLAHE/sharp/adaptive/upscaled/tiled passes.
[vision_apriltag-9] [INFO] [1777556997.902038395] [vision_apriltag_node]: Vision AprilTag: images are arriving on /wrist_mounted_camera/image, but no AprilTags have been detected yet.
[ros2_control_node-1] [WARN] [1777556998.574578879] [controller_manager]: Overrun might occur, Total time : 2523.733 us (Expected < 1000.000 us) --> Read time : 73.674 us, Update time : 43.628 us, Write time : 2406.431 us
[ros2_control_node-1] [WARN] [1777556998.574671818] [controller_manager]: Overrun detected! The controller manager missed its desired rate of 1000 Hz. The loop took 2.653167 ms (missed cycles : 3).
[move_group-20] [INFO] [1777556998.725732649] [move_group.moveit.moveit.ros.rdf_loader]: Loaded robot model in 0.055606 seconds
[move_group-20] [INFO] [1777556998.725961386] [move_group.moveit.moveit.core.robot_model]: Loading robot model 'gen3'...
[move_group-20] [INFO] [1777556998.726001628] [move_group.moveit.moveit.core.robot_model]: No root/virtual joint specified in SRDF. Assuming fixed joint
[move_group-20] [INFO] [1777556998.970325735] [move_group.moveit.moveit.kinematics.kdl_kinematics_plugin]: Joint weights for group 'manipulator': 1 1 1 1 1 1 1
[rviz2-21] [INFO] [1777556999.082787427] [rviz2]: Stereo is NOT SUPPORTED
[rviz2-21] [INFO] [1777556999.083702270] [rviz2]: OpenGl version: 4.6 (GLSL 4.6)
[rviz2-21] [INFO] [1777556999.171701462] [rviz2]: Stereo is NOT SUPPORTED
[spawner-18] [WARN] [1777556999.381937978] [spawner_robotiq_gripper_controller]: Controller already loaded, skipping load_controller
[spawner-18] [INFO] [1777556999.411083559] [spawner_robotiq_gripper_controller]: waiting for service /controller_manager/configure_controller to become available...
[ros2_control_node-1] [WARN] [1777556999.575464263] [controller_manager]: Overrun might occur, Total time : 3424.078 us (Expected < 1000.000 us) --> Read time : 39.503 us, Update time : 28.424 us, Write time : 3356.151 us
[ros2_control_node-1] [WARN] [1777556999.575538523] [controller_manager]: Overrun detected! The controller manager missed its desired rate of 1000 Hz. The loop took 3.520557 ms (missed cycles : 4).
[rviz2-21] Warning: class_loader.impl: SEVERE WARNING!!! A namespace collision has occurred with plugin factory for class rviz_default_plugins::displays::InteractiveMarkerDisplay. New factory will OVERWRITE existing one. This situation occurs when libraries containing plugins are directly linked against an executable (the one running right now generating this message). Please separate plugins out into their own library or just don't link against the library and use either class_loader::ClassLoader/MultiLibraryClassLoader to open.
[rviz2-21]          at line 321 in /opt/ros/jazzy/include/class_loader/class_loader/class_loader_core.hpp
[rviz2-21] [WARN] [1777556999.775537800] [rcl.logging_rosout]: Publisher already registered for node name: 'rviz2_moveit'. If this is due to multiple nodes with the same name then all logs for the logger named 'rviz2_moveit' will go out over the existing publisher. As soon as any node with that name is destructed it will unregister the publisher, preventing any further logs for that name from being published on the rosout topic.
[move_group-20] [INFO] [1777557000.145367239] [move_group.moveit.moveit.ros.planning_scene_monitor]: Publishing maintained planning scene on 'monitored_planning_scene'
[move_group-20] [INFO] [1777557000.145588633] [move_group.moveit.moveit.ros.moveit_cpp]: Listening to 'joint_states' for joint states
[wrist_camera_usb_publisher-8] [INFO] [1777557000.165571003] [wrist_camera_usb_publisher_node]: USB camera publisher heartbeat: publishing 1280x720 frames on /wrist_mounted_camera/image; camera_info fx=920.87, fy=921.57, cx=644.76, cy=343.15.
[move_group-20] [INFO] [1777557000.277148529] [move_group.moveit.moveit.ros.current_state_monitor]: Listening to joint states on topic 'joint_states'
[ros2_control_node-1] [INFO] [1777557000.287851363] [controller_manager]: Received robot description from topic.
[ros2_control_node-1] [WARN] [1777557000.288800079] [controller_manager]: ResourceManager has already loaded a urdf. Ignoring attempt to reload a robot description.
[move_group-20] [INFO] [1777557000.298650722] [move_group.moveit.moveit.ros.planning_scene_monitor]: Listening to '/attached_collision_object' for attached collision objects
[move_group-20] [INFO] [1777557000.298695752] [move_group.moveit.moveit.ros.planning_scene_monitor]: Stopping existing planning scene publisher.
[move_group-20] [INFO] [1777557000.310463469] [move_group.moveit.moveit.ros.planning_scene_monitor]: Stopped publishing maintained planning scene.
[move_group-20] [INFO] [1777557000.470669225] [move_group.moveit.moveit.ros.planning_scene_monitor]: Publishing maintained planning scene on 'monitored_planning_scene'
[move_group-20] [INFO] [1777557000.470788377] [move_group.moveit.moveit.ros.planning_scene_monitor]: Starting planning scene monitor
[move_group-20] [INFO] [1777557000.510877061] [move_group.moveit.moveit.ros.planning_scene_monitor]: Listening to '/planning_scene'
[move_group-20] [INFO] [1777557000.514183068] [move_group.moveit.moveit.ros.planning_scene_monitor]: Starting world geometry update monitor for collision objects, attached objects, octomap updates.
[move_group-20] [INFO] [1777557000.523753448] [move_group.moveit.moveit.ros.planning_scene_monitor]: Listening to 'collision_object'
[move_group-20] [INFO] [1777557000.527713557] [move_group.moveit.moveit.ros.planning_scene_monitor]: Listening to 'planning_scene_world' for planning scene world geometry
[move_group-20] [WARN] [1777557000.530516931] [move_group.moveit.moveit.ros.occupancy_map_monitor]: Resolution not specified for Octomap. Assuming resolution = 0.1 instead
[move_group-20] [ERROR] [1777557000.530560634] [move_group.moveit.moveit.ros.occupancy_map_monitor]: No 3D sensor plugin(s) defined for octomap updates
[ros2_control_node-1] [WARN] [1777557000.590930893] [controller_manager]: Overrun might occur, Total time : 25879.970 us (Expected < 1000.000 us) --> Read time : 44.444 us, Update time : 26.215 us, Write time : 25809.311 us
[ros2_control_node-1] [WARN] [1777557000.591037349] [controller_manager]: Overrun detected! The controller manager missed its desired rate of 1000 Hz. The loop took 26.017786 ms (missed cycles : 27).
[ros2_control_node-1] [INFO] [1777557000.669556268] [controller_manager]: Configuring controller: 'robotiq_gripper_controller'
[ros2_control_node-1] [ERROR] [1777557000.669645926] [controller_manager]: Could not configure controller with name 'robotiq_gripper_controller' because no controller with this name exists
[spawner-18] [ERROR] [1777557000.698002415] [spawner_robotiq_gripper_controller]: Failed to configure controller
[vision_apriltag-9] [INFO] [1777557001.416119463] [vision_apriltag_node]: Vision AprilTag: images are arriving on /wrist_mounted_camera/image, but no AprilTags have been detected yet.
[ERROR] [spawner-18]: process has died [pid 28146, exit code 1, cmd '/home/carrt-cse-project/workspace/ros2_kortex_ws/install/controller_manager/lib/controller_manager/spawner robotiq_gripper_controller -c /controller_manager --ros-args'].
[move_group-20] [INFO] [1777557001.457715230] [move_group.moveit.moveit.ros.planning_pipeline]: Successfully loaded planner 'OMPL'
[move_group-20] [INFO] [1777557001.472470175] [move_group]: Try loading adapter 'default_planning_request_adapters/ResolveConstraintFrames'
[move_group-20] [INFO] [1777557001.477374167] [move_group]: Loaded adapter 'default_planning_request_adapters/ResolveConstraintFrames'
[move_group-20] [INFO] [1777557001.477418562] [move_group]: Try loading adapter 'default_planning_request_adapters/ValidateWorkspaceBounds'
[move_group-20] [INFO] [1777557001.477910543] [move_group]: Loaded adapter 'default_planning_request_adapters/ValidateWorkspaceBounds'
[move_group-20] [INFO] [1777557001.477933641] [move_group]: Try loading adapter 'default_planning_request_adapters/CheckStartStateBounds'
[move_group-20] [INFO] [1777557001.477991145] [move_group]: Loaded adapter 'default_planning_request_adapters/CheckStartStateBounds'
[move_group-20] [INFO] [1777557001.478002889] [move_group]: Try loading adapter 'default_planning_request_adapters/CheckStartStateCollision'
[move_group-20] [INFO] [1777557001.478023905] [move_group]: Loaded adapter 'default_planning_request_adapters/CheckStartStateCollision'
[move_group-20] [INFO] [1777557001.484223006] [move_group]: Try loading adapter 'default_planning_response_adapters/AddTimeOptimalParameterization'
[move_group-20] [INFO] [1777557001.488845303] [move_group]: Loaded adapter 'default_planning_response_adapters/AddTimeOptimalParameterization'
[move_group-20] [INFO] [1777557001.488882776] [move_group]: Try loading adapter 'default_planning_response_adapters/ValidateSolution'
[move_group-20] [INFO] [1777557001.498842062] [move_group]: Loaded adapter 'default_planning_response_adapters/ValidateSolution'
[move_group-20] [INFO] [1777557001.501170637] [move_group]: Try loading adapter 'default_planning_response_adapters/DisplayMotionPath'
[move_group-20] [INFO] [1777557001.524664195] [move_group]: Loaded adapter 'default_planning_response_adapters/DisplayMotionPath'
[ros2_control_node-1] [WARN] [1777557001.592050186] [controller_manager]: Overrun might occur, Total time : 5005.218 us (Expected < 1000.000 us) --> Read time : 42.287 us, Update time : 24.970 us, Write time : 4937.961 us
[ros2_control_node-1] [WARN] [1777557001.592121764] [controller_manager]: Overrun detected! The controller manager missed its desired rate of 1000 Hz. The loop took 5.103906 ms (missed cycles : 6).
[vision_apriltag-9] [INFO] [1777557002.075763836] [vision_apriltag_node]: Vision AprilTag: images are arriving on /wrist_mounted_camera/image, but no AprilTags have been detected yet.
[move_group-20] [INFO] [1777557002.225262766] [move_group.moveit.moveit.plugins.simple_controller_manager]: Added FollowJointTrajectory controller for joint_trajectory_controller
[move_group-20] [INFO] [1777557002.225347477] [move_group.moveit.moveit.plugins.simple_controller_manager]: robotiq_gripper_controller will command a max effort of: 0
[move_group-20] [INFO] [1777557002.309052682] [move_group.moveit.moveit.plugins.simple_controller_manager]: Added GripperCommand controller for robotiq_gripper_controller
[move_group-20] [INFO] [1777557002.309275049] [move_group.moveit.moveit.plugins.simple_controller_manager]: Returned 2 controllers in list
[move_group-20] [INFO] [1777557002.309318669] [move_group.moveit.moveit.plugins.simple_controller_manager]: Returned 2 controllers in list
[move_group-20] [INFO] [1777557002.320642101] [move_group.moveit.moveit.ros.trajectory_execution_manager]: Trajectory execution is managing controllers
[move_group-20] [INFO] [1777557002.320684545] [move_group]: MoveGroup debug mode is ON
[ros2_control_node-1] [WARN] [1777557002.596251820] [controller_manager]: Overrun might occur, Total time : 9208.623 us (Expected < 1000.000 us) --> Read time : 38.413 us, Update time : 24.367 us, Write time : 9145.843 us
[ros2_control_node-1] [WARN] [1777557002.596331276] [controller_manager]: Overrun detected! The controller manager missed its desired rate of 1000 Hz. The loop took 9.312363 ms (missed cycles : 10).
[move_group-20] [96mLoading 'move_group/ApplyPlanningSceneService'...[0m
[move_group-20] [96mLoading 'move_group/ClearOctomapService'...[0m
[move_group-20] [96mLoading 'move_group/GetUrdfService'...[0m
[move_group-20] [96mLoading 'move_group/LoadGeometryFromFileService'...[0m
[move_group-20] [96mLoading 'move_group/MoveGroupCartesianPathService'...[0m
[move_group-20] [96mLoading 'move_group/MoveGroupExecuteTrajectoryAction'...[0m
[move_group-20] [96mLoading 'move_group/MoveGroupGetPlanningSceneService'...[0m
[move_group-20] [96mLoading 'move_group/MoveGroupKinematicsService'...[0m
[move_group-20] [96mLoading 'move_group/MoveGroupMoveAction'...[0m
[move_group-20] [INFO] [1777557002.792770791] [move_group.moveit.moveit.ros.move_group.executable]: 
[move_group-20] 
[move_group-20] ********************************************************
[move_group-20] * MoveGroup using: 
[move_group-20] *     - apply_planning_scene_service
[move_group-20] *     - clear_octomap_service
[move_group-20] *     - get_group_urdf
[move_group-20] *     - load_geometry_from_file
[move_group-20] *     - CartesianPathService
[move_group-20] *     - execute_trajectory_action
[move_group-20] *     - get_planning_scene_service
[move_group-20] *     - kinematics_service
[move_group-20] *     - move_action
[move_group-20] *     - motion_plan_service
[move_group-20] *     - query_planners_service
[move_group-20] *     - state_validation_service
[move_group-20] *     - save_geometry_to_file
[move_group-20] ********************************************************
[move_group-20] 
[move_group-20] [INFO] [1777557002.792855650] [move_group.moveit.moveit.ros.move_group.context]: MoveGroup context using pipeline ompl
[move_group-20] [INFO] [1777557002.793339015] [move_group.moveit.moveit.ros.move_group.context]: MoveGroup context initialization complete
[move_group-20] [96mLoading 'move_group/MoveGroupPlanService'...[0m
[move_group-20] [96mLoading 'move_group/MoveGroupQueryPlannersService'...[0m
[move_group-20] [96mLoading 'move_group/MoveGroupStateValidationService'...[0m
[move_group-20] [96mLoading 'move_group/SaveGeometryToFileService'...[0m
[move_group-20] 
[move_group-20] [92mYou can start planning now![0m
[move_group-20] 
[ros2_control_node-1] [WARN] [1777557003.598012651] [controller_manager]: Overrun might occur, Total time : 13966.025 us (Expected < 1000.000 us) --> Read time : 37.736 us, Update time : 24.040 us, Write time : 13904.249 us
[ros2_control_node-1] [WARN] [1777557003.598129708] [controller_manager]: Overrun detected! The controller manager missed its desired rate of 1000 Hz. The loop took 14.110078 ms (missed cycles : 15).
[vision_apriltag-9] [INFO] [1777557003.938622547] [vision_apriltag_node]: Vision AprilTag detection debug: no tags found after raw/CLAHE/sharp/adaptive/upscaled/tiled passes.
[rviz2-21] [ERROR] [1777557003.962205640] [rviz2_moveit.moveit.ros.motion_planning_frame]: Action server: /recognize_objects not available
[rviz2-21] [INFO] [1777557004.291386414] [rviz2_moveit.moveit.ros.motion_planning_frame]: MoveGroup namespace changed: / -> . Reloading params.
[rviz2-21] [INFO] [1777557004.533526280] [rviz2_moveit.moveit.ros.rdf_loader]: Loaded robot model in 0.0485568 seconds
[rviz2-21] [INFO] [1777557004.533624066] [rviz2_moveit.moveit.core.robot_model]: Loading robot model 'gen3'...
[rviz2-21] [INFO] [1777557004.533653183] [rviz2_moveit.moveit.core.robot_model]: No root/virtual joint specified in SRDF. Assuming fixed joint
[ros2_control_node-1] [WARN] [1777557004.623353754] [controller_manager]: Overrun might occur, Total time : 26272.839 us (Expected < 1000.000 us) --> Read time : 62.411 us, Update time : 30.924 us, Write time : 26179.504 us
[ros2_control_node-1] [WARN] [1777557004.623456196] [controller_manager]: Overrun detected! The controller manager missed its desired rate of 1000 Hz. The loop took 26.437178 ms (missed cycles : 27).
[vision_apriltag-9] [INFO] [1777557004.676445357] [vision_apriltag_node]: Vision AprilTag: images are arriving on /wrist_mounted_camera/image, but no AprilTags have been detected yet.
[rviz2-21] [INFO] [1777557004.918496218] [rviz2_moveit.moveit.kinematics.kdl_kinematics_plugin]: Joint weights for group 'manipulator': 1 1 1 1 1 1 1
[wrist_camera_usb_publisher-8] [INFO] [1777557005.174134102] [wrist_camera_usb_publisher_node]: USB camera publisher heartbeat: publishing 1280x720 frames on /wrist_mounted_camera/image; camera_info fx=920.87, fy=921.57, cx=644.76, cy=343.15.
[ros2_control_node-1] [WARN] [1777557005.631781640] [controller_manager]: Overrun might occur, Total time : 9730.225 us (Expected < 1000.000 us) --> Read time : 71.256 us, Update time : 35.427 us, Write time : 9623.542 us
[ros2_control_node-1] [WARN] [1777557005.631859767] [controller_manager]: Overrun detected! The controller manager missed its desired rate of 1000 Hz. The loop took 9.841444 ms (missed cycles : 10).
[rviz2-21] [INFO] [1777557005.827609649] [rviz2_moveit.moveit.ros.planning_scene_monitor]: Starting planning scene monitor
[rviz2-21] [INFO] [1777557005.837413231] [rviz2_moveit.moveit.ros.planning_scene_monitor]: Listening to '/monitored_planning_scene'
[vision_apriltag-9] [INFO] [1777557006.217797963] [vision_apriltag_node]: Vision AprilTag: images are arriving on /wrist_mounted_camera/image, but no AprilTags have been detected yet.
[rviz2-21] [INFO] [1777557006.239265927] [interactive_marker_display_99205991323424]: Connected on namespace: /rviz_moveit_motion_planning_display/robot_interaction_interactive_marker_topic
[rviz2-21] [INFO] [1777557006.257168222] [rviz2_moveit.moveit.ros.robot_interaction]: No active joints or end effectors found for group 'gripper'. Make sure that kinematics.yaml is loaded in this node's namespace.
[rviz2-21] [INFO] [1777557006.258158850] [rviz2_moveit.moveit.ros.robot_interaction]: No active joints or end effectors found for group 'gripper'. Make sure that kinematics.yaml is loaded in this node's namespace.
[rviz2-21] [INFO] [1777557006.292971916] [rviz2_moveit.moveit.ros.motion_planning_frame]: group gripper
[rviz2-21] [INFO] [1777557006.293015937] [rviz2_moveit.moveit.ros.motion_planning_frame]: Constructing new MoveGroup connection for group 'gripper' in namespace ''
[rviz2-21] [INFO] [1777557006.340602730] [interactive_marker_display_99205991323424]: Sending request for interactive markers
[rviz2-21] [INFO] [1777557006.348109808] [interactive_marker_display_99205991323424]: Service response received for initialization
[rviz2-21] [INFO] [1777557006.377096043] [rviz2_moveit.moveit.ros.move_group_interface]: Ready to take commands for planning group gripper.
[rviz2-21] [INFO] [1777557006.501394551] [rviz2_moveit.moveit.ros.motion_planning_frame]: group gripper
[ros2_control_node-1] [WARN] [1777557006.634097598] [controller_manager]: Overrun might occur, Total time : 3048.023 us (Expected < 1000.000 us) --> Read time : 67.560 us, Update time : 34.502 us, Write time : 2945.961 us
[ros2_control_node-1] [WARN] [1777557006.634183179] [controller_manager]: Overrun detected! The controller manager missed its desired rate of 1000 Hz. The loop took 3.165037 ms (missed cycles : 4).
[ros2_control_node-1] [WARN] [1777557007.636804468] [controller_manager]: Overrun might occur, Total time : 10762.749 us (Expected < 1000.000 us) --> Read time : 29.284 us, Update time : 19.219 us, Write time : 10714.246 us
[ros2_control_node-1] [WARN] [1777557007.636935440] [controller_manager]: Overrun detected! The controller manager missed its desired rate of 1000 Hz. The loop took 10.916076 ms (missed cycles : 11).
[vision_apriltag-9] [INFO] [1777557007.869663778] [vision_apriltag_node]: Vision AprilTag: images are arriving on /wrist_mounted_camera/image, but no AprilTags have been detected yet.
[ros2_control_node-1] [WARN] [1777557008.647452598] [controller_manager]: Overrun might occur, Total time : 10396.028 us (Expected < 1000.000 us) --> Read time : 78.866 us, Update time : 55.592 us, Write time : 10261.570 us
[ros2_control_node-1] [WARN] [1777557008.647541251] [controller_manager]: Overrun detected! The controller manager missed its desired rate of 1000 Hz. The loop took 10.522060 ms (missed cycles : 11).
[ros2_control_node-1] [WARN] [1777557009.647835008] [controller_manager]: Overrun might occur, Total time : 9793.915 us (Expected < 1000.000 us) --> Read time : 35.731 us, Update time : 24.447 us, Write time : 9733.737 us
[ros2_control_node-1] [WARN] [1777557009.647914829] [controller_manager]: Overrun detected! The controller manager missed its desired rate of 1000 Hz. The loop took 9.896499 ms (missed cycles : 10).
[vision_apriltag-9] [INFO] [1777557009.896184852] [vision_apriltag_node]: Vision AprilTag detection debug: no tags found after raw/CLAHE/sharp/adaptive/upscaled/tiled passes.
[wrist_camera_usb_publisher-8] [INFO] [1777557010.270229312] [wrist_camera_usb_publisher_node]: USB camera publisher heartbeat: publishing 1280x720 frames on /wrist_mounted_camera/image; camera_info fx=920.87, fy=921.57, cx=644.76, cy=343.15.
[ros2_control_node-1] [WARN] [1777557010.653268189] [controller_manager]: Overrun might occur, Total time : 13223.669 us (Expected < 1000.000 us) --> Read time : 43.924 us, Update time : 25.328 us, Write time : 13154.417 us
[ros2_control_node-1] [WARN] [1777557010.653340454] [controller_manager]: Overrun detected! The controller manager missed its desired rate of 1000 Hz. The loop took 13.322444 ms (missed cycles : 14).
[vision_apriltag-9] [INFO] [1777557011.149830127] [vision_apriltag_node]: Vision AprilTag: images are arriving on /wrist_mounted_camera/image, but no AprilTags have been detected yet.
[ros2_control_node-1] [WARN] [1777557011.654595042] [controller_manager]: Overrun might occur, Total time : 2554.605 us (Expected < 1000.000 us) --> Read time : 34.348 us, Update time : 21.270 us, Write time : 2498.987 us
[ros2_control_node-1] [WARN] [1777557011.654677694] [controller_manager]: Overrun detected! The controller manager missed its desired rate of 1000 Hz. The loop took 2.658392 ms (missed cycles : 3).
[vision_apriltag-9] [INFO] [1777557012.002198776] [vision_apriltag_node]: Vision AprilTag: images are arriving on /wrist_mounted_camera/image, but no AprilTags have been detected yet.
[ros2_control_node-1] [WARN] [1777557012.666340461] [controller_manager]: Overrun might occur, Total time : 16282.173 us (Expected < 1000.000 us) --> Read time : 83.120 us, Update time : 54.269 us, Write time : 16144.784 us
[ros2_control_node-1] [WARN] [1777557012.666417434] [controller_manager]: Overrun detected! The controller manager missed its desired rate of 1000 Hz. The loop took 16.399120 ms (missed cycles : 17).
[ros2_control_node-1] [WARN] [1777557013.666753845] [controller_manager]: Overrun might occur, Total time : 4708.060 us (Expected < 1000.000 us) --> Read time : 53.968 us, Update time : 32.540 us, Write time : 4621.552 us
[ros2_control_node-1] [WARN] [1777557013.666828859] [controller_manager]: Overrun detected! The controller manager missed its desired rate of 1000 Hz. The loop took 4.809983 ms (missed cycles : 5).
[vision_apriltag-9] [INFO] [1777557013.940586554] [vision_apriltag_node]: Vision AprilTag: images are arriving on /wrist_mounted_camera/image, but no AprilTags have been detected yet.
[ros2_control_node-1] [WARN] [1777557014.672644001] [controller_manager]: Overrun might occur, Total time : 6603.364 us (Expected < 1000.000 us) --> Read time : 39.889 us, Update time : 22.381 us, Write time : 6541.094 us
[ros2_control_node-1] [WARN] [1777557014.672715509] [controller_manager]: Overrun detected! The controller manager missed its desired rate of 1000 Hz. The loop took 6.696909 ms (missed cycles : 7).
[wrist_camera_usb_publisher-8] [INFO] [1777557015.371268030] [wrist_camera_usb_publisher_node]: USB camera publisher heartbeat: publishing 1280x720 frames on /wrist_mounted_camera/image; camera_info fx=920.87, fy=921.57, cx=644.76, cy=343.15.
[ros2_control_node-1] [WARN] [1777557015.674480669] [controller_manager]: Overrun might occur, Total time : 11435.751 us (Expected < 1000.000 us) --> Read time : 43.316 us, Update time : 29.341 us, Write time : 11363.094 us
[ros2_control_node-1] [WARN] [1777557015.674564483] [controller_manager]: Overrun detected! The controller manager missed its desired rate of 1000 Hz. The loop took 11.546149 ms (missed cycles : 12).
[vision_apriltag-9] [INFO] [1777557015.874180879] [vision_apriltag_node]: Vision AprilTag detection debug: no tags found after raw/CLAHE/sharp/adaptive/upscaled/tiled passes.
[ros2_control_node-1] [WARN] [1777557016.674947499] [controller_manager]: Overrun might occur, Total time : 2901.809 us (Expected < 1000.000 us) --> Read time : 38.595 us, Update time : 25.195 us, Write time : 2838.019 us
[ros2_control_node-1] [WARN] [1777557016.675041849] [controller_manager]: Overrun detected! The controller manager missed its desired rate of 1000 Hz. The loop took 3.022955 ms (missed cycles : 4).
[vision_apriltag-9] [INFO] [1777557016.921618993] [vision_apriltag_node]: Vision AprilTag: images are arriving on /wrist_mounted_camera/image, but no AprilTags have been detected yet.
[ros2_control_node-1] [WARN] [1777557017.682806152] [controller_manager]: Overrun might occur, Total time : 15768.076 us (Expected < 1000.000 us) --> Read time : 30.221 us, Update time : 20.152 us, Write time : 15717.703 us
[ros2_control_node-1] [WARN] [1777557017.682881483] [controller_manager]: Overrun detected! The controller manager missed its desired rate of 1000 Hz. The loop took 15.862462 ms (missed cycles : 16).
[ros2_control_node-1] [WARN] [1777557018.684305253] [controller_manager]: Overrun might occur, Total time : 2251.882 us (Expected < 1000.000 us) --> Read time : 69.671 us, Update time : 44.291 us, Write time : 2137.920 us
[ros2_control_node-1] [WARN] [1777557018.684403953] [controller_manager]: Overrun detected! The controller manager missed its desired rate of 1000 Hz. The loop took 2.385201 ms (missed cycles : 3).
[vision_apriltag-9] [INFO] [1777557019.041594551] [vision_apriltag_node]: Vision AprilTag: images are arriving on /wrist_mounted_camera/image, but no AprilTags have been detected yet.
[ros2_control_node-1] [WARN] [1777557019.690895759] [controller_manager]: Overrun might occur, Total time : 7855.563 us (Expected < 1000.000 us) --> Read time : 42.219 us, Update time : 24.276 us, Write time : 7789.068 us
[ros2_control_node-1] [WARN] [1777557019.690958967] [controller_manager]: Overrun detected! The controller manager missed its desired rate of 1000 Hz. The loop took 7.940875 ms (missed cycles : 8).
[wrist_camera_usb_publisher-8] [INFO] [1777557020.385882185] [wrist_camera_usb_publisher_node]: USB camera publisher heartbeat: publishing 1280x720 frames on /wrist_mounted_camera/image; camera_info fx=920.87, fy=921.57, cx=644.76, cy=343.15.
[ros2_control_node-1] [WARN] [1777557020.692745663] [controller_manager]: Overrun might occur, Total time : 1707.234 us (Expected < 1000.000 us) --> Read time : 40.224 us, Update time : 24.482 us, Write time : 1642.528 us
[ros2_control_node-1] [WARN] [1777557020.692823841] [controller_manager]: Overrun detected! The controller manager missed its desired rate of 1000 Hz. The loop took 1.805558 ms (missed cycles : 2).
[vision_apriltag-9] [INFO] [1777557021.259483225] [vision_apriltag_node]: Vision AprilTag detection debug: no tags found after raw/CLAHE/sharp/adaptive/upscaled/tiled passes.
[ros2_control_node-1] [WARN] [1777557021.697415126] [controller_manager]: Overrun might occur, Total time : 5365.215 us (Expected < 1000.000 us) --> Read time : 42.883 us, Update time : 25.230 us, Write time : 5297.102 us
[ros2_control_node-1] [WARN] [1777557021.697526782] [controller_manager]: Overrun detected! The controller manager missed its desired rate of 1000 Hz. The loop took 5.507856 ms (missed cycles : 6).
[vision_apriltag-9] [INFO] [1777557022.185139624] [vision_apriltag_node]: Vision AprilTag: images are arriving on /wrist_mounted_camera/image, but no AprilTags have been detected yet.
[ros2_control_node-1] [WARN] [1777557022.698131897] [controller_manager]: Overrun might occur, Total time : 3071.513 us (Expected < 1000.000 us) --> Read time : 57.434 us, Update time : 32.646 us, Write time : 2981.433 us
[ros2_control_node-1] [WARN] [1777557022.698309626] [controller_manager]: Overrun detected! The controller manager missed its desired rate of 1000 Hz. The loop took 3.288956 ms (missed cycles : 4).
[ros2_control_node-1] [WARN] [1777557023.701394581] [controller_manager]: Overrun might occur, Total time : 6354.754 us (Expected < 1000.000 us) --> Read time : 24.767 us, Update time : 16.832 us, Write time : 6313.155 us
[ros2_control_node-1] [WARN] [1777557023.701472996] [controller_manager]: Overrun detected! The controller manager missed its desired rate of 1000 Hz. The loop took 6.454662 ms (missed cycles : 7).
[vision_apriltag-9] [INFO] [1777557024.437538292] [vision_apriltag_node]: Vision AprilTag: images are arriving on /wrist_mounted_camera/image, but no AprilTags have been detected yet.
[ros2_control_node-1] [WARN] [1777557024.702029176] [controller_manager]: Overrun might occur, Total time : 9986.665 us (Expected < 1000.000 us) --> Read time : 68.083 us, Update time : 34.750 us, Write time : 9883.832 us
[ros2_control_node-1] [WARN] [1777557024.702104155] [controller_manager]: Overrun detected! The controller manager missed its desired rate of 1000 Hz. The loop took 10.085522 ms (missed cycles : 11).
[wrist_camera_usb_publisher-8] [INFO] [1777557025.584395126] [wrist_camera_usb_publisher_node]: USB camera publisher heartbeat: publishing 1280x720 frames on /wrist_mounted_camera/image; camera_info fx=920.87, fy=921.57, cx=644.76, cy=343.15.
[ros2_control_node-1] [WARN] [1777557025.704528064] [controller_manager]: Overrun might occur, Total time : 6483.506 us (Expected < 1000.000 us) --> Read time : 32.447 us, Update time : 23.878 us, Write time : 6427.181 us
[ros2_control_node-1] [WARN] [1777557025.704594461] [controller_manager]: Overrun detected! The controller manager missed its desired rate of 1000 Hz. The loop took 6.576564 ms (missed cycles : 7).
[ros2_control_node-1] [WARN] [1777557026.714368347] [controller_manager]: Overrun might occur, Total time : 10302.998 us (Expected < 1000.000 us) --> Read time : 49.895 us, Update time : 28.324 us, Write time : 10224.779 us
[ros2_control_node-1] [WARN] [1777557026.714494741] [controller_manager]: Overrun detected! The controller manager missed its desired rate of 1000 Hz. The loop took 10.475316 ms (missed cycles : 11).
[vision_apriltag-9] [INFO] [1777557026.769966436] [vision_apriltag_node]: Vision AprilTag detection debug: no tags found after raw/CLAHE/sharp/adaptive/upscaled/tiled passes.
[vision_apriltag-9] [INFO] [1777557026.784109356] [vision_apriltag_node]: Vision AprilTag: images are arriving on /wrist_mounted_camera/image, but no AprilTags have been detected yet.
[ros2_control_node-1] [WARN] [1777557027.715688093] [controller_manager]: Overrun might occur, Total time : 2645.202 us (Expected < 1000.000 us) --> Read time : 32.252 us, Update time : 20.701 us, Write time : 2592.249 us
[ros2_control_node-1] [WARN] [1777557027.715766355] [controller_manager]: Overrun detected! The controller manager missed its desired rate of 1000 Hz. The loop took 2.747844 ms (missed cycles : 3).
[ros2_control_node-1] [WARN] [1777557028.720130377] [controller_manager]: Overrun might occur, Total time : 4090.623 us (Expected < 1000.000 us) --> Read time : 40.963 us, Update time : 23.264 us, Write time : 4026.396 us
[ros2_control_node-1] [WARN] [1777557028.720210787] [controller_manager]: Overrun detected! The controller manager missed its desired rate of 1000 Hz. The loop took 4.192973 ms (missed cycles : 5).
[vision_apriltag-9] [INFO] [1777557029.116256009] [vision_apriltag_node]: Vision AprilTag: images are arriving on /wrist_mounted_camera/image, but no AprilTags have been detected yet.
[ros2_control_node-1] [WARN] [1777557029.727115412] [controller_manager]: Overrun might occur, Total time : 7071.118 us (Expected < 1000.000 us) --> Read time : 43.690 us, Update time : 25.241 us, Write time : 7002.187 us
[ros2_control_node-1] [WARN] [1777557029.727189098] [controller_manager]: Overrun detected! The controller manager missed its desired rate of 1000 Hz. The loop took 7.170793 ms (missed cycles : 8).
[wrist_camera_usb_publisher-8] [INFO] [1777557030.671156437] [wrist_camera_usb_publisher_node]: USB camera publisher heartbeat: publishing 1280x720 frames on /wrist_mounted_camera/image; camera_info fx=920.87, fy=921.57, cx=644.76, cy=343.15.
[vision_apriltag-9] [INFO] [1777557030.675595059] [vision_apriltag_node]: Vision AprilTag: images are arriving on /wrist_mounted_camera/image, but no AprilTags have been detected yet.
[ros2_control_node-1] [WARN] [1777557030.727904467] [controller_manager]: Overrun might occur, Total time : 1849.851 us (Expected < 1000.000 us) --> Read time : 61.423 us, Update time : 38.861 us, Write time : 1749.567 us
[ros2_control_node-1] [WARN] [1777557030.727980580] [controller_manager]: Overrun detected! The controller manager missed its desired rate of 1000 Hz. The loop took 1.962441 ms (missed cycles : 2).
[ros2_control_node-1] [WARN] [1777557031.729790008] [controller_manager]: Overrun might occur, Total time : 1681.426 us (Expected < 1000.000 us) --> Read time : 16.192 us, Update time : 8.825 us, Write time : 1656.409 us
[ros2_control_node-1] [WARN] [1777557031.729847009] [controller_manager]: Overrun detected! The controller manager missed its desired rate of 1000 Hz. The loop took 1.829346 ms (missed cycles : 2).
[vision_apriltag-9] [INFO] [1777557031.968885515] [vision_apriltag_node]: Vision AprilTag detection debug: no tags found after raw/CLAHE/sharp/adaptive/upscaled/tiled passes.
[vision_apriltag-9] [INFO] [1777557032.009925079] [vision_apriltag_node]: Vision AprilTag: images are arriving on /wrist_mounted_camera/image, but no AprilTags have been detected yet.
[ros2_control_node-1] [WARN] [1777557032.731728015] [controller_manager]: Overrun might occur, Total time : 1699.689 us (Expected < 1000.000 us) --> Read time : 14.992 us, Update time : 8.916 us, Write time : 1675.781 us
[ros2_control_node-1] [WARN] [1777557032.731787292] [controller_manager]: Overrun detected! The controller manager missed its desired rate of 1000 Hz. The loop took 1.769621 ms (missed cycles : 2).
