
===== 2026-04-13T18:58:29-04:00 | T1_full =====
cwd=/home/carrt-cse-project/workspace/ros2_kortex_ws
cmd=ros2 launch adl_tasks adl_start.launch.py arm_use_fake_hardware:=false use_stub:=false 

[INFO] [launch]: All log files can be found below /home/carrt-cse-project/.ros/log/2026-04-13-18-58-30-222271-carrt-cse-project-OptiPlex-5050-33564
[INFO] [launch]: Default logging verbosity is set to INFO
[INFO] [launch.user]: [arm_start.launch] MoveIt current state source: /joint_states_sanitized. Use use_joint_state_sanitizer:=false for raw-state viewer debugging.
[INFO] [launch.user]: [arm_start.launch] Using ADL controller config (share/adl_tasks/config/ros2_controllers_vbox.yaml, update_rate:=50 Hz).
[INFO] [ros2_control_node-1]: process started with pid [33569]
[INFO] [robot_state_publisher-2]: process started with pid [33570]
[INFO] [joint_state_sanitizer-3]: process started with pid [33571]
[INFO] [spawner-4]: process started with pid [33572]
[INFO] [static_transform_publisher-5]: process started with pid [33573]
[INFO] [static_transform_publisher-6]: process started with pid [33574]
[INFO] [scene_static-7]: process started with pid [33575]
[INFO] [wrist_camera_usb_publisher-8]: process started with pid [33576]
[INFO] [vision_apriltag-9]: process started with pid [33577]
[INFO] [scene_from_vision-10]: process started with pid [33578]
[INFO] [adl_controller-11]: process started with pid [33579]
[INFO] [pick_dropped_bottle-12]: process started with pid [33580]
[INFO] [clear_table-13]: process started with pid [33581]
[INFO] [give_medication-14]: process started with pid [33582]
[INFO] [adl_ui-15]: process started with pid [33583]
[static_transform_publisher-6] [INFO] [1776121110.500396201] [camera_color_optical_bridge_tf_pub]: Spinning until stopped - publishing transform
[static_transform_publisher-6] translation: ('0.000000', '0.000000', '0.000000')
[static_transform_publisher-6] rotation: ('0.000000', '0.000000', '0.000000', '1.000000')
[static_transform_publisher-6] from 'camera_color_frame' to 'wrist_mounted_camera_color_optical_frame'
[static_transform_publisher-5] [INFO] [1776121110.567797576] [static_transform_publisher]: Spinning until stopped - publishing transform
[static_transform_publisher-5] translation: ('0.000000', '0.000000', '0.000000')
[static_transform_publisher-5] rotation: ('0.000000', '0.000000', '0.000000', '1.000000')
[static_transform_publisher-5] from 'world' to 'base_link'
[robot_state_publisher-2] [INFO] [1776121110.568895167] [robot_state_publisher]: Robot initialized
[ros2_control_node-1] [INFO] [1776121110.713186450] [controller_manager]: Using Steady (Monotonic) clock for triggering controller manager cycles.
[ros2_control_node-1] [INFO] [1776121110.748135214] [controller_manager]: Subscribing to '/robot_description' topic for robot description.
[ros2_control_node-1] [INFO] [1776121110.760340362] [controller_manager]: update rate is 50 Hz
[ros2_control_node-1] [INFO] [1776121110.760376236] [controller_manager]: Overruns handling is : enabled
[ros2_control_node-1] [INFO] [1776121110.760386666] [controller_manager]: Spawning controller_manager RT thread with scheduler priority: 50
[ros2_control_node-1] [INFO] [1776121110.760985227] [controller_manager]: Received robot description from topic.
[ros2_control_node-1] [INFO] [1776121110.761038310] [controller_manager]: Enforcing command limits is disabled. Command limits from URDF will be ignored.
[ros2_control_node-1] [INFO] [1776121110.762917078] [controller_manager]: Successful set up FIFO RT scheduling policy with priority 50.
[ros2_control_node-1] [INFO] [1776121110.779704462] [controller_manager]: Loading hardware 'KortexMultiInterfaceHardware' 
[ros2_control_node-1] [INFO] [1776121110.811705172] [KortexMultiInterfaceHardware]: Setting severity threshold to DEBUG
[ros2_control_node-1] [INFO] [1776121110.812301239] [controller_manager]: Loaded hardware 'KortexMultiInterfaceHardware' from plugin 'kortex_driver/KortexMultiInterfaceHardware'
[ros2_control_node-1] [INFO] [1776121110.812849833] [controller_manager]: Initialize hardware 'KortexMultiInterfaceHardware' 
[ros2_control_node-1] [INFO] [1776121110.840191955] [KortexMultiInterfaceHardware]: Configuring Hardware Interface
[ros2_control_node-1] [INFO] [1776121110.840535078] [KortexMultiInterfaceHardware]: Robot ip is '192.168.0.10'
[ros2_control_node-1] [INFO] [1776121110.840546197] [KortexMultiInterfaceHardware]: Username is 'admin'
[ros2_control_node-1] [INFO] [1776121110.840558122] [KortexMultiInterfaceHardware]: Port used '10000'
[ros2_control_node-1] [INFO] [1776121110.840563305] [KortexMultiInterfaceHardware]: Realtime port used '10001'
[ros2_control_node-1] [INFO] [1776121110.840567927] [KortexMultiInterfaceHardware]: Session inactivity timeout is '60000'
[ros2_control_node-1] [INFO] [1776121110.840572720] [KortexMultiInterfaceHardware]: Connection inactivity timeout is '2000'
[ros2_control_node-1] [INFO] [1776121110.840578587] [KortexMultiInterfaceHardware]: Gripper joint name is 'robotiq_85_left_knuckle_joint'
[ros2_control_node-1] [INFO] [1776121110.840606620] [KortexMultiInterfaceHardware]: Connecting to robot at 192.168.0.10
[ros2_control_node-1] [INFO] [1776121110.850527009] [KortexMultiInterfaceHardware]: Creating session for communication
[ros2_control_node-1] [INFO] [1776121111.288996069] [KortexMultiInterfaceHardware]: Session created
[spawner-4] [INFO] [1776121111.529409893] [spawner_joint_state_broadcaster]: waiting for service /controller_manager/list_controllers to become available...
[ros2_control_node-1] [INFO] [1776121111.991926447] [KortexMultiInterfaceHardware]: Actuator count reported by robot is '7'
[ros2_control_node-1] [INFO] [1776121111.992129026] [KortexMultiInterfaceHardware]: Using internal bus communication for gripper!
[ros2_control_node-1] [INFO] [1776121111.992137084] [KortexMultiInterfaceHardware]: Hardware Interface successfully configured
[ros2_control_node-1] [INFO] [1776121111.992236742] [controller_manager]: Successful initialization of hardware 'KortexMultiInterfaceHardware'
[ros2_control_node-1] [DEBUG] [1776121111.992311056] [KortexMultiInterfaceHardware]: export_state_interfaces for joint: joint_1
[ros2_control_node-1] [DEBUG] [1776121111.992339489] [KortexMultiInterfaceHardware]: export_state_interfaces for joint: joint_2
[ros2_control_node-1] [DEBUG] [1776121111.992346653] [KortexMultiInterfaceHardware]: export_state_interfaces for joint: joint_3
[ros2_control_node-1] [DEBUG] [1776121111.992351892] [KortexMultiInterfaceHardware]: export_state_interfaces for joint: joint_4
[ros2_control_node-1] [DEBUG] [1776121111.992356167] [KortexMultiInterfaceHardware]: export_state_interfaces for joint: joint_5
[ros2_control_node-1] [DEBUG] [1776121111.992361111] [KortexMultiInterfaceHardware]: export_state_interfaces for joint: joint_6
[ros2_control_node-1] [DEBUG] [1776121111.992365376] [KortexMultiInterfaceHardware]: export_state_interfaces for joint: joint_7
[ros2_control_node-1] [DEBUG] [1776121111.992369644] [KortexMultiInterfaceHardware]: export_state_interfaces for joint: robotiq_85_left_knuckle_joint
[joint_state_sanitizer-3] [INFO] [1776121111.993356298] [joint_state_sanitizer_node]: joint_state_sanitizer started. raw=/joint_states -> sanitized=/joint_states_sanitized
[ros2_control_node-1] [INFO] [1776121111.994265039] [resource_manager]: 'configure' hardware 'KortexMultiInterfaceHardware' 
[ros2_control_node-1] [INFO] [1776121111.994310796] [resource_manager]: Successful 'configure' of hardware 'KortexMultiInterfaceHardware'
[ros2_control_node-1] [INFO] [1776121111.994384128] [resource_manager]: 'activate' hardware 'KortexMultiInterfaceHardware' 
[ros2_control_node-1] [INFO] [1776121111.994411411] [KortexMultiInterfaceHardware]: Activating KortexMultiInterfaceHardware...
[ros2_control_node-1] [INFO] [1776121112.001385285] [KortexMultiInterfaceHardware]: Gripper initial position is '0.873365'.
[ros2_control_node-1] [INFO] [1776121112.006378226] [KortexMultiInterfaceHardware]: KortexMultiInterfaceHardware successfully activated!
[ros2_control_node-1] [INFO] [1776121112.006425157] [resource_manager]: Successful 'activate' of hardware 'KortexMultiInterfaceHardware'
[ros2_control_node-1] [INFO] [1776121112.006703412] [controller_manager]: Registering statistics for : KortexMultiInterfaceHardware
[ros2_control_node-1] [INFO] [1776121112.006882976] [controller_manager]: Resource Manager has been successfully initialized. Starting Controller Manager services...
[ros2_control_node-1] [INFO] [1776121112.040701551] [controller_manager]: Loading controller : 'joint_state_broadcaster' of type 'joint_state_broadcaster/JointStateBroadcaster'
[ros2_control_node-1] [INFO] [1776121112.040753402] [controller_manager]: Loading controller 'joint_state_broadcaster'
[ros2_control_node-1] [INFO] [1776121112.073921001] [controller_manager]: Controller 'joint_state_broadcaster' node arguments: --ros-args --params-file /home/carrt-cse-project/workspace/ros2_kortex_ws/install/adl_tasks/share/adl_tasks/config/ros2_controllers_vbox.yaml --params-file /tmp/launch_params_bl83xgc5 
[scene_static-7] [INFO] [1776121112.115036410] [scene_static_node]: Static Scene Node started.
[scene_static-7] [INFO] [1776121112.115756003] [scene_static_node]: WHEELCHAIR_BASE_HEIGHT = 0.36195m  |  Table surface at z = 0.088m | Table center at x = 0.681m | include_wheelchair_wall=True | include_left_desk_wall=True
[spawner-4] [INFO] [1776121112.129148277] [spawner_joint_state_broadcaster]: Loaded joint_state_broadcaster
[ros2_control_node-1] [INFO] [1776121112.135403728] [controller_manager]: Configuring controller: 'joint_state_broadcaster'
[ros2_control_node-1] [INFO] [1776121112.135688660] [joint_state_broadcaster]: 'joints' or 'interfaces' parameter is empty. All available state interfaces will be published
[ros2_control_node-1] [INFO] [1776121112.191046741] [controller_manager]: Activating controllers: [ joint_state_broadcaster ]
[ros2_control_node-1] [INFO] [1776121112.204745813] [controller_manager]: Successfully switched controllers!
[spawner-4] [INFO] [1776121112.225490119] [spawner_joint_state_broadcaster]: Configured and activated joint_state_broadcaster
[pick_dropped_bottle-12] [INFO] [1776121112.231733736] [pick_dropped_bottle_node]: PickDroppedBottle starting...
[adl_ui-15] [INFO] [1776121112.373312750] [adl_ui_node]: ADL UI Node started.
[adl_ui-15] [INFO] [1776121112.374068580] [adl_ui_node]: Automatic retract on UI load is disabled; startup sends no motion.
[adl_ui-15] [INFO] [1776121112.375670492] [adl_ui_node]: Web UI available at http://localhost:5000
[adl_ui-15]  * Serving Flask app 'adl_tasks.adl_ui'
[adl_ui-15]  * Debug mode: off
[pick_dropped_bottle-12] [INFO] [1776121112.406840916] [pick_dropped_bottle_node]: MoveItHelper initialized. joint_state_topic=/joint_states_sanitized (sanitized_expected=True) real_hardware_mode=True short_cartesian_mode=planned
[adl_ui-15] WARNING: This is a development server. Do not use it in a production deployment. Use a production WSGI server instead.
[adl_ui-15]  * Running on all addresses (0.0.0.0)
[adl_ui-15]  * Running on http://127.0.0.1:5000
[adl_ui-15]  * Running on http://192.168.0.231:5000
[adl_ui-15] Press CTRL+C to quit
[pick_dropped_bottle-12] [INFO] [1776121112.450269478] [pick_dropped_bottle_node]: Vision Client initialized, waiting for service...
[adl_ui-15] 127.0.0.1 - - [13/Apr/2026 18:58:32] "GET /status_json HTTP/1.1" 200 -
[give_medication-14] [INFO] [1776121112.499459999] [give_medication_node]: give_medication starting...
[wrist_camera_usb_publisher-8] [INFO] [1776121112.532602096] [wrist_camera_usb_publisher_node]: USB camera publisher: trying camera source index 2.
[wrist_camera_usb_publisher-8] [INFO] [1776121112.546292274] [wrist_camera_usb_publisher_node]: USB camera publisher: opened camera source index 2.
[wrist_camera_usb_publisher-8] [INFO] [1776121112.547544977] [wrist_camera_usb_publisher_node]: Wrist Camera USB Publisher started.
[wrist_camera_usb_publisher-8] [INFO] [1776121112.549784340] [wrist_camera_usb_publisher_node]: Publishing USB camera frames on /wrist_mounted_camera/image with frame_id=wrist_mounted_camera_color_optical_frame.
[wrist_camera_usb_publisher-8] [INFO] [1776121112.552834858] [wrist_camera_usb_publisher_node]: Publishing camera info on /wrist_mounted_camera/camera_info from reference intrinsics [554.25, 554.25, 320.0, 240.0] @ 640x480.
[wrist_camera_usb_publisher-8] [INFO] [1776121112.554196396] [wrist_camera_usb_publisher_node]: Using explicit camera_matrix for CameraInfo. matrix_size=1280x720, K=[920.874267578125, 0.0, 644.7646484375, 0.0, 921.5654907226562, 343.1528625488281, 0.0, 0.0, 1.0], d=[0.0, 0.0, 0.0, 0.0, 0.0]
[INFO] [spawner-4]: process has finished cleanly [pid 33572]
[wrist_camera_usb_publisher-8] [INFO] [1776121112.558495017] [wrist_camera_usb_publisher_node]: Requested source=2 size=1280x720 fps=10.0
[give_medication-14] [INFO] [1776121112.652404181] [give_medication_node]: MoveItHelper initialized. joint_state_topic=/joint_states_sanitized (sanitized_expected=True) real_hardware_mode=True short_cartesian_mode=planned
[give_medication-14] [INFO] [1776121112.671646008] [give_medication_node]: Vision Client initialized, waiting for service...
[scene_from_vision-10] [INFO] [1776121112.776526957] [scene_from_vision_node]: Scene From Vision Node Started
[vision_apriltag-9] [INFO] [1776121112.834656245] [vision_apriltag_node]: Vision AprilTag Node Started
[vision_apriltag-9] [INFO] [1776121112.837402576] [vision_apriltag_node]: Subscribing to camera topic: /wrist_mounted_camera/image
[vision_apriltag-9] [INFO] [1776121112.840728871] [vision_apriltag_node]: Subscribing to camera info topic: /wrist_mounted_camera/camera_info
[vision_apriltag-9] [INFO] [1776121112.844527741] [vision_apriltag_node]: Camera frame: wrist_mounted_camera_color_optical_frame | use_image_header_frame=True
[vision_apriltag-9] [INFO] [1776121112.847630406] [vision_apriltag_node]: Tag size: 0.025m | pose_cache_retention_s=20.0 | get_pose_wait_timeout_s=5.0 | max_returned_pose_age_s=20.0 | camera_params=[554.25, 554.25, 320.0, 240.0] | families=tag36h11 | quad_decimate=1.0 | requested_backend=opencv | backend=cv2.aruco | opencv_pose_solver=ippe_square | use_image_timestamp_for_tf=False
[vision_apriltag-9] [INFO] [1776121112.850391486] [vision_apriltag_node]: Top-tag known-plane projection: enabled=True, planes={3: 0.10995, 4: 0.15155}
[vision_apriltag-9] [INFO] [1776121112.853418461] [vision_apriltag_node]: pupil_apriltags tuning: nthreads=1, quad_sigma=0.0, refine_edges=1, decode_sharpening=0.25, debug=0, preprocess_variants=['raw', 'clahe', 'adaptive', 'clahe_sharp', 'clahe_up2', 'sharp_up2'], tile_search_if_empty=True, tile_search_grid=3x2, tile_search_scale=2.0, tile_search_overlap=0.25
[vision_apriltag-9] [WARN] [1776121112.857084953] [vision_apriltag_node]: pupil_apriltags is not importable by this node, so detection is using OpenCV fallback only. python=/usr/bin/python3, import_error=No module named 'pupil_apriltags'. If .venv contains pupil_apriltags, rebuild adl_tasks with that venv active or run the module with the venv Python.
[scene_from_vision-10] [INFO] [1776121112.859496859] [scene_from_vision_node]: SceneFromVision: Updating planning scene. Tracking 5 object shape(s). memory_mode=True, scan_duration_s=5.0, scan_min_samples=3, scan_target_samples=8, scan_extend_step_s=1.5, scan_max_extensions=2, scan_prune_unseen_objects=False, continuous_scene_updates=False, latch_first_detection_updates=True, log_object_pose_debug=False, apply_planning_scene_service_updates=True, publish_monitored_planning_scene_updates=True, side_viewpoint=wrist_mounted_camera_color_optical_frame->base_link, reject_table_objects_outside_bounds=False.
[scene_from_vision-10] [INFO] [1776121112.861454894] [scene_from_vision_node]: SceneFromVision calibration: xy_offset=(0.000, 0.020), z_offset=0.000, yaw_deg=0.00, xy_scale=1.0000, clamp_table_objects_to_table_bounds=False, table_bounds_margin_m=0.030.
[scene_from_vision-10] [INFO] [1776121112.863871021] [scene_from_vision_node]: SceneFromVision object offsets: remote_axis=y, remote_tag_to_center_sign=-1.0, remote_tag_from_end_m=0.020, remote_world_offset=(-0.063, 0.000), remote_yaw_offset_deg=0.0, cube_tag_to_center=(0.000, 0.000), cube_world_offset=(0.000, 0.000), cube_yaw_offset_deg=0.0, medication_face_to_center_m=0.030, cup_face_to_center_m=0.037.
[vision_apriltag-9] [INFO] [1776121112.868082807] [vision_apriltag_node]: Publishing AprilTag debug images on /vision_apriltag/debug_image at up to 1.0 Hz.
[clear_table-13] [INFO] [1776121112.902598617] [clear_table_node]: Clear Table Node Started
[give_medication-14] [INFO] [1776121112.922830778] [give_medication_node]: Vision service is ready.
[give_medication-14] [INFO] [1776121112.939489528] [give_medication_node]: give_medication ready.
[clear_table-13] [INFO] [1776121112.994204013] [clear_table_node]: MoveItHelper initialized. joint_state_topic=/joint_states_sanitized (sanitized_expected=True) real_hardware_mode=True short_cartesian_mode=planned
[clear_table-13] [INFO] [1776121113.003611581] [clear_table_node]: Vision Client initialized, waiting for service...
[clear_table-13] [INFO] [1776121113.004658625] [clear_table_node]: Vision service is ready.
[clear_table-13] [INFO] [1776121113.013029732] [clear_table_node]: Clear Table Node ready. Waiting for command.
[clear_table-13] [INFO] [1776121113.013677876] [clear_table_node]: Startup motion disabled at node load; motion begins only after clear_table command.
[INFO] [spawner-16]: process started with pid [33818]
[INFO] [spawner-17]: process started with pid [33819]
[INFO] [spawner-18]: process started with pid [33820]
[INFO] [spawner-19]: process started with pid [33821]
[adl_ui-15] 127.0.0.1 - - [13/Apr/2026 18:58:33] "GET /status_json HTTP/1.1" 200 -
[wrist_camera_usb_publisher-8] [INFO] [1776121113.200133090] [wrist_camera_usb_publisher_node]: USB camera info active intrinsics: size=1280x720, fx=920.87, fy=921.57, cx=644.76, cy=343.15, d=array('d', [0.0, 0.0, 0.0, 0.0, 0.0])
[wrist_camera_usb_publisher-8] [INFO] [1776121113.201864307] [wrist_camera_usb_publisher_node]: USB camera publisher heartbeat: publishing 1280x720 frames on /wrist_mounted_camera/image; camera_info fx=920.87, fy=921.57, cx=644.76, cy=343.15.
[adl_controller-11] [INFO] [1776121113.325741042] [adl_controller_node]: MoveItHelper initialized. joint_state_topic=/joint_states_sanitized (sanitized_expected=True) real_hardware_mode=True short_cartesian_mode=planned
[adl_controller-11] [INFO] [1776121113.349154722] [adl_controller_node]: ADL controller ready. Waiting for UI/system commands.
[spawner-18] [INFO] [1776121113.645508120] [spawner_robotiq_gripper_controller]: waiting for service /controller_manager/list_controllers to become available...
[adl_ui-15] 127.0.0.1 - - [13/Apr/2026 18:58:33] "GET /status_json HTTP/1.1" 200 -
[scene_static-7] [WARN] [1776121114.447957906] [scene_static_node]: Planning scene service not available, waiting...
[pick_dropped_bottle-12] [INFO] [1776121114.455533598] [pick_dropped_bottle_node]: Vision service is not available, waiting...
[ros2_control_node-1] [INFO] [1776121114.479435725] [controller_manager]: Loading controller : 'robotiq_gripper_controller' of type 'position_controllers/GripperActionController'
[ros2_control_node-1] [INFO] [1776121114.479476055] [controller_manager]: Loading controller 'robotiq_gripper_controller'
[ros2_control_node-1] [INFO] [1776121114.482776810] [controller_manager]: Controller 'robotiq_gripper_controller' node arguments: --ros-args --params-file /home/carrt-cse-project/workspace/ros2_kortex_ws/install/adl_tasks/share/adl_tasks/config/ros2_controllers_vbox.yaml --params-file /tmp/launch_params_bl83xgc5 
[ros2_control_node-1] [WARN] [1776121114.504712996] [robotiq_gripper_controller]: [Deprecated]: the `position_controllers/GripperActionController` and `effort_controllers::GripperActionController` controllers are replaced by 'parallel_gripper_controllers/GripperActionController' controller
[spawner-18] [INFO] [1776121114.525030849] [spawner_robotiq_gripper_controller]: Loaded robotiq_gripper_controller
[ros2_control_node-1] [INFO] [1776121114.607193325] [controller_manager]: Configuring controller: 'robotiq_gripper_controller'
[ros2_control_node-1] [INFO] [1776121114.607336304] [robotiq_gripper_controller]: Action status changes will be monitored at 20.000000 Hz.
[ros2_control_node-1] [INFO] [1776121114.625260097] [controller_manager]: Activating controllers: [ robotiq_gripper_controller ]
[adl_ui-15] 127.0.0.1 - - [13/Apr/2026 18:58:34] "GET /status_json HTTP/1.1" 200 -
[vision_apriltag-9] [WARN] [1776121114.776602265] [vision_apriltag_node]: Vision AprilTag: no images received yet on /wrist_mounted_camera/image.
[ros2_control_node-1] [INFO] [1776121114.852771531] [controller_manager]: Successfully switched controllers!
[spawner-18] [INFO] [1776121114.865334901] [spawner_robotiq_gripper_controller]: Configured and activated robotiq_gripper_controller
[spawner-17] [INFO] [1776121114.986875601] [spawner_twist_controller]: waiting for service /controller_manager/list_controllers to become available...
[INFO] [spawner-18]: process has finished cleanly [pid 33820]
[ros2_control_node-1] [INFO] [1776121115.239378918] [controller_manager]: Loading controller : 'twist_controller' of type 'picknik_twist_controller/PicknikTwistController'
[ros2_control_node-1] [INFO] [1776121115.239415085] [controller_manager]: Loading controller 'twist_controller'
[ros2_control_node-1] [INFO] [1776121115.242216284] [controller_manager]: Controller 'twist_controller' node arguments: --ros-args --params-file /home/carrt-cse-project/workspace/ros2_kortex_ws/install/adl_tasks/share/adl_tasks/config/ros2_controllers_vbox.yaml --params-file /tmp/launch_params_bl83xgc5 
[spawner-17] [INFO] [1776121115.285356640] [spawner_twist_controller]: Loaded twist_controller
[ros2_control_node-1] [INFO] [1776121115.286706164] [controller_manager]: Configuring controller: 'twist_controller'
[ros2_control_node-1] [INFO] [1776121115.288719139] [twist_controller]: configure successful
[spawner-16] [INFO] [1776121115.435223368] [spawner_joint_trajectory_controller]: waiting for service /controller_manager/list_controllers to become available...
[adl_ui-15] 127.0.0.1 - - [13/Apr/2026 18:58:35] "GET /status_json HTTP/1.1" 200 -
[INFO] [spawner-17]: process has finished cleanly [pid 33819]
[vision_apriltag-9] [INFO] [1776121115.841123739] [vision_apriltag_node]: Vision AprilTag camera model updated from CameraInfo: size=1280x720, fx=920.87, fy=921.57, cx=644.76, cy=343.15, d=[0.0, 0.0, 0.0, 0.0, 0.0]
[pick_dropped_bottle-12] [INFO] [1776121115.957087467] [pick_dropped_bottle_node]: Vision service is ready.
[pick_dropped_bottle-12] [INFO] [1776121115.968091158] [pick_dropped_bottle_node]: PickDroppedBottle ready. Waiting for command.
[pick_dropped_bottle-12] [INFO] [1776121115.968720951] [pick_dropped_bottle_node]: Startup motion disabled at node load; motion begins only after pick_dropped_bottle command.
[adl_ui-15] 127.0.0.1 - - [13/Apr/2026 18:58:36] "GET /status_json HTTP/1.1" 200 -
[vision_apriltag-9] [INFO] [1776121116.268670253] [vision_apriltag_node]: Vision AprilTag detection debug: no tags found after raw/CLAHE/sharp/adaptive/upscaled/tiled passes.
[scene_static-7] [WARN] [1776121116.450086594] [scene_static_node]: Planning scene service not available, waiting...
[adl_ui-15] 127.0.0.1 - - [13/Apr/2026 18:58:36] "GET /status_json HTTP/1.1" 200 -
[vision_apriltag-9] [INFO] [1776121116.984558640] [vision_apriltag_node]: Vision AprilTag: images are arriving on /wrist_mounted_camera/image, but no AprilTags have been detected yet.
[ros2_control_node-1] [INFO] [1776121117.698151312] [controller_manager]: Loading controller : 'joint_trajectory_controller' of type 'joint_trajectory_controller/JointTrajectoryController'
[ros2_control_node-1] [INFO] [1776121117.698662841] [controller_manager]: Loading controller 'joint_trajectory_controller'
[ros2_control_node-1] [INFO] [1776121117.704811141] [controller_manager]: Controller 'joint_trajectory_controller' node arguments: --ros-args --params-file /home/carrt-cse-project/workspace/ros2_kortex_ws/install/adl_tasks/share/adl_tasks/config/ros2_controllers_vbox.yaml --params-file /tmp/launch_params_bl83xgc5 
[adl_ui-15] 127.0.0.1 - - [13/Apr/2026 18:58:37] "GET /status_json HTTP/1.1" 200 -
[spawner-16] [INFO] [1776121117.808138583] [spawner_joint_trajectory_controller]: Loaded joint_trajectory_controller
[ros2_control_node-1] [INFO] [1776121117.813270102] [controller_manager]: Configuring controller: 'joint_trajectory_controller'
[ros2_control_node-1] [INFO] [1776121117.814065410] [joint_trajectory_controller]: No specific joint names are used for command interfaces. Using 'joints' parameter.
[ros2_control_node-1] [INFO] [1776121117.815429484] [joint_trajectory_controller]: Command interfaces are [position] and state interfaces are [position velocity].
[ros2_control_node-1] [INFO] [1776121117.815725070] [joint_trajectory_controller]: Using 'splines' interpolation method.
[ros2_control_node-1] [INFO] [1776121117.823727475] [joint_trajectory_controller]: Action status changes will be monitored at 10.00 Hz.
[ros2_control_node-1] [INFO] [1776121117.869962344] [controller_manager]: Activating controllers: [ joint_trajectory_controller ]
[ros2_control_node-1] [INFO] [1776121118.096525712] [controller_manager]: Successfully switched controllers!
[spawner-16] [INFO] [1776121118.109390934] [spawner_joint_trajectory_controller]: Configured and activated joint_trajectory_controller
[spawner-19] [INFO] [1776121118.279091050] [spawner_fault_controller]: waiting for service /controller_manager/list_controllers to become available...
[INFO] [spawner-16]: process has finished cleanly [pid 33818]
[wrist_camera_usb_publisher-8] [INFO] [1776121118.342599320] [wrist_camera_usb_publisher_node]: USB camera publisher heartbeat: publishing 1280x720 frames on /wrist_mounted_camera/image; camera_info fx=920.87, fy=921.57, cx=644.76, cy=343.15.
[adl_ui-15] 127.0.0.1 - - [13/Apr/2026 18:58:38] "GET /status_json HTTP/1.1" 200 -
[scene_static-7] [WARN] [1776121118.455555846] [scene_static_node]: Planning scene service not available, waiting...
[vision_apriltag-9] [INFO] [1776121118.775970452] [vision_apriltag_node]: Vision AprilTag: images are arriving on /wrist_mounted_camera/image, but no AprilTags have been detected yet.
[adl_ui-15] 127.0.0.1 - - [13/Apr/2026 18:58:39] "GET /status_json HTTP/1.1" 200 -
[adl_ui-15] 127.0.0.1 - - [13/Apr/2026 18:58:39] "GET /status_json HTTP/1.1" 200 -
[INFO] [move_group-20]: process started with pid [33928]
[INFO] [rviz2-21]: process started with pid [33929]
[move_group-20] [INFO] [1776121120.228754952] [move_group.moveit.moveit.ros.rdf_loader]: Loaded robot model in 0.00879894 seconds
[move_group-20] [INFO] [1776121120.229498565] [move_group.moveit.moveit.core.robot_model]: Loading robot model 'gen3'...
[move_group-20] [INFO] [1776121120.229909731] [move_group.moveit.moveit.core.robot_model]: No root/virtual joint specified in SRDF. Assuming fixed joint
[move_group-20] [INFO] [1776121120.421297388] [move_group.moveit.moveit.kinematics.kdl_kinematics_plugin]: Joint weights for group 'manipulator': 1 1 1 1 1 1 1
[scene_static-7] [WARN] [1776121120.461272386] [scene_static_node]: Planning scene service not available, waiting...
[ros2_control_node-1] [INFO] [1776121120.547694387] [controller_manager]: Loading controller : 'fault_controller' of type 'picknik_reset_fault_controller/PicknikResetFaultController'
[ros2_control_node-1] [INFO] [1776121120.547749161] [controller_manager]: Loading controller 'fault_controller'
[ros2_control_node-1] [INFO] [1776121120.553852398] [controller_manager]: Controller 'fault_controller' node arguments: --ros-args --params-file /home/carrt-cse-project/workspace/ros2_kortex_ws/install/adl_tasks/share/adl_tasks/config/ros2_controllers_vbox.yaml --params-file /tmp/launch_params_bl83xgc5 
[rviz2-21] [INFO] [1776121120.605129390] [rviz2]: Stereo is NOT SUPPORTED
[rviz2-21] [INFO] [1776121120.605221980] [rviz2]: OpenGl version: 4.6 (GLSL 4.6)
[rviz2-21] [INFO] [1776121120.637420412] [rviz2]: Stereo is NOT SUPPORTED
[spawner-19] [INFO] [1776121120.646989666] [spawner_fault_controller]: Loaded fault_controller
[ros2_control_node-1] [INFO] [1776121120.655672971] [controller_manager]: Configuring controller: 'fault_controller'
[adl_ui-15] 127.0.0.1 - - [13/Apr/2026 18:58:40] "GET /status_json HTTP/1.1" 200 -
[ros2_control_node-1] [INFO] [1776121120.763814718] [controller_manager]: Activating controllers: [ fault_controller ]
[vision_apriltag-9] [INFO] [1776121120.776844407] [vision_apriltag_node]: Vision AprilTag: images are arriving on /wrist_mounted_camera/image, but no AprilTags have been detected yet.
[move_group-20] [INFO] [1776121120.859451627] [move_group.moveit.moveit.ros.planning_scene_monitor]: Publishing maintained planning scene on 'monitored_planning_scene'
[move_group-20] [INFO] [1776121120.860649968] [move_group.moveit.moveit.ros.moveit_cpp]: Listening to 'joint_states' for joint states
[move_group-20] [INFO] [1776121120.862619514] [move_group.moveit.moveit.ros.current_state_monitor]: Listening to joint states on topic 'joint_states'
[move_group-20] [INFO] [1776121120.864486851] [move_group.moveit.moveit.ros.planning_scene_monitor]: Listening to '/attached_collision_object' for attached collision objects
[move_group-20] [INFO] [1776121120.864529267] [move_group.moveit.moveit.ros.planning_scene_monitor]: Stopping existing planning scene publisher.
[move_group-20] [INFO] [1776121120.865460498] [move_group.moveit.moveit.ros.planning_scene_monitor]: Stopped publishing maintained planning scene.
[move_group-20] [INFO] [1776121120.867863343] [move_group.moveit.moveit.ros.planning_scene_monitor]: Publishing maintained planning scene on 'monitored_planning_scene'
[move_group-20] [INFO] [1776121120.867984184] [move_group.moveit.moveit.ros.planning_scene_monitor]: Starting planning scene monitor
[move_group-20] [INFO] [1776121120.870945746] [move_group.moveit.moveit.ros.planning_scene_monitor]: Listening to '/planning_scene'
[move_group-20] [INFO] [1776121120.870980684] [move_group.moveit.moveit.ros.planning_scene_monitor]: Starting world geometry update monitor for collision objects, attached objects, octomap updates.
[move_group-20] [INFO] [1776121120.872520282] [move_group.moveit.moveit.ros.planning_scene_monitor]: Listening to 'collision_object'
[move_group-20] [INFO] [1776121120.873714338] [move_group.moveit.moveit.ros.planning_scene_monitor]: Listening to 'planning_scene_world' for planning scene world geometry
[rviz2-21] Warning: class_loader.impl: SEVERE WARNING!!! A namespace collision has occurred with plugin factory for class rviz_default_plugins::displays::InteractiveMarkerDisplay. New factory will OVERWRITE existing one. This situation occurs when libraries containing plugins are directly linked against an executable (the one running right now generating this message). Please separate plugins out into their own library or just don't link against the library and use either class_loader::ClassLoader/MultiLibraryClassLoader to open.
[rviz2-21]          at line 321 in /opt/ros/jazzy/include/class_loader/class_loader/class_loader_core.hpp
[move_group-20] [WARN] [1776121120.876024083] [move_group.moveit.moveit.ros.occupancy_map_monitor]: Resolution not specified for Octomap. Assuming resolution = 0.1 instead
[move_group-20] [ERROR] [1776121120.876064162] [move_group.moveit.moveit.ros.occupancy_map_monitor]: No 3D sensor plugin(s) defined for octomap updates
[rviz2-21] [WARN] [1776121120.876207298] [rcl.logging_rosout]: Publisher already registered for node name: 'rviz2_moveit'. If this is due to multiple nodes with the same name then all logs for the logger named 'rviz2_moveit' will go out over the existing publisher. As soon as any node with that name is destructed it will unregister the publisher, preventing any further logs for that name from being published on the rosout topic.
[ros2_control_node-1] [INFO] [1776121120.989556516] [controller_manager]: Successfully switched controllers!
[spawner-19] [INFO] [1776121121.005789699] [spawner_fault_controller]: Configured and activated fault_controller
[INFO] [spawner-19]: process has finished cleanly [pid 33821]
[vision_apriltag-9] [INFO] [1776121121.369249253] [vision_apriltag_node]: Vision AprilTag detection debug: no tags found after raw/CLAHE/sharp/adaptive/upscaled/tiled passes.
[adl_ui-15] 127.0.0.1 - - [13/Apr/2026 18:58:41] "GET /status_json HTTP/1.1" 200 -
[move_group-20] [INFO] [1776121121.761351797] [move_group.moveit.moveit.ros.planning_pipeline]: Successfully loaded planner 'OMPL'
[move_group-20] [INFO] [1776121121.767404948] [move_group]: Try loading adapter 'default_planning_request_adapters/ResolveConstraintFrames'
[move_group-20] [INFO] [1776121121.769101242] [move_group]: Loaded adapter 'default_planning_request_adapters/ResolveConstraintFrames'
[move_group-20] [INFO] [1776121121.769123992] [move_group]: Try loading adapter 'default_planning_request_adapters/ValidateWorkspaceBounds'
[move_group-20] [INFO] [1776121121.769330434] [move_group]: Loaded adapter 'default_planning_request_adapters/ValidateWorkspaceBounds'
[move_group-20] [INFO] [1776121121.769340502] [move_group]: Try loading adapter 'default_planning_request_adapters/CheckStartStateBounds'
[move_group-20] [INFO] [1776121121.769362771] [move_group]: Loaded adapter 'default_planning_request_adapters/CheckStartStateBounds'
[move_group-20] [INFO] [1776121121.769368842] [move_group]: Try loading adapter 'default_planning_request_adapters/CheckStartStateCollision'
[move_group-20] [INFO] [1776121121.769380717] [move_group]: Loaded adapter 'default_planning_request_adapters/CheckStartStateCollision'
[move_group-20] [INFO] [1776121121.775129910] [move_group]: Try loading adapter 'default_planning_response_adapters/AddTimeOptimalParameterization'
[move_group-20] [INFO] [1776121121.779791108] [move_group]: Loaded adapter 'default_planning_response_adapters/AddTimeOptimalParameterization'
[move_group-20] [INFO] [1776121121.779819993] [move_group]: Try loading adapter 'default_planning_response_adapters/ValidateSolution'
[move_group-20] [INFO] [1776121121.783448423] [move_group]: Loaded adapter 'default_planning_response_adapters/ValidateSolution'
[move_group-20] [INFO] [1776121121.783497653] [move_group]: Try loading adapter 'default_planning_response_adapters/DisplayMotionPath'
[move_group-20] [INFO] [1776121121.785420085] [move_group]: Loaded adapter 'default_planning_response_adapters/DisplayMotionPath'
[move_group-20] [INFO] [1776121121.848465125] [move_group.moveit.moveit.plugins.simple_controller_manager]: Added FollowJointTrajectory controller for joint_trajectory_controller
[move_group-20] [INFO] [1776121121.848533993] [move_group.moveit.moveit.plugins.simple_controller_manager]: robotiq_gripper_controller will command a max effort of: 0
[move_group-20] [INFO] [1776121121.854844185] [move_group.moveit.moveit.plugins.simple_controller_manager]: Added GripperCommand controller for robotiq_gripper_controller
[move_group-20] [INFO] [1776121121.855421892] [move_group.moveit.moveit.plugins.simple_controller_manager]: Returned 2 controllers in list
[move_group-20] [INFO] [1776121121.855509427] [move_group.moveit.moveit.plugins.simple_controller_manager]: Returned 2 controllers in list
[move_group-20] [INFO] [1776121121.856845349] [move_group.moveit.moveit.ros.trajectory_execution_manager]: Trajectory execution is managing controllers
[move_group-20] [INFO] [1776121121.856887541] [move_group]: MoveGroup debug mode is ON
[move_group-20] [INFO] [1776121121.913492568] [move_group.moveit.moveit.ros.move_group.executable]: 
[move_group-20] 
[move_group-20] ********************************************************
[move_group-20] * MoveGroup using: 
[move_group-20] *     - apply_planning_scene_service
[move_group-20] *     - clear_octomap_service
[move_group-20] *     - get_group_urdf
[move_group-20] *     - load_geometry_from_file
[move_group-20] *     - CartesianPathService
[move_group-20] *     - execute_trajectory_action
[move_group-20] *     - get_planning_scene_service
[move_group-20] *     - kinematics_service
[move_group-20] *     - move_action
[move_group-20] *     - motion_plan_service
[move_group-20] *     - query_planners_service
[move_group-20] *     - state_validation_service
[move_group-20] *     - save_geometry_to_file
[move_group-20] ********************************************************
[move_group-20] 
[move_group-20] [INFO] [1776121121.913577635] [move_group.moveit.moveit.ros.move_group.context]: MoveGroup context using pipeline ompl
[move_group-20] [INFO] [1776121121.913595877] [move_group.moveit.moveit.ros.move_group.context]: MoveGroup context initialization complete
[move_group-20] [96mLoading 'move_group/ApplyPlanningSceneService'...[0m
[move_group-20] [96mLoading 'move_group/ClearOctomapService'...[0m
[move_group-20] [96mLoading 'move_group/GetUrdfService'...[0m
[move_group-20] [96mLoading 'move_group/LoadGeometryFromFileService'...[0m
[move_group-20] [96mLoading 'move_group/MoveGroupCartesianPathService'...[0m
[move_group-20] [96mLoading 'move_group/MoveGroupExecuteTrajectoryAction'...[0m
[move_group-20] [96mLoading 'move_group/MoveGroupGetPlanningSceneService'...[0m
[move_group-20] [96mLoading 'move_group/MoveGroupKinematicsService'...[0m
[move_group-20] [96mLoading 'move_group/MoveGroupMoveAction'...[0m
[move_group-20] [96mLoading 'move_group/MoveGroupPlanService'...[0m
[move_group-20] [96mLoading 'move_group/MoveGroupQueryPlannersService'...[0m
[move_group-20] [96mLoading 'move_group/MoveGroupStateValidationService'...[0m
[move_group-20] [96mLoading 'move_group/SaveGeometryToFileService'...[0m
[move_group-20] 
[move_group-20] [92mYou can start planning now![0m
[move_group-20] 
[scene_static-7] [INFO] [1776121121.968942428] [scene_static_node]: Planning scene service available. Building static scene...
[scene_static-7] [INFO] [1776121121.976946308] [scene_static_node]: Static scene built: 15 objects added to MoveIt planning scene.
[adl_ui-15] 127.0.0.1 - - [13/Apr/2026 18:58:42] "GET /status_json HTTP/1.1" 200 -
[vision_apriltag-9] [INFO] [1776121122.779995245] [vision_apriltag_node]: Vision AprilTag: images are arriving on /wrist_mounted_camera/image, but no AprilTags have been detected yet.
[adl_ui-15] 127.0.0.1 - - [13/Apr/2026 18:58:42] "GET /status_json HTTP/1.1" 200 -
[wrist_camera_usb_publisher-8] [INFO] [1776121123.342908324] [wrist_camera_usb_publisher_node]: USB camera publisher heartbeat: publishing 1280x720 frames on /wrist_mounted_camera/image; camera_info fx=920.87, fy=921.57, cx=644.76, cy=343.15.
[ros2_control_node-1] [INFO] [1776121123.347131506] [controller_manager]: Received robot description from topic.
[ros2_control_node-1] [WARN] [1776121123.348245329] [controller_manager]: ResourceManager has already loaded a urdf. Ignoring attempt to reload a robot description.
[adl_ui-15] 127.0.0.1 - - [13/Apr/2026 18:58:43] "GET /status_json HTTP/1.1" 200 -
[rviz2-21] [ERROR] [1776121123.976353237] [rviz2_moveit.moveit.ros.motion_planning_frame]: Action server: /recognize_objects not available
[rviz2-21] [INFO] [1776121124.030193573] [rviz2_moveit.moveit.ros.motion_planning_frame]: MoveGroup namespace changed: / -> . Reloading params.
[rviz2-21] [INFO] [1776121124.123027474] [rviz2_moveit.moveit.ros.rdf_loader]: Loaded robot model in 0.0134584 seconds
[rviz2-21] [INFO] [1776121124.123114949] [rviz2_moveit.moveit.core.robot_model]: Loading robot model 'gen3'...
[rviz2-21] [INFO] [1776121124.123155839] [rviz2_moveit.moveit.core.robot_model]: No root/virtual joint specified in SRDF. Assuming fixed joint
[rviz2-21] [INFO] [1776121124.332492503] [rviz2_moveit.moveit.kinematics.kdl_kinematics_plugin]: Joint weights for group 'manipulator': 1 1 1 1 1 1 1
[adl_ui-15] 127.0.0.1 - - [13/Apr/2026 18:58:44] "GET /status_json HTTP/1.1" 200 -
[rviz2-21] [INFO] [1776121124.722891561] [rviz2_moveit.moveit.ros.planning_scene_monitor]: Starting planning scene monitor
[rviz2-21] [INFO] [1776121124.724247314] [rviz2_moveit.moveit.ros.planning_scene_monitor]: Listening to '/monitored_planning_scene'
[vision_apriltag-9] [INFO] [1776121124.776379163] [vision_apriltag_node]: Vision AprilTag: images are arriving on /wrist_mounted_camera/image, but no AprilTags have been detected yet.
[rviz2-21] [INFO] [1776121125.044187062] [interactive_marker_display_95561223323600]: Connected on namespace: /rviz_moveit_motion_planning_display/robot_interaction_interactive_marker_topic
[rviz2-21] [INFO] [1776121125.052790317] [rviz2_moveit.moveit.ros.robot_interaction]: No active joints or end effectors found for group 'gripper'. Make sure that kinematics.yaml is loaded in this node's namespace.
[rviz2-21] [INFO] [1776121125.053489619] [rviz2_moveit.moveit.ros.robot_interaction]: No active joints or end effectors found for group 'gripper'. Make sure that kinematics.yaml is loaded in this node's namespace.
[rviz2-21] [INFO] [1776121125.060971276] [rviz2_moveit.moveit.ros.motion_planning_frame]: group gripper
[rviz2-21] [INFO] [1776121125.061031885] [rviz2_moveit.moveit.ros.motion_planning_frame]: Constructing new MoveGroup connection for group 'gripper' in namespace ''
[rviz2-21] [INFO] [1776121125.075840169] [interactive_marker_display_95561223323600]: Sending request for interactive markers
[rviz2-21] [INFO] [1776121125.098628746] [rviz2_moveit.moveit.ros.move_group_interface]: Ready to take commands for planning group gripper.
[rviz2-21] [INFO] [1776121125.101132413] [rviz2_moveit.moveit.ros.motion_planning_frame]: group gripper
[rviz2-21] [INFO] [1776121125.108956709] [interactive_marker_display_95561223323600]: Service response received for initialization
[adl_ui-15] 127.0.0.1 - - [13/Apr/2026 18:58:45] "GET /status_json HTTP/1.1" 200 -
[adl_ui-15] 127.0.0.1 - - [13/Apr/2026 18:58:45] "GET /status_json HTTP/1.1" 200 -
[vision_apriltag-9] [INFO] [1776121126.452712563] [vision_apriltag_node]: Vision AprilTag detection debug: no tags found after raw/CLAHE/sharp/adaptive/upscaled/tiled passes.
[adl_ui-15] 127.0.0.1 - - [13/Apr/2026 18:58:46] "GET /status_json HTTP/1.1" 200 -
[vision_apriltag-9] [INFO] [1776121126.777282601] [vision_apriltag_node]: Vision AprilTag: images are arriving on /wrist_mounted_camera/image, but no AprilTags have been detected yet.
[adl_ui-15] 127.0.0.1 - - [13/Apr/2026 18:58:47] "GET /status_json HTTP/1.1" 200 -
[adl_ui-15] 127.0.0.1 - - [13/Apr/2026 18:58:48] "GET /status_json HTTP/1.1" 200 -
[wrist_camera_usb_publisher-8] [INFO] [1776121128.498181917] [wrist_camera_usb_publisher_node]: USB camera publisher heartbeat: publishing 1280x720 frames on /wrist_mounted_camera/image; camera_info fx=920.87, fy=921.57, cx=644.76, cy=343.15.
[adl_ui-15] 127.0.0.1 - - [13/Apr/2026 18:58:48] "GET /status_json HTTP/1.1" 200 -
[vision_apriltag-9] [INFO] [1776121129.093747588] [vision_apriltag_node]: Vision AprilTag: images are arriving on /wrist_mounted_camera/image, but no AprilTags have been detected yet.
[adl_ui-15] 127.0.0.1 - - [13/Apr/2026 18:58:49] "GET /status_json HTTP/1.1" 200 -
[adl_ui-15] [INFO] [1776121129.994073944] [adl_ui_node]: UI command published: clear_table
[clear_table-13] [INFO] [1776121129.998907959] [clear_table_node]: Received clear_table command. Starting task execution.
[clear_table-13] [INFO] [1776121130.007000411] [clear_table_node]: Starting Clear Table Task...
[scene_from_vision-10] [INFO] [1776121130.011385447] [scene_from_vision_node]: Scene memory cleared. Removed remembered IDs: []
[adl_ui-15] 127.0.0.1 - - [13/Apr/2026 18:58:50] "POST /command HTTP/1.1" 200 -
[clear_table-13] [INFO] [1776121130.062427559] [clear_table_node]: Scene memory cleared. Removed remembered IDs: []
[clear_table-13] [INFO] [1776121130.067437601] [clear_table_node]: Scene LOCKED.
[scene_from_vision-10] [INFO] [1776121130.068113131] [scene_from_vision_node]: Scene LOCKED - updates paused.
[adl_ui-15] 127.0.0.1 - - [13/Apr/2026 18:58:50] "GET /status_json HTTP/1.1" 200 -
[clear_table-13] [INFO] [1776121130.218275844] [clear_table_node]: Moving to perform the initial scene scan for clear table task...
[clear_table-13] [INFO] [1776121130.219304285] [clear_table_node]: is_near_look_at_table: current arm is not at target (worst=joint_4:0.473 rad > 0.080).
[clear_table-13] [INFO] [1776121130.220088720] [clear_table_node]: look_at_table: staging through a safer entry joint pose before the final scan posture.
[clear_table-13] [INFO] [1776121130.220871049] [clear_table_node]: look_at_table entry: current arm is not at target (worst=joint_4:0.212 rad > 0.080).
[clear_table-13] [INFO] [1776121130.221743190] [clear_table_node]: look_at_table entry: moving with deterministic fixed joint pose.
[clear_table-13] [INFO] [1776121130.240069829] [clear_table_node]: _send_direct_joint_trajectory: sending fixed joint posture directly to /joint_trajectory_controller/follow_joint_trajectory over 3.80s.
[ros2_control_node-1] [INFO] [1776121130.241667185] [joint_trajectory_controller]: Received new action goal
[ros2_control_node-1] [INFO] [1776121130.241815821] [joint_trajectory_controller]: Accepted new action goal
[ros2_control_node-1] [ERROR] [1776121130.764365808] [KortexMultiInterfaceHardware]: Kortex exception: Device error, Error sub type=WRONG_SERVOING_MODE => <srv: 3, fct: 1, msgType: 3>
[ros2_control_node-1] description: Wrong servoing mode, must be low level servoing mode
[ros2_control_node-1] [ERROR] [1776121130.764406795] [KortexMultiInterfaceHardware]: Error sub-code: WRONG_SERVOING_MODE
[ros2_control_node-1] [WARN] [1776121130.764453604] [controller_manager]: Overrun might occur, Total time : 81360.966 us (Expected < 20000.000 us) --> Read time : 53.767 us, Update time : 268.234 us, Write time : 81038.965 us
[ros2_control_node-1] [WARN] [1776121130.764499246] [controller_manager]: Overrun detected! The controller manager missed its desired rate of 50 Hz. The loop took 81.453734 ms (missed cycles : 5).
[vision_apriltag-9] [INFO] [1776121130.776018356] [vision_apriltag_node]: Vision AprilTag: scene is locked; detection publishing is paused.
[adl_ui-15] 127.0.0.1 - - [13/Apr/2026 18:58:50] "GET /status_json HTTP/1.1" 200 -
[adl_ui-15] 127.0.0.1 - - [13/Apr/2026 18:58:51] "GET /status_json HTTP/1.1" 200 -
[adl_ui-15] 127.0.0.1 - - [13/Apr/2026 18:58:52] "GET /status_json HTTP/1.1" 200 -
[vision_apriltag-9] [INFO] [1776121132.775206636] [vision_apriltag_node]: Vision AprilTag: scene is locked; detection publishing is paused.
[ros2_control_node-1] [ERROR] [1776121132.803255543] [tolerances]: State tolerances failed for joint 3:
[ros2_control_node-1] [ERROR] [1776121132.803292401] [tolerances]: Position Error: 0.150937, Position Tolerance: 0.150000
[ros2_control_node-1] [WARN] [1776121132.803421480] [joint_trajectory_controller]: Aborted due to state tolerance violation
[clear_table-13] [WARN] [1776121132.851558042] [clear_table_node]: _send_direct_joint_trajectory: controller returned error -4 (Aborted due to path tolerance violation); falling back to MoveIt.
[clear_table-13] [WARN] [1776121132.860704063] [clear_table_node]: _go_to_joint_config: direct fixed-joint trajectory did not complete cleanly; retrying the posture through MoveIt.
[move_group-20] [ERROR] [1776121132.861844253] [move_group.moveit.moveit.core.conversions]: Found empty JointState message
[INFO] [launch.user]: [arm_start.launch] move_group reported an empty JointState while sanitizer mode is active. Keeping the launch alive, but this still indicates a planning-state problem. move_group output: [ERROR] [1776121132.861844253] [move_group.moveit.moveit.core.conversions]: Found empty JointState message
[clear_table-13] [INFO] [1776121132.865365275] [clear_table_node]: Start state: collision-valid — no collisions (not a joint-bounds check).
[move_group-20] [INFO] [1776121132.867582703] [move_group.moveit.moveit.ros.move_group.move_action]: MoveGroupMoveAction: Received request
[move_group-20] [INFO] [1776121132.869062742] [move_group.moveit.moveit.ros.move_group.move_action]: executing..
[move_group-20] [INFO] [1776121132.871751424] [move_group.moveit.moveit.ros.move_group.move_action]: Combined planning and execution request received for MoveGroup action. Forwarding to planning and execution pipeline.
[move_group-20] [WARN] [1776121132.871810362] [move_group.moveit.moveit.ros.move_group.capability]: Execution of motions should always start at the robot's current state. Ignoring the state supplied as start state in the motion planning request
[move_group-20] [WARN] [1776121132.871834761] [move_group.moveit.moveit.ros.move_group.capability]: Execution of motions should always start at the robot's current state. Ignoring the state supplied as difference in the planning scene diff
[move_group-20] [INFO] [1776121132.871853426] [move_group.moveit.moveit.ros.plan_execution]: Planning attempt 1 of at most 1
[move_group-20] [INFO] [1776121132.872786733] [move_group]: Calling PlanningRequestAdapter 'ResolveConstraintFrames'
[move_group-20] [INFO] [1776121132.872855677] [move_group]: Calling PlanningRequestAdapter 'ValidateWorkspaceBounds'
[move_group-20] [INFO] [1776121132.872874352] [move_group]: Calling PlanningRequestAdapter 'CheckStartStateBounds'
[move_group-20] [INFO] [1776121132.872913852] [move_group]: Calling PlanningRequestAdapter 'CheckStartStateCollision'
[move_group-20] [INFO] [1776121132.876598491] [move_group.moveit.moveit.planners.ompl.model_based_planning_context]: Planner configuration 'manipulator' will use planner 'geometric::RRTConnect'. Additional configuration parameters will be set when the planner is constructed.
[move_group-20] [INFO] [1776121132.876864488] [move_group]: Calling Planner 'OMPL'
[move_group-20] [INFO] [1776121132.901899955] [move_group]: Calling PlanningResponseAdapter 'AddTimeOptimalParameterization'
[move_group-20] [INFO] [1776121132.903772397] [move_group]: Calling PlanningResponseAdapter 'ValidateSolution'
[move_group-20] [INFO] [1776121132.904721561] [move_group]: Calling PlanningResponseAdapter 'DisplayMotionPath'
[move_group-20] [WARN] [1776121132.904863056] [move_group.moveit.moveit.ros.planning_pipeline]: The planner plugin did not fill out the 'planner_id' field of the MotionPlanResponse. Setting it to the planner ID name of the MotionPlanRequest assuming that the planner plugin does warn you if it does not use the requested planner.
[move_group-20] [INFO] [1776121132.905065056] [move_group.moveit.moveit.plugins.simple_controller_manager]: Returned 2 controllers in list
[move_group-20] [INFO] [1776121132.905096610] [move_group.moveit.moveit.plugins.simple_controller_manager]: Returned 2 controllers in list
[move_group-20] [INFO] [1776121132.905174775] [move_group.moveit.moveit.ros.trajectory_execution_manager]: Validating trajectory with allowed_start_tolerance 0.01
[move_group-20] [INFO] [1776121132.911919322] [move_group.moveit.moveit.ros.trajectory_execution_manager]: Starting trajectory execution ...
[move_group-20] [INFO] [1776121132.911993974] [move_group.moveit.moveit.plugins.simple_controller_manager]: Returned 2 controllers in list
[move_group-20] [INFO] [1776121132.912028901] [move_group.moveit.moveit.plugins.simple_controller_manager]: Returned 2 controllers in list
[move_group-20] [INFO] [1776121132.912317239] [moveit.simple_controller_manager.follow_joint_trajectory_controller_handle]: sending trajectory to joint_trajectory_controller
[ros2_control_node-1] [INFO] [1776121132.912929954] [joint_trajectory_controller]: Received new action goal
[ros2_control_node-1] [INFO] [1776121132.912989158] [joint_trajectory_controller]: Accepted new action goal
[move_group-20] [INFO] [1776121132.913214451] [moveit.simple_controller_manager.follow_joint_trajectory_controller_handle]: joint_trajectory_controller started execution
[move_group-20] [INFO] [1776121132.913422358] [moveit.simple_controller_manager.follow_joint_trajectory_controller_handle]: Goal request accepted!
[adl_ui-15] 127.0.0.1 - - [13/Apr/2026 18:58:53] "GET /status_json HTTP/1.1" 200 -
[wrist_camera_usb_publisher-8] [INFO] [1776121133.657879993] [wrist_camera_usb_publisher_node]: USB camera publisher heartbeat: publishing 1280x720 frames on /wrist_mounted_camera/image; camera_info fx=920.87, fy=921.57, cx=644.76, cy=343.15.
[adl_ui-15] 127.0.0.1 - - [13/Apr/2026 18:58:53] "GET /status_json HTTP/1.1" 200 -
[ros2_control_node-1] [ERROR] [1776121134.383217185] [tolerances]: State tolerances failed for joint 3:
[ros2_control_node-1] [ERROR] [1776121134.383259230] [tolerances]: Position Error: 0.150993, Position Tolerance: 0.150000
[ros2_control_node-1] [WARN] [1776121134.383314016] [joint_trajectory_controller]: Aborted due to state tolerance violation
[move_group-20] [WARN] [1776121134.413896929] [moveit.simple_controller_manager.follow_joint_trajectory_controller_handle]: Controller 'joint_trajectory_controller' failed with error PATH_TOLERANCE_VIOLATED: Aborted due to path tolerance violation
[move_group-20] [WARN] [1776121134.413942721] [move_group.moveit.moveit.ros.trajectory_execution_manager]: Controller handle joint_trajectory_controller reports status ABORTED
[move_group-20] [INFO] [1776121134.413971578] [move_group.moveit.moveit.ros.trajectory_execution_manager]: Completed trajectory execution with status ABORTED ...
[move_group-20] [INFO] [1776121134.422096807] [move_group.moveit.moveit.ros.move_group.move_action]: CONTROL_FAILED
[clear_table-13] [ERROR] [1776121134.427158061] [clear_table_node]: MoveGroup execution failed.
[clear_table-13]   error_code.val = -4
[clear_table-13]   group_name      = manipulator
[clear_table-13]   num_attempts    = 10
[clear_table-13]   allowed_time    = 18.0
[clear_table-13]   vel_scale       = 0.08
[clear_table-13]   accel_scale     = 0.06
[clear_table-13] If this persists, check move_group / controller logs for the meaning of this code (often control abort, invalid start state, or planning pipeline failure).
[clear_table-13] [WARN] [1776121134.428086106] [clear_table_node]: _recover_after_failure(): MoveGroup error_code=-4
[adl_ui-15] 127.0.0.1 - - [13/Apr/2026 18:58:54] "GET /status_json HTTP/1.1" 200 -
[vision_apriltag-9] [INFO] [1776121134.775979892] [vision_apriltag_node]: Vision AprilTag: scene is locked; detection publishing is paused.
[adl_ui-15] 127.0.0.1 - - [13/Apr/2026 18:58:55] "GET /status_json HTTP/1.1" 200 -
[clear_table-13] [WARN] [1776121135.635402290] [clear_table_node]: Initial scene scan move failed. Retrying look_at_table (2/3) after short settle.
[clear_table-13] [INFO] [1776121136.069527214] [clear_table_node]: is_near_look_at_table: current arm is not at target (worst=joint_4:0.464 rad > 0.080).
[clear_table-13] [INFO] [1776121136.070093966] [clear_table_node]: look_at_table: staging through a safer entry joint pose before the final scan posture.
[clear_table-13] [INFO] [1776121136.070864904] [clear_table_node]: look_at_table entry: current arm is not at target (worst=joint_4:0.203 rad > 0.080).
[clear_table-13] [INFO] [1776121136.071483097] [clear_table_node]: look_at_table entry: moving with deterministic fixed joint pose.
[clear_table-13] [INFO] [1776121136.073240539] [clear_table_node]: _send_direct_joint_trajectory: sending fixed joint posture directly to /joint_trajectory_controller/follow_joint_trajectory over 3.75s.
[ros2_control_node-1] [INFO] [1776121136.074456018] [joint_trajectory_controller]: Received new action goal
[ros2_control_node-1] [INFO] [1776121136.074544846] [joint_trajectory_controller]: Accepted new action goal
[adl_ui-15] 127.0.0.1 - - [13/Apr/2026 18:58:56] "GET /status_json HTTP/1.1" 200 -
[vision_apriltag-9] [INFO] [1776121136.775803470] [vision_apriltag_node]: Vision AprilTag: scene is locked; detection publishing is paused.
[adl_ui-15] 127.0.0.1 - - [13/Apr/2026 18:58:56] "GET /status_json HTTP/1.1" 200 -
[adl_ui-15] 127.0.0.1 - - [13/Apr/2026 18:58:57] "GET /status_json HTTP/1.1" 200 -
[adl_ui-15] 127.0.0.1 - - [13/Apr/2026 18:58:58] "GET /status_json HTTP/1.1" 200 -
[ros2_control_node-1] [ERROR] [1776121138.583206326] [tolerances]: State tolerances failed for joint 3:
[ros2_control_node-1] [ERROR] [1776121138.583254674] [tolerances]: Position Error: 0.150940, Position Tolerance: 0.150000
[ros2_control_node-1] [WARN] [1776121138.583309389] [joint_trajectory_controller]: Aborted due to state tolerance violation
[clear_table-13] [WARN] [1776121138.679504318] [clear_table_node]: _send_direct_joint_trajectory: controller returned error -4 (Aborted due to path tolerance violation); falling back to MoveIt.
[clear_table-13] [WARN] [1776121138.680387373] [clear_table_node]: _go_to_joint_config: direct fixed-joint trajectory did not complete cleanly; retrying the posture through MoveIt.
[move_group-20] [ERROR] [1776121138.681215560] [move_group.moveit.moveit.core.conversions]: Found empty JointState message
[clear_table-13] [INFO] [1776121138.683422431] [clear_table_node]: Start state: collision-valid — no collisions (not a joint-bounds check).
[move_group-20] [INFO] [1776121138.684566448] [move_group.moveit.moveit.ros.move_group.move_action]: MoveGroupMoveAction: Received request
[move_group-20] [INFO] [1776121138.684769838] [move_group.moveit.moveit.ros.move_group.move_action]: executing..
[move_group-20] [INFO] [1776121138.695304548] [move_group.moveit.moveit.ros.move_group.move_action]: Combined planning and execution request received for MoveGroup action. Forwarding to planning and execution pipeline.
[move_group-20] [WARN] [1776121138.695367853] [move_group.moveit.moveit.ros.move_group.capability]: Execution of motions should always start at the robot's current state. Ignoring the state supplied as start state in the motion planning request
[move_group-20] [WARN] [1776121138.695393443] [move_group.moveit.moveit.ros.move_group.capability]: Execution of motions should always start at the robot's current state. Ignoring the state supplied as difference in the planning scene diff
[move_group-20] [INFO] [1776121138.695407120] [move_group.moveit.moveit.ros.plan_execution]: Planning attempt 1 of at most 1
[move_group-20] [INFO] [1776121138.695673372] [move_group]: Calling PlanningRequestAdapter 'ResolveConstraintFrames'
[move_group-20] [INFO] [1776121138.695713882] [move_group]: Calling PlanningRequestAdapter 'ValidateWorkspaceBounds'
[move_group-20] [INFO] [1776121138.695735664] [move_group]: Calling PlanningRequestAdapter 'CheckStartStateBounds'
[move_group-20] [INFO] [1776121138.695767867] [move_group]: Calling PlanningRequestAdapter 'CheckStartStateCollision'
[move_group-20] [INFO] [1776121138.696212515] [move_group.moveit.moveit.planners.ompl.model_based_planning_context]: Planner configuration 'manipulator' will use planner 'geometric::RRTConnect'. Additional configuration parameters will be set when the planner is constructed.
[move_group-20] [INFO] [1776121138.696312629] [move_group]: Calling Planner 'OMPL'
[move_group-20] [INFO] [1776121138.717040862] [move_group]: Calling PlanningResponseAdapter 'AddTimeOptimalParameterization'
[move_group-20] [INFO] [1776121138.718440581] [move_group]: Calling PlanningResponseAdapter 'ValidateSolution'
[move_group-20] [INFO] [1776121138.719404294] [move_group]: Calling PlanningResponseAdapter 'DisplayMotionPath'
[move_group-20] [WARN] [1776121138.719564957] [move_group.moveit.moveit.ros.planning_pipeline]: The planner plugin did not fill out the 'planner_id' field of the MotionPlanResponse. Setting it to the planner ID name of the MotionPlanRequest assuming that the planner plugin does warn you if it does not use the requested planner.
[move_group-20] [INFO] [1776121138.720763168] [move_group.moveit.moveit.plugins.simple_controller_manager]: Returned 2 controllers in list
[move_group-20] [INFO] [1776121138.720842937] [move_group.moveit.moveit.plugins.simple_controller_manager]: Returned 2 controllers in list
[move_group-20] [INFO] [1776121138.720947050] [move_group.moveit.moveit.ros.trajectory_execution_manager]: Validating trajectory with allowed_start_tolerance 0.01
[move_group-20] [INFO] [1776121138.731830681] [move_group.moveit.moveit.ros.trajectory_execution_manager]: Starting trajectory execution ...
[move_group-20] [INFO] [1776121138.731898972] [move_group.moveit.moveit.plugins.simple_controller_manager]: Returned 2 controllers in list
[move_group-20] [INFO] [1776121138.731934605] [move_group.moveit.moveit.plugins.simple_controller_manager]: Returned 2 controllers in list
[move_group-20] [INFO] [1776121138.732117798] [moveit.simple_controller_manager.follow_joint_trajectory_controller_handle]: sending trajectory to joint_trajectory_controller
[ros2_control_node-1] [INFO] [1776121138.732486995] [joint_trajectory_controller]: Received new action goal
[ros2_control_node-1] [INFO] [1776121138.732541860] [joint_trajectory_controller]: Accepted new action goal
[move_group-20] [INFO] [1776121138.733330054] [moveit.simple_controller_manager.follow_joint_trajectory_controller_handle]: joint_trajectory_controller started execution
[move_group-20] [INFO] [1776121138.733349222] [moveit.simple_controller_manager.follow_joint_trajectory_controller_handle]: Goal request accepted!
[vision_apriltag-9] [INFO] [1776121138.775525853] [vision_apriltag_node]: Vision AprilTag: scene is locked; detection publishing is paused.
[wrist_camera_usb_publisher-8] [INFO] [1776121138.820145374] [wrist_camera_usb_publisher_node]: USB camera publisher heartbeat: publishing 1280x720 frames on /wrist_mounted_camera/image; camera_info fx=920.87, fy=921.57, cx=644.76, cy=343.15.
[adl_ui-15] 127.0.0.1 - - [13/Apr/2026 18:58:59] "GET /status_json HTTP/1.1" 200 -
[adl_ui-15] 127.0.0.1 - - [13/Apr/2026 18:58:59] "GET /status_json HTTP/1.1" 200 -
[ros2_control_node-1] [ERROR] [1776121140.203216990] [tolerances]: State tolerances failed for joint 3:
[ros2_control_node-1] [ERROR] [1776121140.203292527] [tolerances]: Position Error: 0.150993, Position Tolerance: 0.150000
[ros2_control_node-1] [WARN] [1776121140.203357956] [joint_trajectory_controller]: Aborted due to state tolerance violation
[move_group-20] [WARN] [1776121140.233292705] [moveit.simple_controller_manager.follow_joint_trajectory_controller_handle]: Controller 'joint_trajectory_controller' failed with error PATH_TOLERANCE_VIOLATED: Aborted due to path tolerance violation
[move_group-20] [WARN] [1776121140.233336070] [move_group.moveit.moveit.ros.trajectory_execution_manager]: Controller handle joint_trajectory_controller reports status ABORTED
[move_group-20] [INFO] [1776121140.233364991] [move_group.moveit.moveit.ros.trajectory_execution_manager]: Completed trajectory execution with status ABORTED ...
[move_group-20] [INFO] [1776121140.241937575] [move_group.moveit.moveit.ros.move_group.move_action]: CONTROL_FAILED
[clear_table-13] [ERROR] [1776121140.246972183] [clear_table_node]: MoveGroup execution failed.
[clear_table-13]   error_code.val = -4
[clear_table-13]   group_name      = manipulator
[clear_table-13]   num_attempts    = 10
[clear_table-13]   allowed_time    = 18.0
[clear_table-13]   vel_scale       = 0.08
[clear_table-13]   accel_scale     = 0.06
[clear_table-13] If this persists, check move_group / controller logs for the meaning of this code (often control abort, invalid start state, or planning pipeline failure).
[clear_table-13] [WARN] [1776121140.247512076] [clear_table_node]: _recover_after_failure(): MoveGroup error_code=-4
