
===== 2026-04-08T19:08:01-04:00 | T4_apriltag_vision =====
cwd=/home/carrt-cse-project/workspace/ros2_kortex_ws
cmd=ros2 run adl_tasks vision_apriltag --ros-args -p detector_backend:=opencv -p opencv_pose_solver:=ippe_square -p tag_size_m:=0.025 -p tag_sizes_m_by_id:=0:0.020 -p use_tuned_aruco_parameters:=false -p preprocess_variants:=raw\,clahe\,adaptive\,clahe_sharp\,clahe_up2\,sharp_up2\,clahe_up3\,sharp_up3 -p tile_search_if_empty:=true -p tile_search_grid_x:=4 -p tile_search_grid_y:=3 -p tile_search_scale:=3.0 

[INFO] [1775689683.428457498] [vision_apriltag_node]: Vision AprilTag Node Started
[INFO] [1775689683.429926650] [vision_apriltag_node]: Subscribing to camera topic: /wrist_mounted_camera/image
[INFO] [1775689683.431259610] [vision_apriltag_node]: Subscribing to camera info topic: /wrist_mounted_camera/camera_info
[INFO] [1775689683.433072252] [vision_apriltag_node]: Camera frame: wrist_mounted_camera_color_optical_frame | use_image_header_frame=True
[INFO] [1775689683.434555086] [vision_apriltag_node]: Tag size: 0.025m | pose_cache_retention_s=20.0 | get_pose_wait_timeout_s=5.0 | max_returned_pose_age_s=20.0 | camera_params=[554.25, 554.25, 320.0, 240.0] | families=tag36h11 | quad_decimate=1.0 | requested_backend=opencv | backend=cv2.aruco | opencv_pose_solver=ippe_square | use_image_timestamp_for_tf=False
[INFO] [1775689683.436091532] [vision_apriltag_node]: Top-tag known-plane projection: enabled=True, planes={3: 0.10995, 4: 0.14505}
[INFO] [1775689683.437629293] [vision_apriltag_node]: Tag-specific size overrides active: {0: 0.02}. These are applied to OpenCV PnP pose estimation.
[INFO] [1775689683.439056893] [vision_apriltag_node]: pupil_apriltags tuning: nthreads=1, quad_sigma=0.0, refine_edges=1, decode_sharpening=0.25, debug=0, preprocess_variants=['raw', 'clahe', 'adaptive', 'clahe_sharp', 'clahe_up2', 'sharp_up2', 'clahe_up3', 'sharp_up3'], tile_search_if_empty=True, tile_search_grid=4x3, tile_search_scale=3.0, tile_search_overlap=0.25
[WARN] [1775689683.441646920] [vision_apriltag_node]: pupil_apriltags is not importable by this node, so detection is using OpenCV fallback only. python=/usr/bin/python3, import_error=No module named 'pupil_apriltags'. If .venv contains pupil_apriltags, rebuild adl_tasks with that venv active or run the module with the venv Python.
[INFO] [1775689683.443957230] [vision_apriltag_node]: Publishing AprilTag debug images on /vision_apriltag/debug_image at up to 1.0 Hz.
[INFO] [1775689683.738786256] [vision_apriltag_node]: Vision AprilTag camera model updated from CameraInfo: size=1280x720, fx=920.87, fy=921.57, cx=644.76, cy=343.15, d=[0.0, 0.0, 0.0, 0.0, 0.0]
[INFO] [1775689684.575644790] [vision_apriltag_node]: Vision AprilTag detection debug: no tags found after raw/CLAHE/sharp/adaptive/upscaled/tiled passes.
[INFO] [1775689684.848632377] [vision_apriltag_node]: Vision AprilTag visible IDs: [3]
[INFO] [1775689689.919290999] [vision_apriltag_node]: Vision AprilTag detection debug: 3:cv2.solvePnP_ippe_square:raw@(747,538)
[INFO] [1775689695.093021934] [vision_apriltag_node]: Vision AprilTag detection debug: no tags found after raw/CLAHE/sharp/adaptive/upscaled/tiled passes.
[INFO] [1775689697.444929360] [vision_apriltag_node]: Service: Tag 3 found and base-frame pose returned.
[INFO] [1775689700.572884480] [vision_apriltag_node]: Vision AprilTag detection debug: 3:cv2.solvePnP_ippe_square:adaptive@(748,537)
[INFO] [1775689705.560103576] [vision_apriltag_node]: Vision AprilTag detection debug: 3:cv2.solvePnP_ippe_square:raw@(747,538)
[INFO] [1775689707.348688403] [vision_apriltag_node]: Service: Tag 3 found and base-frame pose returned.
[INFO] [1775689707.456687637] [vision_apriltag_node]: Service: Tag 3 found and base-frame pose returned.
[INFO] [1775689707.551386122] [vision_apriltag_node]: Service: Tag 3 found and base-frame pose returned.
[INFO] [1775689707.999829807] [vision_apriltag_node]: Service: Tag 3 found and base-frame pose returned.
[INFO] [1775689708.769611429] [vision_apriltag_node]: Service: Tag 3 found and base-frame pose returned.
[INFO] [1775689709.401054157] [vision_apriltag_node]: Service: Tag 3 found and base-frame pose returned.
[INFO] [1775689710.508589543] [vision_apriltag_node]: Service: Tag 3 found and base-frame pose returned.
[INFO] [1775689710.845303669] [vision_apriltag_node]: Vision AprilTag detection debug: no tags found after raw/CLAHE/sharp/adaptive/upscaled/tiled passes.
[INFO] [1775689710.944054435] [vision_apriltag_node]: Service: Tag 3 found and base-frame pose returned.
[INFO] [1775689712.005096466] [vision_apriltag_node]: Service: Tag 3 found and base-frame pose returned.
[INFO] [1775689712.732472711] [vision_apriltag_node]: Service: Tag 3 found and base-frame pose returned.
[INFO] [1775689713.289721462] [vision_apriltag_node]: Service: Tag 3 found and base-frame pose returned.
[INFO] [1775689714.079861385] [vision_apriltag_node]: Service: Tag 3 found and base-frame pose returned.
[INFO] [1775689714.770461149] [vision_apriltag_node]: Service: Tag 3 found and base-frame pose returned.
[INFO] [1775689715.597795556] [vision_apriltag_node]: Service: Tag 3 found and base-frame pose returned.
[INFO] [1775689716.240556209] [vision_apriltag_node]: Vision AprilTag detection debug: 3:cv2.solvePnP_ippe_square:raw@(748,538)
[INFO] [1775689716.249213561] [vision_apriltag_node]: Service: Tag 3 found and base-frame pose returned.
[INFO] [1775689716.578881307] [vision_apriltag_node]: Service: Tag 3 found and base-frame pose returned.
[INFO] [1775689717.497451609] [vision_apriltag_node]: Service: Tag 3 found and base-frame pose returned.
[INFO] [1775689721.537537685] [vision_apriltag_node]: Vision AprilTag detection debug: 3:cv2.solvePnP_ippe_square:clahe_sharp@(748,538)
[INFO] [1775689726.885354558] [vision_apriltag_node]: Vision AprilTag detection debug: no tags found after raw/CLAHE/sharp/adaptive/upscaled/tiled passes.
[WARN] [1775689727.010161915] [vision_apriltag_node]: Tag ID 4 did not produce a fresh base_link pose within 5.0s.
[INFO] [1775689731.936526638] [vision_apriltag_node]: Vision AprilTag detection debug: 3:cv2.solvePnP_ippe_square:raw@(748,538)
[INFO] [1775689737.268167221] [vision_apriltag_node]: Vision AprilTag detection debug: 3:cv2.solvePnP_ippe_square:raw@(747,538)
[INFO] [1775689742.366630033] [vision_apriltag_node]: Vision AprilTag detection debug: 3:cv2.solvePnP_ippe_square:raw@(748,538)
[INFO] [1775689747.934111838] [vision_apriltag_node]: Vision AprilTag detection debug: 3:cv2.solvePnP_ippe_square:raw@(747,538)
[INFO] [1775689753.192565930] [vision_apriltag_node]: Vision AprilTag detection debug: 3:cv2.solvePnP_ippe_square:raw@(747,538)
[INFO] [1775689758.851407814] [vision_apriltag_node]: Vision AprilTag detection debug: 3:cv2.solvePnP_ippe_square:raw@(747,538), 4:cv2.solvePnP_ippe_square:sharp_up2@(689,383)
[INFO] [1775689758.859581292] [vision_apriltag_node]: Vision AprilTag visible IDs: [3, 4]
[INFO] [1775689760.284692127] [vision_apriltag_node]: Service: Tag 4 found and base-frame pose returned.
[INFO] [1775689760.502415326] [vision_apriltag_node]: Vision AprilTag visible IDs: [3]
[INFO] [1775689764.260419989] [vision_apriltag_node]: Vision AprilTag detection debug: 3:cv2.solvePnP_ippe_square:adaptive@(748,537)
[INFO] [1775689769.692165483] [vision_apriltag_node]: Vision AprilTag detection debug: no tags found after raw/CLAHE/sharp/adaptive/upscaled/tiled passes.
[INFO] [1775689774.886736838] [vision_apriltag_node]: Vision AprilTag detection debug: 3:cv2.solvePnP_ippe_square:raw@(748,538)
[INFO] [1775689775.796062140] [vision_apriltag_node]: Service: Tag 3 found and base-frame pose returned.
[INFO] [1775689776.470851399] [vision_apriltag_node]: Service: Tag 4 found and base-frame pose returned.
[INFO] [1775689777.636828291] [vision_apriltag_node]: Vision AprilTag visible IDs: [3, 4]
[INFO] [1775689779.133483279] [vision_apriltag_node]: Vision AprilTag visible IDs: [3]
[INFO] [1775689780.422423188] [vision_apriltag_node]: Vision AprilTag detection debug: no tags found after raw/CLAHE/sharp/adaptive/upscaled/tiled passes.
[INFO] [1775689780.831624698] [vision_apriltag_node]: Vision AprilTag visible IDs: [3, 4]
[INFO] [1775689781.922648305] [vision_apriltag_node]: Vision AprilTag visible IDs: [3]
[INFO] [1775689782.602566788] [vision_apriltag_node]: Vision AprilTag visible IDs: [3, 4]
[INFO] [1775689784.792190427] [vision_apriltag_node]: Vision AprilTag visible IDs: [3]
[INFO] [1775689786.021809281] [vision_apriltag_node]: Vision AprilTag detection debug: 3:cv2.solvePnP_ippe_square:adaptive@(748,537)
[INFO] [1775689786.934129560] [vision_apriltag_node]: Vision AprilTag visible IDs: [3, 4]
[INFO] [1775689787.463567093] [vision_apriltag_node]: Vision AprilTag: scene is locked; detection publishing is paused.
[INFO] [1775689789.382753942] [vision_apriltag_node]: Vision AprilTag: scene is locked; detection publishing is paused.
[INFO] [1775689791.519324011] [vision_apriltag_node]: Vision AprilTag detection debug: 3:cv2.solvePnP_ippe_square:raw@(823,473), 4:cv2.solvePnP_ippe_square:raw@(739,264)
[INFO] [1775689792.180564916] [vision_apriltag_node]: Vision AprilTag visible IDs: [3]
[INFO] [1775689793.384211482] [vision_apriltag_node]: Vision AprilTag: scene is locked; detection publishing is paused.
[INFO] [1775689793.626344688] [vision_apriltag_node]: Vision AprilTag visible IDs: [3, 4]
[INFO] [1775689795.382534136] [vision_apriltag_node]: Vision AprilTag: scene is locked; detection publishing is paused.
[INFO] [1775689797.382981570] [vision_apriltag_node]: Vision AprilTag: scene is locked; detection publishing is paused.
[INFO] [1775689799.382719007] [vision_apriltag_node]: Vision AprilTag: scene is locked; detection publishing is paused.
[INFO] [1775689801.381985591] [vision_apriltag_node]: Vision AprilTag: scene is locked; detection publishing is paused.
[INFO] [1775689803.383029283] [vision_apriltag_node]: Vision AprilTag: scene is locked; detection publishing is paused.
[INFO] [1775689805.382967030] [vision_apriltag_node]: Vision AprilTag: scene is locked; detection publishing is paused.
[INFO] [1775689807.382882200] [vision_apriltag_node]: Vision AprilTag: scene is locked; detection publishing is paused.
[INFO] [1775689809.991555597] [vision_apriltag_node]: Vision AprilTag detection debug: no tags found after raw/CLAHE/sharp/adaptive/upscaled/tiled passes.
[INFO] [1775689810.299308648] [vision_apriltag_node]: Vision AprilTag: images are arriving, but no AprilTag has been seen for 16.6s.
[INFO] [1775689811.383024829] [vision_apriltag_node]: Vision AprilTag: scene is locked; detection publishing is paused.
[INFO] [1775689813.382082631] [vision_apriltag_node]: Vision AprilTag: scene is locked; detection publishing is paused.
[INFO] [1775689814.183406879] [vision_apriltag_node]: Removed stale tag ID 3 from detected tags
[INFO] [1775689814.184126357] [vision_apriltag_node]: Removed stale tag ID 4 from detected tags
[INFO] [1775689814.680145600] [vision_apriltag_node]: Vision AprilTag visible IDs: [3]
[INFO] [1775689815.306849280] [vision_apriltag_node]: Vision AprilTag detection debug: 3:cv2.solvePnP_ippe_square:raw@(742,451)
[INFO] [1775689815.811065673] [vision_apriltag_node]: Vision AprilTag visible IDs: [3, 4]
[INFO] [1775689816.652777676] [vision_apriltag_node]: Vision AprilTag visible IDs: [3]
[INFO] [1775689816.653832096] [vision_apriltag_node]: Service: Tag 3 found and base-frame pose returned.
[INFO] [1775689816.932646314] [vision_apriltag_node]: Vision AprilTag visible IDs: [3, 4]
[INFO] [1775689816.937082247] [vision_apriltag_node]: Service: Tag 3 found and base-frame pose returned.
[INFO] [1775689817.739046516] [vision_apriltag_node]: Service: Tag 4 found and base-frame pose returned.
[INFO] [1775689818.211756373] [vision_apriltag_node]: Vision AprilTag visible IDs: [3]
[INFO] [1775689818.217379577] [vision_apriltag_node]: Service: Tag 4 found and base-frame pose returned.
[INFO] [1775689818.733228187] [vision_apriltag_node]: Service: Tag 3 found and base-frame pose returned.
[INFO] [1775689818.917000994] [vision_apriltag_node]: Vision AprilTag visible IDs: [3, 4]
[INFO] [1775689819.838575716] [vision_apriltag_node]: Vision AprilTag visible IDs: [3]
[INFO] [1775689819.847720902] [vision_apriltag_node]: Service: Tag 3 found and base-frame pose returned.
[INFO] [1775689820.545975583] [vision_apriltag_node]: Vision AprilTag detection debug: 3:cv2.solvePnP_ippe_square:raw@(823,474), 4:cv2.solvePnP_ippe_square:raw@(739,264)
[INFO] [1775689820.554663583] [vision_apriltag_node]: Vision AprilTag visible IDs: [3, 4]
[INFO] [1775689820.560249177] [vision_apriltag_node]: Service: Tag 4 found and base-frame pose returned.
[INFO] [1775689820.571150570] [vision_apriltag_node]: Service: Tag 4 found and base-frame pose returned.
[INFO] [1775689820.580438019] [vision_apriltag_node]: Service: Tag 3 found and base-frame pose returned.
[INFO] [1775689820.586979077] [vision_apriltag_node]: Service: Tag 3 found and base-frame pose returned.
[INFO] [1775689820.592668333] [vision_apriltag_node]: Service: Tag 4 found and base-frame pose returned.
[INFO] [1775689821.382874290] [vision_apriltag_node]: Vision AprilTag: scene is locked; detection publishing is paused.
[INFO] [1775689823.382905520] [vision_apriltag_node]: Vision AprilTag: scene is locked; detection publishing is paused.
[INFO] [1775689825.382174206] [vision_apriltag_node]: Vision AprilTag: scene is locked; detection publishing is paused.
[INFO] [1775689827.382965581] [vision_apriltag_node]: Vision AprilTag: scene is locked; detection publishing is paused.
[INFO] [1775689829.384586321] [vision_apriltag_node]: Vision AprilTag: scene is locked; detection publishing is paused.
[INFO] [1775689831.382502439] [vision_apriltag_node]: Vision AprilTag: scene is locked; detection publishing is paused.
[INFO] [1775689833.382250731] [vision_apriltag_node]: Vision AprilTag: scene is locked; detection publishing is paused.
[INFO] [1775689835.383047918] [vision_apriltag_node]: Vision AprilTag: scene is locked; detection publishing is paused.
[INFO] [1775689837.384435427] [vision_apriltag_node]: Vision AprilTag: scene is locked; detection publishing is paused.
[INFO] [1775689839.383371448] [vision_apriltag_node]: Vision AprilTag: scene is locked; detection publishing is paused.
[INFO] [1775689841.382388710] [vision_apriltag_node]: Vision AprilTag: scene is locked; detection publishing is paused.
[INFO] [1775689843.386034121] [vision_apriltag_node]: Vision AprilTag: scene is locked; detection publishing is paused.
[INFO] [1775689845.388016540] [vision_apriltag_node]: Vision AprilTag: scene is locked; detection publishing is paused.
[INFO] [1775689847.385250180] [vision_apriltag_node]: Vision AprilTag: scene is locked; detection publishing is paused.
[INFO] [1775689849.383019508] [vision_apriltag_node]: Vision AprilTag: scene is locked; detection publishing is paused.
[INFO] [1775689851.382429734] [vision_apriltag_node]: Vision AprilTag: scene is locked; detection publishing is paused.
[INFO] [1775689853.393859490] [vision_apriltag_node]: Vision AprilTag: scene is locked; detection publishing is paused.
[INFO] [1775689855.382829420] [vision_apriltag_node]: Vision AprilTag: scene is locked; detection publishing is paused.
[INFO] [1775689857.382870595] [vision_apriltag_node]: Vision AprilTag: scene is locked; detection publishing is paused.
[INFO] [1775689859.385240147] [vision_apriltag_node]: Vision AprilTag: scene is locked; detection publishing is paused.
[INFO] [1775689861.383342513] [vision_apriltag_node]: Vision AprilTag: scene is locked; detection publishing is paused.
[INFO] [1775689863.383095630] [vision_apriltag_node]: Vision AprilTag: scene is locked; detection publishing is paused.
[INFO] [1775689865.382675210] [vision_apriltag_node]: Vision AprilTag: scene is locked; detection publishing is paused.
[INFO] [1775689867.382711861] [vision_apriltag_node]: Vision AprilTag: scene is locked; detection publishing is paused.
[INFO] [1775689868.586542859] [vision_apriltag_node]: Removed stale tag ID 3 from detected tags
[INFO] [1775689868.587211891] [vision_apriltag_node]: Removed stale tag ID 4 from detected tags
[INFO] [1775689870.928339903] [vision_apriltag_node]: Vision AprilTag detection debug: no tags found after raw/CLAHE/sharp/adaptive/upscaled/tiled passes.
[INFO] [1775689871.323621842] [vision_apriltag_node]: Vision AprilTag: images are arriving, but no AprilTag has been seen for 50.1s.
[INFO] [1775689873.790011126] [vision_apriltag_node]: Vision AprilTag: images are arriving, but no AprilTag has been seen for 52.5s.
[INFO] [1775689875.153050642] [vision_apriltag_node]: Vision AprilTag visible IDs: [4]
[INFO] [1775689876.621056815] [vision_apriltag_node]: Vision AprilTag detection debug: no tags found after raw/CLAHE/sharp/adaptive/upscaled/tiled passes.
[INFO] [1775689877.650500841] [vision_apriltag_node]: Vision AprilTag: images are arriving, but no AprilTag has been seen for 2.5s.
[INFO] [1775689880.337032073] [vision_apriltag_node]: Vision AprilTag: images are arriving, but no AprilTag has been seen for 5.2s.
[INFO] [1775689882.429503826] [vision_apriltag_node]: Vision AprilTag detection debug: no tags found after raw/CLAHE/sharp/adaptive/upscaled/tiled passes.
[INFO] [1775689883.078771188] [vision_apriltag_node]: Vision AprilTag: images are arriving, but no AprilTag has been seen for 7.9s.
[WARN] [1775689886.284111953] [vision_apriltag_node]: Vision AprilTag: last image on /wrist_mounted_camera/image arrived 2.4s ago.
[INFO] [1775689890.009458901] [vision_apriltag_node]: Vision AprilTag detection debug: no tags found after raw/CLAHE/sharp/adaptive/upscaled/tiled passes.
[INFO] [1775689890.183587114] [vision_apriltag_node]: Vision AprilTag: images are arriving, but no AprilTag has been seen for 15.0s.
[INFO] [1775689891.387713677] [vision_apriltag_node]: Vision AprilTag: scene is locked; detection publishing is paused.
[INFO] [1775689893.382884676] [vision_apriltag_node]: Vision AprilTag: scene is locked; detection publishing is paused.
[INFO] [1775689895.382301386] [vision_apriltag_node]: Vision AprilTag: scene is locked; detection publishing is paused.
[INFO] [1775689895.886849054] [vision_apriltag_node]: Removed stale tag ID 4 from detected tags
[INFO] [1775689896.971562550] [vision_apriltag_node]: Vision AprilTag detection debug: 3:cv2.solvePnP_ippe_square:raw@(803,450), 4:cv2.solvePnP_ippe_square:raw@(608,246)
[INFO] [1775689896.984720116] [vision_apriltag_node]: Vision AprilTag visible IDs: [3, 4]
[INFO] [1775689898.233421775] [vision_apriltag_node]: Service: Tag 3 found and base-frame pose returned.
[INFO] [1775689898.247641314] [vision_apriltag_node]: Service: Tag 3 found and base-frame pose returned.
[INFO] [1775689898.434582160] [vision_apriltag_node]: Vision AprilTag visible IDs: [3]
[INFO] [1775689898.762655262] [vision_apriltag_node]: Vision AprilTag visible IDs: [3, 4]
[INFO] [1775689899.383036554] [vision_apriltag_node]: Vision AprilTag: scene is locked; detection publishing is paused.
[INFO] [1775689901.383823162] [vision_apriltag_node]: Vision AprilTag: scene is locked; detection publishing is paused.
[INFO] [1775689903.382614911] [vision_apriltag_node]: Vision AprilTag: scene is locked; detection publishing is paused.
[INFO] [1775689905.383298338] [vision_apriltag_node]: Vision AprilTag: scene is locked; detection publishing is paused.
[INFO] [1775689907.383472778] [vision_apriltag_node]: Vision AprilTag: scene is locked; detection publishing is paused.
[INFO] [1775689909.383767323] [vision_apriltag_node]: Vision AprilTag: scene is locked; detection publishing is paused.
[INFO] [1775689911.382337406] [vision_apriltag_node]: Vision AprilTag: scene is locked; detection publishing is paused.
[INFO] [1775689913.413368928] [vision_apriltag_node]: Vision AprilTag: images are arriving, but no AprilTag has been seen for 14.7s.
[INFO] [1775689915.129652338] [vision_apriltag_node]: Vision AprilTag detection debug: no tags found after raw/CLAHE/sharp/adaptive/upscaled/tiled passes.
[INFO] [1775689915.542026684] [vision_apriltag_node]: Vision AprilTag: scene is locked; detection publishing is paused.
[INFO] [1775689917.382875857] [vision_apriltag_node]: Vision AprilTag: scene is locked; detection publishing is paused.
[INFO] [1775689919.282479030] [vision_apriltag_node]: Removed stale tag ID 3 from detected tags
[INFO] [1775689919.283264476] [vision_apriltag_node]: Removed stale tag ID 4 from detected tags
[INFO] [1775689919.387327173] [vision_apriltag_node]: Vision AprilTag: images are arriving, but no AprilTag has been seen for 20.6s.
[INFO] [1775689920.725518758] [vision_apriltag_node]: Vision AprilTag detection debug: 4:cv2.solvePnP_ippe_square:sharp_up2@(596,291)
[INFO] [1775689920.753447637] [vision_apriltag_node]: Vision AprilTag visible IDs: [4]
[INFO] [1775689920.786941309] [vision_apriltag_node]: Vision AprilTag visible IDs: [3, 4]
[INFO] [1775689922.007298869] [vision_apriltag_node]: Service: Tag 3 found and base-frame pose returned.
[INFO] [1775689922.639277018] [vision_apriltag_node]: Service: Tag 4 found and base-frame pose returned.
[INFO] [1775689923.425093039] [vision_apriltag_node]: Service: Tag 3 found and base-frame pose returned.
[INFO] [1775689923.526965640] [vision_apriltag_node]: Vision AprilTag visible IDs: [3]
[INFO] [1775689923.536762820] [vision_apriltag_node]: Service: Tag 4 found and base-frame pose returned.
[INFO] [1775689923.931378212] [vision_apriltag_node]: Vision AprilTag visible IDs: [3, 4]
[INFO] [1775689923.938583864] [vision_apriltag_node]: Service: Tag 3 found and base-frame pose returned.
[INFO] [1775689925.069547811] [vision_apriltag_node]: Service: Tag 4 found and base-frame pose returned.
[INFO] [1775689925.597516532] [vision_apriltag_node]: Vision AprilTag visible IDs: [4]
[INFO] [1775689925.604177974] [vision_apriltag_node]: Service: Tag 3 found and base-frame pose returned.
[INFO] [1775689925.605087944] [vision_apriltag_node]: Vision AprilTag: scene is locked; detection publishing is paused.
[INFO] [1775689925.618188858] [vision_apriltag_node]: Service: Tag 4 found and base-frame pose returned.
[INFO] [1775689925.626152306] [vision_apriltag_node]: Service: Tag 3 found and base-frame pose returned.
[INFO] [1775689925.635684829] [vision_apriltag_node]: Service: Tag 4 found and base-frame pose returned.
[INFO] [1775689925.681674048] [vision_apriltag_node]: Vision AprilTag visible IDs: [3, 4]
[INFO] [1775689926.080031988] [vision_apriltag_node]: Vision AprilTag detection debug: 3:cv2.solvePnP_ippe_square:raw@(804,447), 4:cv2.solvePnP_ippe_square:raw@(608,243)
[INFO] [1775689927.383778602] [vision_apriltag_node]: Vision AprilTag: scene is locked; detection publishing is paused.
[INFO] [1775689929.382911393] [vision_apriltag_node]: Vision AprilTag: scene is locked; detection publishing is paused.
[INFO] [1775689931.382560941] [vision_apriltag_node]: Vision AprilTag: scene is locked; detection publishing is paused.
[INFO] [1775689933.382972243] [vision_apriltag_node]: Vision AprilTag: scene is locked; detection publishing is paused.
[INFO] [1775689935.382643759] [vision_apriltag_node]: Vision AprilTag: scene is locked; detection publishing is paused.
[INFO] [1775689937.384870766] [vision_apriltag_node]: Vision AprilTag: scene is locked; detection publishing is paused.
[INFO] [1775689939.383182205] [vision_apriltag_node]: Vision AprilTag: scene is locked; detection publishing is paused.
[INFO] [1775689941.382840524] [vision_apriltag_node]: Vision AprilTag: scene is locked; detection publishing is paused.
[INFO] [1775689943.382443941] [vision_apriltag_node]: Vision AprilTag: scene is locked; detection publishing is paused.
[INFO] [1775689945.383010034] [vision_apriltag_node]: Vision AprilTag: scene is locked; detection publishing is paused.
[INFO] [1775689947.388615617] [vision_apriltag_node]: Vision AprilTag: scene is locked; detection publishing is paused.
[INFO] [1775689949.382142473] [vision_apriltag_node]: Vision AprilTag: scene is locked; detection publishing is paused.
[INFO] [1775689951.382214639] [vision_apriltag_node]: Vision AprilTag: scene is locked; detection publishing is paused.
[INFO] [1775689953.383897827] [vision_apriltag_node]: Vision AprilTag: scene is locked; detection publishing is paused.
[INFO] [1775689955.382853409] [vision_apriltag_node]: Vision AprilTag: scene is locked; detection publishing is paused.
[INFO] [1775689957.382148002] [vision_apriltag_node]: Vision AprilTag: scene is locked; detection publishing is paused.
[INFO] [1775689959.382618421] [vision_apriltag_node]: Vision AprilTag: scene is locked; detection publishing is paused.
[INFO] [1775689961.383069901] [vision_apriltag_node]: Vision AprilTag: scene is locked; detection publishing is paused.
[INFO] [1775689963.383961698] [vision_apriltag_node]: Vision AprilTag: scene is locked; detection publishing is paused.
[INFO] [1775689965.382082785] [vision_apriltag_node]: Vision AprilTag: scene is locked; detection publishing is paused.
[INFO] [1775689967.384305542] [vision_apriltag_node]: Vision AprilTag: scene is locked; detection publishing is paused.
[INFO] [1775689969.384047374] [vision_apriltag_node]: Vision AprilTag: scene is locked; detection publishing is paused.
[INFO] [1775689971.289976667] [vision_apriltag_node]: Removed stale tag ID 4 from detected tags
[INFO] [1775689971.290883753] [vision_apriltag_node]: Removed stale tag ID 3 from detected tags
[INFO] [1775689971.383949892] [vision_apriltag_node]: Vision AprilTag: images are arriving, but no AprilTag has been seen for 45.3s.
[INFO] [1775689973.325733521] [vision_apriltag_node]: Vision AprilTag detection debug: no tags found after raw/CLAHE/sharp/adaptive/upscaled/tiled passes.
[INFO] [1775689975.005590717] [vision_apriltag_node]: Vision AprilTag: images are arriving, but no AprilTag has been seen for 48.9s.
[WARN] [1775689976.314154084] [vision_apriltag_node]: Tag ID 3 did not produce a fresh base_link pose within 5.0s.
[INFO] [1775689976.418092160] [vision_apriltag_node]: Vision AprilTag: images are arriving, but no AprilTag has been seen for 50.3s.
[INFO] [1775689979.330064071] [vision_apriltag_node]: Vision AprilTag detection debug: no tags found after raw/CLAHE/sharp/adaptive/upscaled/tiled passes.
[INFO] [1775689979.353497767] [vision_apriltag_node]: Vision AprilTag: images are arriving, but no AprilTag has been seen for 53.2s.
[INFO] [1775689980.636880687] [vision_apriltag_node]: Vision AprilTag: images are arriving, but no AprilTag has been seen for 54.5s.
[INFO] [1775689982.128068567] [vision_apriltag_node]: Vision AprilTag visible IDs: [4]
[INFO] [1775689985.246597746] [vision_apriltag_node]: Vision AprilTag detection debug: no tags found after raw/CLAHE/sharp/adaptive/upscaled/tiled passes.
[INFO] [1775689985.457607826] [vision_apriltag_node]: Vision AprilTag: images are arriving, but no AprilTag has been seen for 3.3s.
[INFO] [1775689989.042110547] [vision_apriltag_node]: Vision AprilTag: images are arriving, but no AprilTag has been seen for 6.9s.
[INFO] [1775689991.467715847] [vision_apriltag_node]: Vision AprilTag detection debug: no tags found after raw/CLAHE/sharp/adaptive/upscaled/tiled passes.
[INFO] [1775689991.830377773] [vision_apriltag_node]: Vision AprilTag: images are arriving, but no AprilTag has been seen for 9.7s.
[INFO] [1775689994.756005340] [vision_apriltag_node]: Vision AprilTag: scene is locked; detection publishing is paused.
[INFO] [1775689995.384125061] [vision_apriltag_node]: Vision AprilTag: scene is locked; detection publishing is paused.
[INFO] [1775689997.382473416] [vision_apriltag_node]: Vision AprilTag: scene is locked; detection publishing is paused.
[INFO] [1775689998.995974447] [vision_apriltag_node]: Vision AprilTag detection debug: 4:cv2.solvePnP_ippe_square:raw@(368,418)
[INFO] [1775689999.990649693] [vision_apriltag_node]: Vision AprilTag visible IDs: [3, 4]
[INFO] [1775690000.200118307] [vision_apriltag_node]: Vision AprilTag visible IDs: [4]
[INFO] [1775690000.870868745] [vision_apriltag_node]: Vision AprilTag visible IDs: [3, 4]
[INFO] [1775690001.383769333] [vision_apriltag_node]: Vision AprilTag: scene is locked; detection publishing is paused.
[INFO] [1775690003.382783574] [vision_apriltag_node]: Vision AprilTag: scene is locked; detection publishing is paused.
[INFO] [1775690005.383106884] [vision_apriltag_node]: Vision AprilTag: scene is locked; detection publishing is paused.
[INFO] [1775690007.382799020] [vision_apriltag_node]: Vision AprilTag: scene is locked; detection publishing is paused.
[INFO] [1775690009.382781549] [vision_apriltag_node]: Vision AprilTag: scene is locked; detection publishing is paused.
[INFO] [1775690011.383725139] [vision_apriltag_node]: Vision AprilTag: scene is locked; detection publishing is paused.
[INFO] [1775690013.383334171] [vision_apriltag_node]: Vision AprilTag: scene is locked; detection publishing is paused.
[INFO] [1775690015.294049673] [vision_apriltag_node]: Service: Tag 3 found and base-frame pose returned.
[INFO] [1775690015.389023437] [vision_apriltag_node]: Vision AprilTag: images are arriving, but no AprilTag has been seen for 14.5s.
[INFO] [1775690017.458781658] [vision_apriltag_node]: Vision AprilTag detection debug: no tags found after raw/CLAHE/sharp/adaptive/upscaled/tiled passes.
[INFO] [1775690017.662759329] [vision_apriltag_node]: Service: Tag 3 found and base-frame pose returned.
[INFO] [1775690017.664624942] [vision_apriltag_node]: Vision AprilTag: scene is locked; detection publishing is paused.
[INFO] [1775690019.383667092] [vision_apriltag_node]: Vision AprilTag: scene is locked; detection publishing is paused.
[INFO] [1775690021.382737367] [vision_apriltag_node]: Vision AprilTag: scene is locked; detection publishing is paused.
[INFO] [1775690021.582274009] [vision_apriltag_node]: Removed stale tag ID 4 from detected tags
[INFO] [1775690021.584355689] [vision_apriltag_node]: Removed stale tag ID 3 from detected tags
[INFO] [1775690023.185543239] [vision_apriltag_node]: Vision AprilTag detection debug: 3:cv2.solvePnP_ippe_square:raw@(723,446), 4:cv2.solvePnP_ippe_square:raw@(284,426)
[INFO] [1775690023.197720630] [vision_apriltag_node]: Vision AprilTag visible IDs: [3, 4]
[INFO] [1775690024.105769563] [vision_apriltag_node]: Service: Tag 3 found and base-frame pose returned.
[INFO] [1775690024.490509101] [vision_apriltag_node]: Vision AprilTag visible IDs: [4]
[INFO] [1775690024.810639382] [vision_apriltag_node]: Service: Tag 4 found and base-frame pose returned.
[INFO] [1775690025.670607772] [vision_apriltag_node]: Vision AprilTag visible IDs: [3, 4]
[INFO] [1775690026.519127238] [vision_apriltag_node]: Service: Tag 3 found and base-frame pose returned.
[INFO] [1775690026.653357794] [vision_apriltag_node]: Service: Tag 4 found and base-frame pose returned.
[INFO] [1775690028.018912683] [vision_apriltag_node]: Vision AprilTag visible IDs: [4]
[INFO] [1775690028.020077373] [vision_apriltag_node]: Service: Tag 3 found and base-frame pose returned.
[INFO] [1775690028.095042418] [vision_apriltag_node]: Vision AprilTag visible IDs: [3, 4]
[INFO] [1775690029.017916488] [vision_apriltag_node]: Vision AprilTag detection debug: 4:cv2.solvePnP_ippe_square:raw@(368,418)
[INFO] [1775690029.035490216] [vision_apriltag_node]: Vision AprilTag visible IDs: [4]
[INFO] [1775690029.039329990] [vision_apriltag_node]: Service: Tag 4 found and base-frame pose returned.
[INFO] [1775690029.775600781] [vision_apriltag_node]: Vision AprilTag visible IDs: [3, 4]
[INFO] [1775690029.785664419] [vision_apriltag_node]: Service: Tag 3 found and base-frame pose returned.
[INFO] [1775690031.045631523] [vision_apriltag_node]: Service: Tag 4 found and base-frame pose returned.
[INFO] [1775690032.133968665] [vision_apriltag_node]: Vision AprilTag visible IDs: [3]
[INFO] [1775690032.373248794] [vision_apriltag_node]: Service: Tag 3 found and base-frame pose returned.
[INFO] [1775690035.021521073] [vision_apriltag_node]: Vision AprilTag detection debug: no tags found after raw/CLAHE/sharp/adaptive/upscaled/tiled passes.
[INFO] [1775690035.041850880] [vision_apriltag_node]: Service: Tag 3 found and base-frame pose returned.
[INFO] [1775690035.049776281] [vision_apriltag_node]: Vision AprilTag: images are arriving, but no AprilTag has been seen for 2.9s.
[INFO] [1775690035.065855739] [vision_apriltag_node]: Service: Tag 4 found and base-frame pose returned.
[INFO] [1775690036.223570897] [vision_apriltag_node]: Service: Tag 4 found and base-frame pose returned.
[INFO] [1775690037.781690160] [vision_apriltag_node]: Vision AprilTag: images are arriving, but no AprilTag has been seen for 5.6s.
[INFO] [1775690037.799948335] [vision_apriltag_node]: Service: Tag 3 found and base-frame pose returned.
[INFO] [1775690038.057822532] [vision_apriltag_node]: Service: Tag 4 found and base-frame pose returned.
[INFO] [1775690039.577121882] [vision_apriltag_node]: Service: Tag 3 found and base-frame pose returned.
[INFO] [1775690040.491951739] [vision_apriltag_node]: Vision AprilTag detection debug: no tags found after raw/CLAHE/sharp/adaptive/upscaled/tiled passes.
[INFO] [1775690040.493140382] [vision_apriltag_node]: Vision AprilTag: images are arriving, but no AprilTag has been seen for 8.4s.
[INFO] [1775690040.499050305] [vision_apriltag_node]: Service: Tag 4 found and base-frame pose returned.
[INFO] [1775690041.506085525] [vision_apriltag_node]: Service: Tag 3 found and base-frame pose returned.
[INFO] [1775690041.679708704] [vision_apriltag_node]: Vision AprilTag: images are arriving, but no AprilTag has been seen for 9.5s.
[INFO] [1775690044.612771086] [vision_apriltag_node]: Vision AprilTag: images are arriving, but no AprilTag has been seen for 12.5s.
