
===== 2026-04-08T19:08:12-04:00 | T5_scene_from_vision =====
cwd=/home/carrt-cse-project/workspace/ros2_kortex_ws
cmd=ros2 run adl_tasks scene_from_vision --ros-args -p scan_prune_unseen_objects:=true -p scan_duration_s:=10.0 

[INFO] [1775689694.038349711] [scene_from_vision_node]: Scene From Vision Node Started
[INFO] [1775689694.139580481] [scene_from_vision_node]: SceneFromVision: Updating planning scene. Tracking 5 object shape(s). memory_mode=True, scan_duration_s=10.0, scan_min_samples=3, scan_prune_unseen_objects=True, continuous_scene_updates=False, latch_first_detection_updates=True, log_object_pose_debug=False, apply_planning_scene_service_updates=True, publish_monitored_planning_scene_updates=True, side_viewpoint=wrist_mounted_camera_color_optical_frame->base_link, reject_table_objects_outside_bounds=False.
[INFO] [1775689694.140934684] [scene_from_vision_node]: SceneFromVision calibration: xy_offset=(-0.228, 0.004), z_offset=0.000, yaw_deg=4.00, xy_scale=1.3370, clamp_table_objects_to_table_bounds=False, table_bounds_margin_m=0.030.
[INFO] [1775689694.142224132] [scene_from_vision_node]: SceneFromVision object offsets: remote_axis=y, remote_tag_to_center_sign=-1.0, remote_tag_from_end_m=0.020, cube_tag_to_center=(0.000, 0.000), cube_world_offset=(0.000, -0.022), cube_yaw_offset_deg=0.0, medication_face_to_center_m=0.030, cup_face_to_center_m=0.037.
[INFO] [1775689697.448062319] [scene_from_vision_node]: Latched first detection for tag ID 3 into scene memory.
[INFO] [1775689697.640515126] [scene_from_vision_node]: Published obj_3 (new) at x=0.641, y=-0.032, z=0.099, yaw=+91.7deg
[INFO] [1775689697.654529923] [scene_from_vision_node]: /apply_planning_scene accepted dynamic scene updates; MoveIt should mirror these objects to RViz.
[INFO] [1775689699.642681956] [scene_from_vision_node]: Published obj_3 (heartbeat) at x=0.641, y=-0.032, z=0.099, yaw=+91.7deg
[INFO] [1775689702.143374962] [scene_from_vision_node]: Published obj_3 (heartbeat) at x=0.641, y=-0.032, z=0.099, yaw=+91.7deg
[INFO] [1775689704.639835585] [scene_from_vision_node]: Published obj_3 (heartbeat) at x=0.641, y=-0.032, z=0.099, yaw=+91.7deg
[INFO] [1775689707.141275076] [scene_from_vision_node]: Published obj_3 (heartbeat) at x=0.641, y=-0.032, z=0.099, yaw=+91.7deg
[INFO] [1775689707.346572054] [scene_from_vision_node]: Scene scan started for 10.0s. Visible detections will be sampled, filtered, and committed at scan end.
[INFO] [1775689709.147032654] [scene_from_vision_node]: Published obj_3 (heartbeat) at x=0.641, y=-0.032, z=0.099, yaw=+91.7deg
[INFO] [1775689711.143529739] [scene_from_vision_node]: Published obj_3 (heartbeat) at x=0.641, y=-0.032, z=0.099, yaw=+91.7deg
[INFO] [1775689713.212049268] [scene_from_vision_node]: Published obj_3 (heartbeat) at x=0.641, y=-0.032, z=0.099, yaw=+91.7deg
[INFO] [1775689715.238924607] [scene_from_vision_node]: Published obj_3 (heartbeat) at x=0.641, y=-0.032, z=0.099, yaw=+91.7deg
[INFO] [1775689717.270152933] [scene_from_vision_node]: Published obj_3 (heartbeat) at x=0.641, y=-0.032, z=0.099, yaw=+91.7deg
[INFO] [1775689717.515857594] [scene_from_vision_node]: Scan committed tag 3: raw=17, accepted=17, rejected=0, median tag pose x=0.575, y=-0.034, z=0.110. object center x=0.641, y=-0.031, z=0.099, yaw=+92.6deg. table_delta x=-0.040, y=-0.031.
[INFO] [1775689717.517483859] [scene_from_vision_node]: Scene scan complete. Remembered object IDs: [3]
[INFO] [1775689719.643091408] [scene_from_vision_node]: Published obj_3 (heartbeat) at x=0.641, y=-0.031, z=0.099, yaw=+92.6deg
[INFO] [1775689722.140778683] [scene_from_vision_node]: Published obj_3 (heartbeat) at x=0.641, y=-0.031, z=0.099, yaw=+92.6deg
[INFO] [1775689724.141391698] [scene_from_vision_node]: Published obj_3 (heartbeat) at x=0.641, y=-0.031, z=0.099, yaw=+92.6deg
[INFO] [1775689726.146689285] [scene_from_vision_node]: Published obj_3 (heartbeat) at x=0.641, y=-0.031, z=0.099, yaw=+92.6deg
[INFO] [1775689728.143431289] [scene_from_vision_node]: Published obj_3 (heartbeat) at x=0.641, y=-0.031, z=0.099, yaw=+92.6deg
[INFO] [1775689730.646491699] [scene_from_vision_node]: Published obj_3 (heartbeat) at x=0.641, y=-0.031, z=0.099, yaw=+92.6deg
[INFO] [1775689732.642048233] [scene_from_vision_node]: Published obj_3 (heartbeat) at x=0.641, y=-0.031, z=0.099, yaw=+92.6deg
[INFO] [1775689735.140730756] [scene_from_vision_node]: Published obj_3 (heartbeat) at x=0.641, y=-0.031, z=0.099, yaw=+92.6deg
[INFO] [1775689737.144332296] [scene_from_vision_node]: Published obj_3 (heartbeat) at x=0.641, y=-0.031, z=0.099, yaw=+92.6deg
[INFO] [1775689739.141743605] [scene_from_vision_node]: Published obj_3 (heartbeat) at x=0.641, y=-0.031, z=0.099, yaw=+92.6deg
[INFO] [1775689741.645996647] [scene_from_vision_node]: Published obj_3 (heartbeat) at x=0.641, y=-0.031, z=0.099, yaw=+92.6deg
[INFO] [1775689744.142285864] [scene_from_vision_node]: Published obj_3 (heartbeat) at x=0.641, y=-0.031, z=0.099, yaw=+92.6deg
[INFO] [1775689746.640180300] [scene_from_vision_node]: Published obj_3 (heartbeat) at x=0.641, y=-0.031, z=0.099, yaw=+92.6deg
[INFO] [1775689749.141330026] [scene_from_vision_node]: Published obj_3 (heartbeat) at x=0.641, y=-0.031, z=0.099, yaw=+92.6deg
[INFO] [1775689751.140964227] [scene_from_vision_node]: Published obj_3 (heartbeat) at x=0.641, y=-0.031, z=0.099, yaw=+92.6deg
[INFO] [1775689753.140628239] [scene_from_vision_node]: Published obj_3 (heartbeat) at x=0.641, y=-0.031, z=0.099, yaw=+92.6deg
[INFO] [1775689755.145617736] [scene_from_vision_node]: Published obj_3 (heartbeat) at x=0.641, y=-0.031, z=0.099, yaw=+92.6deg
[INFO] [1775689757.644362099] [scene_from_vision_node]: Published obj_3 (heartbeat) at x=0.641, y=-0.031, z=0.099, yaw=+92.6deg
[INFO] [1775689759.645934915] [scene_from_vision_node]: Published obj_3 (heartbeat) at x=0.641, y=-0.031, z=0.099, yaw=+92.6deg
[INFO] [1775689760.290729312] [scene_from_vision_node]: Latched first detection for tag ID 4 into scene memory.
[INFO] [1775689760.645023203] [scene_from_vision_node]: Published obj_4 (new) at x=0.687, y=-0.003, z=0.117, yaw=+4.9deg
[INFO] [1775689762.140659095] [scene_from_vision_node]: Published obj_3 (heartbeat) at x=0.641, y=-0.031, z=0.099, yaw=+92.6deg
[INFO] [1775689762.643159882] [scene_from_vision_node]: Published obj_4 (heartbeat) at x=0.687, y=-0.003, z=0.117, yaw=+4.9deg
[INFO] [1775689764.640853058] [scene_from_vision_node]: Published obj_3 (heartbeat) at x=0.641, y=-0.031, z=0.099, yaw=+92.6deg
[INFO] [1775689764.643166413] [scene_from_vision_node]: Published obj_4 (heartbeat) at x=0.687, y=-0.003, z=0.117, yaw=+4.9deg
[INFO] [1775689767.140698548] [scene_from_vision_node]: Published obj_3 (heartbeat) at x=0.641, y=-0.031, z=0.099, yaw=+92.6deg
[INFO] [1775689767.142454149] [scene_from_vision_node]: Published obj_4 (heartbeat) at x=0.687, y=-0.003, z=0.117, yaw=+4.9deg
[INFO] [1775689769.141697237] [scene_from_vision_node]: Published obj_3 (heartbeat) at x=0.641, y=-0.031, z=0.099, yaw=+92.6deg
[INFO] [1775689769.143390800] [scene_from_vision_node]: Published obj_4 (heartbeat) at x=0.687, y=-0.003, z=0.117, yaw=+4.9deg
[INFO] [1775689771.141579531] [scene_from_vision_node]: Published obj_3 (heartbeat) at x=0.641, y=-0.031, z=0.099, yaw=+92.6deg
[INFO] [1775689771.144750566] [scene_from_vision_node]: Published obj_4 (heartbeat) at x=0.687, y=-0.003, z=0.117, yaw=+4.9deg
[INFO] [1775689773.654732926] [scene_from_vision_node]: Published obj_3 (heartbeat) at x=0.641, y=-0.031, z=0.099, yaw=+92.6deg
[INFO] [1775689773.657465358] [scene_from_vision_node]: Published obj_4 (heartbeat) at x=0.687, y=-0.003, z=0.117, yaw=+4.9deg
[INFO] [1775689776.150146780] [scene_from_vision_node]: Published obj_3 (heartbeat) at x=0.641, y=-0.031, z=0.099, yaw=+92.6deg
[INFO] [1775689776.170384352] [scene_from_vision_node]: Published obj_4 (heartbeat) at x=0.687, y=-0.003, z=0.117, yaw=+4.9deg
[INFO] [1775689778.661009345] [scene_from_vision_node]: Published obj_3 (heartbeat) at x=0.641, y=-0.031, z=0.099, yaw=+92.6deg
[INFO] [1775689778.681049393] [scene_from_vision_node]: Published obj_4 (heartbeat) at x=0.687, y=-0.003, z=0.117, yaw=+4.9deg
[INFO] [1775689781.173136042] [scene_from_vision_node]: Published obj_3 (heartbeat) at x=0.641, y=-0.031, z=0.099, yaw=+92.6deg
[INFO] [1775689781.174661403] [scene_from_vision_node]: Published obj_4 (heartbeat) at x=0.687, y=-0.003, z=0.117, yaw=+4.9deg
[INFO] [1775689783.645339847] [scene_from_vision_node]: Published obj_3 (heartbeat) at x=0.641, y=-0.031, z=0.099, yaw=+92.6deg
[INFO] [1775689783.650611791] [scene_from_vision_node]: Published obj_4 (heartbeat) at x=0.687, y=-0.003, z=0.117, yaw=+4.9deg
[INFO] [1775689786.145465204] [scene_from_vision_node]: Published obj_3 (heartbeat) at x=0.641, y=-0.031, z=0.099, yaw=+92.6deg
[INFO] [1775689786.153109942] [scene_from_vision_node]: Published obj_4 (heartbeat) at x=0.687, y=-0.003, z=0.117, yaw=+4.9deg
[INFO] [1775689786.423999775] [scene_from_vision_node]: Scene LOCKED - updates paused.
[INFO] [1775689790.753327440] [scene_from_vision_node]: Scene UNLOCKED - updates resuming.
[INFO] [1775689791.142809159] [scene_from_vision_node]: Published obj_3 (heartbeat) at x=0.641, y=-0.031, z=0.099, yaw=+92.6deg
[INFO] [1775689791.144442409] [scene_from_vision_node]: Published obj_4 (heartbeat) at x=0.687, y=-0.003, z=0.117, yaw=+4.9deg
[INFO] [1775689792.425076476] [scene_from_vision_node]: Scene LOCKED - updates paused.
[INFO] [1775689807.808024241] [scene_from_vision_node]: Scene UNLOCKED - updates resuming.
[INFO] [1775689808.141088796] [scene_from_vision_node]: Published obj_3 (heartbeat) at x=0.641, y=-0.031, z=0.099, yaw=+92.6deg
[INFO] [1775689808.149065402] [scene_from_vision_node]: Published obj_4 (heartbeat) at x=0.687, y=-0.003, z=0.117, yaw=+4.9deg
[INFO] [1775689809.469247743] [scene_from_vision_node]: Scene LOCKED - updates paused.
[INFO] [1775689814.126578178] [scene_from_vision_node]: Scene UNLOCKED - updates resuming.
[INFO] [1775689814.150889788] [scene_from_vision_node]: Published obj_3 (heartbeat) at x=0.641, y=-0.031, z=0.099, yaw=+92.6deg
[INFO] [1775689814.154005235] [scene_from_vision_node]: Published obj_4 (heartbeat) at x=0.687, y=-0.003, z=0.117, yaw=+4.9deg
[INFO] [1775689815.790129022] [scene_from_vision_node]: Scene UNLOCKED - updates resuming.
[INFO] [1775689815.952130221] [scene_from_vision_node]: Scene scan started for 10.0s. Visible detections will be sampled, filtered, and committed at scan end.
[INFO] [1775689816.162338674] [scene_from_vision_node]: Published obj_3 (heartbeat) at x=0.641, y=-0.031, z=0.099, yaw=+92.6deg
[INFO] [1775689816.170461433] [scene_from_vision_node]: Published obj_4 (heartbeat) at x=0.687, y=-0.003, z=0.117, yaw=+4.9deg
[INFO] [1775689818.237254183] [scene_from_vision_node]: Published obj_3 (heartbeat) at x=0.641, y=-0.031, z=0.099, yaw=+92.6deg
[INFO] [1775689818.250415245] [scene_from_vision_node]: Published obj_4 (heartbeat) at x=0.687, y=-0.003, z=0.117, yaw=+4.9deg
[INFO] [1775689819.697647906] [scene_from_vision_node]: Scene LOCKED - updates paused.
[INFO] [1775689819.892922096] [scene_from_vision_node]: Scene LOCKED - updates paused.
[INFO] [1775689826.037879624] [scene_from_vision_node]: Scan committed tag 3: raw=3, accepted=3, rejected=0, median tag pose x=0.540, y=-0.098, z=0.110. object center x=0.607, y=-0.098, z=0.099, yaw=+89.9deg. table_delta x=-0.075, y=-0.098.
[INFO] [1775689826.040135394] [scene_from_vision_node]: Scan committed tag 4: raw=3, accepted=3, rejected=0, median tag pose x=0.718, y=-0.024, z=0.145. object center x=0.718, y=-0.047, z=0.117, yaw=+3.8deg. table_delta x=+0.037, y=-0.047.
[INFO] [1775689826.043530066] [scene_from_vision_node]: Scene scan complete. Remembered object IDs: [3, 4]
[INFO] [1775689850.096898533] [scene_from_vision_node]: Marked tag ID 3 as picked.
[WARN] [1775689850.104140991] [scene_from_vision_node]: /apply_planning_scene rejected picked cleanup for tag 3.
[INFO] [1775689868.582181995] [scene_from_vision_node]: Scene UNLOCKED - updates resuming.
[INFO] [1775689868.641927465] [scene_from_vision_node]: Published obj_4 (pose_update) at x=0.718, y=-0.047, z=0.117, yaw=+3.8deg
[INFO] [1775689870.641008623] [scene_from_vision_node]: Published obj_4 (heartbeat) at x=0.718, y=-0.047, z=0.117, yaw=+3.8deg
[INFO] [1775689873.146331459] [scene_from_vision_node]: Published obj_4 (heartbeat) at x=0.718, y=-0.047, z=0.117, yaw=+3.8deg
[INFO] [1775689875.641989902] [scene_from_vision_node]: Published obj_4 (heartbeat) at x=0.718, y=-0.047, z=0.117, yaw=+3.8deg
[INFO] [1775689878.141794250] [scene_from_vision_node]: Published obj_4 (heartbeat) at x=0.718, y=-0.047, z=0.117, yaw=+3.8deg
[INFO] [1775689880.143504523] [scene_from_vision_node]: Published obj_4 (heartbeat) at x=0.718, y=-0.047, z=0.117, yaw=+3.8deg
[INFO] [1775689882.643068987] [scene_from_vision_node]: Published obj_4 (heartbeat) at x=0.718, y=-0.047, z=0.117, yaw=+3.8deg
[INFO] [1775689884.650322254] [scene_from_vision_node]: Published obj_4 (heartbeat) at x=0.718, y=-0.047, z=0.117, yaw=+3.8deg
[INFO] [1775689887.145396708] [scene_from_vision_node]: Published obj_4 (heartbeat) at x=0.718, y=-0.047, z=0.117, yaw=+3.8deg
[INFO] [1775689889.147519327] [scene_from_vision_node]: Published obj_4 (heartbeat) at x=0.718, y=-0.047, z=0.117, yaw=+3.8deg
[INFO] [1775689889.852494133] [scene_from_vision_node]: Scene LOCKED - updates paused.
[INFO] [1775689895.807155636] [scene_from_vision_node]: Scene UNLOCKED - updates resuming.
[INFO] [1775689896.143471392] [scene_from_vision_node]: Published obj_4 (heartbeat) at x=0.718, y=-0.047, z=0.117, yaw=+3.8deg
[INFO] [1775689897.464946483] [scene_from_vision_node]: Scene LOCKED - updates paused.
[INFO] [1775689897.817395658] [scene_from_vision_node]: Latched first detection for tag ID 3 into scene memory.
[INFO] [1775689912.846995585] [scene_from_vision_node]: Scene UNLOCKED - updates resuming.
[INFO] [1775689913.143099196] [scene_from_vision_node]: Published obj_3 (new) at x=0.636, y=-0.023, z=0.099, yaw=+90.7deg
[INFO] [1775689913.144709189] [scene_from_vision_node]: Published obj_4 (heartbeat) at x=0.718, y=-0.047, z=0.117, yaw=+3.8deg
[INFO] [1775689914.522153327] [scene_from_vision_node]: Scene LOCKED - updates paused.
[INFO] [1775689919.197526209] [scene_from_vision_node]: Scene UNLOCKED - updates resuming.
[INFO] [1775689919.641770179] [scene_from_vision_node]: Published obj_3 (heartbeat) at x=0.636, y=-0.023, z=0.099, yaw=+90.7deg
[INFO] [1775689919.643088951] [scene_from_vision_node]: Published obj_4 (heartbeat) at x=0.718, y=-0.047, z=0.117, yaw=+3.8deg
[INFO] [1775689920.863121215] [scene_from_vision_node]: Scene UNLOCKED - updates resuming.
[INFO] [1775689921.006478457] [scene_from_vision_node]: Scene scan started for 10.0s. Visible detections will be sampled, filtered, and committed at scan end.
[INFO] [1775689921.643181158] [scene_from_vision_node]: Published obj_3 (heartbeat) at x=0.636, y=-0.023, z=0.099, yaw=+90.7deg
[INFO] [1775689921.645830600] [scene_from_vision_node]: Published obj_4 (heartbeat) at x=0.718, y=-0.047, z=0.117, yaw=+3.8deg
[INFO] [1775689923.726210767] [scene_from_vision_node]: Published obj_3 (heartbeat) at x=0.636, y=-0.023, z=0.099, yaw=+90.7deg
[INFO] [1775689923.732079378] [scene_from_vision_node]: Published obj_4 (heartbeat) at x=0.718, y=-0.047, z=0.117, yaw=+3.8deg
[INFO] [1775689924.804837608] [scene_from_vision_node]: Scene LOCKED - updates paused.
[INFO] [1775689924.990683041] [scene_from_vision_node]: Scene LOCKED - updates paused.
[INFO] [1775689931.015453173] [scene_from_vision_node]: Scan committed tag 3: raw=3, accepted=3, rejected=0, median tag pose x=0.564, y=-0.083, z=0.110. object center x=0.630, y=-0.085, z=0.099, yaw=+89.0deg. table_delta x=-0.051, y=-0.085.
[INFO] [1775689931.017403927] [scene_from_vision_node]: Scan committed tag 4: raw=3, accepted=3, rejected=0, median tag pose x=0.734, y=0.092, z=0.145. object center x=0.734, y=0.070, z=0.117, yaw=+1.7deg. table_delta x=+0.052, y=+0.070.
[INFO] [1775689931.018842166] [scene_from_vision_node]: Scene scan complete. Remembered object IDs: [3, 4]
[INFO] [1775689936.449479649] [scene_from_vision_node]: Marked tag ID 3 as picked.
[WARN] [1775689936.460163325] [scene_from_vision_node]: /apply_planning_scene rejected picked cleanup for tag 3.
[INFO] [1775689971.229440253] [scene_from_vision_node]: Scene UNLOCKED - updates resuming.
[INFO] [1775689971.654921913] [scene_from_vision_node]: Published obj_4 (pose_update) at x=0.734, y=0.070, z=0.117, yaw=+1.7deg
[INFO] [1775689974.146670336] [scene_from_vision_node]: Published obj_4 (heartbeat) at x=0.734, y=0.070, z=0.117, yaw=+1.7deg
[INFO] [1775689976.641289029] [scene_from_vision_node]: Published obj_4 (heartbeat) at x=0.734, y=0.070, z=0.117, yaw=+1.7deg
[INFO] [1775689978.643933052] [scene_from_vision_node]: Published obj_4 (heartbeat) at x=0.734, y=0.070, z=0.117, yaw=+1.7deg
[INFO] [1775689981.142809234] [scene_from_vision_node]: Published obj_4 (heartbeat) at x=0.734, y=0.070, z=0.117, yaw=+1.7deg
[INFO] [1775689983.640713719] [scene_from_vision_node]: Published obj_4 (heartbeat) at x=0.734, y=0.070, z=0.117, yaw=+1.7deg
[INFO] [1775689985.641710121] [scene_from_vision_node]: Published obj_4 (heartbeat) at x=0.734, y=0.070, z=0.117, yaw=+1.7deg
[INFO] [1775689988.141176428] [scene_from_vision_node]: Published obj_4 (heartbeat) at x=0.734, y=0.070, z=0.117, yaw=+1.7deg
[INFO] [1775689990.154958162] [scene_from_vision_node]: Published obj_4 (heartbeat) at x=0.734, y=0.070, z=0.117, yaw=+1.7deg
[INFO] [1775689992.185682393] [scene_from_vision_node]: Scene LOCKED - updates paused.
[INFO] [1775689998.166725954] [scene_from_vision_node]: Scene UNLOCKED - updates resuming.
[INFO] [1775689998.640912076] [scene_from_vision_node]: Published obj_4 (heartbeat) at x=0.734, y=0.070, z=0.117, yaw=+1.7deg
[INFO] [1775689999.838980904] [scene_from_vision_node]: Scene LOCKED - updates paused.
[INFO] [1775690015.191684753] [scene_from_vision_node]: Scene UNLOCKED - updates resuming.
[INFO] [1775690015.643002631] [scene_from_vision_node]: Published obj_4 (heartbeat) at x=0.734, y=0.070, z=0.117, yaw=+1.7deg
[INFO] [1775690016.849164629] [scene_from_vision_node]: Scene LOCKED - updates paused.
[INFO] [1775690017.394786032] [scene_from_vision_node]: Latched first detection for tag ID 3 into scene memory.
[INFO] [1775690021.528663399] [scene_from_vision_node]: Scene UNLOCKED - updates resuming.
[INFO] [1775690021.642448441] [scene_from_vision_node]: Published obj_3 (new) at x=0.630, y=-0.026, z=0.099, yaw=+83.5deg
[INFO] [1775690021.647396960] [scene_from_vision_node]: Published obj_4 (heartbeat) at x=0.734, y=0.070, z=0.117, yaw=+1.7deg
[INFO] [1775690023.189497597] [scene_from_vision_node]: Scene UNLOCKED - updates resuming.
[INFO] [1775690023.377872271] [scene_from_vision_node]: Scene scan started for 10.0s. Visible detections will be sampled, filtered, and committed at scan end.
[INFO] [1775690023.700245768] [scene_from_vision_node]: Published obj_3 (heartbeat) at x=0.630, y=-0.026, z=0.099, yaw=+83.5deg
[INFO] [1775690023.714147042] [scene_from_vision_node]: Published obj_4 (heartbeat) at x=0.734, y=0.070, z=0.117, yaw=+1.7deg
[INFO] [1775690025.782725422] [scene_from_vision_node]: Published obj_3 (heartbeat) at x=0.630, y=-0.026, z=0.099, yaw=+83.5deg
[INFO] [1775690025.798424110] [scene_from_vision_node]: Published obj_4 (heartbeat) at x=0.734, y=0.070, z=0.117, yaw=+1.7deg
[INFO] [1775690027.863422733] [scene_from_vision_node]: Published obj_3 (heartbeat) at x=0.630, y=-0.026, z=0.099, yaw=+83.5deg
[INFO] [1775690027.870799814] [scene_from_vision_node]: Published obj_4 (heartbeat) at x=0.734, y=0.070, z=0.117, yaw=+1.7deg
[INFO] [1775690029.935359722] [scene_from_vision_node]: Published obj_3 (heartbeat) at x=0.630, y=-0.026, z=0.099, yaw=+83.5deg
[INFO] [1775690029.943716158] [scene_from_vision_node]: Published obj_4 (heartbeat) at x=0.734, y=0.070, z=0.117, yaw=+1.7deg
[INFO] [1775690032.017416841] [scene_from_vision_node]: Published obj_3 (heartbeat) at x=0.630, y=-0.026, z=0.099, yaw=+83.5deg
[INFO] [1775690032.027346087] [scene_from_vision_node]: Published obj_4 (heartbeat) at x=0.734, y=0.070, z=0.117, yaw=+1.7deg
[INFO] [1775690033.954748402] [scene_from_vision_node]: Scan committed tag 3: raw=6, accepted=6, rejected=0, median tag pose x=0.558, y=-0.019, z=0.110. object center x=0.624, y=-0.027, z=0.099, yaw=+82.9deg. table_delta x=-0.057, y=-0.027.
[INFO] [1775690033.957744667] [scene_from_vision_node]: Scan committed tag 4: raw=5, accepted=3, rejected=2, median tag pose x=0.515, y=0.314, z=0.145. object center x=0.515, y=0.292, z=0.117, yaw=+21.5deg. table_delta x=-0.166, y=+0.292.
[INFO] [1775690033.968932171] [scene_from_vision_node]: Published obj_3 (pose_update) at x=0.624, y=-0.027, z=0.099, yaw=+82.9deg
[INFO] [1775690033.973827858] [scene_from_vision_node]: Published obj_4 (pose_update) at x=0.515, y=0.292, z=0.117, yaw=+21.5deg
[INFO] [1775690033.998011591] [scene_from_vision_node]: Scene scan complete. Remembered object IDs: [3, 4]
[INFO] [1775690036.165808958] [scene_from_vision_node]: Published obj_3 (heartbeat) at x=0.624, y=-0.027, z=0.099, yaw=+82.9deg
[INFO] [1775690036.167466051] [scene_from_vision_node]: Published obj_4 (heartbeat) at x=0.515, y=0.292, z=0.117, yaw=+21.5deg
[INFO] [1775690038.662036741] [scene_from_vision_node]: Published obj_3 (heartbeat) at x=0.624, y=-0.027, z=0.099, yaw=+82.9deg
[INFO] [1775690038.667321984] [scene_from_vision_node]: Published obj_4 (heartbeat) at x=0.515, y=0.292, z=0.117, yaw=+21.5deg
[INFO] [1775690041.145843994] [scene_from_vision_node]: Published obj_3 (heartbeat) at x=0.624, y=-0.027, z=0.099, yaw=+82.9deg
[INFO] [1775690041.161347581] [scene_from_vision_node]: Published obj_4 (heartbeat) at x=0.515, y=0.292, z=0.117, yaw=+21.5deg
[INFO] [1775690043.641688040] [scene_from_vision_node]: Published obj_3 (heartbeat) at x=0.624, y=-0.027, z=0.099, yaw=+82.9deg
[INFO] [1775690043.643878143] [scene_from_vision_node]: Published obj_4 (heartbeat) at x=0.515, y=0.292, z=0.117, yaw=+21.5deg
[INFO] [1775690046.142605478] [scene_from_vision_node]: Published obj_3 (heartbeat) at x=0.624, y=-0.027, z=0.099, yaw=+82.9deg
[INFO] [1775690046.145604898] [scene_from_vision_node]: Published obj_4 (heartbeat) at x=0.515, y=0.292, z=0.117, yaw=+21.5deg
