
===== 2026-04-13T18:52:51-04:00 | T1_full =====
cwd=/home/carrt-cse-project/workspace/ros2_kortex_ws
cmd=ros2 launch adl_tasks adl_start.launch.py arm_use_fake_hardware:=false use_stub:=false 

[INFO] [launch]: All log files can be found below /home/carrt-cse-project/.ros/log/2026-04-13-18-52-51-932116-carrt-cse-project-OptiPlex-5050-32557
[INFO] [launch]: Default logging verbosity is set to INFO
[INFO] [launch.user]: [arm_start.launch] MoveIt current state source: /joint_states_sanitized. Use use_joint_state_sanitizer:=false for raw-state viewer debugging.
[INFO] [launch.user]: [arm_start.launch] Using ADL controller config (share/adl_tasks/config/ros2_controllers_vbox.yaml, update_rate:=50 Hz).
[INFO] [ros2_control_node-1]: process started with pid [32561]
[INFO] [robot_state_publisher-2]: process started with pid [32562]
[INFO] [joint_state_sanitizer-3]: process started with pid [32563]
[INFO] [spawner-4]: process started with pid [32564]
[INFO] [static_transform_publisher-5]: process started with pid [32565]
[INFO] [static_transform_publisher-6]: process started with pid [32566]
[INFO] [scene_static-7]: process started with pid [32567]
[INFO] [wrist_camera_usb_publisher-8]: process started with pid [32568]
[INFO] [vision_apriltag-9]: process started with pid [32569]
[INFO] [scene_from_vision-10]: process started with pid [32570]
[INFO] [adl_controller-11]: process started with pid [32571]
[INFO] [pick_dropped_bottle-12]: process started with pid [32572]
[INFO] [clear_table-13]: process started with pid [32573]
[INFO] [give_medication-14]: process started with pid [32574]
[INFO] [adl_ui-15]: process started with pid [32575]
[static_transform_publisher-6] [INFO] [1776120772.331653735] [camera_color_optical_bridge_tf_pub]: Spinning until stopped - publishing transform
[static_transform_publisher-6] translation: ('0.000000', '0.000000', '0.000000')
[static_transform_publisher-6] rotation: ('0.000000', '0.000000', '0.000000', '1.000000')
[static_transform_publisher-6] from 'camera_color_frame' to 'wrist_mounted_camera_color_optical_frame'
[static_transform_publisher-5] [INFO] [1776120772.341585730] [static_transform_publisher]: Spinning until stopped - publishing transform
[static_transform_publisher-5] translation: ('0.000000', '0.000000', '0.000000')
[static_transform_publisher-5] rotation: ('0.000000', '0.000000', '0.000000', '1.000000')
[static_transform_publisher-5] from 'world' to 'base_link'
[robot_state_publisher-2] [INFO] [1776120772.363657927] [robot_state_publisher]: Robot initialized
[ros2_control_node-1] [INFO] [1776120772.475995638] [controller_manager]: Using Steady (Monotonic) clock for triggering controller manager cycles.
[ros2_control_node-1] [INFO] [1776120772.510327951] [controller_manager]: Subscribing to '/robot_description' topic for robot description.
[ros2_control_node-1] [INFO] [1776120772.521668920] [controller_manager]: update rate is 50 Hz
[ros2_control_node-1] [INFO] [1776120772.521702411] [controller_manager]: Overruns handling is : enabled
[ros2_control_node-1] [INFO] [1776120772.521711486] [controller_manager]: Spawning controller_manager RT thread with scheduler priority: 50
[ros2_control_node-1] [INFO] [1776120772.522270883] [controller_manager]: Successful set up FIFO RT scheduling policy with priority 50.
[ros2_control_node-1] [INFO] [1776120772.523046908] [controller_manager]: Received robot description from topic.
[ros2_control_node-1] [INFO] [1776120772.523100279] [controller_manager]: Enforcing command limits is disabled. Command limits from URDF will be ignored.
[ros2_control_node-1] [INFO] [1776120772.541308069] [controller_manager]: Loading hardware 'KortexMultiInterfaceHardware' 
[ros2_control_node-1] [INFO] [1776120772.567567902] [KortexMultiInterfaceHardware]: Setting severity threshold to DEBUG
[ros2_control_node-1] [INFO] [1776120772.567629828] [controller_manager]: Loaded hardware 'KortexMultiInterfaceHardware' from plugin 'kortex_driver/KortexMultiInterfaceHardware'
[ros2_control_node-1] [INFO] [1776120772.568183693] [controller_manager]: Initialize hardware 'KortexMultiInterfaceHardware' 
[ros2_control_node-1] [INFO] [1776120772.581972733] [KortexMultiInterfaceHardware]: Configuring Hardware Interface
[ros2_control_node-1] [INFO] [1776120772.582360932] [KortexMultiInterfaceHardware]: Robot ip is '192.168.0.10'
[ros2_control_node-1] [INFO] [1776120772.582604566] [KortexMultiInterfaceHardware]: Username is 'admin'
[ros2_control_node-1] [INFO] [1776120772.582622386] [KortexMultiInterfaceHardware]: Port used '10000'
[ros2_control_node-1] [INFO] [1776120772.582629052] [KortexMultiInterfaceHardware]: Realtime port used '10001'
[ros2_control_node-1] [INFO] [1776120772.582634280] [KortexMultiInterfaceHardware]: Session inactivity timeout is '60000'
[ros2_control_node-1] [INFO] [1776120772.582639420] [KortexMultiInterfaceHardware]: Connection inactivity timeout is '2000'
[ros2_control_node-1] [INFO] [1776120772.582646060] [KortexMultiInterfaceHardware]: Gripper joint name is 'robotiq_85_left_knuckle_joint'
[ros2_control_node-1] [INFO] [1776120772.582680309] [KortexMultiInterfaceHardware]: Connecting to robot at 192.168.0.10
[ros2_control_node-1] [INFO] [1776120772.591477111] [KortexMultiInterfaceHardware]: Creating session for communication
[ros2_control_node-1] [INFO] [1776120772.802395899] [KortexMultiInterfaceHardware]: Session created
[spawner-4] [INFO] [1776120773.306188555] [spawner_joint_state_broadcaster]: waiting for service /controller_manager/list_controllers to become available...
[ros2_control_node-1] [INFO] [1776120773.502893818] [KortexMultiInterfaceHardware]: Actuator count reported by robot is '7'
[ros2_control_node-1] [INFO] [1776120773.503107357] [KortexMultiInterfaceHardware]: Using internal bus communication for gripper!
[ros2_control_node-1] [INFO] [1776120773.503116883] [KortexMultiInterfaceHardware]: Hardware Interface successfully configured
[ros2_control_node-1] [INFO] [1776120773.503206442] [controller_manager]: Successful initialization of hardware 'KortexMultiInterfaceHardware'
[ros2_control_node-1] [DEBUG] [1776120773.503294861] [KortexMultiInterfaceHardware]: export_state_interfaces for joint: joint_1
[ros2_control_node-1] [DEBUG] [1776120773.503323327] [KortexMultiInterfaceHardware]: export_state_interfaces for joint: joint_2
[ros2_control_node-1] [DEBUG] [1776120773.503329407] [KortexMultiInterfaceHardware]: export_state_interfaces for joint: joint_3
[ros2_control_node-1] [DEBUG] [1776120773.503333724] [KortexMultiInterfaceHardware]: export_state_interfaces for joint: joint_4
[ros2_control_node-1] [DEBUG] [1776120773.503337508] [KortexMultiInterfaceHardware]: export_state_interfaces for joint: joint_5
[ros2_control_node-1] [DEBUG] [1776120773.503341871] [KortexMultiInterfaceHardware]: export_state_interfaces for joint: joint_6
[ros2_control_node-1] [DEBUG] [1776120773.503345434] [KortexMultiInterfaceHardware]: export_state_interfaces for joint: joint_7
[ros2_control_node-1] [DEBUG] [1776120773.503348682] [KortexMultiInterfaceHardware]: export_state_interfaces for joint: robotiq_85_left_knuckle_joint
[ros2_control_node-1] [INFO] [1776120773.505106183] [resource_manager]: 'configure' hardware 'KortexMultiInterfaceHardware' 
[ros2_control_node-1] [INFO] [1776120773.505147491] [resource_manager]: Successful 'configure' of hardware 'KortexMultiInterfaceHardware'
[ros2_control_node-1] [INFO] [1776120773.505215872] [resource_manager]: 'activate' hardware 'KortexMultiInterfaceHardware' 
[ros2_control_node-1] [INFO] [1776120773.505248972] [KortexMultiInterfaceHardware]: Activating KortexMultiInterfaceHardware...
[ros2_control_node-1] [INFO] [1776120773.510831410] [KortexMultiInterfaceHardware]: Gripper initial position is '0.873365'.
[ros2_control_node-1] [INFO] [1776120773.516253953] [KortexMultiInterfaceHardware]: KortexMultiInterfaceHardware successfully activated!
[ros2_control_node-1] [INFO] [1776120773.516298952] [resource_manager]: Successful 'activate' of hardware 'KortexMultiInterfaceHardware'
[ros2_control_node-1] [INFO] [1776120773.516569819] [controller_manager]: Registering statistics for : KortexMultiInterfaceHardware
[ros2_control_node-1] [INFO] [1776120773.516760163] [controller_manager]: Resource Manager has been successfully initialized. Starting Controller Manager services...
[ros2_control_node-1] [INFO] [1776120773.566182256] [controller_manager]: Loading controller : 'joint_state_broadcaster' of type 'joint_state_broadcaster/JointStateBroadcaster'
[ros2_control_node-1] [INFO] [1776120773.566239373] [controller_manager]: Loading controller 'joint_state_broadcaster'
[ros2_control_node-1] [INFO] [1776120773.580850853] [controller_manager]: Controller 'joint_state_broadcaster' node arguments: --ros-args --params-file /home/carrt-cse-project/workspace/ros2_kortex_ws/install/adl_tasks/share/adl_tasks/config/ros2_controllers_vbox.yaml --params-file /tmp/launch_params_7fs05umc 
[spawner-4] [INFO] [1776120773.625314786] [spawner_joint_state_broadcaster]: Loaded joint_state_broadcaster
[ros2_control_node-1] [INFO] [1776120773.711242966] [controller_manager]: Configuring controller: 'joint_state_broadcaster'
[ros2_control_node-1] [INFO] [1776120773.711670100] [joint_state_broadcaster]: 'joints' or 'interfaces' parameter is empty. All available state interfaces will be published
[ros2_control_node-1] [INFO] [1776120773.768627673] [controller_manager]: Activating controllers: [ joint_state_broadcaster ]
[ros2_control_node-1] [INFO] [1776120773.784013644] [controller_manager]: Successfully switched controllers!
[spawner-4] [INFO] [1776120773.804880605] [spawner_joint_state_broadcaster]: Configured and activated joint_state_broadcaster
[adl_ui-15] [INFO] [1776120773.999942406] [adl_ui_node]: ADL UI Node started.
[adl_ui-15] [INFO] [1776120774.004005993] [adl_ui_node]: Automatic retract on UI load is disabled; startup sends no motion.
[adl_ui-15] [INFO] [1776120774.006040215] [adl_ui_node]: Web UI available at http://localhost:5000
[adl_ui-15]  * Serving Flask app 'adl_tasks.adl_ui'
[adl_ui-15]  * Debug mode: off
[adl_ui-15] WARNING: This is a development server. Do not use it in a production deployment. Use a production WSGI server instead.
[adl_ui-15]  * Running on all addresses (0.0.0.0)
[adl_ui-15]  * Running on http://127.0.0.1:5000
[adl_ui-15]  * Running on http://192.168.0.231:5000
[adl_ui-15] Press CTRL+C to quit
[adl_ui-15] 127.0.0.1 - - [13/Apr/2026 18:52:54] "GET /status_json HTTP/1.1" 200 -
[INFO] [spawner-4]: process has finished cleanly [pid 32564]
[scene_static-7] [INFO] [1776120774.121754834] [scene_static_node]: Static Scene Node started.
[scene_static-7] [INFO] [1776120774.127284996] [scene_static_node]: WHEELCHAIR_BASE_HEIGHT = 0.36195m  |  Table surface at z = 0.088m | Table center at x = 0.681m | include_wheelchair_wall=True | include_left_desk_wall=True
[joint_state_sanitizer-3] [INFO] [1776120774.166152347] [joint_state_sanitizer_node]: joint_state_sanitizer started. raw=/joint_states -> sanitized=/joint_states_sanitized
[give_medication-14] [INFO] [1776120774.213418807] [give_medication_node]: give_medication starting...
[pick_dropped_bottle-12] [INFO] [1776120774.312369091] [pick_dropped_bottle_node]: PickDroppedBottle starting...
[wrist_camera_usb_publisher-8] [INFO] [1776120774.337224517] [wrist_camera_usb_publisher_node]: USB camera publisher: trying camera source index 2.
[give_medication-14] [INFO] [1776120774.347900111] [give_medication_node]: MoveItHelper initialized. joint_state_topic=/joint_states_sanitized (sanitized_expected=True) real_hardware_mode=True short_cartesian_mode=hybrid
[wrist_camera_usb_publisher-8] [INFO] [1776120774.353010264] [wrist_camera_usb_publisher_node]: USB camera publisher: opened camera source index 2.
[wrist_camera_usb_publisher-8] [INFO] [1776120774.354423821] [wrist_camera_usb_publisher_node]: Wrist Camera USB Publisher started.
[wrist_camera_usb_publisher-8] [INFO] [1776120774.357310421] [wrist_camera_usb_publisher_node]: Publishing USB camera frames on /wrist_mounted_camera/image with frame_id=wrist_mounted_camera_color_optical_frame.
[wrist_camera_usb_publisher-8] [INFO] [1776120774.360046400] [wrist_camera_usb_publisher_node]: Publishing camera info on /wrist_mounted_camera/camera_info from reference intrinsics [554.25, 554.25, 320.0, 240.0] @ 640x480.
[wrist_camera_usb_publisher-8] [INFO] [1776120774.361341253] [wrist_camera_usb_publisher_node]: Using explicit camera_matrix for CameraInfo. matrix_size=1280x720, K=[920.874267578125, 0.0, 644.7646484375, 0.0, 921.5654907226562, 343.1528625488281, 0.0, 0.0, 1.0], d=[0.0, 0.0, 0.0, 0.0, 0.0]
[wrist_camera_usb_publisher-8] [INFO] [1776120774.362859925] [wrist_camera_usb_publisher_node]: Requested source=2 size=1280x720 fps=10.0
[give_medication-14] [INFO] [1776120774.366918844] [give_medication_node]: Vision Client initialized, waiting for service...
[adl_controller-11] [INFO] [1776120774.408349140] [adl_controller_node]: MoveItHelper initialized. joint_state_topic=/joint_states_sanitized (sanitized_expected=True) real_hardware_mode=True short_cartesian_mode=hybrid
[adl_controller-11] [INFO] [1776120774.419076954] [adl_controller_node]: ADL controller ready. Waiting for UI/system commands.
[INFO] [spawner-16]: process started with pid [32801]
[INFO] [spawner-17]: process started with pid [32802]
[INFO] [spawner-18]: process started with pid [32803]
[INFO] [spawner-19]: process started with pid [32804]
[clear_table-13] [INFO] [1776120774.750767467] [clear_table_node]: Clear Table Node Started
[adl_ui-15] 127.0.0.1 - - [13/Apr/2026 18:52:54] "GET /status_json HTTP/1.1" 200 -
[clear_table-13] [INFO] [1776120774.838426871] [clear_table_node]: MoveItHelper initialized. joint_state_topic=/joint_states_sanitized (sanitized_expected=True) real_hardware_mode=True short_cartesian_mode=hybrid
[clear_table-13] [INFO] [1776120774.850824670] [clear_table_node]: Vision Client initialized, waiting for service...
[spawner-18] [INFO] [1776120775.167502758] [spawner_robotiq_gripper_controller]: waiting for service /controller_manager/list_controllers to become available...
[wrist_camera_usb_publisher-8] [INFO] [1776120775.168085489] [wrist_camera_usb_publisher_node]: USB camera info active intrinsics: size=1280x720, fx=920.87, fy=921.57, cx=644.76, cy=343.15, d=array('d', [0.0, 0.0, 0.0, 0.0, 0.0])
[wrist_camera_usb_publisher-8] [INFO] [1776120775.169128225] [wrist_camera_usb_publisher_node]: USB camera publisher heartbeat: publishing 1280x720 frames on /wrist_mounted_camera/image; camera_info fx=920.87, fy=921.57, cx=644.76, cy=343.15.
[pick_dropped_bottle-12] [INFO] [1776120775.300910651] [pick_dropped_bottle_node]: MoveItHelper initialized. joint_state_topic=/joint_states_sanitized (sanitized_expected=True) real_hardware_mode=True short_cartesian_mode=hybrid
[pick_dropped_bottle-12] [INFO] [1776120775.317339989] [pick_dropped_bottle_node]: Vision Client initialized, waiting for service...
[scene_from_vision-10] [INFO] [1776120775.333034511] [scene_from_vision_node]: Scene From Vision Node Started
[clear_table-13] [INFO] [1776120775.352002978] [clear_table_node]: Vision service is ready.
[clear_table-13] [INFO] [1776120775.363348029] [clear_table_node]: Clear Table Node ready. Waiting for command.
[clear_table-13] [INFO] [1776120775.364846297] [clear_table_node]: Startup motion disabled at node load; motion begins only after clear_table command.
[give_medication-14] [INFO] [1776120775.368487057] [give_medication_node]: Vision service is ready.
[vision_apriltag-9] [INFO] [1776120775.381382274] [vision_apriltag_node]: Vision AprilTag Node Started
[give_medication-14] [INFO] [1776120775.382802512] [give_medication_node]: give_medication ready.
[vision_apriltag-9] [INFO] [1776120775.383450525] [vision_apriltag_node]: Subscribing to camera topic: /wrist_mounted_camera/image
[vision_apriltag-9] [INFO] [1776120775.385760284] [vision_apriltag_node]: Subscribing to camera info topic: /wrist_mounted_camera/camera_info
[vision_apriltag-9] [INFO] [1776120775.387633983] [vision_apriltag_node]: Camera frame: wrist_mounted_camera_color_optical_frame | use_image_header_frame=True
[vision_apriltag-9] [INFO] [1776120775.389654507] [vision_apriltag_node]: Tag size: 0.025m | pose_cache_retention_s=20.0 | get_pose_wait_timeout_s=5.0 | max_returned_pose_age_s=20.0 | camera_params=[554.25, 554.25, 320.0, 240.0] | families=tag36h11 | quad_decimate=1.0 | requested_backend=opencv | backend=cv2.aruco | opencv_pose_solver=ippe_square | use_image_timestamp_for_tf=False
[vision_apriltag-9] [INFO] [1776120775.391776594] [vision_apriltag_node]: Top-tag known-plane projection: enabled=True, planes={3: 0.10995, 4: 0.15155}
[vision_apriltag-9] [INFO] [1776120775.394270114] [vision_apriltag_node]: pupil_apriltags tuning: nthreads=1, quad_sigma=0.0, refine_edges=1, decode_sharpening=0.25, debug=0, preprocess_variants=['raw', 'clahe', 'adaptive', 'clahe_sharp', 'clahe_up2', 'sharp_up2'], tile_search_if_empty=True, tile_search_grid=3x2, tile_search_scale=2.0, tile_search_overlap=0.25
[vision_apriltag-9] [WARN] [1776120775.396663285] [vision_apriltag_node]: pupil_apriltags is not importable by this node, so detection is using OpenCV fallback only. python=/usr/bin/python3, import_error=No module named 'pupil_apriltags'. If .venv contains pupil_apriltags, rebuild adl_tasks with that venv active or run the module with the venv Python.
[vision_apriltag-9] [INFO] [1776120775.399078701] [vision_apriltag_node]: Publishing AprilTag debug images on /vision_apriltag/debug_image at up to 1.0 Hz.
[scene_from_vision-10] [INFO] [1776120775.417480984] [scene_from_vision_node]: SceneFromVision: Updating planning scene. Tracking 5 object shape(s). memory_mode=True, scan_duration_s=5.0, scan_min_samples=3, scan_target_samples=8, scan_extend_step_s=1.5, scan_max_extensions=2, scan_prune_unseen_objects=False, continuous_scene_updates=False, latch_first_detection_updates=True, log_object_pose_debug=False, apply_planning_scene_service_updates=True, publish_monitored_planning_scene_updates=True, side_viewpoint=wrist_mounted_camera_color_optical_frame->base_link, reject_table_objects_outside_bounds=False.
[scene_from_vision-10] [INFO] [1776120775.418608155] [scene_from_vision_node]: SceneFromVision calibration: xy_offset=(0.000, 0.020), z_offset=0.000, yaw_deg=0.00, xy_scale=1.0000, clamp_table_objects_to_table_bounds=False, table_bounds_margin_m=0.030.
[scene_from_vision-10] [INFO] [1776120775.419838698] [scene_from_vision_node]: SceneFromVision object offsets: remote_axis=y, remote_tag_to_center_sign=-1.0, remote_tag_from_end_m=0.020, remote_world_offset=(-0.063, 0.000), remote_yaw_offset_deg=0.0, cube_tag_to_center=(0.000, 0.000), cube_world_offset=(0.000, 0.000), cube_yaw_offset_deg=0.0, medication_face_to_center_m=0.030, cup_face_to_center_m=0.037.
[adl_ui-15] 127.0.0.1 - - [13/Apr/2026 18:52:55] "GET /status_json HTTP/1.1" 200 -
[pick_dropped_bottle-12] [INFO] [1776120775.568311712] [pick_dropped_bottle_node]: Vision service is ready.
[pick_dropped_bottle-12] [INFO] [1776120775.576208105] [pick_dropped_bottle_node]: PickDroppedBottle ready. Waiting for command.
[pick_dropped_bottle-12] [INFO] [1776120775.576906278] [pick_dropped_bottle_node]: Startup motion disabled at node load; motion begins only after pick_dropped_bottle command.
[vision_apriltag-9] [INFO] [1776120775.823904179] [vision_apriltag_node]: Vision AprilTag camera model updated from CameraInfo: size=1280x720, fx=920.87, fy=921.57, cx=644.76, cy=343.15, d=[0.0, 0.0, 0.0, 0.0, 0.0]
[vision_apriltag-9] [INFO] [1776120776.274410200] [vision_apriltag_node]: Vision AprilTag detection debug: no tags found after raw/CLAHE/sharp/adaptive/upscaled/tiled passes.
[ros2_control_node-1] [INFO] [1776120776.302458300] [controller_manager]: Loading controller : 'robotiq_gripper_controller' of type 'position_controllers/GripperActionController'
[ros2_control_node-1] [INFO] [1776120776.302508454] [controller_manager]: Loading controller 'robotiq_gripper_controller'
[ros2_control_node-1] [INFO] [1776120776.306548597] [controller_manager]: Controller 'robotiq_gripper_controller' node arguments: --ros-args --params-file /home/carrt-cse-project/workspace/ros2_kortex_ws/install/adl_tasks/share/adl_tasks/config/ros2_controllers_vbox.yaml --params-file /tmp/launch_params_7fs05umc 
[scene_static-7] [WARN] [1776120776.345186801] [scene_static_node]: Planning scene service not available, waiting...
[ros2_control_node-1] [WARN] [1776120776.365963522] [robotiq_gripper_controller]: [Deprecated]: the `position_controllers/GripperActionController` and `effort_controllers::GripperActionController` controllers are replaced by 'parallel_gripper_controllers/GripperActionController' controller
[spawner-18] [INFO] [1776120776.385956616] [spawner_robotiq_gripper_controller]: Loaded robotiq_gripper_controller
[ros2_control_node-1] [INFO] [1776120776.390329930] [controller_manager]: Configuring controller: 'robotiq_gripper_controller'
[ros2_control_node-1] [INFO] [1776120776.390475589] [robotiq_gripper_controller]: Action status changes will be monitored at 20.000000 Hz.
[adl_ui-15] 127.0.0.1 - - [13/Apr/2026 18:52:56] "GET /status_json HTTP/1.1" 200 -
[ros2_control_node-1] [INFO] [1776120776.409425960] [controller_manager]: Activating controllers: [ robotiq_gripper_controller ]
[ros2_control_node-1] [INFO] [1776120776.631045419] [controller_manager]: Successfully switched controllers!
[spawner-18] [INFO] [1776120776.644576887] [spawner_robotiq_gripper_controller]: Configured and activated robotiq_gripper_controller
[INFO] [spawner-18]: process has finished cleanly [pid 32803]
[adl_ui-15] 127.0.0.1 - - [13/Apr/2026 18:52:57] "GET /status_json HTTP/1.1" 200 -
[spawner-17] [INFO] [1776120777.190157547] [spawner_twist_controller]: waiting for service /controller_manager/list_controllers to become available...
[vision_apriltag-9] [INFO] [1776120777.323887635] [vision_apriltag_node]: Vision AprilTag: images are arriving on /wrist_mounted_camera/image, but no AprilTags have been detected yet.
[ros2_control_node-1] [INFO] [1776120777.699272567] [controller_manager]: Loading controller : 'twist_controller' of type 'picknik_twist_controller/PicknikTwistController'
[ros2_control_node-1] [INFO] [1776120777.699312002] [controller_manager]: Loading controller 'twist_controller'
[ros2_control_node-1] [INFO] [1776120777.708609078] [controller_manager]: Controller 'twist_controller' node arguments: --ros-args --params-file /home/carrt-cse-project/workspace/ros2_kortex_ws/install/adl_tasks/share/adl_tasks/config/ros2_controllers_vbox.yaml --params-file /tmp/launch_params_7fs05umc 
[spawner-17] [INFO] [1776120777.745120614] [spawner_twist_controller]: Loaded twist_controller
[ros2_control_node-1] [INFO] [1776120777.751221746] [controller_manager]: Configuring controller: 'twist_controller'
[ros2_control_node-1] [INFO] [1776120777.761296094] [twist_controller]: configure successful
[adl_ui-15] 127.0.0.1 - - [13/Apr/2026 18:52:57] "GET /status_json HTTP/1.1" 200 -
[INFO] [spawner-17]: process has finished cleanly [pid 32802]
[spawner-16] [INFO] [1776120778.010578709] [spawner_joint_trajectory_controller]: waiting for service /controller_manager/list_controllers to become available...
[ros2_control_node-1] [INFO] [1776120778.269452072] [controller_manager]: Loading controller : 'joint_trajectory_controller' of type 'joint_trajectory_controller/JointTrajectoryController'
[ros2_control_node-1] [INFO] [1776120778.269540536] [controller_manager]: Loading controller 'joint_trajectory_controller'
[ros2_control_node-1] [INFO] [1776120778.282024229] [controller_manager]: Controller 'joint_trajectory_controller' node arguments: --ros-args --params-file /home/carrt-cse-project/workspace/ros2_kortex_ws/install/adl_tasks/share/adl_tasks/config/ros2_controllers_vbox.yaml --params-file /tmp/launch_params_7fs05umc 
[scene_static-7] [WARN] [1776120778.349146829] [scene_static_node]: Planning scene service not available, waiting...
[spawner-16] [INFO] [1776120778.369500993] [spawner_joint_trajectory_controller]: Loaded joint_trajectory_controller
[ros2_control_node-1] [INFO] [1776120778.371451522] [controller_manager]: Configuring controller: 'joint_trajectory_controller'
[ros2_control_node-1] [INFO] [1776120778.372270565] [joint_trajectory_controller]: No specific joint names are used for command interfaces. Using 'joints' parameter.
[ros2_control_node-1] [INFO] [1776120778.372636305] [joint_trajectory_controller]: Command interfaces are [position] and state interfaces are [position velocity].
[ros2_control_node-1] [INFO] [1776120778.375391526] [joint_trajectory_controller]: Using 'splines' interpolation method.
[ros2_control_node-1] [INFO] [1776120778.388650636] [joint_trajectory_controller]: Action status changes will be monitored at 10.00 Hz.
[ros2_control_node-1] [INFO] [1776120778.428233884] [controller_manager]: Activating controllers: [ joint_trajectory_controller ]
[adl_ui-15] 127.0.0.1 - - [13/Apr/2026 18:52:58] "GET /status_json HTTP/1.1" 200 -
[ros2_control_node-1] [INFO] [1776120778.656113058] [controller_manager]: Successfully switched controllers!
[spawner-16] [INFO] [1776120778.667889801] [spawner_joint_trajectory_controller]: Configured and activated joint_trajectory_controller
[spawner-19] [INFO] [1776120778.869324679] [spawner_fault_controller]: waiting for service /controller_manager/list_controllers to become available...
[INFO] [spawner-16]: process has finished cleanly [pid 32801]
[ros2_control_node-1] [INFO] [1776120779.131222938] [controller_manager]: Loading controller : 'fault_controller' of type 'picknik_reset_fault_controller/PicknikResetFaultController'
[ros2_control_node-1] [INFO] [1776120779.131314383] [controller_manager]: Loading controller 'fault_controller'
[ros2_control_node-1] [INFO] [1776120779.136244881] [controller_manager]: Controller 'fault_controller' node arguments: --ros-args --params-file /home/carrt-cse-project/workspace/ros2_kortex_ws/install/adl_tasks/share/adl_tasks/config/ros2_controllers_vbox.yaml --params-file /tmp/launch_params_7fs05umc 
[spawner-19] [INFO] [1776120779.208515207] [spawner_fault_controller]: Loaded fault_controller
[ros2_control_node-1] [INFO] [1776120779.292568879] [controller_manager]: Configuring controller: 'fault_controller'
[ros2_control_node-1] [INFO] [1776120779.304628276] [controller_manager]: Activating controllers: [ fault_controller ]
[adl_ui-15] 127.0.0.1 - - [13/Apr/2026 18:52:59] "GET /status_json HTTP/1.1" 200 -
[ros2_control_node-1] [INFO] [1776120779.528253057] [controller_manager]: Successfully switched controllers!
[spawner-19] [INFO] [1776120779.546875902] [spawner_fault_controller]: Configured and activated fault_controller
[vision_apriltag-9] [INFO] [1776120779.582905797] [vision_apriltag_node]: Vision AprilTag: images are arriving on /wrist_mounted_camera/image, but no AprilTags have been detected yet.
[INFO] [spawner-19]: process has finished cleanly [pid 32804]
[adl_ui-15] 127.0.0.1 - - [13/Apr/2026 18:53:00] "GET /status_json HTTP/1.1" 200 -
[wrist_camera_usb_publisher-8] [INFO] [1776120780.327134053] [wrist_camera_usb_publisher_node]: USB camera publisher heartbeat: publishing 1280x720 frames on /wrist_mounted_camera/image; camera_info fx=920.87, fy=921.57, cx=644.76, cy=343.15.
[scene_static-7] [WARN] [1776120780.357310074] [scene_static_node]: Planning scene service not available, waiting...
[INFO] [move_group-20]: process started with pid [32906]
[INFO] [rviz2-21]: process started with pid [32907]
[move_group-20] [INFO] [1776120780.798785032] [move_group.moveit.moveit.ros.rdf_loader]: Loaded robot model in 0.0105126 seconds
[move_group-20] [INFO] [1776120780.799304605] [move_group.moveit.moveit.core.robot_model]: Loading robot model 'gen3'...
[move_group-20] [INFO] [1776120780.799332044] [move_group.moveit.moveit.core.robot_model]: No root/virtual joint specified in SRDF. Assuming fixed joint
[adl_ui-15] 127.0.0.1 - - [13/Apr/2026 18:53:00] "GET /status_json HTTP/1.1" 200 -
[move_group-20] [INFO] [1776120780.991270418] [move_group.moveit.moveit.kinematics.kdl_kinematics_plugin]: Joint weights for group 'manipulator': 1 1 1 1 1 1 1
[rviz2-21] [INFO] [1776120781.124265342] [rviz2]: Stereo is NOT SUPPORTED
[rviz2-21] [INFO] [1776120781.124363947] [rviz2]: OpenGl version: 4.6 (GLSL 4.6)
[rviz2-21] [INFO] [1776120781.157901736] [rviz2]: Stereo is NOT SUPPORTED
[vision_apriltag-9] [INFO] [1776120781.327311691] [vision_apriltag_node]: Vision AprilTag: images are arriving on /wrist_mounted_camera/image, but no AprilTags have been detected yet.
[vision_apriltag-9] [INFO] [1776120781.529837559] [vision_apriltag_node]: Vision AprilTag detection debug: no tags found after raw/CLAHE/sharp/adaptive/upscaled/tiled passes.
[move_group-20] [INFO] [1776120781.615407081] [move_group.moveit.moveit.ros.planning_scene_monitor]: Publishing maintained planning scene on 'monitored_planning_scene'
[move_group-20] [INFO] [1776120781.615574282] [move_group.moveit.moveit.ros.moveit_cpp]: Listening to 'joint_states' for joint states
[move_group-20] [INFO] [1776120781.617053314] [move_group.moveit.moveit.ros.current_state_monitor]: Listening to joint states on topic 'joint_states'
[move_group-20] [INFO] [1776120781.617987465] [move_group.moveit.moveit.ros.planning_scene_monitor]: Listening to '/attached_collision_object' for attached collision objects
[move_group-20] [INFO] [1776120781.618032724] [move_group.moveit.moveit.ros.planning_scene_monitor]: Stopping existing planning scene publisher.
[move_group-20] [INFO] [1776120781.618960100] [move_group.moveit.moveit.ros.planning_scene_monitor]: Stopped publishing maintained planning scene.
[move_group-20] [INFO] [1776120781.619688537] [move_group.moveit.moveit.ros.planning_scene_monitor]: Publishing maintained planning scene on 'monitored_planning_scene'
[move_group-20] [INFO] [1776120781.619806209] [move_group.moveit.moveit.ros.planning_scene_monitor]: Starting planning scene monitor
[move_group-20] [INFO] [1776120781.620355525] [move_group.moveit.moveit.ros.planning_scene_monitor]: Listening to '/planning_scene'
[move_group-20] [INFO] [1776120781.620377406] [move_group.moveit.moveit.ros.planning_scene_monitor]: Starting world geometry update monitor for collision objects, attached objects, octomap updates.
[move_group-20] [INFO] [1776120781.621179120] [move_group.moveit.moveit.ros.planning_scene_monitor]: Listening to 'collision_object'
[move_group-20] [INFO] [1776120781.625674320] [move_group.moveit.moveit.ros.planning_scene_monitor]: Listening to 'planning_scene_world' for planning scene world geometry
[move_group-20] [WARN] [1776120781.626716240] [move_group.moveit.moveit.ros.occupancy_map_monitor]: Resolution not specified for Octomap. Assuming resolution = 0.1 instead
[move_group-20] [ERROR] [1776120781.626772288] [move_group.moveit.moveit.ros.occupancy_map_monitor]: No 3D sensor plugin(s) defined for octomap updates
[rviz2-21] Warning: class_loader.impl: SEVERE WARNING!!! A namespace collision has occurred with plugin factory for class rviz_default_plugins::displays::InteractiveMarkerDisplay. New factory will OVERWRITE existing one. This situation occurs when libraries containing plugins are directly linked against an executable (the one running right now generating this message). Please separate plugins out into their own library or just don't link against the library and use either class_loader::ClassLoader/MultiLibraryClassLoader to open.
[rviz2-21]          at line 321 in /opt/ros/jazzy/include/class_loader/class_loader/class_loader_core.hpp
[rviz2-21] [WARN] [1776120781.671318172] [rcl.logging_rosout]: Publisher already registered for node name: 'rviz2_moveit'. If this is due to multiple nodes with the same name then all logs for the logger named 'rviz2_moveit' will go out over the existing publisher. As soon as any node with that name is destructed it will unregister the publisher, preventing any further logs for that name from being published on the rosout topic.
[adl_ui-15] 127.0.0.1 - - [13/Apr/2026 18:53:01] "GET /status_json HTTP/1.1" 200 -
[move_group-20] [INFO] [1776120782.248921785] [move_group.moveit.moveit.ros.planning_pipeline]: Successfully loaded planner 'OMPL'
[move_group-20] [INFO] [1776120782.254306881] [move_group]: Try loading adapter 'default_planning_request_adapters/ResolveConstraintFrames'
[move_group-20] [INFO] [1776120782.256427751] [move_group]: Loaded adapter 'default_planning_request_adapters/ResolveConstraintFrames'
[move_group-20] [INFO] [1776120782.256463959] [move_group]: Try loading adapter 'default_planning_request_adapters/ValidateWorkspaceBounds'
[move_group-20] [INFO] [1776120782.256997900] [move_group]: Loaded adapter 'default_planning_request_adapters/ValidateWorkspaceBounds'
[move_group-20] [INFO] [1776120782.257012347] [move_group]: Try loading adapter 'default_planning_request_adapters/CheckStartStateBounds'
[move_group-20] [INFO] [1776120782.257046954] [move_group]: Loaded adapter 'default_planning_request_adapters/CheckStartStateBounds'
[move_group-20] [INFO] [1776120782.257056026] [move_group]: Try loading adapter 'default_planning_request_adapters/CheckStartStateCollision'
[move_group-20] [INFO] [1776120782.257074253] [move_group]: Loaded adapter 'default_planning_request_adapters/CheckStartStateCollision'
[move_group-20] [INFO] [1776120782.263857109] [move_group]: Try loading adapter 'default_planning_response_adapters/AddTimeOptimalParameterization'
[move_group-20] [INFO] [1776120782.269895202] [move_group]: Loaded adapter 'default_planning_response_adapters/AddTimeOptimalParameterization'
[move_group-20] [INFO] [1776120782.269921198] [move_group]: Try loading adapter 'default_planning_response_adapters/ValidateSolution'
[move_group-20] [INFO] [1776120782.275371777] [move_group]: Loaded adapter 'default_planning_response_adapters/ValidateSolution'
[move_group-20] [INFO] [1776120782.275407169] [move_group]: Try loading adapter 'default_planning_response_adapters/DisplayMotionPath'
[move_group-20] [INFO] [1776120782.278441406] [move_group]: Loaded adapter 'default_planning_response_adapters/DisplayMotionPath'
[scene_static-7] [WARN] [1776120782.372759210] [scene_static_node]: Planning scene service not available, waiting...
[adl_ui-15] 127.0.0.1 - - [13/Apr/2026 18:53:02] "GET /status_json HTTP/1.1" 200 -
[move_group-20] [INFO] [1776120782.475688170] [move_group.moveit.moveit.plugins.simple_controller_manager]: Added FollowJointTrajectory controller for joint_trajectory_controller
[move_group-20] [INFO] [1776120782.477627015] [move_group.moveit.moveit.plugins.simple_controller_manager]: robotiq_gripper_controller will command a max effort of: 0
[move_group-20] [INFO] [1776120782.502035663] [move_group.moveit.moveit.plugins.simple_controller_manager]: Added GripperCommand controller for robotiq_gripper_controller
[move_group-20] [INFO] [1776120782.505239848] [move_group.moveit.moveit.plugins.simple_controller_manager]: Returned 2 controllers in list
[move_group-20] [INFO] [1776120782.505311030] [move_group.moveit.moveit.plugins.simple_controller_manager]: Returned 2 controllers in list
[ros2_control_node-1] [INFO] [1776120782.508913506] [controller_manager]: Received robot description from topic.
[ros2_control_node-1] [WARN] [1776120782.508961765] [controller_manager]: ResourceManager has already loaded a urdf. Ignoring attempt to reload a robot description.
[move_group-20] [INFO] [1776120782.511119446] [move_group.moveit.moveit.ros.trajectory_execution_manager]: Trajectory execution is managing controllers
[move_group-20] [INFO] [1776120782.511157923] [move_group]: MoveGroup debug mode is ON
[move_group-20] [INFO] [1776120782.615013197] [move_group.moveit.moveit.ros.move_group.executable]: 
[move_group-20] 
[move_group-20] ********************************************************
[move_group-20] * MoveGroup using: 
[move_group-20] *     - apply_planning_scene_service
[move_group-20] *     - clear_octomap_service
[move_group-20] *     - get_group_urdf
[move_group-20] *     - load_geometry_from_file
[move_group-20] *     - CartesianPathService
[move_group-20] *     - execute_trajectory_action
[move_group-20] *     - get_planning_scene_service
[move_group-20] *     - kinematics_service
[move_group-20] *     - move_action
[move_group-20] *     - motion_plan_service
[move_group-20] *     - query_planners_service
[move_group-20] *     - state_validation_service
[move_group-20] *     - save_geometry_to_file
[move_group-20] ********************************************************
[move_group-20] 
[move_group-20] [INFO] [1776120782.615161363] [move_group.moveit.moveit.ros.move_group.context]: MoveGroup context using pipeline ompl
[move_group-20] [INFO] [1776120782.615184806] [move_group.moveit.moveit.ros.move_group.context]: MoveGroup context initialization complete
[move_group-20] [96mLoading 'move_group/ApplyPlanningSceneService'...[0m
[move_group-20] [96mLoading 'move_group/ClearOctomapService'...[0m
[move_group-20] [96mLoading 'move_group/GetUrdfService'...[0m
[move_group-20] [96mLoading 'move_group/LoadGeometryFromFileService'...[0m
[move_group-20] [96mLoading 'move_group/MoveGroupCartesianPathService'...[0m
[move_group-20] [96mLoading 'move_group/MoveGroupExecuteTrajectoryAction'...[0m
[move_group-20] [96mLoading 'move_group/MoveGroupGetPlanningSceneService'...[0m
[move_group-20] [96mLoading 'move_group/MoveGroupKinematicsService'...[0m
[move_group-20] [96mLoading 'move_group/MoveGroupMoveAction'...[0m
[move_group-20] [96mLoading 'move_group/MoveGroupPlanService'...[0m
[move_group-20] [96mLoading 'move_group/MoveGroupQueryPlannersService'...[0m
[move_group-20] [96mLoading 'move_group/MoveGroupStateValidationService'...[0m
[move_group-20] [96mLoading 'move_group/SaveGeometryToFileService'...[0m
[move_group-20] 
[move_group-20] [92mYou can start planning now![0m
[move_group-20] 
[scene_static-7] [INFO] [1776120782.625418759] [scene_static_node]: Planning scene service available. Building static scene...
[scene_static-7] [INFO] [1776120782.638053255] [scene_static_node]: Static scene built: 15 objects added to MoveIt planning scene.
[adl_ui-15] 127.0.0.1 - - [13/Apr/2026 18:53:03] "GET /status_json HTTP/1.1" 200 -
[vision_apriltag-9] [INFO] [1776120783.716126016] [vision_apriltag_node]: Vision AprilTag: images are arriving on /wrist_mounted_camera/image, but no AprilTags have been detected yet.
[adl_ui-15] 127.0.0.1 - - [13/Apr/2026 18:53:03] "GET /status_json HTTP/1.1" 200 -
[adl_ui-15] 127.0.0.1 - - [13/Apr/2026 18:53:04] "GET /status_json HTTP/1.1" 200 -
[rviz2-21] [ERROR] [1776120784.751457297] [rviz2_moveit.moveit.ros.motion_planning_frame]: Action server: /recognize_objects not available
[rviz2-21] [INFO] [1776120784.804028862] [rviz2_moveit.moveit.ros.motion_planning_frame]: MoveGroup namespace changed: / -> . Reloading params.
[rviz2-21] [INFO] [1776120784.888400816] [rviz2_moveit.moveit.ros.rdf_loader]: Loaded robot model in 0.0209619 seconds
[rviz2-21] [INFO] [1776120784.888486932] [rviz2_moveit.moveit.core.robot_model]: Loading robot model 'gen3'...
[rviz2-21] [INFO] [1776120784.888512263] [rviz2_moveit.moveit.core.robot_model]: No root/virtual joint specified in SRDF. Assuming fixed joint
[rviz2-21] [INFO] [1776120785.104972378] [rviz2_moveit.moveit.kinematics.kdl_kinematics_plugin]: Joint weights for group 'manipulator': 1 1 1 1 1 1 1
[vision_apriltag-9] [INFO] [1776120785.340874504] [vision_apriltag_node]: Vision AprilTag: images are arriving on /wrist_mounted_camera/image, but no AprilTags have been detected yet.
[adl_ui-15] 127.0.0.1 - - [13/Apr/2026 18:53:05] "GET /status_json HTTP/1.1" 200 -
[wrist_camera_usb_publisher-8] [INFO] [1776120785.491044560] [wrist_camera_usb_publisher_node]: USB camera publisher heartbeat: publishing 1280x720 frames on /wrist_mounted_camera/image; camera_info fx=920.87, fy=921.57, cx=644.76, cy=343.15.
[rviz2-21] [INFO] [1776120785.546734629] [rviz2_moveit.moveit.ros.planning_scene_monitor]: Starting planning scene monitor
[rviz2-21] [INFO] [1776120785.549468681] [rviz2_moveit.moveit.ros.planning_scene_monitor]: Listening to '/monitored_planning_scene'
[rviz2-21] [INFO] [1776120785.907184698] [interactive_marker_display_110083642720656]: Connected on namespace: /rviz_moveit_motion_planning_display/robot_interaction_interactive_marker_topic
[rviz2-21] [INFO] [1776120785.918767179] [rviz2_moveit.moveit.ros.robot_interaction]: No active joints or end effectors found for group 'gripper'. Make sure that kinematics.yaml is loaded in this node's namespace.
[rviz2-21] [INFO] [1776120785.922068259] [rviz2_moveit.moveit.ros.robot_interaction]: No active joints or end effectors found for group 'gripper'. Make sure that kinematics.yaml is loaded in this node's namespace.
[rviz2-21] [INFO] [1776120785.938587250] [rviz2_moveit.moveit.ros.motion_planning_frame]: group gripper
[rviz2-21] [INFO] [1776120785.938640347] [rviz2_moveit.moveit.ros.motion_planning_frame]: Constructing new MoveGroup connection for group 'gripper' in namespace ''
[rviz2-21] [INFO] [1776120785.969715794] [interactive_marker_display_110083642720656]: Sending request for interactive markers
[rviz2-21] [INFO] [1776120786.008890530] [interactive_marker_display_110083642720656]: Service response received for initialization
[rviz2-21] [INFO] [1776120786.027270347] [rviz2_moveit.moveit.ros.move_group_interface]: Ready to take commands for planning group gripper.
[rviz2-21] [INFO] [1776120786.028569677] [rviz2_moveit.moveit.ros.motion_planning_frame]: group gripper
[adl_ui-15] 127.0.0.1 - - [13/Apr/2026 18:53:06] "GET /status_json HTTP/1.1" 200 -
[vision_apriltag-9] [INFO] [1776120786.620451948] [vision_apriltag_node]: Vision AprilTag detection debug: no tags found after raw/CLAHE/sharp/adaptive/upscaled/tiled passes.
[adl_ui-15] 127.0.0.1 - - [13/Apr/2026 18:53:06] "GET /status_json HTTP/1.1" 200 -
[vision_apriltag-9] [INFO] [1776120787.326078503] [vision_apriltag_node]: Vision AprilTag: images are arriving on /wrist_mounted_camera/image, but no AprilTags have been detected yet.
[adl_ui-15] 127.0.0.1 - - [13/Apr/2026 18:53:07] "GET /status_json HTTP/1.1" 200 -
[adl_ui-15] 127.0.0.1 - - [13/Apr/2026 18:53:08] "GET /status_json HTTP/1.1" 200 -
[adl_ui-15] [INFO] [1776120789.094410373] [adl_ui_node]: UI command published: pick_dropped_bottle
[pick_dropped_bottle-12] [INFO] [1776120789.101343765] [pick_dropped_bottle_node]: Received bottle pick command. Starting task...
[adl_ui-15] 127.0.0.1 - - [13/Apr/2026 18:53:09] "POST /command HTTP/1.1" 200 -
[scene_from_vision-10] [INFO] [1776120789.108009049] [scene_from_vision_node]: Scene memory cleared. Removed remembered IDs: []
[pick_dropped_bottle-12] [INFO] [1776120789.158226937] [pick_dropped_bottle_node]: Scene memory cleared. Removed remembered IDs: []
[pick_dropped_bottle-12] [INFO] [1776120789.159156215] [pick_dropped_bottle_node]: [Bottle] Pre-task snapshot joints: joint_1=-0.001, joint_2=-0.356, joint_3=-3.126, joint_4=-2.497, joint_5=-0.003, joint_6=-0.874, joint_7=+1.579
[pick_dropped_bottle-12] [INFO] [1776120789.167935022] [pick_dropped_bottle_node]: [Bottle] Pre-task snapshot ee: pos=(0.139, -0.000, 0.343), ori=(0.708, 0.703, 0.047, 0.043)
[pick_dropped_bottle-12] [INFO] [1776120789.171106430] [pick_dropped_bottle_node]: Scene LOCKED.
[scene_from_vision-10] [INFO] [1776120789.178256429] [scene_from_vision_node]: Scene LOCKED - updates paused.
[adl_ui-15] 127.0.0.1 - - [13/Apr/2026 18:53:09] "GET /status_json HTTP/1.1" 200 -
[pick_dropped_bottle-12] [INFO] [1776120789.322172652] [pick_dropped_bottle_node]: is_near_look_at_ground: current arm is not at target (worst=joint_6:2.482 rad > 0.100).
[pick_dropped_bottle-12] [INFO] [1776120789.323092104] [pick_dropped_bottle_node]: is_near_look_at_ground: current arm is not at target (worst=joint_6:2.482 rad > 0.080).
[pick_dropped_bottle-12] [INFO] [1776120789.324193669] [pick_dropped_bottle_node]: look_at_ground: staging through look_at_table first to avoid a harsher startup branch.
[pick_dropped_bottle-12] [INFO] [1776120789.325019767] [pick_dropped_bottle_node]: is_near_look_at_table: current arm is not at target (worst=joint_4:0.483 rad > 0.080).
[pick_dropped_bottle-12] [INFO] [1776120789.326697820] [pick_dropped_bottle_node]: look_at_table: staging through a safer entry joint pose before the final scan posture.
[pick_dropped_bottle-12] [INFO] [1776120789.327689991] [pick_dropped_bottle_node]: look_at_table entry: current arm is not at target (worst=joint_4:0.222 rad > 0.080).
[pick_dropped_bottle-12] [INFO] [1776120789.328413949] [pick_dropped_bottle_node]: look_at_table entry: moving with deterministic fixed joint pose.
[move_group-20] [ERROR] [1776120789.329325083] [move_group.moveit.moveit.core.conversions]: Found empty JointState message
[INFO] [launch.user]: [arm_start.launch] move_group reported an empty JointState while sanitizer mode is active. Keeping the launch alive, but this still indicates a planning-state problem. move_group output: [ERROR] [1776120789.329325083] [move_group.moveit.moveit.core.conversions]: Found empty JointState message
[pick_dropped_bottle-12] [INFO] [1776120789.332122844] [pick_dropped_bottle_node]: Start state: collision-valid — no collisions (not a joint-bounds check).
[move_group-20] [INFO] [1776120789.334743904] [move_group.moveit.moveit.ros.move_group.move_action]: MoveGroupMoveAction: Received request
[move_group-20] [INFO] [1776120789.337892465] [move_group.moveit.moveit.ros.move_group.move_action]: executing..
[move_group-20] [INFO] [1776120789.339386538] [move_group.moveit.moveit.ros.move_group.move_action]: Combined planning and execution request received for MoveGroup action. Forwarding to planning and execution pipeline.
[move_group-20] [WARN] [1776120789.339440569] [move_group.moveit.moveit.ros.move_group.capability]: Execution of motions should always start at the robot's current state. Ignoring the state supplied as start state in the motion planning request
[move_group-20] [WARN] [1776120789.339461363] [move_group.moveit.moveit.ros.move_group.capability]: Execution of motions should always start at the robot's current state. Ignoring the state supplied as difference in the planning scene diff
[move_group-20] [INFO] [1776120789.339479302] [move_group.moveit.moveit.ros.plan_execution]: Planning attempt 1 of at most 1
[move_group-20] [INFO] [1776120789.340080182] [move_group]: Calling PlanningRequestAdapter 'ResolveConstraintFrames'
[move_group-20] [INFO] [1776120789.340129724] [move_group]: Calling PlanningRequestAdapter 'ValidateWorkspaceBounds'
[move_group-20] [INFO] [1776120789.340148264] [move_group]: Calling PlanningRequestAdapter 'CheckStartStateBounds'
[move_group-20] [INFO] [1776120789.341204590] [move_group]: Calling PlanningRequestAdapter 'CheckStartStateCollision'
[move_group-20] [INFO] [1776120789.343206658] [move_group.moveit.moveit.planners.ompl.model_based_planning_context]: Planner configuration 'manipulator' will use planner 'geometric::RRTConnect'. Additional configuration parameters will be set when the planner is constructed.
[move_group-20] [INFO] [1776120789.351742992] [move_group]: Calling Planner 'OMPL'
[move_group-20] [INFO] [1776120789.377492011] [move_group]: Calling PlanningResponseAdapter 'AddTimeOptimalParameterization'
[move_group-20] [INFO] [1776120789.383406937] [move_group]: Calling PlanningResponseAdapter 'ValidateSolution'
[move_group-20] [INFO] [1776120789.384290595] [move_group]: Calling PlanningResponseAdapter 'DisplayMotionPath'
[move_group-20] [WARN] [1776120789.384492476] [move_group.moveit.moveit.ros.planning_pipeline]: The planner plugin did not fill out the 'planner_id' field of the MotionPlanResponse. Setting it to the planner ID name of the MotionPlanRequest assuming that the planner plugin does warn you if it does not use the requested planner.
[move_group-20] [INFO] [1776120789.384723171] [move_group.moveit.moveit.plugins.simple_controller_manager]: Returned 2 controllers in list
[move_group-20] [INFO] [1776120789.384761525] [move_group.moveit.moveit.plugins.simple_controller_manager]: Returned 2 controllers in list
[move_group-20] [INFO] [1776120789.384851110] [move_group.moveit.moveit.ros.trajectory_execution_manager]: Validating trajectory with allowed_start_tolerance 0.01
[move_group-20] [INFO] [1776120789.409273490] [move_group.moveit.moveit.ros.trajectory_execution_manager]: Starting trajectory execution ...
[move_group-20] [INFO] [1776120789.409363415] [move_group.moveit.moveit.plugins.simple_controller_manager]: Returned 2 controllers in list
[move_group-20] [INFO] [1776120789.409414700] [move_group.moveit.moveit.plugins.simple_controller_manager]: Returned 2 controllers in list
[move_group-20] [INFO] [1776120789.409667459] [moveit.simple_controller_manager.follow_joint_trajectory_controller_handle]: sending trajectory to joint_trajectory_controller
[ros2_control_node-1] [INFO] [1776120789.411010626] [joint_trajectory_controller]: Received new action goal
[ros2_control_node-1] [INFO] [1776120789.411148021] [joint_trajectory_controller]: Accepted new action goal
[move_group-20] [INFO] [1776120789.411612151] [moveit.simple_controller_manager.follow_joint_trajectory_controller_handle]: joint_trajectory_controller started execution
[move_group-20] [INFO] [1776120789.411639784] [moveit.simple_controller_manager.follow_joint_trajectory_controller_handle]: Goal request accepted!
[vision_apriltag-9] [INFO] [1776120789.657920494] [vision_apriltag_node]: Vision AprilTag: scene is locked; detection publishing is paused.
[ros2_control_node-1] [ERROR] [1776120789.699094793] [KortexMultiInterfaceHardware]: Kortex exception: Device error, Error sub type=WRONG_SERVOING_MODE => <srv: 3, fct: 1, msgType: 3>
[ros2_control_node-1] description: Wrong servoing mode, must be low level servoing mode
[ros2_control_node-1] [ERROR] [1776120789.699145305] [KortexMultiInterfaceHardware]: Error sub-code: WRONG_SERVOING_MODE
[ros2_control_node-1] [WARN] [1776120789.699189299] [controller_manager]: Overrun might occur, Total time : 76757.602 us (Expected < 20000.000 us) --> Read time : 138.443 us, Update time : 659.148 us, Write time : 75960.011 us
[ros2_control_node-1] [WARN] [1776120789.699247462] [controller_manager]: Overrun detected! The controller manager missed its desired rate of 50 Hz. The loop took 76.884410 ms (missed cycles : 4).
[adl_ui-15] 127.0.0.1 - - [13/Apr/2026 18:53:09] "GET /status_json HTTP/1.1" 200 -
[wrist_camera_usb_publisher-8] [INFO] [1776120790.635942703] [wrist_camera_usb_publisher_node]: USB camera publisher heartbeat: publishing 1280x720 frames on /wrist_mounted_camera/image; camera_info fx=920.87, fy=921.57, cx=644.76, cy=343.15.
[adl_ui-15] 127.0.0.1 - - [13/Apr/2026 18:53:10] "GET /status_json HTTP/1.1" 200 -
[ros2_control_node-1] [ERROR] [1776120790.982554457] [tolerances]: State tolerances failed for joint 3:
[ros2_control_node-1] [ERROR] [1776120790.982590923] [tolerances]: Position Error: 0.151639, Position Tolerance: 0.150000
[ros2_control_node-1] [WARN] [1776120790.982753230] [joint_trajectory_controller]: Aborted due to state tolerance violation
[move_group-20] [WARN] [1776120791.018135441] [moveit.simple_controller_manager.follow_joint_trajectory_controller_handle]: Controller 'joint_trajectory_controller' failed with error PATH_TOLERANCE_VIOLATED: Aborted due to path tolerance violation
[move_group-20] [WARN] [1776120791.018187064] [move_group.moveit.moveit.ros.trajectory_execution_manager]: Controller handle joint_trajectory_controller reports status ABORTED
[move_group-20] [INFO] [1776120791.018224882] [move_group.moveit.moveit.ros.trajectory_execution_manager]: Completed trajectory execution with status ABORTED ...
[move_group-20] [INFO] [1776120791.021384241] [move_group.moveit.moveit.ros.move_group.move_action]: CONTROL_FAILED
[pick_dropped_bottle-12] [ERROR] [1776120791.030989689] [pick_dropped_bottle_node]: MoveGroup execution failed.
[pick_dropped_bottle-12]   error_code.val = -4
[pick_dropped_bottle-12]   group_name      = manipulator
[pick_dropped_bottle-12]   num_attempts    = 10
[pick_dropped_bottle-12]   allowed_time    = 18.0
[pick_dropped_bottle-12]   vel_scale       = 0.08
[pick_dropped_bottle-12]   accel_scale     = 0.06
[pick_dropped_bottle-12] If this persists, check move_group / controller logs for the meaning of this code (often control abort, invalid start state, or planning pipeline failure).
[pick_dropped_bottle-12] [WARN] [1776120791.034809375] [pick_dropped_bottle_node]: _recover_after_failure(): MoveGroup error_code=-4
[vision_apriltag-9] [INFO] [1776120791.327013411] [vision_apriltag_node]: Vision AprilTag: scene is locked; detection publishing is paused.
[adl_ui-15] 127.0.0.1 - - [13/Apr/2026 18:53:11] "GET /status_json HTTP/1.1" 200 -
[adl_ui-15] 127.0.0.1 - - [13/Apr/2026 18:53:12] "GET /status_json HTTP/1.1" 200 -
[pick_dropped_bottle-12] [WARN] [1776120792.238487784] [pick_dropped_bottle_node]: look_at_ground failed; falling back to look_at_table.
[pick_dropped_bottle-12] [INFO] [1776120792.241917311] [pick_dropped_bottle_node]: is_near_look_at_table: current arm is not at target (worst=joint_4:0.473 rad > 0.080).
[pick_dropped_bottle-12] [INFO] [1776120792.242582176] [pick_dropped_bottle_node]: look_at_table: staging through a safer entry joint pose before the final scan posture.
[pick_dropped_bottle-12] [INFO] [1776120792.243140581] [pick_dropped_bottle_node]: look_at_table entry: current arm is not at target (worst=joint_4:0.211 rad > 0.080).
[pick_dropped_bottle-12] [INFO] [1776120792.243556887] [pick_dropped_bottle_node]: look_at_table entry: moving with deterministic fixed joint pose.
[move_group-20] [ERROR] [1776120792.244189962] [move_group.moveit.moveit.core.conversions]: Found empty JointState message
[pick_dropped_bottle-12] [INFO] [1776120792.247310211] [pick_dropped_bottle_node]: Start state: collision-valid — no collisions (not a joint-bounds check).
[move_group-20] [INFO] [1776120792.248710028] [move_group.moveit.moveit.ros.move_group.move_action]: MoveGroupMoveAction: Received request
[move_group-20] [INFO] [1776120792.248984467] [move_group.moveit.moveit.ros.move_group.move_action]: executing..
[move_group-20] [INFO] [1776120792.258674708] [move_group.moveit.moveit.ros.move_group.move_action]: Combined planning and execution request received for MoveGroup action. Forwarding to planning and execution pipeline.
[move_group-20] [WARN] [1776120792.258730928] [move_group.moveit.moveit.ros.move_group.capability]: Execution of motions should always start at the robot's current state. Ignoring the state supplied as start state in the motion planning request
[move_group-20] [WARN] [1776120792.258751985] [move_group.moveit.moveit.ros.move_group.capability]: Execution of motions should always start at the robot's current state. Ignoring the state supplied as difference in the planning scene diff
[move_group-20] [INFO] [1776120792.258763696] [move_group.moveit.moveit.ros.plan_execution]: Planning attempt 1 of at most 1
[move_group-20] [INFO] [1776120792.258967050] [move_group]: Calling PlanningRequestAdapter 'ResolveConstraintFrames'
[move_group-20] [INFO] [1776120792.258989062] [move_group]: Calling PlanningRequestAdapter 'ValidateWorkspaceBounds'
[move_group-20] [INFO] [1776120792.258999061] [move_group]: Calling PlanningRequestAdapter 'CheckStartStateBounds'
[move_group-20] [INFO] [1776120792.259018860] [move_group]: Calling PlanningRequestAdapter 'CheckStartStateCollision'
[move_group-20] [INFO] [1776120792.259477039] [move_group.moveit.moveit.planners.ompl.model_based_planning_context]: Planner configuration 'manipulator' will use planner 'geometric::RRTConnect'. Additional configuration parameters will be set when the planner is constructed.
[move_group-20] [INFO] [1776120792.259549662] [move_group]: Calling Planner 'OMPL'
[move_group-20] [INFO] [1776120792.281996405] [move_group]: Calling PlanningResponseAdapter 'AddTimeOptimalParameterization'
[move_group-20] [INFO] [1776120792.284386908] [move_group]: Calling PlanningResponseAdapter 'ValidateSolution'
[move_group-20] [INFO] [1776120792.285333688] [move_group]: Calling PlanningResponseAdapter 'DisplayMotionPath'
[move_group-20] [WARN] [1776120792.285490057] [move_group.moveit.moveit.ros.planning_pipeline]: The planner plugin did not fill out the 'planner_id' field of the MotionPlanResponse. Setting it to the planner ID name of the MotionPlanRequest assuming that the planner plugin does warn you if it does not use the requested planner.
[move_group-20] [INFO] [1776120792.285697915] [move_group.moveit.moveit.plugins.simple_controller_manager]: Returned 2 controllers in list
[move_group-20] [INFO] [1776120792.285731721] [move_group.moveit.moveit.plugins.simple_controller_manager]: Returned 2 controllers in list
[move_group-20] [INFO] [1776120792.285822358] [move_group.moveit.moveit.ros.trajectory_execution_manager]: Validating trajectory with allowed_start_tolerance 0.01
[move_group-20] [INFO] [1776120792.299054839] [move_group.moveit.moveit.ros.trajectory_execution_manager]: Starting trajectory execution ...
[move_group-20] [INFO] [1776120792.299152966] [move_group.moveit.moveit.plugins.simple_controller_manager]: Returned 2 controllers in list
[move_group-20] [INFO] [1776120792.299192151] [move_group.moveit.moveit.plugins.simple_controller_manager]: Returned 2 controllers in list
[move_group-20] [INFO] [1776120792.299478570] [moveit.simple_controller_manager.follow_joint_trajectory_controller_handle]: sending trajectory to joint_trajectory_controller
[ros2_control_node-1] [INFO] [1776120792.300561840] [joint_trajectory_controller]: Received new action goal
[ros2_control_node-1] [INFO] [1776120792.300651024] [joint_trajectory_controller]: Accepted new action goal
[move_group-20] [INFO] [1776120792.302307097] [moveit.simple_controller_manager.follow_joint_trajectory_controller_handle]: joint_trajectory_controller started execution
[move_group-20] [INFO] [1776120792.302341684] [moveit.simple_controller_manager.follow_joint_trajectory_controller_handle]: Goal request accepted!
[adl_ui-15] 127.0.0.1 - - [13/Apr/2026 18:53:12] "GET /status_json HTTP/1.1" 200 -
[vision_apriltag-9] [INFO] [1776120793.324168335] [vision_apriltag_node]: Vision AprilTag: scene is locked; detection publishing is paused.
[adl_ui-15] 127.0.0.1 - - [13/Apr/2026 18:53:13] "GET /status_json HTTP/1.1" 200 -
[ros2_control_node-1] [ERROR] [1776120793.762621337] [tolerances]: State tolerances failed for joint 3:
[ros2_control_node-1] [ERROR] [1776120793.762674418] [tolerances]: Position Error: 0.151004, Position Tolerance: 0.150000
[ros2_control_node-1] [WARN] [1776120793.762750603] [joint_trajectory_controller]: Aborted due to state tolerance violation
[move_group-20] [WARN] [1776120793.801485924] [moveit.simple_controller_manager.follow_joint_trajectory_controller_handle]: Controller 'joint_trajectory_controller' failed with error PATH_TOLERANCE_VIOLATED: Aborted due to path tolerance violation
[move_group-20] [WARN] [1776120793.801549766] [move_group.moveit.moveit.ros.trajectory_execution_manager]: Controller handle joint_trajectory_controller reports status ABORTED
[move_group-20] [INFO] [1776120793.801592604] [move_group.moveit.moveit.ros.trajectory_execution_manager]: Completed trajectory execution with status ABORTED ...
[move_group-20] [INFO] [1776120793.809722563] [move_group.moveit.moveit.ros.move_group.move_action]: CONTROL_FAILED
[pick_dropped_bottle-12] [ERROR] [1776120793.814085764] [pick_dropped_bottle_node]: MoveGroup execution failed.
[pick_dropped_bottle-12]   error_code.val = -4
[pick_dropped_bottle-12]   group_name      = manipulator
[pick_dropped_bottle-12]   num_attempts    = 10
[pick_dropped_bottle-12]   allowed_time    = 18.0
[pick_dropped_bottle-12]   vel_scale       = 0.08
[pick_dropped_bottle-12]   accel_scale     = 0.06
[pick_dropped_bottle-12] If this persists, check move_group / controller logs for the meaning of this code (often control abort, invalid start state, or planning pipeline failure).
[pick_dropped_bottle-12] [WARN] [1776120793.814825292] [pick_dropped_bottle_node]: _recover_after_failure(): MoveGroup error_code=-4
[adl_ui-15] 127.0.0.1 - - [13/Apr/2026 18:53:14] "GET /status_json HTTP/1.1" 200 -
[scene_from_vision-10] [INFO] [1776120795.020261826] [scene_from_vision_node]: Scene UNLOCKED - updates resuming.
[pick_dropped_bottle-12] [INFO] [1776120795.020967727] [pick_dropped_bottle_node]: Scene UNLOCKED.
[adl_ui-15] 127.0.0.1 - - [13/Apr/2026 18:53:15] "GET /status_json HTTP/1.1" 200 -
[pick_dropped_bottle-12] [INFO] [1776120795.171852801] [pick_dropped_bottle_node]: Parking arm to retract pose (scan pose failure).
[pick_dropped_bottle-12] [INFO] [1776120795.306459740] [pick_dropped_bottle_node]: go_retract: planning to RETRACT_JOINTS...
[move_group-20] [ERROR] [1776120795.307220796] [move_group.moveit.moveit.core.conversions]: Found empty JointState message
[pick_dropped_bottle-12] [INFO] [1776120795.313520970] [pick_dropped_bottle_node]: Start state: collision-valid — no collisions (not a joint-bounds check).
[move_group-20] [INFO] [1776120795.314736143] [move_group.moveit.moveit.ros.move_group.move_action]: MoveGroupMoveAction: Received request
[move_group-20] [INFO] [1776120795.314931854] [move_group.moveit.moveit.ros.move_group.move_action]: executing..
[scene_from_vision-10] [INFO] [1776120795.318938326] [scene_from_vision_node]: Scene memory cleared. Removed remembered IDs: []
[move_group-20] [INFO] [1776120795.323529600] [move_group.moveit.moveit.ros.move_group.move_action]: Combined planning and execution request received for MoveGroup action. Forwarding to planning and execution pipeline.
[move_group-20] [WARN] [1776120795.323590718] [move_group.moveit.moveit.ros.move_group.capability]: Execution of motions should always start at the robot's current state. Ignoring the state supplied as start state in the motion planning request
[move_group-20] [WARN] [1776120795.323614990] [move_group.moveit.moveit.ros.move_group.capability]: Execution of motions should always start at the robot's current state. Ignoring the state supplied as difference in the planning scene diff
[move_group-20] [INFO] [1776120795.323629854] [move_group.moveit.moveit.ros.plan_execution]: Planning attempt 1 of at most 1
[move_group-20] [INFO] [1776120795.324310976] [move_group]: Calling PlanningRequestAdapter 'ResolveConstraintFrames'
[move_group-20] [INFO] [1776120795.324349778] [move_group]: Calling PlanningRequestAdapter 'ValidateWorkspaceBounds'
[move_group-20] [INFO] [1776120795.324367047] [move_group]: Calling PlanningRequestAdapter 'CheckStartStateBounds'
[move_group-20] [INFO] [1776120795.324399592] [move_group]: Calling PlanningRequestAdapter 'CheckStartStateCollision'
[vision_apriltag-9] [INFO] [1776120795.324652784] [vision_apriltag_node]: Vision AprilTag: images are arriving on /wrist_mounted_camera/image, but no AprilTags have been detected yet.
[move_group-20] [INFO] [1776120795.324788381] [move_group.moveit.moveit.planners.ompl.model_based_planning_context]: Planner configuration 'manipulator' will use planner 'geometric::RRTConnect'. Additional configuration parameters will be set when the planner is constructed.
[move_group-20] [INFO] [1776120795.326276637] [move_group]: Calling Planner 'OMPL'
[move_group-20] [INFO] [1776120795.348477728] [move_group]: Calling PlanningResponseAdapter 'AddTimeOptimalParameterization'
[move_group-20] [INFO] [1776120795.348874358] [move_group]: Calling PlanningResponseAdapter 'ValidateSolution'
[move_group-20] [INFO] [1776120795.349145823] [move_group]: Calling PlanningResponseAdapter 'DisplayMotionPath'
[move_group-20] [WARN] [1776120795.349254227] [move_group.moveit.moveit.ros.planning_pipeline]: The planner plugin did not fill out the 'planner_id' field of the MotionPlanResponse. Setting it to the planner ID name of the MotionPlanRequest assuming that the planner plugin does warn you if it does not use the requested planner.
[move_group-20] [INFO] [1776120795.349501664] [move_group.moveit.moveit.plugins.simple_controller_manager]: Returned 2 controllers in list
[move_group-20] [INFO] [1776120795.349537125] [move_group.moveit.moveit.plugins.simple_controller_manager]: Returned 2 controllers in list
[move_group-20] [INFO] [1776120795.349614974] [move_group.moveit.moveit.ros.trajectory_execution_manager]: Validating trajectory with allowed_start_tolerance 0.01
[move_group-20] [INFO] [1776120795.359032054] [move_group.moveit.moveit.ros.trajectory_execution_manager]: Starting trajectory execution ...
[move_group-20] [INFO] [1776120795.359106093] [move_group.moveit.moveit.plugins.simple_controller_manager]: Returned 2 controllers in list
[move_group-20] [INFO] [1776120795.359141755] [move_group.moveit.moveit.plugins.simple_controller_manager]: Returned 2 controllers in list
[move_group-20] [INFO] [1776120795.359362300] [moveit.simple_controller_manager.follow_joint_trajectory_controller_handle]: sending trajectory to joint_trajectory_controller
[move_group-20] [INFO] [1776120795.360087673] [moveit.simple_controller_manager.follow_joint_trajectory_controller_handle]: joint_trajectory_controller started execution
[move_group-20] [INFO] [1776120795.360099776] [moveit.simple_controller_manager.follow_joint_trajectory_controller_handle]: Goal request accepted!
[ros2_control_node-1] [INFO] [1776120795.359688134] [joint_trajectory_controller]: Received new action goal
[ros2_control_node-1] [INFO] [1776120795.359739850] [joint_trajectory_controller]: Accepted new action goal
[vision_apriltag-9] [INFO] [1776120795.531556191] [vision_apriltag_node]: Vision AprilTag detection debug: no tags found after raw/CLAHE/sharp/adaptive/upscaled/tiled passes.
[wrist_camera_usb_publisher-8] [INFO] [1776120795.796978923] [wrist_camera_usb_publisher_node]: USB camera publisher heartbeat: publishing 1280x720 frames on /wrist_mounted_camera/image; camera_info fx=920.87, fy=921.57, cx=644.76, cy=343.15.
[adl_ui-15] 127.0.0.1 - - [13/Apr/2026 18:53:15] "GET /status_json HTTP/1.1" 200 -
[move_group-20] [WARN] [1776120796.325493863] [moveit.simple_controller_manager.follow_joint_trajectory_controller_handle]: waitForExecution timed out
[move_group-20] [ERROR] [1776120796.325528953] [move_group.moveit.moveit.ros.trajectory_execution_manager]: Controller is taking too long to execute trajectory (the expected upper bound for the trajectory execution was 0.965275 seconds). Stopping trajectory.
[move_group-20] [INFO] [1776120796.325585988] [moveit.simple_controller_manager.follow_joint_trajectory_controller_handle]: Cancelling execution for joint_trajectory_controller
[ros2_control_node-1] [INFO] [1776120796.327562358] [joint_trajectory_controller]: Got request to cancel goal
[ros2_control_node-1] [INFO] [1776120796.327615870] [joint_trajectory_controller]: Canceling active action goal because cancel callback received.
[move_group-20] [INFO] [1776120796.327909311] [move_group.moveit.moveit.ros.trajectory_execution_manager]: Completed trajectory execution with status TIMED_OUT ...
[move_group-20] [INFO] [1776120796.329155012] [move_group.moveit.moveit.ros.move_group.move_action]: TIMED_OUT
[pick_dropped_bottle-12] [ERROR] [1776120796.339523554] [pick_dropped_bottle_node]: MoveGroup execution failed.
[pick_dropped_bottle-12]   error_code.val = -6
[pick_dropped_bottle-12]   group_name      = manipulator
[pick_dropped_bottle-12]   num_attempts    = 10
[pick_dropped_bottle-12]   allowed_time    = 15.0
[pick_dropped_bottle-12]   vel_scale       = 0.1
[pick_dropped_bottle-12]   accel_scale     = 0.08
[pick_dropped_bottle-12] If this persists, check move_group / controller logs for the meaning of this code (often control abort, invalid start state, or planning pipeline failure).
[pick_dropped_bottle-12] [WARN] [1776120796.340185129] [pick_dropped_bottle_node]: _recover_after_failure(): MoveGroup error_code=-6
[move_group-20] [INFO] [1776120796.360710381] [moveit.simple_controller_manager.follow_joint_trajectory_controller_handle]: Controller 'joint_trajectory_controller' successfully finished
[adl_ui-15] 127.0.0.1 - - [13/Apr/2026 18:53:16] "GET /status_json HTTP/1.1" 200 -
[vision_apriltag-9] [INFO] [1776120797.376662691] [vision_apriltag_node]: Vision AprilTag: images are arriving on /wrist_mounted_camera/image, but no AprilTags have been detected yet.
[adl_ui-15] 127.0.0.1 - - [13/Apr/2026 18:53:17] "GET /status_json HTTP/1.1" 200 -
[pick_dropped_bottle-12] [WARN] [1776120797.552749466] [pick_dropped_bottle_node]: go_retract failed; trying go_home fallback.
[pick_dropped_bottle-12] [INFO] [1776120797.553368803] [pick_dropped_bottle_node]: go_home: planning to HOME_JOINTS...
[adl_ui-15] 127.0.0.1 - - [13/Apr/2026 18:53:18] "GET /status_json HTTP/1.1" 200 -
[move_group-20] [ERROR] [1776120798.701077518] [move_group.moveit.moveit.core.conversions]: Found empty JointState message
[pick_dropped_bottle-12] [INFO] [1776120798.723162597] [pick_dropped_bottle_node]: Start state: collision-valid — no collisions (not a joint-bounds check).
[move_group-20] [INFO] [1776120798.731437082] [move_group.moveit.moveit.ros.move_group.move_action]: MoveGroupMoveAction: Received request
[move_group-20] [INFO] [1776120798.731733125] [move_group.moveit.moveit.ros.move_group.move_action]: executing..
[move_group-20] [INFO] [1776120798.741313603] [move_group.moveit.moveit.ros.move_group.move_action]: Combined planning and execution request received for MoveGroup action. Forwarding to planning and execution pipeline.
[move_group-20] [WARN] [1776120798.741373297] [move_group.moveit.moveit.ros.move_group.capability]: Execution of motions should always start at the robot's current state. Ignoring the state supplied as start state in the motion planning request
[move_group-20] [WARN] [1776120798.741394282] [move_group.moveit.moveit.ros.move_group.capability]: Execution of motions should always start at the robot's current state. Ignoring the state supplied as difference in the planning scene diff
[move_group-20] [INFO] [1776120798.741405739] [move_group.moveit.moveit.ros.plan_execution]: Planning attempt 1 of at most 1
[move_group-20] [INFO] [1776120798.741675505] [move_group]: Calling PlanningRequestAdapter 'ResolveConstraintFrames'
[move_group-20] [INFO] [1776120798.741705723] [move_group]: Calling PlanningRequestAdapter 'ValidateWorkspaceBounds'
[move_group-20] [INFO] [1776120798.741720735] [move_group]: Calling PlanningRequestAdapter 'CheckStartStateBounds'
[move_group-20] [INFO] [1776120798.741754044] [move_group]: Calling PlanningRequestAdapter 'CheckStartStateCollision'
[move_group-20] [INFO] [1776120798.742124572] [move_group.moveit.moveit.planners.ompl.model_based_planning_context]: Planner configuration 'manipulator' will use planner 'geometric::RRTConnect'. Additional configuration parameters will be set when the planner is constructed.
[move_group-20] [INFO] [1776120798.742193563] [move_group]: Calling Planner 'OMPL'
[move_group-20] [INFO] [1776120798.781826645] [move_group]: Calling PlanningResponseAdapter 'AddTimeOptimalParameterization'
[move_group-20] [INFO] [1776120798.817220157] [move_group]: Calling PlanningResponseAdapter 'ValidateSolution'
[move_group-20] [INFO] [1776120798.826074142] [move_group]: Calling PlanningResponseAdapter 'DisplayMotionPath'
[move_group-20] [WARN] [1776120798.826875291] [move_group.moveit.moveit.ros.planning_pipeline]: The planner plugin did not fill out the 'planner_id' field of the MotionPlanResponse. Setting it to the planner ID name of the MotionPlanRequest assuming that the planner plugin does warn you if it does not use the requested planner.
[move_group-20] [INFO] [1776120798.827735079] [move_group.moveit.moveit.plugins.simple_controller_manager]: Returned 2 controllers in list
[move_group-20] [INFO] [1776120798.827775626] [move_group.moveit.moveit.plugins.simple_controller_manager]: Returned 2 controllers in list
[move_group-20] [INFO] [1776120798.827943911] [move_group.moveit.moveit.ros.trajectory_execution_manager]: Validating trajectory with allowed_start_tolerance 0.01
[move_group-20] [INFO] [1776120798.842988727] [move_group.moveit.moveit.ros.trajectory_execution_manager]: Starting trajectory execution ...
[move_group-20] [INFO] [1776120798.843072330] [move_group.moveit.moveit.plugins.simple_controller_manager]: Returned 2 controllers in list
[move_group-20] [INFO] [1776120798.843107489] [move_group.moveit.moveit.plugins.simple_controller_manager]: Returned 2 controllers in list
[move_group-20] [INFO] [1776120798.843312724] [moveit.simple_controller_manager.follow_joint_trajectory_controller_handle]: sending trajectory to joint_trajectory_controller
[ros2_control_node-1] [INFO] [1776120798.845773686] [joint_trajectory_controller]: Received new action goal
[ros2_control_node-1] [INFO] [1776120798.845945347] [joint_trajectory_controller]: Accepted new action goal
[move_group-20] [INFO] [1776120798.847324863] [moveit.simple_controller_manager.follow_joint_trajectory_controller_handle]: joint_trajectory_controller started execution
[move_group-20] [INFO] [1776120798.847364323] [moveit.simple_controller_manager.follow_joint_trajectory_controller_handle]: Goal request accepted!
[adl_ui-15] 127.0.0.1 - - [13/Apr/2026 18:53:18] "GET /status_json HTTP/1.1" 200 -
[vision_apriltag-9] [INFO] [1776120799.582987307] [vision_apriltag_node]: Vision AprilTag: images are arriving on /wrist_mounted_camera/image, but no AprilTags have been detected yet.
[adl_ui-15] 127.0.0.1 - - [13/Apr/2026 18:53:19] "GET /status_json HTTP/1.1" 200 -
[adl_controller-11] [WARN] [1776120800.328386898] [adl_controller_node]: Scene clear timed out after pick_dropped_bottle terminal transition.
[adl_ui-15] 127.0.0.1 - - [13/Apr/2026 18:53:20] "GET /status_json HTTP/1.1" 200 -
[vision_apriltag-9] [INFO] [1776120800.661291679] [vision_apriltag_node]: Vision AprilTag detection debug: no tags found after raw/CLAHE/sharp/adaptive/upscaled/tiled passes.
[wrist_camera_usb_publisher-8] [INFO] [1776120800.960993138] [wrist_camera_usb_publisher_node]: USB camera publisher heartbeat: publishing 1280x720 frames on /wrist_mounted_camera/image; camera_info fx=920.87, fy=921.57, cx=644.76, cy=343.15.
[ros2_control_node-1] [ERROR] [1776120801.022552278] [tolerances]: State tolerances failed for joint 5:
[ros2_control_node-1] [ERROR] [1776120801.022590649] [tolerances]: Position Error: 0.150532, Position Tolerance: 0.150000
[ros2_control_node-1] [WARN] [1776120801.022653139] [joint_trajectory_controller]: Aborted due to state tolerance violation
[move_group-20] [WARN] [1776120801.048521179] [moveit.simple_controller_manager.follow_joint_trajectory_controller_handle]: Controller 'joint_trajectory_controller' failed with error PATH_TOLERANCE_VIOLATED: Aborted due to path tolerance violation
[move_group-20] [WARN] [1776120801.048566150] [move_group.moveit.moveit.ros.trajectory_execution_manager]: Controller handle joint_trajectory_controller reports status ABORTED
[move_group-20] [INFO] [1776120801.048597653] [move_group.moveit.moveit.ros.trajectory_execution_manager]: Completed trajectory execution with status ABORTED ...
[move_group-20] [INFO] [1776120801.052802394] [move_group.moveit.moveit.ros.move_group.move_action]: CONTROL_FAILED
[pick_dropped_bottle-12] [ERROR] [1776120801.067577378] [pick_dropped_bottle_node]: MoveGroup execution failed.
[pick_dropped_bottle-12]   error_code.val = -4
[pick_dropped_bottle-12]   group_name      = manipulator
[pick_dropped_bottle-12]   num_attempts    = 10
[pick_dropped_bottle-12]   allowed_time    = 20.0
[pick_dropped_bottle-12]   vel_scale       = 0.06
[pick_dropped_bottle-12]   accel_scale     = 0.04
[pick_dropped_bottle-12] If this persists, check move_group / controller logs for the meaning of this code (often control abort, invalid start state, or planning pipeline failure).
[pick_dropped_bottle-12] [WARN] [1776120801.068357599] [pick_dropped_bottle_node]: _recover_after_failure(): MoveGroup error_code=-4
[adl_ui-15] 127.0.0.1 - - [13/Apr/2026 18:53:21] "GET /status_json HTTP/1.1" 200 -
[vision_apriltag-9] [INFO] [1776120801.457284022] [vision_apriltag_node]: Vision AprilTag: images are arriving on /wrist_mounted_camera/image, but no AprilTags have been detected yet.
[adl_ui-15] 127.0.0.1 - - [13/Apr/2026 18:53:21] "GET /status_json HTTP/1.1" 200 -
