
===== 2026-04-22T17:09:50-04:00 | T1_full =====
cwd=/home/carrt-cse-project/workspace/ros2_kortex_ws
cmd=ros2 launch adl_tasks adl_start.launch.py launch_rviz:=true 

[INFO] [launch]: All log files can be found below /home/carrt-cse-project/.ros/log/2026-04-22-17-09-50-626202-carrt-cse-project-OptiPlex-5050-4485
[INFO] [launch]: Default logging verbosity is set to INFO
[INFO] [launch.user]: [arm_start.launch] MoveIt current state source: /joint_states_sanitized. Use use_joint_state_sanitizer:=false for raw-state viewer debugging.
[INFO] [launch.user]: [arm_start.launch] Using ADL controller config (share/adl_tasks/config/ros2_controllers_vbox.yaml, update_rate:=1000 Hz).
[INFO] [ros2_control_node-1]: process started with pid [4490]
[INFO] [robot_state_publisher-2]: process started with pid [4491]
[INFO] [joint_state_sanitizer-3]: process started with pid [4492]
[INFO] [spawner-4]: process started with pid [4493]
[INFO] [static_transform_publisher-5]: process started with pid [4494]
[INFO] [static_transform_publisher-6]: process started with pid [4495]
[INFO] [scene_static-7]: process started with pid [4496]
[INFO] [wrist_camera_usb_publisher-8]: process started with pid [4497]
[INFO] [vision_apriltag-9]: process started with pid [4498]
[INFO] [scene_from_vision-10]: process started with pid [4499]
[INFO] [adl_controller-11]: process started with pid [4500]
[INFO] [pick_dropped_bottle-12]: process started with pid [4501]
[INFO] [clear_table-13]: process started with pid [4502]
[INFO] [give_medication-14]: process started with pid [4503]
[INFO] [adl_ui-15]: process started with pid [4504]
[static_transform_publisher-5] [INFO] [1776892191.180136569] [static_transform_publisher]: Spinning until stopped - publishing transform
[static_transform_publisher-5] translation: ('0.000000', '0.000000', '0.000000')
[static_transform_publisher-5] rotation: ('0.000000', '0.000000', '0.000000', '1.000000')
[static_transform_publisher-5] from 'world' to 'base_link'
[robot_state_publisher-2] [INFO] [1776892191.200475342] [robot_state_publisher]: Robot initialized
[static_transform_publisher-6] [INFO] [1776892191.205651176] [camera_color_optical_bridge_tf_pub]: Spinning until stopped - publishing transform
[static_transform_publisher-6] translation: ('0.000000', '0.000000', '0.000000')
[static_transform_publisher-6] rotation: ('0.000000', '0.000000', '0.000000', '1.000000')
[static_transform_publisher-6] from 'camera_color_frame' to 'wrist_mounted_camera_color_optical_frame'
[ros2_control_node-1] [INFO] [1776892191.376064210] [controller_manager]: Using Steady (Monotonic) clock for triggering controller manager cycles.
[ros2_control_node-1] [INFO] [1776892191.474597086] [controller_manager]: Subscribing to '/robot_description' topic for robot description.
[ros2_control_node-1] [INFO] [1776892191.490884203] [controller_manager]: update rate is 1000 Hz
[ros2_control_node-1] [INFO] [1776892191.490928195] [controller_manager]: Overruns handling is : enabled
[ros2_control_node-1] [INFO] [1776892191.490948268] [controller_manager]: Spawning controller_manager RT thread with scheduler priority: 50
[ros2_control_node-1] [INFO] [1776892191.492431361] [controller_manager]: Successful set up FIFO RT scheduling policy with priority 50.
[ros2_control_node-1] [INFO] [1776892191.495356653] [controller_manager]: Received robot description from topic.
[ros2_control_node-1] [INFO] [1776892191.495410184] [controller_manager]: Enforcing command limits is disabled. Command limits from URDF will be ignored.
[ros2_control_node-1] [INFO] [1776892191.512346441] [controller_manager]: Loading hardware 'KortexMultiInterfaceHardware' 
[ros2_control_node-1] [INFO] [1776892191.591287780] [KortexMultiInterfaceHardware]: Setting severity threshold to DEBUG
[ros2_control_node-1] [INFO] [1776892191.591955877] [controller_manager]: Loaded hardware 'KortexMultiInterfaceHardware' from plugin 'kortex_driver/KortexMultiInterfaceHardware'
[ros2_control_node-1] [INFO] [1776892191.593770181] [controller_manager]: Initialize hardware 'KortexMultiInterfaceHardware' 
[ros2_control_node-1] [INFO] [1776892191.631743949] [KortexMultiInterfaceHardware]: Configuring Hardware Interface
[ros2_control_node-1] [INFO] [1776892191.632114824] [KortexMultiInterfaceHardware]: Robot ip is '192.168.0.10'
[ros2_control_node-1] [INFO] [1776892191.632126592] [KortexMultiInterfaceHardware]: Username is 'admin'
[ros2_control_node-1] [INFO] [1776892191.632141029] [KortexMultiInterfaceHardware]: Port used '10000'
[ros2_control_node-1] [INFO] [1776892191.632148175] [KortexMultiInterfaceHardware]: Realtime port used '10001'
[ros2_control_node-1] [INFO] [1776892191.632153672] [KortexMultiInterfaceHardware]: Session inactivity timeout is '60000'
[ros2_control_node-1] [INFO] [1776892191.632159875] [KortexMultiInterfaceHardware]: Connection inactivity timeout is '2000'
[ros2_control_node-1] [INFO] [1776892191.632166975] [KortexMultiInterfaceHardware]: Gripper joint name is 'robotiq_85_left_knuckle_joint'
[ros2_control_node-1] [INFO] [1776892191.637636531] [KortexMultiInterfaceHardware]: Connecting to robot at 192.168.0.10
[spawner-4] [INFO] [1776892192.084671394] [spawner_joint_state_broadcaster]: waiting for service /controller_manager/list_controllers to become available...
[adl_ui-15] [INFO] [1776892192.105828247] [adl_ui_node]: ADL UI Node started.
[adl_ui-15] [INFO] [1776892192.111030798] [adl_ui_node]: Automatic retract on UI load is disabled; startup sends no motion.
[adl_ui-15] [INFO] [1776892192.116284121] [adl_ui_node]: Web UI available at http://localhost:5000
[adl_ui-15]  * Serving Flask app 'adl_tasks.adl_ui'
[adl_ui-15]  * Debug mode: off
[adl_ui-15] WARNING: This is a development server. Do not use it in a production deployment. Use a production WSGI server instead.
[adl_ui-15]  * Running on all addresses (0.0.0.0)
[adl_ui-15]  * Running on http://127.0.0.1:5000
[adl_ui-15]  * Running on http://192.168.0.231:5000
[adl_ui-15] Press CTRL+C to quit
[joint_state_sanitizer-3] [INFO] [1776892192.397839529] [joint_state_sanitizer_node]: joint_state_sanitizer started. raw=/joint_states -> sanitized=/joint_states_sanitized
[scene_static-7] [INFO] [1776892192.420845402] [scene_static_node]: Static Scene Node started.
[scene_static-7] [INFO] [1776892192.421762988] [scene_static_node]: WHEELCHAIR_BASE_HEIGHT = 0.36195m  |  Table surface at z = 0.118m | Table front-edge-from-base = 0.406m | Table center at x = 0.681m | table_edge_lip_margin=0.0127m | table_edge_lip_thickness=0.0127m | table_edge_lip_height=0.480m | include_wheelchair_wall=True | include_left_desk_wall=True | include_right_desk_wall=True | include_arm_base_under_block=True | include_arm_base_side_lips=True | include_arm_base_left_back_block=True | include_arm_base_right_back_half_block=True
[scene_static-7] [INFO] [1776892192.422605641] [scene_static_node]: Wheelchair wall geometry: center=(-0.465, 0.000, 0.482) size=(0.450, 0.700, 1.688)
[scene_static-7] [INFO] [1776892192.423520924] [scene_static_node]: Arm-base under-block geometry: center=(0.000, 0.000, -0.212) size=(0.302, 0.378, 0.300) | platform=(0.200, 0.200) | margins(front/back=0.051, left/right=0.089)
[scene_static-7] [INFO] [1776892192.424882828] [scene_static_node]: Arm-base side-lip geometry: left_y=0.198, right_y=-0.198, center_z=-0.047, size=(0.314, 0.006, 0.030) | x_offset=-0.076, outset=0.006, front/back_margin=0.006
[scene_static-7] [INFO] [1776892192.428846784] [scene_static_node]: Arm-base left-back block geometry: center=(-0.177, 0.312, 0.482) size=(0.100, 0.408, 1.688) | inner_faces(x=-0.127, y=0.108) | left_wall_inner_face_y=0.504 | into_left_wall=0.013
[scene_static-7] [INFO] [1776892192.430171884] [scene_static_node]: Arm-base right-back half block geometry: center=(-0.177, -0.312, 0.060) size=(0.100, 0.408, 0.844) | inner_faces(x=-0.127, y=-0.108) | right_wall_inner_face_y=-0.504 | into_right_wall=0.013
[scene_from_vision-10] [INFO] [1776892192.713484873] [scene_from_vision_node]: Scene From Vision Node Started
[scene_from_vision-10] [INFO] [1776892192.816947657] [scene_from_vision_node]: SceneFromVision: Updating planning scene. Tracking 5 object shape(s). memory_mode=True, scan_duration_s=5.0, scan_min_samples=3, scan_target_samples=8, scan_extend_step_s=0.0, scan_max_extensions=0, scan_prune_unseen_objects=False, continuous_scene_updates=False, latch_first_detection_updates=True, log_object_pose_debug=False, apply_planning_scene_service_updates=True, publish_monitored_planning_scene_updates=True, side_viewpoint=wrist_mounted_camera_color_optical_frame->base_link, reject_table_objects_outside_bounds=False.
[scene_from_vision-10] [INFO] [1776892192.820106723] [scene_from_vision_node]: SceneFromVision calibration: xy_offset=(0.000, 0.000), z_offset=0.000, yaw_deg=0.00, xy_scale=1.0000, clamp_table_objects_to_table_bounds=False, table_bounds_margin_m=0.030.
[scene_from_vision-10] [INFO] [1776892192.823039992] [scene_from_vision_node]: SceneFromVision object offsets: remote_axis=y, remote_tag_to_center_sign=-1.0, remote_tag_from_end_m=0.020, remote_world_offset=(-0.040, 0.000), cube_tag_to_center=(0.000, 0.000), cube_world_offset=(-0.020, -0.006), cube_yaw_offset_deg=0.0, medication_world_offset=(-0.090, -0.030), medication_face_to_center_m=0.030, cup_world_offset=(-0.085, -0.040), cup_face_to_center_m=0.037, cup_scene_scan_pose_xy_offsets={'side_right': (-0.02, -0.019), 'side_left': (-0.128, 0.003), 'side_fallback_center': (0.0, 0.0), 'side_unknown': (0.0, 0.0)}.
[pick_dropped_bottle-12] [INFO] [1776892192.941333849] [pick_dropped_bottle_node]: PickDroppedBottle starting...
[clear_table-13] [INFO] [1776892192.985713355] [clear_table_node]: Clear Table Node Started
[give_medication-14] [INFO] [1776892193.119992418] [give_medication_node]: give_medication starting...
[adl_controller-11] [INFO] [1776892193.165064326] [adl_controller_node]: MoveItHelper initialized. joint_state_topic=/joint_states_sanitized (sanitized_expected=True) real_hardware_mode=True short_cartesian_mode=hybrid
[adl_controller-11] [INFO] [1776892193.165693906] [adl_controller_node]: ADL_DIRECT_FIXED_JOINTS is unset; defaulting fixed-joint direct trajectories to disabled on real hardware (collision-aware MoveIt path first).
[adl_controller-11] [INFO] [1776892193.173001353] [adl_controller_node]: ADL controller ready. Waiting for UI/system commands.
[wrist_camera_usb_publisher-8] [INFO] [1776892193.232146145] [wrist_camera_usb_publisher_node]: USB camera publisher: trying camera source index 2.
[wrist_camera_usb_publisher-8] [ WARN:0@0.841] global ./modules/videoio/src/cap_v4l.cpp (902) open VIDEOIO(V4L2:/dev/video2): can't open camera by index
[wrist_camera_usb_publisher-8] [INFO] [1776892193.234460729] [wrist_camera_usb_publisher_node]: USB camera publisher: trying camera source index 0.
[wrist_camera_usb_publisher-8] [ WARN:0@0.842] global ./modules/videoio/src/cap_v4l.cpp (902) open VIDEOIO(V4L2:/dev/video0): can't open camera by index
[wrist_camera_usb_publisher-8] [INFO] [1776892193.234954604] [wrist_camera_usb_publisher_node]: USB camera publisher: trying camera source index 1.
[wrist_camera_usb_publisher-8] [ WARN:0@0.843] global ./modules/videoio/src/cap_v4l.cpp (902) open VIDEOIO(V4L2:/dev/video1): can't open camera by index
[wrist_camera_usb_publisher-8] [INFO] [1776892193.235463870] [wrist_camera_usb_publisher_node]: USB camera publisher: trying camera source index 3.
[wrist_camera_usb_publisher-8] [ WARN:0@0.843] global ./modules/videoio/src/cap_v4l.cpp (902) open VIDEOIO(V4L2:/dev/video3): can't open camera by index
[wrist_camera_usb_publisher-8] [INFO] [1776892193.236186081] [wrist_camera_usb_publisher_node]: USB camera publisher: trying camera source index 4.
[wrist_camera_usb_publisher-8] [ WARN:0@0.844] global ./modules/videoio/src/cap_v4l.cpp (902) open VIDEOIO(V4L2:/dev/video4): can't open camera by index
[wrist_camera_usb_publisher-8] [INFO] [1776892193.237131040] [wrist_camera_usb_publisher_node]: USB camera publisher: trying camera source index 5.
[wrist_camera_usb_publisher-8] [ WARN:0@0.845] global ./modules/videoio/src/cap_v4l.cpp (902) open VIDEOIO(V4L2:/dev/video5): can't open camera by index
[wrist_camera_usb_publisher-8] [WARN] [1776892193.238006611] [wrist_camera_usb_publisher_node]: USB camera publisher: V4L2 probing failed. Retrying default OpenCV backend on index 2.
[wrist_camera_usb_publisher-8] [ WARN:0@0.858] global ./modules/videoio/src/cap_gstreamer.cpp (2401) handleMessage OpenCV | GStreamer warning: Embedded video playback halted; module v4l2src0 reported: Cannot identify device '/dev/video2'.
[wrist_camera_usb_publisher-8] [ WARN:0@0.858] global ./modules/videoio/src/cap_gstreamer.cpp (1356) open OpenCV | GStreamer warning: unable to start pipeline
[wrist_camera_usb_publisher-8] [ WARN:0@0.859] global ./modules/videoio/src/cap_gstreamer.cpp (862) isPipelinePlaying OpenCV | GStreamer warning: GStreamer: pipeline have not been created
[wrist_camera_usb_publisher-8] [ WARN:0@0.859] global ./modules/videoio/src/cap_v4l.cpp (902) open VIDEOIO(V4L2:/dev/video2): can't open camera by index
[pick_dropped_bottle-12] [INFO] [1776892193.354839563] [pick_dropped_bottle_node]: MoveItHelper initialized. joint_state_topic=/joint_states_sanitized (sanitized_expected=True) real_hardware_mode=True short_cartesian_mode=hybrid
[pick_dropped_bottle-12] [INFO] [1776892193.355487837] [pick_dropped_bottle_node]: ADL_DIRECT_FIXED_JOINTS is unset; defaulting fixed-joint direct trajectories to disabled on real hardware (collision-aware MoveIt path first).
[wrist_camera_usb_publisher-8] [INFO] [1776892193.361105933] [wrist_camera_usb_publisher_node]: Wrist Camera USB Publisher started.
[wrist_camera_usb_publisher-8] [INFO] [1776892193.362342322] [wrist_camera_usb_publisher_node]: Publishing USB camera frames on /wrist_mounted_camera/image with frame_id=wrist_mounted_camera_color_optical_frame.
[wrist_camera_usb_publisher-8] [INFO] [1776892193.363424685] [wrist_camera_usb_publisher_node]: Publishing camera info on /wrist_mounted_camera/camera_info from reference intrinsics [554.25, 554.25, 320.0, 240.0] @ 640x480.
[wrist_camera_usb_publisher-8] [INFO] [1776892193.364640021] [wrist_camera_usb_publisher_node]: Using explicit camera_matrix for CameraInfo. matrix_size=1280x720, K=[920.874267578125, 0.0, 644.7646484375, 0.0, 921.5654907226562, 343.1528625488281, 0.0, 0.0, 1.0], d=[0.0, 0.0, 0.0, 0.0, 0.0]
[wrist_camera_usb_publisher-8] [INFO] [1776892193.365778952] [wrist_camera_usb_publisher_node]: Requested source=2 size=1280x720 fps=10.0
[wrist_camera_usb_publisher-8] [ERROR] [1776892193.366935212] [wrist_camera_usb_publisher_node]: USB camera publisher could not open any camera source. Check VirtualBox USB pass-through and the selected /dev/videoX.
[pick_dropped_bottle-12] [INFO] [1776892193.367827940] [pick_dropped_bottle_node]: Vision Client initialized, waiting for service...
[wrist_camera_usb_publisher-8] [WARN] [1776892193.460923158] [wrist_camera_usb_publisher_node]: USB camera publisher: reopening camera source (camera source is closed).
[wrist_camera_usb_publisher-8] [INFO] [1776892193.461761226] [wrist_camera_usb_publisher_node]: USB camera publisher: trying camera source index 2.
[wrist_camera_usb_publisher-8] [ WARN:0@1.069] global ./modules/videoio/src/cap_v4l.cpp (902) open VIDEOIO(V4L2:/dev/video2): can't open camera by index
[wrist_camera_usb_publisher-8] [INFO] [1776892193.462543966] [wrist_camera_usb_publisher_node]: USB camera publisher: trying camera source index 0.
[wrist_camera_usb_publisher-8] [ WARN:0@1.070] global ./modules/videoio/src/cap_v4l.cpp (902) open VIDEOIO(V4L2:/dev/video0): can't open camera by index
[wrist_camera_usb_publisher-8] [INFO] [1776892193.463357186] [wrist_camera_usb_publisher_node]: USB camera publisher: trying camera source index 1.
[wrist_camera_usb_publisher-8] [ WARN:0@1.071] global ./modules/videoio/src/cap_v4l.cpp (902) open VIDEOIO(V4L2:/dev/video1): can't open camera by index
[wrist_camera_usb_publisher-8] [INFO] [1776892193.464200921] [wrist_camera_usb_publisher_node]: USB camera publisher: trying camera source index 3.
[wrist_camera_usb_publisher-8] [ WARN:0@1.072] global ./modules/videoio/src/cap_v4l.cpp (902) open VIDEOIO(V4L2:/dev/video3): can't open camera by index
[wrist_camera_usb_publisher-8] [INFO] [1776892193.465087839] [wrist_camera_usb_publisher_node]: USB camera publisher: trying camera source index 4.
[wrist_camera_usb_publisher-8] [ WARN:0@1.073] global ./modules/videoio/src/cap_v4l.cpp (902) open VIDEOIO(V4L2:/dev/video4): can't open camera by index
[wrist_camera_usb_publisher-8] [INFO] [1776892193.465931325] [wrist_camera_usb_publisher_node]: USB camera publisher: trying camera source index 5.
[wrist_camera_usb_publisher-8] [ WARN:0@1.074] global ./modules/videoio/src/cap_v4l.cpp (902) open VIDEOIO(V4L2:/dev/video5): can't open camera by index
[wrist_camera_usb_publisher-8] [WARN] [1776892193.467022135] [wrist_camera_usb_publisher_node]: USB camera publisher: V4L2 probing failed. Retrying default OpenCV backend on index 2.
[wrist_camera_usb_publisher-8] [ WARN:0@1.080] global ./modules/videoio/src/cap_gstreamer.cpp (2401) handleMessage OpenCV | GStreamer warning: Embedded video playback halted; module v4l2src1 reported: Cannot identify device '/dev/video2'.
[wrist_camera_usb_publisher-8] [ WARN:0@1.080] global ./modules/videoio/src/cap_gstreamer.cpp (1356) open OpenCV | GStreamer warning: unable to start pipeline
[wrist_camera_usb_publisher-8] [ WARN:0@1.080] global ./modules/videoio/src/cap_gstreamer.cpp (862) isPipelinePlaying OpenCV | GStreamer warning: GStreamer: pipeline have not been created
[wrist_camera_usb_publisher-8] [ WARN:0@1.080] global ./modules/videoio/src/cap_v4l.cpp (902) open VIDEOIO(V4L2:/dev/video2): can't open camera by index
[wrist_camera_usb_publisher-8] [ERROR] [1776892193.526608060] [wrist_camera_usb_publisher_node]: USB camera publisher: camera reopen did not find an open source.
[clear_table-13] [INFO] [1776892193.800352884] [clear_table_node]: MoveItHelper initialized. joint_state_topic=/joint_states_sanitized (sanitized_expected=True) real_hardware_mode=True short_cartesian_mode=hybrid
[clear_table-13] [INFO] [1776892193.801574244] [clear_table_node]: ADL_DIRECT_FIXED_JOINTS is unset; defaulting fixed-joint direct trajectories to disabled on real hardware (collision-aware MoveIt path first).
[clear_table-13] [INFO] [1776892193.812247394] [clear_table_node]: Vision Client initialized, waiting for service...
[vision_apriltag-9] [INFO] [1776892193.818147171] [vision_apriltag_node]: Vision AprilTag Node Started
[vision_apriltag-9] [INFO] [1776892193.820247380] [vision_apriltag_node]: Subscribing to camera topic: /wrist_mounted_camera/image
[vision_apriltag-9] [INFO] [1776892193.822292445] [vision_apriltag_node]: Subscribing to camera info topic: /wrist_mounted_camera/camera_info
[vision_apriltag-9] [INFO] [1776892193.824655907] [vision_apriltag_node]: Camera frame: wrist_mounted_camera_color_optical_frame | use_image_header_frame=True
[vision_apriltag-9] [INFO] [1776892193.826397884] [vision_apriltag_node]: Tag size: 0.025m | pose_cache_retention_s=20.0 | get_pose_wait_timeout_s=5.0 | max_returned_pose_age_s=20.0 | camera_params=[554.25, 554.25, 320.0, 240.0] | families=tag36h11 | quad_decimate=1.0 | requested_backend=opencv | backend=cv2.aruco | opencv_pose_solver=ippe_square | use_image_timestamp_for_tf=False
[vision_apriltag-9] [INFO] [1776892193.828110837] [vision_apriltag_node]: Top-tag known-plane projection: enabled=True, planes={3: 0.13995, 4: 0.1752}
[vision_apriltag-9] [INFO] [1776892193.829774482] [vision_apriltag_node]: pupil_apriltags tuning: nthreads=1, quad_sigma=0.0, refine_edges=1, decode_sharpening=0.25, debug=0, preprocess_variants=['raw', 'clahe', 'adaptive', 'clahe_sharp', 'clahe_up2', 'sharp_up2'], tile_search_if_empty=True, tile_search_grid=3x2, tile_search_scale=2.0, tile_search_overlap=0.25
[vision_apriltag-9] [WARN] [1776892193.832273803] [vision_apriltag_node]: pupil_apriltags is not importable by this node, so detection is using OpenCV fallback only. python=/usr/bin/python3, import_error=No module named 'pupil_apriltags'. If .venv contains pupil_apriltags, rebuild adl_tasks with that venv active or run the module with the venv Python.
[vision_apriltag-9] [INFO] [1776892193.834200637] [vision_apriltag_node]: Publishing AprilTag debug images on /vision_apriltag/debug_image at up to 1.0 Hz.
[give_medication-14] [INFO] [1776892193.834771707] [give_medication_node]: MoveItHelper initialized. joint_state_topic=/joint_states_sanitized (sanitized_expected=True) real_hardware_mode=True short_cartesian_mode=hybrid
[give_medication-14] [INFO] [1776892193.835744223] [give_medication_node]: ADL_DIRECT_FIXED_JOINTS is unset; defaulting fixed-joint direct trajectories to disabled on real hardware (collision-aware MoveIt path first).
[give_medication-14] [INFO] [1776892193.848689621] [give_medication_node]: Vision Client initialized, waiting for service...
[give_medication-14] [INFO] [1776892193.849417544] [give_medication_node]: Vision service is ready.
[give_medication-14] [INFO] [1776892193.857146788] [give_medication_node]: give_medication ready.
[pick_dropped_bottle-12] [INFO] [1776892193.868903532] [pick_dropped_bottle_node]: Vision service is ready.
[pick_dropped_bottle-12] [INFO] [1776892193.874049325] [pick_dropped_bottle_node]: [Bottle] Assumptions: tag0 is bottle, bottle lies horizontally on floor, AprilTag is on side midsection with tag +Y oriented upward toward camera, and grasp target is bottle midsection near the QR/tag centerline.
[pick_dropped_bottle-12] [INFO] [1776892193.874605905] [pick_dropped_bottle_node]: [Bottle] Geometry: height=0.200m diameter=0.060m radius=0.030m; gripper_force=16.0N.
[pick_dropped_bottle-12] [INFO] [1776892193.875029815] [pick_dropped_bottle_node]: PickDroppedBottle ready. Waiting for command.
[pick_dropped_bottle-12] [INFO] [1776892193.875494726] [pick_dropped_bottle_node]: Startup motion disabled at node load; motion begins only after pick_dropped_bottle command.
[clear_table-13] [INFO] [1776892194.064634332] [clear_table_node]: Vision service is ready.
[clear_table-13] [INFO] [1776892194.095763021] [clear_table_node]: Clear Table Node ready. Waiting for command.
[clear_table-13] [INFO] [1776892194.099012970] [clear_table_node]: Startup motion disabled at node load; motion begins only after clear_table command.
[clear_table-13] [INFO] [1776892194.102345923] [clear_table_node]: clear_table scan flags: top_only_scan_mode=False (ADL_CLEAR_TABLE_TOP_ONLY_SCAN='false'), two_phase_require_side_sweep_before_priority_exit=True (ADL_CLEAR_TABLE_REQUIRE_SIDE_SWEEP='true'), two_phase_top_full_sweep_before_priority_exit=True.
[clear_table-13] [INFO] [1776892194.106354222] [clear_table_node]: clear_table planned scan sequence: top_center (standard top view over the table) -> top_downturned (downward top view for flat tags and back-right table coverage) -> side_right (right-shifted side view for cup/side tags) -> side_left (left-shifted side view for cup/side tags).
[scene_static-7] [WARN] [1776892194.679284939] [scene_static_node]: Planning scene service not available, waiting...
[ros2_control_node-1] [INFO] [1776892194.737013981] [KortexMultiInterfaceHardware]: Creating session for communication
[ros2_control_node-1] [ERROR] [1776892194.748296043] [controller_manager]: Exception of type : St13runtime_error occurred while initializing hardware 'KortexMultiInterfaceHardware': not connected !!!
[ros2_control_node-1] [WARN] [1776892194.748679016] [controller_manager]: System hardware component 'KortexMultiInterfaceHardware' from plugin 'kortex_driver/KortexMultiInterfaceHardware' failed to initialize.
[ros2_control_node-1] [WARN] [1776892195.241507334] [controller_manager]: Could not load and initialize hardware. Please check previous output for more details. After you have corrected your URDF, try to publish robot description again.
[ros2_control_node-1] [WARN] [1776892195.298226421] [controller_manager]: Waiting for data on 'robot_description' topic to finish initialization
[wrist_camera_usb_publisher-8] [WARN] [1776892195.461591389] [wrist_camera_usb_publisher_node]: USB camera publisher: reopening camera source (camera source is closed).
[wrist_camera_usb_publisher-8] [INFO] [1776892195.463315312] [wrist_camera_usb_publisher_node]: USB camera publisher: trying camera source index 2.
[wrist_camera_usb_publisher-8] [ WARN:0@3.071] global ./modules/videoio/src/cap_v4l.cpp (902) open VIDEOIO(V4L2:/dev/video2): can't open camera by index
[wrist_camera_usb_publisher-8] [INFO] [1776892195.464762445] [wrist_camera_usb_publisher_node]: USB camera publisher: trying camera source index 0.
[wrist_camera_usb_publisher-8] [ WARN:0@3.072] global ./modules/videoio/src/cap_v4l.cpp (902) open VIDEOIO(V4L2:/dev/video0): can't open camera by index
[wrist_camera_usb_publisher-8] [INFO] [1776892195.466546162] [wrist_camera_usb_publisher_node]: USB camera publisher: trying camera source index 1.
[wrist_camera_usb_publisher-8] [ WARN:0@3.074] global ./modules/videoio/src/cap_v4l.cpp (902) open VIDEOIO(V4L2:/dev/video1): can't open camera by index
[wrist_camera_usb_publisher-8] [INFO] [1776892195.468270638] [wrist_camera_usb_publisher_node]: USB camera publisher: trying camera source index 3.
[wrist_camera_usb_publisher-8] [ WARN:0@3.076] global ./modules/videoio/src/cap_v4l.cpp (902) open VIDEOIO(V4L2:/dev/video3): can't open camera by index
[ros2_control_node-1] [WARN] [1776892195.470046657] [controller_manager]: Waiting for data on 'robot_description' topic to finish initialization
[wrist_camera_usb_publisher-8] [INFO] [1776892195.470515273] [wrist_camera_usb_publisher_node]: USB camera publisher: trying camera source index 4.
[wrist_camera_usb_publisher-8] [ WARN:0@3.078] global ./modules/videoio/src/cap_v4l.cpp (902) open VIDEOIO(V4L2:/dev/video4): can't open camera by index
[wrist_camera_usb_publisher-8] [INFO] [1776892195.472238941] [wrist_camera_usb_publisher_node]: USB camera publisher: trying camera source index 5.
[wrist_camera_usb_publisher-8] [ WARN:0@3.080] global ./modules/videoio/src/cap_v4l.cpp (902) open VIDEOIO(V4L2:/dev/video5): can't open camera by index
[wrist_camera_usb_publisher-8] [WARN] [1776892195.473886902] [wrist_camera_usb_publisher_node]: USB camera publisher: V4L2 probing failed. Retrying default OpenCV backend on index 2.
[wrist_camera_usb_publisher-8] [ WARN:0@3.089] global ./modules/videoio/src/cap_gstreamer.cpp (2401) handleMessage OpenCV | GStreamer warning: Embedded video playback halted; module v4l2src2 reported: Cannot identify device '/dev/video2'.
[wrist_camera_usb_publisher-8] [ WARN:0@3.089] global ./modules/videoio/src/cap_gstreamer.cpp (1356) open OpenCV | GStreamer warning: unable to start pipeline
[wrist_camera_usb_publisher-8] [ WARN:0@3.089] global ./modules/videoio/src/cap_gstreamer.cpp (862) isPipelinePlaying OpenCV | GStreamer warning: GStreamer: pipeline have not been created
[wrist_camera_usb_publisher-8] [ WARN:0@3.089] global ./modules/videoio/src/cap_v4l.cpp (902) open VIDEOIO(V4L2:/dev/video2): can't open camera by index
[wrist_camera_usb_publisher-8] [ERROR] [1776892195.551635942] [wrist_camera_usb_publisher_node]: USB camera publisher: camera reopen did not find an open source.
[vision_apriltag-9] [WARN] [1776892195.714405491] [vision_apriltag_node]: Vision AprilTag: no images received yet on /wrist_mounted_camera/image.
[ros2_control_node-1] There was a problem connecting to the server. Aborting
[ros2_control_node-1] [WARN] [1776892196.469967503] [controller_manager]: Waiting for data on 'robot_description' topic to finish initialization
[scene_static-7] [WARN] [1776892196.685276849] [scene_static_node]: Planning scene service not available, waiting...
[ros2_control_node-1] [WARN] [1776892197.469931225] [controller_manager]: Waiting for data on 'robot_description' topic to finish initialization
[wrist_camera_usb_publisher-8] [WARN] [1776892197.562256400] [wrist_camera_usb_publisher_node]: USB camera publisher: reopening camera source (camera source is closed).
[wrist_camera_usb_publisher-8] [INFO] [1776892197.564371321] [wrist_camera_usb_publisher_node]: USB camera publisher: trying camera source index 2.
[wrist_camera_usb_publisher-8] [ WARN:0@5.172] global ./modules/videoio/src/cap_v4l.cpp (902) open VIDEOIO(V4L2:/dev/video2): can't open camera by index
[wrist_camera_usb_publisher-8] [INFO] [1776892197.566651663] [wrist_camera_usb_publisher_node]: USB camera publisher: trying camera source index 0.
[wrist_camera_usb_publisher-8] [ WARN:0@5.174] global ./modules/videoio/src/cap_v4l.cpp (902) open VIDEOIO(V4L2:/dev/video0): can't open camera by index
[wrist_camera_usb_publisher-8] [INFO] [1776892197.568773095] [wrist_camera_usb_publisher_node]: USB camera publisher: trying camera source index 1.
[wrist_camera_usb_publisher-8] [ WARN:0@5.177] global ./modules/videoio/src/cap_v4l.cpp (902) open VIDEOIO(V4L2:/dev/video1): can't open camera by index
[wrist_camera_usb_publisher-8] [INFO] [1776892197.571316295] [wrist_camera_usb_publisher_node]: USB camera publisher: trying camera source index 3.
[wrist_camera_usb_publisher-8] [ WARN:0@5.179] global ./modules/videoio/src/cap_v4l.cpp (902) open VIDEOIO(V4L2:/dev/video3): can't open camera by index
[wrist_camera_usb_publisher-8] [INFO] [1776892197.573596674] [wrist_camera_usb_publisher_node]: USB camera publisher: trying camera source index 4.
[wrist_camera_usb_publisher-8] [ WARN:0@5.181] global ./modules/videoio/src/cap_v4l.cpp (902) open VIDEOIO(V4L2:/dev/video4): can't open camera by index
[wrist_camera_usb_publisher-8] [INFO] [1776892197.575636717] [wrist_camera_usb_publisher_node]: USB camera publisher: trying camera source index 5.
[wrist_camera_usb_publisher-8] [ WARN:0@5.183] global ./modules/videoio/src/cap_v4l.cpp (902) open VIDEOIO(V4L2:/dev/video5): can't open camera by index
[wrist_camera_usb_publisher-8] [WARN] [1776892197.578903275] [wrist_camera_usb_publisher_node]: USB camera publisher: V4L2 probing failed. Retrying default OpenCV backend on index 2.
[wrist_camera_usb_publisher-8] [ WARN:0@5.198] global ./modules/videoio/src/cap_gstreamer.cpp (2401) handleMessage OpenCV | GStreamer warning: Embedded video playback halted; module v4l2src3 reported: Cannot identify device '/dev/video2'.
[wrist_camera_usb_publisher-8] [ WARN:0@5.198] global ./modules/videoio/src/cap_gstreamer.cpp (1356) open OpenCV | GStreamer warning: unable to start pipeline
[wrist_camera_usb_publisher-8] [ WARN:0@5.198] global ./modules/videoio/src/cap_gstreamer.cpp (862) isPipelinePlaying OpenCV | GStreamer warning: GStreamer: pipeline have not been created
[wrist_camera_usb_publisher-8] [ WARN:0@5.198] global ./modules/videoio/src/cap_v4l.cpp (902) open VIDEOIO(V4L2:/dev/video2): can't open camera by index
[wrist_camera_usb_publisher-8] [ERROR] [1776892197.644520476] [wrist_camera_usb_publisher_node]: USB camera publisher: camera reopen did not find an open source.
[vision_apriltag-9] [WARN] [1776892197.716375743] [vision_apriltag_node]: Vision AprilTag: no images received yet on /wrist_mounted_camera/image.
[ros2_control_node-1] [WARN] [1776892198.469927193] [controller_manager]: Waiting for data on 'robot_description' topic to finish initialization
[scene_static-7] [WARN] [1776892198.691221932] [scene_static_node]: Planning scene service not available, waiting...
[ros2_control_node-1] [WARN] [1776892199.469905469] [controller_manager]: Waiting for data on 'robot_description' topic to finish initialization
[wrist_camera_usb_publisher-8] [WARN] [1776892199.562074539] [wrist_camera_usb_publisher_node]: USB camera publisher: reopening camera source (camera source is closed).
[wrist_camera_usb_publisher-8] [INFO] [1776892199.564236693] [wrist_camera_usb_publisher_node]: USB camera publisher: trying camera source index 2.
[wrist_camera_usb_publisher-8] [ WARN:0@7.172] global ./modules/videoio/src/cap_v4l.cpp (902) open VIDEOIO(V4L2:/dev/video2): can't open camera by index
[wrist_camera_usb_publisher-8] [INFO] [1776892199.566614668] [wrist_camera_usb_publisher_node]: USB camera publisher: trying camera source index 0.
[wrist_camera_usb_publisher-8] [ WARN:0@7.174] global ./modules/videoio/src/cap_v4l.cpp (902) open VIDEOIO(V4L2:/dev/video0): can't open camera by index
[wrist_camera_usb_publisher-8] [INFO] [1776892199.568661725] [wrist_camera_usb_publisher_node]: USB camera publisher: trying camera source index 1.
[wrist_camera_usb_publisher-8] [ WARN:0@7.176] global ./modules/videoio/src/cap_v4l.cpp (902) open VIDEOIO(V4L2:/dev/video1): can't open camera by index
[wrist_camera_usb_publisher-8] [INFO] [1776892199.571075097] [wrist_camera_usb_publisher_node]: USB camera publisher: trying camera source index 3.
[wrist_camera_usb_publisher-8] [ WARN:0@7.179] global ./modules/videoio/src/cap_v4l.cpp (902) open VIDEOIO(V4L2:/dev/video3): can't open camera by index
[wrist_camera_usb_publisher-8] [INFO] [1776892199.573162247] [wrist_camera_usb_publisher_node]: USB camera publisher: trying camera source index 4.
[wrist_camera_usb_publisher-8] [ WARN:0@7.181] global ./modules/videoio/src/cap_v4l.cpp (902) open VIDEOIO(V4L2:/dev/video4): can't open camera by index
[wrist_camera_usb_publisher-8] [INFO] [1776892199.575146620] [wrist_camera_usb_publisher_node]: USB camera publisher: trying camera source index 5.
[wrist_camera_usb_publisher-8] [ WARN:0@7.183] global ./modules/videoio/src/cap_v4l.cpp (902) open VIDEOIO(V4L2:/dev/video5): can't open camera by index
[wrist_camera_usb_publisher-8] [WARN] [1776892199.578846635] [wrist_camera_usb_publisher_node]: USB camera publisher: V4L2 probing failed. Retrying default OpenCV backend on index 2.
[wrist_camera_usb_publisher-8] [ WARN:0@7.201] global ./modules/videoio/src/cap_gstreamer.cpp (2401) handleMessage OpenCV | GStreamer warning: Embedded video playback halted; module v4l2src4 reported: Cannot identify device '/dev/video2'.
[wrist_camera_usb_publisher-8] [ WARN:0@7.201] global ./modules/videoio/src/cap_gstreamer.cpp (1356) open OpenCV | GStreamer warning: unable to start pipeline
[wrist_camera_usb_publisher-8] [ WARN:0@7.201] global ./modules/videoio/src/cap_gstreamer.cpp (862) isPipelinePlaying OpenCV | GStreamer warning: GStreamer: pipeline have not been created
[wrist_camera_usb_publisher-8] [ WARN:0@7.201] global ./modules/videoio/src/cap_v4l.cpp (902) open VIDEOIO(V4L2:/dev/video2): can't open camera by index
[wrist_camera_usb_publisher-8] [ERROR] [1776892199.646099851] [wrist_camera_usb_publisher_node]: USB camera publisher: camera reopen did not find an open source.
[vision_apriltag-9] [WARN] [1776892199.715787167] [vision_apriltag_node]: Vision AprilTag: no images received yet on /wrist_mounted_camera/image.
[ros2_control_node-1] [WARN] [1776892200.469956832] [controller_manager]: Waiting for data on 'robot_description' topic to finish initialization
[scene_static-7] [WARN] [1776892200.694536091] [scene_static_node]: Planning scene service not available, waiting...
[ros2_control_node-1] [WARN] [1776892201.470006478] [controller_manager]: Waiting for data on 'robot_description' topic to finish initialization
[wrist_camera_usb_publisher-8] [WARN] [1776892201.661158157] [wrist_camera_usb_publisher_node]: USB camera publisher: reopening camera source (camera source is closed).
[wrist_camera_usb_publisher-8] [INFO] [1776892201.662266598] [wrist_camera_usb_publisher_node]: USB camera publisher: trying camera source index 2.
[wrist_camera_usb_publisher-8] [ WARN:0@9.270] global ./modules/videoio/src/cap_v4l.cpp (902) open VIDEOIO(V4L2:/dev/video2): can't open camera by index
[wrist_camera_usb_publisher-8] [INFO] [1776892201.663413464] [wrist_camera_usb_publisher_node]: USB camera publisher: trying camera source index 0.
[wrist_camera_usb_publisher-8] [ WARN:0@9.271] global ./modules/videoio/src/cap_v4l.cpp (902) open VIDEOIO(V4L2:/dev/video0): can't open camera by index
[wrist_camera_usb_publisher-8] [INFO] [1776892201.664367975] [wrist_camera_usb_publisher_node]: USB camera publisher: trying camera source index 1.
[wrist_camera_usb_publisher-8] [ WARN:0@9.272] global ./modules/videoio/src/cap_v4l.cpp (902) open VIDEOIO(V4L2:/dev/video1): can't open camera by index
[wrist_camera_usb_publisher-8] [INFO] [1776892201.665526659] [wrist_camera_usb_publisher_node]: USB camera publisher: trying camera source index 3.
[wrist_camera_usb_publisher-8] [ WARN:0@9.273] global ./modules/videoio/src/cap_v4l.cpp (902) open VIDEOIO(V4L2:/dev/video3): can't open camera by index
[wrist_camera_usb_publisher-8] [INFO] [1776892201.666521836] [wrist_camera_usb_publisher_node]: USB camera publisher: trying camera source index 4.
[wrist_camera_usb_publisher-8] [ WARN:0@9.274] global ./modules/videoio/src/cap_v4l.cpp (902) open VIDEOIO(V4L2:/dev/video4): can't open camera by index
[wrist_camera_usb_publisher-8] [INFO] [1776892201.667215297] [wrist_camera_usb_publisher_node]: USB camera publisher: trying camera source index 5.
[wrist_camera_usb_publisher-8] [ WARN:0@9.275] global ./modules/videoio/src/cap_v4l.cpp (902) open VIDEOIO(V4L2:/dev/video5): can't open camera by index
[wrist_camera_usb_publisher-8] [WARN] [1776892201.667937999] [wrist_camera_usb_publisher_node]: USB camera publisher: V4L2 probing failed. Retrying default OpenCV backend on index 2.
[wrist_camera_usb_publisher-8] [ WARN:0@9.279] global ./modules/videoio/src/cap_gstreamer.cpp (2401) handleMessage OpenCV | GStreamer warning: Embedded video playback halted; module v4l2src5 reported: Cannot identify device '/dev/video2'.
[wrist_camera_usb_publisher-8] [ WARN:0@9.279] global ./modules/videoio/src/cap_gstreamer.cpp (1356) open OpenCV | GStreamer warning: unable to start pipeline
[wrist_camera_usb_publisher-8] [ WARN:0@9.279] global ./modules/videoio/src/cap_gstreamer.cpp (862) isPipelinePlaying OpenCV | GStreamer warning: GStreamer: pipeline have not been created
[wrist_camera_usb_publisher-8] [ WARN:0@9.279] global ./modules/videoio/src/cap_v4l.cpp (902) open VIDEOIO(V4L2:/dev/video2): can't open camera by index
[wrist_camera_usb_publisher-8] [ERROR] [1776892201.710480407] [wrist_camera_usb_publisher_node]: USB camera publisher: camera reopen did not find an open source.
[vision_apriltag-9] [WARN] [1776892201.714762424] [vision_apriltag_node]: Vision AprilTag: no images received yet on /wrist_mounted_camera/image.
[spawner-4] [WARN] [1776892202.095085175] [spawner_joint_state_broadcaster]: Could not contact service /controller_manager/list_controllers
[spawner-4] [INFO] [1776892202.097577091] [spawner_joint_state_broadcaster]: waiting for service /controller_manager/list_controllers to become available...
[ros2_control_node-1] [WARN] [1776892202.469891161] [controller_manager]: Waiting for data on 'robot_description' topic to finish initialization
[scene_static-7] [WARN] [1776892202.697017156] [scene_static_node]: Planning scene service not available, waiting...
[ros2_control_node-1] [WARN] [1776892203.469940094] [controller_manager]: Waiting for data on 'robot_description' topic to finish initialization
[vision_apriltag-9] [WARN] [1776892203.714862769] [vision_apriltag_node]: Vision AprilTag: no images received yet on /wrist_mounted_camera/image.
[wrist_camera_usb_publisher-8] [WARN] [1776892203.762279683] [wrist_camera_usb_publisher_node]: USB camera publisher: reopening camera source (camera source is closed).
[wrist_camera_usb_publisher-8] [INFO] [1776892203.765160919] [wrist_camera_usb_publisher_node]: USB camera publisher: trying camera source index 2.
[wrist_camera_usb_publisher-8] [ WARN:0@11.373] global ./modules/videoio/src/cap_v4l.cpp (902) open VIDEOIO(V4L2:/dev/video2): can't open camera by index
[wrist_camera_usb_publisher-8] [INFO] [1776892203.768932111] [wrist_camera_usb_publisher_node]: USB camera publisher: trying camera source index 0.
[wrist_camera_usb_publisher-8] [ WARN:0@11.377] global ./modules/videoio/src/cap_v4l.cpp (902) open VIDEOIO(V4L2:/dev/video0): can't open camera by index
[wrist_camera_usb_publisher-8] [INFO] [1776892203.771637381] [wrist_camera_usb_publisher_node]: USB camera publisher: trying camera source index 1.
[wrist_camera_usb_publisher-8] [ WARN:0@11.379] global ./modules/videoio/src/cap_v4l.cpp (902) open VIDEOIO(V4L2:/dev/video1): can't open camera by index
[wrist_camera_usb_publisher-8] [INFO] [1776892203.775279320] [wrist_camera_usb_publisher_node]: USB camera publisher: trying camera source index 3.
[wrist_camera_usb_publisher-8] [ WARN:0@11.383] global ./modules/videoio/src/cap_v4l.cpp (902) open VIDEOIO(V4L2:/dev/video3): can't open camera by index
[wrist_camera_usb_publisher-8] [INFO] [1776892203.778733447] [wrist_camera_usb_publisher_node]: USB camera publisher: trying camera source index 4.
[wrist_camera_usb_publisher-8] [ WARN:0@11.386] global ./modules/videoio/src/cap_v4l.cpp (902) open VIDEOIO(V4L2:/dev/video4): can't open camera by index
[wrist_camera_usb_publisher-8] [INFO] [1776892203.781458779] [wrist_camera_usb_publisher_node]: USB camera publisher: trying camera source index 5.
[wrist_camera_usb_publisher-8] [ WARN:0@11.389] global ./modules/videoio/src/cap_v4l.cpp (902) open VIDEOIO(V4L2:/dev/video5): can't open camera by index
[wrist_camera_usb_publisher-8] [WARN] [1776892203.786473828] [wrist_camera_usb_publisher_node]: USB camera publisher: V4L2 probing failed. Retrying default OpenCV backend on index 2.
[wrist_camera_usb_publisher-8] [ WARN:0@11.403] global ./modules/videoio/src/cap_gstreamer.cpp (2401) handleMessage OpenCV | GStreamer warning: Embedded video playback halted; module v4l2src6 reported: Cannot identify device '/dev/video2'.
[wrist_camera_usb_publisher-8] [ WARN:0@11.403] global ./modules/videoio/src/cap_gstreamer.cpp (1356) open OpenCV | GStreamer warning: unable to start pipeline
[wrist_camera_usb_publisher-8] [ WARN:0@11.403] global ./modules/videoio/src/cap_gstreamer.cpp (862) isPipelinePlaying OpenCV | GStreamer warning: GStreamer: pipeline have not been created
[wrist_camera_usb_publisher-8] [ WARN:0@11.404] global ./modules/videoio/src/cap_v4l.cpp (902) open VIDEOIO(V4L2:/dev/video2): can't open camera by index
[wrist_camera_usb_publisher-8] [ERROR] [1776892203.844849413] [wrist_camera_usb_publisher_node]: USB camera publisher: camera reopen did not find an open source.
[ros2_control_node-1] [WARN] [1776892204.469974592] [controller_manager]: Waiting for data on 'robot_description' topic to finish initialization
[ros2_control_node-1] [WARN] [1776892204.595035535] [controller_manager]: Overrun detected! The controller manager missed its desired rate of 1000 Hz. The loop took 2.483085 ms (missed cycles : 3).
[scene_static-7] [WARN] [1776892204.703905580] [scene_static_node]: Planning scene service not available, waiting...
[ros2_control_node-1] [WARN] [1776892205.469890900] [controller_manager]: Waiting for data on 'robot_description' topic to finish initialization
[vision_apriltag-9] [WARN] [1776892205.714795283] [vision_apriltag_node]: Vision AprilTag: no images received yet on /wrist_mounted_camera/image.
[wrist_camera_usb_publisher-8] [WARN] [1776892205.860530038] [wrist_camera_usb_publisher_node]: USB camera publisher: reopening camera source (camera source is closed).
[wrist_camera_usb_publisher-8] [INFO] [1776892205.860996877] [wrist_camera_usb_publisher_node]: USB camera publisher: trying camera source index 2.
[wrist_camera_usb_publisher-8] [ WARN:0@13.469] global ./modules/videoio/src/cap_v4l.cpp (902) open VIDEOIO(V4L2:/dev/video2): can't open camera by index
[wrist_camera_usb_publisher-8] [INFO] [1776892205.861453692] [wrist_camera_usb_publisher_node]: USB camera publisher: trying camera source index 0.
[wrist_camera_usb_publisher-8] [ WARN:0@13.469] global ./modules/videoio/src/cap_v4l.cpp (902) open VIDEOIO(V4L2:/dev/video0): can't open camera by index
[wrist_camera_usb_publisher-8] [INFO] [1776892205.861979072] [wrist_camera_usb_publisher_node]: USB camera publisher: trying camera source index 1.
[wrist_camera_usb_publisher-8] [ WARN:0@13.470] global ./modules/videoio/src/cap_v4l.cpp (902) open VIDEOIO(V4L2:/dev/video1): can't open camera by index
[wrist_camera_usb_publisher-8] [INFO] [1776892205.862478147] [wrist_camera_usb_publisher_node]: USB camera publisher: trying camera source index 3.
[wrist_camera_usb_publisher-8] [ WARN:0@13.470] global ./modules/videoio/src/cap_v4l.cpp (902) open VIDEOIO(V4L2:/dev/video3): can't open camera by index
[wrist_camera_usb_publisher-8] [INFO] [1776892205.862921924] [wrist_camera_usb_publisher_node]: USB camera publisher: trying camera source index 4.
[wrist_camera_usb_publisher-8] [ WARN:0@13.471] global ./modules/videoio/src/cap_v4l.cpp (902) open VIDEOIO(V4L2:/dev/video4): can't open camera by index
[wrist_camera_usb_publisher-8] [INFO] [1776892205.863363217] [wrist_camera_usb_publisher_node]: USB camera publisher: trying camera source index 5.
[wrist_camera_usb_publisher-8] [ WARN:0@13.471] global ./modules/videoio/src/cap_v4l.cpp (902) open VIDEOIO(V4L2:/dev/video5): can't open camera by index
[wrist_camera_usb_publisher-8] [WARN] [1776892205.863987670] [wrist_camera_usb_publisher_node]: USB camera publisher: V4L2 probing failed. Retrying default OpenCV backend on index 2.
[wrist_camera_usb_publisher-8] [ WARN:0@13.475] global ./modules/videoio/src/cap_gstreamer.cpp (2401) handleMessage OpenCV | GStreamer warning: Embedded video playback halted; module v4l2src7 reported: Cannot identify device '/dev/video2'.
[wrist_camera_usb_publisher-8] [ WARN:0@13.475] global ./modules/videoio/src/cap_gstreamer.cpp (1356) open OpenCV | GStreamer warning: unable to start pipeline
[wrist_camera_usb_publisher-8] [ WARN:0@13.475] global ./modules/videoio/src/cap_gstreamer.cpp (862) isPipelinePlaying OpenCV | GStreamer warning: GStreamer: pipeline have not been created
[wrist_camera_usb_publisher-8] [ WARN:0@13.475] global ./modules/videoio/src/cap_v4l.cpp (902) open VIDEOIO(V4L2:/dev/video2): can't open camera by index
[wrist_camera_usb_publisher-8] [ERROR] [1776892205.911675126] [wrist_camera_usb_publisher_node]: USB camera publisher: camera reopen did not find an open source.
[ros2_control_node-1] [WARN] [1776892206.469859964] [controller_manager]: Waiting for data on 'robot_description' topic to finish initialization
[scene_static-7] [WARN] [1776892206.709812636] [scene_static_node]: Planning scene service not available, waiting...
[ros2_control_node-1] [WARN] [1776892207.469935228] [controller_manager]: Waiting for data on 'robot_description' topic to finish initialization
[vision_apriltag-9] [WARN] [1776892207.720636006] [vision_apriltag_node]: Vision AprilTag: no images received yet on /wrist_mounted_camera/image.
[wrist_camera_usb_publisher-8] [WARN] [1776892207.862174536] [wrist_camera_usb_publisher_node]: USB camera publisher: reopening camera source (camera source is closed).
[wrist_camera_usb_publisher-8] [INFO] [1776892207.863958897] [wrist_camera_usb_publisher_node]: USB camera publisher: trying camera source index 2.
[wrist_camera_usb_publisher-8] [ WARN:0@15.472] global ./modules/videoio/src/cap_v4l.cpp (902) open VIDEOIO(V4L2:/dev/video2): can't open camera by index
[wrist_camera_usb_publisher-8] [INFO] [1776892207.865770299] [wrist_camera_usb_publisher_node]: USB camera publisher: trying camera source index 0.
[wrist_camera_usb_publisher-8] [ WARN:0@15.473] global ./modules/videoio/src/cap_v4l.cpp (902) open VIDEOIO(V4L2:/dev/video0): can't open camera by index
[wrist_camera_usb_publisher-8] [INFO] [1776892207.868501976] [wrist_camera_usb_publisher_node]: USB camera publisher: trying camera source index 1.
[wrist_camera_usb_publisher-8] [ WARN:0@15.476] global ./modules/videoio/src/cap_v4l.cpp (902) open VIDEOIO(V4L2:/dev/video1): can't open camera by index
[wrist_camera_usb_publisher-8] [INFO] [1776892207.870309179] [wrist_camera_usb_publisher_node]: USB camera publisher: trying camera source index 3.
[wrist_camera_usb_publisher-8] [ WARN:0@15.478] global ./modules/videoio/src/cap_v4l.cpp (902) open VIDEOIO(V4L2:/dev/video3): can't open camera by index
[wrist_camera_usb_publisher-8] [INFO] [1776892207.872589194] [wrist_camera_usb_publisher_node]: USB camera publisher: trying camera source index 4.
[wrist_camera_usb_publisher-8] [ WARN:0@15.480] global ./modules/videoio/src/cap_v4l.cpp (902) open VIDEOIO(V4L2:/dev/video4): can't open camera by index
[wrist_camera_usb_publisher-8] [INFO] [1776892207.874463525] [wrist_camera_usb_publisher_node]: USB camera publisher: trying camera source index 5.
[wrist_camera_usb_publisher-8] [ WARN:0@15.482] global ./modules/videoio/src/cap_v4l.cpp (902) open VIDEOIO(V4L2:/dev/video5): can't open camera by index
[wrist_camera_usb_publisher-8] [WARN] [1776892207.876757143] [wrist_camera_usb_publisher_node]: USB camera publisher: V4L2 probing failed. Retrying default OpenCV backend on index 2.
[wrist_camera_usb_publisher-8] [ WARN:0@15.497] global ./modules/videoio/src/cap_gstreamer.cpp (2401) handleMessage OpenCV | GStreamer warning: Embedded video playback halted; module v4l2src8 reported: Cannot identify device '/dev/video2'.
[wrist_camera_usb_publisher-8] [ WARN:0@15.497] global ./modules/videoio/src/cap_gstreamer.cpp (1356) open OpenCV | GStreamer warning: unable to start pipeline
[wrist_camera_usb_publisher-8] [ WARN:0@15.497] global ./modules/videoio/src/cap_gstreamer.cpp (862) isPipelinePlaying OpenCV | GStreamer warning: GStreamer: pipeline have not been created
[wrist_camera_usb_publisher-8] [ WARN:0@15.497] global ./modules/videoio/src/cap_v4l.cpp (902) open VIDEOIO(V4L2:/dev/video2): can't open camera by index
[wrist_camera_usb_publisher-8] [ERROR] [1776892207.940956182] [wrist_camera_usb_publisher_node]: USB camera publisher: camera reopen did not find an open source.
[ros2_control_node-1] [WARN] [1776892208.469904285] [controller_manager]: Waiting for data on 'robot_description' topic to finish initialization
[scene_static-7] [WARN] [1776892208.716660523] [scene_static_node]: Planning scene service not available, waiting...
[ros2_control_node-1] [WARN] [1776892209.469972385] [controller_manager]: Waiting for data on 'robot_description' topic to finish initialization
[vision_apriltag-9] [WARN] [1776892209.720452913] [vision_apriltag_node]: Vision AprilTag: no images received yet on /wrist_mounted_camera/image.
[wrist_camera_usb_publisher-8] [WARN] [1776892209.962168579] [wrist_camera_usb_publisher_node]: USB camera publisher: reopening camera source (camera source is closed).
[wrist_camera_usb_publisher-8] [INFO] [1776892209.964845096] [wrist_camera_usb_publisher_node]: USB camera publisher: trying camera source index 2.
[wrist_camera_usb_publisher-8] [ WARN:0@17.573] global ./modules/videoio/src/cap_v4l.cpp (902) open VIDEOIO(V4L2:/dev/video2): can't open camera by index
[wrist_camera_usb_publisher-8] [INFO] [1776892209.968166926] [wrist_camera_usb_publisher_node]: USB camera publisher: trying camera source index 0.
[wrist_camera_usb_publisher-8] [ WARN:0@17.576] global ./modules/videoio/src/cap_v4l.cpp (902) open VIDEOIO(V4L2:/dev/video0): can't open camera by index
[wrist_camera_usb_publisher-8] [INFO] [1776892209.971111694] [wrist_camera_usb_publisher_node]: USB camera publisher: trying camera source index 1.
[wrist_camera_usb_publisher-8] [ WARN:0@17.579] global ./modules/videoio/src/cap_v4l.cpp (902) open VIDEOIO(V4L2:/dev/video1): can't open camera by index
[wrist_camera_usb_publisher-8] [INFO] [1776892209.973517943] [wrist_camera_usb_publisher_node]: USB camera publisher: trying camera source index 3.
[wrist_camera_usb_publisher-8] [ WARN:0@17.581] global ./modules/videoio/src/cap_v4l.cpp (902) open VIDEOIO(V4L2:/dev/video3): can't open camera by index
[wrist_camera_usb_publisher-8] [INFO] [1776892209.975843045] [wrist_camera_usb_publisher_node]: USB camera publisher: trying camera source index 4.
[wrist_camera_usb_publisher-8] [ WARN:0@17.584] global ./modules/videoio/src/cap_v4l.cpp (902) open VIDEOIO(V4L2:/dev/video4): can't open camera by index
[wrist_camera_usb_publisher-8] [INFO] [1776892209.978006326] [wrist_camera_usb_publisher_node]: USB camera publisher: trying camera source index 5.
[wrist_camera_usb_publisher-8] [ WARN:0@17.586] global ./modules/videoio/src/cap_v4l.cpp (902) open VIDEOIO(V4L2:/dev/video5): can't open camera by index
[wrist_camera_usb_publisher-8] [WARN] [1776892209.981044782] [wrist_camera_usb_publisher_node]: USB camera publisher: V4L2 probing failed. Retrying default OpenCV backend on index 2.
[wrist_camera_usb_publisher-8] [ WARN:0@17.601] global ./modules/videoio/src/cap_gstreamer.cpp (2401) handleMessage OpenCV | GStreamer warning: Embedded video playback halted; module v4l2src9 reported: Cannot identify device '/dev/video2'.
[wrist_camera_usb_publisher-8] [ WARN:0@17.601] global ./modules/videoio/src/cap_gstreamer.cpp (1356) open OpenCV | GStreamer warning: unable to start pipeline
[wrist_camera_usb_publisher-8] [ WARN:0@17.601] global ./modules/videoio/src/cap_gstreamer.cpp (862) isPipelinePlaying OpenCV | GStreamer warning: GStreamer: pipeline have not been created
[wrist_camera_usb_publisher-8] [ WARN:0@17.601] global ./modules/videoio/src/cap_v4l.cpp (902) open VIDEOIO(V4L2:/dev/video2): can't open camera by index
[wrist_camera_usb_publisher-8] [ERROR] [1776892210.044418300] [wrist_camera_usb_publisher_node]: USB camera publisher: camera reopen did not find an open source.
[ros2_control_node-1] [WARN] [1776892210.470022803] [controller_manager]: Waiting for data on 'robot_description' topic to finish initialization
[scene_static-7] [WARN] [1776892210.722783645] [scene_static_node]: Planning scene service not available, waiting...
[ros2_control_node-1] [WARN] [1776892211.469998894] [controller_manager]: Waiting for data on 'robot_description' topic to finish initialization
[vision_apriltag-9] [WARN] [1776892211.720404514] [vision_apriltag_node]: Vision AprilTag: no images received yet on /wrist_mounted_camera/image.
[wrist_camera_usb_publisher-8] [WARN] [1776892212.060949577] [wrist_camera_usb_publisher_node]: USB camera publisher: reopening camera source (camera source is closed).
[wrist_camera_usb_publisher-8] [INFO] [1776892212.062050567] [wrist_camera_usb_publisher_node]: USB camera publisher: trying camera source index 2.
[wrist_camera_usb_publisher-8] [ WARN:0@19.670] global ./modules/videoio/src/cap_v4l.cpp (902) open VIDEOIO(V4L2:/dev/video2): can't open camera by index
[wrist_camera_usb_publisher-8] [INFO] [1776892212.063505148] [wrist_camera_usb_publisher_node]: USB camera publisher: trying camera source index 0.
[wrist_camera_usb_publisher-8] [ WARN:0@19.671] global ./modules/videoio/src/cap_v4l.cpp (902) open VIDEOIO(V4L2:/dev/video0): can't open camera by index
[wrist_camera_usb_publisher-8] [INFO] [1776892212.064560676] [wrist_camera_usb_publisher_node]: USB camera publisher: trying camera source index 1.
[wrist_camera_usb_publisher-8] [ WARN:0@19.672] global ./modules/videoio/src/cap_v4l.cpp (902) open VIDEOIO(V4L2:/dev/video1): can't open camera by index
[wrist_camera_usb_publisher-8] [INFO] [1776892212.065399732] [wrist_camera_usb_publisher_node]: USB camera publisher: trying camera source index 3.
[wrist_camera_usb_publisher-8] [ WARN:0@19.673] global ./modules/videoio/src/cap_v4l.cpp (902) open VIDEOIO(V4L2:/dev/video3): can't open camera by index
[wrist_camera_usb_publisher-8] [INFO] [1776892212.066084064] [wrist_camera_usb_publisher_node]: USB camera publisher: trying camera source index 4.
[wrist_camera_usb_publisher-8] [ WARN:0@19.674] global ./modules/videoio/src/cap_v4l.cpp (902) open VIDEOIO(V4L2:/dev/video4): can't open camera by index
[wrist_camera_usb_publisher-8] [INFO] [1776892212.066780292] [wrist_camera_usb_publisher_node]: USB camera publisher: trying camera source index 5.
[wrist_camera_usb_publisher-8] [ WARN:0@19.674] global ./modules/videoio/src/cap_v4l.cpp (902) open VIDEOIO(V4L2:/dev/video5): can't open camera by index
[wrist_camera_usb_publisher-8] [WARN] [1776892212.067754246] [wrist_camera_usb_publisher_node]: USB camera publisher: V4L2 probing failed. Retrying default OpenCV backend on index 2.
[wrist_camera_usb_publisher-8] [ WARN:0@19.680] global ./modules/videoio/src/cap_gstreamer.cpp (2401) handleMessage OpenCV | GStreamer warning: Embedded video playback halted; module v4l2src10 reported: Cannot identify device '/dev/video2'.
[wrist_camera_usb_publisher-8] [ WARN:0@19.681] global ./modules/videoio/src/cap_gstreamer.cpp (1356) open OpenCV | GStreamer warning: unable to start pipeline
[wrist_camera_usb_publisher-8] [ WARN:0@19.681] global ./modules/videoio/src/cap_gstreamer.cpp (862) isPipelinePlaying OpenCV | GStreamer warning: GStreamer: pipeline have not been created
[wrist_camera_usb_publisher-8] [ WARN:0@19.681] global ./modules/videoio/src/cap_v4l.cpp (902) open VIDEOIO(V4L2:/dev/video2): can't open camera by index
[spawner-4] [WARN] [1776892212.105767799] [spawner_joint_state_broadcaster]: Could not contact service /controller_manager/list_controllers
[spawner-4] [INFO] [1776892212.106211307] [spawner_joint_state_broadcaster]: waiting for service /controller_manager/list_controllers to become available...
[wrist_camera_usb_publisher-8] [ERROR] [1776892212.116556831] [wrist_camera_usb_publisher_node]: USB camera publisher: camera reopen did not find an open source.
[ros2_control_node-1] [WARN] [1776892212.469991497] [controller_manager]: Waiting for data on 'robot_description' topic to finish initialization
[scene_static-7] [WARN] [1776892212.728413530] [scene_static_node]: Planning scene service not available, waiting...
[ros2_control_node-1] [WARN] [1776892213.469893621] [controller_manager]: Waiting for data on 'robot_description' topic to finish initialization
[vision_apriltag-9] [WARN] [1776892213.721502284] [vision_apriltag_node]: Vision AprilTag: no images received yet on /wrist_mounted_camera/image.
[wrist_camera_usb_publisher-8] [WARN] [1776892214.160792056] [wrist_camera_usb_publisher_node]: USB camera publisher: reopening camera source (camera source is closed).
[wrist_camera_usb_publisher-8] [INFO] [1776892214.161553978] [wrist_camera_usb_publisher_node]: USB camera publisher: trying camera source index 2.
[wrist_camera_usb_publisher-8] [ WARN:0@21.769] global ./modules/videoio/src/cap_v4l.cpp (902) open VIDEOIO(V4L2:/dev/video2): can't open camera by index
[wrist_camera_usb_publisher-8] [INFO] [1776892214.162419407] [wrist_camera_usb_publisher_node]: USB camera publisher: trying camera source index 0.
[wrist_camera_usb_publisher-8] [ WARN:0@21.770] global ./modules/videoio/src/cap_v4l.cpp (902) open VIDEOIO(V4L2:/dev/video0): can't open camera by index
[wrist_camera_usb_publisher-8] [INFO] [1776892214.163340627] [wrist_camera_usb_publisher_node]: USB camera publisher: trying camera source index 1.
[wrist_camera_usb_publisher-8] [ WARN:0@21.771] global ./modules/videoio/src/cap_v4l.cpp (902) open VIDEOIO(V4L2:/dev/video1): can't open camera by index
[wrist_camera_usb_publisher-8] [INFO] [1776892214.164282971] [wrist_camera_usb_publisher_node]: USB camera publisher: trying camera source index 3.
[wrist_camera_usb_publisher-8] [ WARN:0@21.772] global ./modules/videoio/src/cap_v4l.cpp (902) open VIDEOIO(V4L2:/dev/video3): can't open camera by index
[wrist_camera_usb_publisher-8] [INFO] [1776892214.165252661] [wrist_camera_usb_publisher_node]: USB camera publisher: trying camera source index 4.
[wrist_camera_usb_publisher-8] [ WARN:0@21.773] global ./modules/videoio/src/cap_v4l.cpp (902) open VIDEOIO(V4L2:/dev/video4): can't open camera by index
[wrist_camera_usb_publisher-8] [INFO] [1776892214.166217822] [wrist_camera_usb_publisher_node]: USB camera publisher: trying camera source index 5.
[wrist_camera_usb_publisher-8] [ WARN:0@21.774] global ./modules/videoio/src/cap_v4l.cpp (902) open VIDEOIO(V4L2:/dev/video5): can't open camera by index
[wrist_camera_usb_publisher-8] [WARN] [1776892214.167412798] [wrist_camera_usb_publisher_node]: USB camera publisher: V4L2 probing failed. Retrying default OpenCV backend on index 2.
[wrist_camera_usb_publisher-8] [ WARN:0@21.779] global ./modules/videoio/src/cap_gstreamer.cpp (2401) handleMessage OpenCV | GStreamer warning: Embedded video playback halted; module v4l2src11 reported: Cannot identify device '/dev/video2'.
[wrist_camera_usb_publisher-8] [ WARN:0@21.779] global ./modules/videoio/src/cap_gstreamer.cpp (1356) open OpenCV | GStreamer warning: unable to start pipeline
[wrist_camera_usb_publisher-8] [ WARN:0@21.779] global ./modules/videoio/src/cap_gstreamer.cpp (862) isPipelinePlaying OpenCV | GStreamer warning: GStreamer: pipeline have not been created
[wrist_camera_usb_publisher-8] [ WARN:0@21.779] global ./modules/videoio/src/cap_v4l.cpp (902) open VIDEOIO(V4L2:/dev/video2): can't open camera by index
[wrist_camera_usb_publisher-8] [ERROR] [1776892214.213407318] [wrist_camera_usb_publisher_node]: USB camera publisher: camera reopen did not find an open source.
[ros2_control_node-1] [WARN] [1776892214.469962848] [controller_manager]: Waiting for data on 'robot_description' topic to finish initialization
[scene_static-7] [WARN] [1776892214.734444326] [scene_static_node]: Planning scene service not available, waiting...
[ros2_control_node-1] [WARN] [1776892214.834977627] [controller_manager]: Overrun detected! The controller manager missed its desired rate of 1000 Hz. The loop took 2.425389 ms (missed cycles : 3).
[ros2_control_node-1] [WARN] [1776892215.470014905] [controller_manager]: Waiting for data on 'robot_description' topic to finish initialization
[vision_apriltag-9] [WARN] [1776892215.714621281] [vision_apriltag_node]: Vision AprilTag: no images received yet on /wrist_mounted_camera/image.
[wrist_camera_usb_publisher-8] [WARN] [1776892216.261598672] [wrist_camera_usb_publisher_node]: USB camera publisher: reopening camera source (camera source is closed).
[wrist_camera_usb_publisher-8] [INFO] [1776892216.262912026] [wrist_camera_usb_publisher_node]: USB camera publisher: trying camera source index 2.
[wrist_camera_usb_publisher-8] [ WARN:0@23.871] global ./modules/videoio/src/cap_v4l.cpp (902) open VIDEOIO(V4L2:/dev/video2): can't open camera by index
[wrist_camera_usb_publisher-8] [INFO] [1776892216.265415981] [wrist_camera_usb_publisher_node]: USB camera publisher: trying camera source index 0.
[wrist_camera_usb_publisher-8] [ WARN:0@23.873] global ./modules/videoio/src/cap_v4l.cpp (902) open VIDEOIO(V4L2:/dev/video0): can't open camera by index
[wrist_camera_usb_publisher-8] [INFO] [1776892216.268438546] [wrist_camera_usb_publisher_node]: USB camera publisher: trying camera source index 1.
[wrist_camera_usb_publisher-8] [ WARN:0@23.876] global ./modules/videoio/src/cap_v4l.cpp (902) open VIDEOIO(V4L2:/dev/video1): can't open camera by index
[wrist_camera_usb_publisher-8] [INFO] [1776892216.270961978] [wrist_camera_usb_publisher_node]: USB camera publisher: trying camera source index 3.
[wrist_camera_usb_publisher-8] [ WARN:0@23.879] global ./modules/videoio/src/cap_v4l.cpp (902) open VIDEOIO(V4L2:/dev/video3): can't open camera by index
[wrist_camera_usb_publisher-8] [INFO] [1776892216.273693899] [wrist_camera_usb_publisher_node]: USB camera publisher: trying camera source index 4.
[wrist_camera_usb_publisher-8] [ WARN:0@23.881] global ./modules/videoio/src/cap_v4l.cpp (902) open VIDEOIO(V4L2:/dev/video4): can't open camera by index
[wrist_camera_usb_publisher-8] [INFO] [1776892216.276637073] [wrist_camera_usb_publisher_node]: USB camera publisher: trying camera source index 5.
[wrist_camera_usb_publisher-8] [ WARN:0@23.884] global ./modules/videoio/src/cap_v4l.cpp (902) open VIDEOIO(V4L2:/dev/video5): can't open camera by index
[wrist_camera_usb_publisher-8] [WARN] [1776892216.279565652] [wrist_camera_usb_publisher_node]: USB camera publisher: V4L2 probing failed. Retrying default OpenCV backend on index 2.
[wrist_camera_usb_publisher-8] [ WARN:0@23.901] global ./modules/videoio/src/cap_gstreamer.cpp (2401) handleMessage OpenCV | GStreamer warning: Embedded video playback halted; module v4l2src12 reported: Cannot identify device '/dev/video2'.
[wrist_camera_usb_publisher-8] [ WARN:0@23.901] global ./modules/videoio/src/cap_gstreamer.cpp (1356) open OpenCV | GStreamer warning: unable to start pipeline
[wrist_camera_usb_publisher-8] [ WARN:0@23.901] global ./modules/videoio/src/cap_gstreamer.cpp (862) isPipelinePlaying OpenCV | GStreamer warning: GStreamer: pipeline have not been created
[wrist_camera_usb_publisher-8] [ WARN:0@23.901] global ./modules/videoio/src/cap_v4l.cpp (902) open VIDEOIO(V4L2:/dev/video2): can't open camera by index
[wrist_camera_usb_publisher-8] [ERROR] [1776892216.342693683] [wrist_camera_usb_publisher_node]: USB camera publisher: camera reopen did not find an open source.
[ros2_control_node-1] [WARN] [1776892216.469988193] [controller_manager]: Waiting for data on 'robot_description' topic to finish initialization
[scene_static-7] [WARN] [1776892216.739765214] [scene_static_node]: Planning scene service not available, waiting...
[ros2_control_node-1] [WARN] [1776892217.469960817] [controller_manager]: Waiting for data on 'robot_description' topic to finish initialization
[vision_apriltag-9] [WARN] [1776892217.720150830] [vision_apriltag_node]: Vision AprilTag: no images received yet on /wrist_mounted_camera/image.
[wrist_camera_usb_publisher-8] [WARN] [1776892218.360933721] [wrist_camera_usb_publisher_node]: USB camera publisher: reopening camera source (camera source is closed).
[wrist_camera_usb_publisher-8] [INFO] [1776892218.361723993] [wrist_camera_usb_publisher_node]: USB camera publisher: trying camera source index 2.
[wrist_camera_usb_publisher-8] [ WARN:0@25.969] global ./modules/videoio/src/cap_v4l.cpp (902) open VIDEOIO(V4L2:/dev/video2): can't open camera by index
[wrist_camera_usb_publisher-8] [INFO] [1776892218.362661282] [wrist_camera_usb_publisher_node]: USB camera publisher: trying camera source index 0.
[wrist_camera_usb_publisher-8] [ WARN:0@25.970] global ./modules/videoio/src/cap_v4l.cpp (902) open VIDEOIO(V4L2:/dev/video0): can't open camera by index
[wrist_camera_usb_publisher-8] [INFO] [1776892218.363331529] [wrist_camera_usb_publisher_node]: USB camera publisher: trying camera source index 1.
[wrist_camera_usb_publisher-8] [ WARN:0@25.971] global ./modules/videoio/src/cap_v4l.cpp (902) open VIDEOIO(V4L2:/dev/video1): can't open camera by index
[wrist_camera_usb_publisher-8] [INFO] [1776892218.364091429] [wrist_camera_usb_publisher_node]: USB camera publisher: trying camera source index 3.
[wrist_camera_usb_publisher-8] [ WARN:0@25.972] global ./modules/videoio/src/cap_v4l.cpp (902) open VIDEOIO(V4L2:/dev/video3): can't open camera by index
[wrist_camera_usb_publisher-8] [INFO] [1776892218.364826271] [wrist_camera_usb_publisher_node]: USB camera publisher: trying camera source index 4.
[wrist_camera_usb_publisher-8] [ WARN:0@25.972] global ./modules/videoio/src/cap_v4l.cpp (902) open VIDEOIO(V4L2:/dev/video4): can't open camera by index
[wrist_camera_usb_publisher-8] [INFO] [1776892218.365639021] [wrist_camera_usb_publisher_node]: USB camera publisher: trying camera source index 5.
[wrist_camera_usb_publisher-8] [ WARN:0@25.973] global ./modules/videoio/src/cap_v4l.cpp (902) open VIDEOIO(V4L2:/dev/video5): can't open camera by index
[wrist_camera_usb_publisher-8] [WARN] [1776892218.366706945] [wrist_camera_usb_publisher_node]: USB camera publisher: V4L2 probing failed. Retrying default OpenCV backend on index 2.
[wrist_camera_usb_publisher-8] [ WARN:0@25.979] global ./modules/videoio/src/cap_gstreamer.cpp (2401) handleMessage OpenCV | GStreamer warning: Embedded video playback halted; module v4l2src13 reported: Cannot identify device '/dev/video2'.
[wrist_camera_usb_publisher-8] [ WARN:0@25.979] global ./modules/videoio/src/cap_gstreamer.cpp (1356) open OpenCV | GStreamer warning: unable to start pipeline
[wrist_camera_usb_publisher-8] [ WARN:0@25.979] global ./modules/videoio/src/cap_gstreamer.cpp (862) isPipelinePlaying OpenCV | GStreamer warning: GStreamer: pipeline have not been created
[wrist_camera_usb_publisher-8] [ WARN:0@25.979] global ./modules/videoio/src/cap_v4l.cpp (902) open VIDEOIO(V4L2:/dev/video2): can't open camera by index
[wrist_camera_usb_publisher-8] [ERROR] [1776892218.417127143] [wrist_camera_usb_publisher_node]: USB camera publisher: camera reopen did not find an open source.
[ros2_control_node-1] [WARN] [1776892218.469868094] [controller_manager]: Waiting for data on 'robot_description' topic to finish initialization
[scene_static-7] [WARN] [1776892218.743553474] [scene_static_node]: Planning scene service not available, waiting...
[ros2_control_node-1] [WARN] [1776892219.469964710] [controller_manager]: Waiting for data on 'robot_description' topic to finish initialization
[vision_apriltag-9] [WARN] [1776892219.721287741] [vision_apriltag_node]: Vision AprilTag: no images received yet on /wrist_mounted_camera/image.
[wrist_camera_usb_publisher-8] [WARN] [1776892220.360821306] [wrist_camera_usb_publisher_node]: USB camera publisher: reopening camera source (camera source is closed).
[wrist_camera_usb_publisher-8] [INFO] [1776892220.361428660] [wrist_camera_usb_publisher_node]: USB camera publisher: trying camera source index 2.
[wrist_camera_usb_publisher-8] [ WARN:0@27.969] global ./modules/videoio/src/cap_v4l.cpp (902) open VIDEOIO(V4L2:/dev/video2): can't open camera by index
[wrist_camera_usb_publisher-8] [INFO] [1776892220.362367756] [wrist_camera_usb_publisher_node]: USB camera publisher: trying camera source index 0.
[wrist_camera_usb_publisher-8] [ WARN:0@27.970] global ./modules/videoio/src/cap_v4l.cpp (902) open VIDEOIO(V4L2:/dev/video0): can't open camera by index
[wrist_camera_usb_publisher-8] [INFO] [1776892220.363272256] [wrist_camera_usb_publisher_node]: USB camera publisher: trying camera source index 1.
[wrist_camera_usb_publisher-8] [ WARN:0@27.971] global ./modules/videoio/src/cap_v4l.cpp (902) open VIDEOIO(V4L2:/dev/video1): can't open camera by index
[wrist_camera_usb_publisher-8] [INFO] [1776892220.363895972] [wrist_camera_usb_publisher_node]: USB camera publisher: trying camera source index 3.
[wrist_camera_usb_publisher-8] [ WARN:0@27.972] global ./modules/videoio/src/cap_v4l.cpp (902) open VIDEOIO(V4L2:/dev/video3): can't open camera by index
[wrist_camera_usb_publisher-8] [INFO] [1776892220.364799415] [wrist_camera_usb_publisher_node]: USB camera publisher: trying camera source index 4.
[wrist_camera_usb_publisher-8] [ WARN:0@27.972] global ./modules/videoio/src/cap_v4l.cpp (902) open VIDEOIO(V4L2:/dev/video4): can't open camera by index
[wrist_camera_usb_publisher-8] [INFO] [1776892220.365933069] [wrist_camera_usb_publisher_node]: USB camera publisher: trying camera source index 5.
[wrist_camera_usb_publisher-8] [ WARN:0@27.974] global ./modules/videoio/src/cap_v4l.cpp (902) open VIDEOIO(V4L2:/dev/video5): can't open camera by index
[wrist_camera_usb_publisher-8] [WARN] [1776892220.366941064] [wrist_camera_usb_publisher_node]: USB camera publisher: V4L2 probing failed. Retrying default OpenCV backend on index 2.
[wrist_camera_usb_publisher-8] [ WARN:0@27.979] global ./modules/videoio/src/cap_gstreamer.cpp (2401) handleMessage OpenCV | GStreamer warning: Embedded video playback halted; module v4l2src14 reported: Cannot identify device '/dev/video2'.
[wrist_camera_usb_publisher-8] [ WARN:0@27.980] global ./modules/videoio/src/cap_gstreamer.cpp (1356) open OpenCV | GStreamer warning: unable to start pipeline
[wrist_camera_usb_publisher-8] [ WARN:0@27.980] global ./modules/videoio/src/cap_gstreamer.cpp (862) isPipelinePlaying OpenCV | GStreamer warning: GStreamer: pipeline have not been created
[wrist_camera_usb_publisher-8] [ WARN:0@27.980] global ./modules/videoio/src/cap_v4l.cpp (902) open VIDEOIO(V4L2:/dev/video2): can't open camera by index
[wrist_camera_usb_publisher-8] [ERROR] [1776892220.420491056] [wrist_camera_usb_publisher_node]: USB camera publisher: camera reopen did not find an open source.
[ros2_control_node-1] [WARN] [1776892220.469917683] [controller_manager]: Waiting for data on 'robot_description' topic to finish initialization
[scene_static-7] [WARN] [1776892220.748724632] [scene_static_node]: Planning scene service not available, waiting...
[ros2_control_node-1] [WARN] [1776892221.469976275] [controller_manager]: Waiting for data on 'robot_description' topic to finish initialization
[vision_apriltag-9] [WARN] [1776892221.717576112] [vision_apriltag_node]: Vision AprilTag: no images received yet on /wrist_mounted_camera/image.
[spawner-4] [WARN] [1776892222.117098428] [spawner_joint_state_broadcaster]: Could not contact service /controller_manager/list_controllers
[spawner-4] [INFO] [1776892222.120082029] [spawner_joint_state_broadcaster]: waiting for service /controller_manager/list_controllers to become available...
[wrist_camera_usb_publisher-8] [WARN] [1776892222.362429424] [wrist_camera_usb_publisher_node]: USB camera publisher: reopening camera source (camera source is closed).
[wrist_camera_usb_publisher-8] [INFO] [1776892222.364637332] [wrist_camera_usb_publisher_node]: USB camera publisher: trying camera source index 2.
[wrist_camera_usb_publisher-8] [ WARN:0@29.972] global ./modules/videoio/src/cap_v4l.cpp (902) open VIDEOIO(V4L2:/dev/video2): can't open camera by index
[wrist_camera_usb_publisher-8] [INFO] [1776892222.367395726] [wrist_camera_usb_publisher_node]: USB camera publisher: trying camera source index 0.
[wrist_camera_usb_publisher-8] [ WARN:0@29.975] global ./modules/videoio/src/cap_v4l.cpp (902) open VIDEOIO(V4L2:/dev/video0): can't open camera by index
[wrist_camera_usb_publisher-8] [INFO] [1776892222.370171388] [wrist_camera_usb_publisher_node]: USB camera publisher: trying camera source index 1.
[wrist_camera_usb_publisher-8] [ WARN:0@29.978] global ./modules/videoio/src/cap_v4l.cpp (902) open VIDEOIO(V4L2:/dev/video1): can't open camera by index
[wrist_camera_usb_publisher-8] [INFO] [1776892222.372357167] [wrist_camera_usb_publisher_node]: USB camera publisher: trying camera source index 3.
[wrist_camera_usb_publisher-8] [ WARN:0@29.980] global ./modules/videoio/src/cap_v4l.cpp (902) open VIDEOIO(V4L2:/dev/video3): can't open camera by index
[wrist_camera_usb_publisher-8] [INFO] [1776892222.374836821] [wrist_camera_usb_publisher_node]: USB camera publisher: trying camera source index 4.
[wrist_camera_usb_publisher-8] [ WARN:0@29.983] global ./modules/videoio/src/cap_v4l.cpp (902) open VIDEOIO(V4L2:/dev/video4): can't open camera by index
[wrist_camera_usb_publisher-8] [INFO] [1776892222.377498110] [wrist_camera_usb_publisher_node]: USB camera publisher: trying camera source index 5.
[wrist_camera_usb_publisher-8] [ WARN:0@29.985] global ./modules/videoio/src/cap_v4l.cpp (902) open VIDEOIO(V4L2:/dev/video5): can't open camera by index
[wrist_camera_usb_publisher-8] [WARN] [1776892222.381853765] [wrist_camera_usb_publisher_node]: USB camera publisher: V4L2 probing failed. Retrying default OpenCV backend on index 2.
[wrist_camera_usb_publisher-8] [ WARN:0@30.001] global ./modules/videoio/src/cap_gstreamer.cpp (2401) handleMessage OpenCV | GStreamer warning: Embedded video playback halted; module v4l2src15 reported: Cannot identify device '/dev/video2'.
[wrist_camera_usb_publisher-8] [ WARN:0@30.001] global ./modules/videoio/src/cap_gstreamer.cpp (1356) open OpenCV | GStreamer warning: unable to start pipeline
[wrist_camera_usb_publisher-8] [ WARN:0@30.001] global ./modules/videoio/src/cap_gstreamer.cpp (862) isPipelinePlaying OpenCV | GStreamer warning: GStreamer: pipeline have not been created
[wrist_camera_usb_publisher-8] [ WARN:0@30.001] global ./modules/videoio/src/cap_v4l.cpp (902) open VIDEOIO(V4L2:/dev/video2): can't open camera by index
[wrist_camera_usb_publisher-8] [ERROR] [1776892222.443711384] [wrist_camera_usb_publisher_node]: USB camera publisher: camera reopen did not find an open source.
[ros2_control_node-1] [WARN] [1776892222.470014258] [controller_manager]: Waiting for data on 'robot_description' topic to finish initialization
[scene_static-7] [WARN] [1776892222.751352055] [scene_static_node]: Planning scene service not available, waiting...
