
===== 2026-04-29T12:31:26-04:00 | T1_full =====
cwd=/home/carrt-cse-project/workspace/ros2_kortex_ws
cmd=ros2 launch adl_tasks adl_start.launch.py controller_update_rate:=1000 arm_use_fake_hardware:=false arm_robot_ip:=192.168.0.10 clear_table_top_only_scan:=true launch_rviz:=true 

[INFO] [launch]: All log files can be found below /home/carrt-cse-project/.ros/log/2026-04-29-12-31-26-816338-carrt-cse-project-OptiPlex-5050-89398
[INFO] [launch]: Default logging verbosity is set to INFO
[arm_start.launch] controller_update_rate was explicitly overridden above 125 Hz for real hardware (1000 Hz); honoring the override for operator tuning even though recent logs showed overruns at that rate.
[INFO] [launch.user]: [arm_start.launch] MoveIt current state source: /joint_states_sanitized. Use use_joint_state_sanitizer:=false for raw-state viewer debugging.
[INFO] [launch.user]: [arm_start.launch] Using ADL controller config (share/adl_tasks/config/ros2_controllers_vbox.yaml, update_rate:=1000 Hz).
[INFO] [ros2_control_node-1]: process started with pid [89402]
[INFO] [robot_state_publisher-2]: process started with pid [89403]
[INFO] [joint_state_sanitizer-3]: process started with pid [89404]
[INFO] [spawner-4]: process started with pid [89405]
[INFO] [static_transform_publisher-5]: process started with pid [89406]
[INFO] [static_transform_publisher-6]: process started with pid [89407]
[INFO] [scene_static-7]: process started with pid [89408]
[INFO] [wrist_camera_usb_publisher-8]: process started with pid [89409]
[INFO] [vision_apriltag-9]: process started with pid [89410]
[INFO] [scene_from_vision-10]: process started with pid [89411]
[INFO] [adl_controller-11]: process started with pid [89412]
[INFO] [pick_dropped_bottle-12]: process started with pid [89413]
[INFO] [clear_table-13]: process started with pid [89414]
[INFO] [give_medication-14]: process started with pid [89415]
[INFO] [adl_ui-15]: process started with pid [89416]
[static_transform_publisher-6] [INFO] [1777480287.156325657] [camera_color_optical_bridge_tf_pub]: Spinning until stopped - publishing transform
[static_transform_publisher-6] translation: ('0.000000', '0.000000', '0.000000')
[static_transform_publisher-6] rotation: ('0.000000', '0.000000', '0.000000', '1.000000')
[static_transform_publisher-6] from 'camera_color_frame' to 'wrist_mounted_camera_color_optical_frame'
[robot_state_publisher-2] [INFO] [1777480287.170595361] [robot_state_publisher]: Robot initialized
[ros2_control_node-1] [INFO] [1777480287.185196666] [controller_manager]: Using Steady (Monotonic) clock for triggering controller manager cycles.
[static_transform_publisher-5] [INFO] [1777480287.206757720] [static_transform_publisher]: Spinning until stopped - publishing transform
[static_transform_publisher-5] translation: ('0.000000', '0.000000', '0.000000')
[static_transform_publisher-5] rotation: ('0.000000', '0.000000', '0.000000', '1.000000')
[static_transform_publisher-5] from 'world' to 'base_link'
[ros2_control_node-1] [INFO] [1777480287.220929135] [controller_manager]: Subscribing to '/robot_description' topic for robot description.
[ros2_control_node-1] [INFO] [1777480287.228775959] [controller_manager]: update rate is 1000 Hz
[ros2_control_node-1] [INFO] [1777480287.228813435] [controller_manager]: Overruns handling is : enabled
[ros2_control_node-1] [INFO] [1777480287.228824460] [controller_manager]: Spawning controller_manager RT thread with scheduler priority: 50
[ros2_control_node-1] [INFO] [1777480287.230747120] [controller_manager]: Successful set up FIFO RT scheduling policy with priority 50.
[ros2_control_node-1] [INFO] [1777480287.383265526] [controller_manager]: Received robot description from topic.
[ros2_control_node-1] [INFO] [1777480287.383324457] [controller_manager]: Enforcing command limits is disabled. Command limits from URDF will be ignored.
[ros2_control_node-1] [INFO] [1777480287.399326224] [controller_manager]: Loading hardware 'KortexMultiInterfaceHardware' 
[ros2_control_node-1] [INFO] [1777480287.416579538] [KortexMultiInterfaceHardware]: Setting severity threshold to DEBUG
[ros2_control_node-1] [INFO] [1777480287.416640973] [controller_manager]: Loaded hardware 'KortexMultiInterfaceHardware' from plugin 'kortex_driver/KortexMultiInterfaceHardware'
[ros2_control_node-1] [INFO] [1777480287.419316719] [controller_manager]: Initialize hardware 'KortexMultiInterfaceHardware' 
[ros2_control_node-1] [INFO] [1777480287.451384622] [KortexMultiInterfaceHardware]: Configuring Hardware Interface
[ros2_control_node-1] [INFO] [1777480287.452327275] [KortexMultiInterfaceHardware]: Robot ip is '192.168.0.10'
[ros2_control_node-1] [INFO] [1777480287.452343236] [KortexMultiInterfaceHardware]: Username is 'admin'
[ros2_control_node-1] [INFO] [1777480287.452357599] [KortexMultiInterfaceHardware]: Port used '10000'
[ros2_control_node-1] [INFO] [1777480287.452364002] [KortexMultiInterfaceHardware]: Realtime port used '10001'
[ros2_control_node-1] [INFO] [1777480287.452378024] [KortexMultiInterfaceHardware]: Session inactivity timeout is '60000'
[ros2_control_node-1] [INFO] [1777480287.452387587] [KortexMultiInterfaceHardware]: Connection inactivity timeout is '2000'
[ros2_control_node-1] [INFO] [1777480287.452397279] [KortexMultiInterfaceHardware]: Gripper joint name is 'robotiq_85_left_knuckle_joint'
[ros2_control_node-1] [INFO] [1777480287.452431927] [KortexMultiInterfaceHardware]: Connecting to robot at 192.168.0.10
[ros2_control_node-1] [INFO] [1777480287.461308757] [KortexMultiInterfaceHardware]: Creating session for communication
[spawner-4] [INFO] [1777480287.793033448] [spawner_joint_state_broadcaster]: waiting for service /controller_manager/list_controllers to become available...
[ros2_control_node-1] [INFO] [1777480287.984221386] [KortexMultiInterfaceHardware]: Session created
[adl_ui-15] [INFO] [1777480288.109013398] [adl_ui_node]: ADL UI Node started.
[adl_ui-15] [INFO] [1777480288.109769382] [adl_ui_node]: Automatic retract on UI load is disabled; startup sends no motion.
[adl_ui-15] [INFO] [1777480288.111352345] [adl_ui_node]: Web UI available at http://localhost:5000
[adl_ui-15]  * Serving Flask app 'adl_tasks.adl_ui'
[adl_ui-15]  * Debug mode: off
[adl_ui-15] WARNING: This is a development server. Do not use it in a production deployment. Use a production WSGI server instead.
[adl_ui-15]  * Running on all addresses (0.0.0.0)
[adl_ui-15]  * Running on http://127.0.0.1:5000
[adl_ui-15]  * Running on http://192.168.0.231:5000
[adl_ui-15] Press CTRL+C to quit
[adl_ui-15] 127.0.0.1 - - [29/Apr/2026 12:31:28] "GET /status_json HTTP/1.1" 200 -
[joint_state_sanitizer-3] [INFO] [1777480288.249855512] [joint_state_sanitizer_node]: joint_state_sanitizer started. raw=/joint_states -> sanitized=/joint_states_sanitized
[scene_static-7] [INFO] [1777480288.653774106] [scene_static_node]: Static Scene Node started.
[scene_static-7] [INFO] [1777480288.654778148] [scene_static_node]: WHEELCHAIR_BASE_HEIGHT = 0.36195m  |  Table surface at z = 0.098m | Table front-edge-from-base = 0.406m | Table center at x = 0.681m | table_edge_lip_margin=0.0127m | table_edge_lip_thickness=0.0127m | table_edge_lip_height=0.460m | include_wheelchair_wall=True | include_left_desk_wall=True | include_right_desk_wall=True | include_arm_base_under_block=True | include_arm_base_side_lips=True | include_arm_base_left_back_block=True | include_arm_base_right_back_half_block=True
[scene_static-7] [INFO] [1777480288.656482943] [scene_static_node]: Wheelchair wall geometry: center=(-0.465, 0.000, 0.482) size=(0.450, 0.700, 1.688)
[scene_static-7] [INFO] [1777480288.658626608] [scene_static_node]: Arm-base under-block geometry: center=(0.000, 0.000, -0.212) size=(0.302, 0.378, 0.300) | platform=(0.200, 0.200) | margins(front/back=0.051, left/right=0.089)
[scene_static-7] [INFO] [1777480288.662852321] [scene_static_node]: Arm-base side-lip geometry: left_y=0.198, right_y=-0.198, center_z=-0.047, size=(0.314, 0.006, 0.030) | x_offset=-0.076, outset=0.006, front/back_margin=0.006
[scene_static-7] [INFO] [1777480288.665677409] [scene_static_node]: Arm-base left-back block geometry: center=(-0.177, 0.312, 0.482) size=(0.100, 0.408, 1.688) | inner_faces(x=-0.127, y=0.108) | left_wall_inner_face_y=0.504 | into_left_wall=0.013
[scene_static-7] [INFO] [1777480288.667832485] [scene_static_node]: Arm-base right-back half block geometry: center=(-0.177, -0.312, 0.060) size=(0.100, 0.408, 0.844) | inner_faces(x=-0.127, y=-0.108) | right_wall_inner_face_y=-0.504 | into_right_wall=0.013
[pick_dropped_bottle-12] [INFO] [1777480288.697781014] [pick_dropped_bottle_node]: PickDroppedBottle starting...
[ros2_control_node-1] [INFO] [1777480288.786514835] [KortexMultiInterfaceHardware]: Actuator count reported by robot is '7'
[ros2_control_node-1] [INFO] [1777480288.786722451] [KortexMultiInterfaceHardware]: Using internal bus communication for gripper!
[ros2_control_node-1] [INFO] [1777480288.786733028] [KortexMultiInterfaceHardware]: Hardware Interface successfully configured
[ros2_control_node-1] [INFO] [1777480288.786820297] [controller_manager]: Successful initialization of hardware 'KortexMultiInterfaceHardware'
[ros2_control_node-1] [DEBUG] [1777480288.786890854] [KortexMultiInterfaceHardware]: export_state_interfaces for joint: joint_1
[ros2_control_node-1] [DEBUG] [1777480288.786917812] [KortexMultiInterfaceHardware]: export_state_interfaces for joint: joint_2
[ros2_control_node-1] [DEBUG] [1777480288.786924113] [KortexMultiInterfaceHardware]: export_state_interfaces for joint: joint_3
[ros2_control_node-1] [DEBUG] [1777480288.786928941] [KortexMultiInterfaceHardware]: export_state_interfaces for joint: joint_4
[ros2_control_node-1] [DEBUG] [1777480288.786932637] [KortexMultiInterfaceHardware]: export_state_interfaces for joint: joint_5
[ros2_control_node-1] [DEBUG] [1777480288.786936717] [KortexMultiInterfaceHardware]: export_state_interfaces for joint: joint_6
[ros2_control_node-1] [DEBUG] [1777480288.786940508] [KortexMultiInterfaceHardware]: export_state_interfaces for joint: joint_7
[ros2_control_node-1] [DEBUG] [1777480288.786944394] [KortexMultiInterfaceHardware]: export_state_interfaces for joint: robotiq_85_left_knuckle_joint
[ros2_control_node-1] [INFO] [1777480288.788809413] [resource_manager]: 'configure' hardware 'KortexMultiInterfaceHardware' 
[ros2_control_node-1] [INFO] [1777480288.788848057] [resource_manager]: Successful 'configure' of hardware 'KortexMultiInterfaceHardware'
[ros2_control_node-1] [INFO] [1777480288.788911572] [resource_manager]: 'activate' hardware 'KortexMultiInterfaceHardware' 
[ros2_control_node-1] [INFO] [1777480288.788933941] [KortexMultiInterfaceHardware]: Activating KortexMultiInterfaceHardware...
[ros2_control_node-1] [INFO] [1777480288.794034867] [KortexMultiInterfaceHardware]: Gripper initial position is '14.410482'.
[ros2_control_node-1] [INFO] [1777480288.798342326] [KortexMultiInterfaceHardware]: KortexMultiInterfaceHardware successfully activated!
[ros2_control_node-1] [INFO] [1777480288.798394105] [resource_manager]: Successful 'activate' of hardware 'KortexMultiInterfaceHardware'
[ros2_control_node-1] [INFO] [1777480288.798649145] [controller_manager]: Registering statistics for : KortexMultiInterfaceHardware
[ros2_control_node-1] [INFO] [1777480288.798824006] [controller_manager]: Resource Manager has been successfully initialized. Starting Controller Manager services...
[pick_dropped_bottle-12] [INFO] [1777480288.803274714] [pick_dropped_bottle_node]: MoveItHelper initialized. joint_state_topic=/joint_states_sanitized (sanitized_expected=True) real_hardware_mode=True short_cartesian_mode=hybrid
[pick_dropped_bottle-12] [INFO] [1777480288.804367457] [pick_dropped_bottle_node]: ADL_DIRECT_FIXED_JOINTS is unset; defaulting fixed-joint direct trajectories to disabled on real hardware (collision-aware MoveIt path first).
[ros2_control_node-1] [WARN] [1777480288.807842926] [controller_manager]: Overrun might occur, Total time : 8892.483 us (Expected < 1000.000 us) --> Read time : 4539.353 us, Update time : 30.851 us, Write time : 4322.279 us
[ros2_control_node-1] [WARN] [1777480288.807918747] [controller_manager]: Overrun detected! The controller manager missed its desired rate of 1000 Hz. The loop took 9.000337 ms (missed cycles : 10).
[clear_table-13] [INFO] [1777480288.808452340] [clear_table_node]: Clear Table Node Started
[give_medication-14] [INFO] [1777480288.839470180] [give_medication_node]: give_medication starting...
[pick_dropped_bottle-12] [INFO] [1777480288.840298364] [pick_dropped_bottle_node]: Vision Client initialized, waiting for service...
[wrist_camera_usb_publisher-8] [INFO] [1777480288.871106406] [wrist_camera_usb_publisher_node]: USB camera publisher: trying camera source index 2.
[clear_table-13] [INFO] [1777480288.904298129] [clear_table_node]: MoveItHelper initialized. joint_state_topic=/joint_states_sanitized (sanitized_expected=True) real_hardware_mode=True short_cartesian_mode=hybrid
[clear_table-13] [INFO] [1777480288.905252117] [clear_table_node]: ADL_DIRECT_FIXED_JOINTS is unset; defaulting fixed-joint direct trajectories to disabled on real hardware (collision-aware MoveIt path first).
[clear_table-13] [INFO] [1777480288.915111434] [clear_table_node]: Vision Client initialized, waiting for service...
[give_medication-14] [INFO] [1777480288.920574632] [give_medication_node]: MoveItHelper initialized. joint_state_topic=/joint_states_sanitized (sanitized_expected=True) real_hardware_mode=True short_cartesian_mode=hybrid
[give_medication-14] [INFO] [1777480288.921459479] [give_medication_node]: ADL_DIRECT_FIXED_JOINTS is unset; defaulting fixed-joint direct trajectories to disabled on real hardware (collision-aware MoveIt path first).
[adl_ui-15] 127.0.0.1 - - [29/Apr/2026 12:31:28] "GET /status_json HTTP/1.1" 200 -
[give_medication-14] [INFO] [1777480288.932320729] [give_medication_node]: Vision Client initialized, waiting for service...
[wrist_camera_usb_publisher-8] [INFO] [1777480288.973617690] [wrist_camera_usb_publisher_node]: USB camera publisher: opened camera source index 2.
[wrist_camera_usb_publisher-8] [INFO] [1777480288.974739792] [wrist_camera_usb_publisher_node]: Wrist Camera USB Publisher started.
[wrist_camera_usb_publisher-8] [INFO] [1777480288.975779337] [wrist_camera_usb_publisher_node]: Publishing USB camera frames on /wrist_mounted_camera/image with frame_id=wrist_mounted_camera_color_optical_frame.
[wrist_camera_usb_publisher-8] [INFO] [1777480288.976687556] [wrist_camera_usb_publisher_node]: Publishing camera info on /wrist_mounted_camera/camera_info from reference intrinsics [554.25, 554.25, 320.0, 240.0] @ 640x480.
[wrist_camera_usb_publisher-8] [INFO] [1777480288.977644536] [wrist_camera_usb_publisher_node]: Using explicit camera_matrix for CameraInfo. matrix_size=1280x720, K=[920.874267578125, 0.0, 644.7646484375, 0.0, 921.5654907226562, 343.1528625488281, 0.0, 0.0, 1.0], d=[0.0, 0.0, 0.0, 0.0, 0.0]
[wrist_camera_usb_publisher-8] [INFO] [1777480288.978637584] [wrist_camera_usb_publisher_node]: Requested source=2 size=1280x720 fps=10.0
[adl_controller-11] [INFO] [1777480289.092934269] [adl_controller_node]: MoveItHelper initialized. joint_state_topic=/joint_states_sanitized (sanitized_expected=True) real_hardware_mode=True short_cartesian_mode=hybrid
[adl_controller-11] [INFO] [1777480289.093970144] [adl_controller_node]: ADL_DIRECT_FIXED_JOINTS is unset; defaulting fixed-joint direct trajectories to disabled on real hardware (collision-aware MoveIt path first).
[scene_from_vision-10] [INFO] [1777480289.098802455] [scene_from_vision_node]: Scene From Vision Node Started
[adl_controller-11] [INFO] [1777480289.105575444] [adl_controller_node]: ADL controller ready. Waiting for UI/system commands.
[scene_from_vision-10] [INFO] [1777480289.585447581] [scene_from_vision_node]: SceneFromVision: Updating planning scene. Tracking 5 object shape(s). memory_mode=True, scan_duration_s=5.0, scan_min_samples=3, scan_target_samples=8, scan_extend_step_s=1.5, scan_max_extensions=2, scan_prune_unseen_objects=False, continuous_scene_updates=False, latch_first_detection_updates=True, log_object_pose_debug=False, apply_planning_scene_service_updates=True, publish_monitored_planning_scene_updates=True, side_viewpoint=wrist_mounted_camera_color_optical_frame->base_link, reject_table_objects_outside_bounds=False.
[scene_from_vision-10] [INFO] [1777480289.586727582] [scene_from_vision_node]: SceneFromVision calibration: xy_offset=(0.000, 0.000), z_offset=0.000, yaw_deg=0.00, xy_scale=1.0000, clamp_table_objects_to_table_bounds=False, table_bounds_margin_m=0.030.
[scene_from_vision-10] [INFO] [1777480289.588042644] [scene_from_vision_node]: SceneFromVision object offsets: remote_axis=y, remote_tag_to_center_sign=-1.0, remote_tag_from_end_m=0.020, remote_world_offset=(-0.040, 0.000), cube_tag_to_center=(0.000, 0.000), cube_world_offset=(0.000, -0.006), cube_yaw_offset_deg=0.0, medication_world_offset=(-0.150, -0.030), medication_face_to_center_m=0.027, cup_world_offset=(-0.085, -0.040), cup_face_to_center_m=0.031.
[pick_dropped_bottle-12] [INFO] [1777480289.591953868] [pick_dropped_bottle_node]: Vision service is ready.
[pick_dropped_bottle-12] [INFO] [1777480289.598168165] [pick_dropped_bottle_node]: PickDroppedBottle ready. Waiting for command.
[pick_dropped_bottle-12] [INFO] [1777480289.598807425] [pick_dropped_bottle_node]: Startup motion disabled at node load; motion begins only after pick_dropped_bottle command.
[wrist_camera_usb_publisher-8] [INFO] [1777480289.610062113] [wrist_camera_usb_publisher_node]: USB camera info active intrinsics: size=1280x720, fx=920.87, fy=921.57, cx=644.76, cy=343.15, d=array('d', [0.0, 0.0, 0.0, 0.0, 0.0])
[wrist_camera_usb_publisher-8] [INFO] [1777480289.610800826] [wrist_camera_usb_publisher_node]: USB camera publisher heartbeat: publishing 1280x720 frames on /wrist_mounted_camera/image; camera_info fx=920.87, fy=921.57, cx=644.76, cy=343.15.
[vision_apriltag-9] [INFO] [1777480289.611908360] [vision_apriltag_node]: Vision AprilTag Node Started
[vision_apriltag-9] [INFO] [1777480289.613196131] [vision_apriltag_node]: Subscribing to camera topic: /wrist_mounted_camera/image
[vision_apriltag-9] [INFO] [1777480289.614273858] [vision_apriltag_node]: Subscribing to camera info topic: /wrist_mounted_camera/camera_info
[vision_apriltag-9] [INFO] [1777480289.615687894] [vision_apriltag_node]: Camera frame: wrist_mounted_camera_color_optical_frame | use_image_header_frame=True
[vision_apriltag-9] [INFO] [1777480289.617543256] [vision_apriltag_node]: Tag size: 0.025m | pose_cache_retention_s=20.0 | get_pose_wait_timeout_s=5.0 | max_returned_pose_age_s=20.0 | camera_params=[554.25, 554.25, 320.0, 240.0] | families=tag36h11 | quad_decimate=1.0 | requested_backend=opencv | backend=cv2.aruco | opencv_pose_solver=ippe_square | use_image_timestamp_for_tf=False
[vision_apriltag-9] [INFO] [1777480289.618821836] [vision_apriltag_node]: Top-tag known-plane projection: enabled=True, planes={3: 0.11995, 4: 0.154438}
[vision_apriltag-9] [INFO] [1777480289.620603652] [vision_apriltag_node]: pupil_apriltags tuning: nthreads=1, quad_sigma=0.0, refine_edges=1, decode_sharpening=0.25, debug=0, preprocess_variants=['raw', 'clahe', 'adaptive', 'clahe_sharp', 'clahe_up2', 'sharp_up2'], tile_search_if_empty=True, tile_search_grid=3x2, tile_search_scale=2.0, tile_search_overlap=0.25
[vision_apriltag-9] [WARN] [1777480289.622413015] [vision_apriltag_node]: pupil_apriltags is not importable by this node, so detection is using OpenCV fallback only. python=/usr/bin/python3, import_error=No module named 'pupil_apriltags'. If .venv contains pupil_apriltags, rebuild adl_tasks with that venv active or run the module with the venv Python.
[vision_apriltag-9] [INFO] [1777480289.623963739] [vision_apriltag_node]: Publishing AprilTag debug images on /vision_apriltag/debug_image at up to 1.0 Hz.
[vision_apriltag-9] [INFO] [1777480289.626506492] [vision_apriltag_node]: Vision AprilTag camera model updated from CameraInfo: size=1280x720, fx=920.87, fy=921.57, cx=644.76, cy=343.15, d=[0.0, 0.0, 0.0, 0.0, 0.0]
[clear_table-13] [INFO] [1777480289.666363644] [clear_table_node]: Vision service is ready.
[clear_table-13] [INFO] [1777480289.675658467] [clear_table_node]: Clear Table Node ready. Waiting for command.
[clear_table-13] [INFO] [1777480289.676109765] [clear_table_node]: Startup motion disabled at node load; motion begins only after clear_table command.
[clear_table-13] [INFO] [1777480289.676726112] [clear_table_node]: clear_table scan flags: top_only_scan_mode=True (ADL_CLEAR_TABLE_TOP_ONLY_SCAN='true'), two_phase_require_side_sweep_before_priority_exit=True (ADL_CLEAR_TABLE_REQUIRE_SIDE_SWEEP='true'), two_phase_top_full_sweep_before_priority_exit=True.
[adl_ui-15] 127.0.0.1 - - [29/Apr/2026 12:31:29] "GET /status_json HTTP/1.1" 200 -
[give_medication-14] [INFO] [1777480289.684146580] [give_medication_node]: Vision service is ready.
[give_medication-14] [INFO] [1777480289.692424917] [give_medication_node]: give_medication ready.
[ros2_control_node-1] [WARN] [1777480289.810812984] [controller_manager]: Overrun might occur, Total time : 3851.077 us (Expected < 1000.000 us) --> Read time : 47.255 us, Update time : 53.293 us, Write time : 3750.529 us
[ros2_control_node-1] [WARN] [1777480289.810986434] [controller_manager]: Overrun detected! The controller manager missed its desired rate of 1000 Hz. The loop took 4.063279 ms (missed cycles : 5).
[vision_apriltag-9] [INFO] [1777480290.088531940] [vision_apriltag_node]: Vision AprilTag detection debug: no tags found after raw/CLAHE/sharp/adaptive/upscaled/tiled passes.
[adl_ui-15] 127.0.0.1 - - [29/Apr/2026 12:31:30] "GET /status_json HTTP/1.1" 200 -
[ros2_control_node-1] [WARN] [1777480290.811892153] [controller_manager]: Overrun might occur, Total time : 2950.545 us (Expected < 1000.000 us) --> Read time : 36.847 us, Update time : 16.499 us, Write time : 2897.199 us
[ros2_control_node-1] [WARN] [1777480290.811960432] [controller_manager]: Overrun detected! The controller manager missed its desired rate of 1000 Hz. The loop took 3.042904 ms (missed cycles : 4).
[scene_static-7] [WARN] [1777480290.839061257] [scene_static_node]: Planning scene service not available, waiting...
[adl_ui-15] 127.0.0.1 - - [29/Apr/2026 12:31:31] "GET /status_json HTTP/1.1" 200 -
[vision_apriltag-9] [INFO] [1777480291.568113110] [vision_apriltag_node]: Vision AprilTag: images are arriving on /wrist_mounted_camera/image, but no AprilTags have been detected yet.
[ros2_control_node-1] [WARN] [1777480291.813730009] [controller_manager]: Overrun might occur, Total time : 2769.250 us (Expected < 1000.000 us) --> Read time : 19.253 us, Update time : 11.032 us, Write time : 2738.965 us
[ros2_control_node-1] [WARN] [1777480291.813803710] [controller_manager]: Overrun detected! The controller manager missed its desired rate of 1000 Hz. The loop took 2.886028 ms (missed cycles : 3).
[adl_ui-15] 127.0.0.1 - - [29/Apr/2026 12:31:31] "GET /status_json HTTP/1.1" 200 -
[ros2_control_node-1] [INFO] [1777480292.549082969] [controller_manager]: Loading controller : 'joint_state_broadcaster' of type 'joint_state_broadcaster/JointStateBroadcaster'
[ros2_control_node-1] [INFO] [1777480292.549123135] [controller_manager]: Loading controller 'joint_state_broadcaster'
[ros2_control_node-1] [INFO] [1777480292.556822995] [controller_manager]: Controller 'joint_state_broadcaster' node arguments: --ros-args --params-file /home/carrt-cse-project/workspace/ros2_kortex_ws/install/adl_tasks/share/adl_tasks/config/ros2_controllers_vbox.yaml --params-file /tmp/launch_params_jmgnjefs 
[spawner-4] [INFO] [1777480292.590409115] [spawner_joint_state_broadcaster]: Loaded joint_state_broadcaster
[ros2_control_node-1] [INFO] [1777480292.594333783] [controller_manager]: Configuring controller: 'joint_state_broadcaster'
[ros2_control_node-1] [INFO] [1777480292.594764187] [joint_state_broadcaster]: 'joints' or 'interfaces' parameter is empty. All available state interfaces will be published
[ros2_control_node-1] [INFO] [1777480292.618664261] [controller_manager]: Activating controllers: [ joint_state_broadcaster ]
[ros2_control_node-1] [INFO] [1777480292.622934580] [controller_manager]: Successfully switched controllers!
[ros2_control_node-1] [WARN] [1777480292.625367402] [controller_manager]: Overrun might occur, Total time : 3431.008 us (Expected < 1000.000 us) --> Read time : 15.597 us, Update time : 968.402 us (Switch time : 951.689 us (Switch chained mode time : 1.299 us, perform mode change time : 2.394 us, Activation time : 941.040 us, Deactivation time : 1.389 us)), Write time : 2447.009 us
[spawner-4] [INFO] [1777480292.630239028] [spawner_joint_state_broadcaster]: Configured and activated joint_state_broadcaster
[joint_state_sanitizer-3] [WARN] [1777480292.630528636] [joint_state_sanitizer_node]: [joint_state_sanitizer] Published sanitized joint state: joint_3:+3.139->+3.132
[adl_ui-15] 127.0.0.1 - - [29/Apr/2026 12:31:32] "GET /status_json HTTP/1.1" 200 -
[ros2_control_node-1] [WARN] [1777480292.814247343] [controller_manager]: Overrun might occur, Total time : 2317.406 us (Expected < 1000.000 us) --> Read time : 14.614 us, Update time : 41.535 us, Write time : 2261.257 us
[ros2_control_node-1] [WARN] [1777480292.814309651] [controller_manager]: Overrun detected! The controller manager missed its desired rate of 1000 Hz. The loop took 2.391684 ms (missed cycles : 3).
[INFO] [spawner-4]: process has finished cleanly [pid 89405]
[scene_static-7] [WARN] [1777480292.844923283] [scene_static_node]: Planning scene service not available, waiting...
[INFO] [spawner-16]: process started with pid [89678]
[INFO] [spawner-17]: process started with pid [89679]
[INFO] [spawner-18]: process started with pid [89680]
[INFO] [spawner-19]: process started with pid [89681]
[adl_ui-15] 127.0.0.1 - - [29/Apr/2026 12:31:33] "GET /status_json HTTP/1.1" 200 -
[vision_apriltag-9] [INFO] [1777480293.568305983] [vision_apriltag_node]: Vision AprilTag: images are arriving on /wrist_mounted_camera/image, but no AprilTags have been detected yet.
[ros2_control_node-1] [WARN] [1777480293.814482712] [controller_manager]: Overrun might occur, Total time : 3536.913 us (Expected < 1000.000 us) --> Read time : 45.395 us, Update time : 97.754 us, Write time : 3393.764 us
[ros2_control_node-1] [WARN] [1777480293.814577048] [controller_manager]: Overrun detected! The controller manager missed its desired rate of 1000 Hz. The loop took 3.658946 ms (missed cycles : 4).
[spawner-19] [INFO] [1777480293.969735037] [spawner_fault_controller]: waiting for service /controller_manager/list_controllers to become available...
[adl_ui-15] 127.0.0.1 - - [29/Apr/2026 12:31:34] "GET /status_json HTTP/1.1" 200 -
[wrist_camera_usb_publisher-8] [INFO] [1777480294.759693681] [wrist_camera_usb_publisher_node]: USB camera publisher heartbeat: publishing 1280x720 frames on /wrist_mounted_camera/image; camera_info fx=920.87, fy=921.57, cx=644.76, cy=343.15.
[ros2_control_node-1] [WARN] [1777480294.816259973] [controller_manager]: Overrun might occur, Total time : 2322.652 us (Expected < 1000.000 us) --> Read time : 17.610 us, Update time : 44.313 us, Write time : 2260.729 us
[ros2_control_node-1] [WARN] [1777480294.816357582] [controller_manager]: Overrun detected! The controller manager missed its desired rate of 1000 Hz. The loop took 2.439054 ms (missed cycles : 3).
[scene_static-7] [WARN] [1777480294.848427214] [scene_static_node]: Planning scene service not available, waiting...
[adl_ui-15] 127.0.0.1 - - [29/Apr/2026 12:31:34] "GET /status_json HTTP/1.1" 200 -
[vision_apriltag-9] [INFO] [1777480295.112299329] [vision_apriltag_node]: Vision AprilTag detection debug: no tags found after raw/CLAHE/sharp/adaptive/upscaled/tiled passes.
[vision_apriltag-9] [INFO] [1777480295.574551742] [vision_apriltag_node]: Vision AprilTag: images are arriving on /wrist_mounted_camera/image, but no AprilTags have been detected yet.
[adl_ui-15] 127.0.0.1 - - [29/Apr/2026 12:31:35] "GET /status_json HTTP/1.1" 200 -
[ros2_control_node-1] [WARN] [1777480295.818287257] [controller_manager]: Overrun might occur, Total time : 2353.858 us (Expected < 1000.000 us) --> Read time : 16.002 us, Update time : 55.855 us, Write time : 2282.001 us
[ros2_control_node-1] [WARN] [1777480295.818350593] [controller_manager]: Overrun detected! The controller manager missed its desired rate of 1000 Hz. The loop took 2.432781 ms (missed cycles : 3).
[adl_ui-15] 127.0.0.1 - - [29/Apr/2026 12:31:36] "GET /status_json HTTP/1.1" 200 -
[ros2_control_node-1] [WARN] [1777480296.818862759] [controller_manager]: Overrun might occur, Total time : 1924.634 us (Expected < 1000.000 us) --> Read time : 34.967 us, Update time : 75.850 us, Write time : 1813.817 us
[ros2_control_node-1] [WARN] [1777480296.818929339] [controller_manager]: Overrun detected! The controller manager missed its desired rate of 1000 Hz. The loop took 2.011272 ms (missed cycles : 3).
[scene_static-7] [WARN] [1777480296.852637283] [scene_static_node]: Planning scene service not available, waiting...
[adl_ui-15] [INFO] [1777480296.994018217] [adl_ui_node]: UI command published: turn_off
[adl_ui-15] 127.0.0.1 - - [29/Apr/2026 12:31:37] "POST /command HTTP/1.1" 200 -
[adl_ui-15] 127.0.0.1 - - [29/Apr/2026 12:31:37] "GET /status_json HTTP/1.1" 200 -
[adl_controller-11] [INFO] [1777480297.167655493] [adl_controller_node]: close_gripper(): closing gripper to width=0.120rad, force=10.0N
[adl_controller-11] [INFO] [1777480297.168446703] [adl_controller_node]: _send_gripper_goal: request position=0.120, max_effort=10.0.
[joint_state_sanitizer-3] [WARN] [1777480297.631741290] [joint_state_sanitizer_node]: [joint_state_sanitizer] Published sanitized joint state: joint_3:+3.139->+3.132
[ros2_control_node-1] [INFO] [1777480297.725577191] [controller_manager]: Loading controller : 'fault_controller' of type 'picknik_reset_fault_controller/PicknikResetFaultController'
[ros2_control_node-1] [INFO] [1777480297.725614020] [controller_manager]: Loading controller 'fault_controller'
[ros2_control_node-1] [INFO] [1777480297.728699282] [controller_manager]: Controller 'fault_controller' node arguments: --ros-args --params-file /home/carrt-cse-project/workspace/ros2_kortex_ws/install/adl_tasks/share/adl_tasks/config/ros2_controllers_vbox.yaml --params-file /tmp/launch_params_jmgnjefs 
[vision_apriltag-9] [INFO] [1777480297.758344133] [vision_apriltag_node]: Vision AprilTag: images are arriving on /wrist_mounted_camera/image, but no AprilTags have been detected yet.
[spawner-19] [INFO] [1777480297.764623299] [spawner_fault_controller]: Loaded fault_controller
[ros2_control_node-1] [INFO] [1777480297.769770272] [controller_manager]: Configuring controller: 'fault_controller'
[ros2_control_node-1] [INFO] [1777480297.775486781] [controller_manager]: Activating controllers: [ fault_controller ]
[adl_ui-15] 127.0.0.1 - - [29/Apr/2026 12:31:37] "GET /status_json HTTP/1.1" 200 -
[ros2_control_node-1] [WARN] [1777480297.820152479] [controller_manager]: Overrun might occur, Total time : 2213.688 us (Expected < 1000.000 us) --> Read time : 25.646 us, Update time : 69.040 us, Write time : 2119.002 us
[ros2_control_node-1] [WARN] [1777480297.820218479] [controller_manager]: Overrun detected! The controller manager missed its desired rate of 1000 Hz. The loop took 2.300523 ms (missed cycles : 3).
[ros2_control_node-1] [INFO] [1777480297.989141024] [controller_manager]: Successfully switched controllers!
[ros2_control_node-1] [WARN] [1777480297.991267457] [controller_manager]: Overrun might occur, Total time : 8325.637 us (Expected < 1000.000 us) --> Read time : 40.571 us, Update time : 5562.813 us (Switch time : 5451.969 us (Switch chained mode time : 1.051 us, perform mode change time : 28.885 us, Activation time : 5412.440 us, Deactivation time : 0.667 us)), Write time : 2722.253 us
[spawner-19] [INFO] [1777480297.994299001] [spawner_fault_controller]: Configured and activated fault_controller
[spawner-18] [INFO] [1777480298.146781690] [spawner_robotiq_gripper_controller]: waiting for service /controller_manager/list_controllers to become available...
[INFO] [spawner-19]: process has finished cleanly [pid 89681]
[ros2_control_node-1] [INFO] [1777480298.402106745] [controller_manager]: Loading controller : 'robotiq_gripper_controller' of type 'position_controllers/GripperActionController'
[ros2_control_node-1] [INFO] [1777480298.402159423] [controller_manager]: Loading controller 'robotiq_gripper_controller'
[ros2_control_node-1] [INFO] [1777480298.409805198] [controller_manager]: Controller 'robotiq_gripper_controller' node arguments: --ros-args --params-file /home/carrt-cse-project/workspace/ros2_kortex_ws/install/adl_tasks/share/adl_tasks/config/ros2_controllers_vbox.yaml --params-file /tmp/launch_params_jmgnjefs 
[ros2_control_node-1] [WARN] [1777480298.435530029] [robotiq_gripper_controller]: [Deprecated]: the `position_controllers/GripperActionController` and `effort_controllers::GripperActionController` controllers are replaced by 'parallel_gripper_controllers/GripperActionController' controller
[spawner-18] [INFO] [1777480298.439293742] [spawner_robotiq_gripper_controller]: Loaded robotiq_gripper_controller
[ros2_control_node-1] [INFO] [1777480298.521402073] [controller_manager]: Configuring controller: 'robotiq_gripper_controller'
[ros2_control_node-1] [INFO] [1777480298.521512987] [robotiq_gripper_controller]: Action status changes will be monitored at 20.000000 Hz.
[adl_ui-15] 127.0.0.1 - - [29/Apr/2026 12:31:38] "GET /status_json HTTP/1.1" 200 -
[ros2_control_node-1] [INFO] [1777480298.608189781] [controller_manager]: Activating controllers: [ robotiq_gripper_controller ]
[ros2_control_node-1] [INFO] [1777480298.818258283] [controller_manager]: Successfully switched controllers!
[ros2_control_node-1] [WARN] [1777480298.820391116] [controller_manager]: Overrun detected! The controller manager missed its desired rate of 1000 Hz. The loop took 10.472648 ms (missed cycles : 11).
[spawner-18] [INFO] [1777480298.823292805] [spawner_robotiq_gripper_controller]: Configured and activated robotiq_gripper_controller
[ros2_control_node-1] [WARN] [1777480298.823983969] [controller_manager]: Overrun might occur, Total time : 3039.721 us (Expected < 1000.000 us) --> Read time : 47.738 us, Update time : 214.556 us, Write time : 2777.427 us
[scene_static-7] [WARN] [1777480298.856134739] [scene_static_node]: Planning scene service not available, waiting...
[ros2_control_node-1] [INFO] [1777480298.923710323] [robotiq_gripper_controller]: Received & accepted new action goal
[adl_controller-11] [INFO] [1777480298.927999077] [adl_controller_node]: _send_gripper_goal: gripper goal accepted.
[adl_controller-11] [INFO] [1777480298.980957680] [adl_controller_node]: Gripper reached requested=0.120, actual=0.117, stalled=False, reached_goal=True
[adl_controller-11] [INFO] [1777480298.981849757] [adl_controller_node]: is_near_retract: current arm is not at target (worst=joint_1:0.984 rad > 0.100).
[adl_controller-11] [INFO] [1777480298.982827005] [adl_controller_node]: is_near_home: current arm is not at target (worst=joint_6:1.018 rad > 0.100).
[adl_controller-11] [INFO] [1777480298.984382794] [adl_controller_node]: go_retract: planning to RETRACT_JOINTS...
[adl_controller-11] [INFO] [1777480298.985605275] [adl_controller_node]: _send_goal: dispatching MoveGroup request group=manipulator, attempts=10, allowed_time=15.00s, vel_scale=0.250, accel_scale=0.250, gc1:joints(joint_1=+0.000+/-0.030, joint_2=-0.350+/-0.030, joint_3=+3.140+/-0.030, joint_4=-2.540+/-0.030, joint_5=+0.000+/-0.030, joint_6=-0.870+/-0.030, joint_7=+1.570+/-0.030)
[spawner-16] [INFO] [1777480298.998238924] [spawner_joint_trajectory_controller]: waiting for service /controller_manager/list_controllers to become available...
[INFO] [spawner-18]: process has finished cleanly [pid 89680]
[adl_ui-15] 127.0.0.1 - - [29/Apr/2026 12:31:39] "GET /status_json HTTP/1.1" 200 -
[vision_apriltag-9] [INFO] [1777480299.568749837] [vision_apriltag_node]: Vision AprilTag: images are arriving on /wrist_mounted_camera/image, but no AprilTags have been detected yet.
[ros2_control_node-1] [INFO] [1777480299.755990813] [controller_manager]: Loading controller : 'joint_trajectory_controller' of type 'joint_trajectory_controller/JointTrajectoryController'
[ros2_control_node-1] [INFO] [1777480299.756033587] [controller_manager]: Loading controller 'joint_trajectory_controller'
[ros2_control_node-1] [INFO] [1777480299.762699736] [controller_manager]: Controller 'joint_trajectory_controller' node arguments: --ros-args --params-file /home/carrt-cse-project/workspace/ros2_kortex_ws/install/adl_tasks/share/adl_tasks/config/ros2_controllers_vbox.yaml --params-file /tmp/launch_params_jmgnjefs 
[ros2_control_node-1] [WARN] [1777480299.820503223] [controller_manager]: Overrun detected! The controller manager missed its desired rate of 1000 Hz. The loop took 2.585222 ms (missed cycles : 3).
[ros2_control_node-1] [WARN] [1777480299.826567957] [controller_manager]: Overrun might occur, Total time : 5627.687 us (Expected < 1000.000 us) --> Read time : 40.374 us, Update time : 144.268 us, Write time : 5443.045 us
[spawner-16] [INFO] [1777480299.838300189] [spawner_joint_trajectory_controller]: Loaded joint_trajectory_controller
[wrist_camera_usb_publisher-8] [INFO] [1777480299.920162855] [wrist_camera_usb_publisher_node]: USB camera publisher heartbeat: publishing 1280x720 frames on /wrist_mounted_camera/image; camera_info fx=920.87, fy=921.57, cx=644.76, cy=343.15.
[ros2_control_node-1] [INFO] [1777480299.925710653] [controller_manager]: Configuring controller: 'joint_trajectory_controller'
[ros2_control_node-1] [INFO] [1777480299.926478310] [joint_trajectory_controller]: No specific joint names are used for command interfaces. Using 'joints' parameter.
[ros2_control_node-1] [INFO] [1777480299.926801672] [joint_trajectory_controller]: Command interfaces are [position] and state interfaces are [position velocity].
[ros2_control_node-1] [INFO] [1777480299.927029929] [joint_trajectory_controller]: Using 'splines' interpolation method.
[ros2_control_node-1] [INFO] [1777480299.933384941] [joint_trajectory_controller]: Action status changes will be monitored at 10.00 Hz.
[ros2_control_node-1] [INFO] [1777480299.953473223] [controller_manager]: Activating controllers: [ joint_trajectory_controller ]
[adl_ui-15] 127.0.0.1 - - [29/Apr/2026 12:31:40] "GET /status_json HTTP/1.1" 200 -
[vision_apriltag-9] [INFO] [1777480300.151083428] [vision_apriltag_node]: Vision AprilTag detection debug: no tags found after raw/CLAHE/sharp/adaptive/upscaled/tiled passes.
[ros2_control_node-1] [INFO] [1777480300.164968127] [controller_manager]: Successfully switched controllers!
[ros2_control_node-1] [WARN] [1777480300.167521893] [controller_manager]: Overrun might occur, Total time : 13582.959 us (Expected < 1000.000 us) --> Read time : 40.822 us, Update time : 10960.578 us (Switch time : 10838.286 us (Switch chained mode time : 3.347 us, perform mode change time : 9659.144 us, Activation time : 1167.757 us, Deactivation time : 1.138 us)), Write time : 2581.559 us
[spawner-16] [INFO] [1777480300.491336757] [spawner_joint_trajectory_controller]: Configured and activated joint_trajectory_controller
[spawner-17] [INFO] [1777480300.666013551] [spawner_twist_controller]: waiting for service /controller_manager/list_controllers to become available...
[INFO] [spawner-16]: process has finished cleanly [pid 89678]
[adl_ui-15] 127.0.0.1 - - [29/Apr/2026 12:31:40] "GET /status_json HTTP/1.1" 200 -
[ros2_control_node-1] [WARN] [1777480300.823267273] [controller_manager]: Overrun detected! The controller manager missed its desired rate of 1000 Hz. The loop took 3.349600 ms (missed cycles : 4).
[ros2_control_node-1] [WARN] [1777480300.829675780] [controller_manager]: Overrun might occur, Total time : 2714.581 us (Expected < 1000.000 us) --> Read time : 34.792 us, Update time : 250.645 us, Write time : 2429.144 us
[scene_static-7] [WARN] [1777480300.858591946] [scene_static_node]: Planning scene service not available, waiting...
[adl_controller-11] [INFO] [1777480300.990480144] [adl_controller_node]: GetStateValidity service not available.
[adl_ui-15] 127.0.0.1 - - [29/Apr/2026 12:31:41] "GET /status_json HTTP/1.1" 200 -
[vision_apriltag-9] [INFO] [1777480301.567290870] [vision_apriltag_node]: Vision AprilTag: images are arriving on /wrist_mounted_camera/image, but no AprilTags have been detected yet.
[ros2_control_node-1] [WARN] [1777480301.823831368] [controller_manager]: Overrun detected! The controller manager missed its desired rate of 1000 Hz. The loop took 2.913544 ms (missed cycles : 3).
[ros2_control_node-1] [WARN] [1777480301.832517847] [controller_manager]: Overrun might occur, Total time : 2546.216 us (Expected < 1000.000 us) --> Read time : 27.557 us, Update time : 206.036 us, Write time : 2312.623 us
[adl_ui-15] 127.0.0.1 - - [29/Apr/2026 12:31:42] "GET /status_json HTTP/1.1" 200 -
[INFO] [move_group-20]: process started with pid [89792]
[INFO] [rviz2-21]: process started with pid [89793]
[move_group-20] [INFO] [1777480302.520824148] [move_group.moveit.moveit.ros.rdf_loader]: Loaded robot model in 0.00795154 seconds
[move_group-20] [INFO] [1777480302.520941778] [move_group.moveit.moveit.core.robot_model]: Loading robot model 'gen3'...
[move_group-20] [INFO] [1777480302.520956463] [move_group.moveit.moveit.core.robot_model]: No root/virtual joint specified in SRDF. Assuming fixed joint
[joint_state_sanitizer-3] [WARN] [1777480302.632001362] [joint_state_sanitizer_node]: [joint_state_sanitizer] Published sanitized joint state: joint_3:+3.139->+3.132
[move_group-20] [INFO] [1777480302.675779011] [move_group.moveit.moveit.kinematics.kdl_kinematics_plugin]: Joint weights for group 'manipulator': 1 1 1 1 1 1 1
[ros2_control_node-1] [WARN] [1777480302.825350566] [controller_manager]: Overrun detected! The controller manager missed its desired rate of 1000 Hz. The loop took 2.432783 ms (missed cycles : 3).
[ros2_control_node-1] [WARN] [1777480302.835304039] [controller_manager]: Overrun might occur, Total time : 2368.337 us (Expected < 1000.000 us) --> Read time : 16.200 us, Update time : 119.023 us, Write time : 2233.114 us
[scene_static-7] [WARN] [1777480302.861843220] [scene_static_node]: Planning scene service not available, waiting...
[adl_ui-15] 127.0.0.1 - - [29/Apr/2026 12:31:43] "GET /status_json HTTP/1.1" 200 -
[rviz2-21] [INFO] [1777480303.149772819] [rviz2]: Stereo is NOT SUPPORTED
[rviz2-21] [INFO] [1777480303.149860571] [rviz2]: OpenGl version: 4.6 (GLSL 4.6)
[ros2_control_node-1] [INFO] [1777480303.176784023] [controller_manager]: Loading controller : 'twist_controller' of type 'picknik_twist_controller/PicknikTwistController'
[ros2_control_node-1] [INFO] [1777480303.176823017] [controller_manager]: Loading controller 'twist_controller'
[ros2_control_node-1] [INFO] [1777480303.182992917] [controller_manager]: Controller 'twist_controller' node arguments: --ros-args --params-file /home/carrt-cse-project/workspace/ros2_kortex_ws/install/adl_tasks/share/adl_tasks/config/ros2_controllers_vbox.yaml --params-file /tmp/launch_params_jmgnjefs 
[rviz2-21] [INFO] [1777480303.198035047] [rviz2]: Stereo is NOT SUPPORTED
[ros2_control_node-1] [INFO] [1777480303.233606349] [controller_manager]: Received robot description from topic.
[ros2_control_node-1] [WARN] [1777480303.234558828] [controller_manager]: ResourceManager has already loaded a urdf. Ignoring attempt to reload a robot description.
[spawner-17] [INFO] [1777480303.301995453] [spawner_twist_controller]: Loaded twist_controller
[ros2_control_node-1] [INFO] [1777480303.309249104] [controller_manager]: Configuring controller: 'twist_controller'
[ros2_control_node-1] [INFO] [1777480303.320749984] [twist_controller]: configure successful
[rviz2-21] Warning: class_loader.impl: SEVERE WARNING!!! A namespace collision has occurred with plugin factory for class rviz_default_plugins::displays::InteractiveMarkerDisplay. New factory will OVERWRITE existing one. This situation occurs when libraries containing plugins are directly linked against an executable (the one running right now generating this message). Please separate plugins out into their own library or just don't link against the library and use either class_loader::ClassLoader/MultiLibraryClassLoader to open.
[rviz2-21]          at line 321 in /opt/ros/jazzy/include/class_loader/class_loader/class_loader_core.hpp
[rviz2-21] [WARN] [1777480303.405817373] [rcl.logging_rosout]: Publisher already registered for node name: 'rviz2_moveit'. If this is due to multiple nodes with the same name then all logs for the logger named 'rviz2_moveit' will go out over the existing publisher. As soon as any node with that name is destructed it will unregister the publisher, preventing any further logs for that name from being published on the rosout topic.
[move_group-20] [INFO] [1777480303.539392693] [move_group.moveit.moveit.ros.planning_scene_monitor]: Publishing maintained planning scene on 'monitored_planning_scene'
[move_group-20] [INFO] [1777480303.539546166] [move_group.moveit.moveit.ros.moveit_cpp]: Listening to 'joint_states' for joint states
[move_group-20] [INFO] [1777480303.540941242] [move_group.moveit.moveit.ros.current_state_monitor]: Listening to joint states on topic 'joint_states'
[move_group-20] [INFO] [1777480303.542208840] [move_group.moveit.moveit.ros.planning_scene_monitor]: Listening to '/attached_collision_object' for attached collision objects
[move_group-20] [INFO] [1777480303.542260103] [move_group.moveit.moveit.ros.planning_scene_monitor]: Stopping existing planning scene publisher.
[move_group-20] [INFO] [1777480303.542459922] [move_group.moveit.moveit.ros.planning_scene_monitor]: Stopped publishing maintained planning scene.
[move_group-20] [INFO] [1777480303.543286052] [move_group.moveit.moveit.ros.planning_scene_monitor]: Publishing maintained planning scene on 'monitored_planning_scene'
[move_group-20] [INFO] [1777480303.543421571] [move_group.moveit.moveit.ros.planning_scene_monitor]: Starting planning scene monitor
[move_group-20] [INFO] [1777480303.544047942] [move_group.moveit.moveit.ros.planning_scene_monitor]: Listening to '/planning_scene'
[move_group-20] [INFO] [1777480303.544072972] [move_group.moveit.moveit.ros.planning_scene_monitor]: Starting world geometry update monitor for collision objects, attached objects, octomap updates.
[move_group-20] [INFO] [1777480303.544760736] [move_group.moveit.moveit.ros.planning_scene_monitor]: Listening to 'collision_object'
[move_group-20] [INFO] [1777480303.545351450] [move_group.moveit.moveit.ros.planning_scene_monitor]: Listening to 'planning_scene_world' for planning scene world geometry
[move_group-20] [WARN] [1777480303.546936469] [move_group.moveit.moveit.ros.occupancy_map_monitor]: Resolution not specified for Octomap. Assuming resolution = 0.1 instead
[move_group-20] [ERROR] [1777480303.546987344] [move_group.moveit.moveit.ros.occupancy_map_monitor]: No 3D sensor plugin(s) defined for octomap updates
[vision_apriltag-9] [INFO] [1777480303.567960414] [vision_apriltag_node]: Vision AprilTag: images are arriving on /wrist_mounted_camera/image, but no AprilTags have been detected yet.
[INFO] [spawner-17]: process has finished cleanly [pid 89679]
[adl_ui-15] 127.0.0.1 - - [29/Apr/2026 12:31:43] "GET /status_json HTTP/1.1" 200 -
[ros2_control_node-1] [WARN] [1777480303.827364940] [controller_manager]: Overrun detected! The controller manager missed its desired rate of 1000 Hz. The loop took 2.447031 ms (missed cycles : 3).
[ros2_control_node-1] [WARN] [1777480303.838338175] [controller_manager]: Overrun might occur, Total time : 3392.247 us (Expected < 1000.000 us) --> Read time : 87.225 us, Update time : 434.632 us, Write time : 2870.390 us
[move_group-20] [INFO] [1777480303.853327214] [move_group.moveit.moveit.ros.planning_pipeline]: Successfully loaded planner 'OMPL'
[move_group-20] [INFO] [1777480303.857982032] [move_group]: Try loading adapter 'default_planning_request_adapters/ResolveConstraintFrames'
[move_group-20] [INFO] [1777480303.859809765] [move_group]: Loaded adapter 'default_planning_request_adapters/ResolveConstraintFrames'
[move_group-20] [INFO] [1777480303.859856653] [move_group]: Try loading adapter 'default_planning_request_adapters/ValidateWorkspaceBounds'
[move_group-20] [INFO] [1777480303.860358749] [move_group]: Loaded adapter 'default_planning_request_adapters/ValidateWorkspaceBounds'
[move_group-20] [INFO] [1777480303.860384741] [move_group]: Try loading adapter 'default_planning_request_adapters/CheckStartStateBounds'
[move_group-20] [INFO] [1777480303.860420841] [move_group]: Loaded adapter 'default_planning_request_adapters/CheckStartStateBounds'
[move_group-20] [INFO] [1777480303.860429326] [move_group]: Try loading adapter 'default_planning_request_adapters/CheckStartStateCollision'
[move_group-20] [INFO] [1777480303.860446581] [move_group]: Loaded adapter 'default_planning_request_adapters/CheckStartStateCollision'
[move_group-20] [INFO] [1777480303.865651707] [move_group]: Try loading adapter 'default_planning_response_adapters/AddTimeOptimalParameterization'
[move_group-20] [INFO] [1777480303.870258251] [move_group]: Loaded adapter 'default_planning_response_adapters/AddTimeOptimalParameterization'
[move_group-20] [INFO] [1777480303.870288964] [move_group]: Try loading adapter 'default_planning_response_adapters/ValidateSolution'
[move_group-20] [INFO] [1777480303.874192364] [move_group]: Loaded adapter 'default_planning_response_adapters/ValidateSolution'
[move_group-20] [INFO] [1777480303.874235222] [move_group]: Try loading adapter 'default_planning_response_adapters/DisplayMotionPath'
[move_group-20] [INFO] [1777480303.875543462] [move_group]: Loaded adapter 'default_planning_response_adapters/DisplayMotionPath'
[move_group-20] [INFO] [1777480303.955649333] [move_group.moveit.moveit.plugins.simple_controller_manager]: Added FollowJointTrajectory controller for joint_trajectory_controller
[move_group-20] [INFO] [1777480303.955717449] [move_group.moveit.moveit.plugins.simple_controller_manager]: robotiq_gripper_controller will command a max effort of: 0
[move_group-20] [INFO] [1777480303.966413879] [move_group.moveit.moveit.plugins.simple_controller_manager]: Added GripperCommand controller for robotiq_gripper_controller
[move_group-20] [INFO] [1777480303.966633384] [move_group.moveit.moveit.plugins.simple_controller_manager]: Returned 2 controllers in list
[move_group-20] [INFO] [1777480303.966674544] [move_group.moveit.moveit.plugins.simple_controller_manager]: Returned 2 controllers in list
[move_group-20] [INFO] [1777480303.968069725] [move_group.moveit.moveit.ros.trajectory_execution_manager]: Trajectory execution is managing controllers
[move_group-20] [INFO] [1777480303.968104072] [move_group]: MoveGroup debug mode is ON
[move_group-20] [INFO] [1777480304.020367455] [move_group.moveit.moveit.ros.move_group.executable]: 
[move_group-20] 
[move_group-20] ********************************************************
[move_group-20] * MoveGroup using: 
[move_group-20] *     - apply_planning_scene_service
[move_group-20] *     - clear_octomap_service
[move_group-20] *     - get_group_urdf
[move_group-20] *     - load_geometry_from_file
[move_group-20] *     - CartesianPathService
[move_group-20] *     - execute_trajectory_action
[move_group-20] *     - get_planning_scene_service
[move_group-20] *     - kinematics_service
[move_group-20] *     - move_action
[move_group-20] *     - motion_plan_service
[move_group-20] *     - query_planners_service
[move_group-20] *     - state_validation_service
[move_group-20] *     - save_geometry_to_file
[move_group-20] ********************************************************
[move_group-20] 
[move_group-20] [INFO] [1777480304.020453691] [move_group.moveit.moveit.ros.move_group.context]: MoveGroup context using pipeline ompl
[move_group-20] [INFO] [1777480304.020473629] [move_group.moveit.moveit.ros.move_group.context]: MoveGroup context initialization complete
[move_group-20] [96mLoading 'move_group/ApplyPlanningSceneService'...[0m
[move_group-20] [96mLoading 'move_group/ClearOctomapService'...[0m
[move_group-20] [96mLoading 'move_group/GetUrdfService'...[0m
[move_group-20] [96mLoading 'move_group/LoadGeometryFromFileService'...[0m
[move_group-20] [96mLoading 'move_group/MoveGroupCartesianPathService'...[0m
[move_group-20] [96mLoading 'move_group/MoveGroupExecuteTrajectoryAction'...[0m
[move_group-20] [96mLoading 'move_group/MoveGroupGetPlanningSceneService'...[0m
[move_group-20] [96mLoading 'move_group/MoveGroupKinematicsService'...[0m
[move_group-20] [96mLoading 'move_group/MoveGroupMoveAction'...[0m
[move_group-20] [96mLoading 'move_group/MoveGroupPlanService'...[0m
[move_group-20] [96mLoading 'move_group/MoveGroupQueryPlannersService'...[0m
[move_group-20] [96mLoading 'move_group/MoveGroupStateValidationService'...[0m
[move_group-20] [96mLoading 'move_group/SaveGeometryToFileService'...[0m
[move_group-20] 
[move_group-20] [92mYou can start planning now![0m
[move_group-20] 
[scene_static-7] [INFO] [1777480304.114741991] [scene_static_node]: Planning scene service available. Building static scene...
[scene_static-7] [INFO] [1777480304.119770189] [scene_static_node]: Static scene built: 25 objects added to MoveIt planning scene.
[move_group-20] [INFO] [1777480304.252916148] [move_group.moveit.moveit.ros.move_group.move_action]: MoveGroupMoveAction: Received request
[move_group-20] [INFO] [1777480304.253440978] [move_group.moveit.moveit.ros.move_group.move_action]: executing..
[adl_controller-11] [INFO] [1777480304.257134417] [adl_controller_node]: _send_goal: MoveGroup goal accepted.
[move_group-20] [INFO] [1777480304.263131790] [move_group.moveit.moveit.ros.move_group.move_action]: Combined planning and execution request received for MoveGroup action. Forwarding to planning and execution pipeline.
[move_group-20] [WARN] [1777480304.263203921] [move_group.moveit.moveit.ros.move_group.capability]: Execution of motions should always start at the robot's current state. Ignoring the state supplied as start state in the motion planning request
[move_group-20] [WARN] [1777480304.263262315] [move_group.moveit.moveit.ros.move_group.capability]: Execution of motions should always start at the robot's current state. Ignoring the state supplied as difference in the planning scene diff
[move_group-20] [INFO] [1777480304.263285230] [move_group.moveit.moveit.ros.plan_execution]: Planning attempt 1 of at most 1
[move_group-20] [INFO] [1777480304.264093899] [move_group]: Calling PlanningRequestAdapter 'ResolveConstraintFrames'
[move_group-20] [INFO] [1777480304.264146728] [move_group]: Calling PlanningRequestAdapter 'ValidateWorkspaceBounds'
[move_group-20] [INFO] [1777480304.264164596] [move_group]: Calling PlanningRequestAdapter 'CheckStartStateBounds'
[move_group-20] [INFO] [1777480304.264208387] [move_group]: Calling PlanningRequestAdapter 'CheckStartStateCollision'
[move_group-20] [INFO] [1777480304.265209813] [move_group.moveit.moveit.planners.ompl.model_based_planning_context]: Planner configuration 'manipulator' will use planner 'geometric::RRTConnect'. Additional configuration parameters will be set when the planner is constructed.
[move_group-20] [INFO] [1777480304.265450797] [move_group]: Calling Planner 'OMPL'
[move_group-20] [INFO] [1777480304.293034814] [move_group]: Calling PlanningResponseAdapter 'AddTimeOptimalParameterization'
[move_group-20] [INFO] [1777480304.296332342] [move_group]: Calling PlanningResponseAdapter 'ValidateSolution'
[move_group-20] [INFO] [1777480304.297639107] [move_group]: Calling PlanningResponseAdapter 'DisplayMotionPath'
[move_group-20] [WARN] [1777480304.297849637] [move_group.moveit.moveit.ros.planning_pipeline]: The planner plugin did not fill out the 'planner_id' field of the MotionPlanResponse. Setting it to the planner ID name of the MotionPlanRequest assuming that the planner plugin does warn you if it does not use the requested planner.
[move_group-20] [INFO] [1777480304.298048873] [move_group.moveit.moveit.plugins.simple_controller_manager]: Returned 2 controllers in list
[move_group-20] [INFO] [1777480304.298085196] [move_group.moveit.moveit.plugins.simple_controller_manager]: Returned 2 controllers in list
[move_group-20] [INFO] [1777480304.298169346] [move_group.moveit.moveit.ros.trajectory_execution_manager]: Validating trajectory with allowed_start_tolerance 0.01
[move_group-20] [INFO] [1777480304.302848237] [move_group.moveit.moveit.ros.trajectory_execution_manager]: Starting trajectory execution ...
[move_group-20] [INFO] [1777480304.302927573] [move_group.moveit.moveit.plugins.simple_controller_manager]: Returned 2 controllers in list
[move_group-20] [INFO] [1777480304.302964100] [move_group.moveit.moveit.plugins.simple_controller_manager]: Returned 2 controllers in list
[move_group-20] [INFO] [1777480304.303205946] [moveit.simple_controller_manager.follow_joint_trajectory_controller_handle]: sending trajectory to joint_trajectory_controller
[ros2_control_node-1] [INFO] [1777480304.303937755] [joint_trajectory_controller]: Received new action goal
[ros2_control_node-1] [INFO] [1777480304.304023582] [joint_trajectory_controller]: Accepted new action goal
[move_group-20] [INFO] [1777480304.304505800] [moveit.simple_controller_manager.follow_joint_trajectory_controller_handle]: joint_trajectory_controller started execution
[move_group-20] [INFO] [1777480304.304529441] [moveit.simple_controller_manager.follow_joint_trajectory_controller_handle]: Goal request accepted!
[adl_ui-15] 127.0.0.1 - - [29/Apr/2026 12:31:44] "GET /status_json HTTP/1.1" 200 -
