
===== 2026-04-29T12:56:40-04:00 | T1_full =====
cwd=/home/carrt-cse-project/workspace/ros2_kortex_ws
cmd=ros2 launch adl_tasks adl_start.launch.py controller_update_rate:=1000 arm_use_fake_hardware:=false arm_robot_ip:=192.168.0.10 clear_table_top_only_scan:=true launch_rviz:=true 

[INFO] [launch]: All log files can be found below /home/carrt-cse-project/.ros/log/2026-04-29-12-56-40-448662-carrt-cse-project-OptiPlex-5050-99376
[INFO] [launch]: Default logging verbosity is set to INFO
[arm_start.launch] controller_update_rate was explicitly overridden above 125 Hz for real hardware (1000 Hz); honoring the override for operator tuning even though recent logs showed overruns at that rate.
[INFO] [launch.user]: [arm_start.launch] MoveIt current state source: /joint_states_sanitized. Use use_joint_state_sanitizer:=false for raw-state viewer debugging.
[INFO] [launch.user]: [arm_start.launch] Using ADL controller config (share/adl_tasks/config/ros2_controllers_vbox.yaml, update_rate:=1000 Hz).
[INFO] [ros2_control_node-1]: process started with pid [99380]
[INFO] [robot_state_publisher-2]: process started with pid [99381]
[INFO] [joint_state_sanitizer-3]: process started with pid [99382]
[INFO] [spawner-4]: process started with pid [99383]
[INFO] [static_transform_publisher-5]: process started with pid [99384]
[INFO] [static_transform_publisher-6]: process started with pid [99385]
[INFO] [scene_static-7]: process started with pid [99386]
[INFO] [wrist_camera_usb_publisher-8]: process started with pid [99387]
[INFO] [vision_apriltag-9]: process started with pid [99388]
[INFO] [scene_from_vision-10]: process started with pid [99389]
[INFO] [adl_controller-11]: process started with pid [99390]
[INFO] [pick_dropped_bottle-12]: process started with pid [99391]
[INFO] [clear_table-13]: process started with pid [99392]
[INFO] [give_medication-14]: process started with pid [99393]
[INFO] [adl_ui-15]: process started with pid [99394]
[static_transform_publisher-6] [INFO] [1777481800.810741467] [camera_color_optical_bridge_tf_pub]: Spinning until stopped - publishing transform
[static_transform_publisher-6] translation: ('0.000000', '0.000000', '0.000000')
[static_transform_publisher-6] rotation: ('0.000000', '0.000000', '0.000000', '1.000000')
[static_transform_publisher-6] from 'camera_color_frame' to 'wrist_mounted_camera_color_optical_frame'
[static_transform_publisher-5] [INFO] [1777481800.840077066] [static_transform_publisher]: Spinning until stopped - publishing transform
[static_transform_publisher-5] translation: ('0.000000', '0.000000', '0.000000')
[static_transform_publisher-5] rotation: ('0.000000', '0.000000', '0.000000', '1.000000')
[static_transform_publisher-5] from 'world' to 'base_link'
[robot_state_publisher-2] [INFO] [1777481800.879159233] [robot_state_publisher]: Robot initialized
[ros2_control_node-1] [INFO] [1777481800.938910515] [controller_manager]: Using Steady (Monotonic) clock for triggering controller manager cycles.
[ros2_control_node-1] [INFO] [1777481800.977833658] [controller_manager]: Subscribing to '/robot_description' topic for robot description.
[ros2_control_node-1] [INFO] [1777481800.989237147] [controller_manager]: update rate is 1000 Hz
[ros2_control_node-1] [INFO] [1777481800.990181978] [controller_manager]: Overruns handling is : enabled
[ros2_control_node-1] [INFO] [1777481800.990203405] [controller_manager]: Spawning controller_manager RT thread with scheduler priority: 50
[ros2_control_node-1] [INFO] [1777481800.990559391] [controller_manager]: Successful set up FIFO RT scheduling policy with priority 50.
[ros2_control_node-1] [INFO] [1777481800.990892816] [controller_manager]: Received robot description from topic.
[ros2_control_node-1] [INFO] [1777481800.990933434] [controller_manager]: Enforcing command limits is disabled. Command limits from URDF will be ignored.
[ros2_control_node-1] [INFO] [1777481801.007710304] [controller_manager]: Loading hardware 'KortexMultiInterfaceHardware' 
[ros2_control_node-1] [INFO] [1777481801.047412738] [KortexMultiInterfaceHardware]: Setting severity threshold to DEBUG
[ros2_control_node-1] [INFO] [1777481801.047479375] [controller_manager]: Loaded hardware 'KortexMultiInterfaceHardware' from plugin 'kortex_driver/KortexMultiInterfaceHardware'
[ros2_control_node-1] [INFO] [1777481801.048049149] [controller_manager]: Initialize hardware 'KortexMultiInterfaceHardware' 
[ros2_control_node-1] [INFO] [1777481801.071537045] [KortexMultiInterfaceHardware]: Configuring Hardware Interface
[ros2_control_node-1] [INFO] [1777481801.071895101] [KortexMultiInterfaceHardware]: Robot ip is '192.168.0.10'
[ros2_control_node-1] [INFO] [1777481801.071906953] [KortexMultiInterfaceHardware]: Username is 'admin'
[ros2_control_node-1] [INFO] [1777481801.071919240] [KortexMultiInterfaceHardware]: Port used '10000'
[ros2_control_node-1] [INFO] [1777481801.071924879] [KortexMultiInterfaceHardware]: Realtime port used '10001'
[ros2_control_node-1] [INFO] [1777481801.071930289] [KortexMultiInterfaceHardware]: Session inactivity timeout is '60000'
[ros2_control_node-1] [INFO] [1777481801.071935683] [KortexMultiInterfaceHardware]: Connection inactivity timeout is '2000'
[ros2_control_node-1] [INFO] [1777481801.071942375] [KortexMultiInterfaceHardware]: Gripper joint name is 'robotiq_85_left_knuckle_joint'
[ros2_control_node-1] [INFO] [1777481801.071974022] [KortexMultiInterfaceHardware]: Connecting to robot at 192.168.0.10
[ros2_control_node-1] [INFO] [1777481801.080167972] [KortexMultiInterfaceHardware]: Creating session for communication
[ros2_control_node-1] [INFO] [1777481801.208615877] [KortexMultiInterfaceHardware]: Session created
[spawner-4] [INFO] [1777481801.506445869] [spawner_joint_state_broadcaster]: waiting for service /controller_manager/list_controllers to become available...
[adl_controller-11] Traceback (most recent call last):
[adl_controller-11]   File "/home/carrt-cse-project/workspace/ros2_kortex_ws/install/adl_tasks/lib/adl_tasks/adl_controller", line 33, in <module>
[adl_controller-11]     sys.exit(load_entry_point('adl-tasks', 'console_scripts', 'adl_controller')())
[adl_controller-11]              ^^^^^^^^^^^^^^^^^^^^^^^^^^^^^^^^^^^^^^^^^^^^^^^^^^^^^^^^^^^^^^^^^^
[adl_controller-11]   File "/home/carrt-cse-project/workspace/ros2_kortex_ws/install/adl_tasks/lib/adl_tasks/adl_controller", line 25, in importlib_load_entry_point
[adl_controller-11]     return next(matches).load()
[adl_controller-11]            ^^^^^^^^^^^^^^^^^^^^
[adl_controller-11]   File "/usr/lib/python3.12/importlib/metadata/__init__.py", line 205, in load
[adl_controller-11]     module = import_module(match.group('module'))
[adl_controller-11]              ^^^^^^^^^^^^^^^^^^^^^^^^^^^^^^^^^^^^
[adl_controller-11]   File "/usr/lib/python3.12/importlib/__init__.py", line 90, in import_module
[adl_controller-11]     return _bootstrap._gcd_import(name[level:], package, level)
[adl_controller-11]            ^^^^^^^^^^^^^^^^^^^^^^^^^^^^^^^^^^^^^^^^^^^^^^^^^^^^
[adl_controller-11]   File "<frozen importlib._bootstrap>", line 1387, in _gcd_import
[adl_controller-11]   File "<frozen importlib._bootstrap>", line 1360, in _find_and_load
[adl_controller-11]   File "<frozen importlib._bootstrap>", line 1331, in _find_and_load_unlocked
[adl_controller-11]   File "<frozen importlib._bootstrap>", line 935, in _load_unlocked
[adl_controller-11]   File "<frozen importlib._bootstrap_external>", line 995, in exec_module
[adl_controller-11]   File "<frozen importlib._bootstrap>", line 488, in _call_with_frames_removed
[adl_controller-11]   File "/home/carrt-cse-project/workspace/ros2_kortex_ws/build/adl_tasks/adl_tasks/adl_controller.py", line 16, in <module>
[adl_controller-11]     from adl_tasks.grasp_and_place import FLOW_CONFIG
[adl_controller-11]   File "/home/carrt-cse-project/workspace/ros2_kortex_ws/build/adl_tasks/adl_tasks/grasp_and_place.py", line 243
[adl_controller-11]     "remote_top_horizontal_slanted_min_tool_clearance_above_table_m": 0.0 #12,
[adl_controller-11]                                                                       ^^^^^^^^
[adl_controller-11] SyntaxError: invalid syntax. Perhaps you forgot a comma?
[adl_ui-15] [INFO] [1777481801.610289193] [adl_ui_node]: ADL UI Node started.
[adl_ui-15] [INFO] [1777481801.611092499] [adl_ui_node]: Automatic retract on UI load is disabled; startup sends no motion.
[adl_ui-15] [INFO] [1777481801.612938833] [adl_ui_node]: Web UI available at http://localhost:5000
[adl_ui-15]  * Serving Flask app 'adl_tasks.adl_ui'
[adl_ui-15]  * Debug mode: off
[adl_ui-15] WARNING: This is a development server. Do not use it in a production deployment. Use a production WSGI server instead.
[adl_ui-15]  * Running on all addresses (0.0.0.0)
[adl_ui-15]  * Running on http://127.0.0.1:5000
[adl_ui-15]  * Running on http://192.168.0.231:5000
[adl_ui-15] Press CTRL+C to quit
[ERROR] [adl_controller-11]: process has died [pid 99390, exit code 1, cmd '/home/carrt-cse-project/workspace/ros2_kortex_ws/install/adl_tasks/lib/adl_tasks/adl_controller --ros-args -r __node:=adl_controller_node'].
[scene_static-7] [INFO] [1777481801.891878161] [scene_static_node]: Static Scene Node started.
[scene_static-7] [INFO] [1777481801.893331697] [scene_static_node]: WHEELCHAIR_BASE_HEIGHT = 0.36195m  |  Table surface at z = 0.098m | Table front-edge-from-base = 0.406m | Table center at x = 0.681m | table_edge_lip_margin=0.0127m | table_edge_lip_thickness=0.0127m | table_edge_lip_height=0.460m | include_wheelchair_wall=True | include_left_desk_wall=True | include_right_desk_wall=True | include_arm_base_under_block=True | include_arm_base_side_lips=True | include_arm_base_left_back_block=True | include_arm_base_right_back_half_block=True
[scene_static-7] [INFO] [1777481801.894161889] [scene_static_node]: Wheelchair wall geometry: center=(-0.465, 0.000, 0.482) size=(0.450, 0.700, 1.688)
[scene_static-7] [INFO] [1777481801.895151653] [scene_static_node]: Arm-base under-block geometry: center=(0.000, 0.000, -0.212) size=(0.302, 0.378, 0.300) | platform=(0.200, 0.200) | margins(front/back=0.051, left/right=0.089)
[scene_static-7] [INFO] [1777481801.896979788] [scene_static_node]: Arm-base side-lip geometry: left_y=0.198, right_y=-0.198, center_z=-0.047, size=(0.314, 0.006, 0.030) | x_offset=-0.076, outset=0.006, front/back_margin=0.006
[scene_static-7] [INFO] [1777481801.898890109] [scene_static_node]: Arm-base left-back block geometry: center=(-0.177, 0.312, 0.482) size=(0.100, 0.408, 1.688) | inner_faces(x=-0.127, y=0.108) | left_wall_inner_face_y=0.504 | into_left_wall=0.013
[scene_static-7] [INFO] [1777481801.901442170] [scene_static_node]: Arm-base right-back half block geometry: center=(-0.177, -0.312, 0.060) size=(0.100, 0.408, 0.844) | inner_faces(x=-0.127, y=-0.108) | right_wall_inner_face_y=-0.504 | into_right_wall=0.013
[ros2_control_node-1] [INFO] [1777481802.009817021] [KortexMultiInterfaceHardware]: Actuator count reported by robot is '7'
[ros2_control_node-1] [INFO] [1777481802.010029813] [KortexMultiInterfaceHardware]: Using internal bus communication for gripper!
[ros2_control_node-1] [INFO] [1777481802.010038246] [KortexMultiInterfaceHardware]: Hardware Interface successfully configured
[ros2_control_node-1] [INFO] [1777481802.010126087] [controller_manager]: Successful initialization of hardware 'KortexMultiInterfaceHardware'
[ros2_control_node-1] [DEBUG] [1777481802.010198859] [KortexMultiInterfaceHardware]: export_state_interfaces for joint: joint_1
[ros2_control_node-1] [DEBUG] [1777481802.010226077] [KortexMultiInterfaceHardware]: export_state_interfaces for joint: joint_2
[ros2_control_node-1] [DEBUG] [1777481802.010232451] [KortexMultiInterfaceHardware]: export_state_interfaces for joint: joint_3
[ros2_control_node-1] [DEBUG] [1777481802.010236571] [KortexMultiInterfaceHardware]: export_state_interfaces for joint: joint_4
[ros2_control_node-1] [DEBUG] [1777481802.010240244] [KortexMultiInterfaceHardware]: export_state_interfaces for joint: joint_5
[ros2_control_node-1] [DEBUG] [1777481802.010244385] [KortexMultiInterfaceHardware]: export_state_interfaces for joint: joint_6
[ros2_control_node-1] [DEBUG] [1777481802.010248379] [KortexMultiInterfaceHardware]: export_state_interfaces for joint: joint_7
[ros2_control_node-1] [DEBUG] [1777481802.010252033] [KortexMultiInterfaceHardware]: export_state_interfaces for joint: robotiq_85_left_knuckle_joint
[ros2_control_node-1] [INFO] [1777481802.014878095] [resource_manager]: 'configure' hardware 'KortexMultiInterfaceHardware' 
[ros2_control_node-1] [INFO] [1777481802.014928013] [resource_manager]: Successful 'configure' of hardware 'KortexMultiInterfaceHardware'
[ros2_control_node-1] [INFO] [1777481802.014998715] [resource_manager]: 'activate' hardware 'KortexMultiInterfaceHardware' 
[ros2_control_node-1] [INFO] [1777481802.015025139] [KortexMultiInterfaceHardware]: Activating KortexMultiInterfaceHardware...
[ros2_control_node-1] [INFO] [1777481802.019828987] [KortexMultiInterfaceHardware]: Gripper initial position is '14.410482'.
[ros2_control_node-1] [INFO] [1777481802.024581991] [KortexMultiInterfaceHardware]: KortexMultiInterfaceHardware successfully activated!
[ros2_control_node-1] [INFO] [1777481802.024647336] [resource_manager]: Successful 'activate' of hardware 'KortexMultiInterfaceHardware'
[ros2_control_node-1] [INFO] [1777481802.025994879] [controller_manager]: Registering statistics for : KortexMultiInterfaceHardware
[ros2_control_node-1] [INFO] [1777481802.026173968] [controller_manager]: Resource Manager has been successfully initialized. Starting Controller Manager services...
[ros2_control_node-1] [WARN] [1777481802.035747299] [controller_manager]: Overrun might occur, Total time : 9059.886 us (Expected < 1000.000 us) --> Read time : 4452.686 us, Update time : 33.107 us, Write time : 4574.093 us
[ros2_control_node-1] [WARN] [1777481802.035826876] [controller_manager]: Overrun detected! The controller manager missed its desired rate of 1000 Hz. The loop took 9.172863 ms (missed cycles : 10).
[joint_state_sanitizer-3] [INFO] [1777481802.160600979] [joint_state_sanitizer_node]: joint_state_sanitizer started. raw=/joint_states -> sanitized=/joint_states_sanitized
[pick_dropped_bottle-12] Traceback (most recent call last):
[pick_dropped_bottle-12]   File "/home/carrt-cse-project/workspace/ros2_kortex_ws/install/adl_tasks/lib/adl_tasks/pick_dropped_bottle", line 33, in <module>
[pick_dropped_bottle-12]     sys.exit(load_entry_point('adl-tasks', 'console_scripts', 'pick_dropped_bottle')())
[pick_dropped_bottle-12]              ^^^^^^^^^^^^^^^^^^^^^^^^^^^^^^^^^^^^^^^^^^^^^^^^^^^^^^^^^^^^^^^^^^^^^^^
[pick_dropped_bottle-12]   File "/home/carrt-cse-project/workspace/ros2_kortex_ws/install/adl_tasks/lib/adl_tasks/pick_dropped_bottle", line 25, in importlib_load_entry_point
[pick_dropped_bottle-12]     return next(matches).load()
[pick_dropped_bottle-12]            ^^^^^^^^^^^^^^^^^^^^
[pick_dropped_bottle-12]   File "/usr/lib/python3.12/importlib/metadata/__init__.py", line 205, in load
[pick_dropped_bottle-12]     module = import_module(match.group('module'))
[pick_dropped_bottle-12]              ^^^^^^^^^^^^^^^^^^^^^^^^^^^^^^^^^^^^
[pick_dropped_bottle-12]   File "/usr/lib/python3.12/importlib/__init__.py", line 90, in import_module
[pick_dropped_bottle-12]     return _bootstrap._gcd_import(name[level:], package, level)
[pick_dropped_bottle-12]            ^^^^^^^^^^^^^^^^^^^^^^^^^^^^^^^^^^^^^^^^^^^^^^^^^^^^
[pick_dropped_bottle-12]   File "<frozen importlib._bootstrap>", line 1387, in _gcd_import
[pick_dropped_bottle-12]   File "<frozen importlib._bootstrap>", line 1360, in _find_and_load
[pick_dropped_bottle-12]   File "<frozen importlib._bootstrap>", line 1331, in _find_and_load_unlocked
[pick_dropped_bottle-12]   File "<frozen importlib._bootstrap>", line 935, in _load_unlocked
[pick_dropped_bottle-12]   File "<frozen importlib._bootstrap_external>", line 995, in exec_module
[pick_dropped_bottle-12]   File "<frozen importlib._bootstrap>", line 488, in _call_with_frames_removed
[pick_dropped_bottle-12]   File "/home/carrt-cse-project/workspace/ros2_kortex_ws/build/adl_tasks/adl_tasks/pick_dropped_bottle.py", line 26, in <module>
[pick_dropped_bottle-12]     from adl_tasks.scene_utils import (
[pick_dropped_bottle-12]   File "/home/carrt-cse-project/workspace/ros2_kortex_ws/build/adl_tasks/adl_tasks/scene_utils.py", line 18, in <module>
[pick_dropped_bottle-12]     from adl_tasks.grasp_and_place import (
[pick_dropped_bottle-12]   File "/home/carrt-cse-project/workspace/ros2_kortex_ws/build/adl_tasks/adl_tasks/grasp_and_place.py", line 243
[pick_dropped_bottle-12]     "remote_top_horizontal_slanted_min_tool_clearance_above_table_m": 0.0 #12,
[pick_dropped_bottle-12]                                                                       ^^^^^^^^
[pick_dropped_bottle-12] SyntaxError: invalid syntax. Perhaps you forgot a comma?
[ERROR] [pick_dropped_bottle-12]: process has died [pid 99391, exit code 1, cmd '/home/carrt-cse-project/workspace/ros2_kortex_ws/install/adl_tasks/lib/adl_tasks/pick_dropped_bottle --ros-args -r __node:=pick_dropped_bottle_node'].
[wrist_camera_usb_publisher-8] [INFO] [1777481802.314528264] [wrist_camera_usb_publisher_node]: USB camera publisher: trying camera source index 2.
[give_medication-14] Traceback (most recent call last):
[give_medication-14]   File "/home/carrt-cse-project/workspace/ros2_kortex_ws/install/adl_tasks/lib/adl_tasks/give_medication", line 33, in <module>
[give_medication-14]     sys.exit(load_entry_point('adl-tasks', 'console_scripts', 'give_medication')())
[give_medication-14]              ^^^^^^^^^^^^^^^^^^^^^^^^^^^^^^^^^^^^^^^^^^^^^^^^^^^^^^^^^^^^^^^^^^^
[give_medication-14]   File "/home/carrt-cse-project/workspace/ros2_kortex_ws/install/adl_tasks/lib/adl_tasks/give_medication", line 25, in importlib_load_entry_point
[give_medication-14]     return next(matches).load()
[give_medication-14]            ^^^^^^^^^^^^^^^^^^^^
[give_medication-14]   File "/usr/lib/python3.12/importlib/metadata/__init__.py", line 205, in load
[give_medication-14]     module = import_module(match.group('module'))
[give_medication-14]              ^^^^^^^^^^^^^^^^^^^^^^^^^^^^^^^^^^^^
[give_medication-14]   File "/usr/lib/python3.12/importlib/__init__.py", line 90, in import_module
[give_medication-14]     return _bootstrap._gcd_import(name[level:], package, level)
[give_medication-14]            ^^^^^^^^^^^^^^^^^^^^^^^^^^^^^^^^^^^^^^^^^^^^^^^^^^^^
[give_medication-14]   File "<frozen importlib._bootstrap>", line 1387, in _gcd_import
[give_medication-14]   File "<frozen importlib._bootstrap>", line 1360, in _find_and_load
[give_medication-14]   File "<frozen importlib._bootstrap>", line 1331, in _find_and_load_unlocked
[give_medication-14]   File "<frozen importlib._bootstrap>", line 935, in _load_unlocked
[give_medication-14]   File "<frozen importlib._bootstrap_external>", line 995, in exec_module
[give_medication-14]   File "<frozen importlib._bootstrap>", line 488, in _call_with_frames_removed
[give_medication-14]   File "/home/carrt-cse-project/workspace/ros2_kortex_ws/build/adl_tasks/adl_tasks/give_medication.py", line 21, in <module>
[give_medication-14]     from adl_tasks.scene_utils import (
[give_medication-14]   File "/home/carrt-cse-project/workspace/ros2_kortex_ws/build/adl_tasks/adl_tasks/scene_utils.py", line 18, in <module>
[give_medication-14]     from adl_tasks.grasp_and_place import (
[give_medication-14]   File "/home/carrt-cse-project/workspace/ros2_kortex_ws/build/adl_tasks/adl_tasks/grasp_and_place.py", line 243
[give_medication-14]     "remote_top_horizontal_slanted_min_tool_clearance_above_table_m": 0.0 #12,
[give_medication-14]                                                                       ^^^^^^^^
[give_medication-14] SyntaxError: invalid syntax. Perhaps you forgot a comma?
[clear_table-13] Traceback (most recent call last):
[clear_table-13]   File "/home/carrt-cse-project/workspace/ros2_kortex_ws/install/adl_tasks/lib/adl_tasks/clear_table", line 33, in <module>
[clear_table-13]     sys.exit(load_entry_point('adl-tasks', 'console_scripts', 'clear_table')())
[clear_table-13]              ^^^^^^^^^^^^^^^^^^^^^^^^^^^^^^^^^^^^^^^^^^^^^^^^^^^^^^^^^^^^^^^
[clear_table-13]   File "/home/carrt-cse-project/workspace/ros2_kortex_ws/install/adl_tasks/lib/adl_tasks/clear_table", line 25, in importlib_load_entry_point
[clear_table-13]     return next(matches).load()
[clear_table-13]            ^^^^^^^^^^^^^^^^^^^^
[clear_table-13]   File "/usr/lib/python3.12/importlib/metadata/__init__.py", line 205, in load
[clear_table-13]     module = import_module(match.group('module'))
[clear_table-13]              ^^^^^^^^^^^^^^^^^^^^^^^^^^^^^^^^^^^^
[clear_table-13]   File "/usr/lib/python3.12/importlib/__init__.py", line 90, in import_module
[clear_table-13]     return _bootstrap._gcd_import(name[level:], package, level)
[clear_table-13]            ^^^^^^^^^^^^^^^^^^^^^^^^^^^^^^^^^^^^^^^^^^^^^^^^^^^^
[clear_table-13]   File "<frozen importlib._bootstrap>", line 1387, in _gcd_import
[clear_table-13]   File "<frozen importlib._bootstrap>", line 1360, in _find_and_load
[clear_table-13]   File "<frozen importlib._bootstrap>", line 1331, in _find_and_load_unlocked
[clear_table-13]   File "<frozen importlib._bootstrap>", line 935, in _load_unlocked
[clear_table-13]   File "<frozen importlib._bootstrap_external>", line 995, in exec_module
[clear_table-13]   File "<frozen importlib._bootstrap>", line 488, in _call_with_frames_removed
[clear_table-13]   File "/home/carrt-cse-project/workspace/ros2_kortex_ws/build/adl_tasks/adl_tasks/clear_table.py", line 59, in <module>
[clear_table-13]     from adl_tasks.scene_utils import (
[clear_table-13]   File "/home/carrt-cse-project/workspace/ros2_kortex_ws/build/adl_tasks/adl_tasks/scene_utils.py", line 18, in <module>
[clear_table-13]     from adl_tasks.grasp_and_place import (
[clear_table-13]   File "/home/carrt-cse-project/workspace/ros2_kortex_ws/build/adl_tasks/adl_tasks/grasp_and_place.py", line 243
[clear_table-13]     "remote_top_horizontal_slanted_min_tool_clearance_above_table_m": 0.0 #12,
[clear_table-13]                                                                       ^^^^^^^^
[clear_table-13] SyntaxError: invalid syntax. Perhaps you forgot a comma?
[wrist_camera_usb_publisher-8] [INFO] [1777481802.417280140] [wrist_camera_usb_publisher_node]: USB camera publisher: opened camera source index 2.
[wrist_camera_usb_publisher-8] [INFO] [1777481802.418362905] [wrist_camera_usb_publisher_node]: Wrist Camera USB Publisher started.
[wrist_camera_usb_publisher-8] [INFO] [1777481802.419430623] [wrist_camera_usb_publisher_node]: Publishing USB camera frames on /wrist_mounted_camera/image with frame_id=wrist_mounted_camera_color_optical_frame.
[wrist_camera_usb_publisher-8] [INFO] [1777481802.420557625] [wrist_camera_usb_publisher_node]: Publishing camera info on /wrist_mounted_camera/camera_info from reference intrinsics [554.25, 554.25, 320.0, 240.0] @ 640x480.
[wrist_camera_usb_publisher-8] [INFO] [1777481802.421762511] [wrist_camera_usb_publisher_node]: Using explicit camera_matrix for CameraInfo. matrix_size=1280x720, K=[920.874267578125, 0.0, 644.7646484375, 0.0, 921.5654907226562, 343.1528625488281, 0.0, 0.0, 1.0], d=[0.0, 0.0, 0.0, 0.0, 0.0]
[wrist_camera_usb_publisher-8] [INFO] [1777481802.422917417] [wrist_camera_usb_publisher_node]: Requested source=2 size=1280x720 fps=10.0
[ERROR] [give_medication-14]: process has died [pid 99393, exit code 1, cmd '/home/carrt-cse-project/workspace/ros2_kortex_ws/install/adl_tasks/lib/adl_tasks/give_medication --ros-args -r __node:=give_medication_node'].
[scene_from_vision-10] [INFO] [1777481802.437846892] [scene_from_vision_node]: Scene From Vision Node Started
[ERROR] [clear_table-13]: process has died [pid 99392, exit code 1, cmd '/home/carrt-cse-project/workspace/ros2_kortex_ws/install/adl_tasks/lib/adl_tasks/clear_table --ros-args -r __node:=clear_table_node'].
[vision_apriltag-9] [INFO] [1777481802.927852998] [vision_apriltag_node]: Vision AprilTag Node Started
[vision_apriltag-9] [INFO] [1777481802.929035372] [vision_apriltag_node]: Subscribing to camera topic: /wrist_mounted_camera/image
[vision_apriltag-9] [INFO] [1777481802.930781010] [vision_apriltag_node]: Subscribing to camera info topic: /wrist_mounted_camera/camera_info
[vision_apriltag-9] [INFO] [1777481802.932498793] [vision_apriltag_node]: Camera frame: wrist_mounted_camera_color_optical_frame | use_image_header_frame=True
[vision_apriltag-9] [INFO] [1777481802.933833790] [vision_apriltag_node]: Tag size: 0.025m | pose_cache_retention_s=20.0 | get_pose_wait_timeout_s=5.0 | max_returned_pose_age_s=20.0 | camera_params=[554.25, 554.25, 320.0, 240.0] | families=tag36h11 | quad_decimate=1.0 | requested_backend=opencv | backend=cv2.aruco | opencv_pose_solver=ippe_square | use_image_timestamp_for_tf=False
[vision_apriltag-9] [INFO] [1777481802.935668154] [vision_apriltag_node]: Top-tag known-plane projection: enabled=True, planes={3: 0.11995, 4: 0.154438}
[vision_apriltag-9] [INFO] [1777481802.937530292] [vision_apriltag_node]: pupil_apriltags tuning: nthreads=1, quad_sigma=0.0, refine_edges=1, decode_sharpening=0.25, debug=0, preprocess_variants=['raw', 'clahe', 'adaptive', 'clahe_sharp', 'clahe_up2', 'sharp_up2'], tile_search_if_empty=True, tile_search_grid=3x2, tile_search_scale=2.0, tile_search_overlap=0.25
[vision_apriltag-9] [WARN] [1777481802.939524112] [vision_apriltag_node]: pupil_apriltags is not importable by this node, so detection is using OpenCV fallback only. python=/usr/bin/python3, import_error=No module named 'pupil_apriltags'. If .venv contains pupil_apriltags, rebuild adl_tasks with that venv active or run the module with the venv Python.
[vision_apriltag-9] [INFO] [1777481802.941677478] [vision_apriltag_node]: Publishing AprilTag debug images on /vision_apriltag/debug_image at up to 1.0 Hz.
[ros2_control_node-1] [WARN] [1777481803.037472447] [controller_manager]: Overrun might occur, Total time : 3741.041 us (Expected < 1000.000 us) --> Read time : 69.923 us, Update time : 30.419 us, Write time : 3640.699 us
[ros2_control_node-1] [WARN] [1777481803.037601140] [controller_manager]: Overrun detected! The controller manager missed its desired rate of 1000 Hz. The loop took 3.945661 ms (missed cycles : 4).
[wrist_camera_usb_publisher-8] [INFO] [1777481803.082842982] [wrist_camera_usb_publisher_node]: USB camera info active intrinsics: size=1280x720, fx=920.87, fy=921.57, cx=644.76, cy=343.15, d=array('d', [0.0, 0.0, 0.0, 0.0, 0.0])
[wrist_camera_usb_publisher-8] [INFO] [1777481803.084590235] [wrist_camera_usb_publisher_node]: USB camera publisher heartbeat: publishing 1280x720 frames on /wrist_mounted_camera/image; camera_info fx=920.87, fy=921.57, cx=644.76, cy=343.15.
[vision_apriltag-9] [INFO] [1777481803.087495351] [vision_apriltag_node]: Vision AprilTag camera model updated from CameraInfo: size=1280x720, fx=920.87, fy=921.57, cx=644.76, cy=343.15, d=[0.0, 0.0, 0.0, 0.0, 0.0]
[scene_from_vision-10] [INFO] [1777481803.139931904] [scene_from_vision_node]: SceneFromVision: Updating planning scene. Tracking 5 object shape(s). memory_mode=True, scan_duration_s=5.0, scan_min_samples=3, scan_target_samples=8, scan_extend_step_s=1.5, scan_max_extensions=2, scan_prune_unseen_objects=False, continuous_scene_updates=False, latch_first_detection_updates=True, log_object_pose_debug=False, apply_planning_scene_service_updates=True, publish_monitored_planning_scene_updates=True, side_viewpoint=wrist_mounted_camera_color_optical_frame->base_link, reject_table_objects_outside_bounds=False.
[scene_from_vision-10] [INFO] [1777481803.141104646] [scene_from_vision_node]: SceneFromVision calibration: xy_offset=(0.000, 0.000), z_offset=0.000, yaw_deg=0.00, xy_scale=1.0000, clamp_table_objects_to_table_bounds=False, table_bounds_margin_m=0.030.
[scene_from_vision-10] [INFO] [1777481803.142343814] [scene_from_vision_node]: SceneFromVision object offsets: remote_axis=y, remote_tag_to_center_sign=-1.0, remote_tag_from_end_m=0.020, remote_world_offset=(-0.040, 0.000), cube_tag_to_center=(0.000, 0.000), cube_world_offset=(0.000, -0.006), cube_yaw_offset_deg=0.0, medication_world_offset=(-0.150, -0.030), medication_face_to_center_m=0.027, cup_world_offset=(-0.085, -0.040), cup_face_to_center_m=0.031.
[vision_apriltag-9] [INFO] [1777481803.382205967] [vision_apriltag_node]: Vision AprilTag detection debug: no tags found after raw/CLAHE/sharp/adaptive/upscaled/tiled passes.
[scene_static-7] [WARN] [1777481804.037615398] [scene_static_node]: Planning scene service not available, waiting...
[ros2_control_node-1] [WARN] [1777481804.038922097] [controller_manager]: Overrun might occur, Total time : 3246.349 us (Expected < 1000.000 us) --> Read time : 16.761 us, Update time : 8.906 us, Write time : 3220.682 us
[ros2_control_node-1] [WARN] [1777481804.039019405] [controller_manager]: Overrun detected! The controller manager missed its desired rate of 1000 Hz. The loop took 3.365131 ms (missed cycles : 4).
[vision_apriltag-9] [INFO] [1777481804.902360201] [vision_apriltag_node]: Vision AprilTag: images are arriving on /wrist_mounted_camera/image, but no AprilTags have been detected yet.
[ros2_control_node-1] [WARN] [1777481805.042500106] [controller_manager]: Overrun might occur, Total time : 3811.225 us (Expected < 1000.000 us) --> Read time : 75.430 us, Update time : 29.742 us, Write time : 3706.053 us
[ros2_control_node-1] [WARN] [1777481805.042599844] [controller_manager]: Overrun detected! The controller manager missed its desired rate of 1000 Hz. The loop took 3.945869 ms (missed cycles : 4).
[ros2_control_node-1] [INFO] [1777481805.264139981] [controller_manager]: Loading controller : 'joint_state_broadcaster' of type 'joint_state_broadcaster/JointStateBroadcaster'
[ros2_control_node-1] [INFO] [1777481805.264183962] [controller_manager]: Loading controller 'joint_state_broadcaster'
[ros2_control_node-1] [INFO] [1777481805.272346348] [controller_manager]: Controller 'joint_state_broadcaster' node arguments: --ros-args --params-file /home/carrt-cse-project/workspace/ros2_kortex_ws/install/adl_tasks/share/adl_tasks/config/ros2_controllers_vbox.yaml --params-file /tmp/launch_params_vsv6_vg7 
[spawner-4] [INFO] [1777481805.300625318] [spawner_joint_state_broadcaster]: Loaded joint_state_broadcaster
[ros2_control_node-1] [INFO] [1777481805.302273830] [controller_manager]: Configuring controller: 'joint_state_broadcaster'
[ros2_control_node-1] [INFO] [1777481805.302517695] [joint_state_broadcaster]: 'joints' or 'interfaces' parameter is empty. All available state interfaces will be published
[ros2_control_node-1] [INFO] [1777481805.317953085] [controller_manager]: Activating controllers: [ joint_state_broadcaster ]
[ros2_control_node-1] [INFO] [1777481805.321039763] [controller_manager]: Successfully switched controllers!
[ros2_control_node-1] [WARN] [1777481805.324014597] [controller_manager]: Overrun might occur, Total time : 4341.110 us (Expected < 1000.000 us) --> Read time : 24.251 us, Update time : 1312.718 us (Switch time : 1276.575 us (Switch chained mode time : 1.801 us, perform mode change time : 2.156 us, Activation time : 1266.513 us, Deactivation time : 1.520 us)), Write time : 3004.141 us
[spawner-4] [INFO] [1777481805.327177346] [spawner_joint_state_broadcaster]: Configured and activated joint_state_broadcaster
[INFO] [spawner-4]: process has finished cleanly [pid 99383]
[INFO] [spawner-16]: process started with pid [99594]
[INFO] [spawner-17]: process started with pid [99595]
[INFO] [spawner-18]: process started with pid [99596]
[INFO] [spawner-19]: process started with pid [99597]
[scene_static-7] [WARN] [1777481806.043739785] [scene_static_node]: Planning scene service not available, waiting...
[ros2_control_node-1] [WARN] [1777481806.046509721] [controller_manager]: Overrun might occur, Total time : 4828.120 us (Expected < 1000.000 us) --> Read time : 39.744 us, Update time : 95.065 us, Write time : 4693.311 us
[ros2_control_node-1] [WARN] [1777481806.046619474] [controller_manager]: Overrun detected! The controller manager missed its desired rate of 1000 Hz. The loop took 4.964757 ms (missed cycles : 5).
[spawner-17] [INFO] [1777481806.607783999] [spawner_twist_controller]: waiting for service /controller_manager/list_controllers to become available...
[vision_apriltag-9] [INFO] [1777481806.899320891] [vision_apriltag_node]: Vision AprilTag: images are arriving on /wrist_mounted_camera/image, but no AprilTags have been detected yet.
[ros2_control_node-1] [WARN] [1777481807.047523919] [controller_manager]: Overrun might occur, Total time : 2845.663 us (Expected < 1000.000 us) --> Read time : 20.094 us, Update time : 68.247 us, Write time : 2757.322 us
[ros2_control_node-1] [WARN] [1777481807.047582779] [controller_manager]: Overrun detected! The controller manager missed its desired rate of 1000 Hz. The loop took 2.929908 ms (missed cycles : 3).
[scene_static-7] [WARN] [1777481808.046314513] [scene_static_node]: Planning scene service not available, waiting...
[ros2_control_node-1] [WARN] [1777481808.048991592] [controller_manager]: Overrun might occur, Total time : 2320.708 us (Expected < 1000.000 us) --> Read time : 23.260 us, Update time : 57.970 us, Write time : 2239.478 us
[ros2_control_node-1] [WARN] [1777481808.049051860] [controller_manager]: Overrun detected! The controller manager missed its desired rate of 1000 Hz. The loop took 2.398677 ms (missed cycles : 3).
[ros2_control_node-1] [INFO] [1777481808.143137845] [controller_manager]: Loading controller : 'twist_controller' of type 'picknik_twist_controller/PicknikTwistController'
[ros2_control_node-1] [INFO] [1777481808.143179609] [controller_manager]: Loading controller 'twist_controller'
[ros2_control_node-1] [INFO] [1777481808.147556814] [controller_manager]: Controller 'twist_controller' node arguments: --ros-args --params-file /home/carrt-cse-project/workspace/ros2_kortex_ws/install/adl_tasks/share/adl_tasks/config/ros2_controllers_vbox.yaml --params-file /tmp/launch_params_vsv6_vg7 
[spawner-17] [INFO] [1777481808.176200465] [spawner_twist_controller]: Loaded twist_controller
[ros2_control_node-1] [INFO] [1777481808.181401642] [controller_manager]: Configuring controller: 'twist_controller'
[ros2_control_node-1] [INFO] [1777481808.183622760] [twist_controller]: configure successful
[wrist_camera_usb_publisher-8] [INFO] [1777481808.203655961] [wrist_camera_usb_publisher_node]: USB camera publisher heartbeat: publishing 1280x720 frames on /wrist_mounted_camera/image; camera_info fx=920.87, fy=921.57, cx=644.76, cy=343.15.
[spawner-19] [INFO] [1777481808.343713781] [spawner_fault_controller]: waiting for service /controller_manager/list_controllers to become available...
[INFO] [spawner-17]: process has finished cleanly [pid 99595]
[ros2_control_node-1] [INFO] [1777481808.597699236] [controller_manager]: Loading controller : 'fault_controller' of type 'picknik_reset_fault_controller/PicknikResetFaultController'
[ros2_control_node-1] [INFO] [1777481808.597747333] [controller_manager]: Loading controller 'fault_controller'
[ros2_control_node-1] [INFO] [1777481808.601803563] [controller_manager]: Controller 'fault_controller' node arguments: --ros-args --params-file /home/carrt-cse-project/workspace/ros2_kortex_ws/install/adl_tasks/share/adl_tasks/config/ros2_controllers_vbox.yaml --params-file /tmp/launch_params_vsv6_vg7 
[spawner-19] [INFO] [1777481808.627047514] [spawner_fault_controller]: Loaded fault_controller
[ros2_control_node-1] [INFO] [1777481808.629742015] [controller_manager]: Configuring controller: 'fault_controller'
[ros2_control_node-1] [INFO] [1777481808.635540993] [controller_manager]: Activating controllers: [ fault_controller ]
[vision_apriltag-9] [INFO] [1777481808.806121427] [vision_apriltag_node]: Vision AprilTag detection debug: no tags found after raw/CLAHE/sharp/adaptive/upscaled/tiled passes.
[ros2_control_node-1] [INFO] [1777481808.843179150] [controller_manager]: Successfully switched controllers!
[ros2_control_node-1] [WARN] [1777481808.845348250] [controller_manager]: Overrun might occur, Total time : 6654.788 us (Expected < 1000.000 us) --> Read time : 14.691 us, Update time : 4455.736 us (Switch time : 4379.161 us (Switch chained mode time : 1.932 us, perform mode change time : 28.329 us, Activation time : 4343.949 us, Deactivation time : 0.800 us)), Write time : 2184.361 us
[spawner-19] [INFO] [1777481808.848153701] [spawner_fault_controller]: Configured and activated fault_controller
[vision_apriltag-9] [INFO] [1777481808.937586625] [vision_apriltag_node]: Vision AprilTag: images are arriving on /wrist_mounted_camera/image, but no AprilTags have been detected yet.
[INFO] [spawner-19]: process has finished cleanly [pid 99597]
[ros2_control_node-1] [WARN] [1777481809.050983369] [controller_manager]: Overrun might occur, Total time : 2318.904 us (Expected < 1000.000 us) --> Read time : 22.520 us, Update time : 100.762 us, Write time : 2195.622 us
[ros2_control_node-1] [WARN] [1777481809.051030264] [controller_manager]: Overrun detected! The controller manager missed its desired rate of 1000 Hz. The loop took 2.377004 ms (missed cycles : 3).
[spawner-16] [INFO] [1777481809.205317326] [spawner_joint_trajectory_controller]: waiting for service /controller_manager/list_controllers to become available...
[adl_ui-15] 127.0.0.1 - - [29/Apr/2026 12:56:49] "GET / HTTP/1.1" 200 -
[adl_ui-15] 127.0.0.1 - - [29/Apr/2026 12:56:49] "GET /status_json HTTP/1.1" 200 -
[adl_ui-15] 127.0.0.1 - - [29/Apr/2026 12:56:50] "GET /status_json HTTP/1.1" 200 -
[scene_static-7] [WARN] [1777481810.049075408] [scene_static_node]: Planning scene service not available, waiting...
[ros2_control_node-1] [WARN] [1777481810.054146176] [controller_manager]: Overrun might occur, Total time : 2472.318 us (Expected < 1000.000 us) --> Read time : 45.044 us, Update time : 139.130 us, Write time : 2288.144 us
[ros2_control_node-1] [WARN] [1777481810.054224824] [controller_manager]: Overrun detected! The controller manager missed its desired rate of 1000 Hz. The loop took 2.570925 ms (missed cycles : 3).
[adl_ui-15] 127.0.0.1 - - [29/Apr/2026 12:56:50] "GET /status_json HTTP/1.1" 200 -
[ros2_control_node-1] [INFO] [1777481810.960571650] [controller_manager]: Loading controller : 'joint_trajectory_controller' of type 'joint_trajectory_controller/JointTrajectoryController'
[ros2_control_node-1] [INFO] [1777481810.960616647] [controller_manager]: Loading controller 'joint_trajectory_controller'
[ros2_control_node-1] [INFO] [1777481810.969914084] [controller_manager]: Controller 'joint_trajectory_controller' node arguments: --ros-args --params-file /home/carrt-cse-project/workspace/ros2_kortex_ws/install/adl_tasks/share/adl_tasks/config/ros2_controllers_vbox.yaml --params-file /tmp/launch_params_vsv6_vg7 
[spawner-16] [INFO] [1777481811.012778249] [spawner_joint_trajectory_controller]: Loaded joint_trajectory_controller
[ros2_control_node-1] [INFO] [1777481811.018199573] [controller_manager]: Configuring controller: 'joint_trajectory_controller'
[ros2_control_node-1] [INFO] [1777481811.018839957] [joint_trajectory_controller]: No specific joint names are used for command interfaces. Using 'joints' parameter.
[ros2_control_node-1] [INFO] [1777481811.019108533] [joint_trajectory_controller]: Command interfaces are [position] and state interfaces are [position velocity].
[ros2_control_node-1] [INFO] [1777481811.019308021] [joint_trajectory_controller]: Using 'splines' interpolation method.
[ros2_control_node-1] [INFO] [1777481811.028572570] [joint_trajectory_controller]: Action status changes will be monitored at 10.00 Hz.
[ros2_control_node-1] [INFO] [1777481811.050413165] [controller_manager]: Activating controllers: [ joint_trajectory_controller ]
[ros2_control_node-1] [WARN] [1777481811.054196926] [controller_manager]: Overrun might occur, Total time : 2525.978 us (Expected < 1000.000 us) --> Read time : 23.459 us, Update time : 79.592 us, Write time : 2422.927 us
[ros2_control_node-1] [WARN] [1777481811.054267002] [controller_manager]: Overrun detected! The controller manager missed its desired rate of 1000 Hz. The loop took 2.613571 ms (missed cycles : 3).
[ros2_control_node-1] [INFO] [1777481811.264868069] [controller_manager]: Successfully switched controllers!
[ros2_control_node-1] [WARN] [1777481811.267820755] [controller_manager]: Overrun might occur, Total time : 16148.352 us (Expected < 1000.000 us) --> Read time : 30.994 us, Update time : 13137.299 us (Switch time : 13017.382 us (Switch chained mode time : 4.004 us, perform mode change time : 11498.351 us, Activation time : 1505.952 us, Deactivation time : 1.565 us)), Write time : 2980.059 us
[spawner-16] [INFO] [1777481811.270692694] [spawner_joint_trajectory_controller]: Configured and activated joint_trajectory_controller
[spawner-18] [INFO] [1777481811.417934799] [spawner_robotiq_gripper_controller]: waiting for service /controller_manager/list_controllers to become available...
[INFO] [spawner-16]: process has finished cleanly [pid 99594]
[adl_ui-15] 127.0.0.1 - - [29/Apr/2026 12:56:51] "GET /status_json HTTP/1.1" 200 -
[vision_apriltag-9] [INFO] [1777481811.596057697] [vision_apriltag_node]: Vision AprilTag: images are arriving on /wrist_mounted_camera/image, but no AprilTags have been detected yet.
[scene_static-7] [WARN] [1777481812.052495612] [scene_static_node]: Planning scene service not available, waiting...
[ros2_control_node-1] [WARN] [1777481812.055100079] [controller_manager]: Overrun might occur, Total time : 3420.240 us (Expected < 1000.000 us) --> Read time : 39.748 us, Update time : 207.872 us, Write time : 3172.620 us
[ros2_control_node-1] [WARN] [1777481812.055172059] [controller_manager]: Overrun detected! The controller manager missed its desired rate of 1000 Hz. The loop took 3.518046 ms (missed cycles : 4).
[adl_ui-15] 127.0.0.1 - - [29/Apr/2026 12:56:52] "GET /status_json HTTP/1.1" 200 -
[vision_apriltag-9] [INFO] [1777481812.899514176] [vision_apriltag_node]: Vision AprilTag: images are arriving on /wrist_mounted_camera/image, but no AprilTags have been detected yet.
[adl_ui-15] 127.0.0.1 - - [29/Apr/2026 12:56:53] "GET /status_json HTTP/1.1" 200 -
[ros2_control_node-1] [WARN] [1777481813.057036784] [controller_manager]: Overrun might occur, Total time : 2373.771 us (Expected < 1000.000 us) --> Read time : 17.543 us, Update time : 124.854 us, Write time : 2231.374 us
[ros2_control_node-1] [WARN] [1777481813.057120682] [controller_manager]: Overrun detected! The controller manager missed its desired rate of 1000 Hz. The loop took 2.455289 ms (missed cycles : 3).
[INFO] [move_group-20]: process started with pid [99668]
[INFO] [rviz2-21]: process started with pid [99669]
[move_group-20] [INFO] [1777481813.260941304] [move_group.moveit.moveit.ros.rdf_loader]: Loaded robot model in 0.0115056 seconds
[move_group-20] [INFO] [1777481813.261168204] [move_group.moveit.moveit.core.robot_model]: Loading robot model 'gen3'...
[move_group-20] [INFO] [1777481813.261192779] [move_group.moveit.moveit.core.robot_model]: No root/virtual joint specified in SRDF. Assuming fixed joint
[wrist_camera_usb_publisher-8] [INFO] [1777481813.373785160] [wrist_camera_usb_publisher_node]: USB camera publisher heartbeat: publishing 1280x720 frames on /wrist_mounted_camera/image; camera_info fx=920.87, fy=921.57, cx=644.76, cy=343.15.
[move_group-20] [INFO] [1777481813.437498647] [move_group.moveit.moveit.kinematics.kdl_kinematics_plugin]: Joint weights for group 'manipulator': 1 1 1 1 1 1 1
[rviz2-21] [INFO] [1777481813.599313288] [rviz2]: Stereo is NOT SUPPORTED
[rviz2-21] [INFO] [1777481813.599382197] [rviz2]: OpenGl version: 4.6 (GLSL 4.6)
[rviz2-21] [INFO] [1777481813.624447171] [rviz2]: Stereo is NOT SUPPORTED
[adl_ui-15] 127.0.0.1 - - [29/Apr/2026 12:56:53] "GET /status_json HTTP/1.1" 200 -
[vision_apriltag-9] [INFO] [1777481813.910583427] [vision_apriltag_node]: Vision AprilTag detection debug: no tags found after raw/CLAHE/sharp/adaptive/upscaled/tiled passes.
[rviz2-21] Warning: class_loader.impl: SEVERE WARNING!!! A namespace collision has occurred with plugin factory for class rviz_default_plugins::displays::InteractiveMarkerDisplay. New factory will OVERWRITE existing one. This situation occurs when libraries containing plugins are directly linked against an executable (the one running right now generating this message). Please separate plugins out into their own library or just don't link against the library and use either class_loader::ClassLoader/MultiLibraryClassLoader to open.
[rviz2-21]          at line 321 in /opt/ros/jazzy/include/class_loader/class_loader/class_loader_core.hpp
[rviz2-21] [WARN] [1777481813.936989148] [rcl.logging_rosout]: Publisher already registered for node name: 'rviz2_moveit'. If this is due to multiple nodes with the same name then all logs for the logger named 'rviz2_moveit' will go out over the existing publisher. As soon as any node with that name is destructed it will unregister the publisher, preventing any further logs for that name from being published on the rosout topic.
[scene_static-7] [WARN] [1777481814.055944236] [scene_static_node]: Planning scene service not available, waiting...
[ros2_control_node-1] [WARN] [1777481814.059841548] [controller_manager]: Overrun might occur, Total time : 3167.706 us (Expected < 1000.000 us) --> Read time : 35.544 us, Update time : 198.222 us, Write time : 2933.940 us
[ros2_control_node-1] [WARN] [1777481814.059908058] [controller_manager]: Overrun detected! The controller manager missed its desired rate of 1000 Hz. The loop took 3.254436 ms (missed cycles : 4).
[move_group-20] [INFO] [1777481814.198804141] [move_group.moveit.moveit.ros.planning_scene_monitor]: Publishing maintained planning scene on 'monitored_planning_scene'
[move_group-20] [INFO] [1777481814.198972920] [move_group.moveit.moveit.ros.moveit_cpp]: Listening to 'joint_states' for joint states
[move_group-20] [INFO] [1777481814.201299129] [move_group.moveit.moveit.ros.current_state_monitor]: Listening to joint states on topic 'joint_states'
[move_group-20] [INFO] [1777481814.203209820] [move_group.moveit.moveit.ros.planning_scene_monitor]: Listening to '/attached_collision_object' for attached collision objects
[move_group-20] [INFO] [1777481814.203247321] [move_group.moveit.moveit.ros.planning_scene_monitor]: Stopping existing planning scene publisher.
[move_group-20] [INFO] [1777481814.203548847] [move_group.moveit.moveit.ros.planning_scene_monitor]: Stopped publishing maintained planning scene.
[move_group-20] [INFO] [1777481814.205250210] [move_group.moveit.moveit.ros.planning_scene_monitor]: Publishing maintained planning scene on 'monitored_planning_scene'
[move_group-20] [INFO] [1777481814.205391242] [move_group.moveit.moveit.ros.planning_scene_monitor]: Starting planning scene monitor
[move_group-20] [INFO] [1777481814.209498708] [move_group.moveit.moveit.ros.planning_scene_monitor]: Listening to '/planning_scene'
[move_group-20] [INFO] [1777481814.209537105] [move_group.moveit.moveit.ros.planning_scene_monitor]: Starting world geometry update monitor for collision objects, attached objects, octomap updates.
[move_group-20] [INFO] [1777481814.211879667] [move_group.moveit.moveit.ros.planning_scene_monitor]: Listening to 'collision_object'
[move_group-20] [INFO] [1777481814.213252827] [move_group.moveit.moveit.ros.planning_scene_monitor]: Listening to 'planning_scene_world' for planning scene world geometry
[move_group-20] [WARN] [1777481814.214426179] [move_group.moveit.moveit.ros.occupancy_map_monitor]: Resolution not specified for Octomap. Assuming resolution = 0.1 instead
[move_group-20] [ERROR] [1777481814.214470064] [move_group.moveit.moveit.ros.occupancy_map_monitor]: No 3D sensor plugin(s) defined for octomap updates
[ros2_control_node-1] [INFO] [1777481814.278556905] [controller_manager]: Received robot description from topic.
[ros2_control_node-1] [WARN] [1777481814.278630587] [controller_manager]: ResourceManager has already loaded a urdf. Ignoring attempt to reload a robot description.
[ros2_control_node-1] [INFO] [1777481814.424233845] [controller_manager]: Loading controller : 'robotiq_gripper_controller' of type 'position_controllers/GripperActionController'
[ros2_control_node-1] [INFO] [1777481814.424274619] [controller_manager]: Loading controller 'robotiq_gripper_controller'
[ros2_control_node-1] [INFO] [1777481814.432074480] [controller_manager]: Controller 'robotiq_gripper_controller' node arguments: --ros-args --params-file /home/carrt-cse-project/workspace/ros2_kortex_ws/install/adl_tasks/share/adl_tasks/config/ros2_controllers_vbox.yaml --params-file /tmp/launch_params_vsv6_vg7 
[ros2_control_node-1] [WARN] [1777481814.467084808] [robotiq_gripper_controller]: [Deprecated]: the `position_controllers/GripperActionController` and `effort_controllers::GripperActionController` controllers are replaced by 'parallel_gripper_controllers/GripperActionController' controller
[spawner-18] [INFO] [1777481814.473091942] [spawner_robotiq_gripper_controller]: Loaded robotiq_gripper_controller
[ros2_control_node-1] [INFO] [1777481814.475675450] [controller_manager]: Configuring controller: 'robotiq_gripper_controller'
[ros2_control_node-1] [INFO] [1777481814.475820544] [robotiq_gripper_controller]: Action status changes will be monitored at 20.000000 Hz.
[adl_ui-15] 127.0.0.1 - - [29/Apr/2026 12:56:54] "GET /status_json HTTP/1.1" 200 -
[move_group-20] [INFO] [1777481814.541525500] [move_group.moveit.moveit.ros.planning_pipeline]: Successfully loaded planner 'OMPL'
[move_group-20] [INFO] [1777481814.546590300] [move_group]: Try loading adapter 'default_planning_request_adapters/ResolveConstraintFrames'
[move_group-20] [INFO] [1777481814.548414040] [move_group]: Loaded adapter 'default_planning_request_adapters/ResolveConstraintFrames'
[move_group-20] [INFO] [1777481814.548448025] [move_group]: Try loading adapter 'default_planning_request_adapters/ValidateWorkspaceBounds'
[move_group-20] [INFO] [1777481814.549136750] [move_group]: Loaded adapter 'default_planning_request_adapters/ValidateWorkspaceBounds'
[move_group-20] [INFO] [1777481814.549154514] [move_group]: Try loading adapter 'default_planning_request_adapters/CheckStartStateBounds'
[move_group-20] [INFO] [1777481814.549189326] [move_group]: Loaded adapter 'default_planning_request_adapters/CheckStartStateBounds'
[move_group-20] [INFO] [1777481814.549197864] [move_group]: Try loading adapter 'default_planning_request_adapters/CheckStartStateCollision'
[move_group-20] [INFO] [1777481814.549215180] [move_group]: Loaded adapter 'default_planning_request_adapters/CheckStartStateCollision'
[move_group-20] [INFO] [1777481814.553682013] [move_group]: Try loading adapter 'default_planning_response_adapters/AddTimeOptimalParameterization'
[move_group-20] [INFO] [1777481814.557955570] [move_group]: Loaded adapter 'default_planning_response_adapters/AddTimeOptimalParameterization'
[move_group-20] [INFO] [1777481814.557988610] [move_group]: Try loading adapter 'default_planning_response_adapters/ValidateSolution'
[move_group-20] [INFO] [1777481814.561842815] [move_group]: Loaded adapter 'default_planning_response_adapters/ValidateSolution'
[move_group-20] [INFO] [1777481814.561877808] [move_group]: Try loading adapter 'default_planning_response_adapters/DisplayMotionPath'
[move_group-20] [INFO] [1777481814.562847504] [move_group]: Loaded adapter 'default_planning_response_adapters/DisplayMotionPath'
[ros2_control_node-1] [INFO] [1777481814.563829523] [controller_manager]: Activating controllers: [ robotiq_gripper_controller ]
[move_group-20] [INFO] [1777481814.646939811] [move_group.moveit.moveit.plugins.simple_controller_manager]: Added FollowJointTrajectory controller for joint_trajectory_controller
[move_group-20] [INFO] [1777481814.647005706] [move_group.moveit.moveit.plugins.simple_controller_manager]: robotiq_gripper_controller will command a max effort of: 0
[move_group-20] [INFO] [1777481814.653735046] [move_group.moveit.moveit.plugins.simple_controller_manager]: Added GripperCommand controller for robotiq_gripper_controller
[move_group-20] [INFO] [1777481814.654269752] [move_group.moveit.moveit.plugins.simple_controller_manager]: Returned 2 controllers in list
[move_group-20] [INFO] [1777481814.654341837] [move_group.moveit.moveit.plugins.simple_controller_manager]: Returned 2 controllers in list
[move_group-20] [INFO] [1777481814.655462068] [move_group.moveit.moveit.ros.trajectory_execution_manager]: Trajectory execution is managing controllers
[move_group-20] [INFO] [1777481814.655501185] [move_group]: MoveGroup debug mode is ON
[move_group-20] [INFO] [1777481814.695558573] [move_group.moveit.moveit.ros.move_group.executable]: 
[move_group-20] 
[move_group-20] ********************************************************
[move_group-20] * MoveGroup using: 
[move_group-20] *     - apply_planning_scene_service
[move_group-20] *     - clear_octomap_service
[move_group-20] *     - get_group_urdf
[move_group-20] *     - load_geometry_from_file
[move_group-20] *     - CartesianPathService
[move_group-20] *     - execute_trajectory_action
[move_group-20] *     - get_planning_scene_service
[move_group-20] *     - kinematics_service
[move_group-20] *     - move_action
[move_group-20] *     - motion_plan_service
[move_group-20] *     - query_planners_service
[move_group-20] *     - state_validation_service
[move_group-20] *     - save_geometry_to_file
[move_group-20] ********************************************************
[move_group-20] 
[move_group-20] [INFO] [1777481814.695639193] [move_group.moveit.moveit.ros.move_group.context]: MoveGroup context using pipeline ompl
[move_group-20] [INFO] [1777481814.695657321] [move_group.moveit.moveit.ros.move_group.context]: MoveGroup context initialization complete
[move_group-20] [96mLoading 'move_group/ApplyPlanningSceneService'...[0m
[move_group-20] [96mLoading 'move_group/ClearOctomapService'...[0m
[move_group-20] [96mLoading 'move_group/GetUrdfService'...[0m
[move_group-20] [96mLoading 'move_group/LoadGeometryFromFileService'...[0m
[move_group-20] [96mLoading 'move_group/MoveGroupCartesianPathService'...[0m
[move_group-20] [96mLoading 'move_group/MoveGroupExecuteTrajectoryAction'...[0m
[move_group-20] [96mLoading 'move_group/MoveGroupGetPlanningSceneService'...[0m
[move_group-20] [96mLoading 'move_group/MoveGroupKinematicsService'...[0m
[move_group-20] [96mLoading 'move_group/MoveGroupMoveAction'...[0m
[move_group-20] [96mLoading 'move_group/MoveGroupPlanService'...[0m
[move_group-20] [96mLoading 'move_group/MoveGroupQueryPlannersService'...[0m
[move_group-20] [96mLoading 'move_group/MoveGroupStateValidationService'...[0m
[move_group-20] [96mLoading 'move_group/SaveGeometryToFileService'...[0m
[move_group-20] 
[move_group-20] [92mYou can start planning now![0m
[move_group-20] 
[ros2_control_node-1] [INFO] [1777481814.773552590] [controller_manager]: Successfully switched controllers!
[ros2_control_node-1] [WARN] [1777481814.776841017] [controller_manager]: Overrun might occur, Total time : 10154.704 us (Expected < 1000.000 us) --> Read time : 43.413 us, Update time : 6787.680 us (Switch time : 6508.472 us (Switch chained mode time : 1.307 us, perform mode change time : 18.669 us, Activation time : 6481.995 us, Deactivation time : 1.434 us)), Write time : 3323.611 us
[spawner-18] [INFO] [1777481814.779883463] [spawner_robotiq_gripper_controller]: Configured and activated robotiq_gripper_controller
[scene_static-7] [INFO] [1777481814.808287704] [scene_static_node]: Planning scene service available. Building static scene...
[scene_static-7] [INFO] [1777481814.813935771] [scene_static_node]: Static scene built: 25 objects added to MoveIt planning scene.
[vision_apriltag-9] [INFO] [1777481814.903919790] [vision_apriltag_node]: Vision AprilTag: images are arriving on /wrist_mounted_camera/image, but no AprilTags have been detected yet.
[INFO] [spawner-18]: process has finished cleanly [pid 99596]
[ros2_control_node-1] [WARN] [1777481815.063732357] [controller_manager]: Overrun might occur, Total time : 3058.385 us (Expected < 1000.000 us) --> Read time : 35.538 us, Update time : 220.881 us, Write time : 2801.966 us
[ros2_control_node-1] [WARN] [1777481815.063804230] [controller_manager]: Overrun detected! The controller manager missed its desired rate of 1000 Hz. The loop took 3.150772 ms (missed cycles : 4).
[adl_ui-15] 127.0.0.1 - - [29/Apr/2026 12:56:55] "GET /status_json HTTP/1.1" 200 -
[adl_ui-15] 127.0.0.1 - - [29/Apr/2026 12:56:56] "GET /status_json HTTP/1.1" 200 -
[ros2_control_node-1] [WARN] [1777481816.067294474] [controller_manager]: Overrun might occur, Total time : 2621.093 us (Expected < 1000.000 us) --> Read time : 29.244 us, Update time : 213.432 us, Write time : 2378.417 us
[ros2_control_node-1] [WARN] [1777481816.067401827] [controller_manager]: Overrun detected! The controller manager missed its desired rate of 1000 Hz. The loop took 2.747854 ms (missed cycles : 3).
[adl_ui-15] 127.0.0.1 - - [29/Apr/2026 12:56:56] "GET /status_json HTTP/1.1" 200 -
[rviz2-21] [ERROR] [1777481817.003184637] [rviz2_moveit.moveit.ros.motion_planning_frame]: Action server: /recognize_objects not available
[rviz2-21] [INFO] [1777481817.036873906] [rviz2_moveit.moveit.ros.motion_planning_frame]: MoveGroup namespace changed: / -> . Reloading params.
[ros2_control_node-1] [WARN] [1777481817.069639991] [controller_manager]: Overrun might occur, Total time : 2960.035 us (Expected < 1000.000 us) --> Read time : 40.013 us, Update time : 229.887 us, Write time : 2690.135 us
[ros2_control_node-1] [WARN] [1777481817.069717534] [controller_manager]: Overrun detected! The controller manager missed its desired rate of 1000 Hz. The loop took 3.063502 ms (missed cycles : 4).
[rviz2-21] [INFO] [1777481817.099800424] [rviz2_moveit.moveit.ros.rdf_loader]: Loaded robot model in 0.0132568 seconds
[rviz2-21] [INFO] [1777481817.099941963] [rviz2_moveit.moveit.core.robot_model]: Loading robot model 'gen3'...
[rviz2-21] [INFO] [1777481817.099978955] [rviz2_moveit.moveit.core.robot_model]: No root/virtual joint specified in SRDF. Assuming fixed joint
[rviz2-21] [INFO] [1777481817.322345130] [rviz2_moveit.moveit.kinematics.kdl_kinematics_plugin]: Joint weights for group 'manipulator': 1 1 1 1 1 1 1
[adl_ui-15] 127.0.0.1 - - [29/Apr/2026 12:56:57] "GET /status_json HTTP/1.1" 200 -
[vision_apriltag-9] [INFO] [1777481817.552851702] [vision_apriltag_node]: Vision AprilTag: images are arriving on /wrist_mounted_camera/image, but no AprilTags have been detected yet.
[rviz2-21] [INFO] [1777481817.696340626] [rviz2_moveit.moveit.ros.planning_scene_monitor]: Starting planning scene monitor
[rviz2-21] [INFO] [1777481817.697708157] [rviz2_moveit.moveit.ros.planning_scene_monitor]: Listening to '/monitored_planning_scene'
[rviz2-21] [INFO] [1777481817.979695959] [interactive_marker_display_97007740497728]: Connected on namespace: /rviz_moveit_motion_planning_display/robot_interaction_interactive_marker_topic
[rviz2-21] [INFO] [1777481817.988061549] [rviz2_moveit.moveit.ros.robot_interaction]: No active joints or end effectors found for group 'gripper'. Make sure that kinematics.yaml is loaded in this node's namespace.
[rviz2-21] [INFO] [1777481817.988966004] [rviz2_moveit.moveit.ros.robot_interaction]: No active joints or end effectors found for group 'gripper'. Make sure that kinematics.yaml is loaded in this node's namespace.
[rviz2-21] [INFO] [1777481817.996321043] [rviz2_moveit.moveit.ros.motion_planning_frame]: group gripper
[rviz2-21] [INFO] [1777481817.996352626] [rviz2_moveit.moveit.ros.motion_planning_frame]: Constructing new MoveGroup connection for group 'gripper' in namespace ''
[rviz2-21] [INFO] [1777481818.012442106] [interactive_marker_display_97007740497728]: Sending request for interactive markers
[rviz2-21] [INFO] [1777481818.018161852] [rviz2_moveit.moveit.ros.move_group_interface]: Ready to take commands for planning group gripper.
[rviz2-21] [INFO] [1777481818.018771815] [rviz2_moveit.moveit.ros.motion_planning_frame]: group gripper
[rviz2-21] [INFO] [1777481818.043948698] [interactive_marker_display_97007740497728]: Service response received for initialization
[ros2_control_node-1] [WARN] [1777481818.072637729] [controller_manager]: Overrun might occur, Total time : 2971.872 us (Expected < 1000.000 us) --> Read time : 18.649 us, Update time : 153.001 us, Write time : 2800.222 us
[ros2_control_node-1] [WARN] [1777481818.072677479] [controller_manager]: Overrun detected! The controller manager missed its desired rate of 1000 Hz. The loop took 3.024658 ms (missed cycles : 4).
[adl_ui-15] 127.0.0.1 - - [29/Apr/2026 12:56:58] "GET /status_json HTTP/1.1" 200 -
[wrist_camera_usb_publisher-8] [INFO] [1777481818.523997814] [wrist_camera_usb_publisher_node]: USB camera publisher heartbeat: publishing 1280x720 frames on /wrist_mounted_camera/image; camera_info fx=920.87, fy=921.57, cx=644.76, cy=343.15.
[vision_apriltag-9] [INFO] [1777481818.899487755] [vision_apriltag_node]: Vision AprilTag: images are arriving on /wrist_mounted_camera/image, but no AprilTags have been detected yet.
[adl_ui-15] 127.0.0.1 - - [29/Apr/2026 12:56:59] "GET /status_json HTTP/1.1" 200 -
[ros2_control_node-1] [WARN] [1777481819.073116117] [controller_manager]: Overrun might occur, Total time : 3425.071 us (Expected < 1000.000 us) --> Read time : 38.588 us, Update time : 178.490 us, Write time : 3207.993 us
[ros2_control_node-1] [WARN] [1777481819.073239408] [controller_manager]: Overrun detected! The controller manager missed its desired rate of 1000 Hz. The loop took 3.585891 ms (missed cycles : 4).
[vision_apriltag-9] [INFO] [1777481819.193263408] [vision_apriltag_node]: Vision AprilTag detection debug: no tags found after raw/CLAHE/sharp/adaptive/upscaled/tiled passes.
[adl_ui-15] 127.0.0.1 - - [29/Apr/2026 12:56:59] "GET /status_json HTTP/1.1" 200 -
[ros2_control_node-1] [WARN] [1777481820.075240385] [controller_manager]: Overrun might occur, Total time : 2569.922 us (Expected < 1000.000 us) --> Read time : 34.729 us, Update time : 217.220 us, Write time : 2317.973 us
[ros2_control_node-1] [WARN] [1777481820.075307033] [controller_manager]: Overrun detected! The controller manager missed its desired rate of 1000 Hz. The loop took 2.653529 ms (missed cycles : 3).
[adl_ui-15] 127.0.0.1 - - [29/Apr/2026 12:57:00] "GET /status_json HTTP/1.1" 200 -
[vision_apriltag-9] [INFO] [1777481820.899314459] [vision_apriltag_node]: Vision AprilTag: images are arriving on /wrist_mounted_camera/image, but no AprilTags have been detected yet.
[ros2_control_node-1] [WARN] [1777481821.076100720] [controller_manager]: Overrun might occur, Total time : 2429.522 us (Expected < 1000.000 us) --> Read time : 31.345 us, Update time : 204.425 us, Write time : 2193.752 us
[ros2_control_node-1] [WARN] [1777481821.076170880] [controller_manager]: Overrun detected! The controller manager missed its desired rate of 1000 Hz. The loop took 2.516611 ms (missed cycles : 3).
[adl_ui-15] 127.0.0.1 - - [29/Apr/2026 12:57:01] "GET /status_json HTTP/1.1" 200 -
[ros2_control_node-1] [WARN] [1777481822.076553102] [controller_manager]: Overrun might occur, Total time : 2880.693 us (Expected < 1000.000 us) --> Read time : 28.033 us, Update time : 184.268 us, Write time : 2668.392 us
[ros2_control_node-1] [WARN] [1777481822.076622183] [controller_manager]: Overrun detected! The controller manager missed its desired rate of 1000 Hz. The loop took 2.968399 ms (missed cycles : 3).
[adl_ui-15] 127.0.0.1 - - [29/Apr/2026 12:57:02] "GET /status_json HTTP/1.1" 200 -
[adl_ui-15] 127.0.0.1 - - [29/Apr/2026 12:57:02] "GET /status_json HTTP/1.1" 200 -
[ros2_control_node-1] [WARN] [1777481823.078322485] [controller_manager]: Overrun might occur, Total time : 2650.992 us (Expected < 1000.000 us) --> Read time : 26.255 us, Update time : 266.855 us, Write time : 2357.882 us
[ros2_control_node-1] [WARN] [1777481823.078387039] [controller_manager]: Overrun detected! The controller manager missed its desired rate of 1000 Hz. The loop took 2.733738 ms (missed cycles : 3).
[vision_apriltag-9] [INFO] [1777481823.516322058] [vision_apriltag_node]: Vision AprilTag: images are arriving on /wrist_mounted_camera/image, but no AprilTags have been detected yet.
[adl_ui-15] 127.0.0.1 - - [29/Apr/2026 12:57:03] "GET /status_json HTTP/1.1" 200 -
[wrist_camera_usb_publisher-8] [INFO] [1777481823.687927124] [wrist_camera_usb_publisher_node]: USB camera publisher heartbeat: publishing 1280x720 frames on /wrist_mounted_camera/image; camera_info fx=920.87, fy=921.57, cx=644.76, cy=343.15.
[ros2_control_node-1] [WARN] [1777481824.080145649] [controller_manager]: Overrun might occur, Total time : 2475.875 us (Expected < 1000.000 us) --> Read time : 20.798 us, Update time : 157.372 us, Write time : 2297.705 us
[ros2_control_node-1] [WARN] [1777481824.080206857] [controller_manager]: Overrun detected! The controller manager missed its desired rate of 1000 Hz. The loop took 2.553374 ms (missed cycles : 3).
[vision_apriltag-9] [INFO] [1777481824.317844239] [vision_apriltag_node]: Vision AprilTag detection debug: no tags found after raw/CLAHE/sharp/adaptive/upscaled/tiled passes.
[adl_ui-15] 127.0.0.1 - - [29/Apr/2026 12:57:04] "GET /status_json HTTP/1.1" 200 -
[vision_apriltag-9] [INFO] [1777481824.899841951] [vision_apriltag_node]: Vision AprilTag: images are arriving on /wrist_mounted_camera/image, but no AprilTags have been detected yet.
[ros2_control_node-1] [WARN] [1777481825.080664334] [controller_manager]: Overrun might occur, Total time : 2989.692 us (Expected < 1000.000 us) --> Read time : 33.761 us, Update time : 226.691 us, Write time : 2729.240 us
[ros2_control_node-1] [WARN] [1777481825.080727483] [controller_manager]: Overrun detected! The controller manager missed its desired rate of 1000 Hz. The loop took 3.073523 ms (missed cycles : 4).
[adl_ui-15] 127.0.0.1 - - [29/Apr/2026 12:57:05] "GET /status_json HTTP/1.1" 200 -
[adl_ui-15] 127.0.0.1 - - [29/Apr/2026 12:57:05] "GET /status_json HTTP/1.1" 200 -
[ros2_control_node-1] [WARN] [1777481826.082380027] [controller_manager]: Overrun might occur, Total time : 2684.856 us (Expected < 1000.000 us) --> Read time : 77.951 us, Update time : 419.823 us, Write time : 2187.082 us
[ros2_control_node-1] [WARN] [1777481826.082479057] [controller_manager]: Overrun detected! The controller manager missed its desired rate of 1000 Hz. The loop took 2.824819 ms (missed cycles : 3).
[adl_ui-15] [INFO] [1777481826.373230355] [adl_ui_node]: UI command published: clear_table
[adl_ui-15] 127.0.0.1 - - [29/Apr/2026 12:57:06] "POST /command HTTP/1.1" 200 -
[adl_ui-15] 127.0.0.1 - - [29/Apr/2026 12:57:06] "GET /status_json HTTP/1.1" 200 -
[ros2_control_node-1] [WARN] [1777481827.083524488] [controller_manager]: Overrun might occur, Total time : 2855.313 us (Expected < 1000.000 us) --> Read time : 36.416 us, Update time : 260.839 us, Write time : 2558.058 us
[ros2_control_node-1] [WARN] [1777481827.083574951] [controller_manager]: Overrun detected! The controller manager missed its desired rate of 1000 Hz. The loop took 2.921954 ms (missed cycles : 3).
[adl_ui-15] 127.0.0.1 - - [29/Apr/2026 12:57:07] "GET /status_json HTTP/1.1" 200 -
[vision_apriltag-9] [INFO] [1777481827.426758346] [vision_apriltag_node]: Vision AprilTag: images are arriving on /wrist_mounted_camera/image, but no AprilTags have been detected yet.
[adl_ui-15] 127.0.0.1 - - [29/Apr/2026 12:57:07] "GET /status_json HTTP/1.1" 200 -
[ros2_control_node-1] [WARN] [1777481828.083625933] [controller_manager]: Overrun might occur, Total time : 2962.081 us (Expected < 1000.000 us) --> Read time : 17.412 us, Update time : 136.826 us, Write time : 2807.843 us
[ros2_control_node-1] [WARN] [1777481828.083688497] [controller_manager]: Overrun detected! The controller manager missed its desired rate of 1000 Hz. The loop took 3.035679 ms (missed cycles : 4).
[adl_ui-15] [INFO] [1777481828.400081906] [adl_ui_node]: UI command published: clear_table
[adl_ui-15] 127.0.0.1 - - [29/Apr/2026 12:57:08] "POST /command HTTP/1.1" 200 -
[adl_ui-15] 127.0.0.1 - - [29/Apr/2026 12:57:08] "GET /status_json HTTP/1.1" 200 -
[wrist_camera_usb_publisher-8] [INFO] [1777481828.845552642] [wrist_camera_usb_publisher_node]: USB camera publisher heartbeat: publishing 1280x720 frames on /wrist_mounted_camera/image; camera_info fx=920.87, fy=921.57, cx=644.76, cy=343.15.
[ros2_control_node-1] [WARN] [1777481829.085149188] [controller_manager]: Overrun might occur, Total time : 2473.284 us (Expected < 1000.000 us) --> Read time : 25.601 us, Update time : 198.680 us, Write time : 2249.003 us
[ros2_control_node-1] [WARN] [1777481829.085256446] [controller_manager]: Overrun detected! The controller manager missed its desired rate of 1000 Hz. The loop took 2.601697 ms (missed cycles : 3).
[adl_ui-15] 127.0.0.1 - - [29/Apr/2026 12:57:09] "GET /status_json HTTP/1.1" 200 -
[vision_apriltag-9] [INFO] [1777481829.491017985] [vision_apriltag_node]: Vision AprilTag detection debug: no tags found after raw/CLAHE/sharp/adaptive/upscaled/tiled passes.
[vision_apriltag-9] [INFO] [1777481829.497428987] [vision_apriltag_node]: Vision AprilTag: images are arriving on /wrist_mounted_camera/image, but no AprilTags have been detected yet.
[ros2_control_node-1] [WARN] [1777481830.087271980] [controller_manager]: Overrun might occur, Total time : 3588.538 us (Expected < 1000.000 us) --> Read time : 73.245 us, Update time : 317.372 us, Write time : 3197.921 us
[ros2_control_node-1] [WARN] [1777481830.087316040] [controller_manager]: Overrun detected! The controller manager missed its desired rate of 1000 Hz. The loop took 3.662718 ms (missed cycles : 4).
[vision_apriltag-9] [INFO] [1777481830.899601555] [vision_apriltag_node]: Vision AprilTag: images are arriving on /wrist_mounted_camera/image, but no AprilTags have been detected yet.
[ros2_control_node-1] [WARN] [1777481831.087527435] [controller_manager]: Overrun might occur, Total time : 2852.755 us (Expected < 1000.000 us) --> Read time : 30.498 us, Update time : 207.499 us, Write time : 2614.758 us
[ros2_control_node-1] [WARN] [1777481831.087611482] [controller_manager]: Overrun detected! The controller manager missed its desired rate of 1000 Hz. The loop took 2.957714 ms (missed cycles : 3).
[rviz2-21] [INFO] [1777481831.709794996] [rviz2_moveit.moveit.ros.planning_scene_monitor]: Stopping planning scene monitor
[INFO] [rviz2-21]: process has finished cleanly [pid 99669]
[ros2_control_node-1] [WARN] [1777481832.088864853] [controller_manager]: Overrun might occur, Total time : 4136.524 us (Expected < 1000.000 us) --> Read time : 129.182 us, Update time : 599.320 us, Write time : 3408.022 us
[ros2_control_node-1] [WARN] [1777481832.088969250] [controller_manager]: Overrun detected! The controller manager missed its desired rate of 1000 Hz. The loop took 4.315353 ms (missed cycles : 5).
[ros2_control_node-1] [WARN] [1777481833.090135056] [controller_manager]: Overrun might occur, Total time : 3418.359 us (Expected < 1000.000 us) --> Read time : 135.160 us, Update time : 511.213 us, Write time : 2771.986 us
[ros2_control_node-1] [WARN] [1777481833.090229012] [controller_manager]: Overrun detected! The controller manager missed its desired rate of 1000 Hz. The loop took 3.574984 ms (missed cycles : 4).
[vision_apriltag-9] [INFO] [1777481833.391395204] [vision_apriltag_node]: Vision AprilTag: images are arriving on /wrist_mounted_camera/image, but no AprilTags have been detected yet.
[wrist_camera_usb_publisher-8] [INFO] [1777481834.008913165] [wrist_camera_usb_publisher_node]: USB camera publisher heartbeat: publishing 1280x720 frames on /wrist_mounted_camera/image; camera_info fx=920.87, fy=921.57, cx=644.76, cy=343.15.
[ros2_control_node-1] [WARN] [1777481834.092301372] [controller_manager]: Overrun might occur, Total time : 2602.639 us (Expected < 1000.000 us) --> Read time : 35.035 us, Update time : 211.025 us, Write time : 2356.579 us
[ros2_control_node-1] [WARN] [1777481834.092394193] [controller_manager]: Overrun detected! The controller manager missed its desired rate of 1000 Hz. The loop took 2.740248 ms (missed cycles : 3).
[vision_apriltag-9] [INFO] [1777481834.594639377] [vision_apriltag_node]: Vision AprilTag detection debug: no tags found after raw/CLAHE/sharp/adaptive/upscaled/tiled passes.
[vision_apriltag-9] [INFO] [1777481834.899725475] [vision_apriltag_node]: Vision AprilTag: images are arriving on /wrist_mounted_camera/image, but no AprilTags have been detected yet.
[ros2_control_node-1] [WARN] [1777481835.095494269] [controller_manager]: Overrun might occur, Total time : 2813.819 us (Expected < 1000.000 us) --> Read time : 40.465 us, Update time : 254.389 us, Write time : 2518.965 us
[ros2_control_node-1] [WARN] [1777481835.095568816] [controller_manager]: Overrun detected! The controller manager missed its desired rate of 1000 Hz. The loop took 2.914737 ms (missed cycles : 3).
[ros2_control_node-1] [WARN] [1777481836.097402895] [controller_manager]: Overrun might occur, Total time : 2722.759 us (Expected < 1000.000 us) --> Read time : 50.137 us, Update time : 240.928 us, Write time : 2431.694 us
[ros2_control_node-1] [WARN] [1777481836.097468374] [controller_manager]: Overrun detected! The controller manager missed its desired rate of 1000 Hz. The loop took 2.815284 ms (missed cycles : 3).
[vision_apriltag-9] [INFO] [1777481836.988634927] [vision_apriltag_node]: Vision AprilTag: images are arriving on /wrist_mounted_camera/image, but no AprilTags have been detected yet.
[ros2_control_node-1] [WARN] [1777481837.099381428] [controller_manager]: Overrun might occur, Total time : 3700.525 us (Expected < 1000.000 us) --> Read time : 31.094 us, Update time : 229.461 us, Write time : 3439.970 us
[ros2_control_node-1] [WARN] [1777481837.099458882] [controller_manager]: Overrun detected! The controller manager missed its desired rate of 1000 Hz. The loop took 3.805095 ms (missed cycles : 4).
[ros2_control_node-1] [WARN] [1777481838.100027077] [controller_manager]: Overrun might occur, Total time : 3344.070 us (Expected < 1000.000 us) --> Read time : 53.226 us, Update time : 255.073 us, Write time : 3035.771 us
[ros2_control_node-1] [WARN] [1777481838.100099006] [controller_manager]: Overrun detected! The controller manager missed its desired rate of 1000 Hz. The loop took 3.445059 ms (missed cycles : 4).
[ros2_control_node-1] [WARN] [1777481839.102408194] [controller_manager]: Overrun might occur, Total time : 3733.310 us (Expected < 1000.000 us) --> Read time : 35.255 us, Update time : 231.425 us, Write time : 3466.630 us
[ros2_control_node-1] [WARN] [1777481839.102479774] [controller_manager]: Overrun detected! The controller manager missed its desired rate of 1000 Hz. The loop took 3.826005 ms (missed cycles : 4).
[wrist_camera_usb_publisher-8] [INFO] [1777481839.170538233] [wrist_camera_usb_publisher_node]: USB camera publisher heartbeat: publishing 1280x720 frames on /wrist_mounted_camera/image; camera_info fx=920.87, fy=921.57, cx=644.76, cy=343.15.
[vision_apriltag-9] [INFO] [1777481839.852470935] [vision_apriltag_node]: Vision AprilTag detection debug: no tags found after raw/CLAHE/sharp/adaptive/upscaled/tiled passes.
[vision_apriltag-9] [INFO] [1777481839.947322091] [vision_apriltag_node]: Vision AprilTag: images are arriving on /wrist_mounted_camera/image, but no AprilTags have been detected yet.
[ros2_control_node-1] [WARN] [1777481840.102525803] [controller_manager]: Overrun might occur, Total time : 2849.770 us (Expected < 1000.000 us) --> Read time : 29.052 us, Update time : 203.800 us, Write time : 2616.918 us
[ros2_control_node-1] [WARN] [1777481840.102605167] [controller_manager]: Overrun detected! The controller manager missed its desired rate of 1000 Hz. The loop took 2.951264 ms (missed cycles : 3).
[vision_apriltag-9] [INFO] [1777481841.063424094] [vision_apriltag_node]: Vision AprilTag: images are arriving on /wrist_mounted_camera/image, but no AprilTags have been detected yet.
[ros2_control_node-1] [WARN] [1777481841.104726415] [controller_manager]: Overrun might occur, Total time : 4044.876 us (Expected < 1000.000 us) --> Read time : 40.215 us, Update time : 287.080 us, Write time : 3717.581 us
[ros2_control_node-1] [WARN] [1777481841.104819678] [controller_manager]: Overrun detected! The controller manager missed its desired rate of 1000 Hz. The loop took 4.164963 ms (missed cycles : 5).
[ros2_control_node-1] [WARN] [1777481842.108202313] [controller_manager]: Overrun might occur, Total time : 5516.776 us (Expected < 1000.000 us) --> Read time : 58.778 us, Update time : 286.799 us, Write time : 5171.199 us
[ros2_control_node-1] [WARN] [1777481842.108284140] [controller_manager]: Overrun detected! The controller manager missed its desired rate of 1000 Hz. The loop took 5.630337 ms (missed cycles : 6).
[vision_apriltag-9] [INFO] [1777481842.900208164] [vision_apriltag_node]: Vision AprilTag: images are arriving on /wrist_mounted_camera/image, but no AprilTags have been detected yet.
[ros2_control_node-1] [WARN] [1777481843.109612198] [controller_manager]: Overrun might occur, Total time : 2939.068 us (Expected < 1000.000 us) --> Read time : 35.736 us, Update time : 259.551 us, Write time : 2643.781 us
[ros2_control_node-1] [WARN] [1777481843.109693732] [controller_manager]: Overrun detected! The controller manager missed its desired rate of 1000 Hz. The loop took 3.040260 ms (missed cycles : 4).
[ros2_control_node-1] [WARN] [1777481844.111015978] [controller_manager]: Overrun might occur, Total time : 2350.945 us (Expected < 1000.000 us) --> Read time : 20.556 us, Update time : 181.837 us, Write time : 2148.552 us
[ros2_control_node-1] [WARN] [1777481844.111062899] [controller_manager]: Overrun detected! The controller manager missed its desired rate of 1000 Hz. The loop took 2.409878 ms (missed cycles : 3).
[wrist_camera_usb_publisher-8] [INFO] [1777481844.331016234] [wrist_camera_usb_publisher_node]: USB camera publisher heartbeat: publishing 1280x720 frames on /wrist_mounted_camera/image; camera_info fx=920.87, fy=921.57, cx=644.76, cy=343.15.
[vision_apriltag-9] [INFO] [1777481844.917741879] [vision_apriltag_node]: Vision AprilTag: images are arriving on /wrist_mounted_camera/image, but no AprilTags have been detected yet.
[ros2_control_node-1] [WARN] [1777481845.114296812] [controller_manager]: Overrun might occur, Total time : 2597.814 us (Expected < 1000.000 us) --> Read time : 32.750 us, Update time : 201.056 us, Write time : 2364.008 us
[ros2_control_node-1] [WARN] [1777481845.114359899] [controller_manager]: Overrun detected! The controller manager missed its desired rate of 1000 Hz. The loop took 2.706217 ms (missed cycles : 3).
[vision_apriltag-9] [INFO] [1777481845.156668860] [vision_apriltag_node]: Vision AprilTag detection debug: no tags found after raw/CLAHE/sharp/adaptive/upscaled/tiled passes.
[ros2_control_node-1] [WARN] [1777481846.117009081] [controller_manager]: Overrun might occur, Total time : 3341.568 us (Expected < 1000.000 us) --> Read time : 17.194 us, Update time : 122.151 us, Write time : 3202.223 us
[ros2_control_node-1] [WARN] [1777481846.117062168] [controller_manager]: Overrun detected! The controller manager missed its desired rate of 1000 Hz. The loop took 3.405440 ms (missed cycles : 4).
[vision_apriltag-9] [INFO] [1777481846.899294302] [vision_apriltag_node]: Vision AprilTag: images are arriving on /wrist_mounted_camera/image, but no AprilTags have been detected yet.
[ros2_control_node-1] [WARN] [1777481847.117110538] [controller_manager]: Overrun might occur, Total time : 2440.713 us (Expected < 1000.000 us) --> Read time : 32.579 us, Update time : 205.565 us, Write time : 2202.569 us
[ros2_control_node-1] [WARN] [1777481847.117177411] [controller_manager]: Overrun detected! The controller manager missed its desired rate of 1000 Hz. The loop took 2.524017 ms (missed cycles : 3).
[ros2_control_node-1] [WARN] [1777481848.120615018] [controller_manager]: Overrun might occur, Total time : 2942.960 us (Expected < 1000.000 us) --> Read time : 27.981 us, Update time : 231.226 us, Write time : 2683.753 us
[ros2_control_node-1] [WARN] [1777481848.120699077] [controller_manager]: Overrun detected! The controller manager missed its desired rate of 1000 Hz. The loop took 3.044780 ms (missed cycles : 4).
[vision_apriltag-9] [INFO] [1777481848.899688843] [vision_apriltag_node]: Vision AprilTag: images are arriving on /wrist_mounted_camera/image, but no AprilTags have been detected yet.
[ros2_control_node-1] [WARN] [1777481849.120969764] [controller_manager]: Overrun might occur, Total time : 2305.257 us (Expected < 1000.000 us) --> Read time : 12.219 us, Update time : 107.520 us, Write time : 2185.518 us
[ros2_control_node-1] [WARN] [1777481849.121024107] [controller_manager]: Overrun detected! The controller manager missed its desired rate of 1000 Hz. The loop took 2.370919 ms (missed cycles : 3).
[wrist_camera_usb_publisher-8] [INFO] [1777481849.491423063] [wrist_camera_usb_publisher_node]: USB camera publisher heartbeat: publishing 1280x720 frames on /wrist_mounted_camera/image; camera_info fx=920.87, fy=921.57, cx=644.76, cy=343.15.
[ros2_control_node-1] [WARN] [1777481850.123677964] [controller_manager]: Overrun might occur, Total time : 2992.482 us (Expected < 1000.000 us) --> Read time : 69.958 us, Update time : 353.781 us, Write time : 2568.743 us
[ros2_control_node-1] [WARN] [1777481850.123767012] [controller_manager]: Overrun detected! The controller manager missed its desired rate of 1000 Hz. The loop took 3.113168 ms (missed cycles : 4).
[ros2_control_node-1] [WARN] [1777481851.124172583] [controller_manager]: Overrun might occur, Total time : 3443.329 us (Expected < 1000.000 us) --> Read time : 126.215 us, Update time : 579.957 us, Write time : 2737.157 us
[ros2_control_node-1] [WARN] [1777481851.124246023] [controller_manager]: Overrun detected! The controller manager missed its desired rate of 1000 Hz. The loop took 3.592047 ms (missed cycles : 4).
[vision_apriltag-9] [INFO] [1777481851.140820812] [vision_apriltag_node]: Vision AprilTag detection debug: no tags found after raw/CLAHE/sharp/adaptive/upscaled/tiled passes.
[vision_apriltag-9] [INFO] [1777481851.142895684] [vision_apriltag_node]: Vision AprilTag: images are arriving on /wrist_mounted_camera/image, but no AprilTags have been detected yet.
[ros2_control_node-1] [WARN] [1777481852.126140253] [controller_manager]: Overrun might occur, Total time : 2468.030 us (Expected < 1000.000 us) --> Read time : 29.561 us, Update time : 210.837 us, Write time : 2227.632 us
[ros2_control_node-1] [WARN] [1777481852.126243156] [controller_manager]: Overrun detected! The controller manager missed its desired rate of 1000 Hz. The loop took 2.589073 ms (missed cycles : 3).
[vision_apriltag-9] [INFO] [1777481853.124950692] [vision_apriltag_node]: Vision AprilTag: images are arriving on /wrist_mounted_camera/image, but no AprilTags have been detected yet.
[ros2_control_node-1] [WARN] [1777481853.127675744] [controller_manager]: Overrun might occur, Total time : 3001.335 us (Expected < 1000.000 us) --> Read time : 40.319 us, Update time : 249.846 us, Write time : 2711.170 us
[ros2_control_node-1] [WARN] [1777481853.127762187] [controller_manager]: Overrun detected! The controller manager missed its desired rate of 1000 Hz. The loop took 3.108534 ms (missed cycles : 4).
[ros2_control_node-1] [WARN] [1777481854.130678731] [controller_manager]: Overrun might occur, Total time : 3009.897 us (Expected < 1000.000 us) --> Read time : 73.780 us, Update time : 212.601 us, Write time : 2723.516 us
[ros2_control_node-1] [WARN] [1777481854.130721059] [controller_manager]: Overrun detected! The controller manager missed its desired rate of 1000 Hz. The loop took 3.068087 ms (missed cycles : 4).
[wrist_camera_usb_publisher-8] [INFO] [1777481854.651279561] [wrist_camera_usb_publisher_node]: USB camera publisher heartbeat: publishing 1280x720 frames on /wrist_mounted_camera/image; camera_info fx=920.87, fy=921.57, cx=644.76, cy=343.15.
[vision_apriltag-9] [INFO] [1777481854.899607635] [vision_apriltag_node]: Vision AprilTag: images are arriving on /wrist_mounted_camera/image, but no AprilTags have been detected yet.
[ros2_control_node-1] [WARN] [1777481855.131781342] [controller_manager]: Overrun might occur, Total time : 3115.217 us (Expected < 1000.000 us) --> Read time : 27.123 us, Update time : 224.306 us, Write time : 2863.788 us
[ros2_control_node-1] [WARN] [1777481855.131822378] [controller_manager]: Overrun detected! The controller manager missed its desired rate of 1000 Hz. The loop took 3.169463 ms (missed cycles : 4).
[ros2_control_node-1] [WARN] [1777481856.133541543] [controller_manager]: Overrun might occur, Total time : 3855.264 us (Expected < 1000.000 us) --> Read time : 42.435 us, Update time : 240.915 us, Write time : 3571.914 us
[ros2_control_node-1] [WARN] [1777481856.133658797] [controller_manager]: Overrun detected! The controller manager missed its desired rate of 1000 Hz. The loop took 4.004419 ms (missed cycles : 5).
[vision_apriltag-9] [INFO] [1777481856.278415234] [vision_apriltag_node]: Vision AprilTag detection debug: no tags found after raw/CLAHE/sharp/adaptive/upscaled/tiled passes.
[vision_apriltag-9] [INFO] [1777481857.129908643] [vision_apriltag_node]: Vision AprilTag: images are arriving on /wrist_mounted_camera/image, but no AprilTags have been detected yet.
[ros2_control_node-1] [WARN] [1777481857.133839170] [controller_manager]: Overrun might occur, Total time : 3154.425 us (Expected < 1000.000 us) --> Read time : 54.815 us, Update time : 377.718 us, Write time : 2721.892 us
[ros2_control_node-1] [WARN] [1777481857.133944994] [controller_manager]: Overrun detected! The controller manager missed its desired rate of 1000 Hz. The loop took 3.290063 ms (missed cycles : 4).
[ros2_control_node-1] [WARN] [1777481858.134140785] [controller_manager]: Overrun might occur, Total time : 2469.706 us (Expected < 1000.000 us) --> Read time : 26.834 us, Update time : 203.752 us, Write time : 2239.120 us
[ros2_control_node-1] [WARN] [1777481858.134217519] [controller_manager]: Overrun detected! The controller manager missed its desired rate of 1000 Hz. The loop took 2.563787 ms (missed cycles : 3).
