
===== 2026-04-15T14:49:05-04:00 | T1_full =====
cwd=/home/carrt-cse-project/workspace/ros2_kortex_ws
cmd=ros2 launch adl_tasks adl_start.launch.py arm_use_fake_hardware:=false use_stub:=false 

[INFO] [launch]: All log files can be found below /home/carrt-cse-project/.ros/log/2026-04-15-14-49-05-551840-carrt-cse-project-OptiPlex-5050-27867
[INFO] [launch]: Default logging verbosity is set to INFO
[INFO] [launch.user]: [arm_start.launch] MoveIt current state source: /joint_states_sanitized. Use use_joint_state_sanitizer:=false for raw-state viewer debugging.
[INFO] [launch.user]: [arm_start.launch] Using ADL controller config (share/adl_tasks/config/ros2_controllers_vbox.yaml, update_rate:=1000 Hz).
[INFO] [ros2_control_node-1]: process started with pid [27872]
[INFO] [robot_state_publisher-2]: process started with pid [27873]
[INFO] [joint_state_sanitizer-3]: process started with pid [27874]
[INFO] [spawner-4]: process started with pid [27875]
[INFO] [static_transform_publisher-5]: process started with pid [27876]
[INFO] [static_transform_publisher-6]: process started with pid [27877]
[INFO] [scene_static-7]: process started with pid [27878]
[INFO] [wrist_camera_usb_publisher-8]: process started with pid [27879]
[INFO] [vision_apriltag-9]: process started with pid [27880]
[INFO] [scene_from_vision-10]: process started with pid [27881]
[INFO] [adl_controller-11]: process started with pid [27882]
[INFO] [pick_dropped_bottle-12]: process started with pid [27883]
[INFO] [clear_table-13]: process started with pid [27884]
[INFO] [give_medication-14]: process started with pid [27885]
[INFO] [adl_ui-15]: process started with pid [27886]
[static_transform_publisher-5] [INFO] [1776278946.010780656] [static_transform_publisher]: Spinning until stopped - publishing transform
[static_transform_publisher-5] translation: ('0.000000', '0.000000', '0.000000')
[static_transform_publisher-5] rotation: ('0.000000', '0.000000', '0.000000', '1.000000')
[static_transform_publisher-5] from 'world' to 'base_link'
[ros2_control_node-1] [INFO] [1776278946.068457422] [controller_manager]: Using Steady (Monotonic) clock for triggering controller manager cycles.
[ros2_control_node-1] [INFO] [1776278946.090587414] [controller_manager]: Subscribing to '/robot_description' topic for robot description.
[static_transform_publisher-6] [INFO] [1776278946.091823323] [camera_color_optical_bridge_tf_pub]: Spinning until stopped - publishing transform
[static_transform_publisher-6] translation: ('0.000000', '0.000000', '0.000000')
[static_transform_publisher-6] rotation: ('0.000000', '0.000000', '0.000000', '1.000000')
[static_transform_publisher-6] from 'camera_color_frame' to 'wrist_mounted_camera_color_optical_frame'
[ros2_control_node-1] [INFO] [1776278946.106521382] [controller_manager]: update rate is 1000 Hz
[ros2_control_node-1] [INFO] [1776278946.106559631] [controller_manager]: Overruns handling is : enabled
[ros2_control_node-1] [INFO] [1776278946.106570655] [controller_manager]: Spawning controller_manager RT thread with scheduler priority: 50
[ros2_control_node-1] [INFO] [1776278946.106855166] [controller_manager]: Successful set up FIFO RT scheduling policy with priority 50.
[robot_state_publisher-2] [INFO] [1776278946.177854321] [robot_state_publisher]: Robot initialized
[ros2_control_node-1] [INFO] [1776278946.178833699] [controller_manager]: Received robot description from topic.
[ros2_control_node-1] [INFO] [1776278946.178903064] [controller_manager]: Enforcing command limits is disabled. Command limits from URDF will be ignored.
[ros2_control_node-1] [INFO] [1776278946.199394816] [controller_manager]: Loading hardware 'KortexMultiInterfaceHardware' 
[ros2_control_node-1] [INFO] [1776278946.237088045] [KortexMultiInterfaceHardware]: Setting severity threshold to DEBUG
[ros2_control_node-1] [INFO] [1776278946.237157512] [controller_manager]: Loaded hardware 'KortexMultiInterfaceHardware' from plugin 'kortex_driver/KortexMultiInterfaceHardware'
[ros2_control_node-1] [INFO] [1776278946.237747190] [controller_manager]: Initialize hardware 'KortexMultiInterfaceHardware' 
[ros2_control_node-1] [INFO] [1776278946.275461445] [KortexMultiInterfaceHardware]: Configuring Hardware Interface
[ros2_control_node-1] [INFO] [1776278946.275844197] [KortexMultiInterfaceHardware]: Robot ip is '192.168.0.10'
[ros2_control_node-1] [INFO] [1776278946.275856696] [KortexMultiInterfaceHardware]: Username is 'admin'
[ros2_control_node-1] [INFO] [1776278946.275871988] [KortexMultiInterfaceHardware]: Port used '10000'
[ros2_control_node-1] [INFO] [1776278946.275878666] [KortexMultiInterfaceHardware]: Realtime port used '10001'
[ros2_control_node-1] [INFO] [1776278946.275884485] [KortexMultiInterfaceHardware]: Session inactivity timeout is '60000'
[ros2_control_node-1] [INFO] [1776278946.275890462] [KortexMultiInterfaceHardware]: Connection inactivity timeout is '2000'
[ros2_control_node-1] [INFO] [1776278946.275897448] [KortexMultiInterfaceHardware]: Gripper joint name is 'robotiq_85_left_knuckle_joint'
[ros2_control_node-1] [INFO] [1776278946.275935365] [KortexMultiInterfaceHardware]: Connecting to robot at 192.168.0.10
[ros2_control_node-1] [INFO] [1776278946.284999421] [KortexMultiInterfaceHardware]: Creating session for communication
[ros2_control_node-1] [INFO] [1776278946.443160198] [KortexMultiInterfaceHardware]: Session created
[joint_state_sanitizer-3] [INFO] [1776278947.096760412] [joint_state_sanitizer_node]: joint_state_sanitizer started. raw=/joint_states -> sanitized=/joint_states_sanitized
[ros2_control_node-1] [INFO] [1776278947.245808117] [KortexMultiInterfaceHardware]: Actuator count reported by robot is '7'
[ros2_control_node-1] [INFO] [1776278947.246021202] [KortexMultiInterfaceHardware]: Using internal bus communication for gripper!
[ros2_control_node-1] [INFO] [1776278947.246029008] [KortexMultiInterfaceHardware]: Hardware Interface successfully configured
[ros2_control_node-1] [INFO] [1776278947.246113541] [controller_manager]: Successful initialization of hardware 'KortexMultiInterfaceHardware'
[ros2_control_node-1] [DEBUG] [1776278947.246185391] [KortexMultiInterfaceHardware]: export_state_interfaces for joint: joint_1
[ros2_control_node-1] [DEBUG] [1776278947.246212316] [KortexMultiInterfaceHardware]: export_state_interfaces for joint: joint_2
[ros2_control_node-1] [DEBUG] [1776278947.246218641] [KortexMultiInterfaceHardware]: export_state_interfaces for joint: joint_3
[ros2_control_node-1] [DEBUG] [1776278947.246223685] [KortexMultiInterfaceHardware]: export_state_interfaces for joint: joint_4
[ros2_control_node-1] [DEBUG] [1776278947.246227828] [KortexMultiInterfaceHardware]: export_state_interfaces for joint: joint_5
[ros2_control_node-1] [DEBUG] [1776278947.246232446] [KortexMultiInterfaceHardware]: export_state_interfaces for joint: joint_6
[ros2_control_node-1] [DEBUG] [1776278947.246236610] [KortexMultiInterfaceHardware]: export_state_interfaces for joint: joint_7
[ros2_control_node-1] [DEBUG] [1776278947.246240569] [KortexMultiInterfaceHardware]: export_state_interfaces for joint: robotiq_85_left_knuckle_joint
[ros2_control_node-1] [INFO] [1776278947.248275769] [resource_manager]: 'configure' hardware 'KortexMultiInterfaceHardware' 
[ros2_control_node-1] [INFO] [1776278947.248324963] [resource_manager]: Successful 'configure' of hardware 'KortexMultiInterfaceHardware'
[ros2_control_node-1] [INFO] [1776278947.248398947] [resource_manager]: 'activate' hardware 'KortexMultiInterfaceHardware' 
[ros2_control_node-1] [INFO] [1776278947.248425620] [KortexMultiInterfaceHardware]: Activating KortexMultiInterfaceHardware...
[ros2_control_node-1] [INFO] [1776278947.254637536] [KortexMultiInterfaceHardware]: Gripper initial position is '0.438597'.
[ros2_control_node-1] [INFO] [1776278947.260479284] [KortexMultiInterfaceHardware]: KortexMultiInterfaceHardware successfully activated!
[ros2_control_node-1] [INFO] [1776278947.260527068] [resource_manager]: Successful 'activate' of hardware 'KortexMultiInterfaceHardware'
[ros2_control_node-1] [INFO] [1776278947.260808214] [controller_manager]: Registering statistics for : KortexMultiInterfaceHardware
[ros2_control_node-1] [INFO] [1776278947.260986339] [controller_manager]: Resource Manager has been successfully initialized. Starting Controller Manager services...
[ros2_control_node-1] [WARN] [1776278947.279948432] [controller_manager]: Overrun might occur, Total time : 18950.464 us (Expected < 1000.000 us) --> Read time : 9063.704 us, Update time : 52.201 us, Write time : 9834.559 us
[ros2_control_node-1] [WARN] [1776278947.280047171] [controller_manager]: Overrun detected! The controller manager missed its desired rate of 1000 Hz. The loop took 19.087970 ms (missed cycles : 20).
[scene_static-7] [INFO] [1776278947.385344899] [scene_static_node]: Static Scene Node started.
[scene_static-7] [INFO] [1776278947.386172104] [scene_static_node]: WHEELCHAIR_BASE_HEIGHT = 0.36195m  |  Table surface at z = 0.088m | Table front-edge-from-base = 0.406m | Table center at x = 0.681m | table_edge_lip_margin=0.0127m | table_edge_lip_thickness=0.0127m | table_edge_lip_height=0.450m | include_wheelchair_wall=True | include_left_desk_wall=True | include_right_desk_wall=True
[scene_static-7] [INFO] [1776278947.386930225] [scene_static_node]: Wheelchair wall geometry: center=(-0.465, 0.000, 0.482) size=(0.450, 0.700, 1.688)
[wrist_camera_usb_publisher-8] [INFO] [1776278947.463927261] [wrist_camera_usb_publisher_node]: USB camera publisher: trying camera source index 2.
[adl_ui-15] [INFO] [1776278947.472241736] [adl_ui_node]: ADL UI Node started.
[adl_ui-15] [INFO] [1776278947.476077811] [adl_ui_node]: Automatic retract on UI load is disabled; startup sends no motion.
[adl_ui-15] [INFO] [1776278947.477362992] [adl_ui_node]: Web UI available at http://localhost:5000
[adl_ui-15]  * Serving Flask app 'adl_tasks.adl_ui'
[adl_ui-15]  * Debug mode: off
[wrist_camera_usb_publisher-8] [INFO] [1776278947.478237667] [wrist_camera_usb_publisher_node]: USB camera publisher: opened camera source index 2.
[wrist_camera_usb_publisher-8] [INFO] [1776278947.479348259] [wrist_camera_usb_publisher_node]: Wrist Camera USB Publisher started.
[wrist_camera_usb_publisher-8] [INFO] [1776278947.480427598] [wrist_camera_usb_publisher_node]: Publishing USB camera frames on /wrist_mounted_camera/image with frame_id=wrist_mounted_camera_color_optical_frame.
[wrist_camera_usb_publisher-8] [INFO] [1776278947.487426896] [wrist_camera_usb_publisher_node]: Publishing camera info on /wrist_mounted_camera/camera_info from reference intrinsics [554.25, 554.25, 320.0, 240.0] @ 640x480.
[wrist_camera_usb_publisher-8] [INFO] [1776278947.491011928] [wrist_camera_usb_publisher_node]: Using explicit camera_matrix for CameraInfo. matrix_size=1280x720, K=[920.874267578125, 0.0, 644.7646484375, 0.0, 921.5654907226562, 343.1528625488281, 0.0, 0.0, 1.0], d=[0.0, 0.0, 0.0, 0.0, 0.0]
[wrist_camera_usb_publisher-8] [INFO] [1776278947.496252774] [wrist_camera_usb_publisher_node]: Requested source=2 size=1280x720 fps=10.0
[adl_ui-15] WARNING: This is a development server. Do not use it in a production deployment. Use a production WSGI server instead.
[adl_ui-15]  * Running on all addresses (0.0.0.0)
[adl_ui-15]  * Running on http://127.0.0.1:5000
[adl_ui-15]  * Running on http://192.168.0.231:5000
[adl_ui-15] Press CTRL+C to quit
[spawner-4] [INFO] [1776278947.630633388] [spawner_joint_state_broadcaster]: waiting for service /controller_manager/list_controllers to become available...
[vision_apriltag-9] [INFO] [1776278947.868396776] [vision_apriltag_node]: Vision AprilTag Node Started
[adl_controller-11] Traceback (most recent call last):
[adl_controller-11]   File "/home/carrt-cse-project/workspace/ros2_kortex_ws/install/adl_tasks/lib/adl_tasks/adl_controller", line 33, in <module>
[adl_controller-11]     sys.exit(load_entry_point('adl-tasks', 'console_scripts', 'adl_controller')())
[adl_controller-11]              ^^^^^^^^^^^^^^^^^^^^^^^^^^^^^^^^^^^^^^^^^^^^^^^^^^^^^^^^^^^^^^^^^^
[adl_controller-11]   File "/home/carrt-cse-project/workspace/ros2_kortex_ws/install/adl_tasks/lib/adl_tasks/adl_controller", line 25, in importlib_load_entry_point
[adl_controller-11]     return next(matches).load()
[adl_controller-11]            ^^^^^^^^^^^^^^^^^^^^
[adl_controller-11]   File "/usr/lib/python3.12/importlib/metadata/__init__.py", line 205, in load
[adl_controller-11]     module = import_module(match.group('module'))
[adl_controller-11]              ^^^^^^^^^^^^^^^^^^^^^^^^^^^^^^^^^^^^
[adl_controller-11]   File "/usr/lib/python3.12/importlib/__init__.py", line 90, in import_module
[adl_controller-11]     return _bootstrap._gcd_import(name[level:], package, level)
[adl_controller-11]            ^^^^^^^^^^^^^^^^^^^^^^^^^^^^^^^^^^^^^^^^^^^^^^^^^^^^
[adl_controller-11]   File "<frozen importlib._bootstrap>", line 1387, in _gcd_import
[adl_controller-11]   File "<frozen importlib._bootstrap>", line 1360, in _find_and_load
[adl_controller-11]   File "<frozen importlib._bootstrap>", line 1331, in _find_and_load_unlocked
[adl_controller-11]   File "<frozen importlib._bootstrap>", line 935, in _load_unlocked
[adl_controller-11]   File "<frozen importlib._bootstrap_external>", line 995, in exec_module
[adl_controller-11]   File "<frozen importlib._bootstrap>", line 488, in _call_with_frames_removed
[adl_controller-11]   File "/home/carrt-cse-project/workspace/ros2_kortex_ws/build/adl_tasks/adl_tasks/adl_controller.py", line 16, in <module>
[adl_controller-11]     from adl_tasks.grasp_and_place import FLOW_CONFIG
[adl_controller-11]   File "/home/carrt-cse-project/workspace/ros2_kortex_ws/build/adl_tasks/adl_tasks/grasp_and_place.py", line 406, in <module>
[adl_controller-11]     "qr_read_table_top_keepout_height_m": MEDICATION_HEIGHT + 0.020, # m, keepout extends slightly above medication height.
[adl_controller-11]                                           ^^^^^^^^^^^^^^^^^
[adl_controller-11] NameError: name 'MEDICATION_HEIGHT' is not defined
[vision_apriltag-9] [INFO] [1776278947.871937006] [vision_apriltag_node]: Subscribing to camera topic: /wrist_mounted_camera/image
[vision_apriltag-9] [INFO] [1776278947.877523117] [vision_apriltag_node]: Subscribing to camera info topic: /wrist_mounted_camera/camera_info
[vision_apriltag-9] [INFO] [1776278947.880537754] [vision_apriltag_node]: Camera frame: wrist_mounted_camera_color_optical_frame | use_image_header_frame=True
[vision_apriltag-9] [INFO] [1776278947.883860901] [vision_apriltag_node]: Tag size: 0.025m | pose_cache_retention_s=20.0 | get_pose_wait_timeout_s=5.0 | max_returned_pose_age_s=20.0 | camera_params=[554.25, 554.25, 320.0, 240.0] | families=tag36h11 | quad_decimate=1.0 | requested_backend=opencv | backend=cv2.aruco | opencv_pose_solver=ippe_square | use_image_timestamp_for_tf=False
[vision_apriltag-9] [INFO] [1776278947.887960137] [vision_apriltag_node]: Top-tag known-plane projection: enabled=True, planes={3: 0.10995, 4: 0.15155}
[vision_apriltag-9] [INFO] [1776278947.891205260] [vision_apriltag_node]: pupil_apriltags tuning: nthreads=1, quad_sigma=0.0, refine_edges=1, decode_sharpening=0.25, debug=0, preprocess_variants=['raw', 'clahe', 'adaptive', 'clahe_sharp', 'clahe_up2', 'sharp_up2'], tile_search_if_empty=True, tile_search_grid=3x2, tile_search_scale=2.0, tile_search_overlap=0.25
[vision_apriltag-9] [WARN] [1776278947.894147944] [vision_apriltag_node]: pupil_apriltags is not importable by this node, so detection is using OpenCV fallback only. python=/usr/bin/python3, import_error=No module named 'pupil_apriltags'. If .venv contains pupil_apriltags, rebuild adl_tasks with that venv active or run the module with the venv Python.
[vision_apriltag-9] [INFO] [1776278947.902996340] [vision_apriltag_node]: Publishing AprilTag debug images on /vision_apriltag/debug_image at up to 1.0 Hz.
[ERROR] [adl_controller-11]: process has died [pid 27882, exit code 1, cmd '/home/carrt-cse-project/workspace/ros2_kortex_ws/install/adl_tasks/lib/adl_tasks/adl_controller --ros-args -r __node:=adl_controller_node'].
[give_medication-14] Traceback (most recent call last):
[give_medication-14]   File "/home/carrt-cse-project/workspace/ros2_kortex_ws/install/adl_tasks/lib/adl_tasks/give_medication", line 33, in <module>
[give_medication-14]     sys.exit(load_entry_point('adl-tasks', 'console_scripts', 'give_medication')())
[give_medication-14]              ^^^^^^^^^^^^^^^^^^^^^^^^^^^^^^^^^^^^^^^^^^^^^^^^^^^^^^^^^^^^^^^^^^^
[give_medication-14]   File "/home/carrt-cse-project/workspace/ros2_kortex_ws/install/adl_tasks/lib/adl_tasks/give_medication", line 25, in importlib_load_entry_point
[give_medication-14]     return next(matches).load()
[give_medication-14]            ^^^^^^^^^^^^^^^^^^^^
[give_medication-14]   File "/usr/lib/python3.12/importlib/metadata/__init__.py", line 205, in load
[give_medication-14]     module = import_module(match.group('module'))
[give_medication-14]              ^^^^^^^^^^^^^^^^^^^^^^^^^^^^^^^^^^^^
[give_medication-14]   File "/usr/lib/python3.12/importlib/__init__.py", line 90, in import_module
[give_medication-14]     return _bootstrap._gcd_import(name[level:], package, level)
[give_medication-14]            ^^^^^^^^^^^^^^^^^^^^^^^^^^^^^^^^^^^^^^^^^^^^^^^^^^^^
[give_medication-14]   File "<frozen importlib._bootstrap>", line 1387, in _gcd_import
[give_medication-14]   File "<frozen importlib._bootstrap>", line 1360, in _find_and_load
[give_medication-14]   File "<frozen importlib._bootstrap>", line 1331, in _find_and_load_unlocked
[give_medication-14]   File "<frozen importlib._bootstrap>", line 935, in _load_unlocked
[give_medication-14]   File "<frozen importlib._bootstrap_external>", line 995, in exec_module
[give_medication-14]   File "<frozen importlib._bootstrap>", line 488, in _call_with_frames_removed
[give_medication-14]   File "/home/carrt-cse-project/workspace/ros2_kortex_ws/build/adl_tasks/adl_tasks/give_medication.py", line 21, in <module>
[give_medication-14]     from adl_tasks.scene_utils import (
[give_medication-14]   File "/home/carrt-cse-project/workspace/ros2_kortex_ws/build/adl_tasks/adl_tasks/scene_utils.py", line 18, in <module>
[give_medication-14]     from adl_tasks.grasp_and_place import (
[give_medication-14]   File "/home/carrt-cse-project/workspace/ros2_kortex_ws/build/adl_tasks/adl_tasks/grasp_and_place.py", line 406, in <module>
[give_medication-14]     "qr_read_table_top_keepout_height_m": MEDICATION_HEIGHT + 0.020, # m, keepout extends slightly above medication height.
[give_medication-14]                                           ^^^^^^^^^^^^^^^^^
[give_medication-14] NameError: name 'MEDICATION_HEIGHT' is not defined
[ERROR] [give_medication-14]: process has died [pid 27885, exit code 1, cmd '/home/carrt-cse-project/workspace/ros2_kortex_ws/install/adl_tasks/lib/adl_tasks/give_medication --ros-args -r __node:=give_medication_node'].
[wrist_camera_usb_publisher-8] [INFO] [1776278948.128626872] [wrist_camera_usb_publisher_node]: USB camera info active intrinsics: size=1280x720, fx=920.87, fy=921.57, cx=644.76, cy=343.15, d=array('d', [0.0, 0.0, 0.0, 0.0, 0.0])
[wrist_camera_usb_publisher-8] [INFO] [1776278948.129618398] [wrist_camera_usb_publisher_node]: USB camera publisher heartbeat: publishing 1280x720 frames on /wrist_mounted_camera/image; camera_info fx=920.87, fy=921.57, cx=644.76, cy=343.15.
[adl_ui-15] 127.0.0.1 - - [15/Apr/2026 14:49:08] "GET /status_json HTTP/1.1" 200 -
[ros2_control_node-1] [WARN] [1776278948.283265182] [controller_manager]: Overrun might occur, Total time : 3279.536 us (Expected < 1000.000 us) --> Read time : 44.943 us, Update time : 23.432 us, Write time : 3211.161 us
[ros2_control_node-1] [WARN] [1776278948.283344934] [controller_manager]: Overrun detected! The controller manager missed its desired rate of 1000 Hz. The loop took 3.385595 ms (missed cycles : 4).
[pick_dropped_bottle-12] Traceback (most recent call last):
[pick_dropped_bottle-12]   File "/home/carrt-cse-project/workspace/ros2_kortex_ws/install/adl_tasks/lib/adl_tasks/pick_dropped_bottle", line 33, in <module>
[pick_dropped_bottle-12]     sys.exit(load_entry_point('adl-tasks', 'console_scripts', 'pick_dropped_bottle')())
[pick_dropped_bottle-12]              ^^^^^^^^^^^^^^^^^^^^^^^^^^^^^^^^^^^^^^^^^^^^^^^^^^^^^^^^^^^^^^^^^^^^^^^
[pick_dropped_bottle-12]   File "/home/carrt-cse-project/workspace/ros2_kortex_ws/install/adl_tasks/lib/adl_tasks/pick_dropped_bottle", line 25, in importlib_load_entry_point
[pick_dropped_bottle-12]     return next(matches).load()
[pick_dropped_bottle-12]            ^^^^^^^^^^^^^^^^^^^^
[pick_dropped_bottle-12]   File "/usr/lib/python3.12/importlib/metadata/__init__.py", line 205, in load
[pick_dropped_bottle-12]     module = import_module(match.group('module'))
[pick_dropped_bottle-12]              ^^^^^^^^^^^^^^^^^^^^^^^^^^^^^^^^^^^^
[pick_dropped_bottle-12]   File "/usr/lib/python3.12/importlib/__init__.py", line 90, in import_module
[pick_dropped_bottle-12]     return _bootstrap._gcd_import(name[level:], package, level)
[pick_dropped_bottle-12]            ^^^^^^^^^^^^^^^^^^^^^^^^^^^^^^^^^^^^^^^^^^^^^^^^^^^^
[pick_dropped_bottle-12]   File "<frozen importlib._bootstrap>", line 1387, in _gcd_import
[pick_dropped_bottle-12]   File "<frozen importlib._bootstrap>", line 1360, in _find_and_load
[pick_dropped_bottle-12]   File "<frozen importlib._bootstrap>", line 1331, in _find_and_load_unlocked
[pick_dropped_bottle-12]   File "<frozen importlib._bootstrap>", line 935, in _load_unlocked
[pick_dropped_bottle-12]   File "<frozen importlib._bootstrap_external>", line 995, in exec_module
[pick_dropped_bottle-12]   File "<frozen importlib._bootstrap>", line 488, in _call_with_frames_removed
[pick_dropped_bottle-12]   File "/home/carrt-cse-project/workspace/ros2_kortex_ws/build/adl_tasks/adl_tasks/pick_dropped_bottle.py", line 26, in <module>
[pick_dropped_bottle-12]     from adl_tasks.scene_utils import remove_collision_object, attach_object, detach_object
[pick_dropped_bottle-12]   File "/home/carrt-cse-project/workspace/ros2_kortex_ws/build/adl_tasks/adl_tasks/scene_utils.py", line 18, in <module>
[pick_dropped_bottle-12]     from adl_tasks.grasp_and_place import (
[pick_dropped_bottle-12]   File "/home/carrt-cse-project/workspace/ros2_kortex_ws/build/adl_tasks/adl_tasks/grasp_and_place.py", line 406, in <module>
[pick_dropped_bottle-12]     "qr_read_table_top_keepout_height_m": MEDICATION_HEIGHT + 0.020, # m, keepout extends slightly above medication height.
[pick_dropped_bottle-12]                                           ^^^^^^^^^^^^^^^^^
[pick_dropped_bottle-12] NameError: name 'MEDICATION_HEIGHT' is not defined
[scene_from_vision-10] [INFO] [1776278948.574122939] [scene_from_vision_node]: Scene From Vision Node Started
[ERROR] [pick_dropped_bottle-12]: process has died [pid 27883, exit code 1, cmd '/home/carrt-cse-project/workspace/ros2_kortex_ws/install/adl_tasks/lib/adl_tasks/pick_dropped_bottle --ros-args -r __node:=pick_dropped_bottle_node'].
[scene_from_vision-10] [INFO] [1776278948.659970236] [scene_from_vision_node]: SceneFromVision: Updating planning scene. Tracking 5 object shape(s). memory_mode=True, scan_duration_s=5.0, scan_min_samples=3, scan_target_samples=8, scan_extend_step_s=1.5, scan_max_extensions=2, scan_prune_unseen_objects=False, continuous_scene_updates=False, latch_first_detection_updates=True, log_object_pose_debug=False, apply_planning_scene_service_updates=True, publish_monitored_planning_scene_updates=True, side_viewpoint=wrist_mounted_camera_color_optical_frame->base_link, reject_table_objects_outside_bounds=False.
[scene_from_vision-10] [INFO] [1776278948.662438663] [scene_from_vision_node]: SceneFromVision calibration: xy_offset=(0.040, -0.056), z_offset=0.000, yaw_deg=0.00, xy_scale=1.0000, clamp_table_objects_to_table_bounds=False, table_bounds_margin_m=0.030.
[clear_table-13] Traceback (most recent call last):
[clear_table-13]   File "/home/carrt-cse-project/workspace/ros2_kortex_ws/install/adl_tasks/lib/adl_tasks/clear_table", line 33, in <module>
[clear_table-13]     sys.exit(load_entry_point('adl-tasks', 'console_scripts', 'clear_table')())
[clear_table-13]              ^^^^^^^^^^^^^^^^^^^^^^^^^^^^^^^^^^^^^^^^^^^^^^^^^^^^^^^^^^^^^^^
[clear_table-13]   File "/home/carrt-cse-project/workspace/ros2_kortex_ws/install/adl_tasks/lib/adl_tasks/clear_table", line 25, in importlib_load_entry_point
[clear_table-13]     return next(matches).load()
[clear_table-13]            ^^^^^^^^^^^^^^^^^^^^
[clear_table-13]   File "/usr/lib/python3.12/importlib/metadata/__init__.py", line 205, in load
[clear_table-13]     module = import_module(match.group('module'))
[clear_table-13]              ^^^^^^^^^^^^^^^^^^^^^^^^^^^^^^^^^^^^
[clear_table-13]   File "/usr/lib/python3.12/importlib/__init__.py", line 90, in import_module
[clear_table-13]     return _bootstrap._gcd_import(name[level:], package, level)
[clear_table-13]            ^^^^^^^^^^^^^^^^^^^^^^^^^^^^^^^^^^^^^^^^^^^^^^^^^^^^
[clear_table-13]   File "<frozen importlib._bootstrap>", line 1387, in _gcd_import
[clear_table-13]   File "<frozen importlib._bootstrap>", line 1360, in _find_and_load
[clear_table-13]   File "<frozen importlib._bootstrap>", line 1331, in _find_and_load_unlocked
[clear_table-13]   File "<frozen importlib._bootstrap>", line 935, in _load_unlocked
[clear_table-13]   File "<frozen importlib._bootstrap_external>", line 995, in exec_module
[clear_table-13]   File "<frozen importlib._bootstrap>", line 488, in _call_with_frames_removed
[clear_table-13]   File "/home/carrt-cse-project/workspace/ros2_kortex_ws/build/adl_tasks/adl_tasks/clear_table.py", line 59, in <module>
[clear_table-13]     from adl_tasks.scene_utils import (
[clear_table-13]   File "/home/carrt-cse-project/workspace/ros2_kortex_ws/build/adl_tasks/adl_tasks/scene_utils.py", line 18, in <module>
[clear_table-13]     from adl_tasks.grasp_and_place import (
[clear_table-13]   File "/home/carrt-cse-project/workspace/ros2_kortex_ws/build/adl_tasks/adl_tasks/grasp_and_place.py", line 406, in <module>
[clear_table-13]     "qr_read_table_top_keepout_height_m": MEDICATION_HEIGHT + 0.020, # m, keepout extends slightly above medication height.
[clear_table-13]                                           ^^^^^^^^^^^^^^^^^
[clear_table-13] NameError: name 'MEDICATION_HEIGHT' is not defined
[scene_from_vision-10] [INFO] [1776278948.665211159] [scene_from_vision_node]: SceneFromVision object offsets: remote_axis=y, remote_tag_to_center_sign=-1.0, remote_tag_from_end_m=0.020, remote_world_offset=(-0.040, 0.000), cube_tag_to_center=(0.000, 0.000), cube_world_offset=(-0.030, 0.000), cube_yaw_offset_deg=0.0, medication_world_offset=(-0.160, 0.055), medication_face_to_center_m=0.030, cup_world_offset=(-0.160, 0.055), cup_face_to_center_m=0.037.
[ERROR] [clear_table-13]: process has died [pid 27884, exit code 1, cmd '/home/carrt-cse-project/workspace/ros2_kortex_ws/install/adl_tasks/lib/adl_tasks/clear_table --ros-args -r __node:=clear_table_node'].
[adl_ui-15] 127.0.0.1 - - [15/Apr/2026 14:49:08] "GET /status_json HTTP/1.1" 200 -
[ros2_control_node-1] [WARN] [1776278949.286762887] [controller_manager]: Overrun might occur, Total time : 2780.411 us (Expected < 1000.000 us) --> Read time : 35.038 us, Update time : 19.465 us, Write time : 2725.908 us
[ros2_control_node-1] [WARN] [1776278949.286847799] [controller_manager]: Overrun detected! The controller manager missed its desired rate of 1000 Hz. The loop took 2.887576 ms (missed cycles : 3).
[scene_static-7] [WARN] [1776278949.583884878] [scene_static_node]: Planning scene service not available, waiting...
[adl_ui-15] 127.0.0.1 - - [15/Apr/2026 14:49:09] "GET /status_json HTTP/1.1" 200 -
[vision_apriltag-9] [WARN] [1776278949.795741201] [vision_apriltag_node]: Vision AprilTag: no images received yet on /wrist_mounted_camera/image.
[ros2_control_node-1] [INFO] [1776278950.134415244] [controller_manager]: Loading controller : 'joint_state_broadcaster' of type 'joint_state_broadcaster/JointStateBroadcaster'
[ros2_control_node-1] [INFO] [1776278950.134454462] [controller_manager]: Loading controller 'joint_state_broadcaster'
[ros2_control_node-1] [INFO] [1776278950.141906143] [controller_manager]: Controller 'joint_state_broadcaster' node arguments: --ros-args --params-file /home/carrt-cse-project/workspace/ros2_kortex_ws/install/adl_tasks/share/adl_tasks/config/ros2_controllers_vbox.yaml --params-file /tmp/launch_params_vg0x1z15 
[spawner-4] [INFO] [1776278950.162495776] [spawner_joint_state_broadcaster]: Loaded joint_state_broadcaster
[ros2_control_node-1] [INFO] [1776278950.164086549] [controller_manager]: Configuring controller: 'joint_state_broadcaster'
[ros2_control_node-1] [INFO] [1776278950.164281029] [joint_state_broadcaster]: 'joints' or 'interfaces' parameter is empty. All available state interfaces will be published
[ros2_control_node-1] [INFO] [1776278950.260395119] [controller_manager]: Activating controllers: [ joint_state_broadcaster ]
[ros2_control_node-1] [INFO] [1776278950.264290470] [controller_manager]: Successfully switched controllers!
[ros2_control_node-1] [WARN] [1776278950.266378303] [controller_manager]: Overrun might occur, Total time : 3398.423 us (Expected < 1000.000 us) --> Read time : 36.654 us, Update time : 1245.506 us (Switch time : 1204.325 us (Switch chained mode time : 1.678 us, perform mode change time : 2.572 us, Activation time : 1189.140 us, Deactivation time : 1.757 us)), Write time : 2116.263 us
[joint_state_sanitizer-3] [WARN] [1776278950.268329741] [joint_state_sanitizer_node]: [joint_state_sanitizer] Published sanitized joint state: joint_3:+3.136->+3.132
[spawner-4] [INFO] [1776278950.268904661] [spawner_joint_state_broadcaster]: Configured and activated joint_state_broadcaster
[ros2_control_node-1] [WARN] [1776278950.287526076] [controller_manager]: Overrun might occur, Total time : 2546.308 us (Expected < 1000.000 us) --> Read time : 32.896 us, Update time : 102.906 us, Write time : 2410.506 us
[ros2_control_node-1] [WARN] [1776278950.287609276] [controller_manager]: Overrun detected! The controller manager missed its desired rate of 1000 Hz. The loop took 2.650550 ms (missed cycles : 3).
[adl_ui-15] 127.0.0.1 - - [15/Apr/2026 14:49:10] "GET /status_json HTTP/1.1" 200 -
[INFO] [spawner-4]: process has finished cleanly [pid 27875]
[INFO] [spawner-16]: process started with pid [28108]
[INFO] [spawner-17]: process started with pid [28109]
[INFO] [spawner-18]: process started with pid [28110]
[INFO] [spawner-19]: process started with pid [28111]
[vision_apriltag-9] [INFO] [1776278951.147021099] [vision_apriltag_node]: Vision AprilTag camera model updated from CameraInfo: size=1280x720, fx=920.87, fy=921.57, cx=644.76, cy=343.15, d=[0.0, 0.0, 0.0, 0.0, 0.0]
[adl_ui-15] 127.0.0.1 - - [15/Apr/2026 14:49:11] "GET /status_json HTTP/1.1" 200 -
[ros2_control_node-1] [WARN] [1776278951.289151765] [controller_manager]: Overrun might occur, Total time : 2163.017 us (Expected < 1000.000 us) --> Read time : 50.655 us, Update time : 101.492 us, Write time : 2010.870 us
[ros2_control_node-1] [WARN] [1776278951.289223303] [controller_manager]: Overrun detected! The controller manager missed its desired rate of 1000 Hz. The loop took 2.264254 ms (missed cycles : 3).
[scene_static-7] [WARN] [1776278951.586841126] [scene_static_node]: Planning scene service not available, waiting...
[spawner-16] [INFO] [1776278951.616775954] [spawner_joint_trajectory_controller]: waiting for service /controller_manager/list_controllers to become available...
[vision_apriltag-9] [INFO] [1776278951.795770442] [vision_apriltag_node]: Vision AprilTag: images are arriving on /wrist_mounted_camera/image, but no AprilTags have been detected yet.
[adl_ui-15] 127.0.0.1 - - [15/Apr/2026 14:49:11] "GET /status_json HTTP/1.1" 200 -
[vision_apriltag-9] [INFO] [1776278952.225726538] [vision_apriltag_node]: Vision AprilTag detection debug: no tags found after raw/CLAHE/sharp/adaptive/upscaled/tiled passes.
[ros2_control_node-1] [WARN] [1776278952.291879195] [controller_manager]: Overrun might occur, Total time : 2904.470 us (Expected < 1000.000 us) --> Read time : 29.641 us, Update time : 90.690 us, Write time : 2784.139 us
[ros2_control_node-1] [WARN] [1776278952.291958068] [controller_manager]: Overrun detected! The controller manager missed its desired rate of 1000 Hz. The loop took 2.999143 ms (missed cycles : 3).
[adl_ui-15] 127.0.0.1 - - [15/Apr/2026 14:49:12] "GET /status_json HTTP/1.1" 200 -
[ros2_control_node-1] [INFO] [1776278952.874215938] [controller_manager]: Loading controller : 'joint_trajectory_controller' of type 'joint_trajectory_controller/JointTrajectoryController'
[ros2_control_node-1] [INFO] [1776278952.874266080] [controller_manager]: Loading controller 'joint_trajectory_controller'
[ros2_control_node-1] [INFO] [1776278952.880392182] [controller_manager]: Controller 'joint_trajectory_controller' node arguments: --ros-args --params-file /home/carrt-cse-project/workspace/ros2_kortex_ws/install/adl_tasks/share/adl_tasks/config/ros2_controllers_vbox.yaml --params-file /tmp/launch_params_vg0x1z15 
[spawner-16] [INFO] [1776278952.930779003] [spawner_joint_trajectory_controller]: Loaded joint_trajectory_controller
[ros2_control_node-1] [INFO] [1776278952.935654384] [controller_manager]: Configuring controller: 'joint_trajectory_controller'
[ros2_control_node-1] [INFO] [1776278952.936345024] [joint_trajectory_controller]: No specific joint names are used for command interfaces. Using 'joints' parameter.
[ros2_control_node-1] [INFO] [1776278952.936643712] [joint_trajectory_controller]: Command interfaces are [position] and state interfaces are [position velocity].
[ros2_control_node-1] [INFO] [1776278952.939216234] [joint_trajectory_controller]: Using 'splines' interpolation method.
[ros2_control_node-1] [INFO] [1776278952.955414996] [joint_trajectory_controller]: Action status changes will be monitored at 10.00 Hz.
[ros2_control_node-1] [INFO] [1776278953.003637692] [controller_manager]: Activating controllers: [ joint_trajectory_controller ]
[ros2_control_node-1] [INFO] [1776278953.225880844] [controller_manager]: Successfully switched controllers!
[ros2_control_node-1] [WARN] [1776278953.227526886] [controller_manager]: Overrun might occur, Total time : 20537.800 us (Expected < 1000.000 us) --> Read time : 48.676 us, Update time : 18081.548 us (Switch time : 17970.250 us (Switch chained mode time : 3.377 us, perform mode change time : 16679.107 us, Activation time : 1273.653 us, Deactivation time : 1.066 us)), Write time : 2407.576 us
[spawner-16] [INFO] [1776278953.233916170] [spawner_joint_trajectory_controller]: Configured and activated joint_trajectory_controller
[wrist_camera_usb_publisher-8] [INFO] [1776278953.280102474] [wrist_camera_usb_publisher_node]: USB camera publisher heartbeat: publishing 1280x720 frames on /wrist_mounted_camera/image; camera_info fx=920.87, fy=921.57, cx=644.76, cy=343.15.
[ros2_control_node-1] [WARN] [1776278953.292911431] [controller_manager]: Overrun might occur, Total time : 2923.829 us (Expected < 1000.000 us) --> Read time : 55.154 us, Update time : 312.406 us, Write time : 2556.269 us
[ros2_control_node-1] [WARN] [1776278953.292979946] [controller_manager]: Overrun detected! The controller manager missed its desired rate of 1000 Hz. The loop took 3.021215 ms (missed cycles : 4).
[adl_ui-15] 127.0.0.1 - - [15/Apr/2026 14:49:13] "GET /status_json HTTP/1.1" 200 -
[spawner-17] [INFO] [1776278953.459100140] [spawner_twist_controller]: waiting for service /controller_manager/list_controllers to become available...
[INFO] [spawner-16]: process has finished cleanly [pid 28108]
[scene_static-7] [WARN] [1776278953.590877200] [scene_static_node]: Planning scene service not available, waiting...
[vision_apriltag-9] [INFO] [1776278953.794980032] [vision_apriltag_node]: Vision AprilTag: images are arriving on /wrist_mounted_camera/image, but no AprilTags have been detected yet.
[adl_ui-15] 127.0.0.1 - - [15/Apr/2026 14:49:14] "GET /status_json HTTP/1.1" 200 -
[ros2_control_node-1] [WARN] [1776278954.293914076] [controller_manager]: Overrun might occur, Total time : 2926.725 us (Expected < 1000.000 us) --> Read time : 39.075 us, Update time : 235.737 us, Write time : 2651.913 us
[ros2_control_node-1] [WARN] [1776278954.294008786] [controller_manager]: Overrun detected! The controller manager missed its desired rate of 1000 Hz. The loop took 3.049745 ms (missed cycles : 4).
[adl_ui-15] 127.0.0.1 - - [15/Apr/2026 14:49:14] "GET /status_json HTTP/1.1" 200 -
[INFO] [move_group-20]: process started with pid [28168]
[INFO] [rviz2-21]: process started with pid [28169]
[joint_state_sanitizer-3] [WARN] [1776278955.274648761] [joint_state_sanitizer_node]: [joint_state_sanitizer] Published sanitized joint state: joint_3:+3.136->+3.132
[ros2_control_node-1] [WARN] [1776278955.298922541] [controller_manager]: Overrun might occur, Total time : 5944.215 us (Expected < 1000.000 us) --> Read time : 29.994 us, Update time : 174.947 us, Write time : 5739.274 us
[ros2_control_node-1] [WARN] [1776278955.299000806] [controller_manager]: Overrun detected! The controller manager missed its desired rate of 1000 Hz. The loop took 6.041932 ms (missed cycles : 7).
[move_group-20] [INFO] [1776278955.374347828] [move_group.moveit.moveit.ros.rdf_loader]: Loaded robot model in 0.0111389 seconds
[move_group-20] [INFO] [1776278955.376842678] [move_group.moveit.moveit.core.robot_model]: Loading robot model 'gen3'...
[move_group-20] [INFO] [1776278955.376875401] [move_group.moveit.moveit.core.robot_model]: No root/virtual joint specified in SRDF. Assuming fixed joint
[move_group-20] [INFO] [1776278955.573414961] [move_group.moveit.moveit.kinematics.kdl_kinematics_plugin]: Joint weights for group 'manipulator': 1 1 1 1 1 1 1
[scene_static-7] [WARN] [1776278955.599070560] [scene_static_node]: Planning scene service not available, waiting...
[adl_ui-15] 127.0.0.1 - - [15/Apr/2026 14:49:15] "GET /status_json HTTP/1.1" 200 -
[ros2_control_node-1] [INFO] [1776278955.726548399] [controller_manager]: Received robot description from topic.
[ros2_control_node-1] [WARN] [1776278955.726601015] [controller_manager]: ResourceManager has already loaded a urdf. Ignoring attempt to reload a robot description.
[rviz2-21] [INFO] [1776278955.830066842] [rviz2]: Stereo is NOT SUPPORTED
[rviz2-21] [INFO] [1776278955.830163539] [rviz2]: OpenGl version: 4.6 (GLSL 4.6)
[rviz2-21] [INFO] [1776278955.863707879] [rviz2]: Stereo is NOT SUPPORTED
[vision_apriltag-9] [INFO] [1776278955.971932962] [vision_apriltag_node]: Vision AprilTag: images are arriving on /wrist_mounted_camera/image, but no AprilTags have been detected yet.
[ros2_control_node-1] [INFO] [1776278955.974087929] [controller_manager]: Loading controller : 'twist_controller' of type 'picknik_twist_controller/PicknikTwistController'
[ros2_control_node-1] [INFO] [1776278955.974132742] [controller_manager]: Loading controller 'twist_controller'
[ros2_control_node-1] [INFO] [1776278955.990853134] [controller_manager]: Controller 'twist_controller' node arguments: --ros-args --params-file /home/carrt-cse-project/workspace/ros2_kortex_ws/install/adl_tasks/share/adl_tasks/config/ros2_controllers_vbox.yaml --params-file /tmp/launch_params_vg0x1z15 
[spawner-17] [INFO] [1776278956.078862434] [spawner_twist_controller]: Loaded twist_controller
[ros2_control_node-1] [INFO] [1776278956.082359434] [controller_manager]: Configuring controller: 'twist_controller'
[ros2_control_node-1] [INFO] [1776278956.087251654] [twist_controller]: configure successful
[rviz2-21] Warning: class_loader.impl: SEVERE WARNING!!! A namespace collision has occurred with plugin factory for class rviz_default_plugins::displays::InteractiveMarkerDisplay. New factory will OVERWRITE existing one. This situation occurs when libraries containing plugins are directly linked against an executable (the one running right now generating this message). Please separate plugins out into their own library or just don't link against the library and use either class_loader::ClassLoader/MultiLibraryClassLoader to open.
[rviz2-21]          at line 321 in /opt/ros/jazzy/include/class_loader/class_loader/class_loader_core.hpp
[rviz2-21] [WARN] [1776278956.102144331] [rcl.logging_rosout]: Publisher already registered for node name: 'rviz2_moveit'. If this is due to multiple nodes with the same name then all logs for the logger named 'rviz2_moveit' will go out over the existing publisher. As soon as any node with that name is destructed it will unregister the publisher, preventing any further logs for that name from being published on the rosout topic.
[move_group-20] [INFO] [1776278956.154974362] [move_group.moveit.moveit.ros.planning_scene_monitor]: Publishing maintained planning scene on 'monitored_planning_scene'
[move_group-20] [INFO] [1776278956.155196328] [move_group.moveit.moveit.ros.moveit_cpp]: Listening to 'joint_states' for joint states
[move_group-20] [INFO] [1776278956.156705950] [move_group.moveit.moveit.ros.current_state_monitor]: Listening to joint states on topic 'joint_states'
[move_group-20] [INFO] [1776278956.157757482] [move_group.moveit.moveit.ros.planning_scene_monitor]: Listening to '/attached_collision_object' for attached collision objects
[move_group-20] [INFO] [1776278956.157800042] [move_group.moveit.moveit.ros.planning_scene_monitor]: Stopping existing planning scene publisher.
[move_group-20] [INFO] [1776278956.157988130] [move_group.moveit.moveit.ros.planning_scene_monitor]: Stopped publishing maintained planning scene.
[move_group-20] [INFO] [1776278956.158781640] [move_group.moveit.moveit.ros.planning_scene_monitor]: Publishing maintained planning scene on 'monitored_planning_scene'
[move_group-20] [INFO] [1776278956.158908996] [move_group.moveit.moveit.ros.planning_scene_monitor]: Starting planning scene monitor
[move_group-20] [INFO] [1776278956.159499486] [move_group.moveit.moveit.ros.planning_scene_monitor]: Listening to '/planning_scene'
[move_group-20] [INFO] [1776278956.159521402] [move_group.moveit.moveit.ros.planning_scene_monitor]: Starting world geometry update monitor for collision objects, attached objects, octomap updates.
[move_group-20] [INFO] [1776278956.162137894] [move_group.moveit.moveit.ros.planning_scene_monitor]: Listening to 'collision_object'
[move_group-20] [INFO] [1776278956.166727680] [move_group.moveit.moveit.ros.planning_scene_monitor]: Listening to 'planning_scene_world' for planning scene world geometry
[move_group-20] [WARN] [1776278956.171666960] [move_group.moveit.moveit.ros.occupancy_map_monitor]: Resolution not specified for Octomap. Assuming resolution = 0.1 instead
[move_group-20] [ERROR] [1776278956.171724834] [move_group.moveit.moveit.ros.occupancy_map_monitor]: No 3D sensor plugin(s) defined for octomap updates
[spawner-18] [INFO] [1776278956.299170312] [spawner_robotiq_gripper_controller]: waiting for service /controller_manager/list_controllers to become available...
[ros2_control_node-1] [WARN] [1776278956.305159917] [controller_manager]: Overrun might occur, Total time : 6162.819 us (Expected < 1000.000 us) --> Read time : 71.971 us, Update time : 238.279 us, Write time : 5852.569 us
[ros2_control_node-1] [WARN] [1776278956.305244384] [controller_manager]: Overrun detected! The controller manager missed its desired rate of 1000 Hz. The loop took 6.285128 ms (missed cycles : 7).
[adl_ui-15] 127.0.0.1 - - [15/Apr/2026 14:49:16] "GET /status_json HTTP/1.1" 200 -
[INFO] [spawner-17]: process has finished cleanly [pid 28109]
[move_group-20] [INFO] [1776278956.561459391] [move_group.moveit.moveit.ros.planning_pipeline]: Successfully loaded planner 'OMPL'
[move_group-20] [INFO] [1776278956.571677929] [move_group]: Try loading adapter 'default_planning_request_adapters/ResolveConstraintFrames'
[move_group-20] [INFO] [1776278956.573729764] [move_group]: Loaded adapter 'default_planning_request_adapters/ResolveConstraintFrames'
[move_group-20] [INFO] [1776278956.573767676] [move_group]: Try loading adapter 'default_planning_request_adapters/ValidateWorkspaceBounds'
[move_group-20] [INFO] [1776278956.574711057] [move_group]: Loaded adapter 'default_planning_request_adapters/ValidateWorkspaceBounds'
[move_group-20] [INFO] [1776278956.574738904] [move_group]: Try loading adapter 'default_planning_request_adapters/CheckStartStateBounds'
[move_group-20] [INFO] [1776278956.574779971] [move_group]: Loaded adapter 'default_planning_request_adapters/CheckStartStateBounds'
[move_group-20] [INFO] [1776278956.574797120] [move_group]: Try loading adapter 'default_planning_request_adapters/CheckStartStateCollision'
[move_group-20] [INFO] [1776278956.574814149] [move_group]: Loaded adapter 'default_planning_request_adapters/CheckStartStateCollision'
[move_group-20] [INFO] [1776278956.581022312] [move_group]: Try loading adapter 'default_planning_response_adapters/AddTimeOptimalParameterization'
[move_group-20] [INFO] [1776278956.587827888] [move_group]: Loaded adapter 'default_planning_response_adapters/AddTimeOptimalParameterization'
[move_group-20] [INFO] [1776278956.587863650] [move_group]: Try loading adapter 'default_planning_response_adapters/ValidateSolution'
[move_group-20] [INFO] [1776278956.595852787] [move_group]: Loaded adapter 'default_planning_response_adapters/ValidateSolution'
[move_group-20] [INFO] [1776278956.595882154] [move_group]: Try loading adapter 'default_planning_response_adapters/DisplayMotionPath'
[move_group-20] [INFO] [1776278956.598001821] [move_group]: Loaded adapter 'default_planning_response_adapters/DisplayMotionPath'
[move_group-20] [INFO] [1776278956.804844167] [move_group.moveit.moveit.plugins.simple_controller_manager]: Added FollowJointTrajectory controller for joint_trajectory_controller
[move_group-20] [INFO] [1776278956.804931920] [move_group.moveit.moveit.plugins.simple_controller_manager]: robotiq_gripper_controller will command a max effort of: 0
[move_group-20] [INFO] [1776278956.813637907] [move_group.moveit.moveit.plugins.simple_controller_manager]: Added GripperCommand controller for robotiq_gripper_controller
[move_group-20] [INFO] [1776278956.814974444] [move_group.moveit.moveit.plugins.simple_controller_manager]: Returned 2 controllers in list
[move_group-20] [INFO] [1776278956.815090832] [move_group.moveit.moveit.plugins.simple_controller_manager]: Returned 2 controllers in list
[move_group-20] [INFO] [1776278956.816303175] [move_group.moveit.moveit.ros.trajectory_execution_manager]: Trajectory execution is managing controllers
[move_group-20] [INFO] [1776278956.816341390] [move_group]: MoveGroup debug mode is ON
[scene_static-7] [INFO] [1776278956.856331919] [scene_static_node]: Planning scene service available. Building static scene...
[move_group-20] [INFO] [1776278956.890402091] [move_group.moveit.moveit.ros.move_group.executable]: 
[move_group-20] 
[move_group-20] ********************************************************
[move_group-20] * MoveGroup using: 
[move_group-20] *     - apply_planning_scene_service
[move_group-20] *     - clear_octomap_service
[move_group-20] *     - get_group_urdf
[move_group-20] *     - load_geometry_from_file
[move_group-20] *     - CartesianPathService
[move_group-20] *     - execute_trajectory_action
[move_group-20] *     - get_planning_scene_service
[move_group-20] *     - kinematics_service
[move_group-20] *     - move_action
[move_group-20] *     - motion_plan_service
[move_group-20] *     - query_planners_service
[move_group-20] *     - state_validation_service
[move_group-20] *     - save_geometry_to_file
[move_group-20] ********************************************************
[move_group-20] 
[move_group-20] [INFO] [1776278956.890483715] [move_group.moveit.moveit.ros.move_group.context]: MoveGroup context using pipeline ompl
[move_group-20] [INFO] [1776278956.890515851] [move_group.moveit.moveit.ros.move_group.context]: MoveGroup context initialization complete
[move_group-20] [96mLoading 'move_group/ApplyPlanningSceneService'...[0m
[move_group-20] [96mLoading 'move_group/ClearOctomapService'...[0m
[move_group-20] [96mLoading 'move_group/GetUrdfService'...[0m
[move_group-20] [96mLoading 'move_group/LoadGeometryFromFileService'...[0m
[move_group-20] [96mLoading 'move_group/MoveGroupCartesianPathService'...[0m
[move_group-20] [96mLoading 'move_group/MoveGroupExecuteTrajectoryAction'...[0m
[move_group-20] [96mLoading 'move_group/MoveGroupGetPlanningSceneService'...[0m
[move_group-20] [96mLoading 'move_group/MoveGroupKinematicsService'...[0m
[move_group-20] [96mLoading 'move_group/MoveGroupMoveAction'...[0m
[move_group-20] [96mLoading 'move_group/MoveGroupPlanService'...[0m
[move_group-20] [96mLoading 'move_group/MoveGroupQueryPlannersService'...[0m
[move_group-20] [96mLoading 'move_group/MoveGroupStateValidationService'...[0m
[move_group-20] [96mLoading 'move_group/SaveGeometryToFileService'...[0m
[move_group-20] 
[move_group-20] [92mYou can start planning now![0m
[move_group-20] 
[scene_static-7] [INFO] [1776278956.967308525] [scene_static_node]: Static scene built: 20 objects added to MoveIt planning scene.
[adl_ui-15] 127.0.0.1 - - [15/Apr/2026 14:49:17] "GET /status_json HTTP/1.1" 200 -
[ros2_control_node-1] [WARN] [1776278957.307698468] [controller_manager]: Overrun might occur, Total time : 2711.877 us (Expected < 1000.000 us) --> Read time : 42.849 us, Update time : 188.844 us, Write time : 2480.184 us
[ros2_control_node-1] [WARN] [1776278957.307772661] [controller_manager]: Overrun detected! The controller manager missed its desired rate of 1000 Hz. The loop took 2.813754 ms (missed cycles : 3).
[vision_apriltag-9] [INFO] [1776278957.536059866] [vision_apriltag_node]: Vision AprilTag detection debug: no tags found after raw/CLAHE/sharp/adaptive/upscaled/tiled passes.
[vision_apriltag-9] [INFO] [1776278957.796136753] [vision_apriltag_node]: Vision AprilTag: images are arriving on /wrist_mounted_camera/image, but no AprilTags have been detected yet.
[ros2_control_node-1] [INFO] [1776278957.810697531] [controller_manager]: Loading controller : 'robotiq_gripper_controller' of type 'position_controllers/GripperActionController'
[ros2_control_node-1] [INFO] [1776278957.810739001] [controller_manager]: Loading controller 'robotiq_gripper_controller'
[ros2_control_node-1] [INFO] [1776278957.813946220] [controller_manager]: Controller 'robotiq_gripper_controller' node arguments: --ros-args --params-file /home/carrt-cse-project/workspace/ros2_kortex_ws/install/adl_tasks/share/adl_tasks/config/ros2_controllers_vbox.yaml --params-file /tmp/launch_params_vg0x1z15 
[ros2_control_node-1] [WARN] [1776278957.847540489] [robotiq_gripper_controller]: [Deprecated]: the `position_controllers/GripperActionController` and `effort_controllers::GripperActionController` controllers are replaced by 'parallel_gripper_controllers/GripperActionController' controller
[spawner-18] [INFO] [1776278957.855631868] [spawner_robotiq_gripper_controller]: Loaded robotiq_gripper_controller
[ros2_control_node-1] [INFO] [1776278957.858684961] [controller_manager]: Configuring controller: 'robotiq_gripper_controller'
[ros2_control_node-1] [INFO] [1776278957.858832318] [robotiq_gripper_controller]: Action status changes will be monitored at 20.000000 Hz.
[ros2_control_node-1] [INFO] [1776278957.875950811] [controller_manager]: Activating controllers: [ robotiq_gripper_controller ]
[adl_ui-15] 127.0.0.1 - - [15/Apr/2026 14:49:17] "GET /status_json HTTP/1.1" 200 -
[ros2_control_node-1] [INFO] [1776278958.084632600] [controller_manager]: Successfully switched controllers!
[ros2_control_node-1] [WARN] [1776278958.089999142] [controller_manager]: Overrun might occur, Total time : 12002.845 us (Expected < 1000.000 us) --> Read time : 58.553 us, Update time : 6356.319 us (Switch time : 6111.172 us (Switch chained mode time : 1.144 us, perform mode change time : 17.621 us, Activation time : 6081.301 us, Deactivation time : 0.781 us)), Write time : 5587.973 us
[spawner-18] [INFO] [1776278958.101301058] [spawner_robotiq_gripper_controller]: Configured and activated robotiq_gripper_controller
[ros2_control_node-1] [WARN] [1776278958.310480052] [controller_manager]: Overrun might occur, Total time : 3486.179 us (Expected < 1000.000 us) --> Read time : 52.623 us, Update time : 251.094 us, Write time : 3182.462 us
[ros2_control_node-1] [WARN] [1776278958.310551834] [controller_manager]: Overrun detected! The controller manager missed its desired rate of 1000 Hz. The loop took 3.593082 ms (missed cycles : 4).
[INFO] [spawner-18]: process has finished cleanly [pid 28110]
[spawner-19] [INFO] [1776278958.419113319] [spawner_fault_controller]: waiting for service /controller_manager/list_controllers to become available...
[wrist_camera_usb_publisher-8] [INFO] [1776278958.439528328] [wrist_camera_usb_publisher_node]: USB camera publisher heartbeat: publishing 1280x720 frames on /wrist_mounted_camera/image; camera_info fx=920.87, fy=921.57, cx=644.76, cy=343.15.
[ros2_control_node-1] [INFO] [1776278958.494582854] [controller_manager]: Loading controller : 'fault_controller' of type 'picknik_reset_fault_controller/PicknikResetFaultController'
[ros2_control_node-1] [INFO] [1776278958.494625452] [controller_manager]: Loading controller 'fault_controller'
[ros2_control_node-1] [INFO] [1776278958.505364861] [controller_manager]: Controller 'fault_controller' node arguments: --ros-args --params-file /home/carrt-cse-project/workspace/ros2_kortex_ws/install/adl_tasks/share/adl_tasks/config/ros2_controllers_vbox.yaml --params-file /tmp/launch_params_vg0x1z15 
[spawner-19] [INFO] [1776278958.598567153] [spawner_fault_controller]: Loaded fault_controller
[adl_ui-15] 127.0.0.1 - - [15/Apr/2026 14:49:18] "GET /status_json HTTP/1.1" 200 -
[ros2_control_node-1] [INFO] [1776278958.715636020] [controller_manager]: Configuring controller: 'fault_controller'
[ros2_control_node-1] [INFO] [1776278958.731131202] [controller_manager]: Activating controllers: [ fault_controller ]
[ros2_control_node-1] [INFO] [1776278958.940183128] [controller_manager]: Successfully switched controllers!
[spawner-19] [INFO] [1776278958.946312731] [spawner_fault_controller]: Configured and activated fault_controller
[INFO] [spawner-19]: process has finished cleanly [pid 28111]
[rviz2-21] [ERROR] [1776278959.193636825] [rviz2_moveit.moveit.ros.motion_planning_frame]: Action server: /recognize_objects not available
[rviz2-21] [INFO] [1776278959.234881460] [rviz2_moveit.moveit.ros.motion_planning_frame]: MoveGroup namespace changed: / -> . Reloading params.
[ros2_control_node-1] [WARN] [1776278959.311266200] [controller_manager]: Overrun might occur, Total time : 5281.574 us (Expected < 1000.000 us) --> Read time : 39.831 us, Update time : 273.663 us, Write time : 4968.080 us
[ros2_control_node-1] [WARN] [1776278959.311380781] [controller_manager]: Overrun detected! The controller manager missed its desired rate of 1000 Hz. The loop took 5.421153 ms (missed cycles : 6).
[rviz2-21] [INFO] [1776278959.328299668] [rviz2_moveit.moveit.ros.rdf_loader]: Loaded robot model in 0.0198701 seconds
[rviz2-21] [INFO] [1776278959.328404913] [rviz2_moveit.moveit.core.robot_model]: Loading robot model 'gen3'...
[rviz2-21] [INFO] [1776278959.328447540] [rviz2_moveit.moveit.core.robot_model]: No root/virtual joint specified in SRDF. Assuming fixed joint
[adl_ui-15] 127.0.0.1 - - [15/Apr/2026 14:49:19] "GET /status_json HTTP/1.1" 200 -
[rviz2-21] [INFO] [1776278959.535522411] [rviz2_moveit.moveit.kinematics.kdl_kinematics_plugin]: Joint weights for group 'manipulator': 1 1 1 1 1 1 1
[rviz2-21] [INFO] [1776278959.969741499] [rviz2_moveit.moveit.ros.planning_scene_monitor]: Starting planning scene monitor
[rviz2-21] [INFO] [1776278959.973233406] [rviz2_moveit.moveit.ros.planning_scene_monitor]: Listening to '/monitored_planning_scene'
[vision_apriltag-9] [INFO] [1776278960.016535781] [vision_apriltag_node]: Vision AprilTag: images are arriving on /wrist_mounted_camera/image, but no AprilTags have been detected yet.
[adl_ui-15] 127.0.0.1 - - [15/Apr/2026 14:49:20] "GET /status_json HTTP/1.1" 200 -
[joint_state_sanitizer-3] [WARN] [1776278960.276655668] [joint_state_sanitizer_node]: [joint_state_sanitizer] Published sanitized joint state: joint_3:+3.136->+3.132
[ros2_control_node-1] [WARN] [1776278960.313930888] [controller_manager]: Overrun might occur, Total time : 4944.880 us (Expected < 1000.000 us) --> Read time : 45.591 us, Update time : 229.260 us, Write time : 4670.029 us
[ros2_control_node-1] [WARN] [1776278960.314012004] [controller_manager]: Overrun detected! The controller manager missed its desired rate of 1000 Hz. The loop took 5.053198 ms (missed cycles : 6).
[rviz2-21] [INFO] [1776278960.386421773] [interactive_marker_display_99511898515184]: Connected on namespace: /rviz_moveit_motion_planning_display/robot_interaction_interactive_marker_topic
[rviz2-21] [INFO] [1776278960.396857387] [rviz2_moveit.moveit.ros.robot_interaction]: No active joints or end effectors found for group 'gripper'. Make sure that kinematics.yaml is loaded in this node's namespace.
[rviz2-21] [INFO] [1776278960.397766663] [rviz2_moveit.moveit.ros.robot_interaction]: No active joints or end effectors found for group 'gripper'. Make sure that kinematics.yaml is loaded in this node's namespace.
[rviz2-21] [INFO] [1776278960.418310226] [rviz2_moveit.moveit.ros.motion_planning_frame]: group gripper
[rviz2-21] [INFO] [1776278960.418349617] [rviz2_moveit.moveit.ros.motion_planning_frame]: Constructing new MoveGroup connection for group 'gripper' in namespace ''
[rviz2-21] [INFO] [1776278960.462394705] [interactive_marker_display_99511898515184]: Sending request for interactive markers
[rviz2-21] [INFO] [1776278960.502365003] [interactive_marker_display_99511898515184]: Service response received for initialization
[rviz2-21] [INFO] [1776278960.512000167] [rviz2_moveit.moveit.ros.move_group_interface]: Ready to take commands for planning group gripper.
[rviz2-21] [INFO] [1776278960.513746933] [rviz2_moveit.moveit.ros.motion_planning_frame]: group gripper
[adl_ui-15] 127.0.0.1 - - [15/Apr/2026 14:49:20] "GET /status_json HTTP/1.1" 200 -
[ros2_control_node-1] [WARN] [1776278961.321155709] [controller_manager]: Overrun might occur, Total time : 7166.998 us (Expected < 1000.000 us) --> Read time : 43.985 us, Update time : 280.181 us, Write time : 6842.832 us
[ros2_control_node-1] [WARN] [1776278961.321222078] [controller_manager]: Overrun detected! The controller manager missed its desired rate of 1000 Hz. The loop took 7.263433 ms (missed cycles : 8).
[adl_ui-15] 127.0.0.1 - - [15/Apr/2026 14:49:21] "GET /status_json HTTP/1.1" 200 -
[vision_apriltag-9] [INFO] [1776278961.795891228] [vision_apriltag_node]: Vision AprilTag: images are arriving on /wrist_mounted_camera/image, but no AprilTags have been detected yet.
[ros2_control_node-1] [WARN] [1776278962.324480018] [controller_manager]: Overrun might occur, Total time : 4491.571 us (Expected < 1000.000 us) --> Read time : 41.676 us, Update time : 240.439 us, Write time : 4209.456 us
[ros2_control_node-1] [WARN] [1776278962.324586760] [controller_manager]: Overrun detected! The controller manager missed its desired rate of 1000 Hz. The loop took 4.626476 ms (missed cycles : 5).
[adl_ui-15] 127.0.0.1 - - [15/Apr/2026 14:49:22] "GET /status_json HTTP/1.1" 200 -
[vision_apriltag-9] [INFO] [1776278963.077362429] [vision_apriltag_node]: Vision AprilTag detection debug: no tags found after raw/CLAHE/sharp/adaptive/upscaled/tiled passes.
[adl_ui-15] 127.0.0.1 - - [15/Apr/2026 14:49:23] "GET /status_json HTTP/1.1" 200 -
[ros2_control_node-1] [WARN] [1776278963.326292420] [controller_manager]: Overrun might occur, Total time : 3296.418 us (Expected < 1000.000 us) --> Read time : 72.068 us, Update time : 317.040 us, Write time : 2907.310 us
[ros2_control_node-1] [WARN] [1776278963.326382480] [controller_manager]: Overrun detected! The controller manager missed its desired rate of 1000 Hz. The loop took 3.423129 ms (missed cycles : 4).
[wrist_camera_usb_publisher-8] [INFO] [1776278963.601392471] [wrist_camera_usb_publisher_node]: USB camera publisher heartbeat: publishing 1280x720 frames on /wrist_mounted_camera/image; camera_info fx=920.87, fy=921.57, cx=644.76, cy=343.15.
[vision_apriltag-9] [INFO] [1776278963.796423568] [vision_apriltag_node]: Vision AprilTag: images are arriving on /wrist_mounted_camera/image, but no AprilTags have been detected yet.
[adl_ui-15] [INFO] [1776278963.902519790] [adl_ui_node]: UI command published: give_medication
[adl_ui-15] 127.0.0.1 - - [15/Apr/2026 14:49:23] "POST /command HTTP/1.1" 200 -
[adl_ui-15] 127.0.0.1 - - [15/Apr/2026 14:49:23] "GET /status_json HTTP/1.1" 200 -
[adl_ui-15] 127.0.0.1 - - [15/Apr/2026 14:49:24] "GET /status_json HTTP/1.1" 200 -
[ros2_control_node-1] [WARN] [1776278964.326511472] [controller_manager]: Overrun might occur, Total time : 2528.118 us (Expected < 1000.000 us) --> Read time : 40.544 us, Update time : 254.772 us, Write time : 2232.802 us
[ros2_control_node-1] [WARN] [1776278964.326590884] [controller_manager]: Overrun detected! The controller manager missed its desired rate of 1000 Hz. The loop took 2.631724 ms (missed cycles : 3).
[adl_ui-15] 127.0.0.1 - - [15/Apr/2026 14:49:24] "GET /status_json HTTP/1.1" 200 -
[joint_state_sanitizer-3] [WARN] [1776278965.279110506] [joint_state_sanitizer_node]: [joint_state_sanitizer] Published sanitized joint state: joint_3:+3.136->+3.132
[ros2_control_node-1] [WARN] [1776278965.326642666] [controller_manager]: Overrun might occur, Total time : 2659.628 us (Expected < 1000.000 us) --> Read time : 34.793 us, Update time : 211.910 us, Write time : 2412.925 us
[ros2_control_node-1] [WARN] [1776278965.326721549] [controller_manager]: Overrun detected! The controller manager missed its desired rate of 1000 Hz. The loop took 2.762293 ms (missed cycles : 3).
[adl_ui-15] 127.0.0.1 - - [15/Apr/2026 14:49:25] "GET /status_json HTTP/1.1" 200 -
[vision_apriltag-9] [INFO] [1776278965.798304104] [vision_apriltag_node]: Vision AprilTag: images are arriving on /wrist_mounted_camera/image, but no AprilTags have been detected yet.
[adl_ui-15] 127.0.0.1 - - [15/Apr/2026 14:49:26] "GET /status_json HTTP/1.1" 200 -
[ros2_control_node-1] [WARN] [1776278966.329348351] [controller_manager]: Overrun might occur, Total time : 2363.932 us (Expected < 1000.000 us) --> Read time : 42.657 us, Update time : 221.189 us, Write time : 2100.086 us
[ros2_control_node-1] [WARN] [1776278966.329428817] [controller_manager]: Overrun detected! The controller manager missed its desired rate of 1000 Hz. The loop took 2.470381 ms (missed cycles : 3).
[adl_ui-15] 127.0.0.1 - - [15/Apr/2026 14:49:26] "GET /status_json HTTP/1.1" 200 -
[ros2_control_node-1] [WARN] [1776278967.329555527] [controller_manager]: Overrun might occur, Total time : 2576.514 us (Expected < 1000.000 us) --> Read time : 34.598 us, Update time : 265.341 us, Write time : 2276.575 us
[ros2_control_node-1] [WARN] [1776278967.329616635] [controller_manager]: Overrun detected! The controller manager missed its desired rate of 1000 Hz. The loop took 2.657755 ms (missed cycles : 3).
[adl_ui-15] 127.0.0.1 - - [15/Apr/2026 14:49:27] "GET /status_json HTTP/1.1" 200 -
[vision_apriltag-9] [INFO] [1776278967.798707509] [vision_apriltag_node]: Vision AprilTag: images are arriving on /wrist_mounted_camera/image, but no AprilTags have been detected yet.
[vision_apriltag-9] [INFO] [1776278968.142332365] [vision_apriltag_node]: Vision AprilTag detection debug: no tags found after raw/CLAHE/sharp/adaptive/upscaled/tiled passes.
[ros2_control_node-1] [WARN] [1776278968.331389627] [controller_manager]: Overrun might occur, Total time : 2408.982 us (Expected < 1000.000 us) --> Read time : 38.741 us, Update time : 228.609 us, Write time : 2141.632 us
[ros2_control_node-1] [WARN] [1776278968.331460117] [controller_manager]: Overrun detected! The controller manager missed its desired rate of 1000 Hz. The loop took 2.500870 ms (missed cycles : 3).
[adl_ui-15] 127.0.0.1 - - [15/Apr/2026 14:49:28] "GET /status_json HTTP/1.1" 200 -
[wrist_camera_usb_publisher-8] [INFO] [1776278968.756375887] [wrist_camera_usb_publisher_node]: USB camera publisher heartbeat: publishing 1280x720 frames on /wrist_mounted_camera/image; camera_info fx=920.87, fy=921.57, cx=644.76, cy=343.15.
[adl_ui-15] 127.0.0.1 - - [15/Apr/2026 14:49:29] "GET /status_json HTTP/1.1" 200 -
[ros2_control_node-1] [WARN] [1776278969.331608581] [controller_manager]: Overrun might occur, Total time : 2619.890 us (Expected < 1000.000 us) --> Read time : 68.190 us, Update time : 283.371 us, Write time : 2268.329 us
[ros2_control_node-1] [WARN] [1776278969.331702502] [controller_manager]: Overrun detected! The controller manager missed its desired rate of 1000 Hz. The loop took 2.743906 ms (missed cycles : 3).
[vision_apriltag-9] [INFO] [1776278969.795442152] [vision_apriltag_node]: Vision AprilTag: images are arriving on /wrist_mounted_camera/image, but no AprilTags have been detected yet.
[adl_ui-15] 127.0.0.1 - - [15/Apr/2026 14:49:29] "GET /status_json HTTP/1.1" 200 -
[joint_state_sanitizer-3] [WARN] [1776278970.283252628] [joint_state_sanitizer_node]: [joint_state_sanitizer] Published sanitized joint state: joint_3:+3.136->+3.132
[ros2_control_node-1] [WARN] [1776278970.333103466] [controller_manager]: Overrun might occur, Total time : 3123.024 us (Expected < 1000.000 us) --> Read time : 40.713 us, Update time : 301.499 us, Write time : 2780.812 us
[ros2_control_node-1] [WARN] [1776278970.333189549] [controller_manager]: Overrun detected! The controller manager missed its desired rate of 1000 Hz. The loop took 3.230372 ms (missed cycles : 4).
[adl_ui-15] 127.0.0.1 - - [15/Apr/2026 14:49:30] "GET /status_json HTTP/1.1" 200 -
[ros2_control_node-1] [WARN] [1776278971.333545640] [controller_manager]: Overrun might occur, Total time : 2556.530 us (Expected < 1000.000 us) --> Read time : 45.067 us, Update time : 234.691 us, Write time : 2276.772 us
[ros2_control_node-1] [WARN] [1776278971.333621720] [controller_manager]: Overrun detected! The controller manager missed its desired rate of 1000 Hz. The loop took 2.662634 ms (missed cycles : 3).
[adl_ui-15] 127.0.0.1 - - [15/Apr/2026 14:49:31] "GET /status_json HTTP/1.1" 200 -
[vision_apriltag-9] [INFO] [1776278971.944091934] [vision_apriltag_node]: Vision AprilTag: images are arriving on /wrist_mounted_camera/image, but no AprilTags have been detected yet.
[adl_ui-15] 127.0.0.1 - - [15/Apr/2026 14:49:32] "GET /status_json HTTP/1.1" 200 -
[ros2_control_node-1] [WARN] [1776278972.334940718] [controller_manager]: Overrun might occur, Total time : 2960.403 us (Expected < 1000.000 us) --> Read time : 35.746 us, Update time : 234.663 us, Write time : 2689.994 us
[ros2_control_node-1] [WARN] [1776278972.335014765] [controller_manager]: Overrun detected! The controller manager missed its desired rate of 1000 Hz. The loop took 3.056004 ms (missed cycles : 4).
[adl_ui-15] 127.0.0.1 - - [15/Apr/2026 14:49:32] "GET /status_json HTTP/1.1" 200 -
[vision_apriltag-9] [INFO] [1776278973.166442343] [vision_apriltag_node]: Vision AprilTag detection debug: no tags found after raw/CLAHE/sharp/adaptive/upscaled/tiled passes.
[ros2_control_node-1] [WARN] [1776278973.337564174] [controller_manager]: Overrun might occur, Total time : 2569.990 us (Expected < 1000.000 us) --> Read time : 52.546 us, Update time : 293.193 us, Write time : 2224.251 us
[ros2_control_node-1] [WARN] [1776278973.337669503] [controller_manager]: Overrun detected! The controller manager missed its desired rate of 1000 Hz. The loop took 2.710143 ms (missed cycles : 3).
[adl_ui-15] 127.0.0.1 - - [15/Apr/2026 14:49:33] "GET /status_json HTTP/1.1" 200 -
[vision_apriltag-9] [INFO] [1776278973.798940440] [vision_apriltag_node]: Vision AprilTag: images are arriving on /wrist_mounted_camera/image, but no AprilTags have been detected yet.
[wrist_camera_usb_publisher-8] [INFO] [1776278973.916753198] [wrist_camera_usb_publisher_node]: USB camera publisher heartbeat: publishing 1280x720 frames on /wrist_mounted_camera/image; camera_info fx=920.87, fy=921.57, cx=644.76, cy=343.15.
[ros2_control_node-1] [WARN] [1776278974.337611716] [controller_manager]: Overrun might occur, Total time : 4624.093 us (Expected < 1000.000 us) --> Read time : 38.906 us, Update time : 268.077 us, Write time : 4317.110 us
[ros2_control_node-1] [WARN] [1776278974.337679232] [controller_manager]: Overrun detected! The controller manager missed its desired rate of 1000 Hz. The loop took 4.720046 ms (missed cycles : 5).
[adl_ui-15] 127.0.0.1 - - [15/Apr/2026 14:49:34] "GET /status_json HTTP/1.1" 200 -
[adl_ui-15] 127.0.0.1 - - [15/Apr/2026 14:49:35] "GET /status_json HTTP/1.1" 200 -
[joint_state_sanitizer-3] [WARN] [1776278975.285763101] [joint_state_sanitizer_node]: [joint_state_sanitizer] Published sanitized joint state: joint_3:+3.136->+3.132
[ros2_control_node-1] [WARN] [1776278975.339915154] [controller_manager]: Overrun might occur, Total time : 3921.499 us (Expected < 1000.000 us) --> Read time : 35.373 us, Update time : 256.807 us, Write time : 3629.319 us
[ros2_control_node-1] [WARN] [1776278975.340021663] [controller_manager]: Overrun detected! The controller manager missed its desired rate of 1000 Hz. The loop took 4.062071 ms (missed cycles : 5).
[vision_apriltag-9] [INFO] [1776278975.796967053] [vision_apriltag_node]: Vision AprilTag: images are arriving on /wrist_mounted_camera/image, but no AprilTags have been detected yet.
[adl_ui-15] 127.0.0.1 - - [15/Apr/2026 14:49:35] "GET /status_json HTTP/1.1" 200 -
[ros2_control_node-1] [WARN] [1776278976.340692894] [controller_manager]: Overrun might occur, Total time : 2701.359 us (Expected < 1000.000 us) --> Read time : 54.674 us, Update time : 289.624 us, Write time : 2357.061 us
[ros2_control_node-1] [WARN] [1776278976.340764135] [controller_manager]: Overrun detected! The controller manager missed its desired rate of 1000 Hz. The loop took 2.804960 ms (missed cycles : 3).
[adl_ui-15] 127.0.0.1 - - [15/Apr/2026 14:49:36] "GET /status_json HTTP/1.1" 200 -
[ros2_control_node-1] [WARN] [1776278977.344050822] [controller_manager]: Overrun might occur, Total time : 3068.728 us (Expected < 1000.000 us) --> Read time : 32.010 us, Update time : 243.194 us, Write time : 2793.524 us
[ros2_control_node-1] [WARN] [1776278977.344147756] [controller_manager]: Overrun detected! The controller manager missed its desired rate of 1000 Hz. The loop took 3.188777 ms (missed cycles : 4).
[adl_ui-15] 127.0.0.1 - - [15/Apr/2026 14:49:37] "GET /status_json HTTP/1.1" 200 -
[vision_apriltag-9] [INFO] [1776278977.796385445] [vision_apriltag_node]: Vision AprilTag: images are arriving on /wrist_mounted_camera/image, but no AprilTags have been detected yet.
[vision_apriltag-9] [INFO] [1776278978.166905265] [vision_apriltag_node]: Vision AprilTag detection debug: no tags found after raw/CLAHE/sharp/adaptive/upscaled/tiled passes.
[adl_ui-15] 127.0.0.1 - - [15/Apr/2026 14:49:38] "GET /status_json HTTP/1.1" 200 -
[ros2_control_node-1] [WARN] [1776278978.347001340] [controller_manager]: Overrun might occur, Total time : 3022.122 us (Expected < 1000.000 us) --> Read time : 42.218 us, Update time : 277.592 us, Write time : 2702.312 us
[ros2_control_node-1] [WARN] [1776278978.347070755] [controller_manager]: Overrun detected! The controller manager missed its desired rate of 1000 Hz. The loop took 3.111923 ms (missed cycles : 4).
[adl_ui-15] 127.0.0.1 - - [15/Apr/2026 14:49:38] "GET /status_json HTTP/1.1" 200 -
[wrist_camera_usb_publisher-8] [INFO] [1776278979.081575269] [wrist_camera_usb_publisher_node]: USB camera publisher heartbeat: publishing 1280x720 frames on /wrist_mounted_camera/image; camera_info fx=920.87, fy=921.57, cx=644.76, cy=343.15.
[ros2_control_node-1] [WARN] [1776278979.349969904] [controller_manager]: Overrun might occur, Total time : 2970.329 us (Expected < 1000.000 us) --> Read time : 65.071 us, Update time : 316.639 us, Write time : 2588.619 us
[ros2_control_node-1] [WARN] [1776278979.350086985] [controller_manager]: Overrun detected! The controller manager missed its desired rate of 1000 Hz. The loop took 3.128733 ms (missed cycles : 4).
[adl_ui-15] 127.0.0.1 - - [15/Apr/2026 14:49:39] "GET /status_json HTTP/1.1" 200 -
[vision_apriltag-9] [INFO] [1776278979.795409873] [vision_apriltag_node]: Vision AprilTag: images are arriving on /wrist_mounted_camera/image, but no AprilTags have been detected yet.
[joint_state_sanitizer-3] [WARN] [1776278980.288056374] [joint_state_sanitizer_node]: [joint_state_sanitizer] Published sanitized joint state: joint_3:+3.136->+3.132
[ros2_control_node-1] [WARN] [1776278980.350291939] [controller_manager]: Overrun might occur, Total time : 3313.926 us (Expected < 1000.000 us) --> Read time : 34.044 us, Update time : 274.646 us, Write time : 3005.236 us
[ros2_control_node-1] [WARN] [1776278980.350360898] [controller_manager]: Overrun detected! The controller manager missed its desired rate of 1000 Hz. The loop took 3.402038 ms (missed cycles : 4).
[adl_ui-15] 127.0.0.1 - - [15/Apr/2026 14:49:40] "GET /status_json HTTP/1.1" 200 -
[adl_ui-15] 127.0.0.1 - - [15/Apr/2026 14:49:41] "GET /status_json HTTP/1.1" 200 -
[ros2_control_node-1] [WARN] [1776278981.350854398] [controller_manager]: Overrun might occur, Total time : 2867.049 us (Expected < 1000.000 us) --> Read time : 38.484 us, Update time : 226.075 us, Write time : 2602.490 us
[ros2_control_node-1] [WARN] [1776278981.350930754] [controller_manager]: Overrun detected! The controller manager missed its desired rate of 1000 Hz. The loop took 2.971941 ms (missed cycles : 3).
[vision_apriltag-9] [INFO] [1776278981.797648403] [vision_apriltag_node]: Vision AprilTag: images are arriving on /wrist_mounted_camera/image, but no AprilTags have been detected yet.
[adl_ui-15] 127.0.0.1 - - [15/Apr/2026 14:49:41] "GET /status_json HTTP/1.1" 200 -
[ros2_control_node-1] [WARN] [1776278982.351859075] [controller_manager]: Overrun might occur, Total time : 2867.651 us (Expected < 1000.000 us) --> Read time : 53.197 us, Update time : 282.532 us, Write time : 2531.922 us
[ros2_control_node-1] [WARN] [1776278982.351928581] [controller_manager]: Overrun detected! The controller manager missed its desired rate of 1000 Hz. The loop took 2.969517 ms (missed cycles : 3).
[adl_ui-15] 127.0.0.1 - - [15/Apr/2026 14:49:42] "GET /status_json HTTP/1.1" 200 -
[ros2_control_node-1] [WARN] [1776278983.351944640] [controller_manager]: Overrun might occur, Total time : 2953.083 us (Expected < 1000.000 us) --> Read time : 62.221 us, Update time : 289.002 us, Write time : 2601.860 us
[ros2_control_node-1] [WARN] [1776278983.352022883] [controller_manager]: Overrun detected! The controller manager missed its desired rate of 1000 Hz. The loop took 3.063924 ms (missed cycles : 4).
[adl_ui-15] 127.0.0.1 - - [15/Apr/2026 14:49:43] "GET /status_json HTTP/1.1" 200 -
[vision_apriltag-9] [INFO] [1776278983.684079834] [vision_apriltag_node]: Vision AprilTag detection debug: no tags found after raw/CLAHE/sharp/adaptive/upscaled/tiled passes.
[vision_apriltag-9] [INFO] [1776278983.798463870] [vision_apriltag_node]: Vision AprilTag: images are arriving on /wrist_mounted_camera/image, but no AprilTags have been detected yet.
