
===== 2026-04-22T13:04:40-04:00 | T1_full =====
cwd=/home/carrt-cse-project/workspace/ros2_kortex_ws
cmd=ros2 launch adl_tasks adl_start.launch.py launch_rviz:=true 

[INFO] [launch]: All log files can be found below /home/carrt-cse-project/.ros/log/2026-04-22-13-04-40-467178-carrt-cse-project-OptiPlex-5050-181442
[INFO] [launch]: Default logging verbosity is set to INFO
[INFO] [launch.user]: [arm_start.launch] MoveIt current state source: /joint_states_sanitized. Use use_joint_state_sanitizer:=false for raw-state viewer debugging.
[INFO] [launch.user]: [arm_start.launch] Using ADL controller config (share/adl_tasks/config/ros2_controllers_vbox.yaml, update_rate:=1000 Hz).
[INFO] [ros2_control_node-1]: process started with pid [181446]
[INFO] [robot_state_publisher-2]: process started with pid [181447]
[INFO] [joint_state_sanitizer-3]: process started with pid [181448]
[INFO] [spawner-4]: process started with pid [181449]
[INFO] [static_transform_publisher-5]: process started with pid [181450]
[INFO] [static_transform_publisher-6]: process started with pid [181451]
[INFO] [scene_static-7]: process started with pid [181452]
[INFO] [wrist_camera_usb_publisher-8]: process started with pid [181453]
[INFO] [vision_apriltag-9]: process started with pid [181454]
[INFO] [scene_from_vision-10]: process started with pid [181455]
[INFO] [adl_controller-11]: process started with pid [181456]
[INFO] [pick_dropped_bottle-12]: process started with pid [181457]
[INFO] [clear_table-13]: process started with pid [181458]
[INFO] [give_medication-14]: process started with pid [181459]
[INFO] [adl_ui-15]: process started with pid [181460]
[ros2_control_node-1] [INFO] [1776877480.815180435] [controller_manager]: Using Steady (Monotonic) clock for triggering controller manager cycles.
[static_transform_publisher-5] [INFO] [1776877480.821519711] [static_transform_publisher]: Spinning until stopped - publishing transform
[static_transform_publisher-5] translation: ('0.000000', '0.000000', '0.000000')
[static_transform_publisher-5] rotation: ('0.000000', '0.000000', '0.000000', '1.000000')
[static_transform_publisher-5] from 'world' to 'base_link'
[ros2_control_node-1] [INFO] [1776877480.833845455] [controller_manager]: Subscribing to '/robot_description' topic for robot description.
[ros2_control_node-1] [INFO] [1776877480.841760961] [controller_manager]: update rate is 1000 Hz
[ros2_control_node-1] [INFO] [1776877480.841796067] [controller_manager]: Overruns handling is : enabled
[ros2_control_node-1] [INFO] [1776877480.841808306] [controller_manager]: Spawning controller_manager RT thread with scheduler priority: 50
[ros2_control_node-1] [INFO] [1776877480.842326968] [controller_manager]: Successful set up FIFO RT scheduling policy with priority 50.
[static_transform_publisher-6] [INFO] [1776877480.905773985] [camera_color_optical_bridge_tf_pub]: Spinning until stopped - publishing transform
[static_transform_publisher-6] translation: ('0.000000', '0.000000', '0.000000')
[static_transform_publisher-6] rotation: ('0.000000', '0.000000', '0.000000', '1.000000')
[static_transform_publisher-6] from 'camera_color_frame' to 'wrist_mounted_camera_color_optical_frame'
[robot_state_publisher-2] [INFO] [1776877480.909704822] [robot_state_publisher]: Robot initialized
[ros2_control_node-1] [INFO] [1776877480.911077683] [controller_manager]: Received robot description from topic.
[ros2_control_node-1] [INFO] [1776877480.911159203] [controller_manager]: Enforcing command limits is disabled. Command limits from URDF will be ignored.
[ros2_control_node-1] [INFO] [1776877480.951083811] [controller_manager]: Loading hardware 'KortexMultiInterfaceHardware' 
[ros2_control_node-1] [INFO] [1776877481.011847644] [KortexMultiInterfaceHardware]: Setting severity threshold to DEBUG
[ros2_control_node-1] [INFO] [1776877481.011925866] [controller_manager]: Loaded hardware 'KortexMultiInterfaceHardware' from plugin 'kortex_driver/KortexMultiInterfaceHardware'
[ros2_control_node-1] [INFO] [1776877481.016575762] [controller_manager]: Initialize hardware 'KortexMultiInterfaceHardware' 
[ros2_control_node-1] [INFO] [1776877481.080930630] [KortexMultiInterfaceHardware]: Configuring Hardware Interface
[ros2_control_node-1] [INFO] [1776877481.084154747] [KortexMultiInterfaceHardware]: Robot ip is '192.168.0.10'
[ros2_control_node-1] [INFO] [1776877481.084174471] [KortexMultiInterfaceHardware]: Username is 'admin'
[ros2_control_node-1] [INFO] [1776877481.084189540] [KortexMultiInterfaceHardware]: Port used '10000'
[ros2_control_node-1] [INFO] [1776877481.084195514] [KortexMultiInterfaceHardware]: Realtime port used '10001'
[ros2_control_node-1] [INFO] [1776877481.084201354] [KortexMultiInterfaceHardware]: Session inactivity timeout is '60000'
[ros2_control_node-1] [INFO] [1776877481.084206970] [KortexMultiInterfaceHardware]: Connection inactivity timeout is '2000'
[ros2_control_node-1] [INFO] [1776877481.084213713] [KortexMultiInterfaceHardware]: Gripper joint name is 'robotiq_85_left_knuckle_joint'
[ros2_control_node-1] [INFO] [1776877481.084247199] [KortexMultiInterfaceHardware]: Connecting to robot at 192.168.0.10
[ros2_control_node-1] [INFO] [1776877481.092257310] [KortexMultiInterfaceHardware]: Creating session for communication
[ros2_control_node-1] [INFO] [1776877481.223556772] [KortexMultiInterfaceHardware]: Session created
[joint_state_sanitizer-3] [INFO] [1776877481.748360452] [joint_state_sanitizer_node]: joint_state_sanitizer started. raw=/joint_states -> sanitized=/joint_states_sanitized
[spawner-4] [INFO] [1776877481.817275210] [spawner_joint_state_broadcaster]: waiting for service /controller_manager/list_controllers to become available...
[adl_ui-15] [INFO] [1776877481.842647832] [adl_ui_node]: ADL UI Node started.
[adl_ui-15] [INFO] [1776877481.843413255] [adl_ui_node]: Automatic retract on UI load is disabled; startup sends no motion.
[adl_ui-15] [INFO] [1776877481.844483590] [adl_ui_node]: Web UI available at http://localhost:5000
[adl_ui-15]  * Serving Flask app 'adl_tasks.adl_ui'
[adl_ui-15]  * Debug mode: off
[adl_ui-15] WARNING: This is a development server. Do not use it in a production deployment. Use a production WSGI server instead.
[adl_ui-15]  * Running on all addresses (0.0.0.0)
[adl_ui-15]  * Running on http://127.0.0.1:5000
[adl_ui-15]  * Running on http://192.168.0.231:5000
[adl_ui-15] Press CTRL+C to quit
[scene_static-7] [INFO] [1776877481.891148939] [scene_static_node]: Static Scene Node started.
[scene_static-7] [INFO] [1776877481.892487403] [scene_static_node]: WHEELCHAIR_BASE_HEIGHT = 0.36195m  |  Table surface at z = 0.118m | Table front-edge-from-base = 0.406m | Table center at x = 0.681m | table_edge_lip_margin=0.0127m | table_edge_lip_thickness=0.0127m | table_edge_lip_height=0.480m | include_wheelchair_wall=True | include_left_desk_wall=True | include_right_desk_wall=True | include_arm_base_under_block=True | include_arm_base_side_lips=True | include_arm_base_left_back_block=True | include_arm_base_right_back_half_block=True
[scene_static-7] [INFO] [1776877481.893689844] [scene_static_node]: Wheelchair wall geometry: center=(-0.465, 0.000, 0.482) size=(0.450, 0.700, 1.688)
[scene_static-7] [INFO] [1776877481.894612087] [scene_static_node]: Arm-base under-block geometry: center=(0.000, 0.000, -0.212) size=(0.302, 0.378, 0.300) | platform=(0.200, 0.200) | margins(front/back=0.051, left/right=0.089)
[scene_static-7] [INFO] [1776877481.896331629] [scene_static_node]: Arm-base side-lip geometry: left_y=0.198, right_y=-0.198, center_z=-0.047, size=(0.314, 0.006, 0.030) | x_offset=-0.076, outset=0.006, front/back_margin=0.006
[scene_static-7] [INFO] [1776877481.898248214] [scene_static_node]: Arm-base left-back block geometry: center=(-0.177, 0.312, 0.482) size=(0.100, 0.408, 1.688) | inner_faces(x=-0.127, y=0.108) | left_wall_inner_face_y=0.504 | into_left_wall=0.013
[scene_static-7] [INFO] [1776877481.900399169] [scene_static_node]: Arm-base right-back half block geometry: center=(-0.177, -0.312, 0.060) size=(0.100, 0.408, 0.844) | inner_faces(x=-0.127, y=-0.108) | right_wall_inner_face_y=-0.504 | into_right_wall=0.013
[ros2_control_node-1] [INFO] [1776877481.922705877] [KortexMultiInterfaceHardware]: Actuator count reported by robot is '7'
[ros2_control_node-1] [INFO] [1776877481.922915759] [KortexMultiInterfaceHardware]: Using internal bus communication for gripper!
[ros2_control_node-1] [INFO] [1776877481.922924839] [KortexMultiInterfaceHardware]: Hardware Interface successfully configured
[ros2_control_node-1] [INFO] [1776877481.923015356] [controller_manager]: Successful initialization of hardware 'KortexMultiInterfaceHardware'
[ros2_control_node-1] [DEBUG] [1776877481.923084345] [KortexMultiInterfaceHardware]: export_state_interfaces for joint: joint_1
[ros2_control_node-1] [DEBUG] [1776877481.923110204] [KortexMultiInterfaceHardware]: export_state_interfaces for joint: joint_2
[ros2_control_node-1] [DEBUG] [1776877481.923122836] [KortexMultiInterfaceHardware]: export_state_interfaces for joint: joint_3
[ros2_control_node-1] [DEBUG] [1776877481.923127920] [KortexMultiInterfaceHardware]: export_state_interfaces for joint: joint_4
[ros2_control_node-1] [DEBUG] [1776877481.923131940] [KortexMultiInterfaceHardware]: export_state_interfaces for joint: joint_5
[ros2_control_node-1] [DEBUG] [1776877481.923136303] [KortexMultiInterfaceHardware]: export_state_interfaces for joint: joint_6
[ros2_control_node-1] [DEBUG] [1776877481.923140269] [KortexMultiInterfaceHardware]: export_state_interfaces for joint: joint_7
[ros2_control_node-1] [DEBUG] [1776877481.923143989] [KortexMultiInterfaceHardware]: export_state_interfaces for joint: robotiq_85_left_knuckle_joint
[ros2_control_node-1] [INFO] [1776877481.926410063] [resource_manager]: 'configure' hardware 'KortexMultiInterfaceHardware' 
[ros2_control_node-1] [INFO] [1776877481.929532957] [resource_manager]: Successful 'configure' of hardware 'KortexMultiInterfaceHardware'
[ros2_control_node-1] [INFO] [1776877481.929636630] [resource_manager]: 'activate' hardware 'KortexMultiInterfaceHardware' 
[ros2_control_node-1] [INFO] [1776877481.929677438] [KortexMultiInterfaceHardware]: Activating KortexMultiInterfaceHardware...
[ros2_control_node-1] [INFO] [1776877481.935586065] [KortexMultiInterfaceHardware]: Gripper initial position is '14.410482'.
[ros2_control_node-1] [INFO] [1776877481.939958446] [KortexMultiInterfaceHardware]: KortexMultiInterfaceHardware successfully activated!
[ros2_control_node-1] [INFO] [1776877481.940004397] [resource_manager]: Successful 'activate' of hardware 'KortexMultiInterfaceHardware'
[ros2_control_node-1] [INFO] [1776877481.940275328] [controller_manager]: Registering statistics for : KortexMultiInterfaceHardware
[ros2_control_node-1] [INFO] [1776877481.940490327] [controller_manager]: Resource Manager has been successfully initialized. Starting Controller Manager services...
[ros2_control_node-1] [WARN] [1776877481.957182722] [controller_manager]: Overrun might occur, Total time : 16719.979 us (Expected < 1000.000 us) --> Read time : 9667.120 us, Update time : 26.807 us, Write time : 7026.052 us
[ros2_control_node-1] [WARN] [1776877481.957258603] [controller_manager]: Overrun detected! The controller manager missed its desired rate of 1000 Hz. The loop took 16.824758 ms (missed cycles : 17).
[ros2_control_node-1] [INFO] [1776877482.078942134] [controller_manager]: Loading controller : 'joint_state_broadcaster' of type 'joint_state_broadcaster/JointStateBroadcaster'
[ros2_control_node-1] [INFO] [1776877482.079010621] [controller_manager]: Loading controller 'joint_state_broadcaster'
[adl_ui-15] 127.0.0.1 - - [22/Apr/2026 13:04:42] "GET /status_json HTTP/1.1" 200 -
[ros2_control_node-1] [INFO] [1776877482.096459143] [controller_manager]: Controller 'joint_state_broadcaster' node arguments: --ros-args --params-file /home/carrt-cse-project/workspace/ros2_kortex_ws/install/adl_tasks/share/adl_tasks/config/ros2_controllers_vbox.yaml --params-file /tmp/launch_params_uahj3y7q 
[spawner-4] [INFO] [1776877482.156676092] [spawner_joint_state_broadcaster]: Loaded joint_state_broadcaster
[ros2_control_node-1] [INFO] [1776877482.162735510] [controller_manager]: Configuring controller: 'joint_state_broadcaster'
[ros2_control_node-1] [INFO] [1776877482.163025931] [joint_state_broadcaster]: 'joints' or 'interfaces' parameter is empty. All available state interfaces will be published
[ros2_control_node-1] [INFO] [1776877482.189836094] [controller_manager]: Activating controllers: [ joint_state_broadcaster ]
[ros2_control_node-1] [INFO] [1776877482.195020970] [controller_manager]: Successfully switched controllers!
[ros2_control_node-1] [WARN] [1776877482.199780877] [controller_manager]: Overrun might occur, Total time : 6321.160 us (Expected < 1000.000 us) --> Read time : 40.167 us, Update time : 1510.939 us (Switch time : 1461.549 us (Switch chained mode time : 2.174 us, perform mode change time : 3.678 us, Activation time : 1446.270 us, Deactivation time : 2.030 us)), Write time : 4770.054 us
[joint_state_sanitizer-3] [WARN] [1776877482.204354944] [joint_state_sanitizer_node]: [joint_state_sanitizer] Published sanitized joint state: joint_3:-3.142->-3.132
[spawner-4] [INFO] [1776877482.205271979] [spawner_joint_state_broadcaster]: Configured and activated joint_state_broadcaster
[pick_dropped_bottle-12] [INFO] [1776877482.284252881] [pick_dropped_bottle_node]: PickDroppedBottle starting...
[pick_dropped_bottle-12] [INFO] [1776877482.371551309] [pick_dropped_bottle_node]: MoveItHelper initialized. joint_state_topic=/joint_states_sanitized (sanitized_expected=True) real_hardware_mode=True short_cartesian_mode=hybrid
[pick_dropped_bottle-12] [INFO] [1776877482.372540518] [pick_dropped_bottle_node]: ADL_DIRECT_FIXED_JOINTS is unset; defaulting fixed-joint direct trajectories to disabled on real hardware (collision-aware MoveIt path first).
[pick_dropped_bottle-12] [INFO] [1776877482.385918499] [pick_dropped_bottle_node]: Vision Client initialized, waiting for service...
[INFO] [spawner-4]: process has finished cleanly [pid 181449]
[wrist_camera_usb_publisher-8] [INFO] [1776877482.546626280] [wrist_camera_usb_publisher_node]: USB camera publisher: trying camera source index 2.
[wrist_camera_usb_publisher-8] [INFO] [1776877482.648693436] [wrist_camera_usb_publisher_node]: USB camera publisher: opened camera source index 2.
[wrist_camera_usb_publisher-8] [INFO] [1776877482.649816153] [wrist_camera_usb_publisher_node]: Wrist Camera USB Publisher started.
[wrist_camera_usb_publisher-8] [INFO] [1776877482.651011052] [wrist_camera_usb_publisher_node]: Publishing USB camera frames on /wrist_mounted_camera/image with frame_id=wrist_mounted_camera_color_optical_frame.
[wrist_camera_usb_publisher-8] [INFO] [1776877482.652315977] [wrist_camera_usb_publisher_node]: Publishing camera info on /wrist_mounted_camera/camera_info from reference intrinsics [554.25, 554.25, 320.0, 240.0] @ 640x480.
[wrist_camera_usb_publisher-8] [INFO] [1776877482.653497461] [wrist_camera_usb_publisher_node]: Using explicit camera_matrix for CameraInfo. matrix_size=1280x720, K=[920.874267578125, 0.0, 644.7646484375, 0.0, 921.5654907226562, 343.1528625488281, 0.0, 0.0, 1.0], d=[0.0, 0.0, 0.0, 0.0, 0.0]
[wrist_camera_usb_publisher-8] [INFO] [1776877482.654620259] [wrist_camera_usb_publisher_node]: Requested source=2 size=1280x720 fps=10.0
[adl_ui-15] 127.0.0.1 - - [22/Apr/2026 13:04:42] "GET /status_json HTTP/1.1" 200 -
[INFO] [spawner-16]: process started with pid [181689]
[INFO] [spawner-17]: process started with pid [181690]
[INFO] [spawner-18]: process started with pid [181691]
[INFO] [spawner-19]: process started with pid [181692]
[ros2_control_node-1] [WARN] [1776877482.961785848] [controller_manager]: Overrun might occur, Total time : 4328.360 us (Expected < 1000.000 us) --> Read time : 39.054 us, Update time : 96.700 us, Write time : 4192.606 us
[ros2_control_node-1] [WARN] [1776877482.961860688] [controller_manager]: Overrun detected! The controller manager missed its desired rate of 1000 Hz. The loop took 4.427239 ms (missed cycles : 5).
[clear_table-13] [INFO] [1776877483.016946559] [clear_table_node]: Clear Table Node Started
[vision_apriltag-9] [INFO] [1776877483.032451914] [vision_apriltag_node]: Vision AprilTag Node Started
[vision_apriltag-9] [INFO] [1776877483.034397652] [vision_apriltag_node]: Subscribing to camera topic: /wrist_mounted_camera/image
[vision_apriltag-9] [INFO] [1776877483.036291914] [vision_apriltag_node]: Subscribing to camera info topic: /wrist_mounted_camera/camera_info
[vision_apriltag-9] [INFO] [1776877483.038199203] [vision_apriltag_node]: Camera frame: wrist_mounted_camera_color_optical_frame | use_image_header_frame=True
[vision_apriltag-9] [INFO] [1776877483.040049485] [vision_apriltag_node]: Tag size: 0.025m | pose_cache_retention_s=20.0 | get_pose_wait_timeout_s=5.0 | max_returned_pose_age_s=20.0 | camera_params=[554.25, 554.25, 320.0, 240.0] | families=tag36h11 | quad_decimate=1.0 | requested_backend=opencv | backend=cv2.aruco | opencv_pose_solver=ippe_square | use_image_timestamp_for_tf=False
[vision_apriltag-9] [INFO] [1776877483.042088625] [vision_apriltag_node]: Top-tag known-plane projection: enabled=True, planes={3: 0.13995, 4: 0.1752}
[vision_apriltag-9] [INFO] [1776877483.044499581] [vision_apriltag_node]: pupil_apriltags tuning: nthreads=1, quad_sigma=0.0, refine_edges=1, decode_sharpening=0.25, debug=0, preprocess_variants=['raw', 'clahe', 'adaptive', 'clahe_sharp', 'clahe_up2', 'sharp_up2'], tile_search_if_empty=True, tile_search_grid=3x2, tile_search_scale=2.0, tile_search_overlap=0.25
[vision_apriltag-9] [WARN] [1776877483.047277894] [vision_apriltag_node]: pupil_apriltags is not importable by this node, so detection is using OpenCV fallback only. python=/usr/bin/python3, import_error=No module named 'pupil_apriltags'. If .venv contains pupil_apriltags, rebuild adl_tasks with that venv active or run the module with the venv Python.
[vision_apriltag-9] [INFO] [1776877483.049766428] [vision_apriltag_node]: Publishing AprilTag debug images on /vision_apriltag/debug_image at up to 1.0 Hz.
[clear_table-13] [INFO] [1776877483.108972068] [clear_table_node]: MoveItHelper initialized. joint_state_topic=/joint_states_sanitized (sanitized_expected=True) real_hardware_mode=True short_cartesian_mode=hybrid
[clear_table-13] [INFO] [1776877483.109906642] [clear_table_node]: ADL_DIRECT_FIXED_JOINTS is unset; defaulting fixed-joint direct trajectories to disabled on real hardware (collision-aware MoveIt path first).
[clear_table-13] [INFO] [1776877483.120802009] [clear_table_node]: Vision Client initialized, waiting for service...
[clear_table-13] [INFO] [1776877483.121485476] [clear_table_node]: Vision service is ready.
[clear_table-13] [INFO] [1776877483.128584213] [clear_table_node]: Clear Table Node ready. Waiting for command.
[clear_table-13] [INFO] [1776877483.129242321] [clear_table_node]: Startup motion disabled at node load; motion begins only after clear_table command.
[clear_table-13] [INFO] [1776877483.129934759] [clear_table_node]: clear_table scan flags: top_only_scan_mode=False (ADL_CLEAR_TABLE_TOP_ONLY_SCAN='false'), two_phase_require_side_sweep_before_priority_exit=True (ADL_CLEAR_TABLE_REQUIRE_SIDE_SWEEP='true'), two_phase_top_full_sweep_before_priority_exit=True.
[clear_table-13] [INFO] [1776877483.135073199] [clear_table_node]: clear_table planned scan sequence: top_center (standard top view over the table) -> top_downturned (downward top view for flat tags and back-right table coverage) -> side_right (right-shifted side view for cup/side tags) -> side_left (left-shifted side view for cup/side tags).
[spawner-16] [INFO] [1776877483.433723687] [spawner_joint_trajectory_controller]: waiting for service /controller_manager/list_controllers to become available...
[wrist_camera_usb_publisher-8] [INFO] [1776877483.450620666] [wrist_camera_usb_publisher_node]: USB camera info active intrinsics: size=1280x720, fx=920.87, fy=921.57, cx=644.76, cy=343.15, d=array('d', [0.0, 0.0, 0.0, 0.0, 0.0])
[wrist_camera_usb_publisher-8] [INFO] [1776877483.451255688] [wrist_camera_usb_publisher_node]: USB camera publisher heartbeat: publishing 1280x720 frames on /wrist_mounted_camera/image; camera_info fx=920.87, fy=921.57, cx=644.76, cy=343.15.
[vision_apriltag-9] [INFO] [1776877483.456289102] [vision_apriltag_node]: Vision AprilTag camera model updated from CameraInfo: size=1280x720, fx=920.87, fy=921.57, cx=644.76, cy=343.15, d=[0.0, 0.0, 0.0, 0.0, 0.0]
[scene_from_vision-10] [INFO] [1776877483.540154999] [scene_from_vision_node]: Scene From Vision Node Started
[give_medication-14] [INFO] [1776877483.544711168] [give_medication_node]: give_medication starting...
[adl_controller-11] [INFO] [1776877483.559615352] [adl_controller_node]: MoveItHelper initialized. joint_state_topic=/joint_states_sanitized (sanitized_expected=True) real_hardware_mode=True short_cartesian_mode=hybrid
[adl_controller-11] [INFO] [1776877483.560394448] [adl_controller_node]: ADL_DIRECT_FIXED_JOINTS is unset; defaulting fixed-joint direct trajectories to disabled on real hardware (collision-aware MoveIt path first).
[adl_controller-11] [INFO] [1776877483.571046782] [adl_controller_node]: ADL controller ready. Waiting for UI/system commands.
[adl_ui-15] 127.0.0.1 - - [22/Apr/2026 13:04:43] "GET /status_json HTTP/1.1" 200 -
[give_medication-14] [INFO] [1776877483.626534841] [give_medication_node]: MoveItHelper initialized. joint_state_topic=/joint_states_sanitized (sanitized_expected=True) real_hardware_mode=True short_cartesian_mode=hybrid
[give_medication-14] [INFO] [1776877483.627422777] [give_medication_node]: ADL_DIRECT_FIXED_JOINTS is unset; defaulting fixed-joint direct trajectories to disabled on real hardware (collision-aware MoveIt path first).
[give_medication-14] [INFO] [1776877483.639177691] [give_medication_node]: Vision Client initialized, waiting for service...
[give_medication-14] [INFO] [1776877483.639807076] [give_medication_node]: Vision service is ready.
[give_medication-14] [INFO] [1776877483.646372406] [give_medication_node]: give_medication ready.
[scene_from_vision-10] [INFO] [1776877483.962299971] [scene_from_vision_node]: SceneFromVision: Updating planning scene. Tracking 5 object shape(s). memory_mode=True, scan_duration_s=5.0, scan_min_samples=3, scan_target_samples=8, scan_extend_step_s=0.0, scan_max_extensions=0, scan_prune_unseen_objects=False, continuous_scene_updates=False, latch_first_detection_updates=True, log_object_pose_debug=False, apply_planning_scene_service_updates=True, publish_monitored_planning_scene_updates=True, side_viewpoint=wrist_mounted_camera_color_optical_frame->base_link, reject_table_objects_outside_bounds=False.
[scene_from_vision-10] [INFO] [1776877483.964399022] [scene_from_vision_node]: SceneFromVision calibration: xy_offset=(0.000, 0.000), z_offset=0.000, yaw_deg=0.00, xy_scale=1.0000, clamp_table_objects_to_table_bounds=False, table_bounds_margin_m=0.030.
[ros2_control_node-1] [WARN] [1776877483.964784530] [controller_manager]: Overrun might occur, Total time : 4326.488 us (Expected < 1000.000 us) --> Read time : 35.750 us, Update time : 87.549 us, Write time : 4203.189 us
[ros2_control_node-1] [WARN] [1776877483.964854062] [controller_manager]: Overrun detected! The controller manager missed its desired rate of 1000 Hz. The loop took 4.420542 ms (missed cycles : 5).
[scene_from_vision-10] [INFO] [1776877483.966767884] [scene_from_vision_node]: SceneFromVision object offsets: remote_axis=y, remote_tag_to_center_sign=-1.0, remote_tag_from_end_m=0.020, remote_world_offset=(-0.040, 0.000), cube_tag_to_center=(0.000, 0.000), cube_world_offset=(-0.020, -0.006), cube_yaw_offset_deg=0.0, medication_world_offset=(-0.090, -0.030), medication_face_to_center_m=0.030, cup_world_offset=(-0.085, -0.040), cup_face_to_center_m=0.037, cup_scene_scan_pose_xy_offsets={'side_right': (-0.02, -0.019), 'side_left': (-0.128, 0.003), 'side_fallback_center': (0.0, 0.0), 'side_unknown': (0.0, 0.0)}.
[scene_static-7] [WARN] [1776877484.040073852] [scene_static_node]: Planning scene service not available, waiting...
[vision_apriltag-9] [INFO] [1776877484.235990458] [vision_apriltag_node]: Vision AprilTag detection debug: no tags found after raw/CLAHE/sharp/adaptive/upscaled/tiled passes.
[adl_ui-15] 127.0.0.1 - - [22/Apr/2026 13:04:44] "GET /status_json HTTP/1.1" 200 -
[pick_dropped_bottle-12] [INFO] [1776877484.390386528] [pick_dropped_bottle_node]: Vision service is not available, waiting...
[ros2_control_node-1] [WARN] [1776877484.968259423] [controller_manager]: Overrun might occur, Total time : 2802.295 us (Expected < 1000.000 us) --> Read time : 17.810 us, Update time : 60.434 us, Write time : 2724.051 us
[ros2_control_node-1] [WARN] [1776877484.968329489] [controller_manager]: Overrun detected! The controller manager missed its desired rate of 1000 Hz. The loop took 2.896342 ms (missed cycles : 3).
[ros2_control_node-1] [INFO] [1776877484.981009082] [controller_manager]: Loading controller : 'joint_trajectory_controller' of type 'joint_trajectory_controller/JointTrajectoryController'
[ros2_control_node-1] [INFO] [1776877484.981063736] [controller_manager]: Loading controller 'joint_trajectory_controller'
[ros2_control_node-1] [INFO] [1776877484.986618892] [controller_manager]: Controller 'joint_trajectory_controller' node arguments: --ros-args --params-file /home/carrt-cse-project/workspace/ros2_kortex_ws/install/adl_tasks/share/adl_tasks/config/ros2_controllers_vbox.yaml --params-file /tmp/launch_params_uahj3y7q 
[vision_apriltag-9] [INFO] [1776877484.996343461] [vision_apriltag_node]: Vision AprilTag: images are arriving on /wrist_mounted_camera/image, but no AprilTags have been detected yet.
[spawner-16] [INFO] [1776877485.035063716] [spawner_joint_trajectory_controller]: Loaded joint_trajectory_controller
[ros2_control_node-1] [INFO] [1776877485.037271019] [controller_manager]: Configuring controller: 'joint_trajectory_controller'
[ros2_control_node-1] [INFO] [1776877485.037926061] [joint_trajectory_controller]: No specific joint names are used for command interfaces. Using 'joints' parameter.
[ros2_control_node-1] [INFO] [1776877485.038229116] [joint_trajectory_controller]: Command interfaces are [position] and state interfaces are [position velocity].
[ros2_control_node-1] [INFO] [1776877485.038434618] [joint_trajectory_controller]: Using 'splines' interpolation method.
[ros2_control_node-1] [INFO] [1776877485.044503621] [joint_trajectory_controller]: Action status changes will be monitored at 10.00 Hz.
[ros2_control_node-1] [INFO] [1776877485.068960963] [controller_manager]: Activating controllers: [ joint_trajectory_controller ]
[adl_ui-15] 127.0.0.1 - - [22/Apr/2026 13:04:45] "GET /status_json HTTP/1.1" 200 -
[ros2_control_node-1] [INFO] [1776877485.303423289] [controller_manager]: Successfully switched controllers!
[ros2_control_node-1] [WARN] [1776877485.306491369] [controller_manager]: Overrun might occur, Total time : 35017.633 us (Expected < 1000.000 us) --> Read time : 37.755 us, Update time : 31918.012 us (Switch time : 31817.688 us (Switch chained mode time : 4.013 us, perform mode change time : 30615.157 us, Activation time : 1191.238 us, Deactivation time : 1.073 us)), Write time : 3061.866 us
[spawner-16] [INFO] [1776877485.310779331] [spawner_joint_trajectory_controller]: Configured and activated joint_trajectory_controller
[INFO] [spawner-16]: process has finished cleanly [pid 181689]
[spawner-19] [INFO] [1776877485.766020427] [spawner_fault_controller]: waiting for service /controller_manager/list_controllers to become available...
[adl_ui-15] 127.0.0.1 - - [22/Apr/2026 13:04:45] "GET /status_json HTTP/1.1" 200 -
[pick_dropped_bottle-12] [INFO] [1776877485.893812733] [pick_dropped_bottle_node]: Vision service is ready.
[pick_dropped_bottle-12] [INFO] [1776877485.903834881] [pick_dropped_bottle_node]: [Bottle] Assumptions: tag0 is bottle, bottle lies horizontally on floor, AprilTag is on side midsection with tag +Y oriented upward toward camera, and grasp target is bottle midsection near the QR/tag centerline.
[pick_dropped_bottle-12] [INFO] [1776877485.904665809] [pick_dropped_bottle_node]: [Bottle] Geometry: height=0.200m diameter=0.060m radius=0.030m; gripper_force=16.0N.
[pick_dropped_bottle-12] [INFO] [1776877485.905278012] [pick_dropped_bottle_node]: PickDroppedBottle ready. Waiting for command.
[pick_dropped_bottle-12] [INFO] [1776877485.906366524] [pick_dropped_bottle_node]: Startup motion disabled at node load; motion begins only after pick_dropped_bottle command.
[ros2_control_node-1] [WARN] [1776877485.968997097] [controller_manager]: Overrun might occur, Total time : 2546.052 us (Expected < 1000.000 us) --> Read time : 29.931 us, Update time : 140.997 us, Write time : 2375.124 us
[ros2_control_node-1] [WARN] [1776877485.969055656] [controller_manager]: Overrun detected! The controller manager missed its desired rate of 1000 Hz. The loop took 2.622338 ms (missed cycles : 3).
[scene_static-7] [WARN] [1776877486.043248247] [scene_static_node]: Planning scene service not available, waiting...
[adl_ui-15] 127.0.0.1 - - [22/Apr/2026 13:04:46] "GET /status_json HTTP/1.1" 200 -
[ros2_control_node-1] [WARN] [1776877486.970795943] [controller_manager]: Overrun might occur, Total time : 4343.352 us (Expected < 1000.000 us) --> Read time : 27.603 us, Update time : 165.359 us, Write time : 4150.390 us
[ros2_control_node-1] [WARN] [1776877486.970863587] [controller_manager]: Overrun detected! The controller manager missed its desired rate of 1000 Hz. The loop took 4.430234 ms (missed cycles : 5).
[vision_apriltag-9] [INFO] [1776877486.991112279] [vision_apriltag_node]: Vision AprilTag: images are arriving on /wrist_mounted_camera/image, but no AprilTags have been detected yet.
[INFO] [move_group-20]: process started with pid [181908]
[INFO] [rviz2-21]: process started with pid [181909]
[joint_state_sanitizer-3] [WARN] [1776877487.206377539] [joint_state_sanitizer_node]: [joint_state_sanitizer] Published sanitized joint state: joint_3:-3.142->-3.132
[adl_ui-15] 127.0.0.1 - - [22/Apr/2026 13:04:47] "GET /status_json HTTP/1.1" 200 -
[move_group-20] [INFO] [1776877487.377326521] [move_group.moveit.moveit.ros.rdf_loader]: Loaded robot model in 0.0141992 seconds
[move_group-20] [INFO] [1776877487.377499375] [move_group.moveit.moveit.core.robot_model]: Loading robot model 'gen3'...
[move_group-20] [INFO] [1776877487.377525510] [move_group.moveit.moveit.core.robot_model]: No root/virtual joint specified in SRDF. Assuming fixed joint
[move_group-20] [INFO] [1776877487.551936121] [move_group.moveit.moveit.kinematics.kdl_kinematics_plugin]: Joint weights for group 'manipulator': 1 1 1 1 1 1 1
[ros2_control_node-1] [INFO] [1776877487.805007036] [controller_manager]: Loading controller : 'fault_controller' of type 'picknik_reset_fault_controller/PicknikResetFaultController'
[ros2_control_node-1] [INFO] [1776877487.805048300] [controller_manager]: Loading controller 'fault_controller'
[ros2_control_node-1] [INFO] [1776877487.817915956] [controller_manager]: Controller 'fault_controller' node arguments: --ros-args --params-file /home/carrt-cse-project/workspace/ros2_kortex_ws/install/adl_tasks/share/adl_tasks/config/ros2_controllers_vbox.yaml --params-file /tmp/launch_params_uahj3y7q 
[spawner-19] [INFO] [1776877487.862353441] [spawner_fault_controller]: Loaded fault_controller
[ros2_control_node-1] [INFO] [1776877487.868287051] [controller_manager]: Configuring controller: 'fault_controller'
[ros2_control_node-1] [WARN] [1776877487.973491965] [controller_manager]: Overrun might occur, Total time : 3036.971 us (Expected < 1000.000 us) --> Read time : 38.061 us, Update time : 210.070 us, Write time : 2788.840 us
[ros2_control_node-1] [WARN] [1776877487.973566894] [controller_manager]: Overrun detected! The controller manager missed its desired rate of 1000 Hz. The loop took 3.132973 ms (missed cycles : 4).
[ros2_control_node-1] [INFO] [1776877487.973619714] [controller_manager]: Activating controllers: [ fault_controller ]
[scene_static-7] [WARN] [1776877488.051369646] [scene_static_node]: Planning scene service not available, waiting...
[adl_ui-15] 127.0.0.1 - - [22/Apr/2026 13:04:48] "GET /status_json HTTP/1.1" 200 -
[rviz2-21] [INFO] [1776877488.166492984] [rviz2]: Stereo is NOT SUPPORTED
[rviz2-21] [INFO] [1776877488.166588695] [rviz2]: OpenGl version: 4.6 (GLSL 4.6)
[ros2_control_node-1] [INFO] [1776877488.186965528] [controller_manager]: Successfully switched controllers!
[ros2_control_node-1] [WARN] [1776877488.191219805] [controller_manager]: Overrun might occur, Total time : 10749.893 us (Expected < 1000.000 us) --> Read time : 55.794 us, Update time : 6222.894 us (Switch time : 5928.331 us (Switch chained mode time : 1.407 us, perform mode change time : 29.695 us, Activation time : 5887.230 us, Deactivation time : 1.146 us)), Write time : 4471.205 us
[spawner-19] [INFO] [1776877488.199968479] [spawner_fault_controller]: Configured and activated fault_controller
[rviz2-21] [INFO] [1776877488.225686275] [rviz2]: Stereo is NOT SUPPORTED
[move_group-20] [INFO] [1776877488.285551291] [move_group.moveit.moveit.ros.planning_scene_monitor]: Publishing maintained planning scene on 'monitored_planning_scene'
[move_group-20] [INFO] [1776877488.285754336] [move_group.moveit.moveit.ros.moveit_cpp]: Listening to 'joint_states' for joint states
[move_group-20] [INFO] [1776877488.288160684] [move_group.moveit.moveit.ros.current_state_monitor]: Listening to joint states on topic 'joint_states'
[move_group-20] [INFO] [1776877488.294724757] [move_group.moveit.moveit.ros.planning_scene_monitor]: Listening to '/attached_collision_object' for attached collision objects
[move_group-20] [INFO] [1776877488.294772946] [move_group.moveit.moveit.ros.planning_scene_monitor]: Stopping existing planning scene publisher.
[spawner-18] [INFO] [1776877488.433002980] [spawner_robotiq_gripper_controller]: waiting for service /controller_manager/list_controllers to become available...
[rviz2-21] Warning: class_loader.impl: SEVERE WARNING!!! A namespace collision has occurred with plugin factory for class rviz_default_plugins::displays::InteractiveMarkerDisplay. New factory will OVERWRITE existing one. This situation occurs when libraries containing plugins are directly linked against an executable (the one running right now generating this message). Please separate plugins out into their own library or just don't link against the library and use either class_loader::ClassLoader/MultiLibraryClassLoader to open.
[rviz2-21]          at line 321 in /opt/ros/jazzy/include/class_loader/class_loader/class_loader_core.hpp
[INFO] [spawner-19]: process has finished cleanly [pid 181692]
[move_group-20] [INFO] [1776877488.538726314] [move_group.moveit.moveit.ros.planning_scene_monitor]: Stopped publishing maintained planning scene.
[wrist_camera_usb_publisher-8] [INFO] [1776877488.602325940] [wrist_camera_usb_publisher_node]: USB camera publisher heartbeat: publishing 1280x720 frames on /wrist_mounted_camera/image; camera_info fx=920.87, fy=921.57, cx=644.76, cy=343.15.
[rviz2-21] [WARN] [1776877488.742304824] [rcl.logging_rosout]: Publisher already registered for node name: 'rviz2_moveit'. If this is due to multiple nodes with the same name then all logs for the logger named 'rviz2_moveit' will go out over the existing publisher. As soon as any node with that name is destructed it will unregister the publisher, preventing any further logs for that name from being published on the rosout topic.
[move_group-20] [INFO] [1776877488.751995074] [move_group.moveit.moveit.ros.planning_scene_monitor]: Publishing maintained planning scene on 'monitored_planning_scene'
[move_group-20] [INFO] [1776877488.752124759] [move_group.moveit.moveit.ros.planning_scene_monitor]: Starting planning scene monitor
[move_group-20] [INFO] [1776877488.756525254] [move_group.moveit.moveit.ros.planning_scene_monitor]: Listening to '/planning_scene'
[move_group-20] [INFO] [1776877488.756576607] [move_group.moveit.moveit.ros.planning_scene_monitor]: Starting world geometry update monitor for collision objects, attached objects, octomap updates.
[move_group-20] [INFO] [1776877488.759334629] [move_group.moveit.moveit.ros.planning_scene_monitor]: Listening to 'collision_object'
[move_group-20] [INFO] [1776877488.760201233] [move_group.moveit.moveit.ros.planning_scene_monitor]: Listening to 'planning_scene_world' for planning scene world geometry
[move_group-20] [WARN] [1776877488.761149096] [move_group.moveit.moveit.ros.occupancy_map_monitor]: Resolution not specified for Octomap. Assuming resolution = 0.1 instead
[move_group-20] [ERROR] [1776877488.761175260] [move_group.moveit.moveit.ros.occupancy_map_monitor]: No 3D sensor plugin(s) defined for octomap updates
[adl_ui-15] 127.0.0.1 - - [22/Apr/2026 13:04:48] "GET /status_json HTTP/1.1" 200 -
[ros2_control_node-1] [WARN] [1776877488.973523638] [controller_manager]: Overrun might occur, Total time : 3069.421 us (Expected < 1000.000 us) --> Read time : 24.486 us, Update time : 182.842 us, Write time : 2862.093 us
[ros2_control_node-1] [WARN] [1776877488.973589718] [controller_manager]: Overrun detected! The controller manager missed its desired rate of 1000 Hz. The loop took 3.156070 ms (missed cycles : 4).
[vision_apriltag-9] [INFO] [1776877488.989389119] [vision_apriltag_node]: Vision AprilTag: images are arriving on /wrist_mounted_camera/image, but no AprilTags have been detected yet.
[move_group-20] [INFO] [1776877489.018271032] [move_group.moveit.moveit.ros.planning_pipeline]: Successfully loaded planner 'OMPL'
[move_group-20] [INFO] [1776877489.022111068] [move_group]: Try loading adapter 'default_planning_request_adapters/ResolveConstraintFrames'
[move_group-20] [INFO] [1776877489.023909027] [move_group]: Loaded adapter 'default_planning_request_adapters/ResolveConstraintFrames'
[move_group-20] [INFO] [1776877489.023945642] [move_group]: Try loading adapter 'default_planning_request_adapters/ValidateWorkspaceBounds'
[move_group-20] [INFO] [1776877489.024230710] [move_group]: Loaded adapter 'default_planning_request_adapters/ValidateWorkspaceBounds'
[move_group-20] [INFO] [1776877489.024247685] [move_group]: Try loading adapter 'default_planning_request_adapters/CheckStartStateBounds'
[move_group-20] [INFO] [1776877489.024284527] [move_group]: Loaded adapter 'default_planning_request_adapters/CheckStartStateBounds'
[move_group-20] [INFO] [1776877489.024294498] [move_group]: Try loading adapter 'default_planning_request_adapters/CheckStartStateCollision'
[move_group-20] [INFO] [1776877489.024313149] [move_group]: Loaded adapter 'default_planning_request_adapters/CheckStartStateCollision'
[move_group-20] [INFO] [1776877489.029583371] [move_group]: Try loading adapter 'default_planning_response_adapters/AddTimeOptimalParameterization'
[move_group-20] [INFO] [1776877489.033305413] [move_group]: Loaded adapter 'default_planning_response_adapters/AddTimeOptimalParameterization'
[move_group-20] [INFO] [1776877489.033341922] [move_group]: Try loading adapter 'default_planning_response_adapters/ValidateSolution'
[move_group-20] [INFO] [1776877489.036973814] [move_group]: Loaded adapter 'default_planning_response_adapters/ValidateSolution'
[move_group-20] [INFO] [1776877489.037001470] [move_group]: Try loading adapter 'default_planning_response_adapters/DisplayMotionPath'
[move_group-20] [INFO] [1776877489.037885084] [move_group]: Loaded adapter 'default_planning_response_adapters/DisplayMotionPath'
[move_group-20] [INFO] [1776877489.099742678] [move_group.moveit.moveit.plugins.simple_controller_manager]: Added FollowJointTrajectory controller for joint_trajectory_controller
[move_group-20] [INFO] [1776877489.099845530] [move_group.moveit.moveit.plugins.simple_controller_manager]: robotiq_gripper_controller will command a max effort of: 0
[move_group-20] [INFO] [1776877489.105289692] [move_group.moveit.moveit.plugins.simple_controller_manager]: Added GripperCommand controller for robotiq_gripper_controller
[move_group-20] [INFO] [1776877489.105499273] [move_group.moveit.moveit.plugins.simple_controller_manager]: Returned 2 controllers in list
[move_group-20] [INFO] [1776877489.105541162] [move_group.moveit.moveit.plugins.simple_controller_manager]: Returned 2 controllers in list
[move_group-20] [INFO] [1776877489.106205565] [move_group.moveit.moveit.ros.trajectory_execution_manager]: Trajectory execution is managing controllers
[move_group-20] [INFO] [1776877489.106235980] [move_group]: MoveGroup debug mode is ON
[move_group-20] [INFO] [1776877489.140421119] [move_group.moveit.moveit.ros.move_group.executable]: 
[move_group-20] 
[move_group-20] ********************************************************
[move_group-20] * MoveGroup using: 
[move_group-20] *     - apply_planning_scene_service
[move_group-20] *     - clear_octomap_service
[move_group-20] *     - get_group_urdf
[move_group-20] *     - load_geometry_from_file
[move_group-20] *     - CartesianPathService
[move_group-20] *     - execute_trajectory_action
[move_group-20] *     - get_planning_scene_service
[move_group-20] *     - kinematics_service
[move_group-20] *     - move_action
[move_group-20] *     - motion_plan_service
[move_group-20] *     - query_planners_service
[move_group-20] *     - state_validation_service
[move_group-20] *     - save_geometry_to_file
[move_group-20] ********************************************************
[move_group-20] 
[move_group-20] [INFO] [1776877489.140499167] [move_group.moveit.moveit.ros.move_group.context]: MoveGroup context using pipeline ompl
[move_group-20] [INFO] [1776877489.140519207] [move_group.moveit.moveit.ros.move_group.context]: MoveGroup context initialization complete
[move_group-20] [96mLoading 'move_group/ApplyPlanningSceneService'...[0m
[move_group-20] [96mLoading 'move_group/ClearOctomapService'...[0m
[move_group-20] [96mLoading 'move_group/GetUrdfService'...[0m
[move_group-20] [96mLoading 'move_group/LoadGeometryFromFileService'...[0m
[move_group-20] [96mLoading 'move_group/MoveGroupCartesianPathService'...[0m
[move_group-20] [96mLoading 'move_group/MoveGroupExecuteTrajectoryAction'...[0m
[move_group-20] [96mLoading 'move_group/MoveGroupGetPlanningSceneService'...[0m
[move_group-20] [96mLoading 'move_group/MoveGroupKinematicsService'...[0m
[move_group-20] [96mLoading 'move_group/MoveGroupMoveAction'...[0m
[move_group-20] [96mLoading 'move_group/MoveGroupPlanService'...[0m
[move_group-20] [96mLoading 'move_group/MoveGroupQueryPlannersService'...[0m
[move_group-20] [96mLoading 'move_group/MoveGroupStateValidationService'...[0m
[move_group-20] [96mLoading 'move_group/SaveGeometryToFileService'...[0m
[move_group-20] 
[move_group-20] [92mYou can start planning now![0m
[move_group-20] 
[scene_static-7] [INFO] [1776877489.311986376] [scene_static_node]: Planning scene service available. Building static scene...
[scene_static-7] [INFO] [1776877489.335722436] [scene_static_node]: Static scene built: 25 objects added to MoveIt planning scene.
[adl_ui-15] 127.0.0.1 - - [22/Apr/2026 13:04:49] "GET /status_json HTTP/1.1" 200 -
[ros2_control_node-1] [WARN] [1776877489.975876927] [controller_manager]: Overrun might occur, Total time : 5387.937 us (Expected < 1000.000 us) --> Read time : 62.422 us, Update time : 477.743 us, Write time : 4847.772 us
[ros2_control_node-1] [WARN] [1776877489.976056321] [controller_manager]: Overrun detected! The controller manager missed its desired rate of 1000 Hz. The loop took 5.619606 ms (missed cycles : 6).
[adl_ui-15] 127.0.0.1 - - [22/Apr/2026 13:04:50] "GET /status_json HTTP/1.1" 200 -
[ros2_control_node-1] [INFO] [1776877490.444025339] [controller_manager]: Loading controller : 'robotiq_gripper_controller' of type 'position_controllers/GripperActionController'
[ros2_control_node-1] [INFO] [1776877490.444074762] [controller_manager]: Loading controller 'robotiq_gripper_controller'
[ros2_control_node-1] [INFO] [1776877490.457263191] [controller_manager]: Controller 'robotiq_gripper_controller' node arguments: --ros-args --params-file /home/carrt-cse-project/workspace/ros2_kortex_ws/install/adl_tasks/share/adl_tasks/config/ros2_controllers_vbox.yaml --params-file /tmp/launch_params_uahj3y7q 
[ros2_control_node-1] [WARN] [1776877490.548068723] [robotiq_gripper_controller]: [Deprecated]: the `position_controllers/GripperActionController` and `effort_controllers::GripperActionController` controllers are replaced by 'parallel_gripper_controllers/GripperActionController' controller
[spawner-18] [INFO] [1776877490.559653244] [spawner_robotiq_gripper_controller]: Loaded robotiq_gripper_controller
[ros2_control_node-1] [INFO] [1776877490.565990411] [controller_manager]: Configuring controller: 'robotiq_gripper_controller'
[ros2_control_node-1] [INFO] [1776877490.566674805] [robotiq_gripper_controller]: Action status changes will be monitored at 20.000000 Hz.
[ros2_control_node-1] [INFO] [1776877490.578643432] [controller_manager]: Activating controllers: [ robotiq_gripper_controller ]
[vision_apriltag-9] [INFO] [1776877490.637251548] [vision_apriltag_node]: Vision AprilTag detection debug: no tags found after raw/CLAHE/sharp/adaptive/upscaled/tiled passes.
[ros2_control_node-1] [INFO] [1776877490.787839653] [controller_manager]: Successfully switched controllers!
[ros2_control_node-1] [WARN] [1776877490.793206295] [controller_manager]: Overrun might occur, Total time : 12752.699 us (Expected < 1000.000 us) --> Read time : 15.211 us, Update time : 7087.069 us (Switch time : 6952.078 us (Switch chained mode time : 0.920 us, perform mode change time : 34.645 us, Activation time : 6903.981 us, Deactivation time : 0.557 us)), Write time : 5650.419 us
[ros2_control_node-1] [INFO] [1776877490.795303065] [controller_manager]: Received robot description from topic.
[ros2_control_node-1] [WARN] [1776877490.795337850] [controller_manager]: ResourceManager has already loaded a urdf. Ignoring attempt to reload a robot description.
[spawner-18] [INFO] [1776877490.797447079] [spawner_robotiq_gripper_controller]: Configured and activated robotiq_gripper_controller
[ros2_control_node-1] [WARN] [1776877490.977562834] [controller_manager]: Overrun might occur, Total time : 3113.004 us (Expected < 1000.000 us) --> Read time : 28.860 us, Update time : 200.076 us, Write time : 2884.068 us
[ros2_control_node-1] [WARN] [1776877490.977617643] [controller_manager]: Overrun detected! The controller manager missed its desired rate of 1000 Hz. The loop took 3.184829 ms (missed cycles : 4).
[spawner-17] [INFO] [1776877490.998328532] [spawner_twist_controller]: waiting for service /controller_manager/list_controllers to become available...
[INFO] [spawner-18]: process has finished cleanly [pid 181691]
[vision_apriltag-9] [INFO] [1776877491.043908500] [vision_apriltag_node]: Vision AprilTag: images are arriving on /wrist_mounted_camera/image, but no AprilTags have been detected yet.
[adl_ui-15] 127.0.0.1 - - [22/Apr/2026 13:04:51] "GET /status_json HTTP/1.1" 200 -
[rviz2-21] [ERROR] [1776877491.819474362] [rviz2_moveit.moveit.ros.motion_planning_frame]: Action server: /recognize_objects not available
[adl_ui-15] 127.0.0.1 - - [22/Apr/2026 13:04:51] "GET /status_json HTTP/1.1" 200 -
[rviz2-21] [INFO] [1776877491.873051484] [rviz2_moveit.moveit.ros.motion_planning_frame]: MoveGroup namespace changed: / -> . Reloading params.
[rviz2-21] [INFO] [1776877491.969556407] [rviz2_moveit.moveit.ros.rdf_loader]: Loaded robot model in 0.0105468 seconds
[rviz2-21] [INFO] [1776877491.969672212] [rviz2_moveit.moveit.core.robot_model]: Loading robot model 'gen3'...
[rviz2-21] [INFO] [1776877491.969714941] [rviz2_moveit.moveit.core.robot_model]: No root/virtual joint specified in SRDF. Assuming fixed joint
[ros2_control_node-1] [WARN] [1776877491.979689598] [controller_manager]: Overrun might occur, Total time : 3211.067 us (Expected < 1000.000 us) --> Read time : 97.733 us, Update time : 590.295 us, Write time : 2523.039 us
[ros2_control_node-1] [WARN] [1776877491.979808009] [controller_manager]: Overrun detected! The controller manager missed its desired rate of 1000 Hz. The loop took 3.374129 ms (missed cycles : 4).
[joint_state_sanitizer-3] [WARN] [1776877492.209819209] [joint_state_sanitizer_node]: [joint_state_sanitizer] Published sanitized joint state: joint_3:-3.142->-3.132
[rviz2-21] [INFO] [1776877492.219162262] [rviz2_moveit.moveit.kinematics.kdl_kinematics_plugin]: Joint weights for group 'manipulator': 1 1 1 1 1 1 1
[adl_ui-15] 127.0.0.1 - - [22/Apr/2026 13:04:52] "GET /status_json HTTP/1.1" 200 -
[rviz2-21] [INFO] [1776877492.728900295] [rviz2_moveit.moveit.ros.planning_scene_monitor]: Starting planning scene monitor
[rviz2-21] [INFO] [1776877492.732974189] [rviz2_moveit.moveit.ros.planning_scene_monitor]: Listening to '/monitored_planning_scene'
[ros2_control_node-1] [WARN] [1776877492.980242292] [controller_manager]: Overrun might occur, Total time : 2778.540 us (Expected < 1000.000 us) --> Read time : 52.080 us, Update time : 263.278 us, Write time : 2463.182 us
[ros2_control_node-1] [WARN] [1776877492.980330823] [controller_manager]: Overrun detected! The controller manager missed its desired rate of 1000 Hz. The loop took 2.897244 ms (missed cycles : 3).
[vision_apriltag-9] [INFO] [1776877492.989091721] [vision_apriltag_node]: Vision AprilTag: images are arriving on /wrist_mounted_camera/image, but no AprilTags have been detected yet.
[rviz2-21] [INFO] [1776877493.037616210] [interactive_marker_display_102547467024288]: Connected on namespace: /rviz_moveit_motion_planning_display/robot_interaction_interactive_marker_topic
[rviz2-21] [INFO] [1776877493.045546248] [rviz2_moveit.moveit.ros.robot_interaction]: No active joints or end effectors found for group 'gripper'. Make sure that kinematics.yaml is loaded in this node's namespace.
[rviz2-21] [INFO] [1776877493.046365186] [rviz2_moveit.moveit.ros.robot_interaction]: No active joints or end effectors found for group 'gripper'. Make sure that kinematics.yaml is loaded in this node's namespace.
[rviz2-21] [INFO] [1776877493.055260123] [rviz2_moveit.moveit.ros.motion_planning_frame]: group gripper
[rviz2-21] [INFO] [1776877493.055289431] [rviz2_moveit.moveit.ros.motion_planning_frame]: Constructing new MoveGroup connection for group 'gripper' in namespace ''
[rviz2-21] [INFO] [1776877493.068649122] [interactive_marker_display_102547467024288]: Sending request for interactive markers
[rviz2-21] [INFO] [1776877493.108156071] [rviz2_moveit.moveit.ros.move_group_interface]: Ready to take commands for planning group gripper.
[rviz2-21] [INFO] [1776877493.108887335] [rviz2_moveit.moveit.ros.motion_planning_frame]: group gripper
[rviz2-21] [INFO] [1776877493.111354058] [interactive_marker_display_102547467024288]: Service response received for initialization
[adl_ui-15] 127.0.0.1 - - [22/Apr/2026 13:04:53] "GET /status_json HTTP/1.1" 200 -
[wrist_camera_usb_publisher-8] [INFO] [1776877493.775570234] [wrist_camera_usb_publisher_node]: USB camera publisher heartbeat: publishing 1280x720 frames on /wrist_mounted_camera/image; camera_info fx=920.87, fy=921.57, cx=644.76, cy=343.15.
[ros2_control_node-1] [INFO] [1776877493.782016727] [controller_manager]: Loading controller : 'twist_controller' of type 'picknik_twist_controller/PicknikTwistController'
[ros2_control_node-1] [INFO] [1776877493.782059127] [controller_manager]: Loading controller 'twist_controller'
[ros2_control_node-1] [INFO] [1776877493.789180345] [controller_manager]: Controller 'twist_controller' node arguments: --ros-args --params-file /home/carrt-cse-project/workspace/ros2_kortex_ws/install/adl_tasks/share/adl_tasks/config/ros2_controllers_vbox.yaml --params-file /tmp/launch_params_uahj3y7q 
[spawner-17] [INFO] [1776877493.846850218] [spawner_twist_controller]: Loaded twist_controller
[ros2_control_node-1] [INFO] [1776877493.853863532] [controller_manager]: Configuring controller: 'twist_controller'
[ros2_control_node-1] [INFO] [1776877493.856173266] [twist_controller]: configure successful
[ros2_control_node-1] [WARN] [1776877493.981130523] [controller_manager]: Overrun might occur, Total time : 2674.523 us (Expected < 1000.000 us) --> Read time : 39.025 us, Update time : 257.297 us, Write time : 2378.201 us
[ros2_control_node-1] [WARN] [1776877493.981226783] [controller_manager]: Overrun detected! The controller manager missed its desired rate of 1000 Hz. The loop took 2.793199 ms (missed cycles : 3).
[INFO] [spawner-17]: process has finished cleanly [pid 181690]
[adl_ui-15] 127.0.0.1 - - [22/Apr/2026 13:04:54] "GET /status_json HTTP/1.1" 200 -
[adl_ui-15] 127.0.0.1 - - [22/Apr/2026 13:04:54] "GET /status_json HTTP/1.1" 200 -
[ros2_control_node-1] [WARN] [1776877494.983953064] [controller_manager]: Overrun might occur, Total time : 2503.308 us (Expected < 1000.000 us) --> Read time : 36.047 us, Update time : 230.270 us, Write time : 2236.991 us
[ros2_control_node-1] [WARN] [1776877494.984020944] [controller_manager]: Overrun detected! The controller manager missed its desired rate of 1000 Hz. The loop took 2.587574 ms (missed cycles : 3).
[vision_apriltag-9] [INFO] [1776877494.990872936] [vision_apriltag_node]: Vision AprilTag: images are arriving on /wrist_mounted_camera/image, but no AprilTags have been detected yet.
[adl_ui-15] 127.0.0.1 - - [22/Apr/2026 13:04:55] "GET /status_json HTTP/1.1" 200 -
[ros2_control_node-1] [WARN] [1776877495.986741161] [controller_manager]: Overrun might occur, Total time : 3279.390 us (Expected < 1000.000 us) --> Read time : 36.384 us, Update time : 324.990 us, Write time : 2918.016 us
[ros2_control_node-1] [WARN] [1776877495.986856443] [controller_manager]: Overrun detected! The controller manager missed its desired rate of 1000 Hz. The loop took 3.422557 ms (missed cycles : 4).
[vision_apriltag-9] [INFO] [1776877496.194888283] [vision_apriltag_node]: Vision AprilTag detection debug: no tags found after raw/CLAHE/sharp/adaptive/upscaled/tiled passes.
[adl_ui-15] 127.0.0.1 - - [22/Apr/2026 13:04:56] "GET /status_json HTTP/1.1" 200 -
[ros2_control_node-1] [WARN] [1776877496.986761506] [controller_manager]: Overrun might occur, Total time : 5304.698 us (Expected < 1000.000 us) --> Read time : 35.656 us, Update time : 238.602 us, Write time : 5030.440 us
[ros2_control_node-1] [WARN] [1776877496.990336790] [controller_manager]: Overrun detected! The controller manager missed its desired rate of 1000 Hz. The loop took 2.898705 ms (missed cycles : 3).
[adl_ui-15] 127.0.0.1 - - [22/Apr/2026 13:04:57] "GET /status_json HTTP/1.1" 200 -
[joint_state_sanitizer-3] [WARN] [1776877497.210139061] [joint_state_sanitizer_node]: [joint_state_sanitizer] Published sanitized joint state: joint_3:-3.142->-3.132
[vision_apriltag-9] [INFO] [1776877497.496595050] [vision_apriltag_node]: Vision AprilTag: images are arriving on /wrist_mounted_camera/image, but no AprilTags have been detected yet.
[adl_ui-15] 127.0.0.1 - - [22/Apr/2026 13:04:57] "GET /status_json HTTP/1.1" 200 -
[ros2_control_node-1] [WARN] [1776877497.987893272] [controller_manager]: Overrun might occur, Total time : 2449.288 us (Expected < 1000.000 us) --> Read time : 15.297 us, Update time : 173.804 us, Write time : 2260.187 us
[ros2_control_node-1] [WARN] [1776877497.990896468] [controller_manager]: Overrun detected! The controller manager missed its desired rate of 1000 Hz. The loop took 2.463335 ms (missed cycles : 3).
[adl_ui-15] 127.0.0.1 - - [22/Apr/2026 13:04:58] "GET /status_json HTTP/1.1" 200 -
[adl_ui-15] [INFO] [1776877498.861576153] [adl_ui_node]: UI command published: pick_dropped_bottle
[adl_ui-15] 127.0.0.1 - - [22/Apr/2026 13:04:58] "POST /command HTTP/1.1" 200 -
[pick_dropped_bottle-12] [INFO] [1776877498.872592412] [pick_dropped_bottle_node]: Received bottle pick command. Starting task...
[scene_from_vision-10] [INFO] [1776877498.885352907] [scene_from_vision_node]: Scene memory cleared. Removed remembered IDs: []
[pick_dropped_bottle-12] [INFO] [1776877498.924916422] [pick_dropped_bottle_node]: Scene memory cleared. Removed remembered IDs: []
[pick_dropped_bottle-12] [INFO] [1776877498.926537604] [pick_dropped_bottle_node]: [Bottle] Pre-task snapshot joints: joint_1=-0.000, joint_2=-0.349, joint_3=-3.132, joint_4=-2.548, joint_5=+0.000, joint_6=-0.873, joint_7=+1.571
[wrist_camera_usb_publisher-8] [INFO] [1776877498.931772565] [wrist_camera_usb_publisher_node]: USB camera publisher heartbeat: publishing 1280x720 frames on /wrist_mounted_camera/image; camera_info fx=920.87, fy=921.57, cx=644.76, cy=343.15.
[pick_dropped_bottle-12] [INFO] [1776877498.940467087] [pick_dropped_bottle_node]: [Bottle] Pre-task snapshot ee: pos=(0.122, 0.000, 0.328), ori=(0.710, 0.703, 0.026, 0.024)
[pick_dropped_bottle-12] [INFO] [1776877498.946203423] [pick_dropped_bottle_node]: Scene LOCKED.
[scene_from_vision-10] [INFO] [1776877498.948475092] [scene_from_vision_node]: Scene LOCKED - updates paused.
[adl_ui-15] 127.0.0.1 - - [22/Apr/2026 13:04:58] "GET /status_json HTTP/1.1" 200 -
[ros2_control_node-1] [WARN] [1776877498.988806731] [controller_manager]: Overrun might occur, Total time : 3342.290 us (Expected < 1000.000 us) --> Read time : 47.078 us, Update time : 263.194 us, Write time : 3032.018 us
[ros2_control_node-1] [WARN] [1776877498.996377393] [controller_manager]: Overrun detected! The controller manager missed its desired rate of 1000 Hz. The loop took 6.943283 ms (missed cycles : 7).
[pick_dropped_bottle-12] [INFO] [1776877499.098347315] [pick_dropped_bottle_node]: look_at_ground: planning to LOOK_AT_GROUND_JOINTS...
[move_group-20] [ERROR] [1776877499.100076826] [move_group.moveit.moveit.core.conversions]: Found empty JointState message
[INFO] [launch.user]: [arm_start.launch] move_group reported an empty JointState while sanitizer mode is active. Keeping the launch alive, but this still indicates a planning-state problem. move_group output: [ERROR] [1776877499.100076826] [move_group.moveit.moveit.core.conversions]: Found empty JointState message
[pick_dropped_bottle-12] [INFO] [1776877499.107328360] [pick_dropped_bottle_node]: Start state: collision-valid — no collisions (not a joint-bounds check).
[move_group-20] [INFO] [1776877499.115673418] [move_group.moveit.moveit.ros.move_group.move_action]: MoveGroupMoveAction: Received request
[move_group-20] [INFO] [1776877499.116826900] [move_group.moveit.moveit.ros.move_group.move_action]: executing..
[move_group-20] [INFO] [1776877499.132767180] [move_group.moveit.moveit.ros.move_group.move_action]: Combined planning and execution request received for MoveGroup action. Forwarding to planning and execution pipeline.
[move_group-20] [WARN] [1776877499.132839396] [move_group.moveit.moveit.ros.move_group.capability]: Execution of motions should always start at the robot's current state. Ignoring the state supplied as start state in the motion planning request
[move_group-20] [WARN] [1776877499.132863889] [move_group.moveit.moveit.ros.move_group.capability]: Execution of motions should always start at the robot's current state. Ignoring the state supplied as difference in the planning scene diff
[move_group-20] [INFO] [1776877499.132884541] [move_group.moveit.moveit.ros.plan_execution]: Planning attempt 1 of at most 1
[move_group-20] [INFO] [1776877499.133357331] [move_group]: Calling PlanningRequestAdapter 'ResolveConstraintFrames'
[move_group-20] [INFO] [1776877499.133403211] [move_group]: Calling PlanningRequestAdapter 'ValidateWorkspaceBounds'
[move_group-20] [INFO] [1776877499.133418857] [move_group]: Calling PlanningRequestAdapter 'CheckStartStateBounds'
[move_group-20] [INFO] [1776877499.133455305] [move_group]: Calling PlanningRequestAdapter 'CheckStartStateCollision'
[move_group-20] [INFO] [1776877499.136572471] [move_group.moveit.moveit.planners.ompl.model_based_planning_context]: Planner configuration 'manipulator' will use planner 'geometric::RRTConnect'. Additional configuration parameters will be set when the planner is constructed.
[move_group-20] [INFO] [1776877499.139373215] [move_group]: Calling Planner 'OMPL'
[move_group-20] [INFO] [1776877499.256368244] [move_group]: Calling PlanningResponseAdapter 'AddTimeOptimalParameterization'
[move_group-20] [INFO] [1776877499.263521771] [move_group]: Calling PlanningResponseAdapter 'ValidateSolution'
[move_group-20] [INFO] [1776877499.265187512] [move_group]: Calling PlanningResponseAdapter 'DisplayMotionPath'
[move_group-20] [WARN] [1776877499.265442759] [move_group.moveit.moveit.ros.planning_pipeline]: The planner plugin did not fill out the 'planner_id' field of the MotionPlanResponse. Setting it to the planner ID name of the MotionPlanRequest assuming that the planner plugin does warn you if it does not use the requested planner.
[move_group-20] [INFO] [1776877499.266470572] [move_group.moveit.moveit.plugins.simple_controller_manager]: Returned 2 controllers in list
[move_group-20] [INFO] [1776877499.266560302] [move_group.moveit.moveit.plugins.simple_controller_manager]: Returned 2 controllers in list
[move_group-20] [INFO] [1776877499.266668504] [move_group.moveit.moveit.ros.trajectory_execution_manager]: Validating trajectory with allowed_start_tolerance 0.01
[move_group-20] [INFO] [1776877499.273728077] [move_group.moveit.moveit.ros.trajectory_execution_manager]: Starting trajectory execution ...
[move_group-20] [INFO] [1776877499.273860493] [move_group.moveit.moveit.plugins.simple_controller_manager]: Returned 2 controllers in list
[move_group-20] [INFO] [1776877499.273896161] [move_group.moveit.moveit.plugins.simple_controller_manager]: Returned 2 controllers in list
[move_group-20] [INFO] [1776877499.274204201] [moveit.simple_controller_manager.follow_joint_trajectory_controller_handle]: sending trajectory to joint_trajectory_controller
[ros2_control_node-1] [INFO] [1776877499.275517702] [joint_trajectory_controller]: Received new action goal
[ros2_control_node-1] [INFO] [1776877499.275697086] [joint_trajectory_controller]: Accepted new action goal
[move_group-20] [INFO] [1776877499.278494925] [moveit.simple_controller_manager.follow_joint_trajectory_controller_handle]: joint_trajectory_controller started execution
[move_group-20] [INFO] [1776877499.278524719] [moveit.simple_controller_manager.follow_joint_trajectory_controller_handle]: Goal request accepted!
[vision_apriltag-9] [INFO] [1776877499.350095189] [vision_apriltag_node]: Vision AprilTag: scene is locked; detection publishing is paused.
[adl_ui-15] 127.0.0.1 - - [22/Apr/2026 13:04:59] "GET /status_json HTTP/1.1" 200 -
[ros2_control_node-1] [WARN] [1776877499.989786008] [controller_manager]: Overrun might occur, Total time : 3293.332 us (Expected < 1000.000 us) --> Read time : 87.896 us, Update time : 549.173 us, Write time : 2656.263 us
[ros2_control_node-1] [WARN] [1776877499.999168032] [controller_manager]: Overrun detected! The controller manager missed its desired rate of 1000 Hz. The loop took 4.732047 ms (missed cycles : 5).
[adl_ui-15] 127.0.0.1 - - [22/Apr/2026 13:05:00] "GET /status_json HTTP/1.1" 200 -
[ros2_control_node-1] [WARN] [1776877500.990309596] [controller_manager]: Overrun might occur, Total time : 3792.591 us (Expected < 1000.000 us) --> Read time : 111.721 us, Update time : 799.441 us, Write time : 2881.429 us
[vision_apriltag-9] [INFO] [1776877500.995583413] [vision_apriltag_node]: Vision AprilTag: scene is locked; detection publishing is paused.
[ros2_control_node-1] [WARN] [1776877501.002487220] [controller_manager]: Overrun detected! The controller manager missed its desired rate of 1000 Hz. The loop took 3.053704 ms (missed cycles : 4).
[adl_ui-15] 127.0.0.1 - - [22/Apr/2026 13:05:01] "GET /status_json HTTP/1.1" 200 -
[adl_ui-15] 127.0.0.1 - - [22/Apr/2026 13:05:01] "GET /status_json HTTP/1.1" 200 -
[ros2_control_node-1] [WARN] [1776877501.990690260] [controller_manager]: Overrun might occur, Total time : 3207.552 us (Expected < 1000.000 us) --> Read time : 72.418 us, Update time : 479.470 us, Write time : 2655.664 us
[ros2_control_node-1] [WARN] [1776877502.004041265] [controller_manager]: Overrun detected! The controller manager missed its desired rate of 1000 Hz. The loop took 4.607003 ms (missed cycles : 5).
[ros2_control_node-1] [ERROR] [1776877502.540640882] [tolerances]: State tolerances failed for joint 5:
[ros2_control_node-1] [ERROR] [1776877502.540705522] [tolerances]: Position Error: 0.100519, Position Tolerance: 0.100000
[ros2_control_node-1] [WARN] [1776877502.540859131] [joint_trajectory_controller]: Aborted due to state tolerance violation
[move_group-20] [WARN] [1776877502.578407038] [moveit.simple_controller_manager.follow_joint_trajectory_controller_handle]: Controller 'joint_trajectory_controller' failed with error PATH_TOLERANCE_VIOLATED: Aborted due to path tolerance violation
[move_group-20] [WARN] [1776877502.578683571] [move_group.moveit.moveit.ros.trajectory_execution_manager]: Controller handle joint_trajectory_controller reports status ABORTED
[move_group-20] [INFO] [1776877502.578762201] [move_group.moveit.moveit.ros.trajectory_execution_manager]: Completed trajectory execution with status ABORTED ...
[move_group-20] [INFO] [1776877502.584060973] [move_group.moveit.moveit.ros.move_group.move_action]: CONTROL_FAILED
[pick_dropped_bottle-12] [ERROR] [1776877502.600006483] [pick_dropped_bottle_node]: MoveGroup execution failed.
[pick_dropped_bottle-12]   error_code.val = -4
[pick_dropped_bottle-12]   group_name      = manipulator
[pick_dropped_bottle-12]   num_attempts    = 10
[pick_dropped_bottle-12]   allowed_time    = 15.0
[pick_dropped_bottle-12]   vel_scale       = 0.25
[pick_dropped_bottle-12]   accel_scale     = 0.25
[pick_dropped_bottle-12] If this persists, check move_group / controller logs for the meaning of this code (often control abort, invalid start state, or planning pipeline failure).
[pick_dropped_bottle-12] [WARN] [1776877502.601621255] [pick_dropped_bottle_node]: _recover_after_failure(): MoveGroup error_code=-4
[adl_ui-15] 127.0.0.1 - - [22/Apr/2026 13:05:02] "GET /status_json HTTP/1.1" 200 -
[ros2_control_node-1] [WARN] [1776877502.992365497] [controller_manager]: Overrun might occur, Total time : 2890.395 us (Expected < 1000.000 us) --> Read time : 50.368 us, Update time : 358.771 us, Write time : 2481.256 us
[vision_apriltag-9] [INFO] [1776877502.994813968] [vision_apriltag_node]: Vision AprilTag: scene is locked; detection publishing is paused.
[ros2_control_node-1] [WARN] [1776877503.006826545] [controller_manager]: Overrun detected! The controller manager missed its desired rate of 1000 Hz. The loop took 2.392415 ms (missed cycles : 3).
[adl_ui-15] 127.0.0.1 - - [22/Apr/2026 13:05:03] "GET /status_json HTTP/1.1" 200 -
[pick_dropped_bottle-12] [ERROR] [1776877503.807487043] [pick_dropped_bottle_node]: look_at_ground failed. Not falling back to look_at_table for dropped-bottle scan; a floor task should stop here so recovery does not stack another MoveIt goal onto a possibly unhealthy controller state.
[pick_dropped_bottle-12] [INFO] [1776877503.808698541] [pick_dropped_bottle_node]: Scene UNLOCKED.
[scene_from_vision-10] [INFO] [1776877503.817673644] [scene_from_vision_node]: Scene UNLOCKED - updates resuming.
[ros2_control_node-1] [WARN] [1776877503.994247533] [controller_manager]: Overrun might occur, Total time : 2771.498 us (Expected < 1000.000 us) --> Read time : 59.877 us, Update time : 386.394 us, Write time : 2325.227 us
[ros2_control_node-1] [WARN] [1776877504.007036670] [controller_manager]: Overrun detected! The controller manager missed its desired rate of 1000 Hz. The loop took 2.603352 ms (missed cycles : 3).
[wrist_camera_usb_publisher-8] [INFO] [1776877504.087164182] [wrist_camera_usb_publisher_node]: USB camera publisher heartbeat: publishing 1280x720 frames on /wrist_mounted_camera/image; camera_info fx=920.87, fy=921.57, cx=644.76, cy=343.15.
[adl_controller-11] [INFO] [1776877504.102497122] [adl_controller_node]: is_near_retract: current arm is not at target (worst=joint_2:0.910 rad > 0.100).
[adl_controller-11] [INFO] [1776877504.103589711] [adl_controller_node]: go_retract: planning to RETRACT_JOINTS...
[move_group-20] [ERROR] [1776877504.104949492] [move_group.moveit.moveit.core.conversions]: Found empty JointState message
[adl_controller-11] [INFO] [1776877504.114702641] [adl_controller_node]: Start state: collision-valid — no collisions (not a joint-bounds check).
[move_group-20] [INFO] [1776877504.117468542] [move_group.moveit.moveit.ros.move_group.move_action]: MoveGroupMoveAction: Received request
[move_group-20] [INFO] [1776877504.118083516] [move_group.moveit.moveit.ros.move_group.move_action]: executing..
[move_group-20] [INFO] [1776877504.129294605] [move_group.moveit.moveit.ros.move_group.move_action]: Combined planning and execution request received for MoveGroup action. Forwarding to planning and execution pipeline.
[move_group-20] [WARN] [1776877504.129411986] [move_group.moveit.moveit.ros.move_group.capability]: Execution of motions should always start at the robot's current state. Ignoring the state supplied as start state in the motion planning request
[move_group-20] [WARN] [1776877504.129463899] [move_group.moveit.moveit.ros.move_group.capability]: Execution of motions should always start at the robot's current state. Ignoring the state supplied as difference in the planning scene diff
[move_group-20] [INFO] [1776877504.129495377] [move_group.moveit.moveit.ros.plan_execution]: Planning attempt 1 of at most 1
[move_group-20] [INFO] [1776877504.130291698] [move_group]: Calling PlanningRequestAdapter 'ResolveConstraintFrames'
[move_group-20] [INFO] [1776877504.130371673] [move_group]: Calling PlanningRequestAdapter 'ValidateWorkspaceBounds'
[move_group-20] [INFO] [1776877504.130431505] [move_group]: Calling PlanningRequestAdapter 'CheckStartStateBounds'
[move_group-20] [INFO] [1776877504.130545594] [move_group]: Calling PlanningRequestAdapter 'CheckStartStateCollision'
[move_group-20] [INFO] [1776877504.131399853] [move_group.moveit.moveit.planners.ompl.model_based_planning_context]: Planner configuration 'manipulator' will use planner 'geometric::RRTConnect'. Additional configuration parameters will be set when the planner is constructed.
[move_group-20] [INFO] [1776877504.131554921] [move_group]: Calling Planner 'OMPL'
[move_group-20] [INFO] [1776877504.216473530] [move_group]: Calling PlanningResponseAdapter 'AddTimeOptimalParameterization'
[move_group-20] [INFO] [1776877504.220436897] [move_group]: Calling PlanningResponseAdapter 'ValidateSolution'
[move_group-20] [INFO] [1776877504.221751812] [move_group]: Calling PlanningResponseAdapter 'DisplayMotionPath'
[move_group-20] [WARN] [1776877504.221963546] [move_group.moveit.moveit.ros.planning_pipeline]: The planner plugin did not fill out the 'planner_id' field of the MotionPlanResponse. Setting it to the planner ID name of the MotionPlanRequest assuming that the planner plugin does warn you if it does not use the requested planner.
[move_group-20] [INFO] [1776877504.222205606] [move_group.moveit.moveit.plugins.simple_controller_manager]: Returned 2 controllers in list
[move_group-20] [INFO] [1776877504.222252472] [move_group.moveit.moveit.plugins.simple_controller_manager]: Returned 2 controllers in list
[move_group-20] [INFO] [1776877504.222363270] [move_group.moveit.moveit.ros.trajectory_execution_manager]: Validating trajectory with allowed_start_tolerance 0.01
[adl_ui-15] 127.0.0.1 - - [22/Apr/2026 13:05:04] "GET /status_json HTTP/1.1" 200 -
[move_group-20] [INFO] [1776877504.230095930] [move_group.moveit.moveit.ros.trajectory_execution_manager]: Starting trajectory execution ...
[move_group-20] [INFO] [1776877504.230229539] [move_group.moveit.moveit.plugins.simple_controller_manager]: Returned 2 controllers in list
[move_group-20] [INFO] [1776877504.230283777] [move_group.moveit.moveit.plugins.simple_controller_manager]: Returned 2 controllers in list
[move_group-20] [INFO] [1776877504.230544501] [moveit.simple_controller_manager.follow_joint_trajectory_controller_handle]: sending trajectory to joint_trajectory_controller
[ros2_control_node-1] [INFO] [1776877504.231480967] [joint_trajectory_controller]: Received new action goal
[ros2_control_node-1] [INFO] [1776877504.231558181] [joint_trajectory_controller]: Accepted new action goal
[move_group-20] [INFO] [1776877504.231849397] [moveit.simple_controller_manager.follow_joint_trajectory_controller_handle]: joint_trajectory_controller started execution
[move_group-20] [INFO] [1776877504.231871634] [moveit.simple_controller_manager.follow_joint_trajectory_controller_handle]: Goal request accepted!
[ros2_control_node-1] [ERROR] [1776877504.625681798] [tolerances]: State tolerances failed for joint 1:
[ros2_control_node-1] [ERROR] [1776877504.625733133] [tolerances]: Position Error: -0.101051, Position Tolerance: 0.100000
[ros2_control_node-1] [WARN] [1776877504.625787276] [joint_trajectory_controller]: Aborted due to state tolerance violation
[move_group-20] [WARN] [1776877504.632644514] [moveit.simple_controller_manager.follow_joint_trajectory_controller_handle]: Controller 'joint_trajectory_controller' failed with error PATH_TOLERANCE_VIOLATED: Aborted due to path tolerance violation
[move_group-20] [WARN] [1776877504.633234184] [move_group.moveit.moveit.ros.trajectory_execution_manager]: Controller handle joint_trajectory_controller reports status ABORTED
[move_group-20] [INFO] [1776877504.633266809] [move_group.moveit.moveit.ros.trajectory_execution_manager]: Completed trajectory execution with status ABORTED ...
[move_group-20] [INFO] [1776877504.640224870] [move_group.moveit.moveit.ros.move_group.move_action]: CONTROL_FAILED
[adl_controller-11] [ERROR] [1776877504.647104882] [adl_controller_node]: MoveGroup execution failed.
[adl_controller-11]   error_code.val = -4
[adl_controller-11]   group_name      = manipulator
[adl_controller-11]   num_attempts    = 10
[adl_controller-11]   allowed_time    = 15.0
[adl_controller-11]   vel_scale       = 0.25
[adl_controller-11]   accel_scale     = 0.25
[adl_controller-11] If this persists, check move_group / controller logs for the meaning of this code (often control abort, invalid start state, or planning pipeline failure).
[adl_controller-11] [WARN] [1776877504.647978556] [adl_controller_node]: _recover_after_failure(): MoveGroup error_code=-4
[adl_ui-15] 127.0.0.1 - - [22/Apr/2026 13:05:04] "GET /status_json HTTP/1.1" 200 -
[ros2_control_node-1] [WARN] [1776877504.996057943] [controller_manager]: Overrun might occur, Total time : 2599.772 us (Expected < 1000.000 us) --> Read time : 34.341 us, Update time : 229.444 us, Write time : 2335.987 us
[ros2_control_node-1] [WARN] [1776877505.007812694] [controller_manager]: Overrun detected! The controller manager missed its desired rate of 1000 Hz. The loop took 2.379241 ms (missed cycles : 3).
[vision_apriltag-9] [INFO] [1776877505.031180734] [vision_apriltag_node]: Vision AprilTag detection debug: no tags found after raw/CLAHE/sharp/adaptive/upscaled/tiled passes.
[vision_apriltag-9] [INFO] [1776877505.036438484] [vision_apriltag_node]: Vision AprilTag: images are arriving on /wrist_mounted_camera/image, but no AprilTags have been detected yet.
[adl_ui-15] 127.0.0.1 - - [22/Apr/2026 13:05:05] "GET /status_json HTTP/1.1" 200 -
[adl_controller-11] [INFO] [1776877505.962564379] [adl_controller_node]: is_near_retract: current arm is not at target (worst=joint_2:0.910 rad > 0.100).
[adl_controller-11] [INFO] [1776877505.963490955] [adl_controller_node]: is_near_retract: current arm is not at target (worst=joint_2:0.910 rad > 0.100).
[ros2_control_node-1] [WARN] [1776877505.997845757] [controller_manager]: Overrun might occur, Total time : 2393.055 us (Expected < 1000.000 us) --> Read time : 31.422 us, Update time : 207.559 us, Write time : 2154.074 us
[ros2_control_node-1] [WARN] [1776877506.010169071] [controller_manager]: Overrun detected! The controller manager missed its desired rate of 1000 Hz. The loop took 2.735683 ms (missed cycles : 3).
[adl_controller-11] [INFO] [1776877506.214321142] [adl_controller_node]: is_near_retract: current arm is not at target (worst=joint_2:0.910 rad > 0.100).
[adl_controller-11] [INFO] [1776877506.466448407] [adl_controller_node]: is_near_retract: current arm is not at target (worst=joint_2:0.910 rad > 0.100).
[adl_ui-15] 127.0.0.1 - - [22/Apr/2026 13:05:06] "GET /status_json HTTP/1.1" 200 -
[adl_controller-11] [INFO] [1776877506.718324127] [adl_controller_node]: is_near_retract: current arm is not at target (worst=joint_2:0.910 rad > 0.100).
[adl_controller-11] [INFO] [1776877506.969127877] [adl_controller_node]: is_near_retract: current arm is not at target (worst=joint_2:0.910 rad > 0.100).
[ros2_control_node-1] [WARN] [1776877506.999058972] [controller_manager]: Overrun might occur, Total time : 4582.606 us (Expected < 1000.000 us) --> Read time : 37.677 us, Update time : 228.616 us, Write time : 4316.313 us
[ros2_control_node-1] [WARN] [1776877507.012760720] [controller_manager]: Overrun detected! The controller manager missed its desired rate of 1000 Hz. The loop took 3.327035 ms (missed cycles : 4).
[adl_controller-11] [INFO] [1776877507.220046534] [adl_controller_node]: is_near_retract: current arm is not at target (worst=joint_2:0.910 rad > 0.100).
[adl_ui-15] 127.0.0.1 - - [22/Apr/2026 13:05:07] "GET /status_json HTTP/1.1" 200 -
[vision_apriltag-9] [INFO] [1776877507.312169398] [vision_apriltag_node]: Vision AprilTag: images are arriving on /wrist_mounted_camera/image, but no AprilTags have been detected yet.
[adl_controller-11] [INFO] [1776877507.486471011] [adl_controller_node]: is_near_retract: current arm is not at target (worst=joint_2:0.910 rad > 0.100).
[adl_controller-11] [INFO] [1776877507.738327949] [adl_controller_node]: is_near_retract: current arm is not at target (worst=joint_2:0.910 rad > 0.100).
[adl_ui-15] 127.0.0.1 - - [22/Apr/2026 13:05:07] "GET /status_json HTTP/1.1" 200 -
[adl_controller-11] [INFO] [1776877507.989741319] [adl_controller_node]: is_near_retract: current arm is not at target (worst=joint_2:0.910 rad > 0.100).
[ros2_control_node-1] [WARN] [1776877507.999843343] [controller_manager]: Overrun might occur, Total time : 2382.631 us (Expected < 1000.000 us) --> Read time : 51.525 us, Update time : 339.023 us, Write time : 1992.083 us
[ros2_control_node-1] [WARN] [1776877508.015260866] [controller_manager]: Overrun detected! The controller manager missed its desired rate of 1000 Hz. The loop took 2.827134 ms (missed cycles : 3).
[adl_controller-11] [INFO] [1776877508.241592459] [adl_controller_node]: is_near_retract: current arm is not at target (worst=joint_2:0.910 rad > 0.100).
[adl_controller-11] [INFO] [1776877508.493039991] [adl_controller_node]: is_near_retract: current arm is not at target (worst=joint_2:0.910 rad > 0.100).
[adl_ui-15] 127.0.0.1 - - [22/Apr/2026 13:05:08] "GET /status_json HTTP/1.1" 200 -
[adl_controller-11] [INFO] [1776877508.744102129] [adl_controller_node]: is_near_retract: current arm is not at target (worst=joint_2:0.910 rad > 0.100).
[adl_controller-11] [INFO] [1776877508.997928963] [adl_controller_node]: is_near_retract: current arm is not at target (worst=joint_2:0.910 rad > 0.100).
[ros2_control_node-1] [WARN] [1776877509.000605066] [controller_manager]: Overrun might occur, Total time : 3151.300 us (Expected < 1000.000 us) --> Read time : 35.368 us, Update time : 380.781 us, Write time : 2735.151 us
[ros2_control_node-1] [WARN] [1776877509.016815049] [controller_manager]: Overrun detected! The controller manager missed its desired rate of 1000 Hz. The loop took 4.380825 ms (missed cycles : 5).
[vision_apriltag-9] [INFO] [1776877509.223174852] [vision_apriltag_node]: Vision AprilTag: images are arriving on /wrist_mounted_camera/image, but no AprilTags have been detected yet.
[wrist_camera_usb_publisher-8] [INFO] [1776877509.245639974] [wrist_camera_usb_publisher_node]: USB camera publisher heartbeat: publishing 1280x720 frames on /wrist_mounted_camera/image; camera_info fx=920.87, fy=921.57, cx=644.76, cy=343.15.
[adl_controller-11] [INFO] [1776877509.248870898] [adl_controller_node]: is_near_retract: current arm is not at target (worst=joint_2:0.910 rad > 0.100).
[adl_ui-15] 127.0.0.1 - - [22/Apr/2026 13:05:09] "GET /status_json HTTP/1.1" 200 -
[adl_controller-11] [INFO] [1776877509.499829490] [adl_controller_node]: is_near_retract: current arm is not at target (worst=joint_2:0.910 rad > 0.100).
[adl_controller-11] [INFO] [1776877509.753525512] [adl_controller_node]: is_near_retract: current arm is not at target (worst=joint_2:0.910 rad > 0.100).
[ros2_control_node-1] [WARN] [1776877510.003334112] [controller_manager]: Overrun might occur, Total time : 2867.002 us (Expected < 1000.000 us) --> Read time : 49.959 us, Update time : 302.544 us, Write time : 2514.499 us
[adl_controller-11] [INFO] [1776877510.004614530] [adl_controller_node]: is_near_retract: current arm is not at target (worst=joint_2:0.910 rad > 0.100).
[ros2_control_node-1] [WARN] [1776877510.016900229] [controller_manager]: Overrun detected! The controller manager missed its desired rate of 1000 Hz. The loop took 2.467284 ms (missed cycles : 3).
[vision_apriltag-9] [INFO] [1776877510.197597721] [vision_apriltag_node]: Vision AprilTag detection debug: no tags found after raw/CLAHE/sharp/adaptive/upscaled/tiled passes.
[adl_ui-15] 127.0.0.1 - - [22/Apr/2026 13:05:10] "GET /status_json HTTP/1.1" 200 -
[adl_controller-11] [INFO] [1776877510.268423057] [adl_controller_node]: is_near_retract: current arm is not at target (worst=joint_2:0.910 rad > 0.100).
[adl_controller-11] [INFO] [1776877510.520542092] [adl_controller_node]: is_near_retract: current arm is not at target (worst=joint_2:0.910 rad > 0.100).
[adl_controller-11] [INFO] [1776877510.771618263] [adl_controller_node]: is_near_retract: current arm is not at target (worst=joint_2:0.910 rad > 0.100).
[adl_ui-15] 127.0.0.1 - - [22/Apr/2026 13:05:10] "GET /status_json HTTP/1.1" 200 -
[ros2_control_node-1] [WARN] [1776877511.006644667] [controller_manager]: Overrun might occur, Total time : 5180.969 us (Expected < 1000.000 us) --> Read time : 58.004 us, Update time : 303.022 us, Write time : 4819.943 us
[ros2_control_node-1] [WARN] [1776877511.016996053] [controller_manager]: Overrun detected! The controller manager missed its desired rate of 1000 Hz. The loop took 2.562699 ms (missed cycles : 3).
[adl_controller-11] [INFO] [1776877511.022688223] [adl_controller_node]: is_near_retract: current arm is not at target (worst=joint_2:0.910 rad > 0.100).
[adl_controller-11] [INFO] [1776877511.273420148] [adl_controller_node]: is_near_retract: current arm is not at target (worst=joint_2:0.910 rad > 0.100).
[vision_apriltag-9] [INFO] [1776877511.510770241] [vision_apriltag_node]: Vision AprilTag: images are arriving on /wrist_mounted_camera/image, but no AprilTags have been detected yet.
[adl_controller-11] [INFO] [1776877511.524445330] [adl_controller_node]: is_near_retract: current arm is not at target (worst=joint_2:0.910 rad > 0.100).
[adl_ui-15] 127.0.0.1 - - [22/Apr/2026 13:05:11] "GET /status_json HTTP/1.1" 200 -
[adl_controller-11] [INFO] [1776877511.775344483] [adl_controller_node]: is_near_retract: current arm is not at target (worst=joint_2:0.910 rad > 0.100).
[ros2_control_node-1] [WARN] [1776877512.008941320] [controller_manager]: Overrun might occur, Total time : 2488.734 us (Expected < 1000.000 us) --> Read time : 22.662 us, Update time : 170.024 us, Write time : 2296.048 us
[ros2_control_node-1] [WARN] [1776877512.019138329] [controller_manager]: Overrun detected! The controller manager missed its desired rate of 1000 Hz. The loop took 2.705023 ms (missed cycles : 3).
[adl_controller-11] [INFO] [1776877512.026347518] [adl_controller_node]: is_near_retract: current arm is not at target (worst=joint_2:0.910 rad > 0.100).
[adl_controller-11] [INFO] [1776877512.279151257] [adl_controller_node]: is_near_retract: current arm is not at target (worst=joint_2:0.910 rad > 0.100).
[adl_ui-15] 127.0.0.1 - - [22/Apr/2026 13:05:12] "GET /status_json HTTP/1.1" 200 -
[adl_controller-11] [INFO] [1776877512.534014220] [adl_controller_node]: is_near_retract: current arm is not at target (worst=joint_2:0.910 rad > 0.100).
[adl_controller-11] [INFO] [1776877512.786159860] [adl_controller_node]: is_near_retract: current arm is not at target (worst=joint_2:0.910 rad > 0.100).
[vision_apriltag-9] [INFO] [1776877512.992596235] [vision_apriltag_node]: Vision AprilTag: images are arriving on /wrist_mounted_camera/image, but no AprilTags have been detected yet.
[ros2_control_node-1] [WARN] [1776877513.012283802] [controller_manager]: Overrun might occur, Total time : 2813.263 us (Expected < 1000.000 us) --> Read time : 82.527 us, Update time : 284.613 us, Write time : 2446.123 us
[ros2_control_node-1] [WARN] [1776877513.020781171] [controller_manager]: Overrun detected! The controller manager missed its desired rate of 1000 Hz. The loop took 2.348014 ms (missed cycles : 3).
[adl_controller-11] [INFO] [1776877513.037180083] [adl_controller_node]: is_near_retract: current arm is not at target (worst=joint_2:0.910 rad > 0.100).
[adl_ui-15] 127.0.0.1 - - [22/Apr/2026 13:05:13] "GET /status_json HTTP/1.1" 200 -
[adl_controller-11] [INFO] [1776877513.289723410] [adl_controller_node]: is_near_retract: current arm is not at target (worst=joint_2:0.910 rad > 0.100).
[adl_controller-11] [INFO] [1776877513.547292732] [adl_controller_node]: is_near_retract: current arm is not at target (worst=joint_2:0.910 rad > 0.100).
[adl_controller-11] [INFO] [1776877513.798177841] [adl_controller_node]: is_near_retract: current arm is not at target (worst=joint_2:0.910 rad > 0.100).
[adl_ui-15] 127.0.0.1 - - [22/Apr/2026 13:05:13] "GET /status_json HTTP/1.1" 200 -
[ros2_control_node-1] [WARN] [1776877514.013051334] [controller_manager]: Overrun might occur, Total time : 2593.367 us (Expected < 1000.000 us) --> Read time : 42.822 us, Update time : 231.530 us, Write time : 2319.015 us
[ros2_control_node-1] [WARN] [1776877514.023162631] [controller_manager]: Overrun detected! The controller manager missed its desired rate of 1000 Hz. The loop took 2.729577 ms (missed cycles : 3).
[adl_controller-11] [INFO] [1776877514.049099600] [adl_controller_node]: is_near_retract: current arm is not at target (worst=joint_2:0.910 rad > 0.100).
[adl_controller-11] [INFO] [1776877514.302021629] [adl_controller_node]: is_near_retract: current arm is not at target (worst=joint_2:0.910 rad > 0.100).
[wrist_camera_usb_publisher-8] [INFO] [1776877514.407060972] [wrist_camera_usb_publisher_node]: USB camera publisher heartbeat: publishing 1280x720 frames on /wrist_mounted_camera/image; camera_info fx=920.87, fy=921.57, cx=644.76, cy=343.15.
[adl_controller-11] [INFO] [1776877514.552947704] [adl_controller_node]: is_near_retract: current arm is not at target (worst=joint_2:0.910 rad > 0.100).
