
===== 2026-04-08T13:25:12-04:00 | T6_scan_scene =====
cwd=/home/carrt-cse-project/workspace/ros2_kortex_ws
cmd=ros2 service call /scan_scene std_srvs/srv/Trigger \{\} 

waiting for service to become available...
requester: making request: std_srvs.srv.Trigger_Request()

response:
std_srvs.srv.Trigger_Response(success=True, message='Scene scan complete. Remembered object IDs: []')


===== 2026-04-08T13:29:20-04:00 | T6_scan_scene =====
cwd=/home/carrt-cse-project/workspace/ros2_kortex_ws
cmd=ros2 service call /scan_scene std_srvs/srv/Trigger \{\} 

waiting for service to become available...
requester: making request: std_srvs.srv.Trigger_Request()

response:
std_srvs.srv.Trigger_Response(success=True, message='Scene scan complete. Remembered object IDs: [1]')


===== 2026-04-08T13:30:18-04:00 | T6_scan_scene =====
cwd=/home/carrt-cse-project/workspace/ros2_kortex_ws
cmd=ros2 service call /scan_scene std_srvs/srv/Trigger \{\} 

waiting for service to become available...
requester: making request: std_srvs.srv.Trigger_Request()

response:
std_srvs.srv.Trigger_Response(success=True, message='Scene scan complete. Remembered object IDs: [1]')


===== 2026-04-08T13:30:44-04:00 | T6_scan_scene =====
cwd=/home/carrt-cse-project/workspace/ros2_kortex_ws
cmd=ros2 service call /scan_scene std_srvs/srv/Trigger \{\} 

waiting for service to become available...
requester: making request: std_srvs.srv.Trigger_Request()

response:
std_srvs.srv.Trigger_Response(success=True, message='Scene scan complete. Remembered object IDs: [1]')

