
===== 2026-04-08T12:58:05-04:00 | T1_arm =====
cwd=/home/carrt-cse-project/workspace/ros2_kortex_ws
cmd=ros2 launch adl_tasks arm_vbox.launch.py robot_ip:=192.168.0.10 use_fake_hardware:=false 

[INFO] [launch]: All log files can be found below /home/carrt-cse-project/.ros/log/2026-04-08-12-58-05-836387-carrt-cse-project-OptiPlex-5050-24292
[INFO] [launch]: Default logging verbosity is set to INFO
[INFO] [launch.user]: [arm_vbox.launch] MoveIt current state source: /joint_states_sanitized. Use use_joint_state_sanitizer:=false for raw-state viewer debugging.
[INFO] [launch.user]: [arm_vbox.launch] Using ADL VBox controller config (share/adl_tasks/config/ros2_controllers_vbox.yaml, update_rate:=125 Hz).
[INFO] [ros2_control_node-1]: process started with pid [24296]
[INFO] [robot_state_publisher-2]: process started with pid [24297]
[INFO] [joint_state_sanitizer-3]: process started with pid [24298]
[INFO] [spawner-4]: process started with pid [24299]
[INFO] [static_transform_publisher-5]: process started with pid [24300]
[INFO] [static_transform_publisher-6]: process started with pid [24301]
[static_transform_publisher-5] [INFO] [1775667486.136999500] [static_transform_publisher]: Spinning until stopped - publishing transform
[static_transform_publisher-5] translation: ('0.000000', '0.000000', '0.000000')
[static_transform_publisher-5] rotation: ('0.000000', '0.000000', '0.000000', '1.000000')
[static_transform_publisher-5] from 'world' to 'base_link'
[static_transform_publisher-6] [INFO] [1775667486.155078523] [camera_color_optical_bridge_tf_pub]: Spinning until stopped - publishing transform
[static_transform_publisher-6] translation: ('0.000000', '0.000000', '0.000000')
[static_transform_publisher-6] rotation: ('0.000000', '0.000000', '0.000000', '1.000000')
[static_transform_publisher-6] from 'camera_color_frame' to 'wrist_mounted_camera_color_optical_frame'
[robot_state_publisher-2] [INFO] [1775667486.159278658] [robot_state_publisher]: Robot initialized
[ros2_control_node-1] [INFO] [1775667486.194876516] [controller_manager]: Using Steady (Monotonic) clock for triggering controller manager cycles.
[ros2_control_node-1] [INFO] [1775667486.205090064] [controller_manager]: Subscribing to '/robot_description' topic for robot description.
[ros2_control_node-1] [INFO] [1775667486.207769253] [controller_manager]: update rate is 125 Hz
[ros2_control_node-1] [INFO] [1775667486.207794523] [controller_manager]: Overruns handling is : enabled
[ros2_control_node-1] [INFO] [1775667486.207805732] [controller_manager]: Spawning controller_manager RT thread with scheduler priority: 50
[ros2_control_node-1] [INFO] [1775667486.207870952] [controller_manager]: Successful set up FIFO RT scheduling policy with priority 50.
[ros2_control_node-1] [INFO] [1775667486.485519254] [controller_manager]: Received robot description from topic.
[ros2_control_node-1] [INFO] [1775667486.485585417] [controller_manager]: Enforcing command limits is disabled. Command limits from URDF will be ignored.
[ros2_control_node-1] [INFO] [1775667486.493309642] [controller_manager]: Loading hardware 'KortexMultiInterfaceHardware' 
[ros2_control_node-1] [INFO] [1775667486.505238285] [KortexMultiInterfaceHardware]: Setting severity threshold to DEBUG
[ros2_control_node-1] [INFO] [1775667486.505310731] [controller_manager]: Loaded hardware 'KortexMultiInterfaceHardware' from plugin 'kortex_driver/KortexMultiInterfaceHardware'
[ros2_control_node-1] [INFO] [1775667486.505905502] [controller_manager]: Initialize hardware 'KortexMultiInterfaceHardware' 
[ros2_control_node-1] [INFO] [1775667486.515346950] [KortexMultiInterfaceHardware]: Configuring Hardware Interface
[ros2_control_node-1] [INFO] [1775667486.515754588] [KortexMultiInterfaceHardware]: Robot ip is '192.168.0.10'
[ros2_control_node-1] [INFO] [1775667486.515769659] [KortexMultiInterfaceHardware]: Username is 'admin'
[ros2_control_node-1] [INFO] [1775667486.515782884] [KortexMultiInterfaceHardware]: Port used '10000'
[ros2_control_node-1] [INFO] [1775667486.515881748] [KortexMultiInterfaceHardware]: Realtime port used '10001'
[ros2_control_node-1] [INFO] [1775667486.515892895] [KortexMultiInterfaceHardware]: Session inactivity timeout is '60000'
[ros2_control_node-1] [INFO] [1775667486.515901290] [KortexMultiInterfaceHardware]: Connection inactivity timeout is '2000'
[ros2_control_node-1] [INFO] [1775667486.515910620] [KortexMultiInterfaceHardware]: Gripper joint name is 'robotiq_85_left_knuckle_joint'
[ros2_control_node-1] [INFO] [1775667486.515948721] [KortexMultiInterfaceHardware]: Connecting to robot at 192.168.0.10
[ros2_control_node-1] [INFO] [1775667486.524276955] [KortexMultiInterfaceHardware]: Creating session for communication
[spawner-4] [INFO] [1775667486.582097590] [spawner_joint_state_broadcaster]: waiting for service /controller_manager/list_controllers to become available...
[joint_state_sanitizer-3] [INFO] [1775667486.626884193] [joint_state_sanitizer_node]: joint_state_sanitizer started. raw=/joint_states -> sanitized=/joint_states_sanitized
[ros2_control_node-1] [INFO] [1775667486.998978519] [KortexMultiInterfaceHardware]: Session created
[ros2_control_node-1] [INFO] [1775667487.753682984] [KortexMultiInterfaceHardware]: Actuator count reported by robot is '7'
[ros2_control_node-1] [INFO] [1775667487.753882999] [KortexMultiInterfaceHardware]: Using internal bus communication for gripper!
[ros2_control_node-1] [INFO] [1775667487.753890851] [KortexMultiInterfaceHardware]: Hardware Interface successfully configured
[ros2_control_node-1] [INFO] [1775667487.753968880] [controller_manager]: Successful initialization of hardware 'KortexMultiInterfaceHardware'
[ros2_control_node-1] [DEBUG] [1775667487.754057008] [KortexMultiInterfaceHardware]: export_state_interfaces for joint: joint_1
[ros2_control_node-1] [DEBUG] [1775667487.754084480] [KortexMultiInterfaceHardware]: export_state_interfaces for joint: joint_2
[ros2_control_node-1] [DEBUG] [1775667487.754092783] [KortexMultiInterfaceHardware]: export_state_interfaces for joint: joint_3
[ros2_control_node-1] [DEBUG] [1775667487.754097749] [KortexMultiInterfaceHardware]: export_state_interfaces for joint: joint_4
[ros2_control_node-1] [DEBUG] [1775667487.754101575] [KortexMultiInterfaceHardware]: export_state_interfaces for joint: joint_5
[ros2_control_node-1] [DEBUG] [1775667487.754105976] [KortexMultiInterfaceHardware]: export_state_interfaces for joint: joint_6
[ros2_control_node-1] [DEBUG] [1775667487.754109983] [KortexMultiInterfaceHardware]: export_state_interfaces for joint: joint_7
[ros2_control_node-1] [DEBUG] [1775667487.754113520] [KortexMultiInterfaceHardware]: export_state_interfaces for joint: robotiq_85_left_knuckle_joint
[ros2_control_node-1] [INFO] [1775667487.756154254] [resource_manager]: 'configure' hardware 'KortexMultiInterfaceHardware' 
[ros2_control_node-1] [INFO] [1775667487.756208222] [resource_manager]: Successful 'configure' of hardware 'KortexMultiInterfaceHardware'
[ros2_control_node-1] [INFO] [1775667487.756306849] [resource_manager]: 'activate' hardware 'KortexMultiInterfaceHardware' 
[ros2_control_node-1] [INFO] [1775667487.756332564] [KortexMultiInterfaceHardware]: Activating KortexMultiInterfaceHardware...
[ros2_control_node-1] [INFO] [1775667487.760547760] [KortexMultiInterfaceHardware]: Gripper initial position is '0.873365'.
[ros2_control_node-1] [INFO] [1775667487.765108618] [KortexMultiInterfaceHardware]: KortexMultiInterfaceHardware successfully activated!
[ros2_control_node-1] [INFO] [1775667487.765142751] [resource_manager]: Successful 'activate' of hardware 'KortexMultiInterfaceHardware'
[ros2_control_node-1] [INFO] [1775667487.765346804] [controller_manager]: Registering statistics for : KortexMultiInterfaceHardware
[ros2_control_node-1] [INFO] [1775667487.765520014] [controller_manager]: Resource Manager has been successfully initialized. Starting Controller Manager services...
[ros2_control_node-1] [WARN] [1775667487.776092600] [controller_manager]: Overrun might occur, Total time : 8082.233 us (Expected < 8000.000 us) --> Read time : 3931.797 us, Update time : 48.342 us, Write time : 4102.094 us
[ros2_control_node-1] [WARN] [1775667487.776156185] [controller_manager]: Overrun detected! The controller manager missed its desired rate of 125 Hz. The loop took 8.169372 ms (missed cycles : 2).
[ros2_control_node-1] [INFO] [1775667487.835988560] [controller_manager]: Loading controller : 'joint_state_broadcaster' of type 'joint_state_broadcaster/JointStateBroadcaster'
[ros2_control_node-1] [INFO] [1775667487.836025783] [controller_manager]: Loading controller 'joint_state_broadcaster'
[ros2_control_node-1] [INFO] [1775667487.842810190] [controller_manager]: Controller 'joint_state_broadcaster' node arguments: --ros-args --params-file /home/carrt-cse-project/workspace/ros2_kortex_ws/install/adl_tasks/share/adl_tasks/config/ros2_controllers_vbox.yaml --params-file /tmp/launch_params_yom7z424 
[spawner-4] [INFO] [1775667487.865650326] [spawner_joint_state_broadcaster]: Loaded joint_state_broadcaster
[ros2_control_node-1] [INFO] [1775667487.866869835] [controller_manager]: Configuring controller: 'joint_state_broadcaster'
[ros2_control_node-1] [INFO] [1775667487.867074909] [joint_state_broadcaster]: 'joints' or 'interfaces' parameter is empty. All available state interfaces will be published
[ros2_control_node-1] [INFO] [1775667487.882124191] [controller_manager]: Activating controllers: [ joint_state_broadcaster ]
[ros2_control_node-1] [INFO] [1775667487.889739523] [controller_manager]: Successfully switched controllers!
[spawner-4] [INFO] [1775667487.898038781] [spawner_joint_state_broadcaster]: Configured and activated joint_state_broadcaster
[INFO] [spawner-4]: process has finished cleanly [pid 24299]
[INFO] [spawner-7]: process started with pid [24409]
[INFO] [spawner-8]: process started with pid [24410]
[INFO] [spawner-9]: process started with pid [24411]
[INFO] [spawner-10]: process started with pid [24412]
[spawner-9] [INFO] [1775667489.061596448] [spawner_robotiq_gripper_controller]: waiting for service /controller_manager/list_controllers to become available...
[ros2_control_node-1] [WARN] [1775667489.633593705] [controller_manager]: Overrun might occur, Total time : 9578.549 us (Expected < 8000.000 us) --> Read time : 73.684 us, Update time : 115.174 us, Write time : 9389.691 us
[ros2_control_node-1] [WARN] [1775667489.633671985] [controller_manager]: Overrun detected! The controller manager missed its desired rate of 125 Hz. The loop took 9.685066 ms (missed cycles : 2).
[ros2_control_node-1] [INFO] [1775667490.064051353] [controller_manager]: Loading controller : 'robotiq_gripper_controller' of type 'position_controllers/GripperActionController'
[ros2_control_node-1] [INFO] [1775667490.064082926] [controller_manager]: Loading controller 'robotiq_gripper_controller'
[ros2_control_node-1] [INFO] [1775667490.066774223] [controller_manager]: Controller 'robotiq_gripper_controller' node arguments: --ros-args --params-file /home/carrt-cse-project/workspace/ros2_kortex_ws/install/adl_tasks/share/adl_tasks/config/ros2_controllers_vbox.yaml --params-file /tmp/launch_params_yom7z424 
[ros2_control_node-1] [WARN] [1775667490.078125540] [robotiq_gripper_controller]: [Deprecated]: the `position_controllers/GripperActionController` and `effort_controllers::GripperActionController` controllers are replaced by 'parallel_gripper_controllers/GripperActionController' controller
[spawner-9] [INFO] [1775667490.082805472] [spawner_robotiq_gripper_controller]: Loaded robotiq_gripper_controller
[ros2_control_node-1] [INFO] [1775667490.084478424] [controller_manager]: Configuring controller: 'robotiq_gripper_controller'
[ros2_control_node-1] [INFO] [1775667490.084613311] [robotiq_gripper_controller]: Action status changes will be monitored at 20.000000 Hz.
[ros2_control_node-1] [INFO] [1775667490.090450943] [controller_manager]: Activating controllers: [ robotiq_gripper_controller ]
[ros2_control_node-1] [INFO] [1775667490.300788214] [controller_manager]: Successfully switched controllers!
[ros2_control_node-1] [WARN] [1775667490.304110882] [controller_manager]: Overrun might occur, Total time : 8097.812 us (Expected < 8000.000 us) --> Read time : 55.103 us, Update time : 4699.869 us (Switch time : 4604.367 us (Switch chained mode time : 0.846 us, perform mode change time : 22.196 us, Activation time : 4575.751 us, Deactivation time : 0.667 us)), Write time : 3342.840 us
[spawner-9] [INFO] [1775667490.485625588] [spawner_robotiq_gripper_controller]: Configured and activated robotiq_gripper_controller
[spawner-7] [INFO] [1775667490.617698558] [spawner_joint_trajectory_controller]: waiting for service /controller_manager/list_controllers to become available...
[INFO] [spawner-9]: process has finished cleanly [pid 24411]
[ros2_control_node-1] [WARN] [1775667491.937801470] [controller_manager]: Overrun might occur, Total time : 9761.910 us (Expected < 8000.000 us) --> Read time : 80.781 us, Update time : 108.237 us, Write time : 9572.892 us
[ros2_control_node-1] [WARN] [1775667491.937869619] [controller_manager]: Overrun detected! The controller manager missed its desired rate of 125 Hz. The loop took 9.882632 ms (missed cycles : 2).
[ros2_control_node-1] [INFO] [1775667492.121137873] [controller_manager]: Loading controller : 'joint_trajectory_controller' of type 'joint_trajectory_controller/JointTrajectoryController'
[ros2_control_node-1] [INFO] [1775667492.121178207] [controller_manager]: Loading controller 'joint_trajectory_controller'
[ros2_control_node-1] [INFO] [1775667492.127224482] [controller_manager]: Controller 'joint_trajectory_controller' node arguments: --ros-args --params-file /home/carrt-cse-project/workspace/ros2_kortex_ws/install/adl_tasks/share/adl_tasks/config/ros2_controllers_vbox.yaml --params-file /tmp/launch_params_yom7z424 
[spawner-7] [INFO] [1775667492.170611239] [spawner_joint_trajectory_controller]: Loaded joint_trajectory_controller
[ros2_control_node-1] [INFO] [1775667492.172038065] [controller_manager]: Configuring controller: 'joint_trajectory_controller'
[ros2_control_node-1] [INFO] [1775667492.172822105] [joint_trajectory_controller]: No specific joint names are used for command interfaces. Using 'joints' parameter.
[ros2_control_node-1] [INFO] [1775667492.173083620] [joint_trajectory_controller]: Command interfaces are [position] and state interfaces are [position velocity].
[ros2_control_node-1] [INFO] [1775667492.173307599] [joint_trajectory_controller]: Using 'splines' interpolation method.
[ros2_control_node-1] [INFO] [1775667492.178717673] [joint_trajectory_controller]: Action status changes will be monitored at 20.00 Hz.
[ros2_control_node-1] [INFO] [1775667492.194030220] [controller_manager]: Activating controllers: [ joint_trajectory_controller ]
[ros2_control_node-1] [INFO] [1775667492.408055113] [controller_manager]: Successfully switched controllers!
[ros2_control_node-1] [WARN] [1775667492.410394461] [controller_manager]: Overrun might occur, Total time : 10376.606 us (Expected < 8000.000 us) --> Read time : 82.043 us, Update time : 7919.873 us (Switch time : 7800.846 us (Switch chained mode time : 4.643 us, perform mode change time : 6606.421 us, Activation time : 1182.786 us, Deactivation time : 1.079 us)), Write time : 2374.690 us
[spawner-7] [INFO] [1775667492.417671516] [spawner_joint_trajectory_controller]: Configured and activated joint_trajectory_controller
[spawner-10] [INFO] [1775667492.543618440] [spawner_fault_controller]: waiting for service /controller_manager/list_controllers to become available...
[INFO] [spawner-7]: process has finished cleanly [pid 24409]
[ros2_control_node-1] [INFO] [1775667493.045959044] [controller_manager]: Loading controller : 'fault_controller' of type 'picknik_reset_fault_controller/PicknikResetFaultController'
[ros2_control_node-1] [INFO] [1775667493.046013239] [controller_manager]: Loading controller 'fault_controller'
[ros2_control_node-1] [INFO] [1775667493.048676204] [controller_manager]: Controller 'fault_controller' node arguments: --ros-args --params-file /home/carrt-cse-project/workspace/ros2_kortex_ws/install/adl_tasks/share/adl_tasks/config/ros2_controllers_vbox.yaml --params-file /tmp/launch_params_yom7z424 
[spawner-10] [INFO] [1775667493.065742388] [spawner_fault_controller]: Loaded fault_controller
[ros2_control_node-1] [INFO] [1775667493.067576874] [controller_manager]: Configuring controller: 'fault_controller'
[ros2_control_node-1] [INFO] [1775667493.073954103] [controller_manager]: Activating controllers: [ fault_controller ]
[ros2_control_node-1] [INFO] [1775667493.284835215] [controller_manager]: Successfully switched controllers!
[spawner-10] [INFO] [1775667493.289940160] [spawner_fault_controller]: Configured and activated fault_controller
[spawner-8] [INFO] [1775667493.418463499] [spawner_twist_controller]: waiting for service /controller_manager/list_controllers to become available...
[INFO] [spawner-10]: process has finished cleanly [pid 24412]
[INFO] [move_group-11]: process started with pid [24471]
[INFO] [rviz2-12]: process started with pid [24472]
[move_group-11] [INFO] [1775667493.883895350] [move_group.moveit.moveit.ros.rdf_loader]: Loaded robot model in 0.0116121 seconds
[move_group-11] [INFO] [1775667493.884080580] [move_group.moveit.moveit.core.robot_model]: Loading robot model 'gen3'...
[move_group-11] [INFO] [1775667493.884110874] [move_group.moveit.moveit.core.robot_model]: No root/virtual joint specified in SRDF. Assuming fixed joint
[ros2_control_node-1] [INFO] [1775667493.939869711] [controller_manager]: Received robot description from topic.
[ros2_control_node-1] [WARN] [1775667493.939913429] [controller_manager]: ResourceManager has already loaded a urdf. Ignoring attempt to reload a robot description.
[move_group-11] [INFO] [1775667494.041556764] [move_group.moveit.moveit.kinematics.kdl_kinematics_plugin]: Joint weights for group 'manipulator': 1 1 1 1 1 1 1
[rviz2-12] [INFO] [1775667494.130187994] [rviz2]: Stereo is NOT SUPPORTED
[rviz2-12] [INFO] [1775667494.130262980] [rviz2]: OpenGl version: 4.6 (GLSL 4.6)
[rviz2-12] [INFO] [1775667494.161679972] [rviz2]: Stereo is NOT SUPPORTED
[rviz2-12] Warning: class_loader.impl: SEVERE WARNING!!! A namespace collision has occurred with plugin factory for class rviz_default_plugins::displays::InteractiveMarkerDisplay. New factory will OVERWRITE existing one. This situation occurs when libraries containing plugins are directly linked against an executable (the one running right now generating this message). Please separate plugins out into their own library or just don't link against the library and use either class_loader::ClassLoader/MultiLibraryClassLoader to open.
[rviz2-12]          at line 321 in /opt/ros/jazzy/include/class_loader/class_loader/class_loader_core.hpp
[rviz2-12] [WARN] [1775667494.305392063] [rcl.logging_rosout]: Publisher already registered for node name: 'rviz2_moveit'. If this is due to multiple nodes with the same name then all logs for the logger named 'rviz2_moveit' will go out over the existing publisher. As soon as any node with that name is destructed it will unregister the publisher, preventing any further logs for that name from being published on the rosout topic.
[move_group-11] [INFO] [1775667494.411602206] [move_group.moveit.moveit.ros.planning_scene_monitor]: Publishing maintained planning scene on 'monitored_planning_scene'
[move_group-11] [INFO] [1775667494.411761458] [move_group.moveit.moveit.ros.moveit_cpp]: Listening to 'joint_states' for joint states
[move_group-11] [INFO] [1775667494.412868878] [move_group.moveit.moveit.ros.current_state_monitor]: Listening to joint states on topic 'joint_states'
[move_group-11] [INFO] [1775667494.413856945] [move_group.moveit.moveit.ros.planning_scene_monitor]: Listening to '/attached_collision_object' for attached collision objects
[move_group-11] [INFO] [1775667494.413892468] [move_group.moveit.moveit.ros.planning_scene_monitor]: Stopping existing planning scene publisher.
[move_group-11] [INFO] [1775667494.414097172] [move_group.moveit.moveit.ros.planning_scene_monitor]: Stopped publishing maintained planning scene.
[move_group-11] [INFO] [1775667494.414907063] [move_group.moveit.moveit.ros.planning_scene_monitor]: Publishing maintained planning scene on 'monitored_planning_scene'
[move_group-11] [INFO] [1775667494.415038976] [move_group.moveit.moveit.ros.planning_scene_monitor]: Starting planning scene monitor
[move_group-11] [INFO] [1775667494.416002046] [move_group.moveit.moveit.ros.planning_scene_monitor]: Listening to '/planning_scene'
[move_group-11] [INFO] [1775667494.416050705] [move_group.moveit.moveit.ros.planning_scene_monitor]: Starting world geometry update monitor for collision objects, attached objects, octomap updates.
[move_group-11] [INFO] [1775667494.418167268] [move_group.moveit.moveit.ros.planning_scene_monitor]: Listening to 'collision_object'
[move_group-11] [INFO] [1775667494.419793317] [move_group.moveit.moveit.ros.planning_scene_monitor]: Listening to 'planning_scene_world' for planning scene world geometry
[move_group-11] [WARN] [1775667494.421006457] [move_group.moveit.moveit.ros.occupancy_map_monitor]: Resolution not specified for Octomap. Assuming resolution = 0.1 instead
[move_group-11] [ERROR] [1775667494.421062603] [move_group.moveit.moveit.ros.occupancy_map_monitor]: No 3D sensor plugin(s) defined for octomap updates
[move_group-11] [INFO] [1775667494.621441680] [move_group.moveit.moveit.ros.planning_pipeline]: Successfully loaded planner 'OMPL'
[move_group-11] [INFO] [1775667494.625869473] [move_group]: Try loading adapter 'default_planning_request_adapters/ResolveConstraintFrames'
[move_group-11] [INFO] [1775667494.627310057] [move_group]: Loaded adapter 'default_planning_request_adapters/ResolveConstraintFrames'
[move_group-11] [INFO] [1775667494.627335227] [move_group]: Try loading adapter 'default_planning_request_adapters/ValidateWorkspaceBounds'
[move_group-11] [INFO] [1775667494.627723313] [move_group]: Loaded adapter 'default_planning_request_adapters/ValidateWorkspaceBounds'
[move_group-11] [INFO] [1775667494.627749138] [move_group]: Try loading adapter 'default_planning_request_adapters/CheckStartStateBounds'
[move_group-11] [INFO] [1775667494.627788912] [move_group]: Loaded adapter 'default_planning_request_adapters/CheckStartStateBounds'
[move_group-11] [INFO] [1775667494.627800576] [move_group]: Try loading adapter 'default_planning_request_adapters/CheckStartStateCollision'
[move_group-11] [INFO] [1775667494.627818964] [move_group]: Loaded adapter 'default_planning_request_adapters/CheckStartStateCollision'
[move_group-11] [INFO] [1775667494.632005944] [move_group]: Try loading adapter 'default_planning_response_adapters/AddTimeOptimalParameterization'
[move_group-11] [INFO] [1775667494.635590006] [move_group]: Loaded adapter 'default_planning_response_adapters/AddTimeOptimalParameterization'
[move_group-11] [INFO] [1775667494.635620495] [move_group]: Try loading adapter 'default_planning_response_adapters/ValidateSolution'
[move_group-11] [INFO] [1775667494.638215919] [move_group]: Loaded adapter 'default_planning_response_adapters/ValidateSolution'
[move_group-11] [INFO] [1775667494.638244634] [move_group]: Try loading adapter 'default_planning_response_adapters/DisplayMotionPath'
[move_group-11] [INFO] [1775667494.639370165] [move_group]: Loaded adapter 'default_planning_response_adapters/DisplayMotionPath'
[move_group-11] [INFO] [1775667494.698346949] [move_group.moveit.moveit.plugins.simple_controller_manager]: Added FollowJointTrajectory controller for joint_trajectory_controller
[move_group-11] [INFO] [1775667494.698408043] [move_group.moveit.moveit.plugins.simple_controller_manager]: robotiq_gripper_controller will command a max effort of: 0
[move_group-11] [INFO] [1775667494.703168878] [move_group.moveit.moveit.plugins.simple_controller_manager]: Added GripperCommand controller for robotiq_gripper_controller
[move_group-11] [INFO] [1775667494.703390613] [move_group.moveit.moveit.plugins.simple_controller_manager]: Returned 2 controllers in list
[move_group-11] [INFO] [1775667494.703434491] [move_group.moveit.moveit.plugins.simple_controller_manager]: Returned 2 controllers in list
[move_group-11] [INFO] [1775667494.704354296] [move_group.moveit.moveit.ros.trajectory_execution_manager]: Trajectory execution is managing controllers
[move_group-11] [INFO] [1775667494.704393986] [move_group]: MoveGroup debug mode is ON
[move_group-11] [INFO] [1775667494.734006782] [move_group.moveit.moveit.ros.move_group.executable]: 
[move_group-11] 
[move_group-11] ********************************************************
[move_group-11] * MoveGroup using: 
[move_group-11] *     - apply_planning_scene_service
[move_group-11] *     - clear_octomap_service
[move_group-11] *     - get_group_urdf
[move_group-11] *     - load_geometry_from_file
[move_group-11] *     - CartesianPathService
[move_group-11] *     - execute_trajectory_action
[move_group-11] *     - get_planning_scene_service
[move_group-11] *     - kinematics_service
[move_group-11] *     - move_action
[move_group-11] *     - motion_plan_service
[move_group-11] *     - query_planners_service
[move_group-11] *     - state_validation_service
[move_group-11] *     - save_geometry_to_file
[move_group-11] ********************************************************
[move_group-11] 
[move_group-11] [INFO] [1775667494.734079759] [move_group.moveit.moveit.ros.move_group.context]: MoveGroup context using pipeline ompl
[move_group-11] [INFO] [1775667494.734102245] [move_group.moveit.moveit.ros.move_group.context]: MoveGroup context initialization complete
[move_group-11] [96mLoading 'move_group/ApplyPlanningSceneService'...[0m
[move_group-11] [96mLoading 'move_group/ClearOctomapService'...[0m
[move_group-11] [96mLoading 'move_group/GetUrdfService'...[0m
[move_group-11] [96mLoading 'move_group/LoadGeometryFromFileService'...[0m
[move_group-11] [96mLoading 'move_group/MoveGroupCartesianPathService'...[0m
[move_group-11] [96mLoading 'move_group/MoveGroupExecuteTrajectoryAction'...[0m
[move_group-11] [96mLoading 'move_group/MoveGroupGetPlanningSceneService'...[0m
[move_group-11] [96mLoading 'move_group/MoveGroupKinematicsService'...[0m
[move_group-11] [96mLoading 'move_group/MoveGroupMoveAction'...[0m
[move_group-11] [96mLoading 'move_group/MoveGroupPlanService'...[0m
[move_group-11] [96mLoading 'move_group/MoveGroupQueryPlannersService'...[0m
[move_group-11] [96mLoading 'move_group/MoveGroupStateValidationService'...[0m
[move_group-11] [96mLoading 'move_group/SaveGeometryToFileService'...[0m
[move_group-11] 
[move_group-11] [92mYou can start planning now![0m
[move_group-11] 
[ros2_control_node-1] [INFO] [1775667495.922763156] [controller_manager]: Loading controller : 'twist_controller' of type 'picknik_twist_controller/PicknikTwistController'
[ros2_control_node-1] [INFO] [1775667495.922800893] [controller_manager]: Loading controller 'twist_controller'
[ros2_control_node-1] [INFO] [1775667495.925843945] [controller_manager]: Controller 'twist_controller' node arguments: --ros-args --params-file /home/carrt-cse-project/workspace/ros2_kortex_ws/install/adl_tasks/share/adl_tasks/config/ros2_controllers_vbox.yaml --params-file /tmp/launch_params_yom7z424 
[spawner-8] [INFO] [1775667495.945795476] [spawner_twist_controller]: Loaded twist_controller
[ros2_control_node-1] [INFO] [1775667495.946981329] [controller_manager]: Configuring controller: 'twist_controller'
[ros2_control_node-1] [INFO] [1775667495.948903764] [twist_controller]: configure successful
[INFO] [spawner-8]: process has finished cleanly [pid 24410]
[ros2_control_node-1] [WARN] [1775667497.272625363] [controller_manager]: Overrun might occur, Total time : 8613.142 us (Expected < 8000.000 us) --> Read time : 39.907 us, Update time : 258.907 us, Write time : 8314.328 us
[ros2_control_node-1] [WARN] [1775667497.272705943] [controller_manager]: Overrun detected! The controller manager missed its desired rate of 125 Hz. The loop took 8.718238 ms (missed cycles : 2).
[rviz2-12] [ERROR] [1775667497.356598299] [rviz2_moveit.moveit.ros.motion_planning_frame]: Action server: /recognize_objects not available
[rviz2-12] [INFO] [1775667497.419456605] [rviz2_moveit.moveit.ros.motion_planning_frame]: MoveGroup namespace changed: / -> . Reloading params.
[rviz2-12] [INFO] [1775667497.563928698] [rviz2_moveit.moveit.ros.rdf_loader]: Loaded robot model in 0.0459952 seconds
[rviz2-12] [INFO] [1775667497.564035780] [rviz2_moveit.moveit.core.robot_model]: Loading robot model 'gen3'...
[rviz2-12] [INFO] [1775667497.564079519] [rviz2_moveit.moveit.core.robot_model]: No root/virtual joint specified in SRDF. Assuming fixed joint
[rviz2-12] [INFO] [1775667498.091000360] [rviz2_moveit.moveit.kinematics.kdl_kinematics_plugin]: Joint weights for group 'manipulator': 1 1 1 1 1 1 1
[ros2_control_node-1] [WARN] [1775667498.579468136] [controller_manager]: Overrun might occur, Total time : 11443.647 us (Expected < 8000.000 us) --> Read time : 52.563 us, Update time : 229.510 us, Write time : 11161.574 us
[ros2_control_node-1] [WARN] [1775667498.579550282] [controller_manager]: Overrun detected! The controller manager missed its desired rate of 125 Hz. The loop took 11.562726 ms (missed cycles : 2).
[rviz2-12] [INFO] [1775667498.901208554] [rviz2_moveit.moveit.ros.planning_scene_monitor]: Starting planning scene monitor
[rviz2-12] [INFO] [1775667498.905114639] [rviz2_moveit.moveit.ros.planning_scene_monitor]: Listening to '/monitored_planning_scene'
[rviz2-12] [INFO] [1775667499.382826092] [interactive_marker_display_109244801212704]: Connected on namespace: /rviz_moveit_motion_planning_display/robot_interaction_interactive_marker_topic
[rviz2-12] [INFO] [1775667499.390479795] [rviz2_moveit.moveit.ros.robot_interaction]: No active joints or end effectors found for group 'gripper'. Make sure that kinematics.yaml is loaded in this node's namespace.
[rviz2-12] [INFO] [1775667499.391051419] [rviz2_moveit.moveit.ros.robot_interaction]: No active joints or end effectors found for group 'gripper'. Make sure that kinematics.yaml is loaded in this node's namespace.
[rviz2-12] [INFO] [1775667499.404340857] [rviz2_moveit.moveit.ros.motion_planning_frame]: group gripper
[rviz2-12] [INFO] [1775667499.404402649] [rviz2_moveit.moveit.ros.motion_planning_frame]: Constructing new MoveGroup connection for group 'gripper' in namespace ''
[rviz2-12] [INFO] [1775667499.424927426] [interactive_marker_display_109244801212704]: Sending request for interactive markers
[rviz2-12] [INFO] [1775667499.457706417] [interactive_marker_display_109244801212704]: Service response received for initialization
[rviz2-12] [INFO] [1775667499.504211267] [rviz2_moveit.moveit.ros.move_group_interface]: Ready to take commands for planning group gripper.
[rviz2-12] [INFO] [1775667499.506790429] [rviz2_moveit.moveit.ros.motion_planning_frame]: group gripper
[ros2_control_node-1] [WARN] [1775667499.856235073] [controller_manager]: Overrun might occur, Total time : 8209.291 us (Expected < 8000.000 us) --> Read time : 60.789 us, Update time : 264.067 us, Write time : 7884.435 us
[ros2_control_node-1] [WARN] [1775667499.856319822] [controller_manager]: Overrun detected! The controller manager missed its desired rate of 125 Hz. The loop took 8.332377 ms (missed cycles : 2).
[ros2_control_node-1] [WARN] [1775667502.252556775] [controller_manager]: Overrun might occur, Total time : 12536.551 us (Expected < 8000.000 us) --> Read time : 59.833 us, Update time : 278.599 us, Write time : 12198.119 us
[ros2_control_node-1] [WARN] [1775667502.252637728] [controller_manager]: Overrun detected! The controller manager missed its desired rate of 125 Hz. The loop took 12.650298 ms (missed cycles : 2).
[ros2_control_node-1] [WARN] [1775667504.584301689] [controller_manager]: Overrun might occur, Total time : 8277.626 us (Expected < 8000.000 us) --> Read time : 59.515 us, Update time : 266.692 us, Write time : 7951.419 us
[ros2_control_node-1] [WARN] [1775667504.584381972] [controller_manager]: Overrun detected! The controller manager missed its desired rate of 125 Hz. The loop took 8.394779 ms (missed cycles : 2).
[ros2_control_node-1] [WARN] [1775667505.760537482] [controller_manager]: Overrun might occur, Total time : 8513.404 us (Expected < 8000.000 us) --> Read time : 70.068 us, Update time : 318.064 us, Write time : 8125.272 us
[ros2_control_node-1] [WARN] [1775667505.760614289] [controller_manager]: Overrun detected! The controller manager missed its desired rate of 125 Hz. The loop took 8.626814 ms (missed cycles : 2).
[ros2_control_node-1] [WARN] [1775667507.080651744] [controller_manager]: Overrun might occur, Total time : 8613.534 us (Expected < 8000.000 us) --> Read time : 99.051 us, Update time : 321.748 us, Write time : 8192.735 us
[ros2_control_node-1] [WARN] [1775667507.080809331] [controller_manager]: Overrun detected! The controller manager missed its desired rate of 125 Hz. The loop took 8.821444 ms (missed cycles : 2).
[ros2_control_node-1] [WARN] [1775667509.249057603] [controller_manager]: Overrun might occur, Total time : 9017.408 us (Expected < 8000.000 us) --> Read time : 57.790 us, Update time : 220.058 us, Write time : 8739.560 us
[ros2_control_node-1] [WARN] [1775667509.249156795] [controller_manager]: Overrun detected! The controller manager missed its desired rate of 125 Hz. The loop took 9.168438 ms (missed cycles : 2).
[ros2_control_node-1] [WARN] [1775667512.402795298] [controller_manager]: Overrun might occur, Total time : 10773.663 us (Expected < 8000.000 us) --> Read time : 56.641 us, Update time : 273.037 us, Write time : 10443.985 us
[ros2_control_node-1] [WARN] [1775667512.402877762] [controller_manager]: Overrun detected! The controller manager missed its desired rate of 125 Hz. The loop took 10.890672 ms (missed cycles : 2).
[ros2_control_node-1] [WARN] [1775667515.713781902] [controller_manager]: Overrun might occur, Total time : 9706.705 us (Expected < 8000.000 us) --> Read time : 63.034 us, Update time : 240.648 us, Write time : 9403.023 us
[ros2_control_node-1] [WARN] [1775667515.713853325] [controller_manager]: Overrun detected! The controller manager missed its desired rate of 125 Hz. The loop took 9.866329 ms (missed cycles : 2).
[ros2_control_node-1] [WARN] [1775667517.610674320] [controller_manager]: Overrun might occur, Total time : 10649.389 us (Expected < 8000.000 us) --> Read time : 60.439 us, Update time : 244.181 us, Write time : 10344.769 us
[ros2_control_node-1] [WARN] [1775667517.610749323] [controller_manager]: Overrun detected! The controller manager missed its desired rate of 125 Hz. The loop took 10.762326 ms (missed cycles : 2).
[ros2_control_node-1] [WARN] [1775667518.831566265] [controller_manager]: Overrun might occur, Total time : 15542.993 us (Expected < 8000.000 us) --> Read time : 55.301 us, Update time : 229.637 us, Write time : 15258.055 us
[ros2_control_node-1] [WARN] [1775667518.831678312] [controller_manager]: Overrun detected! The controller manager missed its desired rate of 125 Hz. The loop took 15.690980 ms (missed cycles : 2).
[ros2_control_node-1] [WARN] [1775667519.883270501] [controller_manager]: Overrun might occur, Total time : 11249.422 us (Expected < 8000.000 us) --> Read time : 60.175 us, Update time : 256.279 us, Write time : 10932.968 us
[ros2_control_node-1] [WARN] [1775667519.883353563] [controller_manager]: Overrun detected! The controller manager missed its desired rate of 125 Hz. The loop took 11.366297 ms (missed cycles : 2).
[ros2_control_node-1] [WARN] [1775667521.216618469] [controller_manager]: Overrun might occur, Total time : 8597.396 us (Expected < 8000.000 us) --> Read time : 54.287 us, Update time : 253.396 us, Write time : 8289.713 us
[ros2_control_node-1] [WARN] [1775667521.216696366] [controller_manager]: Overrun detected! The controller manager missed its desired rate of 125 Hz. The loop took 8.709301 ms (missed cycles : 2).
[ros2_control_node-1] [WARN] [1775667523.576614206] [controller_manager]: Overrun might occur, Total time : 8576.261 us (Expected < 8000.000 us) --> Read time : 80.382 us, Update time : 360.356 us, Write time : 8135.523 us
[ros2_control_node-1] [WARN] [1775667523.576699005] [controller_manager]: Overrun detected! The controller manager missed its desired rate of 125 Hz. The loop took 8.711424 ms (missed cycles : 2).
[ros2_control_node-1] [WARN] [1775667528.100736171] [controller_manager]: Overrun might occur, Total time : 12713.390 us (Expected < 8000.000 us) --> Read time : 55.228 us, Update time : 240.543 us, Write time : 12417.619 us
[ros2_control_node-1] [WARN] [1775667528.100812145] [controller_manager]: Overrun detected! The controller manager missed its desired rate of 125 Hz. The loop took 12.825130 ms (missed cycles : 2).
[ros2_control_node-1] [WARN] [1775667534.686596843] [controller_manager]: Overrun might occur, Total time : 14577.132 us (Expected < 8000.000 us) --> Read time : 53.922 us, Update time : 247.040 us, Write time : 14276.170 us
[ros2_control_node-1] [WARN] [1775667534.686675501] [controller_manager]: Overrun detected! The controller manager missed its desired rate of 125 Hz. The loop took 14.688473 ms (missed cycles : 2).
[ros2_control_node-1] [WARN] [1775667535.709513415] [controller_manager]: Overrun might occur, Total time : 13495.591 us (Expected < 8000.000 us) --> Read time : 66.764 us, Update time : 230.177 us, Write time : 13198.650 us
[ros2_control_node-1] [WARN] [1775667535.709585664] [controller_manager]: Overrun detected! The controller manager missed its desired rate of 125 Hz. The loop took 13.598351 ms (missed cycles : 2).
[ros2_control_node-1] [WARN] [1775667537.802327553] [controller_manager]: Overrun might occur, Total time : 10302.857 us (Expected < 8000.000 us) --> Read time : 56.845 us, Update time : 249.453 us, Write time : 9996.559 us
[ros2_control_node-1] [WARN] [1775667537.802425638] [controller_manager]: Overrun detected! The controller manager missed its desired rate of 125 Hz. The loop took 10.438472 ms (missed cycles : 2).
[ros2_control_node-1] [WARN] [1775667539.800664796] [controller_manager]: Overrun might occur, Total time : 8640.333 us (Expected < 8000.000 us) --> Read time : 71.395 us, Update time : 248.451 us, Write time : 8320.487 us
[ros2_control_node-1] [WARN] [1775667539.800781341] [controller_manager]: Overrun detected! The controller manager missed its desired rate of 125 Hz. The loop took 8.793871 ms (missed cycles : 2).
[ros2_control_node-1] [WARN] [1775667547.200798116] [controller_manager]: Overrun might occur, Total time : 16781.223 us (Expected < 8000.000 us) --> Read time : 56.723 us, Update time : 252.418 us, Write time : 16472.082 us
[ros2_control_node-1] [WARN] [1775667547.200878022] [controller_manager]: Overrun detected! The controller manager missed its desired rate of 125 Hz. The loop took 16.890684 ms (missed cycles : 3).
[ros2_control_node-1] [WARN] [1775667548.560147734] [controller_manager]: Overrun might occur, Total time : 8123.024 us (Expected < 8000.000 us) --> Read time : 61.433 us, Update time : 260.491 us, Write time : 7801.100 us
[ros2_control_node-1] [WARN] [1775667548.560228412] [controller_manager]: Overrun detected! The controller manager missed its desired rate of 125 Hz. The loop took 8.241173 ms (missed cycles : 2).
[ros2_control_node-1] [WARN] [1775667550.016654758] [controller_manager]: Overrun might occur, Total time : 8628.957 us (Expected < 8000.000 us) --> Read time : 76.856 us, Update time : 311.959 us, Write time : 8240.142 us
[ros2_control_node-1] [WARN] [1775667550.016730532] [controller_manager]: Overrun detected! The controller manager missed its desired rate of 125 Hz. The loop took 8.743410 ms (missed cycles : 2).
[ros2_control_node-1] [WARN] [1775667551.681371516] [controller_manager]: Overrun might occur, Total time : 9348.068 us (Expected < 8000.000 us) --> Read time : 63.299 us, Update time : 296.625 us, Write time : 8988.144 us
[ros2_control_node-1] [WARN] [1775667551.681440876] [controller_manager]: Overrun detected! The controller manager missed its desired rate of 125 Hz. The loop took 9.453207 ms (missed cycles : 2).
[ros2_control_node-1] [WARN] [1775667552.984592392] [controller_manager]: Overrun might occur, Total time : 8564.592 us (Expected < 8000.000 us) --> Read time : 55.064 us, Update time : 275.023 us, Write time : 8234.505 us
[ros2_control_node-1] [WARN] [1775667552.984671274] [controller_manager]: Overrun detected! The controller manager missed its desired rate of 125 Hz. The loop took 8.683918 ms (missed cycles : 2).
[ros2_control_node-1] [WARN] [1775667554.768877230] [controller_manager]: Overrun might occur, Total time : 8849.689 us (Expected < 8000.000 us) --> Read time : 59.479 us, Update time : 255.788 us, Write time : 8534.422 us
[ros2_control_node-1] [WARN] [1775667554.768973705] [controller_manager]: Overrun detected! The controller manager missed its desired rate of 125 Hz. The loop took 8.986134 ms (missed cycles : 2).
[ros2_control_node-1] [WARN] [1775667556.178334677] [controller_manager]: Overrun might occur, Total time : 10314.547 us (Expected < 8000.000 us) --> Read time : 47.334 us, Update time : 316.709 us, Write time : 9950.504 us
[ros2_control_node-1] [WARN] [1775667556.178408762] [controller_manager]: Overrun detected! The controller manager missed its desired rate of 125 Hz. The loop took 10.421786 ms (missed cycles : 2).
[ros2_control_node-1] [WARN] [1775667557.616810907] [controller_manager]: Overrun might occur, Total time : 8754.714 us (Expected < 8000.000 us) --> Read time : 105.391 us, Update time : 478.935 us, Write time : 8170.388 us
[ros2_control_node-1] [WARN] [1775667557.616880942] [controller_manager]: Overrun detected! The controller manager missed its desired rate of 125 Hz. The loop took 8.893804 ms (missed cycles : 2).
[ros2_control_node-1] [WARN] [1775667561.537720444] [controller_manager]: Overrun might occur, Total time : 9699.803 us (Expected < 8000.000 us) --> Read time : 52.369 us, Update time : 257.141 us, Write time : 9390.293 us
[ros2_control_node-1] [WARN] [1775667561.537800622] [controller_manager]: Overrun detected! The controller manager missed its desired rate of 125 Hz. The loop took 9.813419 ms (missed cycles : 2).
[ros2_control_node-1] [WARN] [1775667562.550170483] [controller_manager]: Overrun might occur, Total time : 14147.645 us (Expected < 8000.000 us) --> Read time : 54.392 us, Update time : 276.384 us, Write time : 13816.869 us
[ros2_control_node-1] [WARN] [1775667562.550275807] [controller_manager]: Overrun detected! The controller manager missed its desired rate of 125 Hz. The loop took 14.288391 ms (missed cycles : 2).
[ros2_control_node-1] [WARN] [1775667565.016156412] [controller_manager]: Overrun might occur, Total time : 8137.643 us (Expected < 8000.000 us) --> Read time : 78.444 us, Update time : 274.014 us, Write time : 7785.185 us
[ros2_control_node-1] [WARN] [1775667565.016241840] [controller_manager]: Overrun detected! The controller manager missed its desired rate of 125 Hz. The loop took 8.254335 ms (missed cycles : 2).
[ros2_control_node-1] [WARN] [1775667567.977597209] [controller_manager]: Overrun might occur, Total time : 9566.963 us (Expected < 8000.000 us) --> Read time : 68.725 us, Update time : 259.937 us, Write time : 9238.301 us
[ros2_control_node-1] [WARN] [1775667567.977672349] [controller_manager]: Overrun detected! The controller manager missed its desired rate of 125 Hz. The loop took 9.684744 ms (missed cycles : 2).
[ros2_control_node-1] [WARN] [1775667574.764066622] [controller_manager]: Overrun might occur, Total time : 12044.758 us (Expected < 8000.000 us) --> Read time : 55.112 us, Update time : 269.244 us, Write time : 11720.402 us
[ros2_control_node-1] [WARN] [1775667574.764161195] [controller_manager]: Overrun detected! The controller manager missed its desired rate of 125 Hz. The loop took 12.173943 ms (missed cycles : 2).
[ros2_control_node-1] [WARN] [1775667576.805640245] [controller_manager]: Overrun might occur, Total time : 13625.610 us (Expected < 8000.000 us) --> Read time : 37.673 us, Update time : 239.865 us, Write time : 13348.072 us
[ros2_control_node-1] [WARN] [1775667576.805723214] [controller_manager]: Overrun detected! The controller manager missed its desired rate of 125 Hz. The loop took 13.735111 ms (missed cycles : 2).
[ros2_control_node-1] [WARN] [1775667578.673606086] [controller_manager]: Overrun might occur, Total time : 9585.184 us (Expected < 8000.000 us) --> Read time : 54.683 us, Update time : 257.024 us, Write time : 9273.477 us
[ros2_control_node-1] [WARN] [1775667578.673680429] [controller_manager]: Overrun detected! The controller manager missed its desired rate of 125 Hz. The loop took 9.693030 ms (missed cycles : 2).
[ros2_control_node-1] [WARN] [1775667583.400546050] [controller_manager]: Overrun might occur, Total time : 8526.172 us (Expected < 8000.000 us) --> Read time : 52.351 us, Update time : 252.854 us, Write time : 8220.967 us
[ros2_control_node-1] [WARN] [1775667583.400626575] [controller_manager]: Overrun detected! The controller manager missed its desired rate of 125 Hz. The loop took 8.638804 ms (missed cycles : 2).
[ros2_control_node-1] [WARN] [1775667585.704635189] [controller_manager]: Overrun might occur, Total time : 8606.567 us (Expected < 8000.000 us) --> Read time : 64.501 us, Update time : 271.899 us, Write time : 8270.167 us
[ros2_control_node-1] [WARN] [1775667585.704711932] [controller_manager]: Overrun detected! The controller manager missed its desired rate of 125 Hz. The loop took 8.724548 ms (missed cycles : 2).
[ros2_control_node-1] [WARN] [1775667587.288648595] [controller_manager]: Overrun might occur, Total time : 8622.113 us (Expected < 8000.000 us) --> Read time : 68.436 us, Update time : 289.297 us, Write time : 8264.380 us
[ros2_control_node-1] [WARN] [1775667587.288722129] [controller_manager]: Overrun detected! The controller manager missed its desired rate of 125 Hz. The loop took 8.734610 ms (missed cycles : 2).
[ros2_control_node-1] [WARN] [1775667589.044732978] [controller_manager]: Overrun might occur, Total time : 12701.415 us (Expected < 8000.000 us) --> Read time : 80.361 us, Update time : 294.016 us, Write time : 12327.038 us
[ros2_control_node-1] [WARN] [1775667589.044824587] [controller_manager]: Overrun detected! The controller manager missed its desired rate of 125 Hz. The loop took 12.836948 ms (missed cycles : 2).
[ros2_control_node-1] [WARN] [1775667590.560591230] [controller_manager]: Overrun might occur, Total time : 8569.232 us (Expected < 8000.000 us) --> Read time : 75.647 us, Update time : 248.057 us, Write time : 8245.528 us
[ros2_control_node-1] [WARN] [1775667590.560670714] [controller_manager]: Overrun detected! The controller manager missed its desired rate of 125 Hz. The loop took 8.683561 ms (missed cycles : 2).
[ros2_control_node-1] [WARN] [1775667592.280628398] [controller_manager]: Overrun might occur, Total time : 8609.157 us (Expected < 8000.000 us) --> Read time : 53.583 us, Update time : 242.175 us, Write time : 8313.399 us
[ros2_control_node-1] [WARN] [1775667592.280742555] [controller_manager]: Overrun detected! The controller manager missed its desired rate of 125 Hz. The loop took 8.754659 ms (missed cycles : 2).
[ros2_control_node-1] [WARN] [1775667595.702549070] [controller_manager]: Overrun might occur, Total time : 14532.647 us (Expected < 8000.000 us) --> Read time : 48.506 us, Update time : 187.676 us, Write time : 14296.465 us
[ros2_control_node-1] [WARN] [1775667595.702655174] [controller_manager]: Overrun detected! The controller manager missed its desired rate of 125 Hz. The loop took 14.667465 ms (missed cycles : 2).
[ros2_control_node-1] [WARN] [1775667598.207185169] [controller_manager]: Overrun might occur, Total time : 15159.992 us (Expected < 8000.000 us) --> Read time : 50.358 us, Update time : 247.586 us, Write time : 14862.048 us
[ros2_control_node-1] [WARN] [1775667598.207268821] [controller_manager]: Overrun detected! The controller manager missed its desired rate of 125 Hz. The loop took 15.281026 ms (missed cycles : 2).
[ros2_control_node-1] [WARN] [1775667599.376601462] [controller_manager]: Overrun might occur, Total time : 8571.899 us (Expected < 8000.000 us) --> Read time : 78.891 us, Update time : 310.556 us, Write time : 8182.452 us
[ros2_control_node-1] [WARN] [1775667599.376694493] [controller_manager]: Overrun detected! The controller manager missed its desired rate of 125 Hz. The loop took 8.706764 ms (missed cycles : 2).
[ros2_control_node-1] [WARN] [1775667604.522735745] [controller_manager]: Overrun might occur, Total time : 10717.746 us (Expected < 8000.000 us) --> Read time : 64.813 us, Update time : 235.753 us, Write time : 10417.180 us
[ros2_control_node-1] [WARN] [1775667604.522804593] [controller_manager]: Overrun detected! The controller manager missed its desired rate of 125 Hz. The loop took 10.817482 ms (missed cycles : 2).
[ros2_control_node-1] [WARN] [1775667607.450019513] [controller_manager]: Overrun might occur, Total time : 10006.598 us (Expected < 8000.000 us) --> Read time : 45.776 us, Update time : 302.687 us, Write time : 9658.135 us
[ros2_control_node-1] [WARN] [1775667607.450110130] [controller_manager]: Overrun detected! The controller manager missed its desired rate of 125 Hz. The loop took 10.122583 ms (missed cycles : 2).
[ros2_control_node-1] [WARN] [1775667609.768670166] [controller_manager]: Overrun might occur, Total time : 8639.996 us (Expected < 8000.000 us) --> Read time : 56.520 us, Update time : 257.616 us, Write time : 8325.860 us
[ros2_control_node-1] [WARN] [1775667609.768788520] [controller_manager]: Overrun detected! The controller manager missed its desired rate of 125 Hz. The loop took 8.800759 ms (missed cycles : 2).
[ros2_control_node-1] [WARN] [1775667614.123624385] [controller_manager]: Overrun might occur, Total time : 11611.162 us (Expected < 8000.000 us) --> Read time : 39.969 us, Update time : 236.094 us, Write time : 11335.099 us
[ros2_control_node-1] [WARN] [1775667614.123710001] [controller_manager]: Overrun detected! The controller manager missed its desired rate of 125 Hz. The loop took 11.721975 ms (missed cycles : 2).
[ros2_control_node-1] [WARN] [1775667618.329634633] [controller_manager]: Overrun might occur, Total time : 9610.968 us (Expected < 8000.000 us) --> Read time : 65.535 us, Update time : 248.571 us, Write time : 9296.862 us
[ros2_control_node-1] [WARN] [1775667618.329701959] [controller_manager]: Overrun detected! The controller manager missed its desired rate of 125 Hz. The loop took 9.715051 ms (missed cycles : 2).
[ros2_control_node-1] [WARN] [1775667619.864617566] [controller_manager]: Overrun might occur, Total time : 8574.382 us (Expected < 8000.000 us) --> Read time : 60.775 us, Update time : 237.901 us, Write time : 8275.706 us
[ros2_control_node-1] [WARN] [1775667619.864704910] [controller_manager]: Overrun detected! The controller manager missed its desired rate of 125 Hz. The loop took 8.717437 ms (missed cycles : 2).
[ros2_control_node-1] [WARN] [1775667621.480844007] [controller_manager]: Overrun might occur, Total time : 8814.024 us (Expected < 8000.000 us) --> Read time : 62.797 us, Update time : 327.824 us, Write time : 8423.403 us
[ros2_control_node-1] [WARN] [1775667621.480962096] [controller_manager]: Overrun detected! The controller manager missed its desired rate of 125 Hz. The loop took 8.974064 ms (missed cycles : 2).
[ros2_control_node-1] [WARN] [1775667624.585866441] [controller_manager]: Overrun might occur, Total time : 9849.326 us (Expected < 8000.000 us) --> Read time : 45.400 us, Update time : 259.851 us, Write time : 9544.075 us
[ros2_control_node-1] [WARN] [1775667624.585962734] [controller_manager]: Overrun detected! The controller manager missed its desired rate of 125 Hz. The loop took 9.975539 ms (missed cycles : 2).
[ros2_control_node-1] [WARN] [1775667626.092606715] [controller_manager]: Overrun might occur, Total time : 12589.138 us (Expected < 8000.000 us) --> Read time : 48.487 us, Update time : 252.324 us, Write time : 12288.327 us
[ros2_control_node-1] [WARN] [1775667626.092679167] [controller_manager]: Overrun detected! The controller manager missed its desired rate of 125 Hz. The loop took 12.691670 ms (missed cycles : 2).
[ros2_control_node-1] [WARN] [1775667627.784494063] [controller_manager]: Overrun might occur, Total time : 8467.405 us (Expected < 8000.000 us) --> Read time : 57.865 us, Update time : 232.453 us, Write time : 8177.087 us
[ros2_control_node-1] [WARN] [1775667627.784586941] [controller_manager]: Overrun detected! The controller manager missed its desired rate of 125 Hz. The loop took 8.599297 ms (missed cycles : 2).
[ros2_control_node-1] [WARN] [1775667629.819350986] [controller_manager]: Overrun might occur, Total time : 11321.122 us (Expected < 8000.000 us) --> Read time : 97.564 us, Update time : 305.360 us, Write time : 10918.198 us
[ros2_control_node-1] [WARN] [1775667629.819424715] [controller_manager]: Overrun detected! The controller manager missed its desired rate of 125 Hz. The loop took 11.437188 ms (missed cycles : 2).
[ros2_control_node-1] [WARN] [1775667631.778040906] [controller_manager]: Overrun might occur, Total time : 10018.630 us (Expected < 8000.000 us) --> Read time : 53.210 us, Update time : 254.829 us, Write time : 9710.591 us
[ros2_control_node-1] [WARN] [1775667631.778118972] [controller_manager]: Overrun detected! The controller manager missed its desired rate of 125 Hz. The loop took 10.131675 ms (missed cycles : 2).
[ros2_control_node-1] [WARN] [1775667633.616220392] [controller_manager]: Overrun might occur, Total time : 8189.854 us (Expected < 8000.000 us) --> Read time : 68.170 us, Update time : 312.278 us, Write time : 7809.406 us
[ros2_control_node-1] [WARN] [1775667633.616300108] [controller_manager]: Overrun detected! The controller manager missed its desired rate of 125 Hz. The loop took 8.313094 ms (missed cycles : 2).
[ros2_control_node-1] [WARN] [1775667635.528622278] [controller_manager]: Overrun might occur, Total time : 8605.784 us (Expected < 8000.000 us) --> Read time : 53.323 us, Update time : 230.641 us, Write time : 8321.820 us
[ros2_control_node-1] [WARN] [1775667635.528720586] [controller_manager]: Overrun detected! The controller manager missed its desired rate of 125 Hz. The loop took 8.732701 ms (missed cycles : 2).
[ros2_control_node-1] [WARN] [1775667638.281590967] [controller_manager]: Overrun might occur, Total time : 9572.239 us (Expected < 8000.000 us) --> Read time : 54.043 us, Update time : 251.294 us, Write time : 9266.902 us
[ros2_control_node-1] [WARN] [1775667638.281679310] [controller_manager]: Overrun detected! The controller manager missed its desired rate of 125 Hz. The loop took 9.692095 ms (missed cycles : 2).
[ros2_control_node-1] [WARN] [1775667641.785444424] [controller_manager]: Overrun might occur, Total time : 9421.139 us (Expected < 8000.000 us) --> Read time : 52.437 us, Update time : 237.358 us, Write time : 9131.344 us
[ros2_control_node-1] [WARN] [1775667641.785588413] [controller_manager]: Overrun detected! The controller manager missed its desired rate of 125 Hz. The loop took 9.600723 ms (missed cycles : 2).
[ros2_control_node-1] [WARN] [1775667644.696629977] [controller_manager]: Overrun might occur, Total time : 8606.275 us (Expected < 8000.000 us) --> Read time : 104.923 us, Update time : 255.397 us, Write time : 8245.955 us
[ros2_control_node-1] [WARN] [1775667644.696757430] [controller_manager]: Overrun detected! The controller manager missed its desired rate of 125 Hz. The loop took 8.768601 ms (missed cycles : 2).
[ros2_control_node-1] [WARN] [1775667648.133102015] [controller_manager]: Overrun might occur, Total time : 13078.223 us (Expected < 8000.000 us) --> Read time : 94.543 us, Update time : 340.267 us, Write time : 12643.413 us
[ros2_control_node-1] [WARN] [1775667648.133207662] [controller_manager]: Overrun detected! The controller manager missed its desired rate of 125 Hz. The loop took 13.219387 ms (missed cycles : 2).
[ros2_control_node-1] [WARN] [1775667651.626310669] [controller_manager]: Overrun might occur, Total time : 10291.176 us (Expected < 8000.000 us) --> Read time : 53.993 us, Update time : 260.156 us, Write time : 9977.027 us
[ros2_control_node-1] [WARN] [1775667651.626416582] [controller_manager]: Overrun detected! The controller manager missed its desired rate of 125 Hz. The loop took 10.427373 ms (missed cycles : 2).
[ros2_control_node-1] [WARN] [1775667653.000689494] [controller_manager]: Overrun might occur, Total time : 8672.015 us (Expected < 8000.000 us) --> Read time : 68.442 us, Update time : 254.719 us, Write time : 8348.854 us
[ros2_control_node-1] [WARN] [1775667653.000780228] [controller_manager]: Overrun detected! The controller manager missed its desired rate of 125 Hz. The loop took 8.792530 ms (missed cycles : 2).
[ros2_control_node-1] [WARN] [1775667654.145317170] [controller_manager]: Overrun might occur, Total time : 9292.027 us (Expected < 8000.000 us) --> Read time : 76.376 us, Update time : 313.545 us, Write time : 8902.106 us
[ros2_control_node-1] [WARN] [1775667654.145392481] [controller_manager]: Overrun detected! The controller manager missed its desired rate of 125 Hz. The loop took 9.405154 ms (missed cycles : 2).
[ros2_control_node-1] [WARN] [1775667655.690716363] [controller_manager]: Overrun might occur, Total time : 18691.849 us (Expected < 8000.000 us) --> Read time : 67.847 us, Update time : 256.157 us, Write time : 18367.845 us
[ros2_control_node-1] [WARN] [1775667655.690823231] [controller_manager]: Overrun detected! The controller manager missed its desired rate of 125 Hz. The loop took 18.835402 ms (missed cycles : 3).
[ros2_control_node-1] [WARN] [1775667657.096628628] [controller_manager]: Overrun might occur, Total time : 8608.063 us (Expected < 8000.000 us) --> Read time : 57.965 us, Update time : 238.065 us, Write time : 8312.033 us
[ros2_control_node-1] [WARN] [1775667657.096708808] [controller_manager]: Overrun detected! The controller manager missed its desired rate of 125 Hz. The loop took 8.720923 ms (missed cycles : 2).
[ros2_control_node-1] [WARN] [1775667659.280175125] [controller_manager]: Overrun might occur, Total time : 8153.628 us (Expected < 8000.000 us) --> Read time : 53.150 us, Update time : 210.994 us, Write time : 7889.484 us
[ros2_control_node-1] [WARN] [1775667659.280278718] [controller_manager]: Overrun detected! The controller manager missed its desired rate of 125 Hz. The loop took 8.290827 ms (missed cycles : 2).
[ros2_control_node-1] [WARN] [1775667661.116103754] [controller_manager]: Overrun might occur, Total time : 12075.537 us (Expected < 8000.000 us) --> Read time : 73.050 us, Update time : 318.958 us, Write time : 11683.529 us
[ros2_control_node-1] [WARN] [1775667661.116190888] [controller_manager]: Overrun detected! The controller manager missed its desired rate of 125 Hz. The loop took 12.203557 ms (missed cycles : 2).
[ros2_control_node-1] [WARN] [1775667662.458683667] [controller_manager]: Overrun might occur, Total time : 10627.519 us (Expected < 8000.000 us) --> Read time : 126.858 us, Update time : 350.879 us, Write time : 10149.782 us
[ros2_control_node-1] [WARN] [1775667662.458783217] [controller_manager]: Overrun detected! The controller manager missed its desired rate of 125 Hz. The loop took 10.795607 ms (missed cycles : 2).
[ros2_control_node-1] [WARN] [1775667669.576164951] [controller_manager]: Overrun might occur, Total time : 8121.587 us (Expected < 8000.000 us) --> Read time : 94.425 us, Update time : 325.854 us, Write time : 7701.308 us
[ros2_control_node-1] [WARN] [1775667669.576253361] [controller_manager]: Overrun detected! The controller manager missed its desired rate of 125 Hz. The loop took 8.265940 ms (missed cycles : 2).
[ros2_control_node-1] [WARN] [1775667671.544618183] [controller_manager]: Overrun might occur, Total time : 8589.826 us (Expected < 8000.000 us) --> Read time : 63.608 us, Update time : 297.763 us, Write time : 8228.455 us
[ros2_control_node-1] [WARN] [1775667671.544722523] [controller_manager]: Overrun detected! The controller manager missed its desired rate of 125 Hz. The loop took 8.734294 ms (missed cycles : 2).
[ros2_control_node-1] [WARN] [1775667674.779068126] [controller_manager]: Overrun might occur, Total time : 11030.008 us (Expected < 8000.000 us) --> Read time : 57.311 us, Update time : 242.493 us, Write time : 10730.204 us
[ros2_control_node-1] [WARN] [1775667674.779143324] [controller_manager]: Overrun detected! The controller manager missed its desired rate of 125 Hz. The loop took 11.156310 ms (missed cycles : 2).
[ros2_control_node-1] [WARN] [1775667676.817779494] [controller_manager]: Overrun might occur, Total time : 9738.463 us (Expected < 8000.000 us) --> Read time : 94.712 us, Update time : 332.918 us, Write time : 9310.833 us
[ros2_control_node-1] [WARN] [1775667676.817867010] [controller_manager]: Overrun detected! The controller manager missed its desired rate of 125 Hz. The loop took 9.879845 ms (missed cycles : 2).
[ros2_control_node-1] [WARN] [1775667678.488239782] [controller_manager]: Overrun might occur, Total time : 16215.484 us (Expected < 8000.000 us) --> Read time : 52.681 us, Update time : 265.502 us, Write time : 15897.301 us
[ros2_control_node-1] [WARN] [1775667678.488347206] [controller_manager]: Overrun detected! The controller manager missed its desired rate of 125 Hz. The loop took 16.359436 ms (missed cycles : 3).
[ros2_control_node-1] [WARN] [1775667682.601212916] [controller_manager]: Overrun might occur, Total time : 9192.953 us (Expected < 8000.000 us) --> Read time : 59.263 us, Update time : 262.717 us, Write time : 8870.973 us
[ros2_control_node-1] [WARN] [1775667682.601303625] [controller_manager]: Overrun detected! The controller manager missed its desired rate of 125 Hz. The loop took 9.316452 ms (missed cycles : 2).
[ros2_control_node-1] [WARN] [1775667685.000650423] [controller_manager]: Overrun might occur, Total time : 8611.695 us (Expected < 8000.000 us) --> Read time : 59.557 us, Update time : 273.118 us, Write time : 8279.020 us
[ros2_control_node-1] [WARN] [1775667685.000761527] [controller_manager]: Overrun detected! The controller manager missed its desired rate of 125 Hz. The loop took 8.773517 ms (missed cycles : 2).
[ros2_control_node-1] [WARN] [1775667687.363608147] [controller_manager]: Overrun might occur, Total time : 11582.267 us (Expected < 8000.000 us) --> Read time : 157.041 us, Update time : 403.617 us, Write time : 11021.609 us
[ros2_control_node-1] [WARN] [1775667687.363682970] [controller_manager]: Overrun detected! The controller manager missed its desired rate of 125 Hz. The loop took 11.695840 ms (missed cycles : 2).
[ros2_control_node-1] [WARN] [1775667688.385660838] [controller_manager]: Overrun might occur, Total time : 9642.604 us (Expected < 8000.000 us) --> Read time : 43.328 us, Update time : 286.805 us, Write time : 9312.471 us
[ros2_control_node-1] [WARN] [1775667688.385771744] [controller_manager]: Overrun detected! The controller manager missed its desired rate of 125 Hz. The loop took 9.783512 ms (missed cycles : 2).
[ros2_control_node-1] [WARN] [1775667690.000618391] [controller_manager]: Overrun might occur, Total time : 8594.622 us (Expected < 8000.000 us) --> Read time : 65.200 us, Update time : 296.465 us, Write time : 8232.957 us
[ros2_control_node-1] [WARN] [1775667690.000713358] [controller_manager]: Overrun detected! The controller manager missed its desired rate of 125 Hz. The loop took 8.725651 ms (missed cycles : 2).
[ros2_control_node-1] [WARN] [1775667692.000176113] [controller_manager]: Overrun might occur, Total time : 8151.810 us (Expected < 8000.000 us) --> Read time : 65.627 us, Update time : 259.787 us, Write time : 7826.396 us
[ros2_control_node-1] [WARN] [1775667692.000256454] [controller_manager]: Overrun detected! The controller manager missed its desired rate of 125 Hz. The loop took 8.268201 ms (missed cycles : 2).
[ros2_control_node-1] [WARN] [1775667694.801777203] [controller_manager]: Overrun might occur, Total time : 9722.764 us (Expected < 8000.000 us) --> Read time : 111.237 us, Update time : 659.056 us, Write time : 8952.471 us
[ros2_control_node-1] [WARN] [1775667694.801877928] [controller_manager]: Overrun detected! The controller manager missed its desired rate of 125 Hz. The loop took 9.890476 ms (missed cycles : 2).
[ros2_control_node-1] [WARN] [1775667696.465956167] [controller_manager]: Overrun might occur, Total time : 9926.699 us (Expected < 8000.000 us) --> Read time : 77.059 us, Update time : 377.450 us, Write time : 9472.190 us
[ros2_control_node-1] [WARN] [1775667696.466056720] [controller_manager]: Overrun detected! The controller manager missed its desired rate of 125 Hz. The loop took 10.069128 ms (missed cycles : 2).
[ros2_control_node-1] [WARN] [1775667698.073543065] [controller_manager]: Overrun might occur, Total time : 9518.044 us (Expected < 8000.000 us) --> Read time : 65.747 us, Update time : 281.814 us, Write time : 9170.483 us
[ros2_control_node-1] [WARN] [1775667698.073636158] [controller_manager]: Overrun detected! The controller manager missed its desired rate of 125 Hz. The loop took 9.648163 ms (missed cycles : 2).
[ros2_control_node-1] [WARN] [1775667699.454777331] [controller_manager]: Overrun might occur, Total time : 14752.795 us (Expected < 8000.000 us) --> Read time : 53.957 us, Update time : 280.656 us, Write time : 14418.182 us
[ros2_control_node-1] [WARN] [1775667699.454859512] [controller_manager]: Overrun detected! The controller manager missed its desired rate of 125 Hz. The loop took 14.871132 ms (missed cycles : 2).
[ros2_control_node-1] [WARN] [1775667700.858367458] [controller_manager]: Overrun might occur, Total time : 10315.815 us (Expected < 8000.000 us) --> Read time : 115.916 us, Update time : 534.614 us, Write time : 9665.285 us
[ros2_control_node-1] [WARN] [1775667700.858480868] [controller_manager]: Overrun detected! The controller manager missed its desired rate of 125 Hz. The loop took 10.492862 ms (missed cycles : 2).
[ros2_control_node-1] [WARN] [1775667701.864933512] [controller_manager]: Overrun might occur, Total time : 8887.104 us (Expected < 8000.000 us) --> Read time : 53.551 us, Update time : 249.574 us, Write time : 8583.979 us
[ros2_control_node-1] [WARN] [1775667701.865071289] [controller_manager]: Overrun detected! The controller manager missed its desired rate of 125 Hz. The loop took 9.080798 ms (missed cycles : 2).
[ros2_control_node-1] [WARN] [1775667703.417613973] [controller_manager]: Overrun might occur, Total time : 9577.034 us (Expected < 8000.000 us) --> Read time : 60.903 us, Update time : 245.715 us, Write time : 9270.416 us
[ros2_control_node-1] [WARN] [1775667703.417695650] [controller_manager]: Overrun detected! The controller manager missed its desired rate of 125 Hz. The loop took 9.708197 ms (missed cycles : 2).
[ros2_control_node-1] [WARN] [1775667704.619475522] [controller_manager]: Overrun might occur, Total time : 11445.662 us (Expected < 8000.000 us) --> Read time : 56.237 us, Update time : 299.943 us, Write time : 11089.482 us
[ros2_control_node-1] [WARN] [1775667704.619587495] [controller_manager]: Overrun detected! The controller manager missed its desired rate of 125 Hz. The loop took 11.599391 ms (missed cycles : 2).
[ros2_control_node-1] [WARN] [1775667706.696667780] [controller_manager]: Overrun might occur, Total time : 8627.310 us (Expected < 8000.000 us) --> Read time : 106.443 us, Update time : 292.214 us, Write time : 8228.653 us
[ros2_control_node-1] [WARN] [1775667706.696767207] [controller_manager]: Overrun detected! The controller manager missed its desired rate of 125 Hz. The loop took 8.777260 ms (missed cycles : 2).
[ros2_control_node-1] [WARN] [1775667708.130594139] [controller_manager]: Overrun might occur, Total time : 10558.424 us (Expected < 8000.000 us) --> Read time : 121.309 us, Update time : 403.860 us, Write time : 10033.255 us
[ros2_control_node-1] [WARN] [1775667708.130667723] [controller_manager]: Overrun detected! The controller manager missed its desired rate of 125 Hz. The loop took 10.680332 ms (missed cycles : 2).
[ros2_control_node-1] [WARN] [1775667709.137687009] [controller_manager]: Overrun might occur, Total time : 9658.235 us (Expected < 8000.000 us) --> Read time : 60.471 us, Update time : 263.064 us, Write time : 9334.700 us
[ros2_control_node-1] [WARN] [1775667709.137794979] [controller_manager]: Overrun detected! The controller manager missed its desired rate of 125 Hz. The loop took 9.807083 ms (missed cycles : 2).
[ros2_control_node-1] [WARN] [1775667712.856161435] [controller_manager]: Overrun might occur, Total time : 8146.328 us (Expected < 8000.000 us) --> Read time : 45.345 us, Update time : 308.668 us, Write time : 7792.315 us
[ros2_control_node-1] [WARN] [1775667712.856242420] [controller_manager]: Overrun detected! The controller manager missed its desired rate of 125 Hz. The loop took 8.254578 ms (missed cycles : 2).
[ros2_control_node-1] [WARN] [1775667714.208045025] [controller_manager]: Overrun might occur, Total time : 8019.700 us (Expected < 8000.000 us) --> Read time : 81.332 us, Update time : 263.152 us, Write time : 7675.216 us
[ros2_control_node-1] [WARN] [1775667714.208128711] [controller_manager]: Overrun detected! The controller manager missed its desired rate of 125 Hz. The loop took 8.141615 ms (missed cycles : 2).
[ros2_control_node-1] [WARN] [1775667715.232340241] [controller_manager]: Overrun might occur, Total time : 8303.620 us (Expected < 8000.000 us) --> Read time : 55.957 us, Update time : 277.618 us, Write time : 7970.045 us
[ros2_control_node-1] [WARN] [1775667715.232431479] [controller_manager]: Overrun detected! The controller manager missed its desired rate of 125 Hz. The loop took 8.443360 ms (missed cycles : 2).
[ros2_control_node-1] [WARN] [1775667716.714329752] [controller_manager]: Overrun might occur, Total time : 10303.553 us (Expected < 8000.000 us) --> Read time : 56.513 us, Update time : 215.877 us, Write time : 10031.163 us
[ros2_control_node-1] [WARN] [1775667716.714418552] [controller_manager]: Overrun detected! The controller manager missed its desired rate of 125 Hz. The loop took 10.430035 ms (missed cycles : 2).
[ros2_control_node-1] [WARN] [1775667718.552498141] [controller_manager]: Overrun might occur, Total time : 8460.139 us (Expected < 8000.000 us) --> Read time : 60.426 us, Update time : 365.183 us, Write time : 8034.530 us
[ros2_control_node-1] [WARN] [1775667718.552581299] [controller_manager]: Overrun detected! The controller manager missed its desired rate of 125 Hz. The loop took 8.593737 ms (missed cycles : 2).
[ros2_control_node-1] [WARN] [1775667720.152615033] [controller_manager]: Overrun might occur, Total time : 8593.557 us (Expected < 8000.000 us) --> Read time : 53.641 us, Update time : 265.191 us, Write time : 8274.725 us
[ros2_control_node-1] [WARN] [1775667720.152719899] [controller_manager]: Overrun detected! The controller manager missed its desired rate of 125 Hz. The loop took 8.732560 ms (missed cycles : 2).
[ros2_control_node-1] [WARN] [1775667722.672605794] [controller_manager]: Overrun might occur, Total time : 8545.417 us (Expected < 8000.000 us) --> Read time : 176.695 us, Update time : 533.705 us, Write time : 7835.017 us
[ros2_control_node-1] [WARN] [1775667722.672679098] [controller_manager]: Overrun detected! The controller manager missed its desired rate of 125 Hz. The loop took 8.691575 ms (missed cycles : 2).
[ros2_control_node-1] [WARN] [1775667725.048615623] [controller_manager]: Overrun might occur, Total time : 8564.052 us (Expected < 8000.000 us) --> Read time : 56.065 us, Update time : 258.492 us, Write time : 8249.495 us
[ros2_control_node-1] [WARN] [1775667725.048694088] [controller_manager]: Overrun detected! The controller manager missed its desired rate of 125 Hz. The loop took 8.706426 ms (missed cycles : 2).
[ros2_control_node-1] [WARN] [1775667726.776763779] [controller_manager]: Overrun might occur, Total time : 8714.057 us (Expected < 8000.000 us) --> Read time : 51.483 us, Update time : 327.984 us, Write time : 8334.590 us
[ros2_control_node-1] [WARN] [1775667726.776838547] [controller_manager]: Overrun detected! The controller manager missed its desired rate of 125 Hz. The loop took 8.851284 ms (missed cycles : 2).
[ros2_control_node-1] [WARN] [1775667728.682119760] [controller_manager]: Overrun might occur, Total time : 10091.047 us (Expected < 8000.000 us) --> Read time : 56.674 us, Update time : 293.631 us, Write time : 9740.742 us
[ros2_control_node-1] [WARN] [1775667728.682205712] [controller_manager]: Overrun detected! The controller manager missed its desired rate of 125 Hz. The loop took 10.217826 ms (missed cycles : 2).
[ros2_control_node-1] [WARN] [1775667730.505333044] [controller_manager]: Overrun might occur, Total time : 9309.377 us (Expected < 8000.000 us) --> Read time : 58.260 us, Update time : 243.084 us, Write time : 9008.033 us
[ros2_control_node-1] [WARN] [1775667730.505420522] [controller_manager]: Overrun detected! The controller manager missed its desired rate of 125 Hz. The loop took 9.432839 ms (missed cycles : 2).
[ros2_control_node-1] [WARN] [1775667732.880029348] [controller_manager]: Overrun might occur, Total time : 8004.295 us (Expected < 8000.000 us) --> Read time : 64.766 us, Update time : 291.053 us, Write time : 7648.476 us
[ros2_control_node-1] [WARN] [1775667732.880121562] [controller_manager]: Overrun detected! The controller manager missed its desired rate of 125 Hz. The loop took 8.134268 ms (missed cycles : 2).
[ros2_control_node-1] [WARN] [1775667734.385604334] [controller_manager]: Overrun might occur, Total time : 9549.404 us (Expected < 8000.000 us) --> Read time : 103.249 us, Update time : 342.491 us, Write time : 9103.664 us
[ros2_control_node-1] [WARN] [1775667734.385692577] [controller_manager]: Overrun detected! The controller manager missed its desired rate of 125 Hz. The loop took 9.705305 ms (missed cycles : 2).
[ros2_control_node-1] [WARN] [1775667738.584255849] [controller_manager]: Overrun might occur, Total time : 8234.672 us (Expected < 8000.000 us) --> Read time : 54.902 us, Update time : 226.250 us, Write time : 7953.520 us
[ros2_control_node-1] [WARN] [1775667738.584331636] [controller_manager]: Overrun detected! The controller manager missed its desired rate of 125 Hz. The loop took 8.344631 ms (missed cycles : 2).
[ros2_control_node-1] [WARN] [1775667742.556700042] [controller_manager]: Overrun might occur, Total time : 12671.855 us (Expected < 8000.000 us) --> Read time : 71.100 us, Update time : 313.467 us, Write time : 12287.288 us
[ros2_control_node-1] [WARN] [1775667742.556779980] [controller_manager]: Overrun detected! The controller manager missed its desired rate of 125 Hz. The loop took 12.792796 ms (missed cycles : 2).
[ros2_control_node-1] [WARN] [1775667744.176598002] [controller_manager]: Overrun might occur, Total time : 8573.748 us (Expected < 8000.000 us) --> Read time : 85.537 us, Update time : 337.415 us, Write time : 8150.796 us
[ros2_control_node-1] [WARN] [1775667744.176668610] [controller_manager]: Overrun detected! The controller manager missed its desired rate of 125 Hz. The loop took 8.681344 ms (missed cycles : 2).
[ros2_control_node-1] [WARN] [1775667745.744231556] [controller_manager]: Overrun might occur, Total time : 8178.055 us (Expected < 8000.000 us) --> Read time : 92.705 us, Update time : 500.448 us, Write time : 7584.902 us
[ros2_control_node-1] [WARN] [1775667745.744316997] [controller_manager]: Overrun detected! The controller manager missed its desired rate of 125 Hz. The loop took 8.329085 ms (missed cycles : 2).
[ros2_control_node-1] [WARN] [1775667748.544648804] [controller_manager]: Overrun might occur, Total time : 16627.238 us (Expected < 8000.000 us) --> Read time : 52.257 us, Update time : 265.042 us, Write time : 16309.939 us
[ros2_control_node-1] [WARN] [1775667748.544727523] [controller_manager]: Overrun detected! The controller manager missed its desired rate of 125 Hz. The loop took 16.740704 ms (missed cycles : 3).
[ros2_control_node-1] [WARN] [1775667750.464237760] [controller_manager]: Overrun might occur, Total time : 8207.479 us (Expected < 8000.000 us) --> Read time : 66.266 us, Update time : 335.162 us, Write time : 7806.051 us
[ros2_control_node-1] [WARN] [1775667750.464354409] [controller_manager]: Overrun detected! The controller manager missed its desired rate of 125 Hz. The loop took 8.366895 ms (missed cycles : 2).
[ros2_control_node-1] [WARN] [1775667753.144541425] [controller_manager]: Overrun might occur, Total time : 8521.782 us (Expected < 8000.000 us) --> Read time : 48.798 us, Update time : 252.907 us, Write time : 8220.077 us
[ros2_control_node-1] [WARN] [1775667753.144621914] [controller_manager]: Overrun detected! The controller manager missed its desired rate of 125 Hz. The loop took 8.634280 ms (missed cycles : 2).
[ros2_control_node-1] [WARN] [1775667754.361767965] [controller_manager]: Overrun might occur, Total time : 9738.926 us (Expected < 8000.000 us) --> Read time : 100.530 us, Update time : 325.850 us, Write time : 9312.546 us
[ros2_control_node-1] [WARN] [1775667754.361864741] [controller_manager]: Overrun detected! The controller manager missed its desired rate of 125 Hz. The loop took 9.877003 ms (missed cycles : 2).
[ros2_control_node-1] [WARN] [1775667756.696588129] [controller_manager]: Overrun might occur, Total time : 8555.684 us (Expected < 8000.000 us) --> Read time : 94.564 us, Update time : 334.310 us, Write time : 8126.810 us
[ros2_control_node-1] [WARN] [1775667756.696690959] [controller_manager]: Overrun detected! The controller manager missed its desired rate of 125 Hz. The loop took 8.702608 ms (missed cycles : 2).
[ros2_control_node-1] [WARN] [1775667758.953671766] [controller_manager]: Overrun might occur, Total time : 9647.951 us (Expected < 8000.000 us) --> Read time : 55.266 us, Update time : 236.814 us, Write time : 9355.871 us
[ros2_control_node-1] [WARN] [1775667758.953764285] [controller_manager]: Overrun detected! The controller manager missed its desired rate of 125 Hz. The loop took 9.776947 ms (missed cycles : 2).
[ros2_control_node-1] [WARN] [1775667763.936567243] [controller_manager]: Overrun might occur, Total time : 8521.737 us (Expected < 8000.000 us) --> Read time : 66.288 us, Update time : 294.711 us, Write time : 8160.738 us
[ros2_control_node-1] [WARN] [1775667763.936659599] [controller_manager]: Overrun detected! The controller manager missed its desired rate of 125 Hz. The loop took 8.671003 ms (missed cycles : 2).
[ros2_control_node-1] [WARN] [1775667769.458131278] [controller_manager]: Overrun might occur, Total time : 10109.751 us (Expected < 8000.000 us) --> Read time : 62.635 us, Update time : 225.878 us, Write time : 9821.238 us
[ros2_control_node-1] [WARN] [1775667769.458221373] [controller_manager]: Overrun detected! The controller manager missed its desired rate of 125 Hz. The loop took 10.234311 ms (missed cycles : 2).
[ros2_control_node-1] [WARN] [1775667771.290674088] [controller_manager]: Overrun might occur, Total time : 10642.317 us (Expected < 8000.000 us) --> Read time : 73.611 us, Update time : 257.016 us, Write time : 10311.690 us
[ros2_control_node-1] [WARN] [1775667771.290801775] [controller_manager]: Overrun detected! The controller manager missed its desired rate of 125 Hz. The loop took 10.813549 ms (missed cycles : 2).
[ros2_control_node-1] [WARN] [1775667774.460030009] [controller_manager]: Overrun might occur, Total time : 11987.744 us (Expected < 8000.000 us) --> Read time : 98.002 us, Update time : 611.170 us, Write time : 11278.572 us
[ros2_control_node-1] [WARN] [1775667774.460117569] [controller_manager]: Overrun detected! The controller manager missed its desired rate of 125 Hz. The loop took 12.129364 ms (missed cycles : 2).
[ros2_control_node-1] [WARN] [1775667775.706103542] [controller_manager]: Overrun might occur, Total time : 18050.508 us (Expected < 8000.000 us) --> Read time : 62.220 us, Update time : 315.133 us, Write time : 17673.155 us
[ros2_control_node-1] [WARN] [1775667775.706179775] [controller_manager]: Overrun detected! The controller manager missed its desired rate of 125 Hz. The loop took 18.191822 ms (missed cycles : 3).
[ros2_control_node-1] [WARN] [1775667777.328117636] [controller_manager]: Overrun might occur, Total time : 8078.813 us (Expected < 8000.000 us) --> Read time : 52.197 us, Update time : 232.137 us, Write time : 7794.479 us
[ros2_control_node-1] [WARN] [1775667777.328248781] [controller_manager]: Overrun detected! The controller manager missed its desired rate of 125 Hz. The loop took 8.257055 ms (missed cycles : 2).
[ros2_control_node-1] [WARN] [1775667778.347199193] [controller_manager]: Overrun might occur, Total time : 11177.002 us (Expected < 8000.000 us) --> Read time : 49.690 us, Update time : 279.928 us, Write time : 10847.384 us
[ros2_control_node-1] [WARN] [1775667778.347383351] [controller_manager]: Overrun detected! The controller manager missed its desired rate of 125 Hz. The loop took 11.395420 ms (missed cycles : 2).
[ros2_control_node-1] [WARN] [1775667779.792497638] [controller_manager]: Overrun might occur, Total time : 8471.343 us (Expected < 8000.000 us) --> Read time : 65.467 us, Update time : 315.540 us, Write time : 8090.336 us
[ros2_control_node-1] [WARN] [1775667779.792573020] [controller_manager]: Overrun detected! The controller manager missed its desired rate of 125 Hz. The loop took 8.585935 ms (missed cycles : 2).
[ros2_control_node-1] [WARN] [1775667781.827644433] [controller_manager]: Overrun might occur, Total time : 11582.288 us (Expected < 8000.000 us) --> Read time : 87.142 us, Update time : 376.426 us, Write time : 11118.720 us
[ros2_control_node-1] [WARN] [1775667781.827721392] [controller_manager]: Overrun detected! The controller manager missed its desired rate of 125 Hz. The loop took 11.734554 ms (missed cycles : 2).
[ros2_control_node-1] [WARN] [1775667783.617707305] [controller_manager]: Overrun might occur, Total time : 9678.393 us (Expected < 8000.000 us) --> Read time : 52.899 us, Update time : 249.605 us, Write time : 9375.889 us
[ros2_control_node-1] [WARN] [1775667783.617799911] [controller_manager]: Overrun detected! The controller manager missed its desired rate of 125 Hz. The loop took 9.812217 ms (missed cycles : 2).
[ros2_control_node-1] [WARN] [1775667784.761404518] [controller_manager]: Overrun might occur, Total time : 9367.596 us (Expected < 8000.000 us) --> Read time : 116.073 us, Update time : 417.168 us, Write time : 8834.355 us
[ros2_control_node-1] [WARN] [1775667784.761504758] [controller_manager]: Overrun detected! The controller manager missed its desired rate of 125 Hz. The loop took 9.516720 ms (missed cycles : 2).
[ros2_control_node-1] [WARN] [1775667787.794092925] [controller_manager]: Overrun might occur, Total time : 10034.363 us (Expected < 8000.000 us) --> Read time : 195.492 us, Update time : 531.412 us, Write time : 9307.459 us
[ros2_control_node-1] [WARN] [1775667787.794166970] [controller_manager]: Overrun detected! The controller manager missed its desired rate of 125 Hz. The loop took 10.179634 ms (missed cycles : 2).
[ros2_control_node-1] [WARN] [1775667789.449663233] [controller_manager]: Overrun might occur, Total time : 9638.358 us (Expected < 8000.000 us) --> Read time : 82.558 us, Update time : 287.457 us, Write time : 9268.343 us
[ros2_control_node-1] [WARN] [1775667789.449742635] [controller_manager]: Overrun detected! The controller manager missed its desired rate of 125 Hz. The loop took 9.755239 ms (missed cycles : 2).
[ros2_control_node-1] [WARN] [1775667790.897721668] [controller_manager]: Overrun might occur, Total time : 9681.832 us (Expected < 8000.000 us) --> Read time : 72.287 us, Update time : 296.643 us, Write time : 9312.902 us
[ros2_control_node-1] [WARN] [1775667790.897801354] [controller_manager]: Overrun detected! The controller manager missed its desired rate of 125 Hz. The loop took 9.814087 ms (missed cycles : 2).
[ros2_control_node-1] [WARN] [1775667792.456610163] [controller_manager]: Overrun might occur, Total time : 8592.399 us (Expected < 8000.000 us) --> Read time : 53.187 us, Update time : 227.055 us, Write time : 8312.157 us
[ros2_control_node-1] [WARN] [1775667792.456694330] [controller_manager]: Overrun detected! The controller manager missed its desired rate of 125 Hz. The loop took 8.706938 ms (missed cycles : 2).
[ros2_control_node-1] [WARN] [1775667793.857254894] [controller_manager]: Overrun might occur, Total time : 9245.398 us (Expected < 8000.000 us) --> Read time : 37.155 us, Update time : 208.952 us, Write time : 8999.291 us
[ros2_control_node-1] [WARN] [1775667793.857334727] [controller_manager]: Overrun detected! The controller manager missed its desired rate of 125 Hz. The loop took 9.347392 ms (missed cycles : 2).
[ros2_control_node-1] [WARN] [1775667798.719125749] [controller_manager]: Overrun might occur, Total time : 15106.111 us (Expected < 8000.000 us) --> Read time : 54.333 us, Update time : 274.234 us, Write time : 14777.544 us
[ros2_control_node-1] [WARN] [1775667798.719211609] [controller_manager]: Overrun detected! The controller manager missed its desired rate of 125 Hz. The loop took 15.224047 ms (missed cycles : 2).
[ros2_control_node-1] [WARN] [1775667799.960738190] [controller_manager]: Overrun might occur, Total time : 8708.576 us (Expected < 8000.000 us) --> Read time : 82.717 us, Update time : 325.785 us, Write time : 8300.074 us
[ros2_control_node-1] [WARN] [1775667799.960816786] [controller_manager]: Overrun detected! The controller manager missed its desired rate of 125 Hz. The loop took 8.829197 ms (missed cycles : 2).
[ros2_control_node-1] [WARN] [1775667801.296065648] [controller_manager]: Overrun might occur, Total time : 8047.605 us (Expected < 8000.000 us) --> Read time : 54.755 us, Update time : 243.322 us, Write time : 7749.528 us
[ros2_control_node-1] [WARN] [1775667801.296173784] [controller_manager]: Overrun detected! The controller manager missed its desired rate of 125 Hz. The loop took 8.186235 ms (missed cycles : 2).
[ros2_control_node-1] [WARN] [1775667805.018367369] [controller_manager]: Overrun might occur, Total time : 10347.108 us (Expected < 8000.000 us) --> Read time : 47.418 us, Update time : 190.205 us, Write time : 10109.485 us
[ros2_control_node-1] [WARN] [1775667805.018452317] [controller_manager]: Overrun detected! The controller manager missed its desired rate of 125 Hz. The loop took 10.464451 ms (missed cycles : 2).
[ros2_control_node-1] [WARN] [1775667807.337699754] [controller_manager]: Overrun might occur, Total time : 9677.243 us (Expected < 8000.000 us) --> Read time : 47.993 us, Update time : 299.284 us, Write time : 9329.966 us
[ros2_control_node-1] [WARN] [1775667807.337829481] [controller_manager]: Overrun detected! The controller manager missed its desired rate of 125 Hz. The loop took 9.840704 ms (missed cycles : 2).
[ros2_control_node-1] [WARN] [1775667813.328648133] [controller_manager]: Overrun might occur, Total time : 8597.825 us (Expected < 8000.000 us) --> Read time : 62.522 us, Update time : 333.923 us, Write time : 8201.380 us
[ros2_control_node-1] [WARN] [1775667813.328740064] [controller_manager]: Overrun detected! The controller manager missed its desired rate of 125 Hz. The loop took 8.751979 ms (missed cycles : 2).
[ros2_control_node-1] [WARN] [1775667815.386742752] [controller_manager]: Overrun might occur, Total time : 10674.510 us (Expected < 8000.000 us) --> Read time : 115.762 us, Update time : 421.249 us, Write time : 10137.499 us
[ros2_control_node-1] [WARN] [1775667815.386822205] [controller_manager]: Overrun detected! The controller manager missed its desired rate of 125 Hz. The loop took 10.835071 ms (missed cycles : 2).
[ros2_control_node-1] [WARN] [1775667817.297084511] [controller_manager]: Overrun might occur, Total time : 9030.353 us (Expected < 8000.000 us) --> Read time : 70.580 us, Update time : 360.524 us, Write time : 8599.249 us
[ros2_control_node-1] [WARN] [1775667817.297189996] [controller_manager]: Overrun detected! The controller manager missed its desired rate of 125 Hz. The loop took 9.201742 ms (missed cycles : 2).
[ros2_control_node-1] [WARN] [1775667818.882418631] [controller_manager]: Overrun might occur, Total time : 10397.216 us (Expected < 8000.000 us) --> Read time : 58.908 us, Update time : 294.191 us, Write time : 10044.117 us
[ros2_control_node-1] [WARN] [1775667818.882515269] [controller_manager]: Overrun detected! The controller manager missed its desired rate of 125 Hz. The loop took 10.527903 ms (missed cycles : 2).
[ros2_control_node-1] [WARN] [1775667820.554042616] [controller_manager]: Overrun might occur, Total time : 18024.115 us (Expected < 8000.000 us) --> Read time : 60.493 us, Update time : 318.895 us, Write time : 17644.727 us
[ros2_control_node-1] [WARN] [1775667820.554104079] [controller_manager]: Overrun detected! The controller manager missed its desired rate of 125 Hz. The loop took 18.117601 ms (missed cycles : 3).
[ros2_control_node-1] [WARN] [1775667821.691361620] [controller_manager]: Overrun might occur, Total time : 11342.115 us (Expected < 8000.000 us) --> Read time : 49.755 us, Update time : 253.883 us, Write time : 11038.477 us
[ros2_control_node-1] [WARN] [1775667821.691445975] [controller_manager]: Overrun detected! The controller manager missed its desired rate of 125 Hz. The loop took 11.457850 ms (missed cycles : 2).
[ros2_control_node-1] [WARN] [1775667823.827873487] [controller_manager]: Overrun might occur, Total time : 11855.464 us (Expected < 8000.000 us) --> Read time : 58.061 us, Update time : 245.319 us, Write time : 11552.084 us
[ros2_control_node-1] [WARN] [1775667823.827952811] [controller_manager]: Overrun detected! The controller manager missed its desired rate of 125 Hz. The loop took 11.965642 ms (missed cycles : 2).
