
===== 2026-04-08T12:59:21-04:00 | T6_scene_memory_ids =====
cwd=/home/carrt-cse-project/workspace/ros2_kortex_ws
cmd=ros2 topic echo /scene_memory_ids --once 

layout:
  dim: []
  data_offset: 0
data:
- 2
---

===== 2026-04-08T12:59:44-04:00 | T6_scene_memory_ids =====
cwd=/home/carrt-cse-project/workspace/ros2_kortex_ws
cmd=ros2 topic echo /scene_memory_ids --once 

layout:
  dim: []
  data_offset: 0
data:
- 2
---

===== 2026-04-08T13:00:06-04:00 | T6_scene_memory_ids =====
cwd=/home/carrt-cse-project/workspace/ros2_kortex_ws
cmd=ros2 topic echo /scene_memory_ids --once 

layout:
  dim: []
  data_offset: 0
data:
- 2
---
