
===== 2026-04-08T18:29:36-04:00 | T2_adl_start_ui =====
cwd=/home/carrt-cse-project/workspace/ros2_kortex_ws
cmd=ros2 launch adl_tasks adl_start.launch.py start_arm:=false use_stub:=false launch_ui:=true scene_log_object_pose_debug:=true scene_scan_prune_unseen_objects:=true 

[INFO] [launch]: All log files can be found below /home/carrt-cse-project/.ros/log/2026-04-08-18-29-36-640869-carrt-cse-project-OptiPlex-5050-9101
[INFO] [launch]: Default logging verbosity is set to INFO
[INFO] [scene_static-1]: process started with pid [9105]
[INFO] [joint_state_sanitizer-2]: process started with pid [9106]
[INFO] [static_transform_publisher-3]: process started with pid [9107]
[INFO] [wrist_camera_usb_publisher-4]: process started with pid [9108]
[INFO] [vision_apriltag-5]: process started with pid [9109]
[INFO] [scene_from_vision-6]: process started with pid [9110]
[INFO] [adl_controller-7]: process started with pid [9111]
[INFO] [pick_dropped_bottle-8]: process started with pid [9112]
[INFO] [clear_table-9]: process started with pid [9113]
[INFO] [give_medication-10]: process started with pid [9114]
[INFO] [adl_ui-11]: process started with pid [9115]
[static_transform_publisher-3] [INFO] [1775687376.889956843] [camera_color_optical_bridge_tf_pub]: Spinning until stopped - publishing transform
[static_transform_publisher-3] translation: ('0.000000', '0.000000', '0.000000')
[static_transform_publisher-3] rotation: ('0.000000', '0.000000', '0.000000', '1.000000')
[static_transform_publisher-3] from 'camera_color_frame' to 'wrist_mounted_camera_color_optical_frame'
[joint_state_sanitizer-2] [37;1m2026-04-08 18:29:37.490 [31;1m[[37;1mRTPS_TRANSPORT_SHM[31;1m Error] [37mFailed init_port fastrtps_port7004: open_and_lock_file failed[34;1m -> Function [36mopen_port_internal[m
[joint_state_sanitizer-2] [37;1m2026-04-08 18:29:37.491 [31;1m[[37;1mRTPS_TRANSPORT_SHM[31;1m Error] [37mFailed init_port fastrtps_port7008: open_and_lock_file failed[34;1m -> Function [36mopen_port_internal[m
[joint_state_sanitizer-2] [37;1m2026-04-08 18:29:37.492 [31;1m[[37;1mRTPS_TRANSPORT_SHM[31;1m Error] [37mFailed init_port fastrtps_port7009: open_and_lock_file failed[34;1m -> Function [36mopen_port_internal[m
[joint_state_sanitizer-2] [37;1m2026-04-08 18:29:37.493 [31;1m[[37;1mRTPS_TRANSPORT_SHM[31;1m Error] [37mFailed init_port fastrtps_port7010: open_and_lock_file failed[34;1m -> Function [36mopen_port_internal[m
[joint_state_sanitizer-2] [37;1m2026-04-08 18:29:37.494 [31;1m[[37;1mRTPS_TRANSPORT_SHM[31;1m Error] [37mFailed init_port fastrtps_port7011: open_and_lock_file failed[34;1m -> Function [36mopen_port_internal[m
[joint_state_sanitizer-2] [37;1m2026-04-08 18:29:37.494 [31;1m[[37;1mRTPS_TRANSPORT_SHM[31;1m Error] [37mFailed init_port fastrtps_port7012: open_and_lock_file failed[34;1m -> Function [36mopen_port_internal[m
[adl_ui-11] [37;1m2026-04-08 18:29:37.658 [31;1m[[37;1mRTPS_TRANSPORT_SHM[31;1m Error] [37mFailed init_port fastrtps_port7004: open_and_lock_file failed[34;1m -> Function [36mopen_port_internal[m
[adl_ui-11] [37;1m2026-04-08 18:29:37.661 [31;1m[[37;1mRTPS_TRANSPORT_SHM[31;1m Error] [37mFailed init_port fastrtps_port7008: open_and_lock_file failed[34;1m -> Function [36mopen_port_internal[m
[adl_ui-11] [37;1m2026-04-08 18:29:37.665 [31;1m[[37;1mRTPS_TRANSPORT_SHM[31;1m Error] [37mFailed init_port fastrtps_port7009: open_and_lock_file failed[34;1m -> Function [36mopen_port_internal[m
[adl_ui-11] [37;1m2026-04-08 18:29:37.665 [31;1m[[37;1mRTPS_TRANSPORT_SHM[31;1m Error] [37mFailed init_port fastrtps_port7010: open_and_lock_file failed[34;1m -> Function [36mopen_port_internal[m
[adl_ui-11] [37;1m2026-04-08 18:29:37.665 [31;1m[[37;1mRTPS_TRANSPORT_SHM[31;1m Error] [37mFailed init_port fastrtps_port7011: open_and_lock_file failed[34;1m -> Function [36mopen_port_internal[m
[adl_ui-11] [37;1m2026-04-08 18:29:37.666 [31;1m[[37;1mRTPS_TRANSPORT_SHM[31;1m Error] [37mFailed init_port fastrtps_port7012: open_and_lock_file failed[34;1m -> Function [36mopen_port_internal[m
[scene_static-1] [37;1m2026-04-08 18:29:37.722 [31;1m[[37;1mRTPS_TRANSPORT_SHM[31;1m Error] [37mFailed init_port fastrtps_port7004: open_and_lock_file failed[34;1m -> Function [36mopen_port_internal[m
[scene_static-1] [37;1m2026-04-08 18:29:37.724 [31;1m[[37;1mRTPS_TRANSPORT_SHM[31;1m Error] [37mFailed init_port fastrtps_port7008: open_and_lock_file failed[34;1m -> Function [36mopen_port_internal[m
[scene_static-1] [37;1m2026-04-08 18:29:37.724 [31;1m[[37;1mRTPS_TRANSPORT_SHM[31;1m Error] [37mFailed init_port fastrtps_port7009: open_and_lock_file failed[34;1m -> Function [36mopen_port_internal[m
[scene_static-1] [37;1m2026-04-08 18:29:37.725 [31;1m[[37;1mRTPS_TRANSPORT_SHM[31;1m Error] [37mFailed init_port fastrtps_port7010: open_and_lock_file failed[34;1m -> Function [36mopen_port_internal[m
[scene_static-1] [37;1m2026-04-08 18:29:37.726 [31;1m[[37;1mRTPS_TRANSPORT_SHM[31;1m Error] [37mFailed init_port fastrtps_port7011: open_and_lock_file failed[34;1m -> Function [36mopen_port_internal[m
[scene_static-1] [37;1m2026-04-08 18:29:37.727 [31;1m[[37;1mRTPS_TRANSPORT_SHM[31;1m Error] [37mFailed init_port fastrtps_port7012: open_and_lock_file failed[34;1m -> Function [36mopen_port_internal[m
[joint_state_sanitizer-2] [INFO] [1775687377.784517495] [joint_state_sanitizer_node]: joint_state_sanitizer started. raw=/joint_states -> sanitized=/joint_states_sanitized
[scene_static-1] [INFO] [1775687377.849833494] [scene_static_node]: Static Scene Node started.
[scene_static-1] [INFO] [1775687377.851028060] [scene_static_node]: WHEELCHAIR_BASE_HEIGHT = 0.36195m  |  Table surface at z = 0.088m | Table center at x = 0.681m | include_wheelchair_wall=True | include_left_desk_wall=True
[adl_ui-11] [INFO] [1775687377.972119772] [adl_ui_node]: ADL UI Node started.
[adl_ui-11] [INFO] [1775687377.973037469] [adl_ui_node]: Automatic retract on UI load is disabled; startup sends no motion.
[adl_ui-11] [INFO] [1775687377.974632239] [adl_ui_node]: Web UI available at http://localhost:5000
[adl_ui-11]  * Serving Flask app 'adl_tasks.adl_ui'
[adl_ui-11]  * Debug mode: off
[adl_ui-11] WARNING: This is a development server. Do not use it in a production deployment. Use a production WSGI server instead.
[adl_ui-11]  * Running on all addresses (0.0.0.0)
[adl_ui-11]  * Running on http://127.0.0.1:5000
[adl_ui-11]  * Running on http://192.168.0.231:5000
[adl_ui-11] Press CTRL+C to quit
[wrist_camera_usb_publisher-4] [37;1m2026-04-08 18:29:38.096 [31;1m[[37;1mRTPS_TRANSPORT_SHM[31;1m Error] [37mFailed init_port fastrtps_port7004: open_and_lock_file failed[34;1m -> Function [36mopen_port_internal[m
[wrist_camera_usb_publisher-4] [37;1m2026-04-08 18:29:38.098 [31;1m[[37;1mRTPS_TRANSPORT_SHM[31;1m Error] [37mFailed init_port fastrtps_port7008: open_and_lock_file failed[34;1m -> Function [36mopen_port_internal[m
[wrist_camera_usb_publisher-4] [37;1m2026-04-08 18:29:38.099 [31;1m[[37;1mRTPS_TRANSPORT_SHM[31;1m Error] [37mFailed init_port fastrtps_port7009: open_and_lock_file failed[34;1m -> Function [36mopen_port_internal[m
[wrist_camera_usb_publisher-4] [37;1m2026-04-08 18:29:38.099 [31;1m[[37;1mRTPS_TRANSPORT_SHM[31;1m Error] [37mFailed init_port fastrtps_port7010: open_and_lock_file failed[34;1m -> Function [36mopen_port_internal[m
[wrist_camera_usb_publisher-4] [37;1m2026-04-08 18:29:38.099 [31;1m[[37;1mRTPS_TRANSPORT_SHM[31;1m Error] [37mFailed init_port fastrtps_port7011: open_and_lock_file failed[34;1m -> Function [36mopen_port_internal[m
[wrist_camera_usb_publisher-4] [37;1m2026-04-08 18:29:38.100 [31;1m[[37;1mRTPS_TRANSPORT_SHM[31;1m Error] [37mFailed init_port fastrtps_port7012: open_and_lock_file failed[34;1m -> Function [36mopen_port_internal[m
[scene_from_vision-6] [37;1m2026-04-08 18:29:38.243 [31;1m[[37;1mRTPS_TRANSPORT_SHM[31;1m Error] [37mFailed init_port fastrtps_port7004: open_and_lock_file failed[34;1m -> Function [36mopen_port_internal[m
[scene_from_vision-6] [37;1m2026-04-08 18:29:38.246 [31;1m[[37;1mRTPS_TRANSPORT_SHM[31;1m Error] [37mFailed init_port fastrtps_port7008: open_and_lock_file failed[34;1m -> Function [36mopen_port_internal[m
[scene_from_vision-6] [37;1m2026-04-08 18:29:38.247 [31;1m[[37;1mRTPS_TRANSPORT_SHM[31;1m Error] [37mFailed init_port fastrtps_port7009: open_and_lock_file failed[34;1m -> Function [36mopen_port_internal[m
[scene_from_vision-6] [37;1m2026-04-08 18:29:38.247 [31;1m[[37;1mRTPS_TRANSPORT_SHM[31;1m Error] [37mFailed init_port fastrtps_port7010: open_and_lock_file failed[34;1m -> Function [36mopen_port_internal[m
[scene_from_vision-6] [37;1m2026-04-08 18:29:38.247 [31;1m[[37;1mRTPS_TRANSPORT_SHM[31;1m Error] [37mFailed init_port fastrtps_port7011: open_and_lock_file failed[34;1m -> Function [36mopen_port_internal[m
[scene_from_vision-6] [37;1m2026-04-08 18:29:38.247 [31;1m[[37;1mRTPS_TRANSPORT_SHM[31;1m Error] [37mFailed init_port fastrtps_port7012: open_and_lock_file failed[34;1m -> Function [36mopen_port_internal[m
[wrist_camera_usb_publisher-4] [INFO] [1775687378.327965672] [wrist_camera_usb_publisher_node]: USB camera publisher: trying camera source index 2.
[wrist_camera_usb_publisher-4] [INFO] [1775687378.344266719] [wrist_camera_usb_publisher_node]: USB camera publisher: opened camera source index 2.
[wrist_camera_usb_publisher-4] [INFO] [1775687378.346052644] [wrist_camera_usb_publisher_node]: Wrist Camera USB Publisher started.
[wrist_camera_usb_publisher-4] [INFO] [1775687378.347772799] [wrist_camera_usb_publisher_node]: Publishing USB camera frames on /wrist_mounted_camera/image with frame_id=wrist_mounted_camera_color_optical_frame.
[wrist_camera_usb_publisher-4] [INFO] [1775687378.348901711] [wrist_camera_usb_publisher_node]: Publishing camera info on /wrist_mounted_camera/camera_info from reference intrinsics [554.25, 554.25, 320.0, 240.0] @ 640x480.
[wrist_camera_usb_publisher-4] [INFO] [1775687378.350638820] [wrist_camera_usb_publisher_node]: Using explicit camera_matrix for CameraInfo. matrix_size=1280x720, K=[920.874267578125, 0.0, 644.7646484375, 0.0, 921.5654907226562, 343.1528625488281, 0.0, 0.0, 1.0], d=[0.0, 0.0, 0.0, 0.0, 0.0]
[wrist_camera_usb_publisher-4] [INFO] [1775687378.352138342] [wrist_camera_usb_publisher_node]: Requested source=2 size=1280x720 fps=10.0
[scene_from_vision-6] [INFO] [1775687378.422777819] [scene_from_vision_node]: Scene From Vision Node Started
[adl_controller-7] [37;1m2026-04-08 18:29:38.442 [31;1m[[37;1mRTPS_TRANSPORT_SHM[31;1m Error] [37mFailed init_port fastrtps_port7004: open_and_lock_file failed[34;1m -> Function [36mopen_port_internal[m
[adl_controller-7] [37;1m2026-04-08 18:29:38.442 [31;1m[[37;1mRTPS_TRANSPORT_SHM[31;1m Error] [37mFailed init_port fastrtps_port7008: open_and_lock_file failed[34;1m -> Function [36mopen_port_internal[m
[adl_controller-7] [37;1m2026-04-08 18:29:38.443 [31;1m[[37;1mRTPS_TRANSPORT_SHM[31;1m Error] [37mFailed init_port fastrtps_port7009: open_and_lock_file failed[34;1m -> Function [36mopen_port_internal[m
[adl_controller-7] [37;1m2026-04-08 18:29:38.443 [31;1m[[37;1mRTPS_TRANSPORT_SHM[31;1m Error] [37mFailed init_port fastrtps_port7010: open_and_lock_file failed[34;1m -> Function [36mopen_port_internal[m
[adl_controller-7] [37;1m2026-04-08 18:29:38.443 [31;1m[[37;1mRTPS_TRANSPORT_SHM[31;1m Error] [37mFailed init_port fastrtps_port7011: open_and_lock_file failed[34;1m -> Function [36mopen_port_internal[m
[adl_controller-7] [37;1m2026-04-08 18:29:38.444 [31;1m[[37;1mRTPS_TRANSPORT_SHM[31;1m Error] [37mFailed init_port fastrtps_port7012: open_and_lock_file failed[34;1m -> Function [36mopen_port_internal[m
[vision_apriltag-5] [37;1m2026-04-08 18:29:38.502 [31;1m[[37;1mRTPS_TRANSPORT_SHM[31;1m Error] [37mFailed init_port fastrtps_port7004: open_and_lock_file failed[34;1m -> Function [36mopen_port_internal[m
[vision_apriltag-5] [37;1m2026-04-08 18:29:38.504 [31;1m[[37;1mRTPS_TRANSPORT_SHM[31;1m Error] [37mFailed init_port fastrtps_port7008: open_and_lock_file failed[34;1m -> Function [36mopen_port_internal[m
[vision_apriltag-5] [37;1m2026-04-08 18:29:38.504 [31;1m[[37;1mRTPS_TRANSPORT_SHM[31;1m Error] [37mFailed init_port fastrtps_port7009: open_and_lock_file failed[34;1m -> Function [36mopen_port_internal[m
[vision_apriltag-5] [37;1m2026-04-08 18:29:38.504 [31;1m[[37;1mRTPS_TRANSPORT_SHM[31;1m Error] [37mFailed init_port fastrtps_port7010: open_and_lock_file failed[34;1m -> Function [36mopen_port_internal[m
[vision_apriltag-5] [37;1m2026-04-08 18:29:38.504 [31;1m[[37;1mRTPS_TRANSPORT_SHM[31;1m Error] [37mFailed init_port fastrtps_port7011: open_and_lock_file failed[34;1m -> Function [36mopen_port_internal[m
[vision_apriltag-5] [37;1m2026-04-08 18:29:38.505 [31;1m[[37;1mRTPS_TRANSPORT_SHM[31;1m Error] [37mFailed init_port fastrtps_port7012: open_and_lock_file failed[34;1m -> Function [36mopen_port_internal[m
[scene_from_vision-6] [INFO] [1775687378.508039173] [scene_from_vision_node]: SceneFromVision: Updating planning scene. Tracking 5 object shape(s). memory_mode=True, scan_duration_s=3.0, scan_min_samples=3, scan_prune_unseen_objects=True, continuous_scene_updates=False, latch_first_detection_updates=True, log_object_pose_debug=True, apply_planning_scene_service_updates=True, publish_monitored_planning_scene_updates=True, side_viewpoint=wrist_mounted_camera_color_optical_frame->base_link, reject_table_objects_outside_bounds=False.
[scene_from_vision-6] [INFO] [1775687378.510146951] [scene_from_vision_node]: SceneFromVision calibration: xy_offset=(-0.228, 0.004), z_offset=0.000, yaw_deg=4.00, xy_scale=1.3370, clamp_table_objects_to_table_bounds=False, table_bounds_margin_m=0.030.
[scene_from_vision-6] [INFO] [1775687378.512198571] [scene_from_vision_node]: SceneFromVision object offsets: remote_axis=y, remote_tag_to_center_sign=-1.0, remote_tag_from_end_m=0.020, cube_tag_to_center=(0.000, 0.000), cube_world_offset=(0.000, -0.022), cube_yaw_offset_deg=0.0, medication_face_to_center_m=0.030, cup_face_to_center_m=0.037.
[give_medication-10] [37;1m2026-04-08 18:29:38.646 [31;1m[[37;1mRTPS_TRANSPORT_SHM[31;1m Error] [37mFailed init_port fastrtps_port7004: open_and_lock_file failed[34;1m -> Function [36mopen_port_internal[m
[give_medication-10] [37;1m2026-04-08 18:29:38.647 [31;1m[[37;1mRTPS_TRANSPORT_SHM[31;1m Error] [37mFailed init_port fastrtps_port7008: open_and_lock_file failed[34;1m -> Function [36mopen_port_internal[m
[give_medication-10] [37;1m2026-04-08 18:29:38.647 [31;1m[[37;1mRTPS_TRANSPORT_SHM[31;1m Error] [37mFailed init_port fastrtps_port7009: open_and_lock_file failed[34;1m -> Function [36mopen_port_internal[m
[give_medication-10] [37;1m2026-04-08 18:29:38.647 [31;1m[[37;1mRTPS_TRANSPORT_SHM[31;1m Error] [37mFailed init_port fastrtps_port7010: open_and_lock_file failed[34;1m -> Function [36mopen_port_internal[m
[give_medication-10] [37;1m2026-04-08 18:29:38.648 [31;1m[[37;1mRTPS_TRANSPORT_SHM[31;1m Error] [37mFailed init_port fastrtps_port7011: open_and_lock_file failed[34;1m -> Function [36mopen_port_internal[m
[give_medication-10] [37;1m2026-04-08 18:29:38.648 [31;1m[[37;1mRTPS_TRANSPORT_SHM[31;1m Error] [37mFailed init_port fastrtps_port7012: open_and_lock_file failed[34;1m -> Function [36mopen_port_internal[m
[vision_apriltag-5] [INFO] [1775687378.671279830] [vision_apriltag_node]: Vision AprilTag Node Started
[vision_apriltag-5] [INFO] [1775687378.673187957] [vision_apriltag_node]: Subscribing to camera topic: /wrist_mounted_camera/image
[adl_controller-7] [INFO] [1775687378.674196357] [adl_controller_node]: MoveItHelper initialized. joint_state_topic=/joint_states_sanitized (sanitized_expected=True)
[vision_apriltag-5] [INFO] [1775687378.675143177] [vision_apriltag_node]: Subscribing to camera info topic: /wrist_mounted_camera/camera_info
[vision_apriltag-5] [INFO] [1775687378.677227989] [vision_apriltag_node]: Camera frame: wrist_mounted_camera_color_optical_frame | use_image_header_frame=True
[vision_apriltag-5] [INFO] [1775687378.679355031] [vision_apriltag_node]: Tag size: 0.025m | pose_cache_retention_s=20.0 | get_pose_wait_timeout_s=5.0 | max_returned_pose_age_s=20.0 | camera_params=[554.25, 554.25, 320.0, 240.0] | families=tag36h11 | quad_decimate=1.0 | requested_backend=opencv | backend=cv2.aruco | opencv_pose_solver=ippe_square | use_image_timestamp_for_tf=False
[vision_apriltag-5] [INFO] [1775687378.681673626] [vision_apriltag_node]: Top-tag known-plane projection: enabled=True, planes={3: 0.10995, 4: 0.14505}
[adl_controller-7] [INFO] [1775687378.683298989] [adl_controller_node]: ADL controller ready. Waiting for UI/system commands.
[vision_apriltag-5] [INFO] [1775687378.684759990] [vision_apriltag_node]: pupil_apriltags tuning: nthreads=1, quad_sigma=0.0, refine_edges=1, decode_sharpening=0.25, debug=0, preprocess_variants=['raw', 'clahe', 'adaptive', 'clahe_sharp', 'clahe_up2', 'sharp_up2'], tile_search_if_empty=True, tile_search_grid=3x2, tile_search_scale=2.0, tile_search_overlap=0.25
[vision_apriltag-5] [WARN] [1775687378.687590847] [vision_apriltag_node]: pupil_apriltags is not importable by this node, so detection is using OpenCV fallback only. python=/usr/bin/python3, import_error=No module named 'pupil_apriltags'. If .venv contains pupil_apriltags, rebuild adl_tasks with that venv active or run the module with the venv Python.
[vision_apriltag-5] [INFO] [1775687378.690173129] [vision_apriltag_node]: Publishing AprilTag debug images on /vision_apriltag/debug_image at up to 1.0 Hz.
[give_medication-10] [INFO] [1775687378.754114842] [give_medication_node]: give_medication starting...
[pick_dropped_bottle-8] [37;1m2026-04-08 18:29:38.790 [31;1m[[37;1mRTPS_TRANSPORT_SHM[31;1m Error] [37mFailed init_port fastrtps_port7004: open_and_lock_file failed[34;1m -> Function [36mopen_port_internal[m
[pick_dropped_bottle-8] [37;1m2026-04-08 18:29:38.791 [31;1m[[37;1mRTPS_TRANSPORT_SHM[31;1m Error] [37mFailed init_port fastrtps_port7008: open_and_lock_file failed[34;1m -> Function [36mopen_port_internal[m
[pick_dropped_bottle-8] [37;1m2026-04-08 18:29:38.791 [31;1m[[37;1mRTPS_TRANSPORT_SHM[31;1m Error] [37mFailed init_port fastrtps_port7009: open_and_lock_file failed[34;1m -> Function [36mopen_port_internal[m
[pick_dropped_bottle-8] [37;1m2026-04-08 18:29:38.791 [31;1m[[37;1mRTPS_TRANSPORT_SHM[31;1m Error] [37mFailed init_port fastrtps_port7010: open_and_lock_file failed[34;1m -> Function [36mopen_port_internal[m
[pick_dropped_bottle-8] [37;1m2026-04-08 18:29:38.792 [31;1m[[37;1mRTPS_TRANSPORT_SHM[31;1m Error] [37mFailed init_port fastrtps_port7011: open_and_lock_file failed[34;1m -> Function [36mopen_port_internal[m
[pick_dropped_bottle-8] [37;1m2026-04-08 18:29:38.792 [31;1m[[37;1mRTPS_TRANSPORT_SHM[31;1m Error] [37mFailed init_port fastrtps_port7012: open_and_lock_file failed[34;1m -> Function [36mopen_port_internal[m
[give_medication-10] [INFO] [1775687378.816870948] [give_medication_node]: MoveItHelper initialized. joint_state_topic=/joint_states_sanitized (sanitized_expected=True)
[clear_table-9] [37;1m2026-04-08 18:29:38.820 [31;1m[[37;1mRTPS_TRANSPORT_SHM[31;1m Error] [37mFailed init_port fastrtps_port7004: open_and_lock_file failed[34;1m -> Function [36mopen_port_internal[m
[clear_table-9] [37;1m2026-04-08 18:29:38.822 [31;1m[[37;1mRTPS_TRANSPORT_SHM[31;1m Error] [37mFailed init_port fastrtps_port7008: open_and_lock_file failed[34;1m -> Function [36mopen_port_internal[m
[clear_table-9] [37;1m2026-04-08 18:29:38.822 [31;1m[[37;1mRTPS_TRANSPORT_SHM[31;1m Error] [37mFailed init_port fastrtps_port7009: open_and_lock_file failed[34;1m -> Function [36mopen_port_internal[m
[clear_table-9] [37;1m2026-04-08 18:29:38.822 [31;1m[[37;1mRTPS_TRANSPORT_SHM[31;1m Error] [37mFailed init_port fastrtps_port7010: open_and_lock_file failed[34;1m -> Function [36mopen_port_internal[m
[clear_table-9] [37;1m2026-04-08 18:29:38.823 [31;1m[[37;1mRTPS_TRANSPORT_SHM[31;1m Error] [37mFailed init_port fastrtps_port7011: open_and_lock_file failed[34;1m -> Function [36mopen_port_internal[m
[clear_table-9] [37;1m2026-04-08 18:29:38.823 [31;1m[[37;1mRTPS_TRANSPORT_SHM[31;1m Error] [37mFailed init_port fastrtps_port7012: open_and_lock_file failed[34;1m -> Function [36mopen_port_internal[m
[give_medication-10] [INFO] [1775687378.827035625] [give_medication_node]: Vision Client initialized, waiting for service...
[adl_ui-11] 127.0.0.1 - - [08/Apr/2026 18:29:38] "GET /status_json HTTP/1.1" 200 -
[pick_dropped_bottle-8] [INFO] [1775687378.909964602] [pick_dropped_bottle_node]: PickDroppedBottle starting...
[clear_table-9] [INFO] [1775687378.930198734] [clear_table_node]: Clear Table Node Started
[wrist_camera_usb_publisher-4] [INFO] [1775687379.159013648] [wrist_camera_usb_publisher_node]: USB camera info active intrinsics: size=1280x720, fx=920.87, fy=921.57, cx=644.76, cy=343.15, d=array('d', [0.0, 0.0, 0.0, 0.0, 0.0])
[wrist_camera_usb_publisher-4] [INFO] [1775687379.159619948] [wrist_camera_usb_publisher_node]: USB camera publisher heartbeat: publishing 1280x720 frames on /wrist_mounted_camera/image; camera_info fx=920.87, fy=921.57, cx=644.76, cy=343.15.
[vision_apriltag-5] [INFO] [1775687379.162351796] [vision_apriltag_node]: Vision AprilTag camera model updated from CameraInfo: size=1280x720, fx=920.87, fy=921.57, cx=644.76, cy=343.15, d=[0.0, 0.0, 0.0, 0.0, 0.0]
[pick_dropped_bottle-8] [INFO] [1775687379.266250758] [pick_dropped_bottle_node]: MoveItHelper initialized. joint_state_topic=/joint_states_sanitized (sanitized_expected=True)
[clear_table-9] [INFO] [1775687379.276614583] [clear_table_node]: MoveItHelper initialized. joint_state_topic=/joint_states_sanitized (sanitized_expected=True)
[pick_dropped_bottle-8] [INFO] [1775687379.276858522] [pick_dropped_bottle_node]: Vision Client initialized, waiting for service...
[clear_table-9] [INFO] [1775687379.291122896] [clear_table_node]: Vision Client initialized, waiting for service...
[give_medication-10] [INFO] [1775687379.328163668] [give_medication_node]: Vision service is ready.
[give_medication-10] [INFO] [1775687379.335406986] [give_medication_node]: give_medication ready.
[vision_apriltag-5] [INFO] [1775687379.454643522] [vision_apriltag_node]: Vision AprilTag detection debug: no tags found after raw/CLAHE/sharp/adaptive/upscaled/tiled passes.
[pick_dropped_bottle-8] [INFO] [1775687379.527928237] [pick_dropped_bottle_node]: Vision service is ready.
[pick_dropped_bottle-8] [INFO] [1775687379.536607027] [pick_dropped_bottle_node]: PickDroppedBottle ready. Waiting for command.
[pick_dropped_bottle-8] [INFO] [1775687379.537255813] [pick_dropped_bottle_node]: Startup motion disabled at node load; motion begins only after pick_dropped_bottle command.
[adl_ui-11] 127.0.0.1 - - [08/Apr/2026 18:29:39] "GET /status_json HTTP/1.1" 200 -
[scene_static-1] [WARN] [1775687380.016801308] [scene_static_node]: Planning scene service not available, waiting...
[clear_table-9] [INFO] [1775687380.542560511] [clear_table_node]: Vision service is ready.
[clear_table-9] [INFO] [1775687380.551117415] [clear_table_node]: Clear Table Node ready. Waiting for command.
[clear_table-9] [INFO] [1775687380.551749664] [clear_table_node]: Startup motion disabled at node load; motion begins only after clear_table command.
[vision_apriltag-5] [INFO] [1775687380.621003274] [vision_apriltag_node]: Vision AprilTag: images are arriving on /wrist_mounted_camera/image, but no AprilTags have been detected yet.
[adl_ui-11] 127.0.0.1 - - [08/Apr/2026 18:29:40] "GET /status_json HTTP/1.1" 200 -
[vision_apriltag-5] [WARN] [1775687381.070211154] [vision_apriltag_node]: TF transform unavailable for wrist_mounted_camera_color_optical_frame->base_link: "base_link" passed to lookupTransform argument target_frame does not exist. . Detected tag corners cannot be published as base_link poses until the camera frame is connected to base_link. Check T1: KortexMultiInterfaceHardware should be active, joint_state_broadcaster should be active, and /joint_states should be live.
[adl_ui-11] 127.0.0.1 - - [08/Apr/2026 18:29:41] "GET /status_json HTTP/1.1" 200 -
[scene_static-1] [WARN] [1775687382.018755606] [scene_static_node]: Planning scene service not available, waiting...
[vision_apriltag-5] [INFO] [1775687382.620488508] [vision_apriltag_node]: Vision AprilTag: images are arriving on /wrist_mounted_camera/image, but no AprilTags have been detected yet.
[adl_ui-11] 127.0.0.1 - - [08/Apr/2026 18:29:42] "GET /status_json HTTP/1.1" 200 -
[adl_ui-11] 127.0.0.1 - - [08/Apr/2026 18:29:43] "GET /status_json HTTP/1.1" 200 -
[scene_static-1] [WARN] [1775687384.024149347] [scene_static_node]: Planning scene service not available, waiting...
[wrist_camera_usb_publisher-4] [INFO] [1775687384.309340934] [wrist_camera_usb_publisher_node]: USB camera publisher heartbeat: publishing 1280x720 frames on /wrist_mounted_camera/image; camera_info fx=920.87, fy=921.57, cx=644.76, cy=343.15.
[vision_apriltag-5] [INFO] [1775687384.527503790] [vision_apriltag_node]: Vision AprilTag detection debug: 4:cv2.solvePnP_ippe_square:raw@(615,216)
[vision_apriltag-5] [INFO] [1775687384.619799749] [vision_apriltag_node]: Vision AprilTag: images are arriving on /wrist_mounted_camera/image, but no AprilTags have been detected yet.
[adl_ui-11] 127.0.0.1 - - [08/Apr/2026 18:29:44] "GET /status_json HTTP/1.1" 200 -
[adl_ui-11] 127.0.0.1 - - [08/Apr/2026 18:29:45] "GET /status_json HTTP/1.1" 200 -
[scene_static-1] [WARN] [1775687386.027232925] [scene_static_node]: Planning scene service not available, waiting...
[vision_apriltag-5] [WARN] [1775687386.241173654] [vision_apriltag_node]: TF transform unavailable for wrist_mounted_camera_color_optical_frame->base_link: "base_link" passed to lookupTransform argument target_frame does not exist. . Detected tag corners cannot be published as base_link poses until the camera frame is connected to base_link. Check T1: KortexMultiInterfaceHardware should be active, joint_state_broadcaster should be active, and /joint_states should be live.
[adl_ui-11] 127.0.0.1 - - [08/Apr/2026 18:29:46] "GET /status_json HTTP/1.1" 200 -
[vision_apriltag-5] [INFO] [1775687386.976870970] [vision_apriltag_node]: Vision AprilTag: images are arriving on /wrist_mounted_camera/image, but no AprilTags have been detected yet.
