
===== 2026-04-08T12:15:05-04:00 | T1_arm =====
cwd=/home/carrt-cse-project/workspace/ros2_kortex_ws
cmd=ros2 launch adl_tasks arm_vbox.launch.py robot_ip:=192.168.0.10 use_fake_hardware:=false 

[INFO] [launch]: All log files can be found below /home/carrt-cse-project/.ros/log/2026-04-08-12-15-05-727175-carrt-cse-project-OptiPlex-5050-16136
[INFO] [launch]: Default logging verbosity is set to INFO
[INFO] [launch.user]: [arm_vbox.launch] MoveIt current state source: /joint_states_sanitized. Use use_joint_state_sanitizer:=false for raw-state viewer debugging.
[INFO] [launch.user]: [arm_vbox.launch] Using ADL VBox controller config (share/adl_tasks/config/ros2_controllers_vbox.yaml, update_rate:=125 Hz).
[INFO] [ros2_control_node-1]: process started with pid [16141]
[INFO] [robot_state_publisher-2]: process started with pid [16142]
[INFO] [joint_state_sanitizer-3]: process started with pid [16143]
[INFO] [spawner-4]: process started with pid [16144]
[INFO] [static_transform_publisher-5]: process started with pid [16145]
[INFO] [static_transform_publisher-6]: process started with pid [16146]
[static_transform_publisher-6] [INFO] [1775664906.051742523] [camera_color_optical_bridge_tf_pub]: Spinning until stopped - publishing transform
[static_transform_publisher-6] translation: ('0.000000', '0.000000', '0.000000')
[static_transform_publisher-6] rotation: ('0.000000', '0.000000', '0.000000', '1.000000')
[static_transform_publisher-6] from 'camera_color_frame' to 'wrist_mounted_camera_color_optical_frame'
[static_transform_publisher-5] [INFO] [1775664906.058572982] [static_transform_publisher]: Spinning until stopped - publishing transform
[static_transform_publisher-5] translation: ('0.000000', '0.000000', '0.000000')
[static_transform_publisher-5] rotation: ('0.000000', '0.000000', '0.000000', '1.000000')
[static_transform_publisher-5] from 'world' to 'base_link'
[robot_state_publisher-2] [INFO] [1775664906.064312794] [robot_state_publisher]: Robot initialized
[ros2_control_node-1] [INFO] [1775664906.092830727] [controller_manager]: Using Steady (Monotonic) clock for triggering controller manager cycles.
[ros2_control_node-1] [INFO] [1775664906.103618423] [controller_manager]: Subscribing to '/robot_description' topic for robot description.
[ros2_control_node-1] [INFO] [1775664906.106465146] [controller_manager]: update rate is 125 Hz
[ros2_control_node-1] [INFO] [1775664906.106503688] [controller_manager]: Overruns handling is : enabled
[ros2_control_node-1] [INFO] [1775664906.106516488] [controller_manager]: Spawning controller_manager RT thread with scheduler priority: 50
[ros2_control_node-1] [INFO] [1775664906.106595613] [controller_manager]: Successful set up FIFO RT scheduling policy with priority 50.
[ros2_control_node-1] [INFO] [1775664906.388445639] [controller_manager]: Received robot description from topic.
[ros2_control_node-1] [INFO] [1775664906.388533149] [controller_manager]: Enforcing command limits is disabled. Command limits from URDF will be ignored.
[ros2_control_node-1] [INFO] [1775664906.399444067] [controller_manager]: Loading hardware 'KortexMultiInterfaceHardware' 
[ros2_control_node-1] [INFO] [1775664906.415740428] [KortexMultiInterfaceHardware]: Setting severity threshold to DEBUG
[ros2_control_node-1] [INFO] [1775664906.415803269] [controller_manager]: Loaded hardware 'KortexMultiInterfaceHardware' from plugin 'kortex_driver/KortexMultiInterfaceHardware'
[ros2_control_node-1] [INFO] [1775664906.416442482] [controller_manager]: Initialize hardware 'KortexMultiInterfaceHardware' 
[ros2_control_node-1] [INFO] [1775664906.429413470] [KortexMultiInterfaceHardware]: Configuring Hardware Interface
[ros2_control_node-1] [INFO] [1775664906.429831463] [KortexMultiInterfaceHardware]: Robot ip is '192.168.0.10'
[ros2_control_node-1] [INFO] [1775664906.429845484] [KortexMultiInterfaceHardware]: Username is 'admin'
[ros2_control_node-1] [INFO] [1775664906.429858954] [KortexMultiInterfaceHardware]: Port used '10000'
[ros2_control_node-1] [INFO] [1775664906.429865464] [KortexMultiInterfaceHardware]: Realtime port used '10001'
[ros2_control_node-1] [INFO] [1775664906.429871410] [KortexMultiInterfaceHardware]: Session inactivity timeout is '60000'
[ros2_control_node-1] [INFO] [1775664906.429877425] [KortexMultiInterfaceHardware]: Connection inactivity timeout is '2000'
[ros2_control_node-1] [INFO] [1775664906.429884749] [KortexMultiInterfaceHardware]: Gripper joint name is 'robotiq_85_left_knuckle_joint'
[ros2_control_node-1] [INFO] [1775664906.429917772] [KortexMultiInterfaceHardware]: Connecting to robot at 192.168.0.10
[ros2_control_node-1] [INFO] [1775664906.438006382] [KortexMultiInterfaceHardware]: Creating session for communication
[spawner-4] [INFO] [1775664906.558527589] [spawner_joint_state_broadcaster]: waiting for service /controller_manager/list_controllers to become available...
[ros2_control_node-1] [INFO] [1775664906.604164867] [KortexMultiInterfaceHardware]: Session created
[joint_state_sanitizer-3] [INFO] [1775664906.614768448] [joint_state_sanitizer_node]: joint_state_sanitizer started. raw=/joint_states -> sanitized=/joint_states_sanitized
[ros2_control_node-1] [INFO] [1775664907.382391859] [KortexMultiInterfaceHardware]: Actuator count reported by robot is '7'
[ros2_control_node-1] [INFO] [1775664907.382609303] [KortexMultiInterfaceHardware]: Using internal bus communication for gripper!
[ros2_control_node-1] [INFO] [1775664907.382614500] [KortexMultiInterfaceHardware]: Hardware Interface successfully configured
[ros2_control_node-1] [INFO] [1775664907.382684392] [controller_manager]: Successful initialization of hardware 'KortexMultiInterfaceHardware'
[ros2_control_node-1] [DEBUG] [1775664907.382736992] [KortexMultiInterfaceHardware]: export_state_interfaces for joint: joint_1
[ros2_control_node-1] [DEBUG] [1775664907.382771484] [KortexMultiInterfaceHardware]: export_state_interfaces for joint: joint_2
[ros2_control_node-1] [DEBUG] [1775664907.382775712] [KortexMultiInterfaceHardware]: export_state_interfaces for joint: joint_3
[ros2_control_node-1] [DEBUG] [1775664907.382778503] [KortexMultiInterfaceHardware]: export_state_interfaces for joint: joint_4
[ros2_control_node-1] [DEBUG] [1775664907.382780951] [KortexMultiInterfaceHardware]: export_state_interfaces for joint: joint_5
[ros2_control_node-1] [DEBUG] [1775664907.382783737] [KortexMultiInterfaceHardware]: export_state_interfaces for joint: joint_6
[ros2_control_node-1] [DEBUG] [1775664907.382786122] [KortexMultiInterfaceHardware]: export_state_interfaces for joint: joint_7
[ros2_control_node-1] [DEBUG] [1775664907.382788430] [KortexMultiInterfaceHardware]: export_state_interfaces for joint: robotiq_85_left_knuckle_joint
[ros2_control_node-1] [INFO] [1775664907.385084634] [resource_manager]: 'configure' hardware 'KortexMultiInterfaceHardware' 
[ros2_control_node-1] [INFO] [1775664907.385129265] [resource_manager]: Successful 'configure' of hardware 'KortexMultiInterfaceHardware'
[ros2_control_node-1] [INFO] [1775664907.385297861] [resource_manager]: 'activate' hardware 'KortexMultiInterfaceHardware' 
[ros2_control_node-1] [INFO] [1775664907.385343773] [KortexMultiInterfaceHardware]: Activating KortexMultiInterfaceHardware...
[ros2_control_node-1] [INFO] [1775664907.389675414] [KortexMultiInterfaceHardware]: Gripper initial position is '0.873365'.
[ros2_control_node-1] [INFO] [1775664907.394131215] [KortexMultiInterfaceHardware]: KortexMultiInterfaceHardware successfully activated!
[ros2_control_node-1] [INFO] [1775664907.394168111] [resource_manager]: Successful 'activate' of hardware 'KortexMultiInterfaceHardware'
[ros2_control_node-1] [INFO] [1775664907.394421812] [controller_manager]: Registering statistics for : KortexMultiInterfaceHardware
[ros2_control_node-1] [INFO] [1775664907.394607982] [controller_manager]: Resource Manager has been successfully initialized. Starting Controller Manager services...
[ros2_control_node-1] [WARN] [1775664907.403502756] [controller_manager]: Overrun might occur, Total time : 8752.570 us (Expected < 8000.000 us) --> Read time : 4402.576 us, Update time : 27.425 us, Write time : 4322.569 us
[ros2_control_node-1] [WARN] [1775664907.403581677] [controller_manager]: Overrun detected! The controller manager missed its desired rate of 125 Hz. The loop took 8.877149 ms (missed cycles : 2).
[ros2_control_node-1] [INFO] [1775664907.561893999] [controller_manager]: Loading controller : 'joint_state_broadcaster' of type 'joint_state_broadcaster/JointStateBroadcaster'
[ros2_control_node-1] [INFO] [1775664907.561932511] [controller_manager]: Loading controller 'joint_state_broadcaster'
[ros2_control_node-1] [INFO] [1775664907.568974956] [controller_manager]: Controller 'joint_state_broadcaster' node arguments: --ros-args --params-file /home/carrt-cse-project/workspace/ros2_kortex_ws/install/adl_tasks/share/adl_tasks/config/ros2_controllers_vbox.yaml --params-file /tmp/launch_params_4ivdy_26 
[spawner-4] [INFO] [1775664907.588387808] [spawner_joint_state_broadcaster]: Loaded joint_state_broadcaster
[ros2_control_node-1] [INFO] [1775664907.589600564] [controller_manager]: Configuring controller: 'joint_state_broadcaster'
[ros2_control_node-1] [INFO] [1775664907.589815814] [joint_state_broadcaster]: 'joints' or 'interfaces' parameter is empty. All available state interfaces will be published
[ros2_control_node-1] [INFO] [1775664907.605081866] [controller_manager]: Activating controllers: [ joint_state_broadcaster ]
[ros2_control_node-1] [INFO] [1775664907.612933523] [controller_manager]: Successfully switched controllers!
[spawner-4] [INFO] [1775664907.620770237] [spawner_joint_state_broadcaster]: Configured and activated joint_state_broadcaster
[INFO] [spawner-4]: process has finished cleanly [pid 16144]
[INFO] [spawner-7]: process started with pid [16253]
[INFO] [spawner-8]: process started with pid [16254]
[INFO] [spawner-9]: process started with pid [16255]
[INFO] [spawner-10]: process started with pid [16256]
[spawner-9] [INFO] [1775664908.820239063] [spawner_robotiq_gripper_controller]: waiting for service /controller_manager/list_controllers to become available...
[ros2_control_node-1] [WARN] [1775664909.011311535] [controller_manager]: Overrun might occur, Total time : 8575.208 us (Expected < 8000.000 us) --> Read time : 53.861 us, Update time : 100.263 us, Write time : 8421.084 us
[ros2_control_node-1] [WARN] [1775664909.011369985] [controller_manager]: Overrun detected! The controller manager missed its desired rate of 125 Hz. The loop took 8.666552 ms (missed cycles : 2).
[ros2_control_node-1] [INFO] [1775664909.578222716] [controller_manager]: Loading controller : 'robotiq_gripper_controller' of type 'position_controllers/GripperActionController'
[ros2_control_node-1] [INFO] [1775664909.578268421] [controller_manager]: Loading controller 'robotiq_gripper_controller'
[ros2_control_node-1] [INFO] [1775664909.582145833] [controller_manager]: Controller 'robotiq_gripper_controller' node arguments: --ros-args --params-file /home/carrt-cse-project/workspace/ros2_kortex_ws/install/adl_tasks/share/adl_tasks/config/ros2_controllers_vbox.yaml --params-file /tmp/launch_params_4ivdy_26 
[ros2_control_node-1] [WARN] [1775664909.596391894] [robotiq_gripper_controller]: [Deprecated]: the `position_controllers/GripperActionController` and `effort_controllers::GripperActionController` controllers are replaced by 'parallel_gripper_controllers/GripperActionController' controller
[spawner-9] [INFO] [1775664909.604336342] [spawner_robotiq_gripper_controller]: Loaded robotiq_gripper_controller
[ros2_control_node-1] [INFO] [1775664909.605649442] [controller_manager]: Configuring controller: 'robotiq_gripper_controller'
[ros2_control_node-1] [INFO] [1775664909.605761636] [robotiq_gripper_controller]: Action status changes will be monitored at 20.000000 Hz.
[ros2_control_node-1] [INFO] [1775664909.612838820] [controller_manager]: Activating controllers: [ robotiq_gripper_controller ]
[ros2_control_node-1] [INFO] [1775664909.825884106] [controller_manager]: Successfully switched controllers!
[ros2_control_node-1] [WARN] [1775664909.829434216] [controller_manager]: Overrun might occur, Total time : 10681.002 us (Expected < 8000.000 us) --> Read time : 55.263 us, Update time : 7066.951 us (Switch time : 6946.321 us (Switch chained mode time : 1.814 us, perform mode change time : 38.737 us, Activation time : 6899.087 us, Deactivation time : 0.780 us)), Write time : 3558.788 us
[spawner-9] [INFO] [1775664909.837170675] [spawner_robotiq_gripper_controller]: Configured and activated robotiq_gripper_controller
[spawner-8] [INFO] [1775664909.952188464] [spawner_twist_controller]: waiting for service /controller_manager/list_controllers to become available...
[INFO] [spawner-9]: process has finished cleanly [pid 16255]
[ros2_control_node-1] [WARN] [1775664911.035454446] [controller_manager]: Overrun might occur, Total time : 8722.113 us (Expected < 8000.000 us) --> Read time : 49.988 us, Update time : 133.019 us, Write time : 8539.106 us
[ros2_control_node-1] [WARN] [1775664911.035564364] [controller_manager]: Overrun detected! The controller manager missed its desired rate of 125 Hz. The loop took 8.860213 ms (missed cycles : 2).
[ros2_control_node-1] [INFO] [1775664912.956152708] [controller_manager]: Loading controller : 'twist_controller' of type 'picknik_twist_controller/PicknikTwistController'
[ros2_control_node-1] [INFO] [1775664912.956223708] [controller_manager]: Loading controller 'twist_controller'
[ros2_control_node-1] [INFO] [1775664912.959339671] [controller_manager]: Controller 'twist_controller' node arguments: --ros-args --params-file /home/carrt-cse-project/workspace/ros2_kortex_ws/install/adl_tasks/share/adl_tasks/config/ros2_controllers_vbox.yaml --params-file /tmp/launch_params_4ivdy_26 
[spawner-8] [INFO] [1775664912.980811279] [spawner_twist_controller]: Loaded twist_controller
[ros2_control_node-1] [INFO] [1775664913.063583591] [controller_manager]: Configuring controller: 'twist_controller'
[ros2_control_node-1] [INFO] [1775664913.066101276] [twist_controller]: configure successful
[spawner-10] [INFO] [1775664913.210559480] [spawner_fault_controller]: waiting for service /controller_manager/list_controllers to become available...
[INFO] [spawner-8]: process has finished cleanly [pid 16254]
[ros2_control_node-1] [INFO] [1775664913.463065730] [controller_manager]: Loading controller : 'fault_controller' of type 'picknik_reset_fault_controller/PicknikResetFaultController'
[ros2_control_node-1] [INFO] [1775664913.463099833] [controller_manager]: Loading controller 'fault_controller'
[ros2_control_node-1] [INFO] [1775664913.466345370] [controller_manager]: Controller 'fault_controller' node arguments: --ros-args --params-file /home/carrt-cse-project/workspace/ros2_kortex_ws/install/adl_tasks/share/adl_tasks/config/ros2_controllers_vbox.yaml --params-file /tmp/launch_params_4ivdy_26 
[spawner-10] [INFO] [1775664913.485018903] [spawner_fault_controller]: Loaded fault_controller
[ros2_control_node-1] [INFO] [1775664913.486557234] [controller_manager]: Configuring controller: 'fault_controller'
[ros2_control_node-1] [INFO] [1775664913.573285098] [controller_manager]: Activating controllers: [ fault_controller ]
[ros2_control_node-1] [INFO] [1775664913.784113115] [controller_manager]: Successfully switched controllers!
[ros2_control_node-1] [WARN] [1775664913.786988231] [controller_manager]: Overrun might occur, Total time : 8245.991 us (Expected < 8000.000 us) --> Read time : 61.614 us, Update time : 5278.547 us (Switch time : 5116.845 us (Switch chained mode time : 2.145 us, perform mode change time : 23.191 us, Activation time : 5084.010 us, Deactivation time : 0.730 us)), Write time : 2905.830 us
[ros2_control_node-1] [WARN] [1775664913.787087092] [controller_manager]: Overrun detected! The controller manager missed its desired rate of 125 Hz. The loop took 8.382748 ms (missed cycles : 2).
[spawner-10] [INFO] [1775664913.796456551] [spawner_fault_controller]: Configured and activated fault_controller
[spawner-7] [INFO] [1775664913.909765269] [spawner_joint_trajectory_controller]: waiting for service /controller_manager/list_controllers to become available...
[INFO] [spawner-10]: process has finished cleanly [pid 16256]
[ros2_control_node-1] [INFO] [1775664914.162259824] [controller_manager]: Loading controller : 'joint_trajectory_controller' of type 'joint_trajectory_controller/JointTrajectoryController'
[ros2_control_node-1] [INFO] [1775664914.162294411] [controller_manager]: Loading controller 'joint_trajectory_controller'
[ros2_control_node-1] [INFO] [1775664914.167901392] [controller_manager]: Controller 'joint_trajectory_controller' node arguments: --ros-args --params-file /home/carrt-cse-project/workspace/ros2_kortex_ws/install/adl_tasks/share/adl_tasks/config/ros2_controllers_vbox.yaml --params-file /tmp/launch_params_4ivdy_26 
[spawner-7] [INFO] [1775664914.205288724] [spawner_joint_trajectory_controller]: Loaded joint_trajectory_controller
[ros2_control_node-1] [INFO] [1775664914.206873810] [controller_manager]: Configuring controller: 'joint_trajectory_controller'
[ros2_control_node-1] [INFO] [1775664914.207455045] [joint_trajectory_controller]: No specific joint names are used for command interfaces. Using 'joints' parameter.
[ros2_control_node-1] [INFO] [1775664914.207740958] [joint_trajectory_controller]: Command interfaces are [position] and state interfaces are [position velocity].
[ros2_control_node-1] [INFO] [1775664914.207925562] [joint_trajectory_controller]: Using 'splines' interpolation method.
[ros2_control_node-1] [INFO] [1775664914.212144998] [joint_trajectory_controller]: Action status changes will be monitored at 20.00 Hz.
[ros2_control_node-1] [INFO] [1775664914.229312000] [controller_manager]: Activating controllers: [ joint_trajectory_controller ]
[ros2_control_node-1] [INFO] [1775664914.460569249] [controller_manager]: Successfully switched controllers!
[spawner-7] [INFO] [1775664914.469149678] [spawner_joint_trajectory_controller]: Configured and activated joint_trajectory_controller
[INFO] [spawner-7]: process has finished cleanly [pid 16253]
[INFO] [move_group-11]: process started with pid [16427]
[INFO] [rviz2-12]: process started with pid [16428]
[move_group-11] [INFO] [1775664916.019929275] [move_group.moveit.moveit.ros.rdf_loader]: Loaded robot model in 0.0120613 seconds
[move_group-11] [INFO] [1775664916.021960880] [move_group.moveit.moveit.core.robot_model]: Loading robot model 'gen3'...
[move_group-11] [INFO] [1775664916.022016326] [move_group.moveit.moveit.core.robot_model]: No root/virtual joint specified in SRDF. Assuming fixed joint
[ros2_control_node-1] [INFO] [1775664916.062099634] [controller_manager]: Configuring controller: 'joint_state_broadcaster'
[ros2_control_node-1] [ERROR] [1775664916.062198487] [controller_manager]: Controller 'joint_state_broadcaster' can not be configured from 'active' state.
[ros2_control_node-1] [INFO] [1775664916.145617651] [controller_manager]: Received robot description from topic.
[ros2_control_node-1] [WARN] [1775664916.145668674] [controller_manager]: ResourceManager has already loaded a urdf. Ignoring attempt to reload a robot description.
[move_group-11] [INFO] [1775664916.183739195] [move_group.moveit.moveit.kinematics.kdl_kinematics_plugin]: Joint weights for group 'manipulator': 1 1 1 1 1 1 1
[ros2_control_node-1] [WARN] [1775664916.296479391] [controller_manager]: Overrun might occur, Total time : 13735.161 us (Expected < 8000.000 us) --> Read time : 53.364 us, Update time : 335.200 us, Write time : 13346.597 us
[ros2_control_node-1] [WARN] [1775664916.296570062] [controller_manager]: Overrun detected! The controller manager missed its desired rate of 125 Hz. The loop took 13.865192 ms (missed cycles : 2).
[rviz2-12] [INFO] [1775664916.353154270] [rviz2]: Stereo is NOT SUPPORTED
[rviz2-12] [INFO] [1775664916.353228601] [rviz2]: OpenGl version: 4.6 (GLSL 4.6)
[rviz2-12] [INFO] [1775664916.377518090] [rviz2]: Stereo is NOT SUPPORTED
[ros2_control_node-1] [ERROR] [1775664916.400240263] [KortexMultiInterfaceHardware]: Kortex exception: Device error, Error sub type=WRONG_SERVOING_MODE => <srv: 3, fct: 1, msgType: 3>
[ros2_control_node-1] description: Wrong servoing mode, must be low level servoing mode
[ros2_control_node-1] [ERROR] [1775664916.400323739] [KortexMultiInterfaceHardware]: Error sub-code: WRONG_SERVOING_MODE
[rviz2-12] Warning: class_loader.impl: SEVERE WARNING!!! A namespace collision has occurred with plugin factory for class rviz_default_plugins::displays::InteractiveMarkerDisplay. New factory will OVERWRITE existing one. This situation occurs when libraries containing plugins are directly linked against an executable (the one running right now generating this message). Please separate plugins out into their own library or just don't link against the library and use either class_loader::ClassLoader/MultiLibraryClassLoader to open.
[rviz2-12]          at line 321 in /opt/ros/jazzy/include/class_loader/class_loader/class_loader_core.hpp
[rviz2-12] [WARN] [1775664916.519554965] [rcl.logging_rosout]: Publisher already registered for node name: 'rviz2_moveit'. If this is due to multiple nodes with the same name then all logs for the logger named 'rviz2_moveit' will go out over the existing publisher. As soon as any node with that name is destructed it will unregister the publisher, preventing any further logs for that name from being published on the rosout topic.
[move_group-11] [INFO] [1775664917.230081076] [move_group.moveit.moveit.ros.planning_scene_monitor]: Publishing maintained planning scene on 'monitored_planning_scene'
[move_group-11] [INFO] [1775664917.230270144] [move_group.moveit.moveit.ros.moveit_cpp]: Listening to 'joint_states' for joint states
[move_group-11] [INFO] [1775664917.234580674] [move_group.moveit.moveit.ros.current_state_monitor]: Listening to joint states on topic 'joint_states'
[move_group-11] [INFO] [1775664917.236586584] [move_group.moveit.moveit.ros.planning_scene_monitor]: Listening to '/attached_collision_object' for attached collision objects
[move_group-11] [INFO] [1775664917.236639780] [move_group.moveit.moveit.ros.planning_scene_monitor]: Stopping existing planning scene publisher.
[move_group-11] [INFO] [1775664917.237000953] [move_group.moveit.moveit.ros.planning_scene_monitor]: Stopped publishing maintained planning scene.
[move_group-11] [INFO] [1775664917.240371336] [move_group.moveit.moveit.ros.planning_scene_monitor]: Publishing maintained planning scene on 'monitored_planning_scene'
[move_group-11] [INFO] [1775664917.240497127] [move_group.moveit.moveit.ros.planning_scene_monitor]: Starting planning scene monitor
[move_group-11] [INFO] [1775664917.243445172] [move_group.moveit.moveit.ros.planning_scene_monitor]: Listening to '/planning_scene'
[move_group-11] [INFO] [1775664917.243846057] [move_group.moveit.moveit.ros.planning_scene_monitor]: Starting world geometry update monitor for collision objects, attached objects, octomap updates.
[move_group-11] [INFO] [1775664917.247306890] [move_group.moveit.moveit.ros.planning_scene_monitor]: Listening to 'collision_object'
[move_group-11] [INFO] [1775664917.249622092] [move_group.moveit.moveit.ros.planning_scene_monitor]: Listening to 'planning_scene_world' for planning scene world geometry
[move_group-11] [WARN] [1775664917.250993086] [move_group.moveit.moveit.ros.occupancy_map_monitor]: Resolution not specified for Octomap. Assuming resolution = 0.1 instead
[move_group-11] [ERROR] [1775664917.251036537] [move_group.moveit.moveit.ros.occupancy_map_monitor]: No 3D sensor plugin(s) defined for octomap updates
[move_group-11] [INFO] [1775664917.511009335] [move_group.moveit.moveit.ros.planning_pipeline]: Successfully loaded planner 'OMPL'
[move_group-11] [INFO] [1775664917.516146577] [move_group]: Try loading adapter 'default_planning_request_adapters/ResolveConstraintFrames'
[move_group-11] [INFO] [1775664917.517900630] [move_group]: Loaded adapter 'default_planning_request_adapters/ResolveConstraintFrames'
[move_group-11] [INFO] [1775664917.517938363] [move_group]: Try loading adapter 'default_planning_request_adapters/ValidateWorkspaceBounds'
[move_group-11] [INFO] [1775664917.518248624] [move_group]: Loaded adapter 'default_planning_request_adapters/ValidateWorkspaceBounds'
[move_group-11] [INFO] [1775664917.518266641] [move_group]: Try loading adapter 'default_planning_request_adapters/CheckStartStateBounds'
[move_group-11] [INFO] [1775664917.518304032] [move_group]: Loaded adapter 'default_planning_request_adapters/CheckStartStateBounds'
[move_group-11] [INFO] [1775664917.518314762] [move_group]: Try loading adapter 'default_planning_request_adapters/CheckStartStateCollision'
[move_group-11] [INFO] [1775664917.518333864] [move_group]: Loaded adapter 'default_planning_request_adapters/CheckStartStateCollision'
[move_group-11] [INFO] [1775664917.523533464] [move_group]: Try loading adapter 'default_planning_response_adapters/AddTimeOptimalParameterization'
[move_group-11] [INFO] [1775664917.526883597] [move_group]: Loaded adapter 'default_planning_response_adapters/AddTimeOptimalParameterization'
[move_group-11] [INFO] [1775664917.526912009] [move_group]: Try loading adapter 'default_planning_response_adapters/ValidateSolution'
[move_group-11] [INFO] [1775664917.530291053] [move_group]: Loaded adapter 'default_planning_response_adapters/ValidateSolution'
[move_group-11] [INFO] [1775664917.530322479] [move_group]: Try loading adapter 'default_planning_response_adapters/DisplayMotionPath'
[move_group-11] [INFO] [1775664917.531566331] [move_group]: Loaded adapter 'default_planning_response_adapters/DisplayMotionPath'
[move_group-11] [INFO] [1775664917.593789642] [move_group.moveit.moveit.plugins.simple_controller_manager]: Added FollowJointTrajectory controller for joint_trajectory_controller
[move_group-11] [INFO] [1775664917.593863424] [move_group.moveit.moveit.plugins.simple_controller_manager]: robotiq_gripper_controller will command a max effort of: 0
[move_group-11] [INFO] [1775664917.598009646] [move_group.moveit.moveit.plugins.simple_controller_manager]: Added GripperCommand controller for robotiq_gripper_controller
[move_group-11] [INFO] [1775664917.598196811] [move_group.moveit.moveit.plugins.simple_controller_manager]: Returned 2 controllers in list
[move_group-11] [INFO] [1775664917.598234278] [move_group.moveit.moveit.plugins.simple_controller_manager]: Returned 2 controllers in list
[move_group-11] [INFO] [1775664917.598810026] [move_group.moveit.moveit.ros.trajectory_execution_manager]: Trajectory execution is managing controllers
[move_group-11] [INFO] [1775664917.598855248] [move_group]: MoveGroup debug mode is ON
[move_group-11] [INFO] [1775664917.631482506] [move_group.moveit.moveit.ros.move_group.executable]: 
[move_group-11] 
[move_group-11] ********************************************************
[move_group-11] * MoveGroup using: 
[move_group-11] *     - apply_planning_scene_service
[move_group-11] *     - clear_octomap_service
[move_group-11] *     - get_group_urdf
[move_group-11] *     - load_geometry_from_file
[move_group-11] *     - CartesianPathService
[move_group-11] *     - execute_trajectory_action
[move_group-11] *     - get_planning_scene_service
[move_group-11] *     - kinematics_service
[move_group-11] *     - move_action
[move_group-11] *     - motion_plan_service
[move_group-11] *     - query_planners_service
[move_group-11] *     - state_validation_service
[move_group-11] *     - save_geometry_to_file
[move_group-11] ********************************************************
[move_group-11] 
[move_group-11] [INFO] [1775664917.631554911] [move_group.moveit.moveit.ros.move_group.context]: MoveGroup context using pipeline ompl
[move_group-11] [INFO] [1775664917.631575796] [move_group.moveit.moveit.ros.move_group.context]: MoveGroup context initialization complete
[move_group-11] [96mLoading 'move_group/ApplyPlanningSceneService'...[0m
[move_group-11] [96mLoading 'move_group/ClearOctomapService'...[0m
[move_group-11] [96mLoading 'move_group/GetUrdfService'...[0m
[move_group-11] [96mLoading 'move_group/LoadGeometryFromFileService'...[0m
[move_group-11] [96mLoading 'move_group/MoveGroupCartesianPathService'...[0m
[move_group-11] [96mLoading 'move_group/MoveGroupExecuteTrajectoryAction'...[0m
[move_group-11] [96mLoading 'move_group/MoveGroupGetPlanningSceneService'...[0m
[move_group-11] [96mLoading 'move_group/MoveGroupKinematicsService'...[0m
[move_group-11] [96mLoading 'move_group/MoveGroupMoveAction'...[0m
[move_group-11] [96mLoading 'move_group/MoveGroupPlanService'...[0m
[move_group-11] [96mLoading 'move_group/MoveGroupQueryPlannersService'...[0m
[move_group-11] [96mLoading 'move_group/MoveGroupStateValidationService'...[0m
[move_group-11] [96mLoading 'move_group/SaveGeometryToFileService'...[0m
[move_group-11] 
[move_group-11] [92mYou can start planning now![0m
[move_group-11] 
[ros2_control_node-1] [INFO] [1775664917.784179491] [controller_manager]: Configuring controller: 'joint_trajectory_controller'
[ros2_control_node-1] [ERROR] [1775664917.784251840] [controller_manager]: Controller 'joint_trajectory_controller' can not be configured from 'active' state.
[ros2_control_node-1] [INFO] [1775664917.786814355] [controller_manager]: Loading controller : 'joint_trajectory_controller' of type 'joint_trajectory_controller/JointTrajectoryController'
[ros2_control_node-1] [INFO] [1775664917.786862622] [controller_manager]: Loading controller 'joint_trajectory_controller'
[ros2_control_node-1] [ERROR] [1775664917.787077714] [controller_manager]: A controller named 'joint_trajectory_controller' was already loaded inside the controller manager
[ros2_control_node-1] [WARN] [1775664918.435458624] [controller_manager]: Overrun might occur, Total time : 8718.596 us (Expected < 8000.000 us) --> Read time : 57.127 us, Update time : 267.560 us, Write time : 8393.909 us
[ros2_control_node-1] [WARN] [1775664918.435561707] [controller_manager]: Overrun detected! The controller manager missed its desired rate of 125 Hz. The loop took 8.857395 ms (missed cycles : 2).
[ros2_control_node-1] [INFO] [1775664919.331860386] [controller_manager]: Configuring controller: 'twist_controller'
[ros2_control_node-1] [INFO] [1775664919.336142397] [twist_controller]: configure successful
[ros2_control_node-1] [INFO] [1775664919.416298798] [controller_manager]: Received robot description from topic.
[ros2_control_node-1] [WARN] [1775664919.416341537] [controller_manager]: ResourceManager has already loaded a urdf. Ignoring attempt to reload a robot description.
[rviz2-12] [ERROR] [1775664919.577822611] [rviz2_moveit.moveit.ros.motion_planning_frame]: Action server: /recognize_objects not available
[rviz2-12] [INFO] [1775664919.627773399] [rviz2_moveit.moveit.ros.motion_planning_frame]: MoveGroup namespace changed: / -> . Reloading params.
[rviz2-12] [INFO] [1775664919.728583623] [rviz2_moveit.moveit.ros.rdf_loader]: Loaded robot model in 0.0138742 seconds
[rviz2-12] [INFO] [1775664919.728763035] [rviz2_moveit.moveit.core.robot_model]: Loading robot model 'gen3'...
[rviz2-12] [INFO] [1775664919.728805493] [rviz2_moveit.moveit.core.robot_model]: No root/virtual joint specified in SRDF. Assuming fixed joint
[ros2_control_node-1] [INFO] [1775664919.943962114] [controller_manager]: Received robot description from topic.
[ros2_control_node-1] [WARN] [1775664919.944817631] [controller_manager]: ResourceManager has already loaded a urdf. Ignoring attempt to reload a robot description.
[rviz2-12] [INFO] [1775664919.992818854] [rviz2_moveit.moveit.kinematics.kdl_kinematics_plugin]: Joint weights for group 'manipulator': 1 1 1 1 1 1 1
[ros2_control_node-1] [INFO] [1775664920.099716635] [controller_manager]: Configuring controller: 'fault_controller'
[ros2_control_node-1] [ERROR] [1775664920.100416247] [controller_manager]: Controller 'fault_controller' can not be configured from 'active' state.
[rviz2-12] [INFO] [1775664920.461198899] [rviz2_moveit.moveit.ros.planning_scene_monitor]: Starting planning scene monitor
[rviz2-12] [INFO] [1775664920.463128394] [rviz2_moveit.moveit.ros.planning_scene_monitor]: Listening to '/monitored_planning_scene'
[rviz2-12] [INFO] [1775664920.814897776] [interactive_marker_display_97585701848176]: Connected on namespace: /rviz_moveit_motion_planning_display/robot_interaction_interactive_marker_topic
[rviz2-12] [INFO] [1775664920.827318245] [rviz2_moveit.moveit.ros.robot_interaction]: No active joints or end effectors found for group 'gripper'. Make sure that kinematics.yaml is loaded in this node's namespace.
[rviz2-12] [INFO] [1775664920.828292781] [rviz2_moveit.moveit.ros.robot_interaction]: No active joints or end effectors found for group 'gripper'. Make sure that kinematics.yaml is loaded in this node's namespace.
[ros2_control_node-1] [WARN] [1775664920.844791746] [controller_manager]: Overrun might occur, Total time : 10047.013 us (Expected < 8000.000 us) --> Read time : 51.557 us, Update time : 288.641 us, Write time : 9706.815 us
[ros2_control_node-1] [WARN] [1775664920.844927161] [controller_manager]: Overrun detected! The controller manager missed its desired rate of 125 Hz. The loop took 10.219297 ms (missed cycles : 2).
[rviz2-12] [INFO] [1775664920.851417830] [rviz2_moveit.moveit.ros.motion_planning_frame]: group gripper
[rviz2-12] [INFO] [1775664920.851452435] [rviz2_moveit.moveit.ros.motion_planning_frame]: Constructing new MoveGroup connection for group 'gripper' in namespace ''
[rviz2-12] [INFO] [1775664920.853749291] [interactive_marker_display_97585701848176]: Sending request for interactive markers
[rviz2-12] [INFO] [1775664920.885611133] [interactive_marker_display_97585701848176]: Service response received for initialization
[rviz2-12] [INFO] [1775664920.966662656] [rviz2_moveit.moveit.ros.move_group_interface]: Ready to take commands for planning group gripper.
[rviz2-12] [INFO] [1775664920.967889871] [rviz2_moveit.moveit.ros.motion_planning_frame]: group gripper
[ros2_control_node-1] [WARN] [1775664923.417516148] [controller_manager]: Overrun might occur, Total time : 14761.675 us (Expected < 8000.000 us) --> Read time : 64.690 us, Update time : 506.339 us, Write time : 14190.646 us
[ros2_control_node-1] [WARN] [1775664923.417619356] [controller_manager]: Overrun detected! The controller manager missed its desired rate of 125 Hz. The loop took 14.913974 ms (missed cycles : 2).
[ros2_control_node-1] [WARN] [1775664928.205369981] [controller_manager]: Overrun might occur, Total time : 26642.540 us (Expected < 8000.000 us) --> Read time : 31.194 us, Update time : 209.820 us, Write time : 26401.526 us
[ros2_control_node-1] [WARN] [1775664928.205435148] [controller_manager]: Overrun detected! The controller manager missed its desired rate of 125 Hz. The loop took 26.730962 ms (missed cycles : 4).
[ros2_control_node-1] [WARN] [1775664933.155662145] [controller_manager]: Overrun might occur, Total time : 8933.705 us (Expected < 8000.000 us) --> Read time : 31.899 us, Update time : 222.621 us, Write time : 8679.185 us
[ros2_control_node-1] [WARN] [1775664933.155747677] [controller_manager]: Overrun detected! The controller manager missed its desired rate of 125 Hz. The loop took 9.043103 ms (missed cycles : 2).
[ros2_control_node-1] [WARN] [1775664936.296135288] [controller_manager]: Overrun might occur, Total time : 13400.000 us (Expected < 8000.000 us) --> Read time : 58.894 us, Update time : 299.151 us, Write time : 13041.955 us
[ros2_control_node-1] [WARN] [1775664936.296222800] [controller_manager]: Overrun detected! The controller manager missed its desired rate of 125 Hz. The loop took 13.518189 ms (missed cycles : 2).
[ros2_control_node-1] [ERROR] [1775664936.384172703] [KortexMultiInterfaceHardware]: Kortex exception: Device error, Error sub type=WRONG_SERVOING_MODE => <srv: 3, fct: 1, msgType: 3>
[ros2_control_node-1] description: Wrong servoing mode, must be low level servoing mode
[ros2_control_node-1] [ERROR] [1775664936.384246611] [KortexMultiInterfaceHardware]: Error sub-code: WRONG_SERVOING_MODE
[ros2_control_node-1] [DEBUG] [1775664936.421704263] [KortexMultiInterfaceHardware]: Fault was not recognized on the robot but combination of Control Mode and Active State are not supported!
[ros2_control_node-1] [DEBUG] [1775664936.428882342] [KortexMultiInterfaceHardware]: Fault was not recognized on the robot but combination of Control Mode and Active State are not supported!
[ros2_control_node-1] [DEBUG] [1775664936.437848646] [KortexMultiInterfaceHardware]: Fault was not recognized on the robot but combination of Control Mode and Active State are not supported!
[ros2_control_node-1] [DEBUG] [1775664936.445295033] [KortexMultiInterfaceHardware]: Fault was not recognized on the robot but combination of Control Mode and Active State are not supported!
[ros2_control_node-1] [DEBUG] [1775664936.453612679] [KortexMultiInterfaceHardware]: Fault was not recognized on the robot but combination of Control Mode and Active State are not supported!
[ros2_control_node-1] [DEBUG] [1775664936.461662309] [KortexMultiInterfaceHardware]: Fault was not recognized on the robot but combination of Control Mode and Active State are not supported!
[ros2_control_node-1] [DEBUG] [1775664936.470279601] [KortexMultiInterfaceHardware]: Fault was not recognized on the robot but combination of Control Mode and Active State are not supported!
[ros2_control_node-1] [DEBUG] [1775664936.477620760] [KortexMultiInterfaceHardware]: Fault was not recognized on the robot but combination of Control Mode and Active State are not supported!
[ros2_control_node-1] [WARN] [1775664943.453813909] [controller_manager]: Overrun might occur, Total time : 11064.497 us (Expected < 8000.000 us) --> Read time : 66.531 us, Update time : 287.320 us, Write time : 10710.646 us
[ros2_control_node-1] [WARN] [1775664943.453883008] [controller_manager]: Overrun detected! The controller manager missed its desired rate of 125 Hz. The loop took 11.178760 ms (missed cycles : 2).
[ros2_control_node-1] [WARN] [1775664948.171813544] [controller_manager]: Overrun might occur, Total time : 9072.832 us (Expected < 8000.000 us) --> Read time : 51.817 us, Update time : 247.309 us, Write time : 8773.706 us
[ros2_control_node-1] [WARN] [1775664948.171917314] [controller_manager]: Overrun detected! The controller manager missed its desired rate of 125 Hz. The loop took 9.212641 ms (missed cycles : 2).
[ros2_control_node-1] [WARN] [1775664950.020601493] [controller_manager]: Overrun might occur, Total time : 9856.933 us (Expected < 8000.000 us) --> Read time : 69.594 us, Update time : 317.265 us, Write time : 9470.074 us
[ros2_control_node-1] [WARN] [1775664950.020688366] [controller_manager]: Overrun detected! The controller manager missed its desired rate of 125 Hz. The loop took 9.983492 ms (missed cycles : 2).
[ros2_control_node-1] [WARN] [1775664951.163080908] [controller_manager]: Overrun might occur, Total time : 8339.873 us (Expected < 8000.000 us) --> Read time : 59.070 us, Update time : 265.403 us, Write time : 8015.400 us
[ros2_control_node-1] [WARN] [1775664951.163165322] [controller_manager]: Overrun detected! The controller manager missed its desired rate of 125 Hz. The loop took 8.460470 ms (missed cycles : 2).
[ros2_control_node-1] [WARN] [1775664952.331123321] [controller_manager]: Overrun might occur, Total time : 8370.889 us (Expected < 8000.000 us) --> Read time : 78.029 us, Update time : 292.874 us, Write time : 7999.986 us
[ros2_control_node-1] [WARN] [1775664952.331210446] [controller_manager]: Overrun detected! The controller manager missed its desired rate of 125 Hz. The loop took 8.505912 ms (missed cycles : 2).
[ros2_control_node-1] [WARN] [1775664953.564310335] [controller_manager]: Overrun might occur, Total time : 9563.630 us (Expected < 8000.000 us) --> Read time : 64.929 us, Update time : 282.766 us, Write time : 9215.935 us
[ros2_control_node-1] [WARN] [1775664953.564390483] [controller_manager]: Overrun detected! The controller manager missed its desired rate of 125 Hz. The loop took 9.684862 ms (missed cycles : 2).
[ros2_control_node-1] [WARN] [1775664960.629303693] [controller_manager]: Overrun might occur, Total time : 10552.123 us (Expected < 8000.000 us) --> Read time : 79.940 us, Update time : 307.755 us, Write time : 10164.428 us
[ros2_control_node-1] [WARN] [1775664960.629390994] [controller_manager]: Overrun detected! The controller manager missed its desired rate of 125 Hz. The loop took 10.686558 ms (missed cycles : 2).
[ros2_control_node-1] [WARN] [1775664964.891051848] [controller_manager]: Overrun might occur, Total time : 8313.714 us (Expected < 8000.000 us) --> Read time : 68.749 us, Update time : 224.297 us, Write time : 8020.668 us
[ros2_control_node-1] [WARN] [1775664964.891123671] [controller_manager]: Overrun detected! The controller manager missed its desired rate of 125 Hz. The loop took 8.419798 ms (missed cycles : 2).
[ros2_control_node-1] [WARN] [1775664967.117471562] [controller_manager]: Overrun might occur, Total time : 10733.525 us (Expected < 8000.000 us) --> Read time : 58.001 us, Update time : 313.220 us, Write time : 10362.304 us
[ros2_control_node-1] [WARN] [1775664967.117564293] [controller_manager]: Overrun detected! The controller manager missed its desired rate of 125 Hz. The loop took 10.859644 ms (missed cycles : 2).
[ros2_control_node-1] [WARN] [1775664968.138613731] [controller_manager]: Overrun might occur, Total time : 15862.361 us (Expected < 8000.000 us) --> Read time : 73.301 us, Update time : 442.877 us, Write time : 15346.183 us
[ros2_control_node-1] [WARN] [1775664968.138695431] [controller_manager]: Overrun detected! The controller manager missed its desired rate of 125 Hz. The loop took 15.990888 ms (missed cycles : 2).
[ros2_control_node-1] [WARN] [1775664976.218919065] [controller_manager]: Overrun might occur, Total time : 8173.822 us (Expected < 8000.000 us) --> Read time : 64.435 us, Update time : 267.777 us, Write time : 7841.610 us
[ros2_control_node-1] [WARN] [1775664976.219002074] [controller_manager]: Overrun detected! The controller manager missed its desired rate of 125 Hz. The loop took 8.296763 ms (missed cycles : 2).
[ros2_control_node-1] [WARN] [1775664978.123833631] [controller_manager]: Overrun might occur, Total time : 9096.624 us (Expected < 8000.000 us) --> Read time : 63.666 us, Update time : 278.922 us, Write time : 8754.036 us
[ros2_control_node-1] [WARN] [1775664978.123912507] [controller_manager]: Overrun detected! The controller manager missed its desired rate of 125 Hz. The loop took 9.208217 ms (missed cycles : 2).
[ros2_control_node-1] [WARN] [1775664980.721286913] [controller_manager]: Overrun might occur, Total time : 14547.330 us (Expected < 8000.000 us) --> Read time : 53.220 us, Update time : 245.795 us, Write time : 14248.315 us
[ros2_control_node-1] [WARN] [1775664980.721367152] [controller_manager]: Overrun detected! The controller manager missed its desired rate of 125 Hz. The loop took 14.662007 ms (missed cycles : 2).
[ros2_control_node-1] [WARN] [1775664982.813665490] [controller_manager]: Overrun might occur, Total time : 10935.244 us (Expected < 8000.000 us) --> Read time : 36.934 us, Update time : 243.747 us, Write time : 10654.563 us
[ros2_control_node-1] [WARN] [1775664982.813781629] [controller_manager]: Overrun detected! The controller manager missed its desired rate of 125 Hz. The loop took 11.075119 ms (missed cycles : 2).
[ros2_control_node-1] [WARN] [1775664990.667873416] [controller_manager]: Overrun might occur, Total time : 9127.735 us (Expected < 8000.000 us) --> Read time : 63.025 us, Update time : 271.904 us, Write time : 8792.806 us
[ros2_control_node-1] [WARN] [1775664990.667960477] [controller_manager]: Overrun detected! The controller manager missed its desired rate of 125 Hz. The loop took 9.256012 ms (missed cycles : 2).
[ros2_control_node-1] [WARN] [1775664992.497616802] [controller_manager]: Overrun might occur, Total time : 14874.436 us (Expected < 8000.000 us) --> Read time : 58.913 us, Update time : 247.855 us, Write time : 14567.668 us
[ros2_control_node-1] [WARN] [1775664992.497716725] [controller_manager]: Overrun detected! The controller manager missed its desired rate of 125 Hz. The loop took 15.011825 ms (missed cycles : 2).
[ros2_control_node-1] [WARN] [1775664996.123703497] [controller_manager]: Overrun might occur, Total time : 8961.774 us (Expected < 8000.000 us) --> Read time : 59.506 us, Update time : 238.302 us, Write time : 8663.966 us
[ros2_control_node-1] [WARN] [1775664996.123813451] [controller_manager]: Overrun detected! The controller manager missed its desired rate of 125 Hz. The loop took 9.108114 ms (missed cycles : 2).
[ros2_control_node-1] [WARN] [1775664997.491940929] [controller_manager]: Overrun might occur, Total time : 9206.401 us (Expected < 8000.000 us) --> Read time : 76.013 us, Update time : 272.834 us, Write time : 8857.554 us
[ros2_control_node-1] [WARN] [1775664997.492008524] [controller_manager]: Overrun detected! The controller manager missed its desired rate of 125 Hz. The loop took 9.303939 ms (missed cycles : 2).
[ros2_control_node-1] [WARN] [1775665000.370776963] [controller_manager]: Overrun might occur, Total time : 8037.197 us (Expected < 8000.000 us) --> Read time : 55.310 us, Update time : 261.013 us, Write time : 7720.874 us
[ros2_control_node-1] [WARN] [1775665000.370864421] [controller_manager]: Overrun detected! The controller manager missed its desired rate of 125 Hz. The loop took 8.159954 ms (missed cycles : 2).
[ros2_control_node-1] [WARN] [1775665004.227715264] [controller_manager]: Overrun might occur, Total time : 8974.670 us (Expected < 8000.000 us) --> Read time : 55.942 us, Update time : 259.203 us, Write time : 8659.525 us
[ros2_control_node-1] [WARN] [1775665004.227793377] [controller_manager]: Overrun detected! The controller manager missed its desired rate of 125 Hz. The loop took 9.088451 ms (missed cycles : 2).
[ros2_control_node-1] [WARN] [1775665007.564792764] [controller_manager]: Overrun might occur, Total time : 10048.273 us (Expected < 8000.000 us) --> Read time : 60.340 us, Update time : 281.386 us, Write time : 9706.547 us
[ros2_control_node-1] [WARN] [1775665007.564868013] [controller_manager]: Overrun detected! The controller manager missed its desired rate of 125 Hz. The loop took 10.163966 ms (missed cycles : 2).
[ros2_control_node-1] [WARN] [1775665011.018417064] [controller_manager]: Overrun might occur, Total time : 15667.154 us (Expected < 8000.000 us) --> Read time : 125.303 us, Update time : 479.473 us, Write time : 15062.378 us
[ros2_control_node-1] [WARN] [1775665011.018482186] [controller_manager]: Overrun detected! The controller manager missed its desired rate of 125 Hz. The loop took 15.778173 ms (missed cycles : 2).
[ros2_control_node-1] [WARN] [1775665014.882816919] [controller_manager]: Overrun might occur, Total time : 8073.362 us (Expected < 8000.000 us) --> Read time : 74.198 us, Update time : 368.534 us, Write time : 7630.630 us
[ros2_control_node-1] [WARN] [1775665014.882895169] [controller_manager]: Overrun detected! The controller manager missed its desired rate of 125 Hz. The loop took 8.191012 ms (missed cycles : 2).
[ros2_control_node-1] [WARN] [1775665021.756582846] [controller_manager]: Overrun might occur, Total time : 9835.076 us (Expected < 8000.000 us) --> Read time : 58.017 us, Update time : 246.916 us, Write time : 9530.143 us
[ros2_control_node-1] [WARN] [1775665021.756654324] [controller_manager]: Overrun detected! The controller manager missed its desired rate of 125 Hz. The loop took 9.949763 ms (missed cycles : 2).
[ros2_control_node-1] [WARN] [1775665028.843479075] [controller_manager]: Overrun might occur, Total time : 8741.556 us (Expected < 8000.000 us) --> Read time : 55.960 us, Update time : 250.312 us, Write time : 8435.284 us
[ros2_control_node-1] [WARN] [1775665028.843559978] [controller_manager]: Overrun detected! The controller manager missed its desired rate of 125 Hz. The loop took 8.855758 ms (missed cycles : 2).
[ros2_control_node-1] [WARN] [1775665035.165597992] [controller_manager]: Overrun might occur, Total time : 10860.632 us (Expected < 8000.000 us) --> Read time : 51.059 us, Update time : 286.955 us, Write time : 10522.618 us
[ros2_control_node-1] [WARN] [1775665035.165686437] [controller_manager]: Overrun detected! The controller manager missed its desired rate of 125 Hz. The loop took 10.981710 ms (missed cycles : 2).
[ros2_control_node-1] [WARN] [1775665036.502851012] [controller_manager]: Overrun might occur, Total time : 12105.512 us (Expected < 8000.000 us) --> Read time : 63.733 us, Update time : 262.459 us, Write time : 11779.320 us
[ros2_control_node-1] [WARN] [1775665036.502930831] [controller_manager]: Overrun detected! The controller manager missed its desired rate of 125 Hz. The loop took 12.226739 ms (missed cycles : 2).
[ros2_control_node-1] [WARN] [1775665037.523235712] [controller_manager]: Overrun might occur, Total time : 8495.929 us (Expected < 8000.000 us) --> Read time : 56.169 us, Update time : 239.055 us, Write time : 8200.705 us
[ros2_control_node-1] [WARN] [1775665037.523303469] [controller_manager]: Overrun detected! The controller manager missed its desired rate of 125 Hz. The loop took 8.599410 ms (missed cycles : 2).
[ros2_control_node-1] [WARN] [1775665040.939640812] [controller_manager]: Overrun might occur, Total time : 8892.786 us (Expected < 8000.000 us) --> Read time : 55.816 us, Update time : 255.998 us, Write time : 8580.972 us
[ros2_control_node-1] [WARN] [1775665040.939767548] [controller_manager]: Overrun detected! The controller manager missed its desired rate of 125 Hz. The loop took 9.061254 ms (missed cycles : 2).
[ros2_control_node-1] [WARN] [1775665043.774359519] [controller_manager]: Overrun might occur, Total time : 11628.652 us (Expected < 8000.000 us) --> Read time : 37.847 us, Update time : 236.695 us, Write time : 11354.110 us
[ros2_control_node-1] [WARN] [1775665043.774442239] [controller_manager]: Overrun detected! The controller manager missed its desired rate of 125 Hz. The loop took 11.737358 ms (missed cycles : 2).
[ros2_control_node-1] [WARN] [1775665046.211778786] [controller_manager]: Overrun might occur, Total time : 9024.639 us (Expected < 8000.000 us) --> Read time : 82.625 us, Update time : 391.936 us, Write time : 8550.078 us
[ros2_control_node-1] [WARN] [1775665046.211848900] [controller_manager]: Overrun detected! The controller manager missed its desired rate of 125 Hz. The loop took 9.144953 ms (missed cycles : 2).
[ros2_control_node-1] [WARN] [1775665048.260050935] [controller_manager]: Overrun might occur, Total time : 9310.525 us (Expected < 8000.000 us) --> Read time : 60.849 us, Update time : 266.268 us, Write time : 8983.408 us
[ros2_control_node-1] [WARN] [1775665048.260133325] [controller_manager]: Overrun detected! The controller manager missed its desired rate of 125 Hz. The loop took 9.428889 ms (missed cycles : 2).
