
===== 2026-04-15T19:48:35-04:00 | T1_full =====
cwd=/home/carrt-cse-project/workspace/ros2_kortex_ws
cmd=ros2 launch adl_tasks adl_start.launch.py arm_use_fake_hardware:=false use_stub:=false clear_table_top_only_scan:=true 

[INFO] [launch]: All log files can be found below /home/carrt-cse-project/.ros/log/2026-04-15-19-48-35-625354-carrt-cse-project-OptiPlex-5050-91635
[INFO] [launch]: Default logging verbosity is set to INFO
[INFO] [launch.user]: [arm_start.launch] MoveIt current state source: /joint_states_sanitized. Use use_joint_state_sanitizer:=false for raw-state viewer debugging.
[INFO] [launch.user]: [arm_start.launch] Using ADL controller config (share/adl_tasks/config/ros2_controllers_vbox.yaml, update_rate:=1000 Hz).
[INFO] [ros2_control_node-1]: process started with pid [91640]
[INFO] [robot_state_publisher-2]: process started with pid [91641]
[INFO] [joint_state_sanitizer-3]: process started with pid [91642]
[INFO] [spawner-4]: process started with pid [91643]
[INFO] [static_transform_publisher-5]: process started with pid [91644]
[INFO] [static_transform_publisher-6]: process started with pid [91645]
[INFO] [scene_static-7]: process started with pid [91646]
[INFO] [wrist_camera_usb_publisher-8]: process started with pid [91647]
[INFO] [vision_apriltag-9]: process started with pid [91648]
[INFO] [scene_from_vision-10]: process started with pid [91649]
[INFO] [adl_controller-11]: process started with pid [91650]
[INFO] [pick_dropped_bottle-12]: process started with pid [91651]
[INFO] [clear_table-13]: process started with pid [91652]
[INFO] [give_medication-14]: process started with pid [91653]
[INFO] [adl_ui-15]: process started with pid [91654]
[static_transform_publisher-5] [INFO] [1776296916.145687154] [static_transform_publisher]: Spinning until stopped - publishing transform
[static_transform_publisher-5] translation: ('0.000000', '0.000000', '0.000000')
[static_transform_publisher-5] rotation: ('0.000000', '0.000000', '0.000000', '1.000000')
[static_transform_publisher-5] from 'world' to 'base_link'
[robot_state_publisher-2] [INFO] [1776296916.195990762] [robot_state_publisher]: Robot initialized
[static_transform_publisher-6] [INFO] [1776296916.606299902] [camera_color_optical_bridge_tf_pub]: Spinning until stopped - publishing transform
[static_transform_publisher-6] translation: ('0.000000', '0.000000', '0.000000')
[static_transform_publisher-6] rotation: ('0.000000', '0.000000', '0.000000', '1.000000')
[static_transform_publisher-6] from 'camera_color_frame' to 'wrist_mounted_camera_color_optical_frame'
[ros2_control_node-1] [INFO] [1776296916.656423883] [controller_manager]: Using Steady (Monotonic) clock for triggering controller manager cycles.
[ros2_control_node-1] [INFO] [1776296916.693612067] [controller_manager]: Subscribing to '/robot_description' topic for robot description.
[ros2_control_node-1] [INFO] [1776296916.711488542] [controller_manager]: update rate is 1000 Hz
[ros2_control_node-1] [INFO] [1776296916.711550790] [controller_manager]: Overruns handling is : enabled
[ros2_control_node-1] [INFO] [1776296916.711568066] [controller_manager]: Spawning controller_manager RT thread with scheduler priority: 50
[ros2_control_node-1] [INFO] [1776296916.711670802] [controller_manager]: Successful set up FIFO RT scheduling policy with priority 50.
[ros2_control_node-1] [INFO] [1776296916.720422043] [controller_manager]: Received robot description from topic.
[ros2_control_node-1] [INFO] [1776296916.720495508] [controller_manager]: Enforcing command limits is disabled. Command limits from URDF will be ignored.
[ros2_control_node-1] [INFO] [1776296916.749517733] [controller_manager]: Loading hardware 'KortexMultiInterfaceHardware' 
[ros2_control_node-1] [INFO] [1776296916.786692646] [KortexMultiInterfaceHardware]: Setting severity threshold to DEBUG
[ros2_control_node-1] [INFO] [1776296916.788453059] [controller_manager]: Loaded hardware 'KortexMultiInterfaceHardware' from plugin 'kortex_driver/KortexMultiInterfaceHardware'
[ros2_control_node-1] [INFO] [1776296916.790850143] [controller_manager]: Initialize hardware 'KortexMultiInterfaceHardware' 
[joint_state_sanitizer-3] [INFO] [1776296916.806443600] [joint_state_sanitizer_node]: joint_state_sanitizer started. raw=/joint_states -> sanitized=/joint_states_sanitized
[ros2_control_node-1] [INFO] [1776296916.840250196] [KortexMultiInterfaceHardware]: Configuring Hardware Interface
[ros2_control_node-1] [INFO] [1776296916.840613969] [KortexMultiInterfaceHardware]: Robot ip is '192.168.0.10'
[ros2_control_node-1] [INFO] [1776296916.840626283] [KortexMultiInterfaceHardware]: Username is 'admin'
[ros2_control_node-1] [INFO] [1776296916.840640262] [KortexMultiInterfaceHardware]: Port used '10000'
[ros2_control_node-1] [INFO] [1776296916.840646237] [KortexMultiInterfaceHardware]: Realtime port used '10001'
[ros2_control_node-1] [INFO] [1776296916.840651661] [KortexMultiInterfaceHardware]: Session inactivity timeout is '60000'
[ros2_control_node-1] [INFO] [1776296916.840656981] [KortexMultiInterfaceHardware]: Connection inactivity timeout is '2000'
[ros2_control_node-1] [INFO] [1776296916.840663910] [KortexMultiInterfaceHardware]: Gripper joint name is 'robotiq_85_left_knuckle_joint'
[ros2_control_node-1] [INFO] [1776296916.840696644] [KortexMultiInterfaceHardware]: Connecting to robot at 192.168.0.10
[ros2_control_node-1] [INFO] [1776296916.849733335] [KortexMultiInterfaceHardware]: Creating session for communication
[spawner-4] [INFO] [1776296916.874020977] [spawner_joint_state_broadcaster]: waiting for service /controller_manager/list_controllers to become available...
[ros2_control_node-1] [INFO] [1776296916.943959003] [KortexMultiInterfaceHardware]: Session created
[ros2_control_node-1] [INFO] [1776296917.743167247] [KortexMultiInterfaceHardware]: Actuator count reported by robot is '7'
[ros2_control_node-1] [INFO] [1776296917.743388909] [KortexMultiInterfaceHardware]: Using internal bus communication for gripper!
[ros2_control_node-1] [INFO] [1776296917.743399091] [KortexMultiInterfaceHardware]: Hardware Interface successfully configured
[ros2_control_node-1] [INFO] [1776296917.743490398] [controller_manager]: Successful initialization of hardware 'KortexMultiInterfaceHardware'
[ros2_control_node-1] [DEBUG] [1776296917.743560579] [KortexMultiInterfaceHardware]: export_state_interfaces for joint: joint_1
[ros2_control_node-1] [DEBUG] [1776296917.743587522] [KortexMultiInterfaceHardware]: export_state_interfaces for joint: joint_2
[ros2_control_node-1] [DEBUG] [1776296917.743593928] [KortexMultiInterfaceHardware]: export_state_interfaces for joint: joint_3
[ros2_control_node-1] [DEBUG] [1776296917.743598849] [KortexMultiInterfaceHardware]: export_state_interfaces for joint: joint_4
[ros2_control_node-1] [DEBUG] [1776296917.743603355] [KortexMultiInterfaceHardware]: export_state_interfaces for joint: joint_5
[ros2_control_node-1] [DEBUG] [1776296917.743608459] [KortexMultiInterfaceHardware]: export_state_interfaces for joint: joint_6
[ros2_control_node-1] [DEBUG] [1776296917.743612597] [KortexMultiInterfaceHardware]: export_state_interfaces for joint: joint_7
[ros2_control_node-1] [DEBUG] [1776296917.743616714] [KortexMultiInterfaceHardware]: export_state_interfaces for joint: robotiq_85_left_knuckle_joint
[ros2_control_node-1] [INFO] [1776296917.745980848] [resource_manager]: 'configure' hardware 'KortexMultiInterfaceHardware' 
[ros2_control_node-1] [INFO] [1776296917.746043356] [resource_manager]: Successful 'configure' of hardware 'KortexMultiInterfaceHardware'
[ros2_control_node-1] [INFO] [1776296917.746121244] [resource_manager]: 'activate' hardware 'KortexMultiInterfaceHardware' 
[ros2_control_node-1] [INFO] [1776296917.746154247] [KortexMultiInterfaceHardware]: Activating KortexMultiInterfaceHardware...
[ros2_control_node-1] [INFO] [1776296917.750954348] [KortexMultiInterfaceHardware]: Gripper initial position is '14.410482'.
[ros2_control_node-1] [INFO] [1776296917.755966476] [KortexMultiInterfaceHardware]: KortexMultiInterfaceHardware successfully activated!
[ros2_control_node-1] [INFO] [1776296917.756013942] [resource_manager]: Successful 'activate' of hardware 'KortexMultiInterfaceHardware'
[ros2_control_node-1] [INFO] [1776296917.756291304] [controller_manager]: Registering statistics for : KortexMultiInterfaceHardware
[ros2_control_node-1] [INFO] [1776296917.756461209] [controller_manager]: Resource Manager has been successfully initialized. Starting Controller Manager services...
[ros2_control_node-1] [WARN] [1776296917.777477333] [controller_manager]: Overrun might occur, Total time : 20632.186 us (Expected < 1000.000 us) --> Read time : 11581.394 us, Update time : 39.299 us, Write time : 9011.493 us
[ros2_control_node-1] [WARN] [1776296917.777563734] [controller_manager]: Overrun detected! The controller manager missed its desired rate of 1000 Hz. The loop took 20.758056 ms (missed cycles : 21).
[scene_static-7] [INFO] [1776296917.930317780] [scene_static_node]: Static Scene Node started.
[scene_static-7] [INFO] [1776296917.931155533] [scene_static_node]: WHEELCHAIR_BASE_HEIGHT = 0.36195m  |  Table surface at z = 0.088m | Table front-edge-from-base = 0.406m | Table center at x = 0.681m | table_edge_lip_margin=0.0127m | table_edge_lip_thickness=0.0127m | table_edge_lip_height=0.450m | include_wheelchair_wall=True | include_left_desk_wall=True | include_right_desk_wall=True | include_arm_base_under_block=True
[scene_static-7] [INFO] [1776296917.931973061] [scene_static_node]: Wheelchair wall geometry: center=(-0.465, 0.000, 0.482) size=(0.450, 0.700, 1.688)
[scene_static-7] [INFO] [1776296917.932915322] [scene_static_node]: Arm-base under-block geometry: center=(0.000, 0.000, -0.212) size=(0.302, 0.378, 0.300) | platform=(0.200, 0.200) | margins(front/back=0.051, left/right=0.089)
[ros2_control_node-1] [INFO] [1776296917.972361929] [controller_manager]: Loading controller : 'joint_state_broadcaster' of type 'joint_state_broadcaster/JointStateBroadcaster'
[ros2_control_node-1] [INFO] [1776296917.972424885] [controller_manager]: Loading controller 'joint_state_broadcaster'
[ros2_control_node-1] [INFO] [1776296918.000744740] [controller_manager]: Controller 'joint_state_broadcaster' node arguments: --ros-args --params-file /home/carrt-cse-project/workspace/ros2_kortex_ws/install/adl_tasks/share/adl_tasks/config/ros2_controllers_vbox.yaml --params-file /tmp/launch_params_63qqo1gc 
[spawner-4] [INFO] [1776296918.082162966] [spawner_joint_state_broadcaster]: Loaded joint_state_broadcaster
[ros2_control_node-1] [INFO] [1776296918.095309775] [controller_manager]: Configuring controller: 'joint_state_broadcaster'
[ros2_control_node-1] [INFO] [1776296918.095577514] [joint_state_broadcaster]: 'joints' or 'interfaces' parameter is empty. All available state interfaces will be published
[ros2_control_node-1] [INFO] [1776296918.152102184] [controller_manager]: Activating controllers: [ joint_state_broadcaster ]
[ros2_control_node-1] [INFO] [1776296918.159327104] [controller_manager]: Successfully switched controllers!
[adl_ui-15] [INFO] [1776296918.162406612] [adl_ui_node]: ADL UI Node started.
[ros2_control_node-1] [WARN] [1776296918.162706977] [controller_manager]: Overrun might occur, Total time : 5873.781 us (Expected < 1000.000 us) --> Read time : 51.549 us, Update time : 1478.449 us (Switch time : 1440.491 us (Switch chained mode time : 2.396 us, perform mode change time : 4.043 us, Activation time : 1422.506 us, Deactivation time : 1.776 us)), Write time : 4343.783 us
[clear_table-13] [INFO] [1776296918.165493627] [clear_table_node]: Clear Table Node Started
[adl_ui-15] [INFO] [1776296918.166524717] [adl_ui_node]: Automatic retract on UI load is disabled; startup sends no motion.
[joint_state_sanitizer-3] [WARN] [1776296918.169479396] [joint_state_sanitizer_node]: [joint_state_sanitizer] Published sanitized joint state: joint_3:+3.135->+3.132
[spawner-4] [INFO] [1776296918.169749476] [spawner_joint_state_broadcaster]: Configured and activated joint_state_broadcaster
[adl_ui-15] [INFO] [1776296918.170576694] [adl_ui_node]: Web UI available at http://localhost:5000
[adl_ui-15]  * Serving Flask app 'adl_tasks.adl_ui'
[adl_ui-15]  * Debug mode: off
[adl_ui-15] Address already in use
[adl_ui-15] Port 5000 is in use by another program. Either identify and stop that program, or start the server with a different port.
[clear_table-13] [INFO] [1776296918.291029649] [clear_table_node]: MoveItHelper initialized. joint_state_topic=/joint_states_sanitized (sanitized_expected=True) real_hardware_mode=True short_cartesian_mode=hybrid
[clear_table-13] [INFO] [1776296918.292013191] [clear_table_node]: ADL_DIRECT_FIXED_JOINTS is unset; defaulting fixed-joint direct trajectories to disabled on real hardware (collision-aware MoveIt path first).
[clear_table-13] [INFO] [1776296918.310404669] [clear_table_node]: Vision Client initialized, waiting for service...
[INFO] [spawner-4]: process has finished cleanly [pid 91643]
[pick_dropped_bottle-12] [INFO] [1776296918.510995034] [pick_dropped_bottle_node]: PickDroppedBottle starting...
[wrist_camera_usb_publisher-8] [INFO] [1776296918.551145862] [wrist_camera_usb_publisher_node]: USB camera publisher: trying camera source index 2.
[wrist_camera_usb_publisher-8] [ WARN:0@1.124] global ./modules/videoio/src/cap_v4l.cpp (902) open VIDEOIO(V4L2:/dev/video2): can't open camera by index
[wrist_camera_usb_publisher-8] [INFO] [1776296918.557744088] [wrist_camera_usb_publisher_node]: USB camera publisher: trying camera source index 0.
[wrist_camera_usb_publisher-8] [ WARN:0@1.130] global ./modules/videoio/src/cap_v4l.cpp (902) open VIDEOIO(V4L2:/dev/video0): can't open camera by index
[wrist_camera_usb_publisher-8] [INFO] [1776296918.564215649] [wrist_camera_usb_publisher_node]: USB camera publisher: trying camera source index 1.
[wrist_camera_usb_publisher-8] [ WARN:0@1.132] global ./modules/videoio/src/cap_v4l.cpp (902) open VIDEOIO(V4L2:/dev/video1): can't open camera by index
[wrist_camera_usb_publisher-8] [INFO] [1776296918.565420619] [wrist_camera_usb_publisher_node]: USB camera publisher: trying camera source index 3.
[wrist_camera_usb_publisher-8] [ WARN:0@1.133] global ./modules/videoio/src/cap_v4l.cpp (902) open VIDEOIO(V4L2:/dev/video3): can't open camera by index
[wrist_camera_usb_publisher-8] [INFO] [1776296918.566268380] [wrist_camera_usb_publisher_node]: USB camera publisher: trying camera source index 4.
[wrist_camera_usb_publisher-8] [INFO] [1776296918.579446818] [wrist_camera_usb_publisher_node]: USB camera publisher: opened camera source index 4.
[wrist_camera_usb_publisher-8] [INFO] [1776296918.580883945] [wrist_camera_usb_publisher_node]: Wrist Camera USB Publisher started.
[wrist_camera_usb_publisher-8] [INFO] [1776296918.582170678] [wrist_camera_usb_publisher_node]: Publishing USB camera frames on /wrist_mounted_camera/image with frame_id=wrist_mounted_camera_color_optical_frame.
[wrist_camera_usb_publisher-8] [INFO] [1776296918.583625066] [wrist_camera_usb_publisher_node]: Publishing camera info on /wrist_mounted_camera/camera_info from reference intrinsics [554.25, 554.25, 320.0, 240.0] @ 640x480.
[wrist_camera_usb_publisher-8] [INFO] [1776296918.584939820] [wrist_camera_usb_publisher_node]: Using explicit camera_matrix for CameraInfo. matrix_size=1280x720, K=[920.874267578125, 0.0, 644.7646484375, 0.0, 921.5654907226562, 343.1528625488281, 0.0, 0.0, 1.0], d=[0.0, 0.0, 0.0, 0.0, 0.0]
[wrist_camera_usb_publisher-8] [INFO] [1776296918.586167188] [wrist_camera_usb_publisher_node]: Requested source=2 size=1280x720 fps=10.0
[scene_from_vision-10] [INFO] [1776296918.607445427] [scene_from_vision_node]: Scene From Vision Node Started
[give_medication-14] [INFO] [1776296918.669006829] [give_medication_node]: give_medication starting...
[vision_apriltag-9] [INFO] [1776296918.689211332] [vision_apriltag_node]: Vision AprilTag Node Started
[vision_apriltag-9] [INFO] [1776296918.691657830] [vision_apriltag_node]: Subscribing to camera topic: /wrist_mounted_camera/image
[vision_apriltag-9] [INFO] [1776296918.694225002] [vision_apriltag_node]: Subscribing to camera info topic: /wrist_mounted_camera/camera_info
[scene_from_vision-10] [INFO] [1776296918.696562943] [scene_from_vision_node]: SceneFromVision: Updating planning scene. Tracking 5 object shape(s). memory_mode=True, scan_duration_s=5.0, scan_min_samples=3, scan_target_samples=8, scan_extend_step_s=1.5, scan_max_extensions=2, scan_prune_unseen_objects=False, continuous_scene_updates=False, latch_first_detection_updates=True, log_object_pose_debug=False, apply_planning_scene_service_updates=True, publish_monitored_planning_scene_updates=True, side_viewpoint=wrist_mounted_camera_color_optical_frame->base_link, reject_table_objects_outside_bounds=False.
[pick_dropped_bottle-12] [INFO] [1776296918.697037998] [pick_dropped_bottle_node]: MoveItHelper initialized. joint_state_topic=/joint_states_sanitized (sanitized_expected=True) real_hardware_mode=True short_cartesian_mode=hybrid
[pick_dropped_bottle-12] [INFO] [1776296918.697918365] [pick_dropped_bottle_node]: ADL_DIRECT_FIXED_JOINTS is unset; defaulting fixed-joint direct trajectories to disabled on real hardware (collision-aware MoveIt path first).
[vision_apriltag-9] [INFO] [1776296918.697332187] [vision_apriltag_node]: Camera frame: wrist_mounted_camera_color_optical_frame | use_image_header_frame=True
[scene_from_vision-10] [INFO] [1776296918.698761082] [scene_from_vision_node]: SceneFromVision calibration: xy_offset=(0.040, -0.056), z_offset=0.000, yaw_deg=0.00, xy_scale=1.0000, clamp_table_objects_to_table_bounds=False, table_bounds_margin_m=0.030.
[vision_apriltag-9] [INFO] [1776296918.700832487] [vision_apriltag_node]: Tag size: 0.025m | pose_cache_retention_s=20.0 | get_pose_wait_timeout_s=5.0 | max_returned_pose_age_s=20.0 | camera_params=[554.25, 554.25, 320.0, 240.0] | families=tag36h11 | quad_decimate=1.0 | requested_backend=opencv | backend=cv2.aruco | opencv_pose_solver=ippe_square | use_image_timestamp_for_tf=False
[scene_from_vision-10] [INFO] [1776296918.701224743] [scene_from_vision_node]: SceneFromVision object offsets: remote_axis=y, remote_tag_to_center_sign=-1.0, remote_tag_from_end_m=0.020, remote_world_offset=(-0.040, 0.000), cube_tag_to_center=(0.000, 0.000), cube_world_offset=(-0.020, 0.000), cube_yaw_offset_deg=0.0, medication_world_offset=(-0.160, 0.055), medication_face_to_center_m=0.030, cup_world_offset=(-0.140, 0.055), cup_face_to_center_m=0.037.
[vision_apriltag-9] [INFO] [1776296918.704542260] [vision_apriltag_node]: Top-tag known-plane projection: enabled=True, planes={3: 0.10995, 4: 0.15155}
[vision_apriltag-9] [INFO] [1776296918.706637894] [vision_apriltag_node]: pupil_apriltags tuning: nthreads=1, quad_sigma=0.0, refine_edges=1, decode_sharpening=0.25, debug=0, preprocess_variants=['raw', 'clahe', 'adaptive', 'clahe_sharp', 'clahe_up2', 'sharp_up2'], tile_search_if_empty=True, tile_search_grid=3x2, tile_search_scale=2.0, tile_search_overlap=0.25
[vision_apriltag-9] [WARN] [1776296918.709372773] [vision_apriltag_node]: pupil_apriltags is not importable by this node, so detection is using OpenCV fallback only. python=/usr/bin/python3, import_error=No module named 'pupil_apriltags'. If .venv contains pupil_apriltags, rebuild adl_tasks with that venv active or run the module with the venv Python.
[vision_apriltag-9] [INFO] [1776296918.711995257] [vision_apriltag_node]: Publishing AprilTag debug images on /vision_apriltag/debug_image at up to 1.0 Hz.
[pick_dropped_bottle-12] [INFO] [1776296918.713716100] [pick_dropped_bottle_node]: Vision Client initialized, waiting for service...
[pick_dropped_bottle-12] [INFO] [1776296918.714596193] [pick_dropped_bottle_node]: Vision service is ready.
[pick_dropped_bottle-12] [INFO] [1776296918.719815121] [pick_dropped_bottle_node]: PickDroppedBottle ready. Waiting for command.
[pick_dropped_bottle-12] [INFO] [1776296918.720543289] [pick_dropped_bottle_node]: Startup motion disabled at node load; motion begins only after pick_dropped_bottle command.
[ros2_control_node-1] [WARN] [1776296918.779230266] [controller_manager]: Overrun might occur, Total time : 4408.553 us (Expected < 1000.000 us) --> Read time : 31.772 us, Update time : 84.290 us, Write time : 4292.491 us
[ros2_control_node-1] [WARN] [1776296918.779289383] [controller_manager]: Overrun detected! The controller manager missed its desired rate of 1000 Hz. The loop took 4.484504 ms (missed cycles : 5).
[INFO] [spawner-16]: process started with pid [91888]
[INFO] [spawner-17]: process started with pid [91889]
[INFO] [spawner-18]: process started with pid [91890]
[INFO] [spawner-19]: process started with pid [91891]
[give_medication-14] [INFO] [1776296919.069339169] [give_medication_node]: MoveItHelper initialized. joint_state_topic=/joint_states_sanitized (sanitized_expected=True) real_hardware_mode=True short_cartesian_mode=hybrid
[give_medication-14] [INFO] [1776296919.070380966] [give_medication_node]: ADL_DIRECT_FIXED_JOINTS is unset; defaulting fixed-joint direct trajectories to disabled on real hardware (collision-aware MoveIt path first).
[give_medication-14] [INFO] [1776296919.141577648] [give_medication_node]: Vision Client initialized, waiting for service...
[give_medication-14] [INFO] [1776296919.144372888] [give_medication_node]: Vision service is ready.
[give_medication-14] [INFO] [1776296919.179750722] [give_medication_node]: give_medication ready.
[adl_controller-11] [INFO] [1776296919.195186655] [adl_controller_node]: MoveItHelper initialized. joint_state_topic=/joint_states_sanitized (sanitized_expected=True) real_hardware_mode=True short_cartesian_mode=hybrid
[adl_controller-11] [INFO] [1776296919.196168775] [adl_controller_node]: ADL_DIRECT_FIXED_JOINTS is unset; defaulting fixed-joint direct trajectories to disabled on real hardware (collision-aware MoveIt path first).
[adl_controller-11] [INFO] [1776296919.216013067] [adl_controller_node]: ADL controller ready. Waiting for UI/system commands.
[wrist_camera_usb_publisher-8] [INFO] [1776296919.446467988] [wrist_camera_usb_publisher_node]: USB camera info active intrinsics: size=1280x720, fx=920.87, fy=921.57, cx=644.76, cy=343.15, d=array('d', [0.0, 0.0, 0.0, 0.0, 0.0])
[wrist_camera_usb_publisher-8] [INFO] [1776296919.448670540] [wrist_camera_usb_publisher_node]: USB camera publisher heartbeat: publishing 1280x720 frames on /wrist_mounted_camera/image; camera_info fx=920.87, fy=921.57, cx=644.76, cy=343.15.
[vision_apriltag-9] [INFO] [1776296919.467350415] [vision_apriltag_node]: Vision AprilTag camera model updated from CameraInfo: size=1280x720, fx=920.87, fy=921.57, cx=644.76, cy=343.15, d=[0.0, 0.0, 0.0, 0.0, 0.0]
[spawner-18] [INFO] [1776296919.684637526] [spawner_robotiq_gripper_controller]: waiting for service /controller_manager/list_controllers to become available...
[ros2_control_node-1] [WARN] [1776296919.780613313] [controller_manager]: Overrun might occur, Total time : 3789.087 us (Expected < 1000.000 us) --> Read time : 34.080 us, Update time : 97.195 us, Write time : 3657.812 us
[ros2_control_node-1] [WARN] [1776296919.780692637] [controller_manager]: Overrun detected! The controller manager missed its desired rate of 1000 Hz. The loop took 3.886769 ms (missed cycles : 4).
[scene_static-7] [WARN] [1776296920.121579308] [scene_static_node]: Planning scene service not available, waiting...
[ros2_control_node-1] [INFO] [1776296920.234919984] [controller_manager]: Loading controller : 'robotiq_gripper_controller' of type 'position_controllers/GripperActionController'
[ros2_control_node-1] [INFO] [1776296920.234968915] [controller_manager]: Loading controller 'robotiq_gripper_controller'
[ros2_control_node-1] [INFO] [1776296920.243027159] [controller_manager]: Controller 'robotiq_gripper_controller' node arguments: --ros-args --params-file /home/carrt-cse-project/workspace/ros2_kortex_ws/install/adl_tasks/share/adl_tasks/config/ros2_controllers_vbox.yaml --params-file /tmp/launch_params_63qqo1gc 
[ros2_control_node-1] [WARN] [1776296920.288137271] [robotiq_gripper_controller]: [Deprecated]: the `position_controllers/GripperActionController` and `effort_controllers::GripperActionController` controllers are replaced by 'parallel_gripper_controllers/GripperActionController' controller
[spawner-18] [INFO] [1776296920.298811944] [spawner_robotiq_gripper_controller]: Loaded robotiq_gripper_controller
[ros2_control_node-1] [INFO] [1776296920.303422068] [controller_manager]: Configuring controller: 'robotiq_gripper_controller'
[ros2_control_node-1] [INFO] [1776296920.304280474] [robotiq_gripper_controller]: Action status changes will be monitored at 20.000000 Hz.
[ros2_control_node-1] [INFO] [1776296920.310738572] [controller_manager]: Activating controllers: [ robotiq_gripper_controller ]
[clear_table-13] [INFO] [1776296920.320527336] [clear_table_node]: Vision service is not available, waiting...
[vision_apriltag-9] [INFO] [1776296920.383526009] [vision_apriltag_node]: Vision AprilTag detection debug: no tags found after raw/CLAHE/sharp/adaptive/upscaled/tiled passes.
[ros2_control_node-1] [INFO] [1776296920.521572354] [controller_manager]: Successfully switched controllers!
[ros2_control_node-1] [WARN] [1776296920.524485799] [controller_manager]: Overrun might occur, Total time : 10656.984 us (Expected < 1000.000 us) --> Read time : 38.082 us, Update time : 7686.965 us (Switch time : 7572.274 us (Switch chained mode time : 1.484 us, perform mode change time : 39.440 us, Activation time : 7524.693 us, Deactivation time : 0.912 us)), Write time : 2931.937 us
[spawner-18] [INFO] [1776296920.529591654] [spawner_robotiq_gripper_controller]: Configured and activated robotiq_gripper_controller
[INFO] [spawner-18]: process has finished cleanly [pid 91890]
[ros2_control_node-1] [WARN] [1776296920.784191925] [controller_manager]: Overrun might occur, Total time : 3361.704 us (Expected < 1000.000 us) --> Read time : 38.521 us, Update time : 92.667 us, Write time : 3230.516 us
[ros2_control_node-1] [WARN] [1776296920.784289927] [controller_manager]: Overrun detected! The controller manager missed its desired rate of 1000 Hz. The loop took 3.483879 ms (missed cycles : 4).
[spawner-17] [INFO] [1776296921.050398315] [spawner_twist_controller]: waiting for service /controller_manager/list_controllers to become available...
[vision_apriltag-9] [INFO] [1776296921.216711570] [vision_apriltag_node]: Vision AprilTag: images are arriving on /wrist_mounted_camera/image, but no AprilTags have been detected yet.
[clear_table-13] [INFO] [1776296921.573352855] [clear_table_node]: Vision service is ready.
[clear_table-13] [INFO] [1776296921.611111264] [clear_table_node]: Clear Table Node ready. Waiting for command.
[clear_table-13] [INFO] [1776296921.611819548] [clear_table_node]: Startup motion disabled at node load; motion begins only after clear_table command.
[ros2_control_node-1] [WARN] [1776296921.786362109] [controller_manager]: Overrun might occur, Total time : 2535.457 us (Expected < 1000.000 us) --> Read time : 49.240 us, Update time : 121.327 us, Write time : 2364.890 us
[ros2_control_node-1] [WARN] [1776296921.786434990] [controller_manager]: Overrun detected! The controller manager missed its desired rate of 1000 Hz. The loop took 2.629663 ms (missed cycles : 3).
[scene_static-7] [WARN] [1776296922.125792361] [scene_static_node]: Planning scene service not available, waiting...
[ros2_control_node-1] [WARN] [1776296922.788811534] [controller_manager]: Overrun might occur, Total time : 1986.488 us (Expected < 1000.000 us) --> Read time : 32.282 us, Update time : 99.249 us, Write time : 1854.957 us
[ros2_control_node-1] [WARN] [1776296922.788888245] [controller_manager]: Overrun detected! The controller manager missed its desired rate of 1000 Hz. The loop took 2.082777 ms (missed cycles : 3).
[vision_apriltag-9] [INFO] [1776296923.042761440] [vision_apriltag_node]: Vision AprilTag: images are arriving on /wrist_mounted_camera/image, but no AprilTags have been detected yet.
[joint_state_sanitizer-3] [WARN] [1776296923.170612334] [joint_state_sanitizer_node]: [joint_state_sanitizer] Published sanitized joint state: joint_3:+3.135->+3.132
[ros2_control_node-1] [WARN] [1776296923.790270540] [controller_manager]: Overrun might occur, Total time : 2442.088 us (Expected < 1000.000 us) --> Read time : 42.238 us, Update time : 122.740 us, Write time : 2277.110 us
[ros2_control_node-1] [WARN] [1776296923.790344764] [controller_manager]: Overrun detected! The controller manager missed its desired rate of 1000 Hz. The loop took 2.539398 ms (missed cycles : 3).
[scene_static-7] [WARN] [1776296924.135276610] [scene_static_node]: Planning scene service not available, waiting...
[ros2_control_node-1] [INFO] [1776296924.368765839] [controller_manager]: Loading controller : 'twist_controller' of type 'picknik_twist_controller/PicknikTwistController'
[ros2_control_node-1] [INFO] [1776296924.368821606] [controller_manager]: Loading controller 'twist_controller'
[ros2_control_node-1] [INFO] [1776296924.373501475] [controller_manager]: Controller 'twist_controller' node arguments: --ros-args --params-file /home/carrt-cse-project/workspace/ros2_kortex_ws/install/adl_tasks/share/adl_tasks/config/ros2_controllers_vbox.yaml --params-file /tmp/launch_params_63qqo1gc 
[spawner-17] [INFO] [1776296924.473902390] [spawner_twist_controller]: Loaded twist_controller
[ros2_control_node-1] [INFO] [1776296924.481491646] [controller_manager]: Configuring controller: 'twist_controller'
[ros2_control_node-1] [INFO] [1776296924.489508377] [twist_controller]: configure successful
[wrist_camera_usb_publisher-8] [INFO] [1776296924.551892324] [wrist_camera_usb_publisher_node]: USB camera publisher heartbeat: publishing 1280x720 frames on /wrist_mounted_camera/image; camera_info fx=920.87, fy=921.57, cx=644.76, cy=343.15.
[spawner-19] [INFO] [1776296924.716016591] [spawner_fault_controller]: waiting for service /controller_manager/list_controllers to become available...
[INFO] [spawner-17]: process has finished cleanly [pid 91889]
[ros2_control_node-1] [WARN] [1776296924.791438214] [controller_manager]: Overrun might occur, Total time : 2604.277 us (Expected < 1000.000 us) --> Read time : 51.636 us, Update time : 145.382 us, Write time : 2407.259 us
[ros2_control_node-1] [WARN] [1776296924.791553788] [controller_manager]: Overrun detected! The controller manager missed its desired rate of 1000 Hz. The loop took 2.748552 ms (missed cycles : 3).
[vision_apriltag-9] [INFO] [1776296925.575159279] [vision_apriltag_node]: Vision AprilTag detection debug: no tags found after raw/CLAHE/sharp/adaptive/upscaled/tiled passes.
[vision_apriltag-9] [INFO] [1776296925.605282217] [vision_apriltag_node]: Vision AprilTag: images are arriving on /wrist_mounted_camera/image, but no AprilTags have been detected yet.
[ros2_control_node-1] [WARN] [1776296925.794824000] [controller_manager]: Overrun might occur, Total time : 2994.364 us (Expected < 1000.000 us) --> Read time : 43.133 us, Update time : 125.956 us, Write time : 2825.275 us
[ros2_control_node-1] [WARN] [1776296925.794892370] [controller_manager]: Overrun detected! The controller manager missed its desired rate of 1000 Hz. The loop took 3.086666 ms (missed cycles : 4).
[ros2_control_node-1] [INFO] [1776296925.815758439] [controller_manager]: Loading controller : 'fault_controller' of type 'picknik_reset_fault_controller/PicknikResetFaultController'
[ros2_control_node-1] [INFO] [1776296925.815807501] [controller_manager]: Loading controller 'fault_controller'
[ros2_control_node-1] [INFO] [1776296925.825079196] [controller_manager]: Controller 'fault_controller' node arguments: --ros-args --params-file /home/carrt-cse-project/workspace/ros2_kortex_ws/install/adl_tasks/share/adl_tasks/config/ros2_controllers_vbox.yaml --params-file /tmp/launch_params_63qqo1gc 
[spawner-19] [INFO] [1776296925.896513880] [spawner_fault_controller]: Loaded fault_controller
[ros2_control_node-1] [INFO] [1776296925.905338926] [controller_manager]: Configuring controller: 'fault_controller'
[ros2_control_node-1] [INFO] [1776296925.923949812] [controller_manager]: Activating controllers: [ fault_controller ]
[ros2_control_node-1] [INFO] [1776296926.135521066] [controller_manager]: Successfully switched controllers!
[ros2_control_node-1] [WARN] [1776296926.139218204] [controller_manager]: Overrun might occur, Total time : 10385.927 us (Expected < 1000.000 us) --> Read time : 42.673 us, Update time : 6104.395 us (Switch time : 5961.828 us (Switch chained mode time : 1.686 us, perform mode change time : 19.245 us, Activation time : 5927.302 us, Deactivation time : 0.869 us)), Write time : 4238.859 us
[scene_static-7] [WARN] [1776296926.144557913] [scene_static_node]: Planning scene service not available, waiting...
[spawner-19] [INFO] [1776296926.146279371] [spawner_fault_controller]: Configured and activated fault_controller
[INFO] [spawner-19]: process has finished cleanly [pid 91891]
[spawner-16] [INFO] [1776296926.747876935] [spawner_joint_trajectory_controller]: waiting for service /controller_manager/list_controllers to become available...
[ros2_control_node-1] [WARN] [1776296926.803871076] [controller_manager]: Overrun might occur, Total time : 11032.133 us (Expected < 1000.000 us) --> Read time : 55.616 us, Update time : 171.063 us, Write time : 10805.454 us
[ros2_control_node-1] [WARN] [1776296926.803951144] [controller_manager]: Overrun detected! The controller manager missed its desired rate of 1000 Hz. The loop took 11.144694 ms (missed cycles : 12).
[vision_apriltag-9] [INFO] [1776296927.552548323] [vision_apriltag_node]: Vision AprilTag: images are arriving on /wrist_mounted_camera/image, but no AprilTags have been detected yet.
[ros2_control_node-1] [WARN] [1776296927.806927277] [controller_manager]: Overrun might occur, Total time : 6089.062 us (Expected < 1000.000 us) --> Read time : 47.363 us, Update time : 146.143 us, Write time : 5895.556 us
[ros2_control_node-1] [WARN] [1776296927.807005197] [controller_manager]: Overrun detected! The controller manager missed its desired rate of 1000 Hz. The loop took 6.199878 ms (missed cycles : 7).
[scene_static-7] [WARN] [1776296928.150105499] [scene_static_node]: Planning scene service not available, waiting...
[joint_state_sanitizer-3] [WARN] [1776296928.173462439] [joint_state_sanitizer_node]: [joint_state_sanitizer] Published sanitized joint state: joint_3:+3.135->+3.132
[ros2_control_node-1] [INFO] [1776296928.715135510] [controller_manager]: Loading controller : 'joint_trajectory_controller' of type 'joint_trajectory_controller/JointTrajectoryController'
[ros2_control_node-1] [INFO] [1776296928.715173914] [controller_manager]: Loading controller 'joint_trajectory_controller'
[ros2_control_node-1] [INFO] [1776296928.732414278] [controller_manager]: Controller 'joint_trajectory_controller' node arguments: --ros-args --params-file /home/carrt-cse-project/workspace/ros2_kortex_ws/install/adl_tasks/share/adl_tasks/config/ros2_controllers_vbox.yaml --params-file /tmp/launch_params_63qqo1gc 
[ros2_control_node-1] [WARN] [1776296928.808061780] [controller_manager]: Overrun might occur, Total time : 2232.812 us (Expected < 1000.000 us) --> Read time : 48.444 us, Update time : 129.191 us, Write time : 2055.177 us
[ros2_control_node-1] [WARN] [1776296928.808122067] [controller_manager]: Overrun detected! The controller manager missed its desired rate of 1000 Hz. The loop took 2.316524 ms (missed cycles : 3).
[spawner-16] [INFO] [1776296928.860659548] [spawner_joint_trajectory_controller]: Loaded joint_trajectory_controller
[ros2_control_node-1] [INFO] [1776296928.876950468] [controller_manager]: Configuring controller: 'joint_trajectory_controller'
[ros2_control_node-1] [INFO] [1776296928.877739303] [joint_trajectory_controller]: No specific joint names are used for command interfaces. Using 'joints' parameter.
[ros2_control_node-1] [INFO] [1776296928.885432151] [joint_trajectory_controller]: Command interfaces are [position] and state interfaces are [position velocity].
[ros2_control_node-1] [INFO] [1776296928.885692351] [joint_trajectory_controller]: Using 'splines' interpolation method.
[ros2_control_node-1] [INFO] [1776296928.905990977] [joint_trajectory_controller]: Action status changes will be monitored at 10.00 Hz.
[ros2_control_node-1] [INFO] [1776296928.976506366] [controller_manager]: Activating controllers: [ joint_trajectory_controller ]
[ros2_control_node-1] [INFO] [1776296929.197870999] [controller_manager]: Successfully switched controllers!
[ros2_control_node-1] [WARN] [1776296929.203244388] [controller_manager]: Overrun might occur, Total time : 24410.967 us (Expected < 1000.000 us) --> Read time : 45.999 us, Update time : 18849.643 us (Switch time : 18707.446 us (Switch chained mode time : 4.534 us, perform mode change time : 17426.555 us, Activation time : 1262.743 us, Deactivation time : 1.246 us)), Write time : 5515.325 us
[spawner-16] [INFO] [1776296929.209942319] [spawner_joint_trajectory_controller]: Configured and activated joint_trajectory_controller
[vision_apriltag-9] [INFO] [1776296929.380864834] [vision_apriltag_node]: Vision AprilTag: images are arriving on /wrist_mounted_camera/image, but no AprilTags have been detected yet.
[INFO] [spawner-16]: process has finished cleanly [pid 91888]
[wrist_camera_usb_publisher-8] [INFO] [1776296929.652092111] [wrist_camera_usb_publisher_node]: USB camera publisher heartbeat: publishing 1280x720 frames on /wrist_mounted_camera/image; camera_info fx=920.87, fy=921.57, cx=644.76, cy=343.15.
[ros2_control_node-1] [WARN] [1776296929.808604665] [controller_manager]: Overrun might occur, Total time : 2778.125 us (Expected < 1000.000 us) --> Read time : 35.856 us, Update time : 239.175 us, Write time : 2503.094 us
[ros2_control_node-1] [WARN] [1776296929.808683971] [controller_manager]: Overrun detected! The controller manager missed its desired rate of 1000 Hz. The loop took 2.878610 ms (missed cycles : 3).
[scene_static-7] [WARN] [1776296930.162245567] [scene_static_node]: Planning scene service not available, waiting...
[ros2_control_node-1] [WARN] [1776296930.809469691] [controller_manager]: Overrun might occur, Total time : 2643.973 us (Expected < 1000.000 us) --> Read time : 35.847 us, Update time : 227.437 us, Write time : 2380.689 us
[ros2_control_node-1] [WARN] [1776296930.809541270] [controller_manager]: Overrun detected! The controller manager missed its desired rate of 1000 Hz. The loop took 2.735949 ms (missed cycles : 3).
[INFO] [move_group-20]: process started with pid [92011]
[INFO] [rviz2-21]: process started with pid [92012]
[move_group-20] [INFO] [1776296931.351770545] [move_group.moveit.moveit.ros.rdf_loader]: Loaded robot model in 0.0139331 seconds
[move_group-20] [INFO] [1776296931.351960069] [move_group.moveit.moveit.core.robot_model]: Loading robot model 'gen3'...
[move_group-20] [INFO] [1776296931.351985866] [move_group.moveit.moveit.core.robot_model]: No root/virtual joint specified in SRDF. Assuming fixed joint
[move_group-20] [INFO] [1776296931.563434733] [move_group.moveit.moveit.kinematics.kdl_kinematics_plugin]: Joint weights for group 'manipulator': 1 1 1 1 1 1 1
[vision_apriltag-9] [INFO] [1776296931.582746858] [vision_apriltag_node]: Vision AprilTag detection debug: no tags found after raw/CLAHE/sharp/adaptive/upscaled/tiled passes.
[rviz2-21] [INFO] [1776296931.782610431] [rviz2]: Stereo is NOT SUPPORTED
[rviz2-21] [INFO] [1776296931.782700709] [rviz2]: OpenGl version: 4.6 (GLSL 4.6)
[ros2_control_node-1] [WARN] [1776296931.821140346] [controller_manager]: Overrun might occur, Total time : 11308.068 us (Expected < 1000.000 us) --> Read time : 43.151 us, Update time : 290.420 us, Write time : 10974.497 us
[ros2_control_node-1] [WARN] [1776296931.821218610] [controller_manager]: Overrun detected! The controller manager missed its desired rate of 1000 Hz. The loop took 11.413251 ms (missed cycles : 12).
[rviz2-21] [INFO] [1776296931.844685184] [rviz2]: Stereo is NOT SUPPORTED
[move_group-20] [INFO] [1776296932.090963003] [move_group.moveit.moveit.ros.planning_scene_monitor]: Publishing maintained planning scene on 'monitored_planning_scene'
[move_group-20] [INFO] [1776296932.091161381] [move_group.moveit.moveit.ros.moveit_cpp]: Listening to 'joint_states' for joint states
[move_group-20] [INFO] [1776296932.093421707] [move_group.moveit.moveit.ros.current_state_monitor]: Listening to joint states on topic 'joint_states'
[move_group-20] [INFO] [1776296932.096406854] [move_group.moveit.moveit.ros.planning_scene_monitor]: Listening to '/attached_collision_object' for attached collision objects
[move_group-20] [INFO] [1776296932.096444259] [move_group.moveit.moveit.ros.planning_scene_monitor]: Stopping existing planning scene publisher.
[move_group-20] [INFO] [1776296932.096642312] [move_group.moveit.moveit.ros.planning_scene_monitor]: Stopped publishing maintained planning scene.
[move_group-20] [INFO] [1776296932.097095980] [move_group.moveit.moveit.ros.planning_scene_monitor]: Publishing maintained planning scene on 'monitored_planning_scene'
[move_group-20] [INFO] [1776296932.097194289] [move_group.moveit.moveit.ros.planning_scene_monitor]: Starting planning scene monitor
[move_group-20] [INFO] [1776296932.097563926] [move_group.moveit.moveit.ros.planning_scene_monitor]: Listening to '/planning_scene'
[move_group-20] [INFO] [1776296932.097581599] [move_group.moveit.moveit.ros.planning_scene_monitor]: Starting world geometry update monitor for collision objects, attached objects, octomap updates.
[rviz2-21] Warning: class_loader.impl: SEVERE WARNING!!! A namespace collision has occurred with plugin factory for class rviz_default_plugins::displays::InteractiveMarkerDisplay. New factory will OVERWRITE existing one. This situation occurs when libraries containing plugins are directly linked against an executable (the one running right now generating this message). Please separate plugins out into their own library or just don't link against the library and use either class_loader::ClassLoader/MultiLibraryClassLoader to open.
[rviz2-21]          at line 321 in /opt/ros/jazzy/include/class_loader/class_loader/class_loader_core.hpp
[rviz2-21] [WARN] [1776296932.101827566] [rcl.logging_rosout]: Publisher already registered for node name: 'rviz2_moveit'. If this is due to multiple nodes with the same name then all logs for the logger named 'rviz2_moveit' will go out over the existing publisher. As soon as any node with that name is destructed it will unregister the publisher, preventing any further logs for that name from being published on the rosout topic.
[move_group-20] [INFO] [1776296932.107444257] [move_group.moveit.moveit.ros.planning_scene_monitor]: Listening to 'collision_object'
[move_group-20] [INFO] [1776296932.108748577] [move_group.moveit.moveit.ros.planning_scene_monitor]: Listening to 'planning_scene_world' for planning scene world geometry
[move_group-20] [WARN] [1776296932.109761304] [move_group.moveit.moveit.ros.occupancy_map_monitor]: Resolution not specified for Octomap. Assuming resolution = 0.1 instead
[move_group-20] [ERROR] [1776296932.109808260] [move_group.moveit.moveit.ros.occupancy_map_monitor]: No 3D sensor plugin(s) defined for octomap updates
[vision_apriltag-9] [INFO] [1776296932.141287751] [vision_apriltag_node]: Vision AprilTag: images are arriving on /wrist_mounted_camera/image, but no AprilTags have been detected yet.
[scene_static-7] [WARN] [1776296932.170892905] [scene_static_node]: Planning scene service not available, waiting...
[ros2_control_node-1] [INFO] [1776296932.288444846] [controller_manager]: Received robot description from topic.
[ros2_control_node-1] [WARN] [1776296932.288491220] [controller_manager]: ResourceManager has already loaded a urdf. Ignoring attempt to reload a robot description.
[move_group-20] [INFO] [1776296932.611516032] [move_group.moveit.moveit.ros.planning_pipeline]: Successfully loaded planner 'OMPL'
[move_group-20] [INFO] [1776296932.622913554] [move_group]: Try loading adapter 'default_planning_request_adapters/ResolveConstraintFrames'
[move_group-20] [INFO] [1776296932.624800993] [move_group]: Loaded adapter 'default_planning_request_adapters/ResolveConstraintFrames'
[move_group-20] [INFO] [1776296932.624835960] [move_group]: Try loading adapter 'default_planning_request_adapters/ValidateWorkspaceBounds'
[move_group-20] [INFO] [1776296932.628281258] [move_group]: Loaded adapter 'default_planning_request_adapters/ValidateWorkspaceBounds'
[move_group-20] [INFO] [1776296932.628318000] [move_group]: Try loading adapter 'default_planning_request_adapters/CheckStartStateBounds'
[move_group-20] [INFO] [1776296932.628362828] [move_group]: Loaded adapter 'default_planning_request_adapters/CheckStartStateBounds'
[move_group-20] [INFO] [1776296932.628371470] [move_group]: Try loading adapter 'default_planning_request_adapters/CheckStartStateCollision'
[move_group-20] [INFO] [1776296932.628390771] [move_group]: Loaded adapter 'default_planning_request_adapters/CheckStartStateCollision'
[move_group-20] [INFO] [1776296932.635557001] [move_group]: Try loading adapter 'default_planning_response_adapters/AddTimeOptimalParameterization'
[move_group-20] [INFO] [1776296932.649123471] [move_group]: Loaded adapter 'default_planning_response_adapters/AddTimeOptimalParameterization'
[move_group-20] [INFO] [1776296932.649170949] [move_group]: Try loading adapter 'default_planning_response_adapters/ValidateSolution'
[move_group-20] [INFO] [1776296932.658027326] [move_group]: Loaded adapter 'default_planning_response_adapters/ValidateSolution'
[move_group-20] [INFO] [1776296932.658086344] [move_group]: Try loading adapter 'default_planning_response_adapters/DisplayMotionPath'
[move_group-20] [INFO] [1776296932.659402977] [move_group]: Loaded adapter 'default_planning_response_adapters/DisplayMotionPath'
[move_group-20] [INFO] [1776296932.766720398] [move_group.moveit.moveit.plugins.simple_controller_manager]: Added FollowJointTrajectory controller for joint_trajectory_controller
[move_group-20] [INFO] [1776296932.766826116] [move_group.moveit.moveit.plugins.simple_controller_manager]: robotiq_gripper_controller will command a max effort of: 0
[move_group-20] [INFO] [1776296932.771893826] [move_group.moveit.moveit.plugins.simple_controller_manager]: Added GripperCommand controller for robotiq_gripper_controller
[move_group-20] [INFO] [1776296932.772193002] [move_group.moveit.moveit.plugins.simple_controller_manager]: Returned 2 controllers in list
[move_group-20] [INFO] [1776296932.772248418] [move_group.moveit.moveit.plugins.simple_controller_manager]: Returned 2 controllers in list
[move_group-20] [INFO] [1776296932.772921122] [move_group.moveit.moveit.ros.trajectory_execution_manager]: Trajectory execution is managing controllers
[move_group-20] [INFO] [1776296932.772952769] [move_group]: MoveGroup debug mode is ON
[move_group-20] [INFO] [1776296932.821958342] [move_group.moveit.moveit.ros.move_group.executable]: 
[move_group-20] 
[move_group-20] ********************************************************
[move_group-20] * MoveGroup using: 
[move_group-20] *     - apply_planning_scene_service
[move_group-20] *     - clear_octomap_service
[move_group-20] *     - get_group_urdf
[move_group-20] *     - load_geometry_from_file
[move_group-20] *     - CartesianPathService
[move_group-20] *     - execute_trajectory_action
[move_group-20] *     - get_planning_scene_service
[move_group-20] *     - kinematics_service
[move_group-20] *     - move_action
[move_group-20] *     - motion_plan_service
[move_group-20] *     - query_planners_service
[move_group-20] *     - state_validation_service
[move_group-20] *     - save_geometry_to_file
[move_group-20] ********************************************************
[move_group-20] 
[move_group-20] [INFO] [1776296932.822041155] [move_group.moveit.moveit.ros.move_group.context]: MoveGroup context using pipeline ompl
[move_group-20] [INFO] [1776296932.822061414] [move_group.moveit.moveit.ros.move_group.context]: MoveGroup context initialization complete
[move_group-20] [96mLoading 'move_group/ApplyPlanningSceneService'...[0m
[move_group-20] [96mLoading 'move_group/ClearOctomapService'...[0m
[move_group-20] [96mLoading 'move_group/GetUrdfService'...[0m
[move_group-20] [96mLoading 'move_group/LoadGeometryFromFileService'...[0m
[move_group-20] [96mLoading 'move_group/MoveGroupCartesianPathService'...[0m
[move_group-20] [96mLoading 'move_group/MoveGroupExecuteTrajectoryAction'...[0m
[move_group-20] [96mLoading 'move_group/MoveGroupGetPlanningSceneService'...[0m
[move_group-20] [96mLoading 'move_group/MoveGroupKinematicsService'...[0m
[move_group-20] [96mLoading 'move_group/MoveGroupMoveAction'...[0m
[move_group-20] [96mLoading 'move_group/MoveGroupPlanService'...[0m
[move_group-20] [96mLoading 'move_group/MoveGroupQueryPlannersService'...[0m
[move_group-20] [96mLoading 'move_group/MoveGroupStateValidationService'...[0m
[move_group-20] [96mLoading 'move_group/SaveGeometryToFileService'...[0m
[move_group-20] 
[move_group-20] [92mYou can start planning now![0m
[move_group-20] 
[ros2_control_node-1] [WARN] [1776296932.822410135] [controller_manager]: Overrun might occur, Total time : 4575.128 us (Expected < 1000.000 us) --> Read time : 54.026 us, Update time : 264.573 us, Write time : 4256.529 us
[ros2_control_node-1] [WARN] [1776296932.822465806] [controller_manager]: Overrun detected! The controller manager missed its desired rate of 1000 Hz. The loop took 4.660510 ms (missed cycles : 5).
[joint_state_sanitizer-3] [WARN] [1776296933.177626734] [joint_state_sanitizer_node]: [joint_state_sanitizer] Published sanitized joint state: joint_3:+3.135->+3.132
[scene_static-7] [INFO] [1776296933.427019878] [scene_static_node]: Planning scene service available. Building static scene...
[vision_apriltag-9] [INFO] [1776296933.500692615] [vision_apriltag_node]: Vision AprilTag: images are arriving on /wrist_mounted_camera/image, but no AprilTags have been detected yet.
[ros2_control_node-1] [WARN] [1776296933.822697456] [controller_manager]: Overrun might occur, Total time : 2866.838 us (Expected < 1000.000 us) --> Read time : 40.619 us, Update time : 256.286 us, Write time : 2569.933 us
[ros2_control_node-1] [WARN] [1776296933.822770608] [controller_manager]: Overrun detected! The controller manager missed its desired rate of 1000 Hz. The loop took 2.964991 ms (missed cycles : 3).
[scene_static-7] [INFO] [1776296934.251133020] [scene_static_node]: Static scene built: 21 objects added to MoveIt planning scene.
[wrist_camera_usb_publisher-8] [INFO] [1776296934.753894657] [wrist_camera_usb_publisher_node]: USB camera publisher heartbeat: publishing 1280x720 frames on /wrist_mounted_camera/image; camera_info fx=920.87, fy=921.57, cx=644.76, cy=343.15.
[ros2_control_node-1] [WARN] [1776296934.823368939] [controller_manager]: Overrun might occur, Total time : 2533.882 us (Expected < 1000.000 us) --> Read time : 54.224 us, Update time : 233.036 us, Write time : 2246.622 us
[ros2_control_node-1] [WARN] [1776296934.823461173] [controller_manager]: Overrun detected! The controller manager missed its desired rate of 1000 Hz. The loop took 2.655186 ms (missed cycles : 3).
[vision_apriltag-9] [INFO] [1776296934.956174562] [vision_apriltag_node]: Vision AprilTag: images are arriving on /wrist_mounted_camera/image, but no AprilTags have been detected yet.
[rviz2-21] [ERROR] [1776296935.244330054] [rviz2_moveit.moveit.ros.motion_planning_frame]: Action server: /recognize_objects not available
[rviz2-21] [INFO] [1776296935.338390420] [rviz2_moveit.moveit.ros.motion_planning_frame]: MoveGroup namespace changed: / -> . Reloading params.
[rviz2-21] [INFO] [1776296935.443882440] [rviz2_moveit.moveit.ros.rdf_loader]: Loaded robot model in 0.0459623 seconds
[rviz2-21] [INFO] [1776296935.443983865] [rviz2_moveit.moveit.core.robot_model]: Loading robot model 'gen3'...
[rviz2-21] [INFO] [1776296935.444012453] [rviz2_moveit.moveit.core.robot_model]: No root/virtual joint specified in SRDF. Assuming fixed joint
[rviz2-21] [INFO] [1776296935.686727422] [rviz2_moveit.moveit.kinematics.kdl_kinematics_plugin]: Joint weights for group 'manipulator': 1 1 1 1 1 1 1
[ros2_control_node-1] [WARN] [1776296935.826945678] [controller_manager]: Overrun might occur, Total time : 4112.174 us (Expected < 1000.000 us) --> Read time : 41.422 us, Update time : 236.314 us, Write time : 3834.438 us
[ros2_control_node-1] [WARN] [1776296935.827031222] [controller_manager]: Overrun detected! The controller manager missed its desired rate of 1000 Hz. The loop took 4.225168 ms (missed cycles : 5).
[rviz2-21] [INFO] [1776296936.113468547] [rviz2_moveit.moveit.ros.planning_scene_monitor]: Starting planning scene monitor
[rviz2-21] [INFO] [1776296936.116871642] [rviz2_moveit.moveit.ros.planning_scene_monitor]: Listening to '/monitored_planning_scene'
[rviz2-21] [INFO] [1776296936.553368389] [interactive_marker_display_94678510790496]: Connected on namespace: /rviz_moveit_motion_planning_display/robot_interaction_interactive_marker_topic
[rviz2-21] [INFO] [1776296936.562301408] [rviz2_moveit.moveit.ros.robot_interaction]: No active joints or end effectors found for group 'gripper'. Make sure that kinematics.yaml is loaded in this node's namespace.
[rviz2-21] [INFO] [1776296936.564159832] [rviz2_moveit.moveit.ros.robot_interaction]: No active joints or end effectors found for group 'gripper'. Make sure that kinematics.yaml is loaded in this node's namespace.
[rviz2-21] [INFO] [1776296936.582646985] [rviz2_moveit.moveit.ros.motion_planning_frame]: group gripper
[rviz2-21] [INFO] [1776296936.582702722] [rviz2_moveit.moveit.ros.motion_planning_frame]: Constructing new MoveGroup connection for group 'gripper' in namespace ''
[rviz2-21] [INFO] [1776296936.621684942] [interactive_marker_display_94678510790496]: Sending request for interactive markers
[rviz2-21] [INFO] [1776296936.665138960] [rviz2_moveit.moveit.ros.move_group_interface]: Ready to take commands for planning group gripper.
[rviz2-21] [INFO] [1776296936.665348921] [interactive_marker_display_94678510790496]: Service response received for initialization
[rviz2-21] [INFO] [1776296936.667807601] [rviz2_moveit.moveit.ros.motion_planning_frame]: group gripper
[ros2_control_node-1] [WARN] [1776296936.829651867] [controller_manager]: Overrun might occur, Total time : 2803.844 us (Expected < 1000.000 us) --> Read time : 53.460 us, Update time : 262.239 us, Write time : 2488.145 us
[ros2_control_node-1] [WARN] [1776296936.829752198] [controller_manager]: Overrun detected! The controller manager missed its desired rate of 1000 Hz. The loop took 2.945900 ms (missed cycles : 3).
[vision_apriltag-9] [INFO] [1776296936.868354523] [vision_apriltag_node]: Vision AprilTag detection debug: no tags found after raw/CLAHE/sharp/adaptive/upscaled/tiled passes.
[vision_apriltag-9] [INFO] [1776296937.025902675] [vision_apriltag_node]: Vision AprilTag: images are arriving on /wrist_mounted_camera/image, but no AprilTags have been detected yet.
[ros2_control_node-1] [WARN] [1776296937.833159757] [controller_manager]: Overrun might occur, Total time : 3326.626 us (Expected < 1000.000 us) --> Read time : 43.487 us, Update time : 227.521 us, Write time : 3055.618 us
[ros2_control_node-1] [WARN] [1776296937.833251169] [controller_manager]: Overrun detected! The controller manager missed its desired rate of 1000 Hz. The loop took 3.445689 ms (missed cycles : 4).
[joint_state_sanitizer-3] [WARN] [1776296938.180093877] [joint_state_sanitizer_node]: [joint_state_sanitizer] Published sanitized joint state: joint_3:+3.135->+3.132
[ros2_control_node-1] [WARN] [1776296938.836879530] [controller_manager]: Overrun might occur, Total time : 4050.442 us (Expected < 1000.000 us) --> Read time : 41.279 us, Update time : 235.417 us, Write time : 3773.746 us
[ros2_control_node-1] [WARN] [1776296938.836981763] [controller_manager]: Overrun detected! The controller manager missed its desired rate of 1000 Hz. The loop took 4.176428 ms (missed cycles : 5).
[vision_apriltag-9] [INFO] [1776296939.163237248] [vision_apriltag_node]: Vision AprilTag: images are arriving on /wrist_mounted_camera/image, but no AprilTags have been detected yet.
[wrist_camera_usb_publisher-8] [INFO] [1776296939.750416982] [wrist_camera_usb_publisher_node]: USB camera publisher heartbeat: publishing 1280x720 frames on /wrist_mounted_camera/image; camera_info fx=920.87, fy=921.57, cx=644.76, cy=343.15.
[ros2_control_node-1] [WARN] [1776296939.841929652] [controller_manager]: Overrun might occur, Total time : 5095.975 us (Expected < 1000.000 us) --> Read time : 54.773 us, Update time : 264.949 us, Write time : 4776.253 us
[ros2_control_node-1] [WARN] [1776296939.842013305] [controller_manager]: Overrun detected! The controller manager missed its desired rate of 1000 Hz. The loop took 5.207664 ms (missed cycles : 6).
[ros2_control_node-1] [WARN] [1776296940.843644812] [controller_manager]: Overrun might occur, Total time : 2807.111 us (Expected < 1000.000 us) --> Read time : 34.595 us, Update time : 210.979 us, Write time : 2561.537 us
[ros2_control_node-1] [WARN] [1776296940.843773153] [controller_manager]: Overrun detected! The controller manager missed its desired rate of 1000 Hz. The loop took 2.966760 ms (missed cycles : 3).
[vision_apriltag-9] [INFO] [1776296940.877628840] [vision_apriltag_node]: Vision AprilTag: images are arriving on /wrist_mounted_camera/image, but no AprilTags have been detected yet.
[ros2_control_node-1] [WARN] [1776296941.846085362] [controller_manager]: Overrun might occur, Total time : 3253.875 us (Expected < 1000.000 us) --> Read time : 43.274 us, Update time : 292.223 us, Write time : 2918.378 us
[ros2_control_node-1] [WARN] [1776296941.846179334] [controller_manager]: Overrun detected! The controller manager missed its desired rate of 1000 Hz. The loop took 3.373688 ms (missed cycles : 4).
[vision_apriltag-9] [INFO] [1776296942.185605016] [vision_apriltag_node]: Vision AprilTag detection debug: no tags found after raw/CLAHE/sharp/adaptive/upscaled/tiled passes.
[ros2_control_node-1] [WARN] [1776296942.848119606] [controller_manager]: Overrun might occur, Total time : 4267.955 us (Expected < 1000.000 us) --> Read time : 35.092 us, Update time : 212.198 us, Write time : 4020.665 us
[ros2_control_node-1] [WARN] [1776296942.848380391] [controller_manager]: Overrun detected! The controller manager missed its desired rate of 1000 Hz. The loop took 4.571498 ms (missed cycles : 5).
[joint_state_sanitizer-3] [WARN] [1776296943.182110173] [joint_state_sanitizer_node]: [joint_state_sanitizer] Published sanitized joint state: joint_3:+3.135->+3.132
[vision_apriltag-9] [INFO] [1776296943.809318014] [vision_apriltag_node]: Vision AprilTag: images are arriving on /wrist_mounted_camera/image, but no AprilTags have been detected yet.
[ros2_control_node-1] [WARN] [1776296943.851151249] [controller_manager]: Overrun might occur, Total time : 3297.706 us (Expected < 1000.000 us) --> Read time : 98.835 us, Update time : 448.766 us, Write time : 2750.105 us
[ros2_control_node-1] [WARN] [1776296943.851243997] [controller_manager]: Overrun detected! The controller manager missed its desired rate of 1000 Hz. The loop took 3.438470 ms (missed cycles : 4).
[wrist_camera_usb_publisher-8] [INFO] [1776296944.754977371] [wrist_camera_usb_publisher_node]: USB camera publisher heartbeat: publishing 1280x720 frames on /wrist_mounted_camera/image; camera_info fx=920.87, fy=921.57, cx=644.76, cy=343.15.
[ros2_control_node-1] [WARN] [1776296944.854590335] [controller_manager]: Overrun might occur, Total time : 4746.150 us (Expected < 1000.000 us) --> Read time : 79.553 us, Update time : 366.262 us, Write time : 4300.335 us
[ros2_control_node-1] [WARN] [1776296944.854751506] [controller_manager]: Overrun detected! The controller manager missed its desired rate of 1000 Hz. The loop took 4.943129 ms (missed cycles : 5).
[vision_apriltag-9] [INFO] [1776296945.076465158] [vision_apriltag_node]: Vision AprilTag: images are arriving on /wrist_mounted_camera/image, but no AprilTags have been detected yet.
[ros2_control_node-1] [WARN] [1776296945.859875428] [controller_manager]: Overrun might occur, Total time : 6041.033 us (Expected < 1000.000 us) --> Read time : 46.572 us, Update time : 259.004 us, Write time : 5735.457 us
[ros2_control_node-1] [WARN] [1776296945.859965049] [controller_manager]: Overrun detected! The controller manager missed its desired rate of 1000 Hz. The loop took 6.159614 ms (missed cycles : 7).
[ros2_control_node-1] [WARN] [1776296946.861966424] [controller_manager]: Overrun might occur, Total time : 4136.660 us (Expected < 1000.000 us) --> Read time : 34.195 us, Update time : 234.040 us, Write time : 3868.425 us
[ros2_control_node-1] [WARN] [1776296946.862063141] [controller_manager]: Overrun detected! The controller manager missed its desired rate of 1000 Hz. The loop took 4.257395 ms (missed cycles : 5).
[vision_apriltag-9] [INFO] [1776296946.954763836] [vision_apriltag_node]: Vision AprilTag: images are arriving on /wrist_mounted_camera/image, but no AprilTags have been detected yet.
[ros2_control_node-1] [WARN] [1776296947.863549613] [controller_manager]: Overrun might occur, Total time : 2713.650 us (Expected < 1000.000 us) --> Read time : 50.248 us, Update time : 245.092 us, Write time : 2418.310 us
[ros2_control_node-1] [WARN] [1776296947.863654377] [controller_manager]: Overrun detected! The controller manager missed its desired rate of 1000 Hz. The loop took 2.847833 ms (missed cycles : 3).
[joint_state_sanitizer-3] [WARN] [1776296948.188758505] [joint_state_sanitizer_node]: [joint_state_sanitizer] Published sanitized joint state: joint_3:+3.135->+3.132
[vision_apriltag-9] [INFO] [1776296948.283567628] [vision_apriltag_node]: Vision AprilTag detection debug: no tags found after raw/CLAHE/sharp/adaptive/upscaled/tiled passes.
[ros2_control_node-1] [WARN] [1776296948.867444517] [controller_manager]: Overrun might occur, Total time : 5616.356 us (Expected < 1000.000 us) --> Read time : 39.793 us, Update time : 195.508 us, Write time : 5381.055 us
[ros2_control_node-1] [WARN] [1776296948.867533267] [controller_manager]: Overrun detected! The controller manager missed its desired rate of 1000 Hz. The loop took 5.727474 ms (missed cycles : 6).
[wrist_camera_usb_publisher-8] [INFO] [1776296949.761830193] [wrist_camera_usb_publisher_node]: USB camera publisher heartbeat: publishing 1280x720 frames on /wrist_mounted_camera/image; camera_info fx=920.87, fy=921.57, cx=644.76, cy=343.15.
[ros2_control_node-1] [WARN] [1776296949.868029242] [controller_manager]: Overrun might occur, Total time : 3196.845 us (Expected < 1000.000 us) --> Read time : 48.628 us, Update time : 276.783 us, Write time : 2871.434 us
[ros2_control_node-1] [WARN] [1776296949.868096269] [controller_manager]: Overrun detected! The controller manager missed its desired rate of 1000 Hz. The loop took 3.291121 ms (missed cycles : 4).
[vision_apriltag-9] [INFO] [1776296950.379212740] [vision_apriltag_node]: Vision AprilTag: images are arriving on /wrist_mounted_camera/image, but no AprilTags have been detected yet.
[ros2_control_node-1] [WARN] [1776296950.869546187] [controller_manager]: Overrun might occur, Total time : 2717.106 us (Expected < 1000.000 us) --> Read time : 42.235 us, Update time : 193.490 us, Write time : 2481.381 us
[ros2_control_node-1] [WARN] [1776296950.869623873] [controller_manager]: Overrun detected! The controller manager missed its desired rate of 1000 Hz. The loop took 2.817987 ms (missed cycles : 3).
[vision_apriltag-9] [INFO] [1776296951.351060176] [vision_apriltag_node]: Vision AprilTag: images are arriving on /wrist_mounted_camera/image, but no AprilTags have been detected yet.
[ros2_control_node-1] [WARN] [1776296951.873477260] [controller_manager]: Overrun might occur, Total time : 4634.158 us (Expected < 1000.000 us) --> Read time : 72.578 us, Update time : 338.391 us, Write time : 4223.189 us
[ros2_control_node-1] [WARN] [1776296951.873630724] [controller_manager]: Overrun detected! The controller manager missed its desired rate of 1000 Hz. The loop took 4.825084 ms (missed cycles : 5).
[vision_apriltag-9] [INFO] [1776296952.641534047] [vision_apriltag_node]: Vision AprilTag: images are arriving on /wrist_mounted_camera/image, but no AprilTags have been detected yet.
[ros2_control_node-1] [WARN] [1776296952.883197771] [controller_manager]: Overrun might occur, Total time : 10368.342 us (Expected < 1000.000 us) --> Read time : 49.075 us, Update time : 325.373 us, Write time : 9993.894 us
[ros2_control_node-1] [WARN] [1776296952.883275472] [controller_manager]: Overrun detected! The controller manager missed its desired rate of 1000 Hz. The loop took 10.470371 ms (missed cycles : 11).
[joint_state_sanitizer-3] [WARN] [1776296953.185555134] [joint_state_sanitizer_node]: [joint_state_sanitizer] Published sanitized joint state: joint_3:+3.135->+3.132
[ros2_control_node-1] [WARN] [1776296953.888149925] [controller_manager]: Overrun might occur, Total time : 4307.211 us (Expected < 1000.000 us) --> Read time : 61.225 us, Update time : 291.577 us, Write time : 3954.409 us
[ros2_control_node-1] [WARN] [1776296953.888236916] [controller_manager]: Overrun detected! The controller manager missed its desired rate of 1000 Hz. The loop took 4.431354 ms (missed cycles : 5).
[wrist_camera_usb_publisher-8] [INFO] [1776296954.869809829] [wrist_camera_usb_publisher_node]: USB camera publisher heartbeat: publishing 1280x720 frames on /wrist_mounted_camera/image; camera_info fx=920.87, fy=921.57, cx=644.76, cy=343.15.
[ros2_control_node-1] [WARN] [1776296954.901298105] [controller_manager]: Overrun might occur, Total time : 16459.319 us (Expected < 1000.000 us) --> Read time : 61.007 us, Update time : 365.288 us, Write time : 16033.024 us
[ros2_control_node-1] [WARN] [1776296954.901375050] [controller_manager]: Overrun detected! The controller manager missed its desired rate of 1000 Hz. The loop took 16.569706 ms (missed cycles : 17).
[ros2_control_node-1] [WARN] [1776296955.901596510] [controller_manager]: Overrun might occur, Total time : 3739.148 us (Expected < 1000.000 us) --> Read time : 72.127 us, Update time : 438.819 us, Write time : 3228.202 us
[ros2_control_node-1] [WARN] [1776296955.901741145] [controller_manager]: Overrun detected! The controller manager missed its desired rate of 1000 Hz. The loop took 3.934807 ms (missed cycles : 4).
[vision_apriltag-9] [INFO] [1776296955.998146552] [vision_apriltag_node]: Vision AprilTag detection debug: no tags found after raw/CLAHE/sharp/adaptive/upscaled/tiled passes.
[vision_apriltag-9] [INFO] [1776296956.235435028] [vision_apriltag_node]: Vision AprilTag: images are arriving on /wrist_mounted_camera/image, but no AprilTags have been detected yet.
[ros2_control_node-1] [WARN] [1776296956.903275504] [controller_manager]: Overrun might occur, Total time : 2447.361 us (Expected < 1000.000 us) --> Read time : 46.823 us, Update time : 251.528 us, Write time : 2149.010 us
[ros2_control_node-1] [WARN] [1776296956.903338951] [controller_manager]: Overrun detected! The controller manager missed its desired rate of 1000 Hz. The loop took 2.533581 ms (missed cycles : 3).
[rviz2-21] [INFO] [1776296957.327144259] [rviz2_moveit.moveit.ros.planning_scene_monitor]: Stopping planning scene monitor
[INFO] [rviz2-21]: process has finished cleanly [pid 92012]
[ros2_control_node-1] [WARN] [1776296957.905946364] [controller_manager]: Overrun might occur, Total time : 3115.882 us (Expected < 1000.000 us) --> Read time : 38.506 us, Update time : 256.733 us, Write time : 2820.643 us
[ros2_control_node-1] [WARN] [1776296957.906004680] [controller_manager]: Overrun detected! The controller manager missed its desired rate of 1000 Hz. The loop took 3.199848 ms (missed cycles : 4).
[vision_apriltag-9] [INFO] [1776296957.968751523] [vision_apriltag_node]: Vision AprilTag: images are arriving on /wrist_mounted_camera/image, but no AprilTags have been detected yet.
[joint_state_sanitizer-3] [WARN] [1776296958.187305765] [joint_state_sanitizer_node]: [joint_state_sanitizer] Published sanitized joint state: joint_3:+3.135->+3.132
