
===== 2026-04-07T20:38:52-04:00 | T4_apriltag_vision =====
cwd=/home/carrt-cse-project/workspace/ros2_kortex_ws
cmd=ros2 run adl_tasks vision_apriltag --ros-args -p detector_backend:=opencv -p opencv_pose_solver:=ippe_square -p tag_size_m:=0.025 -p tag_sizes_m_by_id:=0:0.020 -p use_tuned_aruco_parameters:=false -p preprocess_variants:=raw\,clahe\,adaptive\,clahe_sharp\,clahe_up2\,sharp_up2\,clahe_up3\,sharp_up3 -p tile_search_if_empty:=true -p tile_search_grid_x:=4 -p tile_search_grid_y:=3 -p tile_search_scale:=3.0 

[INFO] [1775608734.521877562] [vision_apriltag_node]: Vision AprilTag Node Started
[INFO] [1775608734.523361381] [vision_apriltag_node]: Subscribing to camera topic: /wrist_mounted_camera/image
[INFO] [1775608734.524718374] [vision_apriltag_node]: Subscribing to camera info topic: /wrist_mounted_camera/camera_info
[INFO] [1775608734.525956764] [vision_apriltag_node]: Camera frame: wrist_mounted_camera_color_optical_frame | use_image_header_frame=True
[INFO] [1775608734.528639169] [vision_apriltag_node]: Tag size: 0.025m | pose_cache_retention_s=20.0 | get_pose_wait_timeout_s=5.0 | max_returned_pose_age_s=20.0 | camera_params=[554.25, 554.25, 320.0, 240.0] | families=tag36h11 | quad_decimate=1.0 | requested_backend=opencv | backend=cv2.aruco | opencv_pose_solver=ippe_square | use_image_timestamp_for_tf=False
[INFO] [1775608734.530331682] [vision_apriltag_node]: Top-tag known-plane projection: enabled=True, planes={3: 0.10995, 4: 0.14505}
[INFO] [1775608734.531972315] [vision_apriltag_node]: Tag-specific size overrides active: {0: 0.02}. These are applied to OpenCV PnP pose estimation.
[INFO] [1775608734.533975197] [vision_apriltag_node]: pupil_apriltags tuning: nthreads=1, quad_sigma=0.0, refine_edges=1, decode_sharpening=0.25, debug=0, preprocess_variants=['raw', 'clahe', 'adaptive', 'clahe_sharp', 'clahe_up2', 'sharp_up2', 'clahe_up3', 'sharp_up3'], tile_search_if_empty=True, tile_search_grid=4x3, tile_search_scale=3.0, tile_search_overlap=0.25
[WARN] [1775608734.535527672] [vision_apriltag_node]: pupil_apriltags is not importable by this node, so detection is using OpenCV fallback only. python=/usr/bin/python3, import_error=No module named 'pupil_apriltags'. If .venv contains pupil_apriltags, rebuild adl_tasks with that venv active or run the module with the venv Python.
[INFO] [1775608734.537963940] [vision_apriltag_node]: Publishing AprilTag debug images on /vision_apriltag/debug_image at up to 1.0 Hz.
[INFO] [1775608734.756345684] [vision_apriltag_node]: Vision AprilTag camera model updated from CameraInfo: size=1280x720, fx=920.87, fy=921.57, cx=644.76, cy=343.15, d=[0.0, 0.0, 0.0, 0.0, 0.0]
[INFO] [1775608735.882277453] [vision_apriltag_node]: Vision AprilTag detection debug: 4:cv2.solvePnP_ippe_square:adaptive@(286,303)
[INFO] [1775608735.889481338] [vision_apriltag_node]: Vision AprilTag visible IDs: [4]
[INFO] [1775608741.871504150] [vision_apriltag_node]: Vision AprilTag detection debug: 4:cv2.solvePnP_ippe_square:adaptive@(286,303)
[INFO] [1775608744.878483053] [vision_apriltag_node]: Service: Tag 4 found and base-frame pose returned.
[INFO] [1775608747.120220879] [vision_apriltag_node]: Vision AprilTag detection debug: 4:cv2.solvePnP_ippe_square:clahe@(286,303)
[INFO] [1775608751.775892634] [vision_apriltag_node]: Service: Tag 4 found and base-frame pose returned.
[INFO] [1775608751.829647642] [vision_apriltag_node]: Service: Tag 4 found and base-frame pose returned.
[INFO] [1775608751.877305425] [vision_apriltag_node]: Service: Tag 4 found and base-frame pose returned.
[INFO] [1775608751.931247917] [vision_apriltag_node]: Service: Tag 4 found and base-frame pose returned.
[INFO] [1775608752.038748132] [vision_apriltag_node]: Service: Tag 4 found and base-frame pose returned.
[INFO] [1775608752.139433101] [vision_apriltag_node]: Service: Tag 4 found and base-frame pose returned.
[INFO] [1775608752.242095002] [vision_apriltag_node]: Service: Tag 4 found and base-frame pose returned.
[INFO] [1775608752.344217509] [vision_apriltag_node]: Service: Tag 4 found and base-frame pose returned.
[INFO] [1775608752.491171355] [vision_apriltag_node]: Vision AprilTag detection debug: 4:cv2.solvePnP_ippe_square:adaptive@(286,303)
[INFO] [1775608752.493633564] [vision_apriltag_node]: Service: Tag 4 found and base-frame pose returned.
[INFO] [1775608752.547793385] [vision_apriltag_node]: Service: Tag 4 found and base-frame pose returned.
[INFO] [1775608753.187099369] [vision_apriltag_node]: Service: Tag 4 found and base-frame pose returned.
[INFO] [1775608753.270364180] [vision_apriltag_node]: Service: Tag 4 found and base-frame pose returned.
[INFO] [1775608753.354441439] [vision_apriltag_node]: Service: Tag 4 found and base-frame pose returned.
[INFO] [1775608753.457091362] [vision_apriltag_node]: Service: Tag 4 found and base-frame pose returned.
[INFO] [1775608753.569112602] [vision_apriltag_node]: Service: Tag 4 found and base-frame pose returned.
[INFO] [1775608753.658542259] [vision_apriltag_node]: Service: Tag 4 found and base-frame pose returned.
[INFO] [1775608753.759052289] [vision_apriltag_node]: Service: Tag 4 found and base-frame pose returned.
[INFO] [1775608753.861375242] [vision_apriltag_node]: Service: Tag 4 found and base-frame pose returned.
[INFO] [1775608753.876908194] [vision_apriltag_node]: Service: Tag 4 found and base-frame pose returned.
[INFO] [1775608753.964811634] [vision_apriltag_node]: Service: Tag 4 found and base-frame pose returned.
[INFO] [1775608754.075093400] [vision_apriltag_node]: Service: Tag 4 found and base-frame pose returned.
[INFO] [1775608754.175141449] [vision_apriltag_node]: Service: Tag 4 found and base-frame pose returned.
[INFO] [1775608754.747270717] [vision_apriltag_node]: Service: Tag 4 found and base-frame pose returned.
[INFO] [1775608755.037332828] [vision_apriltag_node]: Service: Tag 4 found and base-frame pose returned.
[INFO] [1775608755.819617072] [vision_apriltag_node]: Service: Tag 4 found and base-frame pose returned.
[INFO] [1775608756.135441257] [vision_apriltag_node]: Service: Tag 4 found and base-frame pose returned.
[INFO] [1775608756.906177646] [vision_apriltag_node]: Service: Tag 4 found and base-frame pose returned.
[INFO] [1775608757.281542113] [vision_apriltag_node]: Service: Tag 4 found and base-frame pose returned.
[INFO] [1775608758.068818448] [vision_apriltag_node]: Vision AprilTag detection debug: 4:cv2.solvePnP_ippe_square:clahe@(286,303)
[INFO] [1775608758.073048786] [vision_apriltag_node]: Service: Tag 4 found and base-frame pose returned.
[INFO] [1775608758.783091325] [vision_apriltag_node]: Service: Tag 4 found and base-frame pose returned.
[INFO] [1775608759.022344037] [vision_apriltag_node]: Service: Tag 4 found and base-frame pose returned.
[INFO] [1775608759.038098923] [vision_apriltag_node]: Service: Tag 4 found and base-frame pose returned.
[INFO] [1775608759.137895067] [vision_apriltag_node]: Service: Tag 4 found and base-frame pose returned.
[INFO] [1775608759.239178882] [vision_apriltag_node]: Service: Tag 4 found and base-frame pose returned.
[INFO] [1775608759.341847946] [vision_apriltag_node]: Service: Tag 4 found and base-frame pose returned.
[INFO] [1775608759.465589258] [vision_apriltag_node]: Service: Tag 4 found and base-frame pose returned.
[INFO] [1775608759.541336280] [vision_apriltag_node]: Service: Tag 4 found and base-frame pose returned.
[INFO] [1775608759.655919729] [vision_apriltag_node]: Service: Tag 4 found and base-frame pose returned.
[INFO] [1775608760.247196437] [vision_apriltag_node]: Service: Tag 4 found and base-frame pose returned.
[INFO] [1775608760.496469303] [vision_apriltag_node]: Service: Tag 4 found and base-frame pose returned.
[INFO] [1775608760.583402538] [vision_apriltag_node]: Service: Tag 4 found and base-frame pose returned.
[INFO] [1775608760.666021403] [vision_apriltag_node]: Service: Tag 4 found and base-frame pose returned.
[INFO] [1775608761.301628406] [vision_apriltag_node]: Service: Tag 4 found and base-frame pose returned.
[INFO] [1775608761.371430579] [vision_apriltag_node]: Service: Tag 4 found and base-frame pose returned.
[INFO] [1775608761.475508691] [vision_apriltag_node]: Service: Tag 4 found and base-frame pose returned.
[INFO] [1775608761.575112287] [vision_apriltag_node]: Service: Tag 4 found and base-frame pose returned.
[INFO] [1775608761.676180159] [vision_apriltag_node]: Service: Tag 4 found and base-frame pose returned.
[INFO] [1775608763.315209221] [vision_apriltag_node]: Vision AprilTag detection debug: 4:cv2.solvePnP_ippe_square:clahe@(286,303)
[INFO] [1775608768.625733875] [vision_apriltag_node]: Vision AprilTag detection debug: 4:cv2.solvePnP_ippe_square:clahe@(286,303)
[INFO] [1775608773.713898212] [vision_apriltag_node]: Vision AprilTag detection debug: 4:cv2.solvePnP_ippe_square:adaptive@(286,303)
[INFO] [1775608778.823882577] [vision_apriltag_node]: Vision AprilTag detection debug: 4:cv2.solvePnP_ippe_square:adaptive@(286,303)
[INFO] [1775608783.950478147] [vision_apriltag_node]: Vision AprilTag detection debug: 4:cv2.solvePnP_ippe_square:clahe@(286,303)
[INFO] [1775608789.102599605] [vision_apriltag_node]: Vision AprilTag detection debug: 4:cv2.solvePnP_ippe_square:raw@(286,303)
[INFO] [1775608794.172856992] [vision_apriltag_node]: Vision AprilTag detection debug: 4:cv2.solvePnP_ippe_square:raw@(286,303)
[INFO] [1775608799.297561179] [vision_apriltag_node]: Vision AprilTag detection debug: 4:cv2.solvePnP_ippe_square:raw@(286,303)
[INFO] [1775608805.032104117] [vision_apriltag_node]: Vision AprilTag detection debug: 4:cv2.solvePnP_ippe_square:clahe@(286,303)
[INFO] [1775608810.581497584] [vision_apriltag_node]: Vision AprilTag detection debug: 4:cv2.solvePnP_ippe_square:raw@(286,303)
[INFO] [1775608815.947742033] [vision_apriltag_node]: Vision AprilTag detection debug: 4:cv2.solvePnP_ippe_square:raw@(286,303)
[INFO] [1775608821.078550047] [vision_apriltag_node]: Vision AprilTag detection debug: 4:cv2.solvePnP_ippe_square:raw@(286,303)
[INFO] [1775608826.213746113] [vision_apriltag_node]: Vision AprilTag detection debug: 4:cv2.solvePnP_ippe_square:clahe@(286,303)
[INFO] [1775608831.220701458] [vision_apriltag_node]: Vision AprilTag detection debug: 4:cv2.solvePnP_ippe_square:raw@(286,303)
[INFO] [1775608836.633265386] [vision_apriltag_node]: Vision AprilTag detection debug: 4:cv2.solvePnP_ippe_square:clahe@(286,303)
[INFO] [1775608841.763808190] [vision_apriltag_node]: Vision AprilTag detection debug: 4:cv2.solvePnP_ippe_square:raw@(286,303)
[INFO] [1775608846.955963581] [vision_apriltag_node]: Vision AprilTag detection debug: 4:cv2.solvePnP_ippe_square:raw@(286,303)
[INFO] [1775608852.327244390] [vision_apriltag_node]: Vision AprilTag detection debug: 4:cv2.solvePnP_ippe_square:raw@(286,303)
[INFO] [1775608857.365419135] [vision_apriltag_node]: Vision AprilTag detection debug: 4:cv2.solvePnP_ippe_square:clahe@(286,303)
[INFO] [1775608862.377217371] [vision_apriltag_node]: Vision AprilTag detection debug: 4:cv2.solvePnP_ippe_square:raw@(286,303)
[INFO] [1775608867.492778137] [vision_apriltag_node]: Vision AprilTag detection debug: 4:cv2.solvePnP_ippe_square:raw@(286,303)
[INFO] [1775608873.159254204] [vision_apriltag_node]: Vision AprilTag detection debug: 4:cv2.solvePnP_ippe_square:clahe@(286,303)
[INFO] [1775608878.470584240] [vision_apriltag_node]: Vision AprilTag detection debug: 4:cv2.solvePnP_ippe_square:clahe@(286,303)
[INFO] [1775608884.336778991] [vision_apriltag_node]: Vision AprilTag detection debug: 4:cv2.solvePnP_ippe_square:clahe@(286,303)
[INFO] [1775608889.958271722] [vision_apriltag_node]: Vision AprilTag detection debug: 4:cv2.solvePnP_ippe_square:clahe@(286,303)
[INFO] [1775608895.276440130] [vision_apriltag_node]: Vision AprilTag detection debug: 4:cv2.solvePnP_ippe_square:clahe_sharp@(286,303)
[INFO] [1775608900.331907266] [vision_apriltag_node]: Vision AprilTag detection debug: 4:cv2.solvePnP_ippe_square:adaptive@(286,303)
[INFO] [1775608905.614978877] [vision_apriltag_node]: Vision AprilTag detection debug: 4:cv2.solvePnP_ippe_square:clahe_sharp@(286,303)
[INFO] [1775608911.303871062] [vision_apriltag_node]: Vision AprilTag detection debug: 4:cv2.solvePnP_ippe_square:adaptive@(286,303)
[INFO] [1775608916.612124930] [vision_apriltag_node]: Vision AprilTag detection debug: 4:cv2.solvePnP_ippe_square:clahe_sharp@(286,303)
[INFO] [1775608921.750185976] [vision_apriltag_node]: Vision AprilTag detection debug: 4:cv2.solvePnP_ippe_square:clahe@(286,303)
[INFO] [1775608927.308137906] [vision_apriltag_node]: Vision AprilTag detection debug: 4:cv2.solvePnP_ippe_square:clahe@(286,303)
[INFO] [1775608932.492802657] [vision_apriltag_node]: Vision AprilTag detection debug: 4:cv2.solvePnP_ippe_square:adaptive@(286,303)
[INFO] [1775608937.660020681] [vision_apriltag_node]: Vision AprilTag detection debug: 4:cv2.solvePnP_ippe_square:clahe@(286,303)
[INFO] [1775608942.950249964] [vision_apriltag_node]: Vision AprilTag detection debug: 4:cv2.solvePnP_ippe_square:clahe@(286,303)
[INFO] [1775608948.273802616] [vision_apriltag_node]: Vision AprilTag detection debug: 4:cv2.solvePnP_ippe_square:clahe@(286,303)
[INFO] [1775608953.523364425] [vision_apriltag_node]: Vision AprilTag detection debug: 4:cv2.solvePnP_ippe_square:clahe_sharp@(286,303)
[INFO] [1775608958.865651138] [vision_apriltag_node]: Vision AprilTag detection debug: 4:cv2.solvePnP_ippe_square:adaptive@(286,303)
[INFO] [1775608964.485149755] [vision_apriltag_node]: Vision AprilTag detection debug: 4:cv2.solvePnP_ippe_square:adaptive@(286,303)
[INFO] [1775608969.505963495] [vision_apriltag_node]: Vision AprilTag detection debug: 4:cv2.solvePnP_ippe_square:clahe_sharp@(286,303)
[INFO] [1775608974.510976922] [vision_apriltag_node]: Vision AprilTag detection debug: 4:cv2.solvePnP_ippe_square:clahe_sharp@(286,303)
[INFO] [1775608979.811081805] [vision_apriltag_node]: Vision AprilTag detection debug: 4:cv2.solvePnP_ippe_square:adaptive@(286,303)
[INFO] [1775608985.451026858] [vision_apriltag_node]: Vision AprilTag detection debug: 4:cv2.solvePnP_ippe_square:adaptive@(286,303)
[INFO] [1775608990.467738270] [vision_apriltag_node]: Vision AprilTag detection debug: 4:cv2.solvePnP_ippe_square:adaptive@(286,303)
[INFO] [1775608995.574200540] [vision_apriltag_node]: Vision AprilTag detection debug: 4:cv2.solvePnP_ippe_square:adaptive@(286,303)
[INFO] [1775609001.316283291] [vision_apriltag_node]: Vision AprilTag detection debug: 4:cv2.solvePnP_ippe_square:clahe@(286,303)
[INFO] [1775609006.483018956] [vision_apriltag_node]: Vision AprilTag detection debug: 4:cv2.solvePnP_ippe_square:clahe@(286,303)
[INFO] [1775609011.629342135] [vision_apriltag_node]: Vision AprilTag detection debug: 4:cv2.solvePnP_ippe_square:clahe@(286,303)
[INFO] [1775609016.706852651] [vision_apriltag_node]: Vision AprilTag detection debug: 4:cv2.solvePnP_ippe_square:clahe_sharp@(286,303)
[INFO] [1775609022.074440384] [vision_apriltag_node]: Vision AprilTag detection debug: 4:cv2.solvePnP_ippe_square:clahe@(286,303)
[INFO] [1775609027.305198767] [vision_apriltag_node]: Vision AprilTag detection debug: 4:cv2.solvePnP_ippe_square:adaptive@(286,303)
[INFO] [1775609032.611122523] [vision_apriltag_node]: Vision AprilTag detection debug: 4:cv2.solvePnP_ippe_square:clahe@(286,303)
[INFO] [1775609037.622290309] [vision_apriltag_node]: Vision AprilTag detection debug: 4:cv2.solvePnP_ippe_square:adaptive@(286,303)
[INFO] [1775609042.780273322] [vision_apriltag_node]: Vision AprilTag detection debug: 4:cv2.solvePnP_ippe_square:clahe@(286,303)
[INFO] [1775609047.962832855] [vision_apriltag_node]: Vision AprilTag detection debug: 4:cv2.solvePnP_ippe_square:clahe@(286,303)
[INFO] [1775609053.596837317] [vision_apriltag_node]: Vision AprilTag detection debug: 4:cv2.solvePnP_ippe_square:clahe@(286,303)
[INFO] [1775609058.642510063] [vision_apriltag_node]: Vision AprilTag detection debug: 4:cv2.solvePnP_ippe_square:adaptive@(286,303)
[INFO] [1775609064.081030503] [vision_apriltag_node]: Vision AprilTag detection debug: 4:cv2.solvePnP_ippe_square:clahe@(286,303)
[INFO] [1775609069.702886887] [vision_apriltag_node]: Vision AprilTag detection debug: 4:cv2.solvePnP_ippe_square:adaptive@(286,303)
[INFO] [1775609074.965942718] [vision_apriltag_node]: Vision AprilTag detection debug: 4:cv2.solvePnP_ippe_square:clahe@(286,303)
[INFO] [1775609079.978795913] [vision_apriltag_node]: Vision AprilTag detection debug: 4:cv2.solvePnP_ippe_square:adaptive@(286,303)
[INFO] [1775609085.313945759] [vision_apriltag_node]: Vision AprilTag detection debug: 4:cv2.solvePnP_ippe_square:clahe@(286,303)
[INFO] [1775609090.517839232] [vision_apriltag_node]: Vision AprilTag detection debug: 4:cv2.solvePnP_ippe_square:adaptive@(286,303)
[INFO] [1775609095.574382680] [vision_apriltag_node]: Vision AprilTag detection debug: 4:cv2.solvePnP_ippe_square:clahe@(286,303)
[INFO] [1775609100.706998073] [vision_apriltag_node]: Vision AprilTag detection debug: 4:cv2.solvePnP_ippe_square:clahe_sharp@(286,303)
[INFO] [1775609105.879058023] [vision_apriltag_node]: Vision AprilTag detection debug: 4:cv2.solvePnP_ippe_square:clahe@(286,303)
[INFO] [1775609110.895303741] [vision_apriltag_node]: Vision AprilTag detection debug: 4:cv2.solvePnP_ippe_square:adaptive@(286,303)
[INFO] [1775609115.931680372] [vision_apriltag_node]: Vision AprilTag detection debug: 4:cv2.solvePnP_ippe_square:adaptive@(286,303)
[INFO] [1775609121.161581939] [vision_apriltag_node]: Vision AprilTag detection debug: 4:cv2.solvePnP_ippe_square:adaptive@(286,303)
[INFO] [1775609126.563108798] [vision_apriltag_node]: Vision AprilTag detection debug: 4:cv2.solvePnP_ippe_square:adaptive@(286,303)
[INFO] [1775609131.601963468] [vision_apriltag_node]: Vision AprilTag detection debug: 4:cv2.solvePnP_ippe_square:adaptive@(286,303)
[INFO] [1775609136.708731550] [vision_apriltag_node]: Vision AprilTag detection debug: 4:cv2.solvePnP_ippe_square:clahe@(286,303)
[INFO] [1775609141.706733075] [vision_apriltag_node]: Vision AprilTag detection debug: 4:cv2.solvePnP_ippe_square:clahe_sharp@(286,303)
[INFO] [1775609146.941061313] [vision_apriltag_node]: Vision AprilTag detection debug: 4:cv2.solvePnP_ippe_square:adaptive@(286,303)
[INFO] [1775609152.637432889] [vision_apriltag_node]: Vision AprilTag detection debug: 4:cv2.solvePnP_ippe_square:adaptive@(286,303)
[INFO] [1775609157.923388352] [vision_apriltag_node]: Vision AprilTag detection debug: 4:cv2.solvePnP_ippe_square:clahe_sharp@(286,303)
[INFO] [1775609163.382378861] [vision_apriltag_node]: Vision AprilTag detection debug: 4:cv2.solvePnP_ippe_square:clahe_sharp@(286,303)
[INFO] [1775609169.121987051] [vision_apriltag_node]: Vision AprilTag detection debug: 4:cv2.solvePnP_ippe_square:adaptive@(286,303)
[INFO] [1775609174.226928389] [vision_apriltag_node]: Vision AprilTag detection debug: 4:cv2.solvePnP_ippe_square:clahe_sharp@(286,303)
[INFO] [1775609179.284303938] [vision_apriltag_node]: Vision AprilTag detection debug: 4:cv2.solvePnP_ippe_square:clahe_sharp@(286,303)
[INFO] [1775609184.419875742] [vision_apriltag_node]: Vision AprilTag detection debug: 4:cv2.solvePnP_ippe_square:clahe@(286,303)
[INFO] [1775609189.514652406] [vision_apriltag_node]: Vision AprilTag detection debug: 4:cv2.solvePnP_ippe_square:clahe_sharp@(286,303)
[INFO] [1775609195.026490305] [vision_apriltag_node]: Vision AprilTag detection debug: no tags found after raw/CLAHE/sharp/adaptive/upscaled/tiled passes.
[INFO] [1775609196.846238320] [vision_apriltag_node]: Vision AprilTag: images are arriving, but no AprilTag has been seen for 3.1s.
[INFO] [1775609198.952369263] [vision_apriltag_node]: Vision AprilTag: images are arriving, but no AprilTag has been seen for 5.2s.
[INFO] [1775609200.474684326] [vision_apriltag_node]: Vision AprilTag detection debug: no tags found after raw/CLAHE/sharp/adaptive/upscaled/tiled passes.
[INFO] [1775609200.581456326] [vision_apriltag_node]: Vision AprilTag: images are arriving, but no AprilTag has been seen for 6.8s.
[INFO] [1775609205.469371966] [vision_apriltag_node]: Vision AprilTag detection debug: 4:cv2.solvePnP_ippe_square:clahe_sharp@(285,310)
[INFO] [1775609211.144838196] [vision_apriltag_node]: Vision AprilTag detection debug: 4:cv2.solvePnP_ippe_square:clahe_sharp@(285,310)
[INFO] [1775609216.321762109] [vision_apriltag_node]: Vision AprilTag detection debug: 4:cv2.solvePnP_ippe_square:clahe_sharp@(285,310)
[INFO] [1775609221.446125505] [vision_apriltag_node]: Vision AprilTag detection debug: 4:cv2.solvePnP_ippe_square:clahe_sharp@(285,310)
[INFO] [1775609226.994691921] [vision_apriltag_node]: Vision AprilTag detection debug: 4:cv2.solvePnP_ippe_square:clahe_sharp@(285,310)
[INFO] [1775609232.316874031] [vision_apriltag_node]: Vision AprilTag detection debug: 4:cv2.solvePnP_ippe_square:clahe_sharp@(285,310)
[INFO] [1775609237.616520368] [vision_apriltag_node]: Vision AprilTag detection debug: 4:cv2.solvePnP_ippe_square:clahe_sharp@(285,310)
[INFO] [1775609243.024911904] [vision_apriltag_node]: Vision AprilTag detection debug: 4:cv2.solvePnP_ippe_square:clahe_sharp@(285,310)
[INFO] [1775609248.246445940] [vision_apriltag_node]: Vision AprilTag detection debug: 4:cv2.solvePnP_ippe_square:clahe_sharp@(285,310)
[INFO] [1775609253.269193739] [vision_apriltag_node]: Vision AprilTag detection debug: 4:cv2.solvePnP_ippe_square:clahe_sharp@(285,310)
[INFO] [1775609258.309523675] [vision_apriltag_node]: Vision AprilTag detection debug: 4:cv2.solvePnP_ippe_square:clahe_sharp@(284,310)
[INFO] [1775609263.313704319] [vision_apriltag_node]: Vision AprilTag detection debug: 4:cv2.solvePnP_ippe_square:clahe_sharp@(285,310)
[INFO] [1775609268.419176687] [vision_apriltag_node]: Vision AprilTag detection debug: 4:cv2.solvePnP_ippe_square:clahe_sharp@(285,310)
[INFO] [1775609273.417574669] [vision_apriltag_node]: Vision AprilTag detection debug: 4:cv2.solvePnP_ippe_square:clahe_sharp@(285,310)
[INFO] [1775609278.855555123] [vision_apriltag_node]: Vision AprilTag detection debug: 4:cv2.solvePnP_ippe_square:clahe_sharp@(285,310)
[INFO] [1775609283.954303638] [vision_apriltag_node]: Vision AprilTag detection debug: 4:cv2.solvePnP_ippe_square:clahe_sharp@(285,310)
[INFO] [1775609289.075867013] [vision_apriltag_node]: Vision AprilTag detection debug: 4:cv2.solvePnP_ippe_square:clahe_sharp@(285,310)
[INFO] [1775609294.274999659] [vision_apriltag_node]: Vision AprilTag detection debug: 4:cv2.solvePnP_ippe_square:clahe_sharp@(285,310)
[INFO] [1775609299.555729820] [vision_apriltag_node]: Vision AprilTag detection debug: 4:cv2.solvePnP_ippe_square:clahe_sharp@(285,310)
[INFO] [1775609304.933286610] [vision_apriltag_node]: Vision AprilTag detection debug: 4:cv2.solvePnP_ippe_square:clahe_sharp@(285,310)
[INFO] [1775609310.358619270] [vision_apriltag_node]: Vision AprilTag detection debug: 4:cv2.solvePnP_ippe_square:clahe_sharp@(285,310)
[INFO] [1775609315.852822430] [vision_apriltag_node]: Vision AprilTag detection debug: 4:cv2.solvePnP_ippe_square:clahe_sharp@(285,310)
[INFO] [1775609321.142735563] [vision_apriltag_node]: Vision AprilTag detection debug: 4:cv2.solvePnP_ippe_square:clahe_sharp@(285,310)
[INFO] [1775609326.272390779] [vision_apriltag_node]: Vision AprilTag detection debug: 4:cv2.solvePnP_ippe_square:clahe_sharp@(285,310)
[INFO] [1775609331.538321204] [vision_apriltag_node]: Vision AprilTag detection debug: 4:cv2.solvePnP_ippe_square:clahe_sharp@(285,310)
[INFO] [1775609336.557572096] [vision_apriltag_node]: Vision AprilTag detection debug: 4:cv2.solvePnP_ippe_square:clahe_sharp@(285,310)
[INFO] [1775609341.811879913] [vision_apriltag_node]: Vision AprilTag detection debug: 4:cv2.solvePnP_ippe_square:clahe_sharp@(285,310)
[INFO] [1775609347.255974839] [vision_apriltag_node]: Vision AprilTag detection debug: 4:cv2.solvePnP_ippe_square:clahe@(285,310)
[INFO] [1775609352.614615032] [vision_apriltag_node]: Vision AprilTag detection debug: 4:cv2.solvePnP_ippe_square:clahe_sharp@(285,310)
[INFO] [1775609358.125410342] [vision_apriltag_node]: Vision AprilTag detection debug: 4:cv2.solvePnP_ippe_square:clahe_sharp@(285,310)
[INFO] [1775609363.665386861] [vision_apriltag_node]: Vision AprilTag detection debug: 4:cv2.solvePnP_ippe_square:clahe_sharp@(285,310)
[INFO] [1775609368.718748710] [vision_apriltag_node]: Vision AprilTag detection debug: 4:cv2.solvePnP_ippe_square:clahe_sharp@(285,310)
[INFO] [1775609373.973792905] [vision_apriltag_node]: Vision AprilTag detection debug: 4:cv2.solvePnP_ippe_square:clahe_sharp@(285,310)
[INFO] [1775609379.304191615] [vision_apriltag_node]: Vision AprilTag detection debug: 4:cv2.solvePnP_ippe_square:clahe_sharp@(285,310)
[INFO] [1775609384.364305922] [vision_apriltag_node]: Vision AprilTag detection debug: 4:cv2.solvePnP_ippe_square:clahe_sharp@(285,310)
[INFO] [1775609389.378413048] [vision_apriltag_node]: Vision AprilTag detection debug: 4:cv2.solvePnP_ippe_square:clahe_sharp@(285,310)
[INFO] [1775609394.900808701] [vision_apriltag_node]: Vision AprilTag detection debug: 4:cv2.solvePnP_ippe_square:clahe_sharp@(285,310)
[INFO] [1775609400.058063723] [vision_apriltag_node]: Vision AprilTag detection debug: 4:cv2.solvePnP_ippe_square:clahe_sharp@(285,310)
[INFO] [1775609405.535169036] [vision_apriltag_node]: Vision AprilTag detection debug: 4:cv2.solvePnP_ippe_square:clahe_sharp@(285,310)
[INFO] [1775609410.585365000] [vision_apriltag_node]: Vision AprilTag detection debug: 4:cv2.solvePnP_ippe_square:clahe_sharp@(285,310)
[INFO] [1775609415.926461267] [vision_apriltag_node]: Vision AprilTag detection debug: 4:cv2.solvePnP_ippe_square:clahe_sharp@(285,310)
[INFO] [1775609420.930204298] [vision_apriltag_node]: Vision AprilTag detection debug: 4:cv2.solvePnP_ippe_square:clahe_sharp@(285,310)
[INFO] [1775609426.095459911] [vision_apriltag_node]: Vision AprilTag detection debug: 4:cv2.solvePnP_ippe_square:clahe_sharp@(285,310)
[INFO] [1775609431.534064921] [vision_apriltag_node]: Vision AprilTag detection debug: 4:cv2.solvePnP_ippe_square:clahe_sharp@(285,310)
[INFO] [1775609436.969522853] [vision_apriltag_node]: Vision AprilTag detection debug: 4:cv2.solvePnP_ippe_square:clahe_sharp@(285,310)
[INFO] [1775609442.383430705] [vision_apriltag_node]: Vision AprilTag detection debug: 4:cv2.solvePnP_ippe_square:clahe_sharp@(285,310)
[INFO] [1775609447.611733345] [vision_apriltag_node]: Vision AprilTag detection debug: 4:cv2.solvePnP_ippe_square:clahe_sharp@(285,310)
[INFO] [1775609452.793525158] [vision_apriltag_node]: Vision AprilTag detection debug: 4:cv2.solvePnP_ippe_square:clahe_sharp@(285,310)
[INFO] [1775609458.361342855] [vision_apriltag_node]: Vision AprilTag detection debug: 4:cv2.solvePnP_ippe_square:clahe_sharp@(285,310)
[INFO] [1775609463.704156063] [vision_apriltag_node]: Vision AprilTag detection debug: 4:cv2.solvePnP_ippe_square:clahe_sharp@(285,310)
[INFO] [1775609468.721057811] [vision_apriltag_node]: Vision AprilTag detection debug: 4:cv2.solvePnP_ippe_square:clahe_sharp@(285,310)
[INFO] [1775609474.328361471] [vision_apriltag_node]: Vision AprilTag detection debug: 4:cv2.solvePnP_ippe_square:clahe_sharp@(284,310)
[INFO] [1775609479.417271231] [vision_apriltag_node]: Vision AprilTag detection debug: 4:cv2.solvePnP_ippe_square:clahe_sharp@(285,310)
