
===== 2026-04-07T20:39:00-04:00 | T5_scene_from_vision =====
cwd=/home/carrt-cse-project/workspace/ros2_kortex_ws
cmd=ros2 run adl_tasks scene_from_vision --ros-args -p scan_prune_unseen_objects:=true -p scan_duration_s:=10.0 

[INFO] [1775608741.789058258] [scene_from_vision_node]: Scene From Vision Node Started
[INFO] [1775608741.876086591] [scene_from_vision_node]: SceneFromVision: Updating planning scene. Tracking 5 object shape(s). memory_mode=True, scan_duration_s=10.0, scan_min_samples=3, scan_prune_unseen_objects=True, continuous_scene_updates=False, latch_first_detection_updates=True, apply_planning_scene_service_updates=True, publish_monitored_planning_scene_updates=True, side_viewpoint=wrist_mounted_camera_color_optical_frame->base_link, reject_table_objects_outside_bounds=False.
[INFO] [1775608741.878248205] [scene_from_vision_node]: SceneFromVision calibration: xy_offset=(0.000, 0.060), z_offset=0.000, yaw_deg=0.00, xy_scale=1.0000, clamp_table_objects_to_table_bounds=False, table_bounds_margin_m=0.030.
[INFO] [1775608741.880518349] [scene_from_vision_node]: SceneFromVision object offsets: remote_axis=y, remote_tag_to_center_sign=1.0, remote_tag_from_end_m=0.020, cube_tag_to_center=(0.000, 0.000), cube_world_offset=(0.000, -0.010), cube_yaw_offset_deg=0.0, medication_face_to_center_m=0.030, cup_face_to_center_m=0.037.
[INFO] [1775608744.883840963] [scene_from_vision_node]: Latched first detection for tag ID 4 into scene memory.
[INFO] [1775608745.378191528] [scene_from_vision_node]: Published obj_4 (new) at x=0.712, y=0.249, z=0.117
[INFO] [1775608745.384588133] [scene_from_vision_node]: /apply_planning_scene accepted dynamic scene updates; MoveIt should mirror these objects to RViz.
[INFO] [1775608747.877649879] [scene_from_vision_node]: Published obj_4 (heartbeat) at x=0.712, y=0.249, z=0.117
[INFO] [1775608749.878060144] [scene_from_vision_node]: Published obj_4 (heartbeat) at x=0.712, y=0.249, z=0.117
[INFO] [1775608751.726893686] [scene_from_vision_node]: Scene scan started for 10.0s. Visible detections will be sampled, filtered, and committed at scan end.
[INFO] [1775608751.930883755] [scene_from_vision_node]: Published obj_4 (heartbeat) at x=0.712, y=0.249, z=0.117
[INFO] [1775608753.971069107] [scene_from_vision_node]: Published obj_4 (heartbeat) at x=0.712, y=0.249, z=0.117
[INFO] [1775608756.000968848] [scene_from_vision_node]: Published obj_4 (heartbeat) at x=0.712, y=0.249, z=0.117
[INFO] [1775608758.020341483] [scene_from_vision_node]: Published obj_4 (heartbeat) at x=0.712, y=0.249, z=0.117
[INFO] [1775608760.051826024] [scene_from_vision_node]: Published obj_4 (heartbeat) at x=0.712, y=0.249, z=0.117
[INFO] [1775608761.777363899] [scene_from_vision_node]: Scan committed tag 4: raw=47, accepted=47, rejected=0, median tag pose x=0.712, y=0.259, z=0.145. object center x=0.712, y=0.249, z=0.117. table_delta x=+0.030, y=+0.249.
[INFO] [1775608761.781486159] [scene_from_vision_node]: Scene scan complete. Remembered object IDs: [4]
[INFO] [1775608762.379063696] [scene_from_vision_node]: Published obj_4 (heartbeat) at x=0.712, y=0.249, z=0.117
[INFO] [1775608764.877798945] [scene_from_vision_node]: Published obj_4 (heartbeat) at x=0.712, y=0.249, z=0.117
[INFO] [1775608767.379270673] [scene_from_vision_node]: Published obj_4 (heartbeat) at x=0.712, y=0.249, z=0.117
[INFO] [1775608769.879118559] [scene_from_vision_node]: Published obj_4 (heartbeat) at x=0.712, y=0.249, z=0.117
[INFO] [1775608772.377538655] [scene_from_vision_node]: Published obj_4 (heartbeat) at x=0.712, y=0.249, z=0.117
[INFO] [1775608774.886165330] [scene_from_vision_node]: Published obj_4 (heartbeat) at x=0.712, y=0.249, z=0.117
[INFO] [1775608776.882596028] [scene_from_vision_node]: Published obj_4 (heartbeat) at x=0.712, y=0.249, z=0.117
[INFO] [1775608779.377151323] [scene_from_vision_node]: Published obj_4 (heartbeat) at x=0.712, y=0.249, z=0.117
[INFO] [1775608781.379404284] [scene_from_vision_node]: Published obj_4 (heartbeat) at x=0.712, y=0.249, z=0.117
[INFO] [1775608783.892117808] [scene_from_vision_node]: Published obj_4 (heartbeat) at x=0.712, y=0.249, z=0.117
[INFO] [1775608786.381147467] [scene_from_vision_node]: Published obj_4 (heartbeat) at x=0.712, y=0.249, z=0.117
[INFO] [1775608788.383161054] [scene_from_vision_node]: Published obj_4 (heartbeat) at x=0.712, y=0.249, z=0.117
[INFO] [1775608790.878040982] [scene_from_vision_node]: Published obj_4 (heartbeat) at x=0.712, y=0.249, z=0.117
[INFO] [1775608792.885222390] [scene_from_vision_node]: Published obj_4 (heartbeat) at x=0.712, y=0.249, z=0.117
[INFO] [1775608794.881945157] [scene_from_vision_node]: Published obj_4 (heartbeat) at x=0.712, y=0.249, z=0.117
[INFO] [1775608797.376948551] [scene_from_vision_node]: Published obj_4 (heartbeat) at x=0.712, y=0.249, z=0.117
[INFO] [1775608799.380731025] [scene_from_vision_node]: Published obj_4 (heartbeat) at x=0.712, y=0.249, z=0.117
[INFO] [1775608801.380189797] [scene_from_vision_node]: Published obj_4 (heartbeat) at x=0.712, y=0.249, z=0.117
[INFO] [1775608803.883982309] [scene_from_vision_node]: Published obj_4 (heartbeat) at x=0.712, y=0.249, z=0.117
[INFO] [1775608806.377084079] [scene_from_vision_node]: Published obj_4 (heartbeat) at x=0.712, y=0.249, z=0.117
[INFO] [1775608808.877943469] [scene_from_vision_node]: Published obj_4 (heartbeat) at x=0.712, y=0.249, z=0.117
[INFO] [1775608810.884177729] [scene_from_vision_node]: Published obj_4 (heartbeat) at x=0.712, y=0.249, z=0.117
[INFO] [1775608812.877669628] [scene_from_vision_node]: Published obj_4 (heartbeat) at x=0.712, y=0.249, z=0.117
[INFO] [1775608815.377495972] [scene_from_vision_node]: Published obj_4 (heartbeat) at x=0.712, y=0.249, z=0.117
[INFO] [1775608817.379100508] [scene_from_vision_node]: Published obj_4 (heartbeat) at x=0.712, y=0.249, z=0.117
[INFO] [1775608819.878645696] [scene_from_vision_node]: Published obj_4 (heartbeat) at x=0.712, y=0.249, z=0.117
[INFO] [1775608821.879545415] [scene_from_vision_node]: Published obj_4 (heartbeat) at x=0.712, y=0.249, z=0.117
[INFO] [1775608824.378739161] [scene_from_vision_node]: Published obj_4 (heartbeat) at x=0.712, y=0.249, z=0.117
[INFO] [1775608826.885158886] [scene_from_vision_node]: Published obj_4 (heartbeat) at x=0.712, y=0.249, z=0.117
[INFO] [1775608829.382131335] [scene_from_vision_node]: Published obj_4 (heartbeat) at x=0.712, y=0.249, z=0.117
[INFO] [1775608831.878394231] [scene_from_vision_node]: Published obj_4 (heartbeat) at x=0.712, y=0.249, z=0.117
[INFO] [1775608833.879714456] [scene_from_vision_node]: Published obj_4 (heartbeat) at x=0.712, y=0.249, z=0.117
[INFO] [1775608835.884636463] [scene_from_vision_node]: Published obj_4 (heartbeat) at x=0.712, y=0.249, z=0.117
[INFO] [1775608838.381460172] [scene_from_vision_node]: Published obj_4 (heartbeat) at x=0.712, y=0.249, z=0.117
[INFO] [1775608840.383343974] [scene_from_vision_node]: Published obj_4 (heartbeat) at x=0.712, y=0.249, z=0.117
[INFO] [1775608842.881896099] [scene_from_vision_node]: Published obj_4 (heartbeat) at x=0.712, y=0.249, z=0.117
[INFO] [1775608844.882991147] [scene_from_vision_node]: Published obj_4 (heartbeat) at x=0.712, y=0.249, z=0.117
[INFO] [1775608847.377308587] [scene_from_vision_node]: Published obj_4 (heartbeat) at x=0.712, y=0.249, z=0.117
[INFO] [1775608849.379714942] [scene_from_vision_node]: Published obj_4 (heartbeat) at x=0.712, y=0.249, z=0.117
[INFO] [1775608851.882242419] [scene_from_vision_node]: Published obj_4 (heartbeat) at x=0.712, y=0.249, z=0.117
[INFO] [1775608853.880163284] [scene_from_vision_node]: Published obj_4 (heartbeat) at x=0.712, y=0.249, z=0.117
[INFO] [1775608856.381046973] [scene_from_vision_node]: Published obj_4 (heartbeat) at x=0.712, y=0.249, z=0.117
[INFO] [1775608858.876945295] [scene_from_vision_node]: Published obj_4 (heartbeat) at x=0.712, y=0.249, z=0.117
[INFO] [1775608860.878969062] [scene_from_vision_node]: Published obj_4 (heartbeat) at x=0.712, y=0.249, z=0.117
[INFO] [1775608863.376371242] [scene_from_vision_node]: Published obj_4 (heartbeat) at x=0.712, y=0.249, z=0.117
[INFO] [1775608865.879876701] [scene_from_vision_node]: Published obj_4 (heartbeat) at x=0.712, y=0.249, z=0.117
[INFO] [1775608867.881910485] [scene_from_vision_node]: Published obj_4 (heartbeat) at x=0.712, y=0.249, z=0.117
[INFO] [1775608870.377126867] [scene_from_vision_node]: Published obj_4 (heartbeat) at x=0.712, y=0.249, z=0.117
[INFO] [1775608872.879447331] [scene_from_vision_node]: Published obj_4 (heartbeat) at x=0.712, y=0.249, z=0.117
[INFO] [1775608875.379761806] [scene_from_vision_node]: Published obj_4 (heartbeat) at x=0.712, y=0.249, z=0.117
[INFO] [1775608877.877951024] [scene_from_vision_node]: Published obj_4 (heartbeat) at x=0.712, y=0.249, z=0.117
[INFO] [1775608880.377482320] [scene_from_vision_node]: Published obj_4 (heartbeat) at x=0.712, y=0.249, z=0.117
[INFO] [1775608882.877567267] [scene_from_vision_node]: Published obj_4 (heartbeat) at x=0.712, y=0.249, z=0.117
[INFO] [1775608884.879151634] [scene_from_vision_node]: Published obj_4 (heartbeat) at x=0.712, y=0.249, z=0.117
[INFO] [1775608886.877997085] [scene_from_vision_node]: Published obj_4 (heartbeat) at x=0.712, y=0.249, z=0.117
[INFO] [1775608889.377379386] [scene_from_vision_node]: Published obj_4 (heartbeat) at x=0.712, y=0.249, z=0.117
[INFO] [1775608891.879761212] [scene_from_vision_node]: Published obj_4 (heartbeat) at x=0.712, y=0.249, z=0.117
[INFO] [1775608894.382660214] [scene_from_vision_node]: Published obj_4 (heartbeat) at x=0.712, y=0.249, z=0.117
[INFO] [1775608896.383270494] [scene_from_vision_node]: Published obj_4 (heartbeat) at x=0.712, y=0.249, z=0.117
[INFO] [1775608898.877742568] [scene_from_vision_node]: Published obj_4 (heartbeat) at x=0.712, y=0.249, z=0.117
[INFO] [1775608901.376801616] [scene_from_vision_node]: Published obj_4 (heartbeat) at x=0.712, y=0.249, z=0.117
[INFO] [1775608903.378578524] [scene_from_vision_node]: Published obj_4 (heartbeat) at x=0.712, y=0.249, z=0.117
[INFO] [1775608905.382612175] [scene_from_vision_node]: Published obj_4 (heartbeat) at x=0.712, y=0.249, z=0.117
[INFO] [1775608907.878214229] [scene_from_vision_node]: Published obj_4 (heartbeat) at x=0.712, y=0.249, z=0.117
[INFO] [1775608909.878943539] [scene_from_vision_node]: Published obj_4 (heartbeat) at x=0.712, y=0.249, z=0.117
[INFO] [1775608912.386471811] [scene_from_vision_node]: Published obj_4 (heartbeat) at x=0.712, y=0.249, z=0.117
[INFO] [1775608914.881012800] [scene_from_vision_node]: Published obj_4 (heartbeat) at x=0.712, y=0.249, z=0.117
[INFO] [1775608917.378130386] [scene_from_vision_node]: Published obj_4 (heartbeat) at x=0.712, y=0.249, z=0.117
[INFO] [1775608919.379691323] [scene_from_vision_node]: Published obj_4 (heartbeat) at x=0.712, y=0.249, z=0.117
[INFO] [1775608921.380282344] [scene_from_vision_node]: Published obj_4 (heartbeat) at x=0.712, y=0.249, z=0.117
[INFO] [1775608923.878975450] [scene_from_vision_node]: Published obj_4 (heartbeat) at x=0.712, y=0.249, z=0.117
[INFO] [1775608926.384810649] [scene_from_vision_node]: Published obj_4 (heartbeat) at x=0.712, y=0.249, z=0.117
[INFO] [1775608928.380032086] [scene_from_vision_node]: Published obj_4 (heartbeat) at x=0.712, y=0.249, z=0.117
[INFO] [1775608930.383498607] [scene_from_vision_node]: Published obj_4 (heartbeat) at x=0.712, y=0.249, z=0.117
[INFO] [1775608932.880039964] [scene_from_vision_node]: Published obj_4 (heartbeat) at x=0.712, y=0.249, z=0.117
[INFO] [1775608935.377639849] [scene_from_vision_node]: Published obj_4 (heartbeat) at x=0.712, y=0.249, z=0.117
[INFO] [1775608937.380533274] [scene_from_vision_node]: Published obj_4 (heartbeat) at x=0.712, y=0.249, z=0.117
[INFO] [1775608939.878240276] [scene_from_vision_node]: Published obj_4 (heartbeat) at x=0.712, y=0.249, z=0.117
[INFO] [1775608942.379414076] [scene_from_vision_node]: Published obj_4 (heartbeat) at x=0.712, y=0.249, z=0.117
[INFO] [1775608944.883634395] [scene_from_vision_node]: Published obj_4 (heartbeat) at x=0.712, y=0.249, z=0.117
[INFO] [1775608947.380791977] [scene_from_vision_node]: Published obj_4 (heartbeat) at x=0.712, y=0.249, z=0.117
[INFO] [1775608949.387179542] [scene_from_vision_node]: Published obj_4 (heartbeat) at x=0.712, y=0.249, z=0.117
[INFO] [1775608951.880101061] [scene_from_vision_node]: Published obj_4 (heartbeat) at x=0.712, y=0.249, z=0.117
[INFO] [1775608954.378544553] [scene_from_vision_node]: Published obj_4 (heartbeat) at x=0.712, y=0.249, z=0.117
[INFO] [1775608956.882201703] [scene_from_vision_node]: Published obj_4 (heartbeat) at x=0.712, y=0.249, z=0.117
[INFO] [1775608958.878229911] [scene_from_vision_node]: Published obj_4 (heartbeat) at x=0.712, y=0.249, z=0.117
[INFO] [1775608960.877795562] [scene_from_vision_node]: Published obj_4 (heartbeat) at x=0.712, y=0.249, z=0.117
[INFO] [1775608963.378358336] [scene_from_vision_node]: Published obj_4 (heartbeat) at x=0.712, y=0.249, z=0.117
[INFO] [1775608965.376912794] [scene_from_vision_node]: Published obj_4 (heartbeat) at x=0.712, y=0.249, z=0.117
[INFO] [1775608967.377395221] [scene_from_vision_node]: Published obj_4 (heartbeat) at x=0.712, y=0.249, z=0.117
[INFO] [1775608969.378129222] [scene_from_vision_node]: Published obj_4 (heartbeat) at x=0.712, y=0.249, z=0.117
[INFO] [1775608971.378578543] [scene_from_vision_node]: Published obj_4 (heartbeat) at x=0.712, y=0.249, z=0.117
[INFO] [1775608973.877818677] [scene_from_vision_node]: Published obj_4 (heartbeat) at x=0.712, y=0.249, z=0.117
[INFO] [1775608976.377201755] [scene_from_vision_node]: Published obj_4 (heartbeat) at x=0.712, y=0.249, z=0.117
[INFO] [1775608978.380724157] [scene_from_vision_node]: Published obj_4 (heartbeat) at x=0.712, y=0.249, z=0.117
[INFO] [1775608980.379067042] [scene_from_vision_node]: Published obj_4 (heartbeat) at x=0.712, y=0.249, z=0.117
[INFO] [1775608982.877806545] [scene_from_vision_node]: Published obj_4 (heartbeat) at x=0.712, y=0.249, z=0.117
[INFO] [1775608985.380583112] [scene_from_vision_node]: Published obj_4 (heartbeat) at x=0.712, y=0.249, z=0.117
[INFO] [1775608987.878163748] [scene_from_vision_node]: Published obj_4 (heartbeat) at x=0.712, y=0.249, z=0.117
[INFO] [1775608990.379272399] [scene_from_vision_node]: Published obj_4 (heartbeat) at x=0.712, y=0.249, z=0.117
[INFO] [1775608992.878486927] [scene_from_vision_node]: Published obj_4 (heartbeat) at x=0.712, y=0.249, z=0.117
[INFO] [1775608994.878095705] [scene_from_vision_node]: Published obj_4 (heartbeat) at x=0.712, y=0.249, z=0.117
[INFO] [1775608996.880658558] [scene_from_vision_node]: Published obj_4 (heartbeat) at x=0.712, y=0.249, z=0.117
[INFO] [1775608999.377963037] [scene_from_vision_node]: Published obj_4 (heartbeat) at x=0.712, y=0.249, z=0.117
[INFO] [1775609001.379175939] [scene_from_vision_node]: Published obj_4 (heartbeat) at x=0.712, y=0.249, z=0.117
[INFO] [1775609003.882300691] [scene_from_vision_node]: Published obj_4 (heartbeat) at x=0.712, y=0.249, z=0.117
[INFO] [1775609006.376861159] [scene_from_vision_node]: Published obj_4 (heartbeat) at x=0.712, y=0.249, z=0.117
[INFO] [1775609008.895011016] [scene_from_vision_node]: Published obj_4 (heartbeat) at x=0.712, y=0.249, z=0.117
[INFO] [1775609011.377900947] [scene_from_vision_node]: Published obj_4 (heartbeat) at x=0.712, y=0.249, z=0.117
[INFO] [1775609013.377923434] [scene_from_vision_node]: Published obj_4 (heartbeat) at x=0.712, y=0.249, z=0.117
[INFO] [1775609015.880876830] [scene_from_vision_node]: Published obj_4 (heartbeat) at x=0.712, y=0.249, z=0.117
[INFO] [1775609018.385269795] [scene_from_vision_node]: Published obj_4 (heartbeat) at x=0.712, y=0.249, z=0.117
[INFO] [1775609020.880341182] [scene_from_vision_node]: Published obj_4 (heartbeat) at x=0.712, y=0.249, z=0.117
[INFO] [1775609022.878979078] [scene_from_vision_node]: Published obj_4 (heartbeat) at x=0.712, y=0.249, z=0.117
[INFO] [1775609025.380272288] [scene_from_vision_node]: Published obj_4 (heartbeat) at x=0.712, y=0.249, z=0.117
[INFO] [1775609027.879020239] [scene_from_vision_node]: Published obj_4 (heartbeat) at x=0.712, y=0.249, z=0.117
[INFO] [1775609029.880210172] [scene_from_vision_node]: Published obj_4 (heartbeat) at x=0.712, y=0.249, z=0.117
[INFO] [1775609032.379042835] [scene_from_vision_node]: Published obj_4 (heartbeat) at x=0.712, y=0.249, z=0.117
[INFO] [1775609034.880117421] [scene_from_vision_node]: Published obj_4 (heartbeat) at x=0.712, y=0.249, z=0.117
[INFO] [1775609037.377230369] [scene_from_vision_node]: Published obj_4 (heartbeat) at x=0.712, y=0.249, z=0.117
[INFO] [1775609039.877453030] [scene_from_vision_node]: Published obj_4 (heartbeat) at x=0.712, y=0.249, z=0.117
[INFO] [1775609041.882452668] [scene_from_vision_node]: Published obj_4 (heartbeat) at x=0.712, y=0.249, z=0.117
[INFO] [1775609044.377217346] [scene_from_vision_node]: Published obj_4 (heartbeat) at x=0.712, y=0.249, z=0.117
[INFO] [1775609046.378029819] [scene_from_vision_node]: Published obj_4 (heartbeat) at x=0.712, y=0.249, z=0.117
[INFO] [1775609048.878788495] [scene_from_vision_node]: Published obj_4 (heartbeat) at x=0.712, y=0.249, z=0.117
[INFO] [1775609050.878904312] [scene_from_vision_node]: Published obj_4 (heartbeat) at x=0.712, y=0.249, z=0.117
[INFO] [1775609052.878027110] [scene_from_vision_node]: Published obj_4 (heartbeat) at x=0.712, y=0.249, z=0.117
[INFO] [1775609054.881983242] [scene_from_vision_node]: Published obj_4 (heartbeat) at x=0.712, y=0.249, z=0.117
[INFO] [1775609057.379616551] [scene_from_vision_node]: Published obj_4 (heartbeat) at x=0.712, y=0.249, z=0.117
[INFO] [1775609059.379807624] [scene_from_vision_node]: Published obj_4 (heartbeat) at x=0.712, y=0.249, z=0.117
[INFO] [1775609061.882465956] [scene_from_vision_node]: Published obj_4 (heartbeat) at x=0.712, y=0.249, z=0.117
[INFO] [1775609064.378430690] [scene_from_vision_node]: Published obj_4 (heartbeat) at x=0.712, y=0.249, z=0.117
[INFO] [1775609066.377372512] [scene_from_vision_node]: Published obj_4 (heartbeat) at x=0.712, y=0.249, z=0.117
[INFO] [1775609068.378295973] [scene_from_vision_node]: Published obj_4 (heartbeat) at x=0.712, y=0.249, z=0.117
[INFO] [1775609070.377167475] [scene_from_vision_node]: Published obj_4 (heartbeat) at x=0.712, y=0.249, z=0.117
[INFO] [1775609072.379008605] [scene_from_vision_node]: Published obj_4 (heartbeat) at x=0.712, y=0.249, z=0.117
[INFO] [1775609074.885882698] [scene_from_vision_node]: Published obj_4 (heartbeat) at x=0.712, y=0.249, z=0.117
[INFO] [1775609077.379519810] [scene_from_vision_node]: Published obj_4 (heartbeat) at x=0.712, y=0.249, z=0.117
[INFO] [1775609079.878072248] [scene_from_vision_node]: Published obj_4 (heartbeat) at x=0.712, y=0.249, z=0.117
[INFO] [1775609081.884054505] [scene_from_vision_node]: Published obj_4 (heartbeat) at x=0.712, y=0.249, z=0.117
[INFO] [1775609084.378069717] [scene_from_vision_node]: Published obj_4 (heartbeat) at x=0.712, y=0.249, z=0.117
[INFO] [1775609086.879596807] [scene_from_vision_node]: Published obj_4 (heartbeat) at x=0.712, y=0.249, z=0.117
[INFO] [1775609088.884901819] [scene_from_vision_node]: Published obj_4 (heartbeat) at x=0.712, y=0.249, z=0.117
[INFO] [1775609091.382396139] [scene_from_vision_node]: Published obj_4 (heartbeat) at x=0.712, y=0.249, z=0.117
[INFO] [1775609093.878755695] [scene_from_vision_node]: Published obj_4 (heartbeat) at x=0.712, y=0.249, z=0.117
[INFO] [1775609096.385051978] [scene_from_vision_node]: Published obj_4 (heartbeat) at x=0.712, y=0.249, z=0.117
[INFO] [1775609098.877545095] [scene_from_vision_node]: Published obj_4 (heartbeat) at x=0.712, y=0.249, z=0.117
[INFO] [1775609100.881484317] [scene_from_vision_node]: Published obj_4 (heartbeat) at x=0.712, y=0.249, z=0.117
[INFO] [1775609102.880621872] [scene_from_vision_node]: Published obj_4 (heartbeat) at x=0.712, y=0.249, z=0.117
[INFO] [1775609105.377792274] [scene_from_vision_node]: Published obj_4 (heartbeat) at x=0.712, y=0.249, z=0.117
[INFO] [1775609107.878130847] [scene_from_vision_node]: Published obj_4 (heartbeat) at x=0.712, y=0.249, z=0.117
[INFO] [1775609110.377296463] [scene_from_vision_node]: Published obj_4 (heartbeat) at x=0.712, y=0.249, z=0.117
[INFO] [1775609112.378046829] [scene_from_vision_node]: Published obj_4 (heartbeat) at x=0.712, y=0.249, z=0.117
[INFO] [1775609114.388871098] [scene_from_vision_node]: Published obj_4 (heartbeat) at x=0.712, y=0.249, z=0.117
[INFO] [1775609116.880601386] [scene_from_vision_node]: Published obj_4 (heartbeat) at x=0.712, y=0.249, z=0.117
[INFO] [1775609119.377458194] [scene_from_vision_node]: Published obj_4 (heartbeat) at x=0.712, y=0.249, z=0.117
[INFO] [1775609121.383844452] [scene_from_vision_node]: Published obj_4 (heartbeat) at x=0.712, y=0.249, z=0.117
[INFO] [1775609123.877745848] [scene_from_vision_node]: Published obj_4 (heartbeat) at x=0.712, y=0.249, z=0.117
[INFO] [1775609125.880171648] [scene_from_vision_node]: Published obj_4 (heartbeat) at x=0.712, y=0.249, z=0.117
[INFO] [1775609128.378392629] [scene_from_vision_node]: Published obj_4 (heartbeat) at x=0.712, y=0.249, z=0.117
[INFO] [1775609130.386169875] [scene_from_vision_node]: Published obj_4 (heartbeat) at x=0.712, y=0.249, z=0.117
[INFO] [1775609132.377439353] [scene_from_vision_node]: Published obj_4 (heartbeat) at x=0.712, y=0.249, z=0.117
[INFO] [1775609134.878279777] [scene_from_vision_node]: Published obj_4 (heartbeat) at x=0.712, y=0.249, z=0.117
[INFO] [1775609136.878284597] [scene_from_vision_node]: Published obj_4 (heartbeat) at x=0.712, y=0.249, z=0.117
[INFO] [1775609138.880740181] [scene_from_vision_node]: Published obj_4 (heartbeat) at x=0.712, y=0.249, z=0.117
[INFO] [1775609141.378431829] [scene_from_vision_node]: Published obj_4 (heartbeat) at x=0.712, y=0.249, z=0.117
[INFO] [1775609143.377406064] [scene_from_vision_node]: Published obj_4 (heartbeat) at x=0.712, y=0.249, z=0.117
[INFO] [1775609145.382107231] [scene_from_vision_node]: Published obj_4 (heartbeat) at x=0.712, y=0.249, z=0.117
[INFO] [1775609147.884623325] [scene_from_vision_node]: Published obj_4 (heartbeat) at x=0.712, y=0.249, z=0.117
[INFO] [1775609149.888186417] [scene_from_vision_node]: Published obj_4 (heartbeat) at x=0.712, y=0.249, z=0.117
[INFO] [1775609152.380279905] [scene_from_vision_node]: Published obj_4 (heartbeat) at x=0.712, y=0.249, z=0.117
[INFO] [1775609154.882350669] [scene_from_vision_node]: Published obj_4 (heartbeat) at x=0.712, y=0.249, z=0.117
[INFO] [1775609157.378156595] [scene_from_vision_node]: Published obj_4 (heartbeat) at x=0.712, y=0.249, z=0.117
[INFO] [1775609159.877707272] [scene_from_vision_node]: Published obj_4 (heartbeat) at x=0.712, y=0.249, z=0.117
[INFO] [1775609161.882096755] [scene_from_vision_node]: Published obj_4 (heartbeat) at x=0.712, y=0.249, z=0.117
[INFO] [1775609164.381123692] [scene_from_vision_node]: Published obj_4 (heartbeat) at x=0.712, y=0.249, z=0.117
[INFO] [1775609166.379425716] [scene_from_vision_node]: Published obj_4 (heartbeat) at x=0.712, y=0.249, z=0.117
[INFO] [1775609168.877029223] [scene_from_vision_node]: Published obj_4 (heartbeat) at x=0.712, y=0.249, z=0.117
[INFO] [1775609170.880886494] [scene_from_vision_node]: Published obj_4 (heartbeat) at x=0.712, y=0.249, z=0.117
[INFO] [1775609172.881907082] [scene_from_vision_node]: Published obj_4 (heartbeat) at x=0.712, y=0.249, z=0.117
[INFO] [1775609175.377695018] [scene_from_vision_node]: Published obj_4 (heartbeat) at x=0.712, y=0.249, z=0.117
[INFO] [1775609177.385609979] [scene_from_vision_node]: Published obj_4 (heartbeat) at x=0.712, y=0.249, z=0.117
[INFO] [1775609179.885617343] [scene_from_vision_node]: Published obj_4 (heartbeat) at x=0.712, y=0.249, z=0.117
[INFO] [1775609182.381851237] [scene_from_vision_node]: Published obj_4 (heartbeat) at x=0.712, y=0.249, z=0.117
[INFO] [1775609184.881693950] [scene_from_vision_node]: Published obj_4 (heartbeat) at x=0.712, y=0.249, z=0.117
[INFO] [1775609187.381655032] [scene_from_vision_node]: Published obj_4 (heartbeat) at x=0.712, y=0.249, z=0.117
[INFO] [1775609189.383987088] [scene_from_vision_node]: Published obj_4 (heartbeat) at x=0.712, y=0.249, z=0.117
[INFO] [1775609191.882064943] [scene_from_vision_node]: Published obj_4 (heartbeat) at x=0.712, y=0.249, z=0.117
[INFO] [1775609194.378239587] [scene_from_vision_node]: Published obj_4 (heartbeat) at x=0.712, y=0.249, z=0.117
[INFO] [1775609196.381041583] [scene_from_vision_node]: Published obj_4 (heartbeat) at x=0.712, y=0.249, z=0.117
[INFO] [1775609198.877457340] [scene_from_vision_node]: Published obj_4 (heartbeat) at x=0.712, y=0.249, z=0.117
[INFO] [1775609200.878911774] [scene_from_vision_node]: Published obj_4 (heartbeat) at x=0.712, y=0.249, z=0.117
[INFO] [1775609203.393161932] [scene_from_vision_node]: Published obj_4 (heartbeat) at x=0.712, y=0.249, z=0.117
[INFO] [1775609205.876207960] [scene_from_vision_node]: Published obj_4 (heartbeat) at x=0.712, y=0.249, z=0.117
[INFO] [1775609208.377335076] [scene_from_vision_node]: Published obj_4 (heartbeat) at x=0.712, y=0.249, z=0.117
[INFO] [1775609210.377234116] [scene_from_vision_node]: Published obj_4 (heartbeat) at x=0.712, y=0.249, z=0.117
[INFO] [1775609212.377781911] [scene_from_vision_node]: Published obj_4 (heartbeat) at x=0.712, y=0.249, z=0.117
[INFO] [1775609214.879943851] [scene_from_vision_node]: Published obj_4 (heartbeat) at x=0.712, y=0.249, z=0.117
[INFO] [1775609217.378454425] [scene_from_vision_node]: Published obj_4 (heartbeat) at x=0.712, y=0.249, z=0.117
[INFO] [1775609219.379684573] [scene_from_vision_node]: Published obj_4 (heartbeat) at x=0.712, y=0.249, z=0.117
[INFO] [1775609221.379099257] [scene_from_vision_node]: Published obj_4 (heartbeat) at x=0.712, y=0.249, z=0.117
[INFO] [1775609223.879891467] [scene_from_vision_node]: Published obj_4 (heartbeat) at x=0.712, y=0.249, z=0.117
[INFO] [1775609226.379110795] [scene_from_vision_node]: Published obj_4 (heartbeat) at x=0.712, y=0.249, z=0.117
[INFO] [1775609228.877895228] [scene_from_vision_node]: Published obj_4 (heartbeat) at x=0.712, y=0.249, z=0.117
[INFO] [1775609230.887475688] [scene_from_vision_node]: Published obj_4 (heartbeat) at x=0.712, y=0.249, z=0.117
[INFO] [1775609233.382111255] [scene_from_vision_node]: Published obj_4 (heartbeat) at x=0.712, y=0.249, z=0.117
[INFO] [1775609235.880087940] [scene_from_vision_node]: Published obj_4 (heartbeat) at x=0.712, y=0.249, z=0.117
[INFO] [1775609238.378614335] [scene_from_vision_node]: Published obj_4 (heartbeat) at x=0.712, y=0.249, z=0.117
[INFO] [1775609240.877949190] [scene_from_vision_node]: Published obj_4 (heartbeat) at x=0.712, y=0.249, z=0.117
[INFO] [1775609243.378209229] [scene_from_vision_node]: Published obj_4 (heartbeat) at x=0.712, y=0.249, z=0.117
[INFO] [1775609245.878975780] [scene_from_vision_node]: Published obj_4 (heartbeat) at x=0.712, y=0.249, z=0.117
[INFO] [1775609248.378001034] [scene_from_vision_node]: Published obj_4 (heartbeat) at x=0.712, y=0.249, z=0.117
[INFO] [1775609250.378131297] [scene_from_vision_node]: Published obj_4 (heartbeat) at x=0.712, y=0.249, z=0.117
[INFO] [1775609252.880033833] [scene_from_vision_node]: Published obj_4 (heartbeat) at x=0.712, y=0.249, z=0.117
[INFO] [1775609255.379639831] [scene_from_vision_node]: Published obj_4 (heartbeat) at x=0.712, y=0.249, z=0.117
[INFO] [1775609257.881571812] [scene_from_vision_node]: Published obj_4 (heartbeat) at x=0.712, y=0.249, z=0.117
[INFO] [1775609259.878706330] [scene_from_vision_node]: Published obj_4 (heartbeat) at x=0.712, y=0.249, z=0.117
[INFO] [1775609262.377852628] [scene_from_vision_node]: Published obj_4 (heartbeat) at x=0.712, y=0.249, z=0.117
[INFO] [1775609264.879087208] [scene_from_vision_node]: Published obj_4 (heartbeat) at x=0.712, y=0.249, z=0.117
[INFO] [1775609267.379475401] [scene_from_vision_node]: Published obj_4 (heartbeat) at x=0.712, y=0.249, z=0.117
[INFO] [1775609269.884068354] [scene_from_vision_node]: Published obj_4 (heartbeat) at x=0.712, y=0.249, z=0.117
[INFO] [1775609272.379308507] [scene_from_vision_node]: Published obj_4 (heartbeat) at x=0.712, y=0.249, z=0.117
[INFO] [1775609274.879040757] [scene_from_vision_node]: Published obj_4 (heartbeat) at x=0.712, y=0.249, z=0.117
[INFO] [1775609277.377507065] [scene_from_vision_node]: Published obj_4 (heartbeat) at x=0.712, y=0.249, z=0.117
[INFO] [1775609279.377456752] [scene_from_vision_node]: Published obj_4 (heartbeat) at x=0.712, y=0.249, z=0.117
[INFO] [1775609281.382044916] [scene_from_vision_node]: Published obj_4 (heartbeat) at x=0.712, y=0.249, z=0.117
[INFO] [1775609283.380630965] [scene_from_vision_node]: Published obj_4 (heartbeat) at x=0.712, y=0.249, z=0.117
[INFO] [1775609285.878558220] [scene_from_vision_node]: Published obj_4 (heartbeat) at x=0.712, y=0.249, z=0.117
[INFO] [1775609288.377437998] [scene_from_vision_node]: Published obj_4 (heartbeat) at x=0.712, y=0.249, z=0.117
[INFO] [1775609290.877332241] [scene_from_vision_node]: Published obj_4 (heartbeat) at x=0.712, y=0.249, z=0.117
[INFO] [1775609292.881537038] [scene_from_vision_node]: Published obj_4 (heartbeat) at x=0.712, y=0.249, z=0.117
[INFO] [1775609294.876939227] [scene_from_vision_node]: Published obj_4 (heartbeat) at x=0.712, y=0.249, z=0.117
[INFO] [1775609296.879992983] [scene_from_vision_node]: Published obj_4 (heartbeat) at x=0.712, y=0.249, z=0.117
[INFO] [1775609299.381124038] [scene_from_vision_node]: Published obj_4 (heartbeat) at x=0.712, y=0.249, z=0.117
[INFO] [1775609301.878315897] [scene_from_vision_node]: Published obj_4 (heartbeat) at x=0.712, y=0.249, z=0.117
[INFO] [1775609303.881195997] [scene_from_vision_node]: Published obj_4 (heartbeat) at x=0.712, y=0.249, z=0.117
[INFO] [1775609306.377033349] [scene_from_vision_node]: Published obj_4 (heartbeat) at x=0.712, y=0.249, z=0.117
[INFO] [1775609308.377321618] [scene_from_vision_node]: Published obj_4 (heartbeat) at x=0.712, y=0.249, z=0.117
[INFO] [1775609310.881050283] [scene_from_vision_node]: Published obj_4 (heartbeat) at x=0.712, y=0.249, z=0.117
[INFO] [1775609313.378424147] [scene_from_vision_node]: Published obj_4 (heartbeat) at x=0.712, y=0.249, z=0.117
[INFO] [1775609315.881343922] [scene_from_vision_node]: Published obj_4 (heartbeat) at x=0.712, y=0.249, z=0.117
[INFO] [1775609318.388392036] [scene_from_vision_node]: Published obj_4 (heartbeat) at x=0.712, y=0.249, z=0.117
[INFO] [1775609320.878047526] [scene_from_vision_node]: Published obj_4 (heartbeat) at x=0.712, y=0.249, z=0.117
[INFO] [1775609322.877044868] [scene_from_vision_node]: Published obj_4 (heartbeat) at x=0.712, y=0.249, z=0.117
[INFO] [1775609324.894405075] [scene_from_vision_node]: Published obj_4 (heartbeat) at x=0.712, y=0.249, z=0.117
[INFO] [1775609327.378541416] [scene_from_vision_node]: Published obj_4 (heartbeat) at x=0.712, y=0.249, z=0.117
[INFO] [1775609329.381462554] [scene_from_vision_node]: Published obj_4 (heartbeat) at x=0.712, y=0.249, z=0.117
[INFO] [1775609331.877596189] [scene_from_vision_node]: Published obj_4 (heartbeat) at x=0.712, y=0.249, z=0.117
[INFO] [1775609333.878572419] [scene_from_vision_node]: Published obj_4 (heartbeat) at x=0.712, y=0.249, z=0.117
[INFO] [1775609335.880058743] [scene_from_vision_node]: Published obj_4 (heartbeat) at x=0.712, y=0.249, z=0.117
[INFO] [1775609338.378530727] [scene_from_vision_node]: Published obj_4 (heartbeat) at x=0.712, y=0.249, z=0.117
[INFO] [1775609340.878142608] [scene_from_vision_node]: Published obj_4 (heartbeat) at x=0.712, y=0.249, z=0.117
[INFO] [1775609342.878414414] [scene_from_vision_node]: Published obj_4 (heartbeat) at x=0.712, y=0.249, z=0.117
[INFO] [1775609344.877570393] [scene_from_vision_node]: Published obj_4 (heartbeat) at x=0.712, y=0.249, z=0.117
[INFO] [1775609346.881245705] [scene_from_vision_node]: Published obj_4 (heartbeat) at x=0.712, y=0.249, z=0.117
[INFO] [1775609349.377756602] [scene_from_vision_node]: Published obj_4 (heartbeat) at x=0.712, y=0.249, z=0.117
[INFO] [1775609351.878127062] [scene_from_vision_node]: Published obj_4 (heartbeat) at x=0.712, y=0.249, z=0.117
[INFO] [1775609353.879695173] [scene_from_vision_node]: Published obj_4 (heartbeat) at x=0.712, y=0.249, z=0.117
[INFO] [1775609355.885250003] [scene_from_vision_node]: Published obj_4 (heartbeat) at x=0.712, y=0.249, z=0.117
[INFO] [1775609358.381226714] [scene_from_vision_node]: Published obj_4 (heartbeat) at x=0.712, y=0.249, z=0.117
[INFO] [1775609360.383589217] [scene_from_vision_node]: Published obj_4 (heartbeat) at x=0.712, y=0.249, z=0.117
[INFO] [1775609362.882724653] [scene_from_vision_node]: Published obj_4 (heartbeat) at x=0.712, y=0.249, z=0.117
[INFO] [1775609364.885174891] [scene_from_vision_node]: Published obj_4 (heartbeat) at x=0.712, y=0.249, z=0.117
[INFO] [1775609366.885567267] [scene_from_vision_node]: Published obj_4 (heartbeat) at x=0.712, y=0.249, z=0.117
[INFO] [1775609369.379612928] [scene_from_vision_node]: Published obj_4 (heartbeat) at x=0.712, y=0.249, z=0.117
[INFO] [1775609371.889033546] [scene_from_vision_node]: Published obj_4 (heartbeat) at x=0.712, y=0.249, z=0.117
[INFO] [1775609374.378308274] [scene_from_vision_node]: Published obj_4 (heartbeat) at x=0.712, y=0.249, z=0.117
[INFO] [1775609376.381517957] [scene_from_vision_node]: Published obj_4 (heartbeat) at x=0.712, y=0.249, z=0.117
[INFO] [1775609378.879887954] [scene_from_vision_node]: Published obj_4 (heartbeat) at x=0.712, y=0.249, z=0.117
[INFO] [1775609381.379212624] [scene_from_vision_node]: Published obj_4 (heartbeat) at x=0.712, y=0.249, z=0.117
[INFO] [1775609383.879069143] [scene_from_vision_node]: Published obj_4 (heartbeat) at x=0.712, y=0.249, z=0.117
[INFO] [1775609386.379879339] [scene_from_vision_node]: Published obj_4 (heartbeat) at x=0.712, y=0.249, z=0.117
[INFO] [1775609388.878320817] [scene_from_vision_node]: Published obj_4 (heartbeat) at x=0.712, y=0.249, z=0.117
[INFO] [1775609390.882162603] [scene_from_vision_node]: Published obj_4 (heartbeat) at x=0.712, y=0.249, z=0.117
[INFO] [1775609392.880373501] [scene_from_vision_node]: Published obj_4 (heartbeat) at x=0.712, y=0.249, z=0.117
[INFO] [1775609395.377001835] [scene_from_vision_node]: Published obj_4 (heartbeat) at x=0.712, y=0.249, z=0.117
[INFO] [1775609397.378240340] [scene_from_vision_node]: Published obj_4 (heartbeat) at x=0.712, y=0.249, z=0.117
[INFO] [1775609399.380675302] [scene_from_vision_node]: Published obj_4 (heartbeat) at x=0.712, y=0.249, z=0.117
[INFO] [1775609401.378173517] [scene_from_vision_node]: Published obj_4 (heartbeat) at x=0.712, y=0.249, z=0.117
[INFO] [1775609403.879120715] [scene_from_vision_node]: Published obj_4 (heartbeat) at x=0.712, y=0.249, z=0.117
[INFO] [1775609405.877291494] [scene_from_vision_node]: Published obj_4 (heartbeat) at x=0.712, y=0.249, z=0.117
[INFO] [1775609408.390878419] [scene_from_vision_node]: Published obj_4 (heartbeat) at x=0.712, y=0.249, z=0.117
[INFO] [1775609410.884294933] [scene_from_vision_node]: Published obj_4 (heartbeat) at x=0.712, y=0.249, z=0.117
[INFO] [1775609412.881965871] [scene_from_vision_node]: Published obj_4 (heartbeat) at x=0.712, y=0.249, z=0.117
[INFO] [1775609414.880202427] [scene_from_vision_node]: Published obj_4 (heartbeat) at x=0.712, y=0.249, z=0.117
[INFO] [1775609417.380453623] [scene_from_vision_node]: Published obj_4 (heartbeat) at x=0.712, y=0.249, z=0.117
[INFO] [1775609419.379023013] [scene_from_vision_node]: Published obj_4 (heartbeat) at x=0.712, y=0.249, z=0.117
[INFO] [1775609421.379178230] [scene_from_vision_node]: Published obj_4 (heartbeat) at x=0.712, y=0.249, z=0.117
[INFO] [1775609423.380185886] [scene_from_vision_node]: Published obj_4 (heartbeat) at x=0.712, y=0.249, z=0.117
[INFO] [1775609425.877306281] [scene_from_vision_node]: Published obj_4 (heartbeat) at x=0.712, y=0.249, z=0.117
[INFO] [1775609427.878514062] [scene_from_vision_node]: Published obj_4 (heartbeat) at x=0.712, y=0.249, z=0.117
[INFO] [1775609429.884022430] [scene_from_vision_node]: Published obj_4 (heartbeat) at x=0.712, y=0.249, z=0.117
[INFO] [1775609432.379097299] [scene_from_vision_node]: Published obj_4 (heartbeat) at x=0.712, y=0.249, z=0.117
[INFO] [1775609434.378774891] [scene_from_vision_node]: Published obj_4 (heartbeat) at x=0.712, y=0.249, z=0.117
[INFO] [1775609436.879583806] [scene_from_vision_node]: Published obj_4 (heartbeat) at x=0.712, y=0.249, z=0.117
[INFO] [1775609438.880073131] [scene_from_vision_node]: Published obj_4 (heartbeat) at x=0.712, y=0.249, z=0.117
[INFO] [1775609441.377987619] [scene_from_vision_node]: Published obj_4 (heartbeat) at x=0.712, y=0.249, z=0.117
[INFO] [1775609443.380125917] [scene_from_vision_node]: Published obj_4 (heartbeat) at x=0.712, y=0.249, z=0.117
[INFO] [1775609445.384122741] [scene_from_vision_node]: Published obj_4 (heartbeat) at x=0.712, y=0.249, z=0.117
[INFO] [1775609447.877812521] [scene_from_vision_node]: Published obj_4 (heartbeat) at x=0.712, y=0.249, z=0.117
[INFO] [1775609450.378905752] [scene_from_vision_node]: Published obj_4 (heartbeat) at x=0.712, y=0.249, z=0.117
[INFO] [1775609452.380234295] [scene_from_vision_node]: Published obj_4 (heartbeat) at x=0.712, y=0.249, z=0.117
[INFO] [1775609454.877924943] [scene_from_vision_node]: Published obj_4 (heartbeat) at x=0.712, y=0.249, z=0.117
[INFO] [1775609456.878107534] [scene_from_vision_node]: Published obj_4 (heartbeat) at x=0.712, y=0.249, z=0.117
[INFO] [1775609458.885574044] [scene_from_vision_node]: Published obj_4 (heartbeat) at x=0.712, y=0.249, z=0.117
[INFO] [1775609461.379276454] [scene_from_vision_node]: Published obj_4 (heartbeat) at x=0.712, y=0.249, z=0.117
[INFO] [1775609463.377611512] [scene_from_vision_node]: Published obj_4 (heartbeat) at x=0.712, y=0.249, z=0.117
[INFO] [1775609465.378516893] [scene_from_vision_node]: Published obj_4 (heartbeat) at x=0.712, y=0.249, z=0.117
[INFO] [1775609467.877183070] [scene_from_vision_node]: Published obj_4 (heartbeat) at x=0.712, y=0.249, z=0.117
[INFO] [1775609469.880595265] [scene_from_vision_node]: Published obj_4 (heartbeat) at x=0.712, y=0.249, z=0.117
[INFO] [1775609472.379655948] [scene_from_vision_node]: Published obj_4 (heartbeat) at x=0.712, y=0.249, z=0.117
[INFO] [1775609474.383286534] [scene_from_vision_node]: Published obj_4 (heartbeat) at x=0.712, y=0.249, z=0.117
[INFO] [1775609476.882277655] [scene_from_vision_node]: Published obj_4 (heartbeat) at x=0.712, y=0.249, z=0.117
[INFO] [1775609479.376132035] [scene_from_vision_node]: Published obj_4 (heartbeat) at x=0.712, y=0.249, z=0.117
[INFO] [1775609481.377893285] [scene_from_vision_node]: Published obj_4 (heartbeat) at x=0.712, y=0.249, z=0.117
