
===== 2026-04-08T11:19:37-04:00 | T3_camera_publisher =====
cwd=/home/carrt-cse-project/workspace/ros2_kortex_ws
cmd=ros2 run adl_tasks wrist_camera_usb_publisher 

[INFO] [1775661578.958285379] [wrist_camera_usb_publisher_node]: USB camera publisher: trying camera source index 2.
[ WARN:0@0.545] global ./modules/videoio/src/cap_v4l.cpp (902) open VIDEOIO(V4L2:/dev/video2): can't open camera by index
[INFO] [1775661578.959105754] [wrist_camera_usb_publisher_node]: USB camera publisher: trying camera source index 0.
[ WARN:0@0.546] global ./modules/videoio/src/cap_v4l.cpp (902) open VIDEOIO(V4L2:/dev/video0): can't open camera by index
[INFO] [1775661578.959929768] [wrist_camera_usb_publisher_node]: USB camera publisher: trying camera source index 1.
[ WARN:0@0.546] global ./modules/videoio/src/cap_v4l.cpp (902) open VIDEOIO(V4L2:/dev/video1): can't open camera by index
[INFO] [1775661578.960975863] [wrist_camera_usb_publisher_node]: USB camera publisher: trying camera source index 3.
[ WARN:0@0.547] global ./modules/videoio/src/cap_v4l.cpp (902) open VIDEOIO(V4L2:/dev/video3): can't open camera by index
[INFO] [1775661578.961786727] [wrist_camera_usb_publisher_node]: USB camera publisher: trying camera source index 4.
[ WARN:0@0.548] global ./modules/videoio/src/cap_v4l.cpp (902) open VIDEOIO(V4L2:/dev/video4): can't open camera by index
[INFO] [1775661578.962491854] [wrist_camera_usb_publisher_node]: USB camera publisher: trying camera source index 5.
[ WARN:0@0.549] global ./modules/videoio/src/cap_v4l.cpp (902) open VIDEOIO(V4L2:/dev/video5): can't open camera by index
[WARN] [1775661578.963081317] [wrist_camera_usb_publisher_node]: USB camera publisher: V4L2 probing failed. Retrying default OpenCV backend on index 2.
[ WARN:0@0.562] global ./modules/videoio/src/cap_gstreamer.cpp (2401) handleMessage OpenCV | GStreamer warning: Embedded video playback halted; module v4l2src0 reported: Cannot identify device '/dev/video2'.
[ WARN:0@0.562] global ./modules/videoio/src/cap_gstreamer.cpp (1356) open OpenCV | GStreamer warning: unable to start pipeline
[ WARN:0@0.562] global ./modules/videoio/src/cap_gstreamer.cpp (862) isPipelinePlaying OpenCV | GStreamer warning: GStreamer: pipeline have not been created
[ WARN:0@0.562] global ./modules/videoio/src/cap_v4l.cpp (902) open VIDEOIO(V4L2:/dev/video2): can't open camera by index
[INFO] [1775661579.045134455] [wrist_camera_usb_publisher_node]: Wrist Camera USB Publisher started.
[INFO] [1775661579.045800649] [wrist_camera_usb_publisher_node]: Publishing USB camera frames on /wrist_mounted_camera/image with frame_id=wrist_mounted_camera_color_optical_frame.
[INFO] [1775661579.046734638] [wrist_camera_usb_publisher_node]: Publishing camera info on /wrist_mounted_camera/camera_info from reference intrinsics [554.25, 554.25, 320.0, 240.0] @ 640x480.
[INFO] [1775661579.048000583] [wrist_camera_usb_publisher_node]: Using explicit camera_matrix for CameraInfo. matrix_size=1280x720, K=[920.874267578125, 0.0, 644.7646484375, 0.0, 921.5654907226562, 343.1528625488281, 0.0, 0.0, 1.0], d=[0.0, 0.0, 0.0, 0.0, 0.0]
[INFO] [1775661579.049420858] [wrist_camera_usb_publisher_node]: Requested source=2 size=1280x720 fps=10.0
[ERROR] [1775661579.050653059] [wrist_camera_usb_publisher_node]: USB camera publisher could not open any camera source. Check VirtualBox USB pass-through and the selected /dev/videoX.
