
===== 2026-04-08T20:10:05-04:00 | T1_adl_start =====
cwd=/home/carrt-cse-project/workspace/ros2_kortex_ws
cmd=ros2 launch adl_tasks adl_start.launch.py start_arm:=true arm_robot_ip:=192.168.0.10 arm_use_fake_hardware:=false arm_use_joint_state_sanitizer:=true use_stub:=false start_usb_camera_publisher:=true launch_ui:=true 

[INFO] [launch]: All log files can be found below /home/carrt-cse-project/.ros/log/2026-04-08-20-10-06-127829-carrt-cse-project-OptiPlex-5050-11981
[INFO] [launch]: Default logging verbosity is set to INFO
[INFO] [launch.user]: [arm_vbox.launch] MoveIt current state source: /joint_states_sanitized. Use use_joint_state_sanitizer:=false for raw-state viewer debugging.
[INFO] [launch.user]: [arm_vbox.launch] Using ADL VBox controller config (share/adl_tasks/config/ros2_controllers_vbox.yaml, update_rate:=50 Hz).
[INFO] [ros2_control_node-1]: process started with pid [11985]
[INFO] [robot_state_publisher-2]: process started with pid [11986]
[INFO] [joint_state_sanitizer-3]: process started with pid [11987]
[INFO] [spawner-4]: process started with pid [11988]
[INFO] [static_transform_publisher-5]: process started with pid [11989]
[INFO] [static_transform_publisher-6]: process started with pid [11990]
[INFO] [scene_static-7]: process started with pid [11991]
[INFO] [wrist_camera_usb_publisher-8]: process started with pid [11992]
[INFO] [vision_apriltag-9]: process started with pid [11993]
[INFO] [scene_from_vision-10]: process started with pid [11994]
[INFO] [adl_controller-11]: process started with pid [11995]
[INFO] [pick_dropped_bottle-12]: process started with pid [11996]
[INFO] [clear_table-13]: process started with pid [11997]
[INFO] [give_medication-14]: process started with pid [11998]
[INFO] [adl_ui-15]: process started with pid [11999]
[robot_state_publisher-2] [INFO] [1775693406.418646111] [robot_state_publisher]: Robot initialized
[static_transform_publisher-6] [INFO] [1775693406.456724348] [camera_color_optical_bridge_tf_pub]: Spinning until stopped - publishing transform
[static_transform_publisher-6] translation: ('0.000000', '0.000000', '0.000000')
[static_transform_publisher-6] rotation: ('0.000000', '0.000000', '0.000000', '1.000000')
[static_transform_publisher-6] from 'camera_color_frame' to 'wrist_mounted_camera_color_optical_frame'
[static_transform_publisher-5] [INFO] [1775693406.503934412] [static_transform_publisher]: Spinning until stopped - publishing transform
[static_transform_publisher-5] translation: ('0.000000', '0.000000', '0.000000')
[static_transform_publisher-5] rotation: ('0.000000', '0.000000', '0.000000', '1.000000')
[static_transform_publisher-5] from 'world' to 'base_link'
[ros2_control_node-1] [INFO] [1775693406.632613618] [controller_manager]: Using Steady (Monotonic) clock for triggering controller manager cycles.
[ros2_control_node-1] [INFO] [1775693406.647457995] [controller_manager]: Subscribing to '/robot_description' topic for robot description.
[ros2_control_node-1] [INFO] [1775693406.652279235] [controller_manager]: update rate is 50 Hz
[ros2_control_node-1] [INFO] [1775693406.652308694] [controller_manager]: Overruns handling is : enabled
[ros2_control_node-1] [INFO] [1775693406.652320164] [controller_manager]: Spawning controller_manager RT thread with scheduler priority: 50
[ros2_control_node-1] [INFO] [1775693406.653283247] [controller_manager]: Successful set up FIFO RT scheduling policy with priority 50.
[ros2_control_node-1] [INFO] [1775693406.843438306] [controller_manager]: Received robot description from topic.
[ros2_control_node-1] [INFO] [1775693406.843512250] [controller_manager]: Enforcing command limits is disabled. Command limits from URDF will be ignored.
[ros2_control_node-1] [INFO] [1775693406.862632452] [controller_manager]: Loading hardware 'KortexMultiInterfaceHardware' 
[ros2_control_node-1] [INFO] [1775693406.898191212] [KortexMultiInterfaceHardware]: Setting severity threshold to DEBUG
[ros2_control_node-1] [INFO] [1775693406.899335783] [controller_manager]: Loaded hardware 'KortexMultiInterfaceHardware' from plugin 'kortex_driver/KortexMultiInterfaceHardware'
[ros2_control_node-1] [INFO] [1775693406.900146624] [controller_manager]: Initialize hardware 'KortexMultiInterfaceHardware' 
[joint_state_sanitizer-3] [37;1m2026-04-08 20:10:06.903 [31;1m[[37;1mRTPS_TRANSPORT_SHM[31;1m Error] [37mFailed init_port fastrtps_port7015: open_and_lock_file failed[34;1m -> Function [36mopen_port_internal[m
[joint_state_sanitizer-3] [37;1m2026-04-08 20:10:06.905 [31;1m[[37;1mRTPS_TRANSPORT_SHM[31;1m Error] [37mFailed init_port fastrtps_port7016: open_and_lock_file failed[34;1m -> Function [36mopen_port_internal[m
[joint_state_sanitizer-3] [37;1m2026-04-08 20:10:06.905 [31;1m[[37;1mRTPS_TRANSPORT_SHM[31;1m Error] [37mFailed init_port fastrtps_port7017: open_and_lock_file failed[34;1m -> Function [36mopen_port_internal[m
[joint_state_sanitizer-3] [37;1m2026-04-08 20:10:06.906 [31;1m[[37;1mRTPS_TRANSPORT_SHM[31;1m Error] [37mFailed init_port fastrtps_port7018: open_and_lock_file failed[34;1m -> Function [36mopen_port_internal[m
[joint_state_sanitizer-3] [37;1m2026-04-08 20:10:06.906 [31;1m[[37;1mRTPS_TRANSPORT_SHM[31;1m Error] [37mFailed init_port fastrtps_port7019: open_and_lock_file failed[34;1m -> Function [36mopen_port_internal[m
[joint_state_sanitizer-3] [37;1m2026-04-08 20:10:06.906 [31;1m[[37;1mRTPS_TRANSPORT_SHM[31;1m Error] [37mFailed init_port fastrtps_port7020: open_and_lock_file failed[34;1m -> Function [36mopen_port_internal[m
[joint_state_sanitizer-3] [37;1m2026-04-08 20:10:06.907 [31;1m[[37;1mRTPS_TRANSPORT_SHM[31;1m Error] [37mFailed init_port fastrtps_port7022: open_and_lock_file failed[34;1m -> Function [36mopen_port_internal[m
[joint_state_sanitizer-3] [37;1m2026-04-08 20:10:06.908 [31;1m[[37;1mRTPS_TRANSPORT_SHM[31;1m Error] [37mFailed init_port fastrtps_port7023: open_and_lock_file failed[34;1m -> Function [36mopen_port_internal[m
[joint_state_sanitizer-3] [37;1m2026-04-08 20:10:06.909 [31;1m[[37;1mRTPS_TRANSPORT_SHM[31;1m Error] [37mFailed init_port fastrtps_port7024: open_and_lock_file failed[34;1m -> Function [36mopen_port_internal[m
[joint_state_sanitizer-3] [37;1m2026-04-08 20:10:06.909 [31;1m[[37;1mRTPS_TRANSPORT_SHM[31;1m Error] [37mFailed init_port fastrtps_port7025: open_and_lock_file failed[34;1m -> Function [36mopen_port_internal[m
[joint_state_sanitizer-3] [37;1m2026-04-08 20:10:06.909 [31;1m[[37;1mRTPS_TRANSPORT_SHM[31;1m Error] [37mFailed init_port fastrtps_port7026: open_and_lock_file failed[34;1m -> Function [36mopen_port_internal[m
[joint_state_sanitizer-3] [37;1m2026-04-08 20:10:06.909 [31;1m[[37;1mRTPS_TRANSPORT_SHM[31;1m Error] [37mFailed init_port fastrtps_port7027: open_and_lock_file failed[34;1m -> Function [36mopen_port_internal[m
[joint_state_sanitizer-3] [37;1m2026-04-08 20:10:06.910 [31;1m[[37;1mRTPS_TRANSPORT_SHM[31;1m Error] [37mFailed init_port fastrtps_port7028: open_and_lock_file failed[34;1m -> Function [36mopen_port_internal[m
[joint_state_sanitizer-3] [37;1m2026-04-08 20:10:06.912 [31;1m[[37;1mRTPS_TRANSPORT_SHM[31;1m Error] [37mFailed init_port fastrtps_port7029: open_and_lock_file failed[34;1m -> Function [36mopen_port_internal[m
[joint_state_sanitizer-3] [37;1m2026-04-08 20:10:06.912 [31;1m[[37;1mRTPS_TRANSPORT_SHM[31;1m Error] [37mFailed init_port fastrtps_port7030: open_and_lock_file failed[34;1m -> Function [36mopen_port_internal[m
[joint_state_sanitizer-3] [37;1m2026-04-08 20:10:06.912 [31;1m[[37;1mRTPS_TRANSPORT_SHM[31;1m Error] [37mFailed init_port fastrtps_port7031: open_and_lock_file failed[34;1m -> Function [36mopen_port_internal[m
[ros2_control_node-1] [INFO] [1775693406.934390104] [KortexMultiInterfaceHardware]: Configuring Hardware Interface
[ros2_control_node-1] [INFO] [1775693406.934764300] [KortexMultiInterfaceHardware]: Robot ip is '192.168.0.10'
[ros2_control_node-1] [INFO] [1775693406.934777506] [KortexMultiInterfaceHardware]: Username is 'admin'
[ros2_control_node-1] [INFO] [1775693406.934790449] [KortexMultiInterfaceHardware]: Port used '10000'
[ros2_control_node-1] [INFO] [1775693406.934796493] [KortexMultiInterfaceHardware]: Realtime port used '10001'
[ros2_control_node-1] [INFO] [1775693406.934801426] [KortexMultiInterfaceHardware]: Session inactivity timeout is '60000'
[ros2_control_node-1] [INFO] [1775693406.934806787] [KortexMultiInterfaceHardware]: Connection inactivity timeout is '2000'
[ros2_control_node-1] [INFO] [1775693406.934813471] [KortexMultiInterfaceHardware]: Gripper joint name is 'robotiq_85_left_knuckle_joint'
[ros2_control_node-1] [INFO] [1775693406.934844047] [KortexMultiInterfaceHardware]: Connecting to robot at 192.168.0.10
[ros2_control_node-1] [INFO] [1775693406.943464060] [KortexMultiInterfaceHardware]: Creating session for communication
[ros2_control_node-1] [INFO] [1775693407.003381361] [KortexMultiInterfaceHardware]: Session created
[spawner-4] [INFO] [1775693407.196085215] [spawner_joint_state_broadcaster]: waiting for service /controller_manager/list_controllers to become available...
[joint_state_sanitizer-3] [INFO] [1775693407.250708560] [joint_state_sanitizer_node]: joint_state_sanitizer started. raw=/joint_states -> sanitized=/joint_states_sanitized
[scene_static-7] [37;1m2026-04-08 20:10:07.356 [31;1m[[37;1mRTPS_TRANSPORT_SHM[31;1m Error] [37mFailed init_port fastrtps_port7015: open_and_lock_file failed[34;1m -> Function [36mopen_port_internal[m
[scene_static-7] [37;1m2026-04-08 20:10:07.360 [31;1m[[37;1mRTPS_TRANSPORT_SHM[31;1m Error] [37mFailed init_port fastrtps_port7016: open_and_lock_file failed[34;1m -> Function [36mopen_port_internal[m
[scene_static-7] [37;1m2026-04-08 20:10:07.361 [31;1m[[37;1mRTPS_TRANSPORT_SHM[31;1m Error] [37mFailed init_port fastrtps_port7017: open_and_lock_file failed[34;1m -> Function [36mopen_port_internal[m
[scene_static-7] [37;1m2026-04-08 20:10:07.361 [31;1m[[37;1mRTPS_TRANSPORT_SHM[31;1m Error] [37mFailed init_port fastrtps_port7018: open_and_lock_file failed[34;1m -> Function [36mopen_port_internal[m
[scene_static-7] [37;1m2026-04-08 20:10:07.361 [31;1m[[37;1mRTPS_TRANSPORT_SHM[31;1m Error] [37mFailed init_port fastrtps_port7019: open_and_lock_file failed[34;1m -> Function [36mopen_port_internal[m
[scene_static-7] [37;1m2026-04-08 20:10:07.361 [31;1m[[37;1mRTPS_TRANSPORT_SHM[31;1m Error] [37mFailed init_port fastrtps_port7020: open_and_lock_file failed[34;1m -> Function [36mopen_port_internal[m
[scene_static-7] [37;1m2026-04-08 20:10:07.362 [31;1m[[37;1mRTPS_TRANSPORT_SHM[31;1m Error] [37mFailed init_port fastrtps_port7022: open_and_lock_file failed[34;1m -> Function [36mopen_port_internal[m
[scene_static-7] [37;1m2026-04-08 20:10:07.362 [31;1m[[37;1mRTPS_TRANSPORT_SHM[31;1m Error] [37mFailed init_port fastrtps_port7023: open_and_lock_file failed[34;1m -> Function [36mopen_port_internal[m
[scene_static-7] [37;1m2026-04-08 20:10:07.362 [31;1m[[37;1mRTPS_TRANSPORT_SHM[31;1m Error] [37mFailed init_port fastrtps_port7024: open_and_lock_file failed[34;1m -> Function [36mopen_port_internal[m
[scene_static-7] [37;1m2026-04-08 20:10:07.362 [31;1m[[37;1mRTPS_TRANSPORT_SHM[31;1m Error] [37mFailed init_port fastrtps_port7025: open_and_lock_file failed[34;1m -> Function [36mopen_port_internal[m
[scene_static-7] [37;1m2026-04-08 20:10:07.362 [31;1m[[37;1mRTPS_TRANSPORT_SHM[31;1m Error] [37mFailed init_port fastrtps_port7026: open_and_lock_file failed[34;1m -> Function [36mopen_port_internal[m
[scene_static-7] [37;1m2026-04-08 20:10:07.363 [31;1m[[37;1mRTPS_TRANSPORT_SHM[31;1m Error] [37mFailed init_port fastrtps_port7027: open_and_lock_file failed[34;1m -> Function [36mopen_port_internal[m
[scene_static-7] [37;1m2026-04-08 20:10:07.363 [31;1m[[37;1mRTPS_TRANSPORT_SHM[31;1m Error] [37mFailed init_port fastrtps_port7028: open_and_lock_file failed[34;1m -> Function [36mopen_port_internal[m
[scene_static-7] [37;1m2026-04-08 20:10:07.363 [31;1m[[37;1mRTPS_TRANSPORT_SHM[31;1m Error] [37mFailed init_port fastrtps_port7029: open_and_lock_file failed[34;1m -> Function [36mopen_port_internal[m
[scene_static-7] [37;1m2026-04-08 20:10:07.363 [31;1m[[37;1mRTPS_TRANSPORT_SHM[31;1m Error] [37mFailed init_port fastrtps_port7030: open_and_lock_file failed[34;1m -> Function [36mopen_port_internal[m
[scene_static-7] [37;1m2026-04-08 20:10:07.364 [31;1m[[37;1mRTPS_TRANSPORT_SHM[31;1m Error] [37mFailed init_port fastrtps_port7031: open_and_lock_file failed[34;1m -> Function [36mopen_port_internal[m
[scene_static-7] [INFO] [1775693407.518142487] [scene_static_node]: Static Scene Node started.
[scene_static-7] [INFO] [1775693407.519472991] [scene_static_node]: WHEELCHAIR_BASE_HEIGHT = 0.36195m  |  Table surface at z = 0.088m | Table center at x = 0.681m | include_wheelchair_wall=True | include_left_desk_wall=True
[adl_ui-15] [37;1m2026-04-08 20:10:07.539 [31;1m[[37;1mRTPS_TRANSPORT_SHM[31;1m Error] [37mFailed init_port fastrtps_port7015: open_and_lock_file failed[34;1m -> Function [36mopen_port_internal[m
[adl_ui-15] [37;1m2026-04-08 20:10:07.542 [31;1m[[37;1mRTPS_TRANSPORT_SHM[31;1m Error] [37mFailed init_port fastrtps_port7016: open_and_lock_file failed[34;1m -> Function [36mopen_port_internal[m
[adl_ui-15] [37;1m2026-04-08 20:10:07.542 [31;1m[[37;1mRTPS_TRANSPORT_SHM[31;1m Error] [37mFailed init_port fastrtps_port7017: open_and_lock_file failed[34;1m -> Function [36mopen_port_internal[m
[adl_ui-15] [37;1m2026-04-08 20:10:07.545 [31;1m[[37;1mRTPS_TRANSPORT_SHM[31;1m Error] [37mFailed init_port fastrtps_port7018: open_and_lock_file failed[34;1m -> Function [36mopen_port_internal[m
[adl_ui-15] [37;1m2026-04-08 20:10:07.546 [31;1m[[37;1mRTPS_TRANSPORT_SHM[31;1m Error] [37mFailed init_port fastrtps_port7019: open_and_lock_file failed[34;1m -> Function [36mopen_port_internal[m
[adl_ui-15] [37;1m2026-04-08 20:10:07.546 [31;1m[[37;1mRTPS_TRANSPORT_SHM[31;1m Error] [37mFailed init_port fastrtps_port7020: open_and_lock_file failed[34;1m -> Function [36mopen_port_internal[m
[adl_ui-15] [37;1m2026-04-08 20:10:07.546 [31;1m[[37;1mRTPS_TRANSPORT_SHM[31;1m Error] [37mFailed init_port fastrtps_port7022: open_and_lock_file failed[34;1m -> Function [36mopen_port_internal[m
[adl_ui-15] [37;1m2026-04-08 20:10:07.547 [31;1m[[37;1mRTPS_TRANSPORT_SHM[31;1m Error] [37mFailed init_port fastrtps_port7023: open_and_lock_file failed[34;1m -> Function [36mopen_port_internal[m
[adl_ui-15] [37;1m2026-04-08 20:10:07.547 [31;1m[[37;1mRTPS_TRANSPORT_SHM[31;1m Error] [37mFailed init_port fastrtps_port7024: open_and_lock_file failed[34;1m -> Function [36mopen_port_internal[m
[adl_ui-15] [37;1m2026-04-08 20:10:07.547 [31;1m[[37;1mRTPS_TRANSPORT_SHM[31;1m Error] [37mFailed init_port fastrtps_port7025: open_and_lock_file failed[34;1m -> Function [36mopen_port_internal[m
[adl_ui-15] [37;1m2026-04-08 20:10:07.547 [31;1m[[37;1mRTPS_TRANSPORT_SHM[31;1m Error] [37mFailed init_port fastrtps_port7026: open_and_lock_file failed[34;1m -> Function [36mopen_port_internal[m
[adl_ui-15] [37;1m2026-04-08 20:10:07.548 [31;1m[[37;1mRTPS_TRANSPORT_SHM[31;1m Error] [37mFailed init_port fastrtps_port7027: open_and_lock_file failed[34;1m -> Function [36mopen_port_internal[m
[adl_ui-15] [37;1m2026-04-08 20:10:07.549 [31;1m[[37;1mRTPS_TRANSPORT_SHM[31;1m Error] [37mFailed init_port fastrtps_port7028: open_and_lock_file failed[34;1m -> Function [36mopen_port_internal[m
[adl_ui-15] [37;1m2026-04-08 20:10:07.549 [31;1m[[37;1mRTPS_TRANSPORT_SHM[31;1m Error] [37mFailed init_port fastrtps_port7029: open_and_lock_file failed[34;1m -> Function [36mopen_port_internal[m
[adl_ui-15] [37;1m2026-04-08 20:10:07.550 [31;1m[[37;1mRTPS_TRANSPORT_SHM[31;1m Error] [37mFailed init_port fastrtps_port7030: open_and_lock_file failed[34;1m -> Function [36mopen_port_internal[m
[adl_ui-15] [37;1m2026-04-08 20:10:07.550 [31;1m[[37;1mRTPS_TRANSPORT_SHM[31;1m Error] [37mFailed init_port fastrtps_port7031: open_and_lock_file failed[34;1m -> Function [36mopen_port_internal[m
[wrist_camera_usb_publisher-8] [37;1m2026-04-08 20:10:07.589 [31;1m[[37;1mRTPS_TRANSPORT_SHM[31;1m Error] [37mFailed init_port fastrtps_port7015: open_and_lock_file failed[34;1m -> Function [36mopen_port_internal[m
[wrist_camera_usb_publisher-8] [37;1m2026-04-08 20:10:07.591 [31;1m[[37;1mRTPS_TRANSPORT_SHM[31;1m Error] [37mFailed init_port fastrtps_port7016: open_and_lock_file failed[34;1m -> Function [36mopen_port_internal[m
[wrist_camera_usb_publisher-8] [37;1m2026-04-08 20:10:07.592 [31;1m[[37;1mRTPS_TRANSPORT_SHM[31;1m Error] [37mFailed init_port fastrtps_port7017: open_and_lock_file failed[34;1m -> Function [36mopen_port_internal[m
[wrist_camera_usb_publisher-8] [37;1m2026-04-08 20:10:07.593 [31;1m[[37;1mRTPS_TRANSPORT_SHM[31;1m Error] [37mFailed init_port fastrtps_port7018: open_and_lock_file failed[34;1m -> Function [36mopen_port_internal[m
[wrist_camera_usb_publisher-8] [37;1m2026-04-08 20:10:07.594 [31;1m[[37;1mRTPS_TRANSPORT_SHM[31;1m Error] [37mFailed init_port fastrtps_port7019: open_and_lock_file failed[34;1m -> Function [36mopen_port_internal[m
[wrist_camera_usb_publisher-8] [37;1m2026-04-08 20:10:07.597 [31;1m[[37;1mRTPS_TRANSPORT_SHM[31;1m Error] [37mFailed init_port fastrtps_port7020: open_and_lock_file failed[34;1m -> Function [36mopen_port_internal[m
[wrist_camera_usb_publisher-8] [37;1m2026-04-08 20:10:07.598 [31;1m[[37;1mRTPS_TRANSPORT_SHM[31;1m Error] [37mFailed init_port fastrtps_port7022: open_and_lock_file failed[34;1m -> Function [36mopen_port_internal[m
[wrist_camera_usb_publisher-8] [37;1m2026-04-08 20:10:07.598 [31;1m[[37;1mRTPS_TRANSPORT_SHM[31;1m Error] [37mFailed init_port fastrtps_port7023: open_and_lock_file failed[34;1m -> Function [36mopen_port_internal[m
[wrist_camera_usb_publisher-8] [37;1m2026-04-08 20:10:07.598 [31;1m[[37;1mRTPS_TRANSPORT_SHM[31;1m Error] [37mFailed init_port fastrtps_port7024: open_and_lock_file failed[34;1m -> Function [36mopen_port_internal[m
[wrist_camera_usb_publisher-8] [37;1m2026-04-08 20:10:07.598 [31;1m[[37;1mRTPS_TRANSPORT_SHM[31;1m Error] [37mFailed init_port fastrtps_port7025: open_and_lock_file failed[34;1m -> Function [36mopen_port_internal[m
[wrist_camera_usb_publisher-8] [37;1m2026-04-08 20:10:07.598 [31;1m[[37;1mRTPS_TRANSPORT_SHM[31;1m Error] [37mFailed init_port fastrtps_port7026: open_and_lock_file failed[34;1m -> Function [36mopen_port_internal[m
[wrist_camera_usb_publisher-8] [37;1m2026-04-08 20:10:07.599 [31;1m[[37;1mRTPS_TRANSPORT_SHM[31;1m Error] [37mFailed init_port fastrtps_port7027: open_and_lock_file failed[34;1m -> Function [36mopen_port_internal[m
[wrist_camera_usb_publisher-8] [37;1m2026-04-08 20:10:07.600 [31;1m[[37;1mRTPS_TRANSPORT_SHM[31;1m Error] [37mFailed init_port fastrtps_port7028: open_and_lock_file failed[34;1m -> Function [36mopen_port_internal[m
[wrist_camera_usb_publisher-8] [37;1m2026-04-08 20:10:07.604 [31;1m[[37;1mRTPS_TRANSPORT_SHM[31;1m Error] [37mFailed init_port fastrtps_port7029: open_and_lock_file failed[34;1m -> Function [36mopen_port_internal[m
[wrist_camera_usb_publisher-8] [37;1m2026-04-08 20:10:07.604 [31;1m[[37;1mRTPS_TRANSPORT_SHM[31;1m Error] [37mFailed init_port fastrtps_port7030: open_and_lock_file failed[34;1m -> Function [36mopen_port_internal[m
[wrist_camera_usb_publisher-8] [37;1m2026-04-08 20:10:07.605 [31;1m[[37;1mRTPS_TRANSPORT_SHM[31;1m Error] [37mFailed init_port fastrtps_port7031: open_and_lock_file failed[34;1m -> Function [36mopen_port_internal[m
[adl_ui-15] [INFO] [1775693407.777296999] [adl_ui_node]: ADL UI Node started.
[adl_ui-15] [INFO] [1775693407.778014795] [adl_ui_node]: Automatic retract on UI load is disabled; startup sends no motion.
[adl_ui-15] [INFO] [1775693407.779113751] [adl_ui_node]: Web UI available at http://localhost:5000
[adl_ui-15]  * Serving Flask app 'adl_tasks.adl_ui'
[adl_ui-15]  * Debug mode: off
[adl_ui-15] Address already in use
[adl_ui-15] Port 5000 is in use by another program. Either identify and stop that program, or start the server with a different port.
[ros2_control_node-1] [INFO] [1775693407.786186802] [KortexMultiInterfaceHardware]: Actuator count reported by robot is '7'
[ros2_control_node-1] [INFO] [1775693407.786485089] [KortexMultiInterfaceHardware]: Using internal bus communication for gripper!
[ros2_control_node-1] [INFO] [1775693407.786494842] [KortexMultiInterfaceHardware]: Hardware Interface successfully configured
[ros2_control_node-1] [INFO] [1775693407.786625906] [controller_manager]: Successful initialization of hardware 'KortexMultiInterfaceHardware'
[ros2_control_node-1] [DEBUG] [1775693407.786734728] [KortexMultiInterfaceHardware]: export_state_interfaces for joint: joint_1
[ros2_control_node-1] [DEBUG] [1775693407.786772151] [KortexMultiInterfaceHardware]: export_state_interfaces for joint: joint_2
[ros2_control_node-1] [DEBUG] [1775693407.786783097] [KortexMultiInterfaceHardware]: export_state_interfaces for joint: joint_3
[ros2_control_node-1] [DEBUG] [1775693407.786788830] [KortexMultiInterfaceHardware]: export_state_interfaces for joint: joint_4
[ros2_control_node-1] [DEBUG] [1775693407.786792802] [KortexMultiInterfaceHardware]: export_state_interfaces for joint: joint_5
[ros2_control_node-1] [DEBUG] [1775693407.786797539] [KortexMultiInterfaceHardware]: export_state_interfaces for joint: joint_6
[ros2_control_node-1] [DEBUG] [1775693407.786801330] [KortexMultiInterfaceHardware]: export_state_interfaces for joint: joint_7
[ros2_control_node-1] [DEBUG] [1775693407.786804939] [KortexMultiInterfaceHardware]: export_state_interfaces for joint: robotiq_85_left_knuckle_joint
[ros2_control_node-1] [INFO] [1775693407.788825406] [resource_manager]: 'configure' hardware 'KortexMultiInterfaceHardware' 
[ros2_control_node-1] [INFO] [1775693407.788869975] [resource_manager]: Successful 'configure' of hardware 'KortexMultiInterfaceHardware'
[ros2_control_node-1] [INFO] [1775693407.788932707] [resource_manager]: 'activate' hardware 'KortexMultiInterfaceHardware' 
[ros2_control_node-1] [INFO] [1775693407.788956941] [KortexMultiInterfaceHardware]: Activating KortexMultiInterfaceHardware...
[ros2_control_node-1] [INFO] [1775693407.794411555] [KortexMultiInterfaceHardware]: Gripper initial position is '0.873365'.
[ros2_control_node-1] [INFO] [1775693407.799021703] [KortexMultiInterfaceHardware]: KortexMultiInterfaceHardware successfully activated!
[ros2_control_node-1] [INFO] [1775693407.799070210] [resource_manager]: Successful 'activate' of hardware 'KortexMultiInterfaceHardware'
[ros2_control_node-1] [INFO] [1775693407.799405302] [controller_manager]: Registering statistics for : KortexMultiInterfaceHardware
[ros2_control_node-1] [INFO] [1775693407.799577292] [controller_manager]: Resource Manager has been successfully initialized. Starting Controller Manager services...
[wrist_camera_usb_publisher-8] [INFO] [1775693407.836005041] [wrist_camera_usb_publisher_node]: USB camera publisher: trying camera source index 2.
[wrist_camera_usb_publisher-8] [ WARN:0@0.991] global ./modules/videoio/src/cap_v4l.cpp (902) open VIDEOIO(V4L2:/dev/video2): can't open camera by index
[wrist_camera_usb_publisher-8] [INFO] [1775693407.847594599] [wrist_camera_usb_publisher_node]: USB camera publisher: trying camera source index 0.
[wrist_camera_usb_publisher-8] [ WARN:0@0.998] global ./modules/videoio/src/cap_v4l.cpp (902) open VIDEOIO(V4L2:/dev/video0): can't open camera by index
[wrist_camera_usb_publisher-8] [INFO] [1775693407.855403160] [wrist_camera_usb_publisher_node]: USB camera publisher: trying camera source index 1.
[wrist_camera_usb_publisher-8] [ WARN:0@0.999] global ./modules/videoio/src/cap_v4l.cpp (902) open VIDEOIO(V4L2:/dev/video1): can't open camera by index
[wrist_camera_usb_publisher-8] [INFO] [1775693407.856215789] [wrist_camera_usb_publisher_node]: USB camera publisher: trying camera source index 3.
[wrist_camera_usb_publisher-8] [ WARN:0@1.000] global ./modules/videoio/src/cap_v4l.cpp (902) open VIDEOIO(V4L2:/dev/video3): can't open camera by index
[wrist_camera_usb_publisher-8] [INFO] [1775693407.857031860] [wrist_camera_usb_publisher_node]: USB camera publisher: trying camera source index 4.
[wrist_camera_usb_publisher-8] [ WARN:0@1.003] global ./modules/videoio/src/cap_v4l.cpp (902) open VIDEOIO(V4L2:/dev/video4): can't open camera by index
[wrist_camera_usb_publisher-8] [INFO] [1775693407.859533201] [wrist_camera_usb_publisher_node]: USB camera publisher: trying camera source index 5.
[wrist_camera_usb_publisher-8] [ WARN:0@1.003] global ./modules/videoio/src/cap_v4l.cpp (902) open VIDEOIO(V4L2:/dev/video5): can't open camera by index
[wrist_camera_usb_publisher-8] [WARN] [1775693407.860581340] [wrist_camera_usb_publisher_node]: USB camera publisher: V4L2 probing failed. Retrying default OpenCV backend on index 2.
[wrist_camera_usb_publisher-8] [ WARN:0@1.029] global ./modules/videoio/src/cap_gstreamer.cpp (2401) handleMessage OpenCV | GStreamer warning: Embedded video playback halted; module v4l2src0 reported: Device '/dev/video2' failed during initialization
[wrist_camera_usb_publisher-8] [ WARN:0@1.029] global ./modules/videoio/src/cap_gstreamer.cpp (1356) open OpenCV | GStreamer warning: unable to start pipeline
[wrist_camera_usb_publisher-8] [ WARN:0@1.029] global ./modules/videoio/src/cap_gstreamer.cpp (862) isPipelinePlaying OpenCV | GStreamer warning: GStreamer: pipeline have not been created
[wrist_camera_usb_publisher-8] [ WARN:0@1.038] global ./modules/videoio/src/cap_v4l.cpp (902) open VIDEOIO(V4L2:/dev/video2): can't open camera by index
[vision_apriltag-9] [37;1m2026-04-08 20:10:07.939 [31;1m[[37;1mRTPS_TRANSPORT_SHM[31;1m Error] [37mFailed init_port fastrtps_port7015: open_and_lock_file failed[34;1m -> Function [36mopen_port_internal[m
[vision_apriltag-9] [37;1m2026-04-08 20:10:07.939 [31;1m[[37;1mRTPS_TRANSPORT_SHM[31;1m Error] [37mFailed init_port fastrtps_port7016: open_and_lock_file failed[34;1m -> Function [36mopen_port_internal[m
[vision_apriltag-9] [37;1m2026-04-08 20:10:07.940 [31;1m[[37;1mRTPS_TRANSPORT_SHM[31;1m Error] [37mFailed init_port fastrtps_port7017: open_and_lock_file failed[34;1m -> Function [36mopen_port_internal[m
[vision_apriltag-9] [37;1m2026-04-08 20:10:07.940 [31;1m[[37;1mRTPS_TRANSPORT_SHM[31;1m Error] [37mFailed init_port fastrtps_port7018: open_and_lock_file failed[34;1m -> Function [36mopen_port_internal[m
[vision_apriltag-9] [37;1m2026-04-08 20:10:07.940 [31;1m[[37;1mRTPS_TRANSPORT_SHM[31;1m Error] [37mFailed init_port fastrtps_port7019: open_and_lock_file failed[34;1m -> Function [36mopen_port_internal[m
[vision_apriltag-9] [37;1m2026-04-08 20:10:07.940 [31;1m[[37;1mRTPS_TRANSPORT_SHM[31;1m Error] [37mFailed init_port fastrtps_port7020: open_and_lock_file failed[34;1m -> Function [36mopen_port_internal[m
[vision_apriltag-9] [37;1m2026-04-08 20:10:07.941 [31;1m[[37;1mRTPS_TRANSPORT_SHM[31;1m Error] [37mFailed init_port fastrtps_port7022: open_and_lock_file failed[34;1m -> Function [36mopen_port_internal[m
[vision_apriltag-9] [37;1m2026-04-08 20:10:07.941 [31;1m[[37;1mRTPS_TRANSPORT_SHM[31;1m Error] [37mFailed init_port fastrtps_port7023: open_and_lock_file failed[34;1m -> Function [36mopen_port_internal[m
[vision_apriltag-9] [37;1m2026-04-08 20:10:07.941 [31;1m[[37;1mRTPS_TRANSPORT_SHM[31;1m Error] [37mFailed init_port fastrtps_port7024: open_and_lock_file failed[34;1m -> Function [36mopen_port_internal[m
[vision_apriltag-9] [37;1m2026-04-08 20:10:07.942 [31;1m[[37;1mRTPS_TRANSPORT_SHM[31;1m Error] [37mFailed init_port fastrtps_port7025: open_and_lock_file failed[34;1m -> Function [36mopen_port_internal[m
[vision_apriltag-9] [37;1m2026-04-08 20:10:07.942 [31;1m[[37;1mRTPS_TRANSPORT_SHM[31;1m Error] [37mFailed init_port fastrtps_port7026: open_and_lock_file failed[34;1m -> Function [36mopen_port_internal[m
[vision_apriltag-9] [37;1m2026-04-08 20:10:07.942 [31;1m[[37;1mRTPS_TRANSPORT_SHM[31;1m Error] [37mFailed init_port fastrtps_port7027: open_and_lock_file failed[34;1m -> Function [36mopen_port_internal[m
[vision_apriltag-9] [37;1m2026-04-08 20:10:07.943 [31;1m[[37;1mRTPS_TRANSPORT_SHM[31;1m Error] [37mFailed init_port fastrtps_port7028: open_and_lock_file failed[34;1m -> Function [36mopen_port_internal[m
[vision_apriltag-9] [37;1m2026-04-08 20:10:07.943 [31;1m[[37;1mRTPS_TRANSPORT_SHM[31;1m Error] [37mFailed init_port fastrtps_port7029: open_and_lock_file failed[34;1m -> Function [36mopen_port_internal[m
[vision_apriltag-9] [37;1m2026-04-08 20:10:07.943 [31;1m[[37;1mRTPS_TRANSPORT_SHM[31;1m Error] [37mFailed init_port fastrtps_port7030: open_and_lock_file failed[34;1m -> Function [36mopen_port_internal[m
[vision_apriltag-9] [37;1m2026-04-08 20:10:07.944 [31;1m[[37;1mRTPS_TRANSPORT_SHM[31;1m Error] [37mFailed init_port fastrtps_port7031: open_and_lock_file failed[34;1m -> Function [36mopen_port_internal[m
[give_medication-14] [37;1m2026-04-08 20:10:07.965 [31;1m[[37;1mRTPS_TRANSPORT_SHM[31;1m Error] [37mFailed init_port fastrtps_port7015: open_and_lock_file failed[34;1m -> Function [36mopen_port_internal[m
[give_medication-14] [37;1m2026-04-08 20:10:07.966 [31;1m[[37;1mRTPS_TRANSPORT_SHM[31;1m Error] [37mFailed init_port fastrtps_port7016: open_and_lock_file failed[34;1m -> Function [36mopen_port_internal[m
[give_medication-14] [37;1m2026-04-08 20:10:07.966 [31;1m[[37;1mRTPS_TRANSPORT_SHM[31;1m Error] [37mFailed init_port fastrtps_port7017: open_and_lock_file failed[34;1m -> Function [36mopen_port_internal[m
[give_medication-14] [37;1m2026-04-08 20:10:07.966 [31;1m[[37;1mRTPS_TRANSPORT_SHM[31;1m Error] [37mFailed init_port fastrtps_port7018: open_and_lock_file failed[34;1m -> Function [36mopen_port_internal[m
[give_medication-14] [37;1m2026-04-08 20:10:07.967 [31;1m[[37;1mRTPS_TRANSPORT_SHM[31;1m Error] [37mFailed init_port fastrtps_port7019: open_and_lock_file failed[34;1m -> Function [36mopen_port_internal[m
[give_medication-14] [37;1m2026-04-08 20:10:07.967 [31;1m[[37;1mRTPS_TRANSPORT_SHM[31;1m Error] [37mFailed init_port fastrtps_port7020: open_and_lock_file failed[34;1m -> Function [36mopen_port_internal[m
[give_medication-14] [37;1m2026-04-08 20:10:07.967 [31;1m[[37;1mRTPS_TRANSPORT_SHM[31;1m Error] [37mFailed init_port fastrtps_port7022: open_and_lock_file failed[34;1m -> Function [36mopen_port_internal[m
[give_medication-14] [37;1m2026-04-08 20:10:07.967 [31;1m[[37;1mRTPS_TRANSPORT_SHM[31;1m Error] [37mFailed init_port fastrtps_port7023: open_and_lock_file failed[34;1m -> Function [36mopen_port_internal[m
[give_medication-14] [37;1m2026-04-08 20:10:07.968 [31;1m[[37;1mRTPS_TRANSPORT_SHM[31;1m Error] [37mFailed init_port fastrtps_port7024: open_and_lock_file failed[34;1m -> Function [36mopen_port_internal[m
[give_medication-14] [37;1m2026-04-08 20:10:07.968 [31;1m[[37;1mRTPS_TRANSPORT_SHM[31;1m Error] [37mFailed init_port fastrtps_port7025: open_and_lock_file failed[34;1m -> Function [36mopen_port_internal[m
[give_medication-14] [37;1m2026-04-08 20:10:07.968 [31;1m[[37;1mRTPS_TRANSPORT_SHM[31;1m Error] [37mFailed init_port fastrtps_port7026: open_and_lock_file failed[34;1m -> Function [36mopen_port_internal[m
[give_medication-14] [37;1m2026-04-08 20:10:07.968 [31;1m[[37;1mRTPS_TRANSPORT_SHM[31;1m Error] [37mFailed init_port fastrtps_port7027: open_and_lock_file failed[34;1m -> Function [36mopen_port_internal[m
[give_medication-14] [37;1m2026-04-08 20:10:07.969 [31;1m[[37;1mRTPS_TRANSPORT_SHM[31;1m Error] [37mFailed init_port fastrtps_port7028: open_and_lock_file failed[34;1m -> Function [36mopen_port_internal[m
[give_medication-14] [37;1m2026-04-08 20:10:07.969 [31;1m[[37;1mRTPS_TRANSPORT_SHM[31;1m Error] [37mFailed init_port fastrtps_port7029: open_and_lock_file failed[34;1m -> Function [36mopen_port_internal[m
[give_medication-14] [37;1m2026-04-08 20:10:07.969 [31;1m[[37;1mRTPS_TRANSPORT_SHM[31;1m Error] [37mFailed init_port fastrtps_port7030: open_and_lock_file failed[34;1m -> Function [36mopen_port_internal[m
[give_medication-14] [37;1m2026-04-08 20:10:07.969 [31;1m[[37;1mRTPS_TRANSPORT_SHM[31;1m Error] [37mFailed init_port fastrtps_port7031: open_and_lock_file failed[34;1m -> Function [36mopen_port_internal[m
[wrist_camera_usb_publisher-8] [INFO] [1775693408.010818823] [wrist_camera_usb_publisher_node]: Wrist Camera USB Publisher started.
[wrist_camera_usb_publisher-8] [INFO] [1775693408.011905679] [wrist_camera_usb_publisher_node]: Publishing USB camera frames on /wrist_mounted_camera/image with frame_id=wrist_mounted_camera_color_optical_frame.
[wrist_camera_usb_publisher-8] [INFO] [1775693408.013032165] [wrist_camera_usb_publisher_node]: Publishing camera info on /wrist_mounted_camera/camera_info from reference intrinsics [554.25, 554.25, 320.0, 240.0] @ 640x480.
[wrist_camera_usb_publisher-8] [INFO] [1775693408.014133278] [wrist_camera_usb_publisher_node]: Using explicit camera_matrix for CameraInfo. matrix_size=1280x720, K=[920.874267578125, 0.0, 644.7646484375, 0.0, 921.5654907226562, 343.1528625488281, 0.0, 0.0, 1.0], d=[0.0, 0.0, 0.0, 0.0, 0.0]
[wrist_camera_usb_publisher-8] [INFO] [1775693408.015363488] [wrist_camera_usb_publisher_node]: Requested source=2 size=1280x720 fps=10.0
[wrist_camera_usb_publisher-8] [ERROR] [1775693408.016683021] [wrist_camera_usb_publisher_node]: USB camera publisher could not open any camera source. Check VirtualBox USB pass-through and the selected /dev/videoX.
[pick_dropped_bottle-12] [37;1m2026-04-08 20:10:08.027 [31;1m[[37;1mRTPS_TRANSPORT_SHM[31;1m Error] [37mFailed init_port fastrtps_port7015: open_and_lock_file failed[34;1m -> Function [36mopen_port_internal[m
[pick_dropped_bottle-12] [37;1m2026-04-08 20:10:08.028 [31;1m[[37;1mRTPS_TRANSPORT_SHM[31;1m Error] [37mFailed init_port fastrtps_port7016: open_and_lock_file failed[34;1m -> Function [36mopen_port_internal[m
[pick_dropped_bottle-12] [37;1m2026-04-08 20:10:08.028 [31;1m[[37;1mRTPS_TRANSPORT_SHM[31;1m Error] [37mFailed init_port fastrtps_port7017: open_and_lock_file failed[34;1m -> Function [36mopen_port_internal[m
[pick_dropped_bottle-12] [37;1m2026-04-08 20:10:08.029 [31;1m[[37;1mRTPS_TRANSPORT_SHM[31;1m Error] [37mFailed init_port fastrtps_port7018: open_and_lock_file failed[34;1m -> Function [36mopen_port_internal[m
[pick_dropped_bottle-12] [37;1m2026-04-08 20:10:08.029 [31;1m[[37;1mRTPS_TRANSPORT_SHM[31;1m Error] [37mFailed init_port fastrtps_port7019: open_and_lock_file failed[34;1m -> Function [36mopen_port_internal[m
[pick_dropped_bottle-12] [37;1m2026-04-08 20:10:08.029 [31;1m[[37;1mRTPS_TRANSPORT_SHM[31;1m Error] [37mFailed init_port fastrtps_port7020: open_and_lock_file failed[34;1m -> Function [36mopen_port_internal[m
[pick_dropped_bottle-12] [37;1m2026-04-08 20:10:08.030 [31;1m[[37;1mRTPS_TRANSPORT_SHM[31;1m Error] [37mFailed init_port fastrtps_port7022: open_and_lock_file failed[34;1m -> Function [36mopen_port_internal[m
[pick_dropped_bottle-12] [37;1m2026-04-08 20:10:08.031 [31;1m[[37;1mRTPS_TRANSPORT_SHM[31;1m Error] [37mFailed init_port fastrtps_port7023: open_and_lock_file failed[34;1m -> Function [36mopen_port_internal[m
[pick_dropped_bottle-12] [37;1m2026-04-08 20:10:08.031 [31;1m[[37;1mRTPS_TRANSPORT_SHM[31;1m Error] [37mFailed init_port fastrtps_port7024: open_and_lock_file failed[34;1m -> Function [36mopen_port_internal[m
[pick_dropped_bottle-12] [37;1m2026-04-08 20:10:08.031 [31;1m[[37;1mRTPS_TRANSPORT_SHM[31;1m Error] [37mFailed init_port fastrtps_port7025: open_and_lock_file failed[34;1m -> Function [36mopen_port_internal[m
[pick_dropped_bottle-12] [37;1m2026-04-08 20:10:08.032 [31;1m[[37;1mRTPS_TRANSPORT_SHM[31;1m Error] [37mFailed init_port fastrtps_port7026: open_and_lock_file failed[34;1m -> Function [36mopen_port_internal[m
[pick_dropped_bottle-12] [37;1m2026-04-08 20:10:08.032 [31;1m[[37;1mRTPS_TRANSPORT_SHM[31;1m Error] [37mFailed init_port fastrtps_port7027: open_and_lock_file failed[34;1m -> Function [36mopen_port_internal[m
[pick_dropped_bottle-12] [37;1m2026-04-08 20:10:08.032 [31;1m[[37;1mRTPS_TRANSPORT_SHM[31;1m Error] [37mFailed init_port fastrtps_port7028: open_and_lock_file failed[34;1m -> Function [36mopen_port_internal[m
[pick_dropped_bottle-12] [37;1m2026-04-08 20:10:08.032 [31;1m[[37;1mRTPS_TRANSPORT_SHM[31;1m Error] [37mFailed init_port fastrtps_port7029: open_and_lock_file failed[34;1m -> Function [36mopen_port_internal[m
[pick_dropped_bottle-12] [37;1m2026-04-08 20:10:08.033 [31;1m[[37;1mRTPS_TRANSPORT_SHM[31;1m Error] [37mFailed init_port fastrtps_port7030: open_and_lock_file failed[34;1m -> Function [36mopen_port_internal[m
[pick_dropped_bottle-12] [37;1m2026-04-08 20:10:08.033 [31;1m[[37;1mRTPS_TRANSPORT_SHM[31;1m Error] [37mFailed init_port fastrtps_port7031: open_and_lock_file failed[34;1m -> Function [36mopen_port_internal[m
[scene_from_vision-10] [37;1m2026-04-08 20:10:08.091 [31;1m[[37;1mRTPS_TRANSPORT_SHM[31;1m Error] [37mFailed init_port fastrtps_port7015: open_and_lock_file failed[34;1m -> Function [36mopen_port_internal[m
[scene_from_vision-10] [37;1m2026-04-08 20:10:08.091 [31;1m[[37;1mRTPS_TRANSPORT_SHM[31;1m Error] [37mFailed init_port fastrtps_port7016: open_and_lock_file failed[34;1m -> Function [36mopen_port_internal[m
[scene_from_vision-10] [37;1m2026-04-08 20:10:08.092 [31;1m[[37;1mRTPS_TRANSPORT_SHM[31;1m Error] [37mFailed init_port fastrtps_port7017: open_and_lock_file failed[34;1m -> Function [36mopen_port_internal[m
[scene_from_vision-10] [37;1m2026-04-08 20:10:08.092 [31;1m[[37;1mRTPS_TRANSPORT_SHM[31;1m Error] [37mFailed init_port fastrtps_port7018: open_and_lock_file failed[34;1m -> Function [36mopen_port_internal[m
[scene_from_vision-10] [37;1m2026-04-08 20:10:08.092 [31;1m[[37;1mRTPS_TRANSPORT_SHM[31;1m Error] [37mFailed init_port fastrtps_port7019: open_and_lock_file failed[34;1m -> Function [36mopen_port_internal[m
[scene_from_vision-10] [37;1m2026-04-08 20:10:08.093 [31;1m[[37;1mRTPS_TRANSPORT_SHM[31;1m Error] [37mFailed init_port fastrtps_port7020: open_and_lock_file failed[34;1m -> Function [36mopen_port_internal[m
[scene_from_vision-10] [37;1m2026-04-08 20:10:08.093 [31;1m[[37;1mRTPS_TRANSPORT_SHM[31;1m Error] [37mFailed init_port fastrtps_port7022: open_and_lock_file failed[34;1m -> Function [36mopen_port_internal[m
[scene_from_vision-10] [37;1m2026-04-08 20:10:08.093 [31;1m[[37;1mRTPS_TRANSPORT_SHM[31;1m Error] [37mFailed init_port fastrtps_port7023: open_and_lock_file failed[34;1m -> Function [36mopen_port_internal[m
[scene_from_vision-10] [37;1m2026-04-08 20:10:08.094 [31;1m[[37;1mRTPS_TRANSPORT_SHM[31;1m Error] [37mFailed init_port fastrtps_port7024: open_and_lock_file failed[34;1m -> Function [36mopen_port_internal[m
[scene_from_vision-10] [37;1m2026-04-08 20:10:08.094 [31;1m[[37;1mRTPS_TRANSPORT_SHM[31;1m Error] [37mFailed init_port fastrtps_port7025: open_and_lock_file failed[34;1m -> Function [36mopen_port_internal[m
[scene_from_vision-10] [37;1m2026-04-08 20:10:08.094 [31;1m[[37;1mRTPS_TRANSPORT_SHM[31;1m Error] [37mFailed init_port fastrtps_port7026: open_and_lock_file failed[34;1m -> Function [36mopen_port_internal[m
[scene_from_vision-10] [37;1m2026-04-08 20:10:08.094 [31;1m[[37;1mRTPS_TRANSPORT_SHM[31;1m Error] [37mFailed init_port fastrtps_port7027: open_and_lock_file failed[34;1m -> Function [36mopen_port_internal[m
[scene_from_vision-10] [37;1m2026-04-08 20:10:08.095 [31;1m[[37;1mRTPS_TRANSPORT_SHM[31;1m Error] [37mFailed init_port fastrtps_port7028: open_and_lock_file failed[34;1m -> Function [36mopen_port_internal[m
[scene_from_vision-10] [37;1m2026-04-08 20:10:08.095 [31;1m[[37;1mRTPS_TRANSPORT_SHM[31;1m Error] [37mFailed init_port fastrtps_port7029: open_and_lock_file failed[34;1m -> Function [36mopen_port_internal[m
[scene_from_vision-10] [37;1m2026-04-08 20:10:08.095 [31;1m[[37;1mRTPS_TRANSPORT_SHM[31;1m Error] [37mFailed init_port fastrtps_port7030: open_and_lock_file failed[34;1m -> Function [36mopen_port_internal[m
[scene_from_vision-10] [37;1m2026-04-08 20:10:08.095 [31;1m[[37;1mRTPS_TRANSPORT_SHM[31;1m Error] [37mFailed init_port fastrtps_port7031: open_and_lock_file failed[34;1m -> Function [36mopen_port_internal[m
[wrist_camera_usb_publisher-8] [WARN] [1775693408.112421661] [wrist_camera_usb_publisher_node]: USB camera publisher: reopening camera source (camera source is closed).
[wrist_camera_usb_publisher-8] [INFO] [1775693408.116269651] [wrist_camera_usb_publisher_node]: USB camera publisher: trying camera source index 2.
[give_medication-14] [INFO] [1775693408.122368401] [give_medication_node]: give_medication starting...
[wrist_camera_usb_publisher-8] [ WARN:0@1.269] global ./modules/videoio/src/cap_v4l.cpp (902) open VIDEOIO(V4L2:/dev/video2): can't open camera by index
[wrist_camera_usb_publisher-8] [INFO] [1775693408.126281801] [wrist_camera_usb_publisher_node]: USB camera publisher: trying camera source index 0.
[wrist_camera_usb_publisher-8] [ WARN:0@1.280] global ./modules/videoio/src/cap_v4l.cpp (902) open VIDEOIO(V4L2:/dev/video0): can't open camera by index
[wrist_camera_usb_publisher-8] [INFO] [1775693408.137034149] [wrist_camera_usb_publisher_node]: USB camera publisher: trying camera source index 1.
[wrist_camera_usb_publisher-8] [ WARN:0@1.281] global ./modules/videoio/src/cap_v4l.cpp (902) open VIDEOIO(V4L2:/dev/video1): can't open camera by index
[wrist_camera_usb_publisher-8] [INFO] [1775693408.137875357] [wrist_camera_usb_publisher_node]: USB camera publisher: trying camera source index 3.
[wrist_camera_usb_publisher-8] [ WARN:0@1.282] global ./modules/videoio/src/cap_v4l.cpp (902) open VIDEOIO(V4L2:/dev/video3): can't open camera by index
[wrist_camera_usb_publisher-8] [INFO] [1775693408.138652786] [wrist_camera_usb_publisher_node]: USB camera publisher: trying camera source index 4.
[wrist_camera_usb_publisher-8] [ WARN:0@1.285] global ./modules/videoio/src/cap_v4l.cpp (902) open VIDEOIO(V4L2:/dev/video4): can't open camera by index
[wrist_camera_usb_publisher-8] [INFO] [1775693408.141646934] [wrist_camera_usb_publisher_node]: USB camera publisher: trying camera source index 5.
[wrist_camera_usb_publisher-8] [ WARN:0@1.286] global ./modules/videoio/src/cap_v4l.cpp (902) open VIDEOIO(V4L2:/dev/video5): can't open camera by index
[wrist_camera_usb_publisher-8] [WARN] [1775693408.142524032] [wrist_camera_usb_publisher_node]: USB camera publisher: V4L2 probing failed. Retrying default OpenCV backend on index 2.
[wrist_camera_usb_publisher-8] [ WARN:0@1.296] global ./modules/videoio/src/cap_gstreamer.cpp (2401) handleMessage OpenCV | GStreamer warning: Embedded video playback halted; module v4l2src1 reported: Device '/dev/video2' failed during initialization
[wrist_camera_usb_publisher-8] [ WARN:0@1.297] global ./modules/videoio/src/cap_gstreamer.cpp (1356) open OpenCV | GStreamer warning: unable to start pipeline
[wrist_camera_usb_publisher-8] [ WARN:0@1.297] global ./modules/videoio/src/cap_gstreamer.cpp (862) isPipelinePlaying OpenCV | GStreamer warning: GStreamer: pipeline have not been created
[wrist_camera_usb_publisher-8] [ WARN:0@1.308] global ./modules/videoio/src/cap_v4l.cpp (902) open VIDEOIO(V4L2:/dev/video2): can't open camera by index
[clear_table-13] [37;1m2026-04-08 20:10:08.190 [31;1m[[37;1mRTPS_TRANSPORT_SHM[31;1m Error] [37mFailed init_port fastrtps_port7015: open_and_lock_file failed[34;1m -> Function [36mopen_port_internal[m
[clear_table-13] [37;1m2026-04-08 20:10:08.190 [31;1m[[37;1mRTPS_TRANSPORT_SHM[31;1m Error] [37mFailed init_port fastrtps_port7016: open_and_lock_file failed[34;1m -> Function [36mopen_port_internal[m
[clear_table-13] [37;1m2026-04-08 20:10:08.191 [31;1m[[37;1mRTPS_TRANSPORT_SHM[31;1m Error] [37mFailed init_port fastrtps_port7017: open_and_lock_file failed[34;1m -> Function [36mopen_port_internal[m
[clear_table-13] [37;1m2026-04-08 20:10:08.191 [31;1m[[37;1mRTPS_TRANSPORT_SHM[31;1m Error] [37mFailed init_port fastrtps_port7018: open_and_lock_file failed[34;1m -> Function [36mopen_port_internal[m
[clear_table-13] [37;1m2026-04-08 20:10:08.191 [31;1m[[37;1mRTPS_TRANSPORT_SHM[31;1m Error] [37mFailed init_port fastrtps_port7019: open_and_lock_file failed[34;1m -> Function [36mopen_port_internal[m
[clear_table-13] [37;1m2026-04-08 20:10:08.191 [31;1m[[37;1mRTPS_TRANSPORT_SHM[31;1m Error] [37mFailed init_port fastrtps_port7020: open_and_lock_file failed[34;1m -> Function [36mopen_port_internal[m
[clear_table-13] [37;1m2026-04-08 20:10:08.192 [31;1m[[37;1mRTPS_TRANSPORT_SHM[31;1m Error] [37mFailed init_port fastrtps_port7022: open_and_lock_file failed[34;1m -> Function [36mopen_port_internal[m
[clear_table-13] [37;1m2026-04-08 20:10:08.192 [31;1m[[37;1mRTPS_TRANSPORT_SHM[31;1m Error] [37mFailed init_port fastrtps_port7023: open_and_lock_file failed[34;1m -> Function [36mopen_port_internal[m
[clear_table-13] [37;1m2026-04-08 20:10:08.192 [31;1m[[37;1mRTPS_TRANSPORT_SHM[31;1m Error] [37mFailed init_port fastrtps_port7024: open_and_lock_file failed[34;1m -> Function [36mopen_port_internal[m
[clear_table-13] [37;1m2026-04-08 20:10:08.192 [31;1m[[37;1mRTPS_TRANSPORT_SHM[31;1m Error] [37mFailed init_port fastrtps_port7025: open_and_lock_file failed[34;1m -> Function [36mopen_port_internal[m
[clear_table-13] [37;1m2026-04-08 20:10:08.193 [31;1m[[37;1mRTPS_TRANSPORT_SHM[31;1m Error] [37mFailed init_port fastrtps_port7026: open_and_lock_file failed[34;1m -> Function [36mopen_port_internal[m
[clear_table-13] [37;1m2026-04-08 20:10:08.193 [31;1m[[37;1mRTPS_TRANSPORT_SHM[31;1m Error] [37mFailed init_port fastrtps_port7027: open_and_lock_file failed[34;1m -> Function [36mopen_port_internal[m
[clear_table-13] [37;1m2026-04-08 20:10:08.193 [31;1m[[37;1mRTPS_TRANSPORT_SHM[31;1m Error] [37mFailed init_port fastrtps_port7028: open_and_lock_file failed[34;1m -> Function [36mopen_port_internal[m
[clear_table-13] [37;1m2026-04-08 20:10:08.193 [31;1m[[37;1mRTPS_TRANSPORT_SHM[31;1m Error] [37mFailed init_port fastrtps_port7029: open_and_lock_file failed[34;1m -> Function [36mopen_port_internal[m
[clear_table-13] [37;1m2026-04-08 20:10:08.193 [31;1m[[37;1mRTPS_TRANSPORT_SHM[31;1m Error] [37mFailed init_port fastrtps_port7030: open_and_lock_file failed[34;1m -> Function [36mopen_port_internal[m
[clear_table-13] [37;1m2026-04-08 20:10:08.194 [31;1m[[37;1mRTPS_TRANSPORT_SHM[31;1m Error] [37mFailed init_port fastrtps_port7031: open_and_lock_file failed[34;1m -> Function [36mopen_port_internal[m
[give_medication-14] [INFO] [1775693408.202465344] [give_medication_node]: MoveItHelper initialized. joint_state_topic=/joint_states_sanitized (sanitized_expected=True)
[pick_dropped_bottle-12] [INFO] [1775693408.207034701] [pick_dropped_bottle_node]: PickDroppedBottle starting...
[give_medication-14] [INFO] [1775693408.211148297] [give_medication_node]: Vision Client initialized, waiting for service...
[wrist_camera_usb_publisher-8] [ERROR] [1775693408.258674187] [wrist_camera_usb_publisher_node]: USB camera publisher: camera reopen did not find an open source.
[scene_from_vision-10] [INFO] [1775693408.264154766] [scene_from_vision_node]: Scene From Vision Node Started
[pick_dropped_bottle-12] [INFO] [1775693408.297524671] [pick_dropped_bottle_node]: MoveItHelper initialized. joint_state_topic=/joint_states_sanitized (sanitized_expected=True)
[pick_dropped_bottle-12] [INFO] [1775693408.312058777] [pick_dropped_bottle_node]: Vision Client initialized, waiting for service...
[adl_controller-11] [37;1m2026-04-08 20:10:08.312 [31;1m[[37;1mRTPS_TRANSPORT_SHM[31;1m Error] [37mFailed init_port fastrtps_port7015: open_and_lock_file failed[34;1m -> Function [36mopen_port_internal[m
[adl_controller-11] [37;1m2026-04-08 20:10:08.312 [31;1m[[37;1mRTPS_TRANSPORT_SHM[31;1m Error] [37mFailed init_port fastrtps_port7016: open_and_lock_file failed[34;1m -> Function [36mopen_port_internal[m
[adl_controller-11] [37;1m2026-04-08 20:10:08.312 [31;1m[[37;1mRTPS_TRANSPORT_SHM[31;1m Error] [37mFailed init_port fastrtps_port7017: open_and_lock_file failed[34;1m -> Function [36mopen_port_internal[m
[adl_controller-11] [37;1m2026-04-08 20:10:08.313 [31;1m[[37;1mRTPS_TRANSPORT_SHM[31;1m Error] [37mFailed init_port fastrtps_port7018: open_and_lock_file failed[34;1m -> Function [36mopen_port_internal[m
[adl_controller-11] [37;1m2026-04-08 20:10:08.313 [31;1m[[37;1mRTPS_TRANSPORT_SHM[31;1m Error] [37mFailed init_port fastrtps_port7019: open_and_lock_file failed[34;1m -> Function [36mopen_port_internal[m
[adl_controller-11] [37;1m2026-04-08 20:10:08.313 [31;1m[[37;1mRTPS_TRANSPORT_SHM[31;1m Error] [37mFailed init_port fastrtps_port7020: open_and_lock_file failed[34;1m -> Function [36mopen_port_internal[m
[adl_controller-11] [37;1m2026-04-08 20:10:08.313 [31;1m[[37;1mRTPS_TRANSPORT_SHM[31;1m Error] [37mFailed init_port fastrtps_port7022: open_and_lock_file failed[34;1m -> Function [36mopen_port_internal[m
[adl_controller-11] [37;1m2026-04-08 20:10:08.314 [31;1m[[37;1mRTPS_TRANSPORT_SHM[31;1m Error] [37mFailed init_port fastrtps_port7023: open_and_lock_file failed[34;1m -> Function [36mopen_port_internal[m
[adl_controller-11] [37;1m2026-04-08 20:10:08.314 [31;1m[[37;1mRTPS_TRANSPORT_SHM[31;1m Error] [37mFailed init_port fastrtps_port7024: open_and_lock_file failed[34;1m -> Function [36mopen_port_internal[m
[adl_controller-11] [37;1m2026-04-08 20:10:08.314 [31;1m[[37;1mRTPS_TRANSPORT_SHM[31;1m Error] [37mFailed init_port fastrtps_port7025: open_and_lock_file failed[34;1m -> Function [36mopen_port_internal[m
[adl_controller-11] [37;1m2026-04-08 20:10:08.314 [31;1m[[37;1mRTPS_TRANSPORT_SHM[31;1m Error] [37mFailed init_port fastrtps_port7026: open_and_lock_file failed[34;1m -> Function [36mopen_port_internal[m
[adl_controller-11] [37;1m2026-04-08 20:10:08.314 [31;1m[[37;1mRTPS_TRANSPORT_SHM[31;1m Error] [37mFailed init_port fastrtps_port7027: open_and_lock_file failed[34;1m -> Function [36mopen_port_internal[m
[adl_controller-11] [37;1m2026-04-08 20:10:08.314 [31;1m[[37;1mRTPS_TRANSPORT_SHM[31;1m Error] [37mFailed init_port fastrtps_port7028: open_and_lock_file failed[34;1m -> Function [36mopen_port_internal[m
[adl_controller-11] [37;1m2026-04-08 20:10:08.315 [31;1m[[37;1mRTPS_TRANSPORT_SHM[31;1m Error] [37mFailed init_port fastrtps_port7029: open_and_lock_file failed[34;1m -> Function [36mopen_port_internal[m
[adl_controller-11] [37;1m2026-04-08 20:10:08.315 [31;1m[[37;1mRTPS_TRANSPORT_SHM[31;1m Error] [37mFailed init_port fastrtps_port7030: open_and_lock_file failed[34;1m -> Function [36mopen_port_internal[m
[adl_controller-11] [37;1m2026-04-08 20:10:08.315 [31;1m[[37;1mRTPS_TRANSPORT_SHM[31;1m Error] [37mFailed init_port fastrtps_port7031: open_and_lock_file failed[34;1m -> Function [36mopen_port_internal[m
[clear_table-13] [INFO] [1775693408.321164477] [clear_table_node]: Clear Table Node Started
[scene_from_vision-10] [INFO] [1775693408.340259216] [scene_from_vision_node]: SceneFromVision: Updating planning scene. Tracking 5 object shape(s). memory_mode=True, scan_duration_s=3.0, scan_min_samples=3, scan_prune_unseen_objects=False, continuous_scene_updates=False, latch_first_detection_updates=True, log_object_pose_debug=False, apply_planning_scene_service_updates=True, publish_monitored_planning_scene_updates=True, side_viewpoint=wrist_mounted_camera_color_optical_frame->base_link, reject_table_objects_outside_bounds=False.
[scene_from_vision-10] [INFO] [1775693408.341384065] [scene_from_vision_node]: SceneFromVision calibration: xy_offset=(-0.228, 0.004), z_offset=0.000, yaw_deg=4.00, xy_scale=1.3370, clamp_table_objects_to_table_bounds=False, table_bounds_margin_m=0.030.
[scene_from_vision-10] [INFO] [1775693408.342422578] [scene_from_vision_node]: SceneFromVision object offsets: remote_axis=y, remote_tag_to_center_sign=-1.0, remote_tag_from_end_m=0.020, cube_tag_to_center=(0.000, 0.000), cube_world_offset=(0.000, -0.022), cube_yaw_offset_deg=0.0, medication_face_to_center_m=0.030, cup_face_to_center_m=0.037.
[clear_table-13] [INFO] [1775693408.387714310] [clear_table_node]: MoveItHelper initialized. joint_state_topic=/joint_states_sanitized (sanitized_expected=True)
[clear_table-13] [INFO] [1775693408.395258350] [clear_table_node]: Vision Client initialized, waiting for service...
[vision_apriltag-9] [INFO] [1775693408.860526642] [vision_apriltag_node]: Vision AprilTag Node Started
[vision_apriltag-9] [INFO] [1775693408.862171204] [vision_apriltag_node]: Subscribing to camera topic: /wrist_mounted_camera/image
[vision_apriltag-9] [INFO] [1775693408.863682543] [vision_apriltag_node]: Subscribing to camera info topic: /wrist_mounted_camera/camera_info
[vision_apriltag-9] [INFO] [1775693408.865930354] [vision_apriltag_node]: Camera frame: wrist_mounted_camera_color_optical_frame | use_image_header_frame=True
[vision_apriltag-9] [INFO] [1775693408.867466288] [vision_apriltag_node]: Tag size: 0.025m | pose_cache_retention_s=20.0 | get_pose_wait_timeout_s=5.0 | max_returned_pose_age_s=20.0 | camera_params=[554.25, 554.25, 320.0, 240.0] | families=tag36h11 | quad_decimate=1.0 | requested_backend=opencv | backend=cv2.aruco | opencv_pose_solver=ippe_square | use_image_timestamp_for_tf=False
[vision_apriltag-9] [INFO] [1775693408.868678961] [vision_apriltag_node]: Top-tag known-plane projection: enabled=True, planes={3: 0.10995, 4: 0.14505}
[vision_apriltag-9] [INFO] [1775693408.870213558] [vision_apriltag_node]: pupil_apriltags tuning: nthreads=1, quad_sigma=0.0, refine_edges=1, decode_sharpening=0.25, debug=0, preprocess_variants=['raw', 'clahe', 'adaptive', 'clahe_sharp', 'clahe_up2', 'sharp_up2'], tile_search_if_empty=True, tile_search_grid=3x2, tile_search_scale=2.0, tile_search_overlap=0.25
[vision_apriltag-9] [WARN] [1775693408.872781913] [vision_apriltag_node]: pupil_apriltags is not importable by this node, so detection is using OpenCV fallback only. python=/usr/bin/python3, import_error=No module named 'pupil_apriltags'. If .venv contains pupil_apriltags, rebuild adl_tasks with that venv active or run the module with the venv Python.
[vision_apriltag-9] [INFO] [1775693408.874854816] [vision_apriltag_node]: Publishing AprilTag debug images on /vision_apriltag/debug_image at up to 1.0 Hz.
[clear_table-13] [INFO] [1775693408.896067445] [clear_table_node]: Vision service is ready.
[clear_table-13] [INFO] [1775693408.900968159] [clear_table_node]: Clear Table Node ready. Waiting for command.
[clear_table-13] [INFO] [1775693408.901381500] [clear_table_node]: Startup motion disabled at node load; motion begins only after clear_table command.
[give_medication-14] [INFO] [1775693408.962392577] [give_medication_node]: Vision service is ready.
[give_medication-14] [INFO] [1775693408.972090148] [give_medication_node]: give_medication ready.
[pick_dropped_bottle-12] [INFO] [1775693409.065450223] [pick_dropped_bottle_node]: Vision service is ready.
[pick_dropped_bottle-12] [INFO] [1775693409.082893971] [pick_dropped_bottle_node]: PickDroppedBottle ready. Waiting for command.
[pick_dropped_bottle-12] [INFO] [1775693409.084613940] [pick_dropped_bottle_node]: Startup motion disabled at node load; motion begins only after pick_dropped_bottle command.
[adl_controller-11] [INFO] [1775693409.528700826] [adl_controller_node]: MoveItHelper initialized. joint_state_topic=/joint_states_sanitized (sanitized_expected=True)
[adl_controller-11] [INFO] [1775693409.535459643] [adl_controller_node]: ADL controller ready. Waiting for UI/system commands.
[scene_static-7] [WARN] [1775693409.680808925] [scene_static_node]: Planning scene service not available, waiting...
[wrist_camera_usb_publisher-8] [WARN] [1775693410.213441440] [wrist_camera_usb_publisher_node]: USB camera publisher: reopening camera source (camera source is closed).
[wrist_camera_usb_publisher-8] [INFO] [1775693410.216510095] [wrist_camera_usb_publisher_node]: USB camera publisher: trying camera source index 2.
[wrist_camera_usb_publisher-8] [ WARN:0@3.372] global ./modules/videoio/src/cap_v4l.cpp (902) open VIDEOIO(V4L2:/dev/video2): can't open camera by index
[wrist_camera_usb_publisher-8] [INFO] [1775693410.229111246] [wrist_camera_usb_publisher_node]: USB camera publisher: trying camera source index 0.
[wrist_camera_usb_publisher-8] [ WARN:0@3.383] global ./modules/videoio/src/cap_v4l.cpp (902) open VIDEOIO(V4L2:/dev/video0): can't open camera by index
[wrist_camera_usb_publisher-8] [INFO] [1775693410.239942204] [wrist_camera_usb_publisher_node]: USB camera publisher: trying camera source index 1.
[wrist_camera_usb_publisher-8] [ WARN:0@3.384] global ./modules/videoio/src/cap_v4l.cpp (902) open VIDEOIO(V4L2:/dev/video1): can't open camera by index
[wrist_camera_usb_publisher-8] [INFO] [1775693410.240581729] [wrist_camera_usb_publisher_node]: USB camera publisher: trying camera source index 3.
[wrist_camera_usb_publisher-8] [ WARN:0@3.384] global ./modules/videoio/src/cap_v4l.cpp (902) open VIDEOIO(V4L2:/dev/video3): can't open camera by index
[wrist_camera_usb_publisher-8] [INFO] [1775693410.241076949] [wrist_camera_usb_publisher_node]: USB camera publisher: trying camera source index 4.
[wrist_camera_usb_publisher-8] [ WARN:0@3.386] global ./modules/videoio/src/cap_v4l.cpp (902) open VIDEOIO(V4L2:/dev/video4): can't open camera by index
[wrist_camera_usb_publisher-8] [INFO] [1775693410.242428904] [wrist_camera_usb_publisher_node]: USB camera publisher: trying camera source index 5.
[wrist_camera_usb_publisher-8] [ WARN:0@3.386] global ./modules/videoio/src/cap_v4l.cpp (902) open VIDEOIO(V4L2:/dev/video5): can't open camera by index
[wrist_camera_usb_publisher-8] [WARN] [1775693410.243102175] [wrist_camera_usb_publisher_node]: USB camera publisher: V4L2 probing failed. Retrying default OpenCV backend on index 2.
[wrist_camera_usb_publisher-8] [ WARN:0@3.394] global ./modules/videoio/src/cap_gstreamer.cpp (2401) handleMessage OpenCV | GStreamer warning: Embedded video playback halted; module v4l2src2 reported: Device '/dev/video2' failed during initialization
[wrist_camera_usb_publisher-8] [ WARN:0@3.394] global ./modules/videoio/src/cap_gstreamer.cpp (1356) open OpenCV | GStreamer warning: unable to start pipeline
[wrist_camera_usb_publisher-8] [ WARN:0@3.394] global ./modules/videoio/src/cap_gstreamer.cpp (862) isPipelinePlaying OpenCV | GStreamer warning: GStreamer: pipeline have not been created
[wrist_camera_usb_publisher-8] [ WARN:0@3.404] global ./modules/videoio/src/cap_v4l.cpp (902) open VIDEOIO(V4L2:/dev/video2): can't open camera by index
[wrist_camera_usb_publisher-8] [ERROR] [1775693410.310018685] [wrist_camera_usb_publisher_node]: USB camera publisher: camera reopen did not find an open source.
[vision_apriltag-9] [WARN] [1775693410.829397325] [vision_apriltag_node]: Vision AprilTag: no images received yet on /wrist_mounted_camera/image.
[ros2_control_node-1] [INFO] [1775693410.893416664] [controller_manager]: Loading controller : 'joint_state_broadcaster' of type 'joint_state_broadcaster/JointStateBroadcaster'
[ros2_control_node-1] [INFO] [1775693410.893657718] [controller_manager]: Loading controller 'joint_state_broadcaster'
[ros2_control_node-1] [INFO] [1775693410.911013361] [controller_manager]: Controller 'joint_state_broadcaster' node arguments: --ros-args --params-file /home/carrt-cse-project/workspace/ros2_kortex_ws/install/adl_tasks/share/adl_tasks/config/ros2_controllers_vbox.yaml --params-file /tmp/launch_params_2cuy3lpt 
[spawner-4] [INFO] [1775693410.976903793] [spawner_joint_state_broadcaster]: Loaded joint_state_broadcaster
[ros2_control_node-1] [INFO] [1775693411.062301015] [controller_manager]: Configuring controller: 'joint_state_broadcaster'
[ros2_control_node-1] [INFO] [1775693411.062858775] [joint_state_broadcaster]: 'joints' or 'interfaces' parameter is empty. All available state interfaces will be published
[ros2_control_node-1] [INFO] [1775693411.461609320] [controller_manager]: Activating controllers: [ joint_state_broadcaster ]
[ros2_control_node-1] [INFO] [1775693411.479288707] [controller_manager]: Successfully switched controllers!
[spawner-4] [INFO] [1775693411.500473819] [spawner_joint_state_broadcaster]: Configured and activated joint_state_broadcaster
[scene_static-7] [WARN] [1775693411.683425566] [scene_static_node]: Planning scene service not available, waiting...
[INFO] [spawner-4]: process has finished cleanly [pid 11988]
[INFO] [spawner-16]: process started with pid [12258]
[INFO] [spawner-17]: process started with pid [12259]
[INFO] [spawner-18]: process started with pid [12260]
[INFO] [spawner-19]: process started with pid [12261]
[wrist_camera_usb_publisher-8] [WARN] [1775693412.317019363] [wrist_camera_usb_publisher_node]: USB camera publisher: reopening camera source (camera source is closed).
[wrist_camera_usb_publisher-8] [INFO] [1775693412.323119284] [wrist_camera_usb_publisher_node]: USB camera publisher: trying camera source index 2.
[wrist_camera_usb_publisher-8] [ WARN:0@5.479] global ./modules/videoio/src/cap_v4l.cpp (902) open VIDEOIO(V4L2:/dev/video2): can't open camera by index
[wrist_camera_usb_publisher-8] [INFO] [1775693412.346673846] [wrist_camera_usb_publisher_node]: USB camera publisher: trying camera source index 0.
[wrist_camera_usb_publisher-8] [ WARN:0@5.497] global ./modules/videoio/src/cap_v4l.cpp (902) open VIDEOIO(V4L2:/dev/video0): can't open camera by index
[wrist_camera_usb_publisher-8] [INFO] [1775693412.355867497] [wrist_camera_usb_publisher_node]: USB camera publisher: trying camera source index 1.
[wrist_camera_usb_publisher-8] [ WARN:0@5.501] global ./modules/videoio/src/cap_v4l.cpp (902) open VIDEOIO(V4L2:/dev/video1): can't open camera by index
[wrist_camera_usb_publisher-8] [INFO] [1775693412.357870438] [wrist_camera_usb_publisher_node]: USB camera publisher: trying camera source index 3.
[wrist_camera_usb_publisher-8] [ WARN:0@5.502] global ./modules/videoio/src/cap_v4l.cpp (902) open VIDEOIO(V4L2:/dev/video3): can't open camera by index
[wrist_camera_usb_publisher-8] [INFO] [1775693412.358973347] [wrist_camera_usb_publisher_node]: USB camera publisher: trying camera source index 4.
[wrist_camera_usb_publisher-8] [ WARN:0@5.503] global ./modules/videoio/src/cap_v4l.cpp (902) open VIDEOIO(V4L2:/dev/video4): can't open camera by index
[wrist_camera_usb_publisher-8] [INFO] [1775693412.360584260] [wrist_camera_usb_publisher_node]: USB camera publisher: trying camera source index 5.
[wrist_camera_usb_publisher-8] [ WARN:0@5.505] global ./modules/videoio/src/cap_v4l.cpp (902) open VIDEOIO(V4L2:/dev/video5): can't open camera by index
[wrist_camera_usb_publisher-8] [WARN] [1775693412.361823557] [wrist_camera_usb_publisher_node]: USB camera publisher: V4L2 probing failed. Retrying default OpenCV backend on index 2.
[wrist_camera_usb_publisher-8] [ WARN:0@5.515] global ./modules/videoio/src/cap_gstreamer.cpp (2401) handleMessage OpenCV | GStreamer warning: Embedded video playback halted; module v4l2src3 reported: Device '/dev/video2' failed during initialization
[wrist_camera_usb_publisher-8] [ WARN:0@5.516] global ./modules/videoio/src/cap_gstreamer.cpp (1356) open OpenCV | GStreamer warning: unable to start pipeline
[wrist_camera_usb_publisher-8] [ WARN:0@5.516] global ./modules/videoio/src/cap_gstreamer.cpp (862) isPipelinePlaying OpenCV | GStreamer warning: GStreamer: pipeline have not been created
[wrist_camera_usb_publisher-8] [ WARN:0@5.522] global ./modules/videoio/src/cap_v4l.cpp (902) open VIDEOIO(V4L2:/dev/video2): can't open camera by index
[wrist_camera_usb_publisher-8] [ERROR] [1775693412.457819709] [wrist_camera_usb_publisher_node]: USB camera publisher: camera reopen did not find an open source.
[vision_apriltag-9] [WARN] [1775693412.807108898] [vision_apriltag_node]: Vision AprilTag: no images received yet on /wrist_mounted_camera/image.
[spawner-16] [INFO] [1775693412.807156225] [spawner_joint_trajectory_controller]: waiting for service /controller_manager/list_controllers to become available...
[scene_static-7] [WARN] [1775693413.687175797] [scene_static_node]: Planning scene service not available, waiting...
[ros2_control_node-1] [INFO] [1775693413.818730455] [controller_manager]: Loading controller : 'joint_trajectory_controller' of type 'joint_trajectory_controller/JointTrajectoryController'
[ros2_control_node-1] [INFO] [1775693413.818838192] [controller_manager]: Loading controller 'joint_trajectory_controller'
[ros2_control_node-1] [INFO] [1775693413.837439972] [controller_manager]: Controller 'joint_trajectory_controller' node arguments: --ros-args --params-file /home/carrt-cse-project/workspace/ros2_kortex_ws/install/adl_tasks/share/adl_tasks/config/ros2_controllers_vbox.yaml --params-file /tmp/launch_params_2cuy3lpt 
