
===== 2026-04-07T20:14:56-04:00 | T1_arm_moveit_rviz =====
cwd=/home/carrt-cse-project/workspace/ros2_kortex_ws
cmd=ros2 launch adl_tasks arm_vbox.launch.py robot_ip:=192.168.0.10 use_fake_hardware:=false vision:=true 

[INFO] [launch]: All log files can be found below /home/carrt-cse-project/.ros/log/2026-04-07-20-14-57-261388-carrt-cse-project-OptiPlex-5050-54754
[INFO] [launch]: Default logging verbosity is set to INFO
[INFO] [launch.user]: [arm_vbox.launch] MoveIt current state source: /joint_states_sanitized. Use use_joint_state_sanitizer:=false for raw-state viewer debugging.
[INFO] [launch.user]: [arm_vbox.launch] Using ADL VBox controller config (share/adl_tasks/config/ros2_controllers_vbox.yaml, update_rate:=125 Hz).
[INFO] [ros2_control_node-1]: process started with pid [54758]
[INFO] [robot_state_publisher-2]: process started with pid [54759]
[INFO] [joint_state_sanitizer-3]: process started with pid [54760]
[INFO] [spawner-4]: process started with pid [54761]
[INFO] [static_transform_publisher-5]: process started with pid [54762]
[INFO] [static_transform_publisher-6]: process started with pid [54763]
[robot_state_publisher-2] [INFO] [1775607297.589133875] [robot_state_publisher]: Robot initialized
[static_transform_publisher-5] [INFO] [1775607297.598140319] [static_transform_publisher]: Spinning until stopped - publishing transform
[static_transform_publisher-5] translation: ('0.000000', '0.000000', '0.000000')
[static_transform_publisher-5] rotation: ('0.000000', '0.000000', '0.000000', '1.000000')
[static_transform_publisher-5] from 'world' to 'base_link'
[static_transform_publisher-6] [INFO] [1775607297.603249315] [camera_color_optical_bridge_tf_pub]: Spinning until stopped - publishing transform
[static_transform_publisher-6] translation: ('0.000000', '0.000000', '0.000000')
[static_transform_publisher-6] rotation: ('0.000000', '0.000000', '0.000000', '1.000000')
[static_transform_publisher-6] from 'camera_color_frame' to 'wrist_mounted_camera_color_optical_frame'
[ros2_control_node-1] [INFO] [1775607297.630018750] [controller_manager]: Using Steady (Monotonic) clock for triggering controller manager cycles.
[ros2_control_node-1] [INFO] [1775607297.644242066] [controller_manager]: Subscribing to '/robot_description' topic for robot description.
[ros2_control_node-1] [INFO] [1775607297.647699307] [controller_manager]: update rate is 125 Hz
[ros2_control_node-1] [INFO] [1775607297.647741661] [controller_manager]: Overruns handling is : enabled
[ros2_control_node-1] [INFO] [1775607297.647756867] [controller_manager]: Spawning controller_manager RT thread with scheduler priority: 50
[ros2_control_node-1] [INFO] [1775607297.647933253] [controller_manager]: Successful set up FIFO RT scheduling policy with priority 50.
[joint_state_sanitizer-3] [INFO] [1775607298.133424284] [joint_state_sanitizer_node]: joint_state_sanitizer started. raw=/joint_states -> sanitized=/joint_states_sanitized
[spawner-4] [INFO] [1775607298.152026131] [spawner_joint_state_broadcaster]: waiting for service /controller_manager/list_controllers to become available...
[ros2_control_node-1] [INFO] [1775607298.152484534] [controller_manager]: Received robot description from topic.
[ros2_control_node-1] [INFO] [1775607298.152532029] [controller_manager]: Enforcing command limits is disabled. Command limits from URDF will be ignored.
[ros2_control_node-1] [INFO] [1775607298.159486560] [controller_manager]: Loading hardware 'KortexMultiInterfaceHardware' 
[ros2_control_node-1] [INFO] [1775607298.172629973] [KortexMultiInterfaceHardware]: Setting severity threshold to DEBUG
[ros2_control_node-1] [INFO] [1775607298.172711946] [controller_manager]: Loaded hardware 'KortexMultiInterfaceHardware' from plugin 'kortex_driver/KortexMultiInterfaceHardware'
[ros2_control_node-1] [INFO] [1775607298.173184091] [controller_manager]: Initialize hardware 'KortexMultiInterfaceHardware' 
[ros2_control_node-1] [INFO] [1775607298.184968880] [KortexMultiInterfaceHardware]: Configuring Hardware Interface
[ros2_control_node-1] [INFO] [1775607298.185558569] [KortexMultiInterfaceHardware]: Robot ip is '192.168.0.10'
[ros2_control_node-1] [INFO] [1775607298.185574884] [KortexMultiInterfaceHardware]: Username is 'admin'
[ros2_control_node-1] [INFO] [1775607298.185590688] [KortexMultiInterfaceHardware]: Port used '10000'
[ros2_control_node-1] [INFO] [1775607298.185596810] [KortexMultiInterfaceHardware]: Realtime port used '10001'
[ros2_control_node-1] [INFO] [1775607298.185604938] [KortexMultiInterfaceHardware]: Session inactivity timeout is '60000'
[ros2_control_node-1] [INFO] [1775607298.185613574] [KortexMultiInterfaceHardware]: Connection inactivity timeout is '2000'
[ros2_control_node-1] [INFO] [1775607298.185623345] [KortexMultiInterfaceHardware]: Gripper joint name is 'robotiq_85_left_knuckle_joint'
[ros2_control_node-1] [INFO] [1775607298.185659413] [KortexMultiInterfaceHardware]: Connecting to robot at 192.168.0.10
[ros2_control_node-1] [INFO] [1775607298.194371359] [KortexMultiInterfaceHardware]: Creating session for communication
[ros2_control_node-1] [INFO] [1775607298.341247571] [KortexMultiInterfaceHardware]: Session created
[ros2_control_node-1] [INFO] [1775607299.143687737] [KortexMultiInterfaceHardware]: Actuator count reported by robot is '7'
[ros2_control_node-1] [INFO] [1775607299.143925389] [KortexMultiInterfaceHardware]: Using internal bus communication for gripper!
[ros2_control_node-1] [INFO] [1775607299.143932950] [KortexMultiInterfaceHardware]: Hardware Interface successfully configured
[ros2_control_node-1] [INFO] [1775607299.144004782] [controller_manager]: Successful initialization of hardware 'KortexMultiInterfaceHardware'
[ros2_control_node-1] [DEBUG] [1775607299.144095911] [KortexMultiInterfaceHardware]: export_state_interfaces for joint: joint_1
[ros2_control_node-1] [DEBUG] [1775607299.144119619] [KortexMultiInterfaceHardware]: export_state_interfaces for joint: joint_2
[ros2_control_node-1] [DEBUG] [1775607299.144123824] [KortexMultiInterfaceHardware]: export_state_interfaces for joint: joint_3
[ros2_control_node-1] [DEBUG] [1775607299.144126930] [KortexMultiInterfaceHardware]: export_state_interfaces for joint: joint_4
[ros2_control_node-1] [DEBUG] [1775607299.144129543] [KortexMultiInterfaceHardware]: export_state_interfaces for joint: joint_5
[ros2_control_node-1] [DEBUG] [1775607299.144132475] [KortexMultiInterfaceHardware]: export_state_interfaces for joint: joint_6
[ros2_control_node-1] [DEBUG] [1775607299.144134972] [KortexMultiInterfaceHardware]: export_state_interfaces for joint: joint_7
[ros2_control_node-1] [DEBUG] [1775607299.144137413] [KortexMultiInterfaceHardware]: export_state_interfaces for joint: robotiq_85_left_knuckle_joint
[ros2_control_node-1] [INFO] [1775607299.146152707] [resource_manager]: 'configure' hardware 'KortexMultiInterfaceHardware' 
[ros2_control_node-1] [INFO] [1775607299.146206203] [resource_manager]: Successful 'configure' of hardware 'KortexMultiInterfaceHardware'
[ros2_control_node-1] [INFO] [1775607299.146283040] [resource_manager]: 'activate' hardware 'KortexMultiInterfaceHardware' 
[ros2_control_node-1] [INFO] [1775607299.146317987] [KortexMultiInterfaceHardware]: Activating KortexMultiInterfaceHardware...
[ros2_control_node-1] [INFO] [1775607299.151104820] [KortexMultiInterfaceHardware]: Gripper initial position is '0.873365'.
[ros2_control_node-1] [INFO] [1775607299.155651847] [KortexMultiInterfaceHardware]: KortexMultiInterfaceHardware successfully activated!
[ros2_control_node-1] [INFO] [1775607299.155710799] [resource_manager]: Successful 'activate' of hardware 'KortexMultiInterfaceHardware'
[ros2_control_node-1] [INFO] [1775607299.156069438] [controller_manager]: Registering statistics for : KortexMultiInterfaceHardware
[ros2_control_node-1] [INFO] [1775607299.156239506] [controller_manager]: Resource Manager has been successfully initialized. Starting Controller Manager services...
[ros2_control_node-1] [WARN] [1775607299.169094301] [controller_manager]: Overrun might occur, Total time : 9003.794 us (Expected < 8000.000 us) --> Read time : 4570.037 us, Update time : 29.677 us, Write time : 4404.080 us
[ros2_control_node-1] [WARN] [1775607299.169202979] [controller_manager]: Overrun detected! The controller manager missed its desired rate of 125 Hz. The loop took 9.148593 ms (missed cycles : 2).
[ros2_control_node-1] [INFO] [1775607299.406879611] [controller_manager]: Loading controller : 'joint_state_broadcaster' of type 'joint_state_broadcaster/JointStateBroadcaster'
[ros2_control_node-1] [INFO] [1775607299.406981467] [controller_manager]: Loading controller 'joint_state_broadcaster'
[ros2_control_node-1] [INFO] [1775607299.413697787] [controller_manager]: Controller 'joint_state_broadcaster' node arguments: --ros-args --params-file /home/carrt-cse-project/workspace/ros2_kortex_ws/install/adl_tasks/share/adl_tasks/config/ros2_controllers_vbox.yaml --params-file /tmp/launch_params_n0lsm0z9 
[spawner-4] [INFO] [1775607299.434648729] [spawner_joint_state_broadcaster]: Loaded joint_state_broadcaster
[ros2_control_node-1] [INFO] [1775607299.438882953] [controller_manager]: Configuring controller: 'joint_state_broadcaster'
[ros2_control_node-1] [INFO] [1775607299.439365350] [joint_state_broadcaster]: 'joints' or 'interfaces' parameter is empty. All available state interfaces will be published
[ros2_control_node-1] [INFO] [1775607299.466302443] [controller_manager]: Activating controllers: [ joint_state_broadcaster ]
[ros2_control_node-1] [INFO] [1775607299.473915294] [controller_manager]: Successfully switched controllers!
[spawner-4] [INFO] [1775607299.482542696] [spawner_joint_state_broadcaster]: Configured and activated joint_state_broadcaster
[INFO] [spawner-4]: process has finished cleanly [pid 54761]
[INFO] [spawner-7]: process started with pid [54865]
[INFO] [spawner-8]: process started with pid [54866]
[INFO] [spawner-9]: process started with pid [54867]
[INFO] [spawner-10]: process started with pid [54868]
[spawner-8] [INFO] [1775607300.798144427] [spawner_twist_controller]: waiting for service /controller_manager/list_controllers to become available...
[ros2_control_node-1] [WARN] [1775607301.072888367] [controller_manager]: Overrun might occur, Total time : 8803.364 us (Expected < 8000.000 us) --> Read time : 54.611 us, Update time : 95.262 us, Write time : 8653.491 us
[ros2_control_node-1] [WARN] [1775607301.072965956] [controller_manager]: Overrun detected! The controller manager missed its desired rate of 125 Hz. The loop took 8.912228 ms (missed cycles : 2).
[ros2_control_node-1] [INFO] [1775607301.186720709] [controller_manager]: Loading controller : 'twist_controller' of type 'picknik_twist_controller/PicknikTwistController'
[ros2_control_node-1] [INFO] [1775607301.186764078] [controller_manager]: Loading controller 'twist_controller'
[ros2_control_node-1] [INFO] [1775607301.190744073] [controller_manager]: Controller 'twist_controller' node arguments: --ros-args --params-file /home/carrt-cse-project/workspace/ros2_kortex_ws/install/adl_tasks/share/adl_tasks/config/ros2_controllers_vbox.yaml --params-file /tmp/launch_params_n0lsm0z9 
[spawner-8] [INFO] [1775607301.211802055] [spawner_twist_controller]: Loaded twist_controller
[ros2_control_node-1] [INFO] [1775607301.215037260] [controller_manager]: Configuring controller: 'twist_controller'
[ros2_control_node-1] [INFO] [1775607301.219888609] [twist_controller]: configure successful
[spawner-7] [INFO] [1775607301.369891197] [spawner_joint_trajectory_controller]: waiting for service /controller_manager/list_controllers to become available...
[INFO] [spawner-8]: process has finished cleanly [pid 54866]
[ros2_control_node-1] [INFO] [1775607301.703259628] [controller_manager]: Loading controller : 'joint_trajectory_controller' of type 'joint_trajectory_controller/JointTrajectoryController'
[ros2_control_node-1] [INFO] [1775607301.703306127] [controller_manager]: Loading controller 'joint_trajectory_controller'
[ros2_control_node-1] [INFO] [1775607301.709357984] [controller_manager]: Controller 'joint_trajectory_controller' node arguments: --ros-args --params-file /home/carrt-cse-project/workspace/ros2_kortex_ws/install/adl_tasks/share/adl_tasks/config/ros2_controllers_vbox.yaml --params-file /tmp/launch_params_n0lsm0z9 
[spawner-7] [INFO] [1775607301.745946377] [spawner_joint_trajectory_controller]: Loaded joint_trajectory_controller
[ros2_control_node-1] [INFO] [1775607301.829979979] [controller_manager]: Configuring controller: 'joint_trajectory_controller'
[ros2_control_node-1] [INFO] [1775607301.830716351] [joint_trajectory_controller]: No specific joint names are used for command interfaces. Using 'joints' parameter.
[ros2_control_node-1] [INFO] [1775607301.830983555] [joint_trajectory_controller]: Command interfaces are [position] and state interfaces are [position velocity].
[ros2_control_node-1] [INFO] [1775607301.831164434] [joint_trajectory_controller]: Using 'splines' interpolation method.
[ros2_control_node-1] [INFO] [1775607301.838101180] [joint_trajectory_controller]: Action status changes will be monitored at 20.00 Hz.
[spawner-7] [INFO] [1775607301.861246946] [spawner_joint_trajectory_controller]: waiting for service /controller_manager/switch_controller to become available...
[ros2_control_node-1] [INFO] [1775607302.362010950] [controller_manager]: Activating controllers: [ joint_trajectory_controller ]
[ros2_control_node-1] [INFO] [1775607302.599708815] [controller_manager]: Successfully switched controllers!
[ros2_control_node-1] [WARN] [1775607302.602861114] [controller_manager]: Overrun might occur, Total time : 34779.491 us (Expected < 8000.000 us) --> Read time : 52.205 us, Update time : 31533.111 us (Switch time : 31436.489 us (Switch chained mode time : 2.748 us, perform mode change time : 30640.662 us, Activation time : 786.365 us, Deactivation time : 0.987 us)), Write time : 3194.175 us
[ros2_control_node-1] [WARN] [1775607302.602924895] [controller_manager]: Overrun detected! The controller manager missed its desired rate of 125 Hz. The loop took 34.871429 ms (missed cycles : 5).
[spawner-7] [INFO] [1775607302.609817200] [spawner_joint_trajectory_controller]: Configured and activated joint_trajectory_controller
[spawner-10] [INFO] [1775607302.768865793] [spawner_fault_controller]: waiting for service /controller_manager/list_controllers to become available...
[INFO] [spawner-7]: process has finished cleanly [pid 54865]
[INFO] [move_group-11]: process started with pid [54962]
[INFO] [rviz2-12]: process started with pid [54963]
[move_group-11] [INFO] [1775607304.015523583] [move_group.moveit.moveit.ros.rdf_loader]: Loaded robot model in 0.00805792 seconds
[move_group-11] [INFO] [1775607304.015644771] [move_group.moveit.moveit.core.robot_model]: Loading robot model 'gen3'...
[move_group-11] [INFO] [1775607304.015659458] [move_group.moveit.moveit.core.robot_model]: No root/virtual joint specified in SRDF. Assuming fixed joint
[ros2_control_node-1] [WARN] [1775607304.117043781] [controller_manager]: Overrun might occur, Total time : 12946.185 us (Expected < 8000.000 us) --> Read time : 69.370 us, Update time : 255.716 us, Write time : 12621.099 us
[ros2_control_node-1] [WARN] [1775607304.117121306] [controller_manager]: Overrun detected! The controller manager missed its desired rate of 125 Hz. The loop took 13.066976 ms (missed cycles : 2).
[move_group-11] [INFO] [1775607304.187375629] [move_group.moveit.moveit.kinematics.kdl_kinematics_plugin]: Joint weights for group 'manipulator': 1 1 1 1 1 1 1
[ros2_control_node-1] [INFO] [1775607304.270590713] [controller_manager]: Received robot description from topic.
[ros2_control_node-1] [WARN] [1775607304.270623258] [controller_manager]: ResourceManager has already loaded a urdf. Ignoring attempt to reload a robot description.
[rviz2-12] [INFO] [1775607304.320750219] [rviz2]: Stereo is NOT SUPPORTED
[rviz2-12] [INFO] [1775607304.320851370] [rviz2]: OpenGl version: 4.6 (GLSL 4.6)
[ros2_control_node-1] [INFO] [1775607304.335660618] [controller_manager]: Loading controller : 'fault_controller' of type 'picknik_reset_fault_controller/PicknikResetFaultController'
[ros2_control_node-1] [INFO] [1775607304.335707193] [controller_manager]: Loading controller 'fault_controller'
[ros2_control_node-1] [INFO] [1775607304.338891332] [controller_manager]: Controller 'fault_controller' node arguments: --ros-args --params-file /home/carrt-cse-project/workspace/ros2_kortex_ws/install/adl_tasks/share/adl_tasks/config/ros2_controllers_vbox.yaml --params-file /tmp/launch_params_n0lsm0z9 
[rviz2-12] [INFO] [1775607304.348759099] [rviz2]: Stereo is NOT SUPPORTED
[spawner-10] [INFO] [1775607304.370463892] [spawner_fault_controller]: Loaded fault_controller
[ros2_control_node-1] [INFO] [1775607304.452417709] [controller_manager]: Configuring controller: 'fault_controller'
[ros2_control_node-1] [INFO] [1775607304.461997830] [controller_manager]: Activating controllers: [ fault_controller ]
[rviz2-12] Warning: class_loader.impl: SEVERE WARNING!!! A namespace collision has occurred with plugin factory for class rviz_default_plugins::displays::InteractiveMarkerDisplay. New factory will OVERWRITE existing one. This situation occurs when libraries containing plugins are directly linked against an executable (the one running right now generating this message). Please separate plugins out into their own library or just don't link against the library and use either class_loader::ClassLoader/MultiLibraryClassLoader to open.
[rviz2-12]          at line 321 in /opt/ros/jazzy/include/class_loader/class_loader/class_loader_core.hpp
[rviz2-12] [WARN] [1775607304.538036560] [rcl.logging_rosout]: Publisher already registered for node name: 'rviz2_moveit'. If this is due to multiple nodes with the same name then all logs for the logger named 'rviz2_moveit' will go out over the existing publisher. As soon as any node with that name is destructed it will unregister the publisher, preventing any further logs for that name from being published on the rosout topic.
[move_group-11] [INFO] [1775607304.595241317] [move_group.moveit.moveit.ros.planning_scene_monitor]: Publishing maintained planning scene on 'monitored_planning_scene'
[move_group-11] [INFO] [1775607304.595583391] [move_group.moveit.moveit.ros.moveit_cpp]: Listening to 'joint_states' for joint states
[move_group-11] [INFO] [1775607304.597063503] [move_group.moveit.moveit.ros.current_state_monitor]: Listening to joint states on topic 'joint_states'
[move_group-11] [INFO] [1775607304.598793157] [move_group.moveit.moveit.ros.planning_scene_monitor]: Listening to '/attached_collision_object' for attached collision objects
[move_group-11] [INFO] [1775607304.598836590] [move_group.moveit.moveit.ros.planning_scene_monitor]: Stopping existing planning scene publisher.
[move_group-11] [INFO] [1775607304.600096411] [move_group.moveit.moveit.ros.planning_scene_monitor]: Stopped publishing maintained planning scene.
[move_group-11] [INFO] [1775607304.601696268] [move_group.moveit.moveit.ros.planning_scene_monitor]: Publishing maintained planning scene on 'monitored_planning_scene'
[move_group-11] [INFO] [1775607304.601806029] [move_group.moveit.moveit.ros.planning_scene_monitor]: Starting planning scene monitor
[move_group-11] [INFO] [1775607304.603243728] [move_group.moveit.moveit.ros.planning_scene_monitor]: Listening to '/planning_scene'
[move_group-11] [INFO] [1775607304.603290390] [move_group.moveit.moveit.ros.planning_scene_monitor]: Starting world geometry update monitor for collision objects, attached objects, octomap updates.
[move_group-11] [INFO] [1775607304.604462824] [move_group.moveit.moveit.ros.planning_scene_monitor]: Listening to 'collision_object'
[move_group-11] [INFO] [1775607304.607990513] [move_group.moveit.moveit.ros.planning_scene_monitor]: Listening to 'planning_scene_world' for planning scene world geometry
[move_group-11] [WARN] [1775607304.609083952] [move_group.moveit.moveit.ros.occupancy_map_monitor]: Resolution not specified for Octomap. Assuming resolution = 0.1 instead
[move_group-11] [ERROR] [1775607304.609134439] [move_group.moveit.moveit.ros.occupancy_map_monitor]: No 3D sensor plugin(s) defined for octomap updates
[ros2_control_node-1] [INFO] [1775607304.669581462] [controller_manager]: Successfully switched controllers!
[ros2_control_node-1] [WARN] [1775607304.672318847] [controller_manager]: Overrun might occur, Total time : 8216.972 us (Expected < 8000.000 us) --> Read time : 43.567 us, Update time : 5409.478 us (Switch time : 5197.148 us (Switch chained mode time : 1.425 us, perform mode change time : 18.122 us, Activation time : 5169.737 us, Deactivation time : 0.655 us)), Write time : 2763.927 us
[spawner-10] [INFO] [1775607304.682409868] [spawner_fault_controller]: Configured and activated fault_controller
[move_group-11] [INFO] [1775607304.836107266] [move_group.moveit.moveit.ros.planning_pipeline]: Successfully loaded planner 'OMPL'
[move_group-11] [INFO] [1775607304.841201321] [move_group]: Try loading adapter 'default_planning_request_adapters/ResolveConstraintFrames'
[move_group-11] [INFO] [1775607304.842543724] [move_group]: Loaded adapter 'default_planning_request_adapters/ResolveConstraintFrames'
[move_group-11] [INFO] [1775607304.842566096] [move_group]: Try loading adapter 'default_planning_request_adapters/ValidateWorkspaceBounds'
[move_group-11] [INFO] [1775607304.842830373] [move_group]: Loaded adapter 'default_planning_request_adapters/ValidateWorkspaceBounds'
[move_group-11] [INFO] [1775607304.842846457] [move_group]: Try loading adapter 'default_planning_request_adapters/CheckStartStateBounds'
[move_group-11] [INFO] [1775607304.842877363] [move_group]: Loaded adapter 'default_planning_request_adapters/CheckStartStateBounds'
[move_group-11] [INFO] [1775607304.842884946] [move_group]: Try loading adapter 'default_planning_request_adapters/CheckStartStateCollision'
[move_group-11] [INFO] [1775607304.842899408] [move_group]: Loaded adapter 'default_planning_request_adapters/CheckStartStateCollision'
[move_group-11] [INFO] [1775607304.847527658] [move_group]: Try loading adapter 'default_planning_response_adapters/AddTimeOptimalParameterization'
[move_group-11] [INFO] [1775607304.850947898] [move_group]: Loaded adapter 'default_planning_response_adapters/AddTimeOptimalParameterization'
[move_group-11] [INFO] [1775607304.850977767] [move_group]: Try loading adapter 'default_planning_response_adapters/ValidateSolution'
[move_group-11] [INFO] [1775607304.854302598] [move_group]: Loaded adapter 'default_planning_response_adapters/ValidateSolution'
[move_group-11] [INFO] [1775607304.854360418] [move_group]: Try loading adapter 'default_planning_response_adapters/DisplayMotionPath'
[move_group-11] [INFO] [1775607304.855934267] [move_group]: Loaded adapter 'default_planning_response_adapters/DisplayMotionPath'
[INFO] [spawner-10]: process has finished cleanly [pid 54868]
[move_group-11] [INFO] [1775607304.919650844] [move_group.moveit.moveit.plugins.simple_controller_manager]: Added FollowJointTrajectory controller for joint_trajectory_controller
[move_group-11] [INFO] [1775607304.919991017] [move_group.moveit.moveit.plugins.simple_controller_manager]: robotiq_gripper_controller will command a max effort of: 0
[move_group-11] [INFO] [1775607304.933547203] [move_group.moveit.moveit.plugins.simple_controller_manager]: Added GripperCommand controller for robotiq_gripper_controller
[move_group-11] [INFO] [1775607304.933749685] [move_group.moveit.moveit.plugins.simple_controller_manager]: Returned 2 controllers in list
[move_group-11] [INFO] [1775607304.933788638] [move_group.moveit.moveit.plugins.simple_controller_manager]: Returned 2 controllers in list
[move_group-11] [INFO] [1775607304.934327112] [move_group.moveit.moveit.ros.trajectory_execution_manager]: Trajectory execution is managing controllers
[move_group-11] [INFO] [1775607304.934349622] [move_group]: MoveGroup debug mode is ON
[move_group-11] [INFO] [1775607304.979341596] [move_group.moveit.moveit.ros.move_group.executable]: 
[move_group-11] 
[move_group-11] ********************************************************
[move_group-11] * MoveGroup using: 
[move_group-11] *     - apply_planning_scene_service
[move_group-11] *     - clear_octomap_service
[move_group-11] *     - get_group_urdf
[move_group-11] *     - load_geometry_from_file
[move_group-11] *     - CartesianPathService
[move_group-11] *     - execute_trajectory_action
[move_group-11] *     - get_planning_scene_service
[move_group-11] *     - kinematics_service
[move_group-11] *     - move_action
[move_group-11] *     - motion_plan_service
[move_group-11] *     - query_planners_service
[move_group-11] *     - state_validation_service
[move_group-11] *     - save_geometry_to_file
[move_group-11] ********************************************************
[move_group-11] 
[move_group-11] [INFO] [1775607304.979396970] [move_group.moveit.moveit.ros.move_group.context]: MoveGroup context using pipeline ompl
[move_group-11] [INFO] [1775607304.979408029] [move_group.moveit.moveit.ros.move_group.context]: MoveGroup context initialization complete
[move_group-11] [96mLoading 'move_group/ApplyPlanningSceneService'...[0m
[move_group-11] [96mLoading 'move_group/ClearOctomapService'...[0m
[move_group-11] [96mLoading 'move_group/GetUrdfService'...[0m
[move_group-11] [96mLoading 'move_group/LoadGeometryFromFileService'...[0m
[move_group-11] [96mLoading 'move_group/MoveGroupCartesianPathService'...[0m
[move_group-11] [96mLoading 'move_group/MoveGroupExecuteTrajectoryAction'...[0m
[move_group-11] [96mLoading 'move_group/MoveGroupGetPlanningSceneService'...[0m
[move_group-11] [96mLoading 'move_group/MoveGroupKinematicsService'...[0m
[move_group-11] [96mLoading 'move_group/MoveGroupMoveAction'...[0m
[move_group-11] [96mLoading 'move_group/MoveGroupPlanService'...[0m
[move_group-11] [96mLoading 'move_group/MoveGroupQueryPlannersService'...[0m
[move_group-11] [96mLoading 'move_group/MoveGroupStateValidationService'...[0m
[move_group-11] [96mLoading 'move_group/SaveGeometryToFileService'...[0m
[move_group-11] 
[move_group-11] [92mYou can start planning now![0m
[move_group-11] 
[spawner-9] [INFO] [1775607305.372137816] [spawner_robotiq_gripper_controller]: waiting for service /controller_manager/list_controllers to become available...
[ros2_control_node-1] [WARN] [1775607306.549781231] [controller_manager]: Overrun might occur, Total time : 29185.805 us (Expected < 8000.000 us) --> Read time : 48.879 us, Update time : 245.720 us, Write time : 28891.206 us
[ros2_control_node-1] [WARN] [1775607306.549841658] [controller_manager]: Overrun detected! The controller manager missed its desired rate of 125 Hz. The loop took 29.788272 ms (missed cycles : 4).
[rviz2-12] [ERROR] [1775607307.602599217] [rviz2_moveit.moveit.ros.motion_planning_frame]: Action server: /recognize_objects not available
[rviz2-12] [INFO] [1775607307.635498648] [rviz2_moveit.moveit.ros.motion_planning_frame]: MoveGroup namespace changed: / -> . Reloading params.
[ros2_control_node-1] [INFO] [1775607307.712013155] [controller_manager]: Loading controller : 'robotiq_gripper_controller' of type 'position_controllers/GripperActionController'
[ros2_control_node-1] [INFO] [1775607307.712052411] [controller_manager]: Loading controller 'robotiq_gripper_controller'
[ros2_control_node-1] [INFO] [1775607307.715125749] [controller_manager]: Controller 'robotiq_gripper_controller' node arguments: --ros-args --params-file /home/carrt-cse-project/workspace/ros2_kortex_ws/install/adl_tasks/share/adl_tasks/config/ros2_controllers_vbox.yaml --params-file /tmp/launch_params_n0lsm0z9 
[rviz2-12] [INFO] [1775607307.722321080] [rviz2_moveit.moveit.ros.rdf_loader]: Loaded robot model in 0.0121183 seconds
[rviz2-12] [INFO] [1775607307.722418735] [rviz2_moveit.moveit.core.robot_model]: Loading robot model 'gen3'...
[rviz2-12] [INFO] [1775607307.722452386] [rviz2_moveit.moveit.core.robot_model]: No root/virtual joint specified in SRDF. Assuming fixed joint
[ros2_control_node-1] [WARN] [1775607307.752558930] [robotiq_gripper_controller]: [Deprecated]: the `position_controllers/GripperActionController` and `effort_controllers::GripperActionController` controllers are replaced by 'parallel_gripper_controllers/GripperActionController' controller
[spawner-9] [INFO] [1775607307.763761781] [spawner_robotiq_gripper_controller]: Loaded robotiq_gripper_controller
[ros2_control_node-1] [INFO] [1775607307.767271528] [controller_manager]: Configuring controller: 'robotiq_gripper_controller'
[ros2_control_node-1] [INFO] [1775607307.767432527] [robotiq_gripper_controller]: Action status changes will be monitored at 20.000000 Hz.
[ros2_control_node-1] [INFO] [1775607307.854455224] [controller_manager]: Activating controllers: [ robotiq_gripper_controller ]
[rviz2-12] [INFO] [1775607307.892087761] [rviz2_moveit.moveit.kinematics.kdl_kinematics_plugin]: Joint weights for group 'manipulator': 1 1 1 1 1 1 1
[rviz2-12] [INFO] [1775607308.261079263] [rviz2_moveit.moveit.ros.planning_scene_monitor]: Starting planning scene monitor
[rviz2-12] [INFO] [1775607308.262000500] [rviz2_moveit.moveit.ros.planning_scene_monitor]: Listening to '/monitored_planning_scene'
[ros2_control_node-1] [INFO] [1775607308.325316355] [controller_manager]: Successfully switched controllers!
[ros2_control_node-1] [WARN] [1775607308.331067130] [controller_manager]: Overrun might occur, Total time : 274967.671 us (Expected < 8000.000 us) --> Read time : 62.936 us, Update time : 269099.292 us (Switch time : 268830.922 us (Switch chained mode time : 1.189 us, perform mode change time : 17.501 us, Activation time : 268803.481 us, Deactivation time : 0.575 us)), Write time : 5805.443 us
[ros2_control_node-1] [WARN] [1775607308.331149792] [controller_manager]: Overrun detected! The controller manager missed its desired rate of 125 Hz. The loop took 275.095307 ms (missed cycles : 35).
[spawner-9] [INFO] [1775607308.338813948] [spawner_robotiq_gripper_controller]: Configured and activated robotiq_gripper_controller
[INFO] [spawner-9]: process has finished cleanly [pid 54867]
[rviz2-12] [INFO] [1775607308.547195281] [interactive_marker_display_94477068344704]: Connected on namespace: /rviz_moveit_motion_planning_display/robot_interaction_interactive_marker_topic
[rviz2-12] [INFO] [1775607308.554962864] [rviz2_moveit.moveit.ros.robot_interaction]: No active joints or end effectors found for group 'gripper'. Make sure that kinematics.yaml is loaded in this node's namespace.
[rviz2-12] [INFO] [1775607308.555852089] [rviz2_moveit.moveit.ros.robot_interaction]: No active joints or end effectors found for group 'gripper'. Make sure that kinematics.yaml is loaded in this node's namespace.
[rviz2-12] [INFO] [1775607308.560717257] [rviz2_moveit.moveit.ros.motion_planning_frame]: group gripper
[rviz2-12] [INFO] [1775607308.560747923] [rviz2_moveit.moveit.ros.motion_planning_frame]: Constructing new MoveGroup connection for group 'gripper' in namespace ''
[rviz2-12] [INFO] [1775607308.576398531] [interactive_marker_display_94477068344704]: Sending request for interactive markers
[rviz2-12] [INFO] [1775607308.582647278] [rviz2_moveit.moveit.ros.move_group_interface]: Ready to take commands for planning group gripper.
[rviz2-12] [INFO] [1775607308.584347571] [rviz2_moveit.moveit.ros.motion_planning_frame]: group gripper
[rviz2-12] [INFO] [1775607308.609613546] [interactive_marker_display_94477068344704]: Service response received for initialization
[ros2_control_node-1] [WARN] [1775607316.789911832] [controller_manager]: Overrun might occur, Total time : 29676.321 us (Expected < 8000.000 us) --> Read time : 80.999 us, Update time : 301.761 us, Write time : 29293.561 us
[ros2_control_node-1] [WARN] [1775607316.789973606] [controller_manager]: Overrun detected! The controller manager missed its desired rate of 125 Hz. The loop took 29.920447 ms (missed cycles : 4).
[ros2_control_node-1] [WARN] [1775607327.028591401] [controller_manager]: Overrun might occur, Total time : 28485.645 us (Expected < 8000.000 us) --> Read time : 56.219 us, Update time : 230.763 us, Write time : 28198.663 us
[ros2_control_node-1] [WARN] [1775607327.028677796] [controller_manager]: Overrun detected! The controller manager missed its desired rate of 125 Hz. The loop took 28.624096 ms (missed cycles : 4).
[ros2_control_node-1] [WARN] [1775607331.466695671] [controller_manager]: Overrun might occur, Total time : 10601.388 us (Expected < 8000.000 us) --> Read time : 59.762 us, Update time : 279.212 us, Write time : 10262.414 us
[ros2_control_node-1] [WARN] [1775607331.466769764] [controller_manager]: Overrun detected! The controller manager missed its desired rate of 125 Hz. The loop took 10.715958 ms (missed cycles : 2).
[ros2_control_node-1] [WARN] [1775607334.264154543] [controller_manager]: Overrun might occur, Total time : 8040.149 us (Expected < 8000.000 us) --> Read time : 58.822 us, Update time : 251.659 us, Write time : 7729.668 us
[ros2_control_node-1] [WARN] [1775607334.264421398] [controller_manager]: Overrun detected! The controller manager missed its desired rate of 125 Hz. The loop took 8.361575 ms (missed cycles : 2).
[ros2_control_node-1] [WARN] [1775607337.268449875] [controller_manager]: Overrun might occur, Total time : 28347.044 us (Expected < 8000.000 us) --> Read time : 53.812 us, Update time : 249.628 us, Write time : 28043.604 us
[ros2_control_node-1] [WARN] [1775607337.268569632] [controller_manager]: Overrun detected! The controller manager missed its desired rate of 125 Hz. The loop took 28.515050 ms (missed cycles : 4).
[ros2_control_node-1] [WARN] [1775607338.353736746] [controller_manager]: Overrun might occur, Total time : 9638.919 us (Expected < 8000.000 us) --> Read time : 83.256 us, Update time : 329.226 us, Write time : 9226.437 us
[ros2_control_node-1] [WARN] [1775607338.353826005] [controller_manager]: Overrun detected! The controller manager missed its desired rate of 125 Hz. The loop took 9.772180 ms (missed cycles : 2).
[ros2_control_node-1] [WARN] [1775607342.282791704] [controller_manager]: Overrun might occur, Total time : 10687.712 us (Expected < 8000.000 us) --> Read time : 88.232 us, Update time : 331.354 us, Write time : 10268.126 us
[ros2_control_node-1] [WARN] [1775607342.282881871] [controller_manager]: Overrun detected! The controller manager missed its desired rate of 125 Hz. The loop took 10.827523 ms (missed cycles : 2).
[ros2_control_node-1] [WARN] [1775607347.508519977] [controller_manager]: Overrun might occur, Total time : 28405.525 us (Expected < 8000.000 us) --> Read time : 69.730 us, Update time : 311.690 us, Write time : 28024.105 us
[ros2_control_node-1] [WARN] [1775607347.508597452] [controller_manager]: Overrun detected! The controller manager missed its desired rate of 125 Hz. The loop took 28.542353 ms (missed cycles : 4).
[ros2_control_node-1] [WARN] [1775607348.891277277] [controller_manager]: Overrun might occur, Total time : 11191.395 us (Expected < 8000.000 us) --> Read time : 53.836 us, Update time : 212.641 us, Write time : 10924.918 us
[ros2_control_node-1] [WARN] [1775607348.891345104] [controller_manager]: Overrun detected! The controller manager missed its desired rate of 125 Hz. The loop took 11.290989 ms (missed cycles : 2).
[ros2_control_node-1] [WARN] [1775607350.754217647] [controller_manager]: Overrun might occur, Total time : 10131.321 us (Expected < 8000.000 us) --> Read time : 51.573 us, Update time : 282.464 us, Write time : 9797.284 us
[ros2_control_node-1] [WARN] [1775607350.754298032] [controller_manager]: Overrun detected! The controller manager missed its desired rate of 125 Hz. The loop took 10.243964 ms (missed cycles : 2).
[ros2_control_node-1] [WARN] [1775607352.710421347] [controller_manager]: Overrun might occur, Total time : 14319.122 us (Expected < 8000.000 us) --> Read time : 64.994 us, Update time : 398.575 us, Write time : 13855.553 us
[ros2_control_node-1] [WARN] [1775607352.710509475] [controller_manager]: Overrun detected! The controller manager missed its desired rate of 125 Hz. The loop took 14.454817 ms (missed cycles : 2).
[ros2_control_node-1] [WARN] [1775607355.449594740] [controller_manager]: Overrun might occur, Total time : 9505.302 us (Expected < 8000.000 us) --> Read time : 59.623 us, Update time : 260.696 us, Write time : 9184.983 us
[ros2_control_node-1] [WARN] [1775607355.449692169] [controller_manager]: Overrun detected! The controller manager missed its desired rate of 125 Hz. The loop took 9.638047 ms (missed cycles : 2).
[ros2_control_node-1] [WARN] [1775607356.976789586] [controller_manager]: Overrun might occur, Total time : 8682.228 us (Expected < 8000.000 us) --> Read time : 75.912 us, Update time : 358.988 us, Write time : 8247.328 us
[ros2_control_node-1] [WARN] [1775607356.976868748] [controller_manager]: Overrun detected! The controller manager missed its desired rate of 125 Hz. The loop took 8.814763 ms (missed cycles : 2).
[ros2_control_node-1] [WARN] [1775607358.193601738] [controller_manager]: Overrun might occur, Total time : 25510.268 us (Expected < 8000.000 us) --> Read time : 61.363 us, Update time : 298.877 us, Write time : 25150.028 us
[ros2_control_node-1] [WARN] [1775607358.193691717] [controller_manager]: Overrun detected! The controller manager missed its desired rate of 125 Hz. The loop took 25.637315 ms (missed cycles : 4).
[ros2_control_node-1] [WARN] [1775607360.585806584] [controller_manager]: Overrun might occur, Total time : 9715.158 us (Expected < 8000.000 us) --> Read time : 56.664 us, Update time : 252.917 us, Write time : 9405.577 us
[ros2_control_node-1] [WARN] [1775607360.585912995] [controller_manager]: Overrun detected! The controller manager missed its desired rate of 125 Hz. The loop took 9.859105 ms (missed cycles : 2).
[ros2_control_node-1] [WARN] [1775607362.001804607] [controller_manager]: Overrun might occur, Total time : 9680.225 us (Expected < 8000.000 us) --> Read time : 120.059 us, Update time : 466.345 us, Write time : 9093.821 us
[ros2_control_node-1] [WARN] [1775607362.001903173] [controller_manager]: Overrun detected! The controller manager missed its desired rate of 125 Hz. The loop took 9.848373 ms (missed cycles : 2).
[ros2_control_node-1] [WARN] [1775607364.377919734] [controller_manager]: Overrun might occur, Total time : 17800.667 us (Expected < 8000.000 us) --> Read time : 73.331 us, Update time : 315.864 us, Write time : 17411.472 us
[ros2_control_node-1] [WARN] [1775607364.378000253] [controller_manager]: Overrun detected! The controller manager missed its desired rate of 125 Hz. The loop took 17.945983 ms (missed cycles : 3).
[ros2_control_node-1] [WARN] [1775607366.668621647] [controller_manager]: Overrun might occur, Total time : 12529.301 us (Expected < 8000.000 us) --> Read time : 60.456 us, Update time : 250.478 us, Write time : 12218.367 us
[ros2_control_node-1] [WARN] [1775607366.668700439] [controller_manager]: Overrun detected! The controller manager missed its desired rate of 125 Hz. The loop took 12.646256 ms (missed cycles : 2).
[ros2_control_node-1] [WARN] [1775607367.988433676] [controller_manager]: Overrun might occur, Total time : 28338.451 us (Expected < 8000.000 us) --> Read time : 60.885 us, Update time : 268.080 us, Write time : 28009.486 us
[ros2_control_node-1] [WARN] [1775607367.988527415] [controller_manager]: Overrun detected! The controller manager missed its desired rate of 125 Hz. The loop took 28.472987 ms (missed cycles : 4).
[ros2_control_node-1] [WARN] [1775607371.776800855] [controller_manager]: Overrun might occur, Total time : 8708.649 us (Expected < 8000.000 us) --> Read time : 61.630 us, Update time : 297.239 us, Write time : 8349.780 us
[ros2_control_node-1] [WARN] [1775607371.776894920] [controller_manager]: Overrun detected! The controller manager missed its desired rate of 125 Hz. The loop took 8.840408 ms (missed cycles : 2).
[ros2_control_node-1] [WARN] [1775607374.417369544] [controller_manager]: Overrun might occur, Total time : 9273.949 us (Expected < 8000.000 us) --> Read time : 73.293 us, Update time : 307.680 us, Write time : 8892.976 us
[ros2_control_node-1] [WARN] [1775607374.417449937] [controller_manager]: Overrun detected! The controller manager missed its desired rate of 125 Hz. The loop took 9.395431 ms (missed cycles : 2).
[ros2_control_node-1] [WARN] [1775607376.720135735] [controller_manager]: Overrun detected! The controller manager missed its desired rate of 125 Hz. The loop took 8.078812 ms (missed cycles : 2).
[ros2_control_node-1] [WARN] [1775607378.231560400] [controller_manager]: Overrun might occur, Total time : 31389.349 us (Expected < 8000.000 us) --> Read time : 110.863 us, Update time : 277.220 us, Write time : 31001.266 us
[ros2_control_node-1] [WARN] [1775607378.231677784] [controller_manager]: Overrun detected! The controller manager missed its desired rate of 125 Hz. The loop took 31.623642 ms (missed cycles : 4).
[ros2_control_node-1] [WARN] [1775607386.024456638] [controller_manager]: Overrun might occur, Total time : 8338.452 us (Expected < 8000.000 us) --> Read time : 108.599 us, Update time : 437.616 us, Write time : 7792.237 us
[ros2_control_node-1] [WARN] [1775607386.024613911] [controller_manager]: Overrun detected! The controller manager missed its desired rate of 125 Hz. The loop took 8.557300 ms (missed cycles : 2).
[ros2_control_node-1] [WARN] [1775607388.016122365] [controller_manager]: Overrun might occur, Total time : 8011.112 us (Expected < 8000.000 us) --> Read time : 98.147 us, Update time : 479.657 us, Write time : 7433.308 us
[ros2_control_node-1] [WARN] [1775607388.016206467] [controller_manager]: Overrun detected! The controller manager missed its desired rate of 125 Hz. The loop took 8.152351 ms (missed cycles : 2).
[ros2_control_node-1] [WARN] [1775607394.057473588] [controller_manager]: Overrun might occur, Total time : 9381.027 us (Expected < 8000.000 us) --> Read time : 56.357 us, Update time : 258.384 us, Write time : 9066.286 us
[ros2_control_node-1] [WARN] [1775607394.057586053] [controller_manager]: Overrun detected! The controller manager missed its desired rate of 125 Hz. The loop took 9.531010 ms (missed cycles : 2).
[ros2_control_node-1] [WARN] [1775607398.385766745] [controller_manager]: Overrun might occur, Total time : 9647.795 us (Expected < 8000.000 us) --> Read time : 77.411 us, Update time : 286.479 us, Write time : 9283.905 us
[ros2_control_node-1] [WARN] [1775607398.385849152] [controller_manager]: Overrun detected! The controller manager missed its desired rate of 125 Hz. The loop took 9.794618 ms (missed cycles : 2).
[ros2_control_node-1] [WARN] [1775607402.625854854] [controller_manager]: Overrun might occur, Total time : 9745.290 us (Expected < 8000.000 us) --> Read time : 86.969 us, Update time : 318.728 us, Write time : 9339.593 us
[ros2_control_node-1] [WARN] [1775607402.625974023] [controller_manager]: Overrun detected! The controller manager missed its desired rate of 125 Hz. The loop took 9.918195 ms (missed cycles : 2).
[ros2_control_node-1] [WARN] [1775607407.368126467] [controller_manager]: Overrun might occur, Total time : 8019.245 us (Expected < 8000.000 us) --> Read time : 55.672 us, Update time : 258.158 us, Write time : 7705.415 us
[ros2_control_node-1] [WARN] [1775607407.368231784] [controller_manager]: Overrun detected! The controller manager missed its desired rate of 125 Hz. The loop took 8.176571 ms (missed cycles : 2).
[ros2_control_node-1] [WARN] [1775607408.883100015] [controller_manager]: Overrun might occur, Total time : 11011.615 us (Expected < 8000.000 us) --> Read time : 52.764 us, Update time : 234.023 us, Write time : 10724.828 us
[ros2_control_node-1] [WARN] [1775607408.883190508] [controller_manager]: Overrun detected! The controller manager missed its desired rate of 125 Hz. The loop took 11.136536 ms (missed cycles : 2).
[ros2_control_node-1] [WARN] [1775607410.572000311] [controller_manager]: Overrun might occur, Total time : 11905.250 us (Expected < 8000.000 us) --> Read time : 58.522 us, Update time : 264.199 us, Write time : 11582.529 us
[ros2_control_node-1] [WARN] [1775607410.572087636] [controller_manager]: Overrun detected! The controller manager missed its desired rate of 125 Hz. The loop took 12.032981 ms (missed cycles : 2).
[ros2_control_node-1] [WARN] [1775607413.105162095] [controller_manager]: Overrun might occur, Total time : 9064.302 us (Expected < 8000.000 us) --> Read time : 78.429 us, Update time : 337.909 us, Write time : 8647.964 us
[ros2_control_node-1] [WARN] [1775607413.105247520] [controller_manager]: Overrun detected! The controller manager missed its desired rate of 125 Hz. The loop took 9.193308 ms (missed cycles : 2).
[ros2_control_node-1] [WARN] [1775607414.760126849] [controller_manager]: Overrun detected! The controller manager missed its desired rate of 125 Hz. The loop took 8.065230 ms (missed cycles : 2).
[ros2_control_node-1] [WARN] [1775607417.016523522] [controller_manager]: Overrun might occur, Total time : 8427.520 us (Expected < 8000.000 us) --> Read time : 70.855 us, Update time : 298.698 us, Write time : 8057.967 us
[ros2_control_node-1] [WARN] [1775607417.016639667] [controller_manager]: Overrun detected! The controller manager missed its desired rate of 125 Hz. The loop took 8.584576 ms (missed cycles : 2).
[ros2_control_node-1] [WARN] [1775607418.064829010] [controller_manager]: Overrun might occur, Total time : 8722.734 us (Expected < 8000.000 us) --> Read time : 78.296 us, Update time : 285.472 us, Write time : 8358.966 us
[ros2_control_node-1] [WARN] [1775607418.064944900] [controller_manager]: Overrun detected! The controller manager missed its desired rate of 125 Hz. The loop took 8.890518 ms (missed cycles : 2).
[ros2_control_node-1] [WARN] [1775607419.190675604] [controller_manager]: Overrun might occur, Total time : 30526.266 us (Expected < 8000.000 us) --> Read time : 62.890 us, Update time : 325.266 us, Write time : 30138.110 us
[ros2_control_node-1] [WARN] [1775607419.190757143] [controller_manager]: Overrun detected! The controller manager missed its desired rate of 125 Hz. The loop took 30.702813 ms (missed cycles : 4).
[ros2_control_node-1] [WARN] [1775607429.430161320] [controller_manager]: Overrun might occur, Total time : 30030.784 us (Expected < 8000.000 us) --> Read time : 56.111 us, Update time : 261.444 us, Write time : 29713.229 us
[ros2_control_node-1] [WARN] [1775607429.430238994] [controller_manager]: Overrun detected! The controller manager missed its desired rate of 125 Hz. The loop took 30.185270 ms (missed cycles : 4).
[ros2_control_node-1] [WARN] [1775607435.657146885] [controller_manager]: Overrun might occur, Total time : 9048.074 us (Expected < 8000.000 us) --> Read time : 68.537 us, Update time : 329.012 us, Write time : 8650.525 us
[ros2_control_node-1] [WARN] [1775607435.657226932] [controller_manager]: Overrun detected! The controller manager missed its desired rate of 125 Hz. The loop took 9.172558 ms (missed cycles : 2).
[ros2_control_node-1] [WARN] [1775607437.016796963] [controller_manager]: Overrun might occur, Total time : 8691.861 us (Expected < 8000.000 us) --> Read time : 94.262 us, Update time : 383.706 us, Write time : 8213.893 us
[ros2_control_node-1] [WARN] [1775607437.016892369] [controller_manager]: Overrun detected! The controller manager missed its desired rate of 125 Hz. The loop took 8.838169 ms (missed cycles : 2).
[ros2_control_node-1] [WARN] [1775607439.668358780] [controller_manager]: Overrun might occur, Total time : 28271.717 us (Expected < 8000.000 us) --> Read time : 57.811 us, Update time : 243.805 us, Write time : 27970.101 us
[ros2_control_node-1] [WARN] [1775607439.668442557] [controller_manager]: Overrun detected! The controller manager missed its desired rate of 125 Hz. The loop took 28.388036 ms (missed cycles : 4).
[ros2_control_node-1] [WARN] [1775607441.808774158] [controller_manager]: Overrun might occur, Total time : 8641.290 us (Expected < 8000.000 us) --> Read time : 124.258 us, Update time : 445.812 us, Write time : 8071.220 us
[ros2_control_node-1] [WARN] [1775607441.808854331] [controller_manager]: Overrun detected! The controller manager missed its desired rate of 125 Hz. The loop took 8.800531 ms (missed cycles : 2).
[ros2_control_node-1] [WARN] [1775607446.392962722] [controller_manager]: Overrun might occur, Total time : 8866.263 us (Expected < 8000.000 us) --> Read time : 58.141 us, Update time : 254.120 us, Write time : 8554.002 us
[ros2_control_node-1] [WARN] [1775607446.393077709] [controller_manager]: Overrun detected! The controller manager missed its desired rate of 125 Hz. The loop took 9.022473 ms (missed cycles : 2).
[ros2_control_node-1] [WARN] [1775607448.680823316] [controller_manager]: Overrun might occur, Total time : 8729.857 us (Expected < 8000.000 us) --> Read time : 58.027 us, Update time : 262.466 us, Write time : 8409.364 us
[ros2_control_node-1] [WARN] [1775607448.680925201] [controller_manager]: Overrun detected! The controller manager missed its desired rate of 125 Hz. The loop took 8.870436 ms (missed cycles : 2).
[ros2_control_node-1] [WARN] [1775607449.909427399] [controller_manager]: Overrun might occur, Total time : 29299.496 us (Expected < 8000.000 us) --> Read time : 70.757 us, Update time : 279.430 us, Write time : 28949.309 us
[ros2_control_node-1] [WARN] [1775607449.909504921] [controller_manager]: Overrun detected! The controller manager missed its desired rate of 125 Hz. The loop took 29.451255 ms (missed cycles : 4).
[ros2_control_node-1] [WARN] [1775607451.480780920] [controller_manager]: Overrun might occur, Total time : 8690.611 us (Expected < 8000.000 us) --> Read time : 59.669 us, Update time : 259.257 us, Write time : 8371.685 us
[ros2_control_node-1] [WARN] [1775607451.480862614] [controller_manager]: Overrun detected! The controller manager missed its desired rate of 125 Hz. The loop took 8.808441 ms (missed cycles : 2).
[ros2_control_node-1] [WARN] [1775607452.608748895] [controller_manager]: Overrun might occur, Total time : 8659.786 us (Expected < 8000.000 us) --> Read time : 47.064 us, Update time : 256.974 us, Write time : 8355.748 us
[ros2_control_node-1] [WARN] [1775607452.608840923] [controller_manager]: Overrun detected! The controller manager missed its desired rate of 125 Hz. The loop took 8.786363 ms (missed cycles : 2).
[ros2_control_node-1] [WARN] [1775607454.250843233] [controller_manager]: Overrun might occur, Total time : 10737.592 us (Expected < 8000.000 us) --> Read time : 70.798 us, Update time : 338.528 us, Write time : 10328.266 us
[ros2_control_node-1] [WARN] [1775607454.250972876] [controller_manager]: Overrun detected! The controller manager missed its desired rate of 125 Hz. The loop took 10.917860 ms (missed cycles : 2).
[ros2_control_node-1] [WARN] [1775607455.304273406] [controller_manager]: Overrun might occur, Total time : 8174.841 us (Expected < 8000.000 us) --> Read time : 71.127 us, Update time : 310.673 us, Write time : 7793.041 us
[ros2_control_node-1] [WARN] [1775607455.304364776] [controller_manager]: Overrun detected! The controller manager missed its desired rate of 125 Hz. The loop took 8.310426 ms (missed cycles : 2).
[rviz2-12] [INFO] [1775607455.364051376] [rviz2_moveit.moveit.ros.planning_scene_monitor]: Stopping planning scene monitor
[INFO] [rviz2-12]: process has finished cleanly [pid 54963]
