
===== 2026-04-07T20:15:18-04:00 | T4_apriltag_vision =====
cwd=/home/carrt-cse-project/workspace/ros2_kortex_ws
cmd=ros2 run adl_tasks vision_apriltag --ros-args -p detector_backend:=opencv -p opencv_pose_solver:=ippe_square -p tag_size_m:=0.025 -p tag_sizes_m_by_id:=0:0.020 -p use_tuned_aruco_parameters:=false -p preprocess_variants:=raw\,clahe\,adaptive\,clahe_sharp\,clahe_up2\,sharp_up2\,clahe_up3\,sharp_up3 -p tile_search_if_empty:=true -p tile_search_grid_x:=4 -p tile_search_grid_y:=3 -p tile_search_scale:=3.0 

[INFO] [1775607319.737898910] [vision_apriltag_node]: Vision AprilTag Node Started
[INFO] [1775607319.739932535] [vision_apriltag_node]: Subscribing to camera topic: /wrist_mounted_camera/image
[INFO] [1775607319.742006142] [vision_apriltag_node]: Subscribing to camera info topic: /wrist_mounted_camera/camera_info
[INFO] [1775607319.743218287] [vision_apriltag_node]: Camera frame: wrist_mounted_camera_color_optical_frame | use_image_header_frame=True
[INFO] [1775607319.744493656] [vision_apriltag_node]: Tag size: 0.025m | pose_cache_retention_s=20.0 | get_pose_wait_timeout_s=5.0 | max_returned_pose_age_s=20.0 | camera_params=[554.25, 554.25, 320.0, 240.0] | families=tag36h11 | quad_decimate=1.0 | requested_backend=opencv | backend=cv2.aruco | opencv_pose_solver=ippe_square | use_image_timestamp_for_tf=False
[INFO] [1775607319.745763225] [vision_apriltag_node]: Top-tag known-plane projection: enabled=True, planes={3: 0.10995, 4: 0.14505}
[INFO] [1775607319.747276775] [vision_apriltag_node]: Tag-specific size overrides active: {0: 0.02}. These are applied to OpenCV PnP pose estimation.
[INFO] [1775607319.749747556] [vision_apriltag_node]: pupil_apriltags tuning: nthreads=1, quad_sigma=0.0, refine_edges=1, decode_sharpening=0.25, debug=0, preprocess_variants=['raw', 'clahe', 'adaptive', 'clahe_sharp', 'clahe_up2', 'sharp_up2', 'clahe_up3', 'sharp_up3'], tile_search_if_empty=True, tile_search_grid=4x3, tile_search_scale=3.0, tile_search_overlap=0.25
[WARN] [1775607319.752595570] [vision_apriltag_node]: pupil_apriltags is not importable by this node, so detection is using OpenCV fallback only. python=/usr/bin/python3, import_error=No module named 'pupil_apriltags'. If .venv contains pupil_apriltags, rebuild adl_tasks with that venv active or run the module with the venv Python.
[INFO] [1775607319.754974085] [vision_apriltag_node]: Publishing AprilTag debug images on /vision_apriltag/debug_image at up to 1.0 Hz.
[INFO] [1775607320.044064204] [vision_apriltag_node]: Vision AprilTag camera model updated from CameraInfo: size=1280x720, fx=920.87, fy=921.57, cx=644.76, cy=343.15, d=[0.0, 0.0, 0.0, 0.0, 0.0]
[INFO] [1775607320.791646706] [vision_apriltag_node]: Vision AprilTag detection debug: no tags found after raw/CLAHE/sharp/adaptive/upscaled/tiled passes.
[INFO] [1775607321.087357191] [vision_apriltag_node]: Vision AprilTag visible IDs: [4]
[INFO] [1775607325.875195437] [vision_apriltag_node]: Vision AprilTag detection debug: 4:cv2.solvePnP_ippe_square:raw@(571,308)
[INFO] [1775607330.621951396] [vision_apriltag_node]: Vision AprilTag: images are arriving, but no AprilTag has been seen for 2.2s.
[INFO] [1775607331.236290620] [vision_apriltag_node]: Vision AprilTag detection debug: 4:cv2.solvePnP_ippe_square:raw@(571,308)
[INFO] [1775607331.244867490] [vision_apriltag_node]: Service: Tag 4 found and base-frame pose returned.
[INFO] [1775607336.708050428] [vision_apriltag_node]: Vision AprilTag detection debug: no tags found after raw/CLAHE/sharp/adaptive/upscaled/tiled passes.
[INFO] [1775607338.159308093] [vision_apriltag_node]: Vision AprilTag: images are arriving, but no AprilTag has been seen for 2.1s.
[INFO] [1775607341.894890366] [vision_apriltag_node]: Vision AprilTag detection debug: 4:cv2.solvePnP_ippe_square:raw@(571,309)
[INFO] [1775607347.955124534] [vision_apriltag_node]: Vision AprilTag detection debug: no tags found after raw/CLAHE/sharp/adaptive/upscaled/tiled passes.
[INFO] [1775607348.065971041] [vision_apriltag_node]: Vision AprilTag: images are arriving, but no AprilTag has been seen for 2.1s.
[INFO] [1775607353.185703536] [vision_apriltag_node]: Vision AprilTag detection debug: no tags found after raw/CLAHE/sharp/adaptive/upscaled/tiled passes.
[INFO] [1775607358.282294430] [vision_apriltag_node]: Vision AprilTag detection debug: no tags found after raw/CLAHE/sharp/adaptive/upscaled/tiled passes.
[INFO] [1775607363.436246020] [vision_apriltag_node]: Vision AprilTag detection debug: no tags found after raw/CLAHE/sharp/adaptive/upscaled/tiled passes.
[INFO] [1775607369.017372306] [vision_apriltag_node]: Vision AprilTag detection debug: no tags found after raw/CLAHE/sharp/adaptive/upscaled/tiled passes.
[INFO] [1775607369.035593109] [vision_apriltag_node]: Vision AprilTag: images are arriving, but no AprilTag has been seen for 2.8s.
[INFO] [1775607374.185578949] [vision_apriltag_node]: Vision AprilTag detection debug: no tags found after raw/CLAHE/sharp/adaptive/upscaled/tiled passes.
[INFO] [1775607374.244394763] [vision_apriltag_node]: Vision AprilTag: images are arriving, but no AprilTag has been seen for 3.6s.
[INFO] [1775607379.252397438] [vision_apriltag_node]: Vision AprilTag detection debug: no tags found after raw/CLAHE/sharp/adaptive/upscaled/tiled passes.
[INFO] [1775607380.977741937] [vision_apriltag_node]: Vision AprilTag: images are arriving, but no AprilTag has been seen for 3.9s.
[INFO] [1775607384.884084446] [vision_apriltag_node]: Vision AprilTag detection debug: no tags found after raw/CLAHE/sharp/adaptive/upscaled/tiled passes.
[INFO] [1775607386.961002492] [vision_apriltag_node]: Vision AprilTag: images are arriving, but no AprilTag has been seen for 4.7s.
[INFO] [1775607386.994435669] [vision_apriltag_node]: Service: Tag 4 found and base-frame pose returned.
[INFO] [1775607387.862287340] [vision_apriltag_node]: Service: Tag 4 found and base-frame pose returned.
[INFO] [1775607388.586980528] [vision_apriltag_node]: Service: Tag 4 found and base-frame pose returned.
[INFO] [1775607389.605423823] [vision_apriltag_node]: Service: Tag 4 found and base-frame pose returned.
[INFO] [1775607390.092768519] [vision_apriltag_node]: Vision AprilTag detection debug: no tags found after raw/CLAHE/sharp/adaptive/upscaled/tiled passes.
[INFO] [1775607390.611359599] [vision_apriltag_node]: Service: Tag 4 found and base-frame pose returned.
[INFO] [1775607391.439507997] [vision_apriltag_node]: Service: Tag 4 found and base-frame pose returned.
[INFO] [1775607392.865605876] [vision_apriltag_node]: Service: Tag 4 found and base-frame pose returned.
[INFO] [1775607392.883593912] [vision_apriltag_node]: Vision AprilTag: images are arriving, but no AprilTag has been seen for 2.3s.
[INFO] [1775607393.527056003] [vision_apriltag_node]: Service: Tag 4 found and base-frame pose returned.
[INFO] [1775607394.366242224] [vision_apriltag_node]: Service: Tag 4 found and base-frame pose returned.
[INFO] [1775607394.555680489] [vision_apriltag_node]: Service: Tag 4 found and base-frame pose returned.
[INFO] [1775607394.641778056] [vision_apriltag_node]: Service: Tag 4 found and base-frame pose returned.
[INFO] [1775607394.739445023] [vision_apriltag_node]: Service: Tag 4 found and base-frame pose returned.
[INFO] [1775607395.695769310] [vision_apriltag_node]: Vision AprilTag detection debug: no tags found after raw/CLAHE/sharp/adaptive/upscaled/tiled passes.
[INFO] [1775607395.717092525] [vision_apriltag_node]: Service: Tag 4 found and base-frame pose returned.
[INFO] [1775607395.751705545] [vision_apriltag_node]: Service: Tag 4 found and base-frame pose returned.
[INFO] [1775607401.475220245] [vision_apriltag_node]: Vision AprilTag detection debug: no tags found after raw/CLAHE/sharp/adaptive/upscaled/tiled passes.
[INFO] [1775607402.030907794] [vision_apriltag_node]: Vision AprilTag: images are arriving, but no AprilTag has been seen for 3.6s.
[INFO] [1775607403.687778405] [vision_apriltag_node]: Vision AprilTag: images are arriving, but no AprilTag has been seen for 5.3s.
[INFO] [1775607406.539885729] [vision_apriltag_node]: Vision AprilTag detection debug: no tags found after raw/CLAHE/sharp/adaptive/upscaled/tiled passes.
[INFO] [1775607408.296971462] [vision_apriltag_node]: Vision AprilTag: images are arriving, but no AprilTag has been seen for 2.0s.
[INFO] [1775607411.785396179] [vision_apriltag_node]: Vision AprilTag detection debug: no tags found after raw/CLAHE/sharp/adaptive/upscaled/tiled passes.
[INFO] [1775607415.903710141] [vision_apriltag_node]: Vision AprilTag: images are arriving, but no AprilTag has been seen for 3.4s.
[INFO] [1775607416.862790617] [vision_apriltag_node]: Vision AprilTag detection debug: 4:cv2.solvePnP_ippe_square:raw@(571,309)
[INFO] [1775607421.984817281] [vision_apriltag_node]: Vision AprilTag detection debug: 4:cv2.solvePnP_ippe_square:raw@(571,308)
[INFO] [1775607427.467546135] [vision_apriltag_node]: Vision AprilTag detection debug: no tags found after raw/CLAHE/sharp/adaptive/upscaled/tiled passes.
[INFO] [1775607430.440909169] [vision_apriltag_node]: Vision AprilTag: images are arriving, but no AprilTag has been seen for 3.5s.
[INFO] [1775607432.406968693] [vision_apriltag_node]: Vision AprilTag: images are arriving, but no AprilTag has been seen for 5.4s.
[INFO] [1775607432.736467139] [vision_apriltag_node]: Vision AprilTag detection debug: 4:cv2.solvePnP_ippe_square:raw@(571,309)
[INFO] [1775607438.366616564] [vision_apriltag_node]: Vision AprilTag detection debug: no tags found after raw/CLAHE/sharp/adaptive/upscaled/tiled passes.
[INFO] [1775607440.030864309] [vision_apriltag_node]: Vision AprilTag: images are arriving, but no AprilTag has been seen for 3.5s.
[INFO] [1775607443.689044327] [vision_apriltag_node]: Vision AprilTag detection debug: 4:cv2.solvePnP_ippe_square:sharp_up3@(571,309)
[INFO] [1775607449.382730924] [vision_apriltag_node]: Vision AprilTag detection debug: no tags found after raw/CLAHE/sharp/adaptive/upscaled/tiled passes.
[INFO] [1775607449.686848055] [vision_apriltag_node]: Vision AprilTag: images are arriving, but no AprilTag has been seen for 2.5s.
[INFO] [1775607452.732772414] [vision_apriltag_node]: Vision AprilTag: images are arriving, but no AprilTag has been seen for 2.9s.
[INFO] [1775607454.746891696] [vision_apriltag_node]: Vision AprilTag detection debug: no tags found after raw/CLAHE/sharp/adaptive/upscaled/tiled passes.
