
===== 2026-04-06T19:20:38-04:00 | T1_arm_moveit_rviz =====
cwd=/home/carrt-cse-project/workspace/ros2_kortex_ws
cmd=ros2 launch adl_tasks arm_vbox.launch.py robot_ip:=192.168.0.10 use_fake_hardware:=false vision:=true 

[INFO] [launch]: All log files can be found below /home/carrt-cse-project/.ros/log/2026-04-06-19-20-38-623665-carrt-cse-project-OptiPlex-5050-18702
[INFO] [launch]: Default logging verbosity is set to INFO
[INFO] [launch.user]: [arm_vbox.launch] MoveIt current state source: /joint_states_sanitized. Use use_joint_state_sanitizer:=false for raw-state viewer debugging.
[INFO] [launch.user]: [arm_vbox.launch] Using ADL VBox controller config (share/adl_tasks/config/ros2_controllers_vbox.yaml, update_rate:=125 Hz).
[INFO] [ros2_control_node-1]: process started with pid [18706]
[INFO] [robot_state_publisher-2]: process started with pid [18707]
[INFO] [joint_state_sanitizer-3]: process started with pid [18708]
[INFO] [spawner-4]: process started with pid [18709]
[INFO] [static_transform_publisher-5]: process started with pid [18710]
[INFO] [static_transform_publisher-6]: process started with pid [18711]
[static_transform_publisher-5] [INFO] [1775517638.981920468] [static_transform_publisher]: Spinning until stopped - publishing transform
[static_transform_publisher-5] translation: ('0.000000', '0.000000', '0.000000')
[static_transform_publisher-5] rotation: ('0.000000', '0.000000', '0.000000', '1.000000')
[static_transform_publisher-5] from 'world' to 'base_link'
[static_transform_publisher-6] [INFO] [1775517638.985155683] [camera_color_optical_bridge_tf_pub]: Spinning until stopped - publishing transform
[static_transform_publisher-6] translation: ('0.000000', '0.000000', '0.000000')
[static_transform_publisher-6] rotation: ('0.000000', '0.000000', '0.000000', '1.000000')
[static_transform_publisher-6] from 'camera_color_frame' to 'wrist_mounted_camera_color_optical_frame'
[robot_state_publisher-2] [INFO] [1775517639.018139770] [robot_state_publisher]: Robot initialized
[ros2_control_node-1] [INFO] [1775517639.057257554] [controller_manager]: Using Steady (Monotonic) clock for triggering controller manager cycles.
[ros2_control_node-1] [INFO] [1775517639.071675129] [controller_manager]: Subscribing to '/robot_description' topic for robot description.
[ros2_control_node-1] [INFO] [1775517639.077225643] [controller_manager]: update rate is 125 Hz
[ros2_control_node-1] [INFO] [1775517639.077257286] [controller_manager]: Overruns handling is : enabled
[ros2_control_node-1] [INFO] [1775517639.077268839] [controller_manager]: Spawning controller_manager RT thread with scheduler priority: 50
[ros2_control_node-1] [INFO] [1775517639.077388816] [controller_manager]: Successful set up FIFO RT scheduling policy with priority 50.
[ros2_control_node-1] [INFO] [1775517639.341303320] [controller_manager]: Received robot description from topic.
[ros2_control_node-1] [INFO] [1775517639.341359532] [controller_manager]: Enforcing command limits is disabled. Command limits from URDF will be ignored.
[ros2_control_node-1] [INFO] [1775517639.349112950] [controller_manager]: Loading hardware 'KortexMultiInterfaceHardware' 
[ros2_control_node-1] [INFO] [1775517639.364713993] [KortexMultiInterfaceHardware]: Setting severity threshold to DEBUG
[ros2_control_node-1] [INFO] [1775517639.364783506] [controller_manager]: Loaded hardware 'KortexMultiInterfaceHardware' from plugin 'kortex_driver/KortexMultiInterfaceHardware'
[ros2_control_node-1] [INFO] [1775517639.366336889] [controller_manager]: Initialize hardware 'KortexMultiInterfaceHardware' 
[ros2_control_node-1] [INFO] [1775517639.381244510] [KortexMultiInterfaceHardware]: Configuring Hardware Interface
[ros2_control_node-1] [INFO] [1775517639.383140900] [KortexMultiInterfaceHardware]: Robot ip is '192.168.0.10'
[ros2_control_node-1] [INFO] [1775517639.383167755] [KortexMultiInterfaceHardware]: Username is 'admin'
[ros2_control_node-1] [INFO] [1775517639.383188572] [KortexMultiInterfaceHardware]: Port used '10000'
[ros2_control_node-1] [INFO] [1775517639.383197136] [KortexMultiInterfaceHardware]: Realtime port used '10001'
[ros2_control_node-1] [INFO] [1775517639.383205989] [KortexMultiInterfaceHardware]: Session inactivity timeout is '60000'
[ros2_control_node-1] [INFO] [1775517639.383215054] [KortexMultiInterfaceHardware]: Connection inactivity timeout is '2000'
[ros2_control_node-1] [INFO] [1775517639.383225247] [KortexMultiInterfaceHardware]: Gripper joint name is 'robotiq_85_left_knuckle_joint'
[ros2_control_node-1] [INFO] [1775517639.383272306] [KortexMultiInterfaceHardware]: Connecting to robot at 192.168.0.10
[ros2_control_node-1] [INFO] [1775517639.391256351] [KortexMultiInterfaceHardware]: Creating session for communication
[ros2_control_node-1] [INFO] [1775517639.524061581] [KortexMultiInterfaceHardware]: Session created
[spawner-4] [INFO] [1775517639.573898013] [spawner_joint_state_broadcaster]: waiting for service /controller_manager/list_controllers to become available...
[joint_state_sanitizer-3] [INFO] [1775517639.649107451] [joint_state_sanitizer_node]: joint_state_sanitizer started. raw=/joint_states -> sanitized=/joint_states_sanitized
[ros2_control_node-1] [INFO] [1775517640.225827831] [KortexMultiInterfaceHardware]: Actuator count reported by robot is '7'
[ros2_control_node-1] [INFO] [1775517640.226032166] [KortexMultiInterfaceHardware]: Using internal bus communication for gripper!
[ros2_control_node-1] [INFO] [1775517640.226039057] [KortexMultiInterfaceHardware]: Hardware Interface successfully configured
[ros2_control_node-1] [INFO] [1775517640.226114899] [controller_manager]: Successful initialization of hardware 'KortexMultiInterfaceHardware'
[ros2_control_node-1] [DEBUG] [1775517640.226192758] [KortexMultiInterfaceHardware]: export_state_interfaces for joint: joint_1
[ros2_control_node-1] [DEBUG] [1775517640.226218300] [KortexMultiInterfaceHardware]: export_state_interfaces for joint: joint_2
[ros2_control_node-1] [DEBUG] [1775517640.226224689] [KortexMultiInterfaceHardware]: export_state_interfaces for joint: joint_3
[ros2_control_node-1] [DEBUG] [1775517640.226230172] [KortexMultiInterfaceHardware]: export_state_interfaces for joint: joint_4
[ros2_control_node-1] [DEBUG] [1775517640.226234994] [KortexMultiInterfaceHardware]: export_state_interfaces for joint: joint_5
[ros2_control_node-1] [DEBUG] [1775517640.226240417] [KortexMultiInterfaceHardware]: export_state_interfaces for joint: joint_6
[ros2_control_node-1] [DEBUG] [1775517640.226245167] [KortexMultiInterfaceHardware]: export_state_interfaces for joint: joint_7
[ros2_control_node-1] [DEBUG] [1775517640.226249905] [KortexMultiInterfaceHardware]: export_state_interfaces for joint: robotiq_85_left_knuckle_joint
[ros2_control_node-1] [INFO] [1775517640.228476850] [resource_manager]: 'configure' hardware 'KortexMultiInterfaceHardware' 
[ros2_control_node-1] [INFO] [1775517640.228510652] [resource_manager]: Successful 'configure' of hardware 'KortexMultiInterfaceHardware'
[ros2_control_node-1] [INFO] [1775517640.228550901] [resource_manager]: 'activate' hardware 'KortexMultiInterfaceHardware' 
[ros2_control_node-1] [INFO] [1775517640.228568360] [KortexMultiInterfaceHardware]: Activating KortexMultiInterfaceHardware...
[ros2_control_node-1] [INFO] [1775517640.233171025] [KortexMultiInterfaceHardware]: Gripper initial position is '0.873365'.
[ros2_control_node-1] [INFO] [1775517640.237345668] [KortexMultiInterfaceHardware]: KortexMultiInterfaceHardware successfully activated!
[ros2_control_node-1] [INFO] [1775517640.237402265] [resource_manager]: Successful 'activate' of hardware 'KortexMultiInterfaceHardware'
[ros2_control_node-1] [INFO] [1775517640.237746982] [controller_manager]: Registering statistics for : KortexMultiInterfaceHardware
[ros2_control_node-1] [INFO] [1775517640.237936480] [controller_manager]: Resource Manager has been successfully initialized. Starting Controller Manager services...
[ros2_control_node-1] [INFO] [1775517640.326316556] [controller_manager]: Loading controller : 'joint_state_broadcaster' of type 'joint_state_broadcaster/JointStateBroadcaster'
[ros2_control_node-1] [INFO] [1775517640.326356900] [controller_manager]: Loading controller 'joint_state_broadcaster'
[ros2_control_node-1] [INFO] [1775517640.334502407] [controller_manager]: Controller 'joint_state_broadcaster' node arguments: --ros-args --params-file /home/carrt-cse-project/workspace/ros2_kortex_ws/install/adl_tasks/share/adl_tasks/config/ros2_controllers_vbox.yaml --params-file /tmp/launch_params_ah1kh2le 
[spawner-4] [INFO] [1775517640.359528164] [spawner_joint_state_broadcaster]: Loaded joint_state_broadcaster
[ros2_control_node-1] [INFO] [1775517640.360986827] [controller_manager]: Configuring controller: 'joint_state_broadcaster'
[ros2_control_node-1] [INFO] [1775517640.361293526] [joint_state_broadcaster]: 'joints' or 'interfaces' parameter is empty. All available state interfaces will be published
[ros2_control_node-1] [INFO] [1775517640.383861883] [controller_manager]: Activating controllers: [ joint_state_broadcaster ]
[ros2_control_node-1] [INFO] [1775517640.390768054] [controller_manager]: Successfully switched controllers!
[spawner-4] [INFO] [1775517640.400433977] [spawner_joint_state_broadcaster]: Configured and activated joint_state_broadcaster
[INFO] [spawner-4]: process has finished cleanly [pid 18709]
[INFO] [spawner-7]: process started with pid [18812]
[INFO] [spawner-8]: process started with pid [18813]
[INFO] [spawner-9]: process started with pid [18814]
[INFO] [spawner-10]: process started with pid [18815]
[spawner-8] [INFO] [1775517641.745958907] [spawner_twist_controller]: waiting for service /controller_manager/list_controllers to become available...
[ros2_control_node-1] [INFO] [1775517642.080178012] [controller_manager]: Loading controller : 'twist_controller' of type 'picknik_twist_controller/PicknikTwistController'
[ros2_control_node-1] [INFO] [1775517642.080247464] [controller_manager]: Loading controller 'twist_controller'
[ros2_control_node-1] [INFO] [1775517642.084068486] [controller_manager]: Controller 'twist_controller' node arguments: --ros-args --params-file /home/carrt-cse-project/workspace/ros2_kortex_ws/install/adl_tasks/share/adl_tasks/config/ros2_controllers_vbox.yaml --params-file /tmp/launch_params_ah1kh2le 
[spawner-8] [INFO] [1775517642.103924609] [spawner_twist_controller]: Loaded twist_controller
[ros2_control_node-1] [INFO] [1775517642.105422471] [controller_manager]: Configuring controller: 'twist_controller'
[ros2_control_node-1] [INFO] [1775517642.107598389] [twist_controller]: configure successful
[spawner-9] [INFO] [1775517642.253475711] [spawner_robotiq_gripper_controller]: waiting for service /controller_manager/list_controllers to become available...
[INFO] [spawner-8]: process has finished cleanly [pid 18813]
[ros2_control_node-1] [INFO] [1775517642.839689129] [controller_manager]: Loading controller : 'robotiq_gripper_controller' of type 'position_controllers/GripperActionController'
[ros2_control_node-1] [INFO] [1775517642.839782135] [controller_manager]: Loading controller 'robotiq_gripper_controller'
[ros2_control_node-1] [INFO] [1775517642.843750686] [controller_manager]: Controller 'robotiq_gripper_controller' node arguments: --ros-args --params-file /home/carrt-cse-project/workspace/ros2_kortex_ws/install/adl_tasks/share/adl_tasks/config/ros2_controllers_vbox.yaml --params-file /tmp/launch_params_ah1kh2le 
[ros2_control_node-1] [WARN] [1775517642.860655614] [robotiq_gripper_controller]: [Deprecated]: the `position_controllers/GripperActionController` and `effort_controllers::GripperActionController` controllers are replaced by 'parallel_gripper_controllers/GripperActionController' controller
[spawner-9] [INFO] [1775517642.863909263] [spawner_robotiq_gripper_controller]: Loaded robotiq_gripper_controller
[ros2_control_node-1] [INFO] [1775517642.866625479] [controller_manager]: Configuring controller: 'robotiq_gripper_controller'
[ros2_control_node-1] [INFO] [1775517642.866769276] [robotiq_gripper_controller]: Action status changes will be monitored at 20.000000 Hz.
[ros2_control_node-1] [INFO] [1775517642.873654408] [controller_manager]: Activating controllers: [ robotiq_gripper_controller ]
[ros2_control_node-1] [INFO] [1775517643.083406208] [controller_manager]: Successfully switched controllers!
[ros2_control_node-1] [WARN] [1775517643.086010004] [controller_manager]: Overrun might occur, Total time : 8473.855 us (Expected < 8000.000 us) --> Read time : 51.533 us, Update time : 5810.039 us (Switch time : 5708.530 us (Switch chained mode time : 1.198 us, perform mode change time : 48.790 us, Activation time : 5651.454 us, Deactivation time : 0.842 us)), Write time : 2612.283 us
[ros2_control_node-1] [WARN] [1775517643.086095240] [controller_manager]: Overrun detected! The controller manager missed its desired rate of 125 Hz. The loop took 8.594902 ms (missed cycles : 2).
[spawner-9] [INFO] [1775517643.095472192] [spawner_robotiq_gripper_controller]: Configured and activated robotiq_gripper_controller
[spawner-7] [INFO] [1775517643.481118089] [spawner_joint_trajectory_controller]: waiting for service /controller_manager/list_controllers to become available...
[INFO] [spawner-9]: process has finished cleanly [pid 18814]
[ros2_control_node-1] [INFO] [1775517643.735215421] [controller_manager]: Loading controller : 'joint_trajectory_controller' of type 'joint_trajectory_controller/JointTrajectoryController'
[ros2_control_node-1] [INFO] [1775517643.735270190] [controller_manager]: Loading controller 'joint_trajectory_controller'
[ros2_control_node-1] [INFO] [1775517643.740487829] [controller_manager]: Controller 'joint_trajectory_controller' node arguments: --ros-args --params-file /home/carrt-cse-project/workspace/ros2_kortex_ws/install/adl_tasks/share/adl_tasks/config/ros2_controllers_vbox.yaml --params-file /tmp/launch_params_ah1kh2le 
[spawner-7] [INFO] [1775517643.783912912] [spawner_joint_trajectory_controller]: Loaded joint_trajectory_controller
[ros2_control_node-1] [INFO] [1775517643.785516692] [controller_manager]: Configuring controller: 'joint_trajectory_controller'
[ros2_control_node-1] [INFO] [1775517643.786419938] [joint_trajectory_controller]: No specific joint names are used for command interfaces. Using 'joints' parameter.
[ros2_control_node-1] [INFO] [1775517643.786671134] [joint_trajectory_controller]: Command interfaces are [position] and state interfaces are [position velocity].
[ros2_control_node-1] [INFO] [1775517643.786873502] [joint_trajectory_controller]: Using 'splines' interpolation method.
[ros2_control_node-1] [INFO] [1775517643.793318660] [joint_trajectory_controller]: Action status changes will be monitored at 20.00 Hz.
[ros2_control_node-1] [INFO] [1775517643.810653280] [controller_manager]: Activating controllers: [ joint_trajectory_controller ]
[ros2_control_node-1] [INFO] [1775517644.029521183] [controller_manager]: Successfully switched controllers!
[spawner-7] [INFO] [1775517644.039821739] [spawner_joint_trajectory_controller]: Configured and activated joint_trajectory_controller
[spawner-10] [INFO] [1775517644.196334346] [spawner_fault_controller]: waiting for service /controller_manager/list_controllers to become available...
[INFO] [spawner-7]: process has finished cleanly [pid 18812]
[ros2_control_node-1] [INFO] [1775517644.720688058] [controller_manager]: Loading controller : 'fault_controller' of type 'picknik_reset_fault_controller/PicknikResetFaultController'
[ros2_control_node-1] [INFO] [1775517644.720725690] [controller_manager]: Loading controller 'fault_controller'
[ros2_control_node-1] [INFO] [1775517644.724118359] [controller_manager]: Controller 'fault_controller' node arguments: --ros-args --params-file /home/carrt-cse-project/workspace/ros2_kortex_ws/install/adl_tasks/share/adl_tasks/config/ros2_controllers_vbox.yaml --params-file /tmp/launch_params_ah1kh2le 
[spawner-10] [INFO] [1775517644.744361022] [spawner_fault_controller]: Loaded fault_controller
[ros2_control_node-1] [INFO] [1775517644.745935588] [controller_manager]: Configuring controller: 'fault_controller'
[ros2_control_node-1] [INFO] [1775517644.833198424] [controller_manager]: Activating controllers: [ fault_controller ]
[ros2_control_node-1] [INFO] [1775517645.042742376] [controller_manager]: Successfully switched controllers!
[spawner-10] [INFO] [1775517645.047458091] [spawner_fault_controller]: Configured and activated fault_controller
[INFO] [spawner-10]: process has finished cleanly [pid 18815]
[INFO] [move_group-11]: process started with pid [18918]
[INFO] [rviz2-12]: process started with pid [18919]
[move_group-11] [INFO] [1775517645.622981403] [move_group.moveit.moveit.ros.rdf_loader]: Loaded robot model in 0.0114702 seconds
[move_group-11] [INFO] [1775517645.623155353] [move_group.moveit.moveit.core.robot_model]: Loading robot model 'gen3'...
[move_group-11] [INFO] [1775517645.623183018] [move_group.moveit.moveit.core.robot_model]: No root/virtual joint specified in SRDF. Assuming fixed joint
[move_group-11] [INFO] [1775517645.779321989] [move_group.moveit.moveit.kinematics.kdl_kinematics_plugin]: Joint weights for group 'manipulator': 1 1 1 1 1 1 1
[move_group-11] [INFO] [1775517646.657479059] [move_group.moveit.moveit.ros.planning_scene_monitor]: Publishing maintained planning scene on 'monitored_planning_scene'
[move_group-11] [INFO] [1775517646.657655906] [move_group.moveit.moveit.ros.moveit_cpp]: Listening to 'joint_states' for joint states
[move_group-11] [INFO] [1775517646.658817989] [move_group.moveit.moveit.ros.current_state_monitor]: Listening to joint states on topic 'joint_states'
[move_group-11] [INFO] [1775517646.659646916] [move_group.moveit.moveit.ros.planning_scene_monitor]: Listening to '/attached_collision_object' for attached collision objects
[move_group-11] [INFO] [1775517646.659679919] [move_group.moveit.moveit.ros.planning_scene_monitor]: Stopping existing planning scene publisher.
[move_group-11] [INFO] [1775517646.659856890] [move_group.moveit.moveit.ros.planning_scene_monitor]: Stopped publishing maintained planning scene.
[move_group-11] [INFO] [1775517646.660596031] [move_group.moveit.moveit.ros.planning_scene_monitor]: Publishing maintained planning scene on 'monitored_planning_scene'
[move_group-11] [INFO] [1775517646.660791369] [move_group.moveit.moveit.ros.planning_scene_monitor]: Starting planning scene monitor
[move_group-11] [INFO] [1775517646.661588201] [move_group.moveit.moveit.ros.planning_scene_monitor]: Listening to '/planning_scene'
[move_group-11] [INFO] [1775517646.661615849] [move_group.moveit.moveit.ros.planning_scene_monitor]: Starting world geometry update monitor for collision objects, attached objects, octomap updates.
[move_group-11] [INFO] [1775517646.662503576] [move_group.moveit.moveit.ros.planning_scene_monitor]: Listening to 'collision_object'
[move_group-11] [INFO] [1775517646.663640575] [move_group.moveit.moveit.ros.planning_scene_monitor]: Listening to 'planning_scene_world' for planning scene world geometry
[move_group-11] [WARN] [1775517646.665114252] [move_group.moveit.moveit.ros.occupancy_map_monitor]: Resolution not specified for Octomap. Assuming resolution = 0.1 instead
[move_group-11] [ERROR] [1775517646.665216383] [move_group.moveit.moveit.ros.occupancy_map_monitor]: No 3D sensor plugin(s) defined for octomap updates
[ros2_control_node-1] [WARN] [1775517646.831486067] [controller_manager]: Overrun might occur, Total time : 9959.504 us (Expected < 8000.000 us) --> Read time : 42.398 us, Update time : 226.204 us, Write time : 9690.902 us
[ros2_control_node-1] [WARN] [1775517646.831577520] [controller_manager]: Overrun detected! The controller manager missed its desired rate of 125 Hz. The loop took 10.077566 ms (missed cycles : 2).
[move_group-11] [INFO] [1775517647.004647827] [move_group.moveit.moveit.ros.planning_pipeline]: Successfully loaded planner 'OMPL'
[move_group-11] [INFO] [1775517647.010257080] [move_group]: Try loading adapter 'default_planning_request_adapters/ResolveConstraintFrames'
[move_group-11] [INFO] [1775517647.012167502] [move_group]: Loaded adapter 'default_planning_request_adapters/ResolveConstraintFrames'
[move_group-11] [INFO] [1775517647.012234900] [move_group]: Try loading adapter 'default_planning_request_adapters/ValidateWorkspaceBounds'
[move_group-11] [INFO] [1775517647.012770828] [move_group]: Loaded adapter 'default_planning_request_adapters/ValidateWorkspaceBounds'
[move_group-11] [INFO] [1775517647.012804557] [move_group]: Try loading adapter 'default_planning_request_adapters/CheckStartStateBounds'
[move_group-11] [INFO] [1775517647.012856692] [move_group]: Loaded adapter 'default_planning_request_adapters/CheckStartStateBounds'
[move_group-11] [INFO] [1775517647.012868118] [move_group]: Try loading adapter 'default_planning_request_adapters/CheckStartStateCollision'
[move_group-11] [INFO] [1775517647.012889249] [move_group]: Loaded adapter 'default_planning_request_adapters/CheckStartStateCollision'
[move_group-11] [INFO] [1775517647.018978153] [move_group]: Try loading adapter 'default_planning_response_adapters/AddTimeOptimalParameterization'
[move_group-11] [INFO] [1775517647.024598863] [move_group]: Loaded adapter 'default_planning_response_adapters/AddTimeOptimalParameterization'
[move_group-11] [INFO] [1775517647.024635638] [move_group]: Try loading adapter 'default_planning_response_adapters/ValidateSolution'
[move_group-11] [INFO] [1775517647.028175686] [move_group]: Loaded adapter 'default_planning_response_adapters/ValidateSolution'
[move_group-11] [INFO] [1775517647.028206161] [move_group]: Try loading adapter 'default_planning_response_adapters/DisplayMotionPath'
[move_group-11] [INFO] [1775517647.029216028] [move_group]: Loaded adapter 'default_planning_response_adapters/DisplayMotionPath'
[move_group-11] [INFO] [1775517647.093448790] [move_group.moveit.moveit.plugins.simple_controller_manager]: Added FollowJointTrajectory controller for joint_trajectory_controller
[move_group-11] [INFO] [1775517647.093515436] [move_group.moveit.moveit.plugins.simple_controller_manager]: robotiq_gripper_controller will command a max effort of: 0
[move_group-11] [INFO] [1775517647.097601102] [move_group.moveit.moveit.plugins.simple_controller_manager]: Added GripperCommand controller for robotiq_gripper_controller
[move_group-11] [INFO] [1775517647.097984602] [move_group.moveit.moveit.plugins.simple_controller_manager]: Returned 2 controllers in list
[move_group-11] [INFO] [1775517647.098029133] [move_group.moveit.moveit.plugins.simple_controller_manager]: Returned 2 controllers in list
[move_group-11] [INFO] [1775517647.098721119] [move_group.moveit.moveit.ros.trajectory_execution_manager]: Trajectory execution is managing controllers
[move_group-11] [INFO] [1775517647.098758526] [move_group]: MoveGroup debug mode is ON
[move_group-11] [INFO] [1775517647.136558961] [move_group.moveit.moveit.ros.move_group.executable]: 
[move_group-11] 
[move_group-11] ********************************************************
[move_group-11] * MoveGroup using: 
[move_group-11] *     - apply_planning_scene_service
[move_group-11] *     - clear_octomap_service
[move_group-11] *     - get_group_urdf
[move_group-11] *     - load_geometry_from_file
[move_group-11] *     - CartesianPathService
[move_group-11] *     - execute_trajectory_action
[move_group-11] *     - get_planning_scene_service
[move_group-11] *     - kinematics_service
[move_group-11] *     - move_action
[move_group-11] *     - motion_plan_service
[move_group-11] *     - query_planners_service
[move_group-11] *     - state_validation_service
[move_group-11] *     - save_geometry_to_file
[move_group-11] ********************************************************
[move_group-11] 
[move_group-11] [INFO] [1775517647.136648486] [move_group.moveit.moveit.ros.move_group.context]: MoveGroup context using pipeline ompl
[move_group-11] [INFO] [1775517647.136666247] [move_group.moveit.moveit.ros.move_group.context]: MoveGroup context initialization complete
[move_group-11] [96mLoading 'move_group/ApplyPlanningSceneService'...[0m
[move_group-11] [96mLoading 'move_group/ClearOctomapService'...[0m
[move_group-11] [96mLoading 'move_group/GetUrdfService'...[0m
[move_group-11] [96mLoading 'move_group/LoadGeometryFromFileService'...[0m
[move_group-11] [96mLoading 'move_group/MoveGroupCartesianPathService'...[0m
[move_group-11] [96mLoading 'move_group/MoveGroupExecuteTrajectoryAction'...[0m
[move_group-11] [96mLoading 'move_group/MoveGroupGetPlanningSceneService'...[0m
[move_group-11] [96mLoading 'move_group/MoveGroupKinematicsService'...[0m
[move_group-11] [96mLoading 'move_group/MoveGroupMoveAction'...[0m
[move_group-11] [96mLoading 'move_group/MoveGroupPlanService'...[0m
[move_group-11] [96mLoading 'move_group/MoveGroupQueryPlannersService'...[0m
[move_group-11] [96mLoading 'move_group/MoveGroupStateValidationService'...[0m
[move_group-11] [96mLoading 'move_group/SaveGeometryToFileService'...[0m
[move_group-11] 
[move_group-11] [92mYou can start planning now![0m
[move_group-11] 
[rviz2-12] [INFO] [1775517647.216221996] [rviz2]: Stereo is NOT SUPPORTED
[rviz2-12] [INFO] [1775517647.216298100] [rviz2]: OpenGl version: 4.6 (GLSL 4.6)
[rviz2-12] [INFO] [1775517647.242605238] [rviz2]: Stereo is NOT SUPPORTED
[rviz2-12] Warning: class_loader.impl: SEVERE WARNING!!! A namespace collision has occurred with plugin factory for class rviz_default_plugins::displays::InteractiveMarkerDisplay. New factory will OVERWRITE existing one. This situation occurs when libraries containing plugins are directly linked against an executable (the one running right now generating this message). Please separate plugins out into their own library or just don't link against the library and use either class_loader::ClassLoader/MultiLibraryClassLoader to open.
[rviz2-12]          at line 321 in /opt/ros/jazzy/include/class_loader/class_loader/class_loader_core.hpp
[rviz2-12] [WARN] [1775517647.426132556] [rcl.logging_rosout]: Publisher already registered for node name: 'rviz2_moveit'. If this is due to multiple nodes with the same name then all logs for the logger named 'rviz2_moveit' will go out over the existing publisher. As soon as any node with that name is destructed it will unregister the publisher, preventing any further logs for that name from being published on the rosout topic.
[ros2_control_node-1] [INFO] [1775517648.719366938] [controller_manager]: Received robot description from topic.
[ros2_control_node-1] [WARN] [1775517648.719408208] [controller_manager]: ResourceManager has already loaded a urdf. Ignoring attempt to reload a robot description.
[ros2_control_node-1] [WARN] [1775517648.911002895] [controller_manager]: Overrun might occur, Total time : 9474.908 us (Expected < 8000.000 us) --> Read time : 49.469 us, Update time : 245.548 us, Write time : 9179.891 us
[ros2_control_node-1] [WARN] [1775517648.911077202] [controller_manager]: Overrun detected! The controller manager missed its desired rate of 125 Hz. The loop took 9.577005 ms (missed cycles : 2).
[rviz2-12] [ERROR] [1775517650.490361383] [rviz2_moveit.moveit.ros.motion_planning_frame]: Action server: /recognize_objects not available
[rviz2-12] [INFO] [1775517650.534680196] [rviz2_moveit.moveit.ros.motion_planning_frame]: MoveGroup namespace changed: / -> . Reloading params.
[rviz2-12] [INFO] [1775517650.619201156] [rviz2_moveit.moveit.ros.rdf_loader]: Loaded robot model in 0.0107759 seconds
[rviz2-12] [INFO] [1775517650.619348278] [rviz2_moveit.moveit.core.robot_model]: Loading robot model 'gen3'...
[rviz2-12] [INFO] [1775517650.619380830] [rviz2_moveit.moveit.core.robot_model]: No root/virtual joint specified in SRDF. Assuming fixed joint
[rviz2-12] [INFO] [1775517650.807297322] [rviz2_moveit.moveit.kinematics.kdl_kinematics_plugin]: Joint weights for group 'manipulator': 1 1 1 1 1 1 1
[rviz2-12] [INFO] [1775517651.211727039] [rviz2_moveit.moveit.ros.planning_scene_monitor]: Starting planning scene monitor
[rviz2-12] [INFO] [1775517651.212910526] [rviz2_moveit.moveit.ros.planning_scene_monitor]: Listening to '/monitored_planning_scene'
[rviz2-12] [INFO] [1775517651.516067766] [interactive_marker_display_98907883423536]: Connected on namespace: /rviz_moveit_motion_planning_display/robot_interaction_interactive_marker_topic
[rviz2-12] [INFO] [1775517651.524695130] [rviz2_moveit.moveit.ros.robot_interaction]: No active joints or end effectors found for group 'gripper'. Make sure that kinematics.yaml is loaded in this node's namespace.
[rviz2-12] [INFO] [1775517651.525485122] [rviz2_moveit.moveit.ros.robot_interaction]: No active joints or end effectors found for group 'gripper'. Make sure that kinematics.yaml is loaded in this node's namespace.
[rviz2-12] [INFO] [1775517651.533426727] [rviz2_moveit.moveit.ros.motion_planning_frame]: group gripper
[rviz2-12] [INFO] [1775517651.533473894] [rviz2_moveit.moveit.ros.motion_planning_frame]: Constructing new MoveGroup connection for group 'gripper' in namespace ''
[rviz2-12] [INFO] [1775517651.545319078] [interactive_marker_display_98907883423536]: Sending request for interactive markers
[rviz2-12] [INFO] [1775517651.574160844] [rviz2_moveit.moveit.ros.move_group_interface]: Ready to take commands for planning group gripper.
[rviz2-12] [INFO] [1775517651.574927515] [rviz2_moveit.moveit.ros.motion_planning_frame]: group gripper
[rviz2-12] [INFO] [1775517651.578182832] [interactive_marker_display_98907883423536]: Service response received for initialization
[ros2_control_node-1] [WARN] [1775517651.734651963] [controller_manager]: Overrun might occur, Total time : 9111.325 us (Expected < 8000.000 us) --> Read time : 64.280 us, Update time : 282.596 us, Write time : 8764.449 us
[ros2_control_node-1] [WARN] [1775517651.734744491] [controller_manager]: Overrun detected! The controller manager missed its desired rate of 125 Hz. The loop took 9.244266 ms (missed cycles : 2).
[ros2_control_node-1] [WARN] [1775517654.823394605] [controller_manager]: Overrun might occur, Total time : 9860.451 us (Expected < 8000.000 us) --> Read time : 54.740 us, Update time : 253.886 us, Write time : 9551.825 us
[ros2_control_node-1] [WARN] [1775517654.823473618] [controller_manager]: Overrun detected! The controller manager missed its desired rate of 125 Hz. The loop took 9.973129 ms (missed cycles : 2).
[ros2_control_node-1] [WARN] [1775517673.759442276] [controller_manager]: Overrun might occur, Total time : 9904.575 us (Expected < 8000.000 us) --> Read time : 58.575 us, Update time : 270.627 us, Write time : 9575.373 us
[ros2_control_node-1] [WARN] [1775517673.759565859] [controller_manager]: Overrun detected! The controller manager missed its desired rate of 125 Hz. The loop took 10.062455 ms (missed cycles : 2).
[ros2_control_node-1] [WARN] [1775517679.906214998] [controller_manager]: Overrun might occur, Total time : 12667.891 us (Expected < 8000.000 us) --> Read time : 71.174 us, Update time : 306.687 us, Write time : 12290.030 us
[ros2_control_node-1] [WARN] [1775517679.906343404] [controller_manager]: Overrun detected! The controller manager missed its desired rate of 125 Hz. The loop took 12.842562 ms (missed cycles : 2).
[ros2_control_node-1] [WARN] [1775517687.334059953] [controller_manager]: Overrun might occur, Total time : 8517.387 us (Expected < 8000.000 us) --> Read time : 65.348 us, Update time : 287.156 us, Write time : 8164.883 us
[ros2_control_node-1] [WARN] [1775517687.334143716] [controller_manager]: Overrun detected! The controller manager missed its desired rate of 125 Hz. The loop took 8.643131 ms (missed cycles : 2).
[ros2_control_node-1] [WARN] [1775517695.181700105] [controller_manager]: Overrun might occur, Total time : 8171.873 us (Expected < 8000.000 us) --> Read time : 50.357 us, Update time : 258.765 us, Write time : 7862.751 us
[ros2_control_node-1] [WARN] [1775517695.181762627] [controller_manager]: Overrun detected! The controller manager missed its desired rate of 125 Hz. The loop took 8.263187 ms (missed cycles : 2).
[ros2_control_node-1] [WARN] [1775517709.846360024] [controller_manager]: Overrun might occur, Total time : 8824.596 us (Expected < 8000.000 us) --> Read time : 63.086 us, Update time : 269.981 us, Write time : 8491.529 us
[ros2_control_node-1] [WARN] [1775517709.846488834] [controller_manager]: Overrun detected! The controller manager missed its desired rate of 125 Hz. The loop took 8.987601 ms (missed cycles : 2).
[ros2_control_node-1] [WARN] [1775517731.694165203] [controller_manager]: Overrun might occur, Total time : 8636.632 us (Expected < 8000.000 us) --> Read time : 40.371 us, Update time : 269.643 us, Write time : 8326.618 us
[ros2_control_node-1] [WARN] [1775517731.694254189] [controller_manager]: Overrun detected! The controller manager missed its desired rate of 125 Hz. The loop took 8.754145 ms (missed cycles : 2).
[ros2_control_node-1] [WARN] [1775517747.630782954] [controller_manager]: Overrun might occur, Total time : 9218.095 us (Expected < 8000.000 us) --> Read time : 76.065 us, Update time : 313.960 us, Write time : 8828.070 us
[ros2_control_node-1] [WARN] [1775517747.631000822] [controller_manager]: Overrun detected! The controller manager missed its desired rate of 125 Hz. The loop took 9.497367 ms (missed cycles : 2).
[ros2_control_node-1] [WARN] [1775517767.558520931] [controller_manager]: Overrun might occur, Total time : 8990.933 us (Expected < 8000.000 us) --> Read time : 46.303 us, Update time : 257.856 us, Write time : 8686.774 us
[ros2_control_node-1] [WARN] [1775517767.558613808] [controller_manager]: Overrun detected! The controller manager missed its desired rate of 125 Hz. The loop took 9.113306 ms (missed cycles : 2).
[ros2_control_node-1] [WARN] [1775517777.529380927] [controller_manager]: Overrun might occur, Total time : 11836.208 us (Expected < 8000.000 us) --> Read time : 89.681 us, Update time : 316.975 us, Write time : 11429.552 us
[ros2_control_node-1] [WARN] [1775517777.529468537] [controller_manager]: Overrun detected! The controller manager missed its desired rate of 125 Hz. The loop took 11.967859 ms (missed cycles : 2).

===== 2026-04-06T19:24:35-04:00 | T1_arm_moveit_rviz =====
cwd=/home/carrt-cse-project/workspace/ros2_kortex_ws
cmd=ros2 launch adl_tasks arm_vbox.launch.py robot_ip:=192.168.0.10 use_fake_hardware:=false vision:=true 

[INFO] [launch]: All log files can be found below /home/carrt-cse-project/.ros/log/2026-04-06-19-24-36-110492-carrt-cse-project-OptiPlex-5050-19776
[INFO] [launch]: Default logging verbosity is set to INFO
[INFO] [launch.user]: [arm_vbox.launch] MoveIt current state source: /joint_states_sanitized. Use use_joint_state_sanitizer:=false for raw-state viewer debugging.
[INFO] [launch.user]: [arm_vbox.launch] Using ADL VBox controller config (share/adl_tasks/config/ros2_controllers_vbox.yaml, update_rate:=125 Hz).
[INFO] [ros2_control_node-1]: process started with pid [19780]
[INFO] [robot_state_publisher-2]: process started with pid [19781]
[INFO] [joint_state_sanitizer-3]: process started with pid [19782]
[INFO] [spawner-4]: process started with pid [19783]
[INFO] [static_transform_publisher-5]: process started with pid [19784]
[INFO] [static_transform_publisher-6]: process started with pid [19785]
[static_transform_publisher-5] [INFO] [1775517876.423666251] [static_transform_publisher]: Spinning until stopped - publishing transform
[static_transform_publisher-5] translation: ('0.000000', '0.000000', '0.000000')
[static_transform_publisher-5] rotation: ('0.000000', '0.000000', '0.000000', '1.000000')
[static_transform_publisher-5] from 'world' to 'base_link'
[static_transform_publisher-6] [INFO] [1775517876.435224007] [camera_color_optical_bridge_tf_pub]: Spinning until stopped - publishing transform
[static_transform_publisher-6] translation: ('0.000000', '0.000000', '0.000000')
[static_transform_publisher-6] rotation: ('0.000000', '0.000000', '0.000000', '1.000000')
[static_transform_publisher-6] from 'camera_color_frame' to 'wrist_mounted_camera_color_optical_frame'
[robot_state_publisher-2] [INFO] [1775517876.503381294] [robot_state_publisher]: Robot initialized
[ros2_control_node-1] [INFO] [1775517876.525096696] [controller_manager]: Using Steady (Monotonic) clock for triggering controller manager cycles.
[ros2_control_node-1] [INFO] [1775517876.541117682] [controller_manager]: Subscribing to '/robot_description' topic for robot description.
[ros2_control_node-1] [INFO] [1775517876.545691949] [controller_manager]: update rate is 125 Hz
[ros2_control_node-1] [INFO] [1775517876.545729951] [controller_manager]: Overruns handling is : enabled
[ros2_control_node-1] [INFO] [1775517876.545742927] [controller_manager]: Spawning controller_manager RT thread with scheduler priority: 50
[ros2_control_node-1] [INFO] [1775517876.545826612] [controller_manager]: Successful set up FIFO RT scheduling policy with priority 50.
[ros2_control_node-1] [INFO] [1775517876.741143312] [controller_manager]: Received robot description from topic.
[ros2_control_node-1] [INFO] [1775517876.741209247] [controller_manager]: Enforcing command limits is disabled. Command limits from URDF will be ignored.
[ros2_control_node-1] [INFO] [1775517876.751104409] [controller_manager]: Loading hardware 'KortexMultiInterfaceHardware' 
[ros2_control_node-1] [INFO] [1775517876.767905582] [KortexMultiInterfaceHardware]: Setting severity threshold to DEBUG
[ros2_control_node-1] [INFO] [1775517876.767966940] [controller_manager]: Loaded hardware 'KortexMultiInterfaceHardware' from plugin 'kortex_driver/KortexMultiInterfaceHardware'
[ros2_control_node-1] [INFO] [1775517876.768530446] [controller_manager]: Initialize hardware 'KortexMultiInterfaceHardware' 
[ros2_control_node-1] [INFO] [1775517876.782813548] [KortexMultiInterfaceHardware]: Configuring Hardware Interface
[ros2_control_node-1] [INFO] [1775517876.783217957] [KortexMultiInterfaceHardware]: Robot ip is '192.168.0.10'
[ros2_control_node-1] [INFO] [1775517876.783232521] [KortexMultiInterfaceHardware]: Username is 'admin'
[ros2_control_node-1] [INFO] [1775517876.783247575] [KortexMultiInterfaceHardware]: Port used '10000'
[ros2_control_node-1] [INFO] [1775517876.783253719] [KortexMultiInterfaceHardware]: Realtime port used '10001'
[ros2_control_node-1] [INFO] [1775517876.783258797] [KortexMultiInterfaceHardware]: Session inactivity timeout is '60000'
[ros2_control_node-1] [INFO] [1775517876.783264824] [KortexMultiInterfaceHardware]: Connection inactivity timeout is '2000'
[ros2_control_node-1] [INFO] [1775517876.783271430] [KortexMultiInterfaceHardware]: Gripper joint name is 'robotiq_85_left_knuckle_joint'
[ros2_control_node-1] [INFO] [1775517876.783316640] [KortexMultiInterfaceHardware]: Connecting to robot at 192.168.0.10
[ros2_control_node-1] [INFO] [1775517876.791457348] [KortexMultiInterfaceHardware]: Creating session for communication
[spawner-4] [INFO] [1775517877.010848335] [spawner_joint_state_broadcaster]: waiting for service /controller_manager/list_controllers to become available...
[ros2_control_node-1] [INFO] [1775517877.019590219] [KortexMultiInterfaceHardware]: Session created
[joint_state_sanitizer-3] [INFO] [1775517877.025242783] [joint_state_sanitizer_node]: joint_state_sanitizer started. raw=/joint_states -> sanitized=/joint_states_sanitized
[ros2_control_node-1] [INFO] [1775517877.722140788] [KortexMultiInterfaceHardware]: Actuator count reported by robot is '7'
[ros2_control_node-1] [INFO] [1775517877.722328556] [KortexMultiInterfaceHardware]: Using internal bus communication for gripper!
[ros2_control_node-1] [INFO] [1775517877.722334966] [KortexMultiInterfaceHardware]: Hardware Interface successfully configured
[ros2_control_node-1] [INFO] [1775517877.722422536] [controller_manager]: Successful initialization of hardware 'KortexMultiInterfaceHardware'
[ros2_control_node-1] [DEBUG] [1775517877.722513226] [KortexMultiInterfaceHardware]: export_state_interfaces for joint: joint_1
[ros2_control_node-1] [DEBUG] [1775517877.722540811] [KortexMultiInterfaceHardware]: export_state_interfaces for joint: joint_2
[ros2_control_node-1] [DEBUG] [1775517877.722546662] [KortexMultiInterfaceHardware]: export_state_interfaces for joint: joint_3
[ros2_control_node-1] [DEBUG] [1775517877.722551413] [KortexMultiInterfaceHardware]: export_state_interfaces for joint: joint_4
[ros2_control_node-1] [DEBUG] [1775517877.722555627] [KortexMultiInterfaceHardware]: export_state_interfaces for joint: joint_5
[ros2_control_node-1] [DEBUG] [1775517877.722560248] [KortexMultiInterfaceHardware]: export_state_interfaces for joint: joint_6
[ros2_control_node-1] [DEBUG] [1775517877.722564372] [KortexMultiInterfaceHardware]: export_state_interfaces for joint: joint_7
[ros2_control_node-1] [DEBUG] [1775517877.722568402] [KortexMultiInterfaceHardware]: export_state_interfaces for joint: robotiq_85_left_knuckle_joint
[ros2_control_node-1] [INFO] [1775517877.725040339] [resource_manager]: 'configure' hardware 'KortexMultiInterfaceHardware' 
[ros2_control_node-1] [INFO] [1775517877.725093114] [resource_manager]: Successful 'configure' of hardware 'KortexMultiInterfaceHardware'
[ros2_control_node-1] [INFO] [1775517877.725228850] [resource_manager]: 'activate' hardware 'KortexMultiInterfaceHardware' 
[ros2_control_node-1] [INFO] [1775517877.725254012] [KortexMultiInterfaceHardware]: Activating KortexMultiInterfaceHardware...
[ros2_control_node-1] [INFO] [1775517877.729407878] [KortexMultiInterfaceHardware]: Gripper initial position is '0.873365'.
[ros2_control_node-1] [INFO] [1775517877.733717083] [KortexMultiInterfaceHardware]: KortexMultiInterfaceHardware successfully activated!
[ros2_control_node-1] [INFO] [1775517877.733752992] [resource_manager]: Successful 'activate' of hardware 'KortexMultiInterfaceHardware'
[ros2_control_node-1] [INFO] [1775517877.733998131] [controller_manager]: Registering statistics for : KortexMultiInterfaceHardware
[ros2_control_node-1] [INFO] [1775517877.734167551] [controller_manager]: Resource Manager has been successfully initialized. Starting Controller Manager services...
[ros2_control_node-1] [INFO] [1775517877.763431618] [controller_manager]: Loading controller : 'joint_state_broadcaster' of type 'joint_state_broadcaster/JointStateBroadcaster'
[ros2_control_node-1] [INFO] [1775517877.763469071] [controller_manager]: Loading controller 'joint_state_broadcaster'
[ros2_control_node-1] [INFO] [1775517877.771499750] [controller_manager]: Controller 'joint_state_broadcaster' node arguments: --ros-args --params-file /home/carrt-cse-project/workspace/ros2_kortex_ws/install/adl_tasks/share/adl_tasks/config/ros2_controllers_vbox.yaml --params-file /tmp/launch_params_1lccy4ay 
[spawner-4] [INFO] [1775517877.796330712] [spawner_joint_state_broadcaster]: Loaded joint_state_broadcaster
[ros2_control_node-1] [INFO] [1775517877.797790203] [controller_manager]: Configuring controller: 'joint_state_broadcaster'
[ros2_control_node-1] [INFO] [1775517877.798060002] [joint_state_broadcaster]: 'joints' or 'interfaces' parameter is empty. All available state interfaces will be published
[ros2_control_node-1] [INFO] [1775517877.819807263] [controller_manager]: Activating controllers: [ joint_state_broadcaster ]
[ros2_control_node-1] [INFO] [1775517877.827559979] [controller_manager]: Successfully switched controllers!
[spawner-4] [INFO] [1775517877.836434760] [spawner_joint_state_broadcaster]: Configured and activated joint_state_broadcaster
[ros2_control_node-1] [WARN] [1775517877.882429835] [controller_manager]: Overrun might occur, Total time : 8444.860 us (Expected < 8000.000 us) --> Read time : 67.825 us, Update time : 122.236 us, Write time : 8254.799 us
[ros2_control_node-1] [WARN] [1775517877.882544639] [controller_manager]: Overrun detected! The controller manager missed its desired rate of 125 Hz. The loop took 8.610915 ms (missed cycles : 2).
[INFO] [spawner-4]: process has finished cleanly [pid 19783]
[INFO] [spawner-7]: process started with pid [19914]
[INFO] [spawner-8]: process started with pid [19915]
[INFO] [spawner-9]: process started with pid [19916]
[INFO] [spawner-10]: process started with pid [19917]
[spawner-10] [INFO] [1775517879.153236965] [spawner_fault_controller]: waiting for service /controller_manager/list_controllers to become available...
[ros2_control_node-1] [INFO] [1775517879.219457370] [controller_manager]: Loading controller : 'fault_controller' of type 'picknik_reset_fault_controller/PicknikResetFaultController'
[ros2_control_node-1] [INFO] [1775517879.219485626] [controller_manager]: Loading controller 'fault_controller'
[ros2_control_node-1] [INFO] [1775517879.222131486] [controller_manager]: Controller 'fault_controller' node arguments: --ros-args --params-file /home/carrt-cse-project/workspace/ros2_kortex_ws/install/adl_tasks/share/adl_tasks/config/ros2_controllers_vbox.yaml --params-file /tmp/launch_params_1lccy4ay 
[spawner-10] [INFO] [1775517879.244407971] [spawner_fault_controller]: Loaded fault_controller
[ros2_control_node-1] [INFO] [1775517879.245528751] [controller_manager]: Configuring controller: 'fault_controller'
[ros2_control_node-1] [INFO] [1775517879.251861420] [controller_manager]: Activating controllers: [ fault_controller ]
[ros2_control_node-1] [INFO] [1775517879.463542497] [controller_manager]: Successfully switched controllers!
[ros2_control_node-1] [WARN] [1775517879.466656574] [controller_manager]: Overrun might occur, Total time : 8686.895 us (Expected < 8000.000 us) --> Read time : 70.454 us, Update time : 5470.387 us (Switch time : 5303.435 us (Switch chained mode time : 5.966 us, perform mode change time : 93.116 us, Activation time : 5195.750 us, Deactivation time : 1.896 us)), Write time : 3146.054 us
[ros2_control_node-1] [WARN] [1775517879.466756624] [controller_manager]: Overrun detected! The controller manager missed its desired rate of 125 Hz. The loop took 8.823521 ms (missed cycles : 2).
[spawner-10] [INFO] [1775517879.477807062] [spawner_fault_controller]: Configured and activated fault_controller
[spawner-7] [INFO] [1775517879.596761316] [spawner_joint_trajectory_controller]: waiting for service /controller_manager/list_controllers to become available...
[INFO] [spawner-10]: process has finished cleanly [pid 19917]
[ros2_control_node-1] [INFO] [1775517880.120919414] [controller_manager]: Loading controller : 'joint_trajectory_controller' of type 'joint_trajectory_controller/JointTrajectoryController'
[ros2_control_node-1] [INFO] [1775517880.120961188] [controller_manager]: Loading controller 'joint_trajectory_controller'
[ros2_control_node-1] [INFO] [1775517880.127646381] [controller_manager]: Controller 'joint_trajectory_controller' node arguments: --ros-args --params-file /home/carrt-cse-project/workspace/ros2_kortex_ws/install/adl_tasks/share/adl_tasks/config/ros2_controllers_vbox.yaml --params-file /tmp/launch_params_1lccy4ay 
[spawner-7] [INFO] [1775517880.164132024] [spawner_joint_trajectory_controller]: Loaded joint_trajectory_controller
[ros2_control_node-1] [INFO] [1775517880.166109822] [controller_manager]: Configuring controller: 'joint_trajectory_controller'
[ros2_control_node-1] [INFO] [1775517880.166997457] [joint_trajectory_controller]: No specific joint names are used for command interfaces. Using 'joints' parameter.
[ros2_control_node-1] [INFO] [1775517880.167246482] [joint_trajectory_controller]: Command interfaces are [position] and state interfaces are [position velocity].
[ros2_control_node-1] [INFO] [1775517880.167520379] [joint_trajectory_controller]: Using 'splines' interpolation method.
[ros2_control_node-1] [INFO] [1775517880.171954653] [joint_trajectory_controller]: Action status changes will be monitored at 20.00 Hz.
[ros2_control_node-1] [INFO] [1775517880.269055717] [controller_manager]: Activating controllers: [ joint_trajectory_controller ]
[ros2_control_node-1] [INFO] [1775517880.502799723] [controller_manager]: Successfully switched controllers!
[ros2_control_node-1] [WARN] [1775517880.505558575] [controller_manager]: Overrun might occur, Total time : 31594.714 us (Expected < 8000.000 us) --> Read time : 46.297 us, Update time : 28763.424 us (Switch time : 28639.504 us (Switch chained mode time : 2.939 us, perform mode change time : 26978.492 us, Activation time : 1649.892 us, Deactivation time : 0.879 us)), Write time : 2784.993 us
[ros2_control_node-1] [WARN] [1775517880.505641808] [controller_manager]: Overrun detected! The controller manager missed its desired rate of 125 Hz. The loop took 31.708887 ms (missed cycles : 4).
[spawner-7] [INFO] [1775517880.509438324] [spawner_joint_trajectory_controller]: Configured and activated joint_trajectory_controller
[spawner-9] [INFO] [1775517880.647369674] [spawner_robotiq_gripper_controller]: waiting for service /controller_manager/list_controllers to become available...
[INFO] [spawner-7]: process has finished cleanly [pid 19914]
[INFO] [move_group-11]: process started with pid [20012]
[INFO] [rviz2-12]: process started with pid [20013]
[move_group-11] [INFO] [1775517881.993773896] [move_group.moveit.moveit.ros.rdf_loader]: Loaded robot model in 0.0109631 seconds
[move_group-11] [INFO] [1775517881.993939131] [move_group.moveit.moveit.core.robot_model]: Loading robot model 'gen3'...
[move_group-11] [INFO] [1775517881.993962439] [move_group.moveit.moveit.core.robot_model]: No root/virtual joint specified in SRDF. Assuming fixed joint
[ros2_control_node-1] [INFO] [1775517882.067231626] [controller_manager]: Received robot description from topic.
[ros2_control_node-1] [WARN] [1775517882.067285611] [controller_manager]: ResourceManager has already loaded a urdf. Ignoring attempt to reload a robot description.
[move_group-11] [INFO] [1775517882.181538064] [move_group.moveit.moveit.kinematics.kdl_kinematics_plugin]: Joint weights for group 'manipulator': 1 1 1 1 1 1 1
[rviz2-12] [INFO] [1775517882.361551220] [rviz2]: Stereo is NOT SUPPORTED
[rviz2-12] [INFO] [1775517882.361635112] [rviz2]: OpenGl version: 4.6 (GLSL 4.6)
[rviz2-12] [INFO] [1775517882.408522783] [rviz2]: Stereo is NOT SUPPORTED
[move_group-11] [INFO] [1775517882.612725653] [move_group.moveit.moveit.ros.planning_scene_monitor]: Publishing maintained planning scene on 'monitored_planning_scene'
[move_group-11] [INFO] [1775517882.612921630] [move_group.moveit.moveit.ros.moveit_cpp]: Listening to 'joint_states' for joint states
[move_group-11] [INFO] [1775517882.614791456] [move_group.moveit.moveit.ros.current_state_monitor]: Listening to joint states on topic 'joint_states'
[move_group-11] [INFO] [1775517882.616166591] [move_group.moveit.moveit.ros.planning_scene_monitor]: Listening to '/attached_collision_object' for attached collision objects
[move_group-11] [INFO] [1775517882.616206435] [move_group.moveit.moveit.ros.planning_scene_monitor]: Stopping existing planning scene publisher.
[move_group-11] [INFO] [1775517882.616817038] [move_group.moveit.moveit.ros.planning_scene_monitor]: Stopped publishing maintained planning scene.
[move_group-11] [INFO] [1775517882.617499773] [move_group.moveit.moveit.ros.planning_scene_monitor]: Publishing maintained planning scene on 'monitored_planning_scene'
[move_group-11] [INFO] [1775517882.617606709] [move_group.moveit.moveit.ros.planning_scene_monitor]: Starting planning scene monitor
[move_group-11] [INFO] [1775517882.618095014] [move_group.moveit.moveit.ros.planning_scene_monitor]: Listening to '/planning_scene'
[move_group-11] [INFO] [1775517882.618117799] [move_group.moveit.moveit.ros.planning_scene_monitor]: Starting world geometry update monitor for collision objects, attached objects, octomap updates.
[move_group-11] [INFO] [1775517882.621148794] [move_group.moveit.moveit.ros.planning_scene_monitor]: Listening to 'collision_object'
[move_group-11] [INFO] [1775517882.622123534] [move_group.moveit.moveit.ros.planning_scene_monitor]: Listening to 'planning_scene_world' for planning scene world geometry
[move_group-11] [WARN] [1775517882.623307134] [move_group.moveit.moveit.ros.occupancy_map_monitor]: Resolution not specified for Octomap. Assuming resolution = 0.1 instead
[move_group-11] [ERROR] [1775517882.623365452] [move_group.moveit.moveit.ros.occupancy_map_monitor]: No 3D sensor plugin(s) defined for octomap updates
[rviz2-12] Warning: class_loader.impl: SEVERE WARNING!!! A namespace collision has occurred with plugin factory for class rviz_default_plugins::displays::InteractiveMarkerDisplay. New factory will OVERWRITE existing one. This situation occurs when libraries containing plugins are directly linked against an executable (the one running right now generating this message). Please separate plugins out into their own library or just don't link against the library and use either class_loader::ClassLoader/MultiLibraryClassLoader to open.
[rviz2-12]          at line 321 in /opt/ros/jazzy/include/class_loader/class_loader/class_loader_core.hpp
[rviz2-12] [WARN] [1775517882.647219701] [rcl.logging_rosout]: Publisher already registered for node name: 'rviz2_moveit'. If this is due to multiple nodes with the same name then all logs for the logger named 'rviz2_moveit' will go out over the existing publisher. As soon as any node with that name is destructed it will unregister the publisher, preventing any further logs for that name from being published on the rosout topic.
[move_group-11] [INFO] [1775517882.876022060] [move_group.moveit.moveit.ros.planning_pipeline]: Successfully loaded planner 'OMPL'
[move_group-11] [INFO] [1775517882.879787526] [move_group]: Try loading adapter 'default_planning_request_adapters/ResolveConstraintFrames'
[move_group-11] [INFO] [1775517882.881320679] [move_group]: Loaded adapter 'default_planning_request_adapters/ResolveConstraintFrames'
[move_group-11] [INFO] [1775517882.881372037] [move_group]: Try loading adapter 'default_planning_request_adapters/ValidateWorkspaceBounds'
[move_group-11] [INFO] [1775517882.881650831] [move_group]: Loaded adapter 'default_planning_request_adapters/ValidateWorkspaceBounds'
[move_group-11] [INFO] [1775517882.881665810] [move_group]: Try loading adapter 'default_planning_request_adapters/CheckStartStateBounds'
[move_group-11] [INFO] [1775517882.881703412] [move_group]: Loaded adapter 'default_planning_request_adapters/CheckStartStateBounds'
[move_group-11] [INFO] [1775517882.881715329] [move_group]: Try loading adapter 'default_planning_request_adapters/CheckStartStateCollision'
[move_group-11] [INFO] [1775517882.881732514] [move_group]: Loaded adapter 'default_planning_request_adapters/CheckStartStateCollision'
[move_group-11] [INFO] [1775517882.886516575] [move_group]: Try loading adapter 'default_planning_response_adapters/AddTimeOptimalParameterization'
[move_group-11] [INFO] [1775517882.890059075] [move_group]: Loaded adapter 'default_planning_response_adapters/AddTimeOptimalParameterization'
[move_group-11] [INFO] [1775517882.890089095] [move_group]: Try loading adapter 'default_planning_response_adapters/ValidateSolution'
[move_group-11] [INFO] [1775517882.894449412] [move_group]: Loaded adapter 'default_planning_response_adapters/ValidateSolution'
[move_group-11] [INFO] [1775517882.894486114] [move_group]: Try loading adapter 'default_planning_response_adapters/DisplayMotionPath'
[move_group-11] [INFO] [1775517882.895598960] [move_group]: Loaded adapter 'default_planning_response_adapters/DisplayMotionPath'
[move_group-11] [INFO] [1775517882.972236039] [move_group.moveit.moveit.plugins.simple_controller_manager]: Added FollowJointTrajectory controller for joint_trajectory_controller
[move_group-11] [INFO] [1775517882.972321361] [move_group.moveit.moveit.plugins.simple_controller_manager]: robotiq_gripper_controller will command a max effort of: 0
[move_group-11] [INFO] [1775517882.978387349] [move_group.moveit.moveit.plugins.simple_controller_manager]: Added GripperCommand controller for robotiq_gripper_controller
[move_group-11] [INFO] [1775517882.978658406] [move_group.moveit.moveit.plugins.simple_controller_manager]: Returned 2 controllers in list
[move_group-11] [INFO] [1775517882.978716514] [move_group.moveit.moveit.plugins.simple_controller_manager]: Returned 2 controllers in list
[move_group-11] [INFO] [1775517882.979446609] [move_group.moveit.moveit.ros.trajectory_execution_manager]: Trajectory execution is managing controllers
[move_group-11] [INFO] [1775517882.979475338] [move_group]: MoveGroup debug mode is ON
[move_group-11] [INFO] [1775517883.015261448] [move_group.moveit.moveit.ros.move_group.executable]: 
[move_group-11] 
[move_group-11] ********************************************************
[move_group-11] * MoveGroup using: 
[move_group-11] *     - apply_planning_scene_service
[move_group-11] *     - clear_octomap_service
[move_group-11] *     - get_group_urdf
[move_group-11] *     - load_geometry_from_file
[move_group-11] *     - CartesianPathService
[move_group-11] *     - execute_trajectory_action
[move_group-11] *     - get_planning_scene_service
[move_group-11] *     - kinematics_service
[move_group-11] *     - move_action
[move_group-11] *     - motion_plan_service
[move_group-11] *     - query_planners_service
[move_group-11] *     - state_validation_service
[move_group-11] *     - save_geometry_to_file
[move_group-11] ********************************************************
[move_group-11] 
[move_group-11] [INFO] [1775517883.015347671] [move_group.moveit.moveit.ros.move_group.context]: MoveGroup context using pipeline ompl
[move_group-11] [INFO] [1775517883.015366270] [move_group.moveit.moveit.ros.move_group.context]: MoveGroup context initialization complete
[move_group-11] [96mLoading 'move_group/ApplyPlanningSceneService'...[0m
[move_group-11] [96mLoading 'move_group/ClearOctomapService'...[0m
[move_group-11] [96mLoading 'move_group/GetUrdfService'...[0m
[move_group-11] [96mLoading 'move_group/LoadGeometryFromFileService'...[0m
[move_group-11] [96mLoading 'move_group/MoveGroupCartesianPathService'...[0m
[move_group-11] [96mLoading 'move_group/MoveGroupExecuteTrajectoryAction'...[0m
[move_group-11] [96mLoading 'move_group/MoveGroupGetPlanningSceneService'...[0m
[move_group-11] [96mLoading 'move_group/MoveGroupKinematicsService'...[0m
[move_group-11] [96mLoading 'move_group/MoveGroupMoveAction'...[0m
[move_group-11] [96mLoading 'move_group/MoveGroupPlanService'...[0m
[move_group-11] [96mLoading 'move_group/MoveGroupQueryPlannersService'...[0m
[move_group-11] [96mLoading 'move_group/MoveGroupStateValidationService'...[0m
[move_group-11] [96mLoading 'move_group/SaveGeometryToFileService'...[0m
[move_group-11] 
[move_group-11] [92mYou can start planning now![0m
[move_group-11] 
[ros2_control_node-1] [INFO] [1775517883.213970047] [controller_manager]: Loading controller : 'robotiq_gripper_controller' of type 'position_controllers/GripperActionController'
[ros2_control_node-1] [INFO] [1775517883.214002630] [controller_manager]: Loading controller 'robotiq_gripper_controller'
[ros2_control_node-1] [INFO] [1775517883.216438873] [controller_manager]: Controller 'robotiq_gripper_controller' node arguments: --ros-args --params-file /home/carrt-cse-project/workspace/ros2_kortex_ws/install/adl_tasks/share/adl_tasks/config/ros2_controllers_vbox.yaml --params-file /tmp/launch_params_1lccy4ay 
[ros2_control_node-1] [WARN] [1775517883.243601558] [robotiq_gripper_controller]: [Deprecated]: the `position_controllers/GripperActionController` and `effort_controllers::GripperActionController` controllers are replaced by 'parallel_gripper_controllers/GripperActionController' controller
[spawner-9] [INFO] [1775517883.252416618] [spawner_robotiq_gripper_controller]: Loaded robotiq_gripper_controller
[ros2_control_node-1] [INFO] [1775517883.254436665] [controller_manager]: Configuring controller: 'robotiq_gripper_controller'
[ros2_control_node-1] [INFO] [1775517883.254578237] [robotiq_gripper_controller]: Action status changes will be monitored at 20.000000 Hz.
[ros2_control_node-1] [INFO] [1775517883.261658156] [controller_manager]: Activating controllers: [ robotiq_gripper_controller ]
[ros2_control_node-1] [INFO] [1775517883.471867765] [controller_manager]: Successfully switched controllers!
[spawner-9] [INFO] [1775517883.482089280] [spawner_robotiq_gripper_controller]: Configured and activated robotiq_gripper_controller
[spawner-8] [INFO] [1775517883.645733128] [spawner_twist_controller]: waiting for service /controller_manager/list_controllers to become available...
[INFO] [spawner-9]: process has finished cleanly [pid 19916]
[ros2_control_node-1] [INFO] [1775517883.898717537] [controller_manager]: Loading controller : 'twist_controller' of type 'picknik_twist_controller/PicknikTwistController'
[ros2_control_node-1] [INFO] [1775517883.898751972] [controller_manager]: Loading controller 'twist_controller'
[ros2_control_node-1] [INFO] [1775517883.901968978] [controller_manager]: Controller 'twist_controller' node arguments: --ros-args --params-file /home/carrt-cse-project/workspace/ros2_kortex_ws/install/adl_tasks/share/adl_tasks/config/ros2_controllers_vbox.yaml --params-file /tmp/launch_params_1lccy4ay 
[spawner-8] [INFO] [1775517883.932881623] [spawner_twist_controller]: Loaded twist_controller
[ros2_control_node-1] [INFO] [1775517883.934439515] [controller_manager]: Configuring controller: 'twist_controller'
[ros2_control_node-1] [INFO] [1775517883.936693335] [twist_controller]: configure successful
[INFO] [spawner-8]: process has finished cleanly [pid 19915]
[rviz2-12] [ERROR] [1775517885.715284879] [rviz2_moveit.moveit.ros.motion_planning_frame]: Action server: /recognize_objects not available
[rviz2-12] [INFO] [1775517885.747345177] [rviz2_moveit.moveit.ros.motion_planning_frame]: MoveGroup namespace changed: / -> . Reloading params.
[rviz2-12] [INFO] [1775517885.825406230] [rviz2_moveit.moveit.ros.rdf_loader]: Loaded robot model in 0.00746061 seconds
[rviz2-12] [INFO] [1775517885.825485188] [rviz2_moveit.moveit.core.robot_model]: Loading robot model 'gen3'...
[rviz2-12] [INFO] [1775517885.825512347] [rviz2_moveit.moveit.core.robot_model]: No root/virtual joint specified in SRDF. Assuming fixed joint
[rviz2-12] [INFO] [1775517885.996264922] [rviz2_moveit.moveit.kinematics.kdl_kinematics_plugin]: Joint weights for group 'manipulator': 1 1 1 1 1 1 1
[rviz2-12] [INFO] [1775517886.368139971] [rviz2_moveit.moveit.ros.planning_scene_monitor]: Starting planning scene monitor
[rviz2-12] [INFO] [1775517886.369350117] [rviz2_moveit.moveit.ros.planning_scene_monitor]: Listening to '/monitored_planning_scene'
[rviz2-12] [INFO] [1775517886.697824911] [interactive_marker_display_96036342682384]: Connected on namespace: /rviz_moveit_motion_planning_display/robot_interaction_interactive_marker_topic
[rviz2-12] [INFO] [1775517886.704851744] [rviz2_moveit.moveit.ros.robot_interaction]: No active joints or end effectors found for group 'gripper'. Make sure that kinematics.yaml is loaded in this node's namespace.
[rviz2-12] [INFO] [1775517886.705697455] [rviz2_moveit.moveit.ros.robot_interaction]: No active joints or end effectors found for group 'gripper'. Make sure that kinematics.yaml is loaded in this node's namespace.
[rviz2-12] [INFO] [1775517886.716686031] [rviz2_moveit.moveit.ros.motion_planning_frame]: group gripper
[rviz2-12] [INFO] [1775517886.716825641] [rviz2_moveit.moveit.ros.motion_planning_frame]: Constructing new MoveGroup connection for group 'gripper' in namespace ''
[rviz2-12] [INFO] [1775517886.727060763] [interactive_marker_display_96036342682384]: Sending request for interactive markers
[rviz2-12] [INFO] [1775517886.744639244] [rviz2_moveit.moveit.ros.move_group_interface]: Ready to take commands for planning group gripper.
[rviz2-12] [INFO] [1775517886.746892021] [rviz2_moveit.moveit.ros.motion_planning_frame]: group gripper
[rviz2-12] [INFO] [1775517886.760224917] [interactive_marker_display_96036342682384]: Service response received for initialization
[ros2_control_node-1] [WARN] [1775517893.892418087] [controller_manager]: Overrun might occur, Total time : 10448.572 us (Expected < 8000.000 us) --> Read time : 55.812 us, Update time : 268.239 us, Write time : 10124.521 us
[ros2_control_node-1] [WARN] [1775517893.892501966] [controller_manager]: Overrun detected! The controller manager missed its desired rate of 125 Hz. The loop took 10.569017 ms (missed cycles : 2).
[ros2_control_node-1] [WARN] [1775517899.546406438] [controller_manager]: Overrun might occur, Total time : 8424.492 us (Expected < 8000.000 us) --> Read time : 63.372 us, Update time : 349.013 us, Write time : 8012.107 us
[ros2_control_node-1] [WARN] [1775517899.546487812] [controller_manager]: Overrun detected! The controller manager missed its desired rate of 125 Hz. The loop took 8.554585 ms (missed cycles : 2).
[ros2_control_node-1] [WARN] [1775517912.300433713] [controller_manager]: Overrun might occur, Total time : 10456.582 us (Expected < 8000.000 us) --> Read time : 59.625 us, Update time : 274.163 us, Write time : 10122.794 us
[ros2_control_node-1] [WARN] [1775517912.300562844] [controller_manager]: Overrun detected! The controller manager missed its desired rate of 125 Hz. The loop took 10.627902 ms (missed cycles : 2).
[ros2_control_node-1] [WARN] [1775517916.073389108] [controller_manager]: Overrun might occur, Total time : 15429.744 us (Expected < 8000.000 us) --> Read time : 45.292 us, Update time : 237.031 us, Write time : 15147.421 us
[ros2_control_node-1] [WARN] [1775517916.073470040] [controller_manager]: Overrun detected! The controller manager missed its desired rate of 125 Hz. The loop took 15.537061 ms (missed cycles : 2).
[ros2_control_node-1] [WARN] [1775517927.859767685] [controller_manager]: Overrun might occur, Total time : 9801.531 us (Expected < 8000.000 us) --> Read time : 63.164 us, Update time : 260.672 us, Write time : 9477.695 us
[ros2_control_node-1] [WARN] [1775517927.859861766] [controller_manager]: Overrun detected! The controller manager missed its desired rate of 125 Hz. The loop took 9.928320 ms (missed cycles : 2).
[ros2_control_node-1] [WARN] [1775517930.018383775] [controller_manager]: Overrun might occur, Total time : 16410.025 us (Expected < 8000.000 us) --> Read time : 58.817 us, Update time : 276.216 us, Write time : 16074.992 us
[ros2_control_node-1] [WARN] [1775517930.018462587] [controller_manager]: Overrun detected! The controller manager missed its desired rate of 125 Hz. The loop took 16.529325 ms (missed cycles : 3).
[ros2_control_node-1] [WARN] [1775517931.495468348] [controller_manager]: Overrun might occur, Total time : 13494.492 us (Expected < 8000.000 us) --> Read time : 60.064 us, Update time : 304.272 us, Write time : 13130.156 us
[ros2_control_node-1] [WARN] [1775517931.495550279] [controller_manager]: Overrun detected! The controller manager missed its desired rate of 125 Hz. The loop took 13.617087 ms (missed cycles : 2).
[ros2_control_node-1] [WARN] [1775517935.157197261] [controller_manager]: Overrun might occur, Total time : 11227.256 us (Expected < 8000.000 us) --> Read time : 64.893 us, Update time : 281.827 us, Write time : 10880.536 us
[ros2_control_node-1] [WARN] [1775517935.157285120] [controller_manager]: Overrun detected! The controller manager missed its desired rate of 125 Hz. The loop took 11.351584 ms (missed cycles : 2).
[ros2_control_node-1] [WARN] [1775517972.306445449] [controller_manager]: Overrun might occur, Total time : 8468.784 us (Expected < 8000.000 us) --> Read time : 60.450 us, Update time : 266.174 us, Write time : 8142.160 us
[ros2_control_node-1] [WARN] [1775517972.306572123] [controller_manager]: Overrun detected! The controller manager missed its desired rate of 125 Hz. The loop took 8.638364 ms (missed cycles : 2).
[ros2_control_node-1] [WARN] [1775517975.978900520] [controller_manager]: Overrun might occur, Total time : 16937.546 us (Expected < 8000.000 us) --> Read time : 57.445 us, Update time : 251.080 us, Write time : 16629.021 us
[ros2_control_node-1] [WARN] [1775517975.978994422] [controller_manager]: Overrun detected! The controller manager missed its desired rate of 125 Hz. The loop took 17.060866 ms (missed cycles : 3).
[ros2_control_node-1] [WARN] [1775517977.820103554] [controller_manager]: Overrun might occur, Total time : 10130.070 us (Expected < 8000.000 us) --> Read time : 62.064 us, Update time : 339.535 us, Write time : 9728.471 us
[ros2_control_node-1] [WARN] [1775517977.820182327] [controller_manager]: Overrun detected! The controller manager missed its desired rate of 125 Hz. The loop took 10.249095 ms (missed cycles : 2).
[ros2_control_node-1] [WARN] [1775517979.042979753] [controller_manager]: Overrun might occur, Total time : 9010.739 us (Expected < 8000.000 us) --> Read time : 69.533 us, Update time : 308.603 us, Write time : 8632.603 us
[ros2_control_node-1] [WARN] [1775517979.043059621] [controller_manager]: Overrun detected! The controller manager missed its desired rate of 125 Hz. The loop took 9.126498 ms (missed cycles : 2).
[ros2_control_node-1] [WARN] [1775517987.868565242] [controller_manager]: Overrun might occur, Total time : 10598.199 us (Expected < 8000.000 us) --> Read time : 71.198 us, Update time : 261.497 us, Write time : 10265.504 us
[ros2_control_node-1] [WARN] [1775517987.868642373] [controller_manager]: Overrun detected! The controller manager missed its desired rate of 125 Hz. The loop took 10.708745 ms (missed cycles : 2).
[ros2_control_node-1] [WARN] [1775517992.774003847] [controller_manager]: Overrun might occur, Total time : 12039.257 us (Expected < 8000.000 us) --> Read time : 56.652 us, Update time : 256.944 us, Write time : 11725.661 us
[ros2_control_node-1] [WARN] [1775517992.774083567] [controller_manager]: Overrun detected! The controller manager missed its desired rate of 125 Hz. The loop took 12.150619 ms (missed cycles : 2).
[ros2_control_node-1] [WARN] [1775517995.166856832] [controller_manager]: Overrun might occur, Total time : 12879.522 us (Expected < 8000.000 us) --> Read time : 73.568 us, Update time : 247.923 us, Write time : 12558.031 us
[ros2_control_node-1] [WARN] [1775517995.166961675] [controller_manager]: Overrun detected! The controller manager missed its desired rate of 125 Hz. The loop took 13.028516 ms (missed cycles : 2).
[ros2_control_node-1] [WARN] [1775517997.204452188] [controller_manager]: Overrun might occur, Total time : 10477.221 us (Expected < 8000.000 us) --> Read time : 57.496 us, Update time : 280.590 us, Write time : 10139.135 us
[ros2_control_node-1] [WARN] [1775517997.204539243] [controller_manager]: Overrun detected! The controller manager missed its desired rate of 125 Hz. The loop took 10.606099 ms (missed cycles : 2).
[ros2_control_node-1] [WARN] [1775518010.475486714] [controller_manager]: Overrun might occur, Total time : 9521.095 us (Expected < 8000.000 us) --> Read time : 46.380 us, Update time : 330.840 us, Write time : 9143.875 us
[ros2_control_node-1] [WARN] [1775518010.475586053] [controller_manager]: Overrun detected! The controller manager missed its desired rate of 125 Hz. The loop took 9.652520 ms (missed cycles : 2).
[ros2_control_node-1] [WARN] [1775518033.788464067] [controller_manager]: Overrun might occur, Total time : 10475.962 us (Expected < 8000.000 us) --> Read time : 58.669 us, Update time : 294.383 us, Write time : 10122.910 us
[ros2_control_node-1] [WARN] [1775518033.788553805] [controller_manager]: Overrun detected! The controller manager missed its desired rate of 125 Hz. The loop took 10.620731 ms (missed cycles : 2).
[ros2_control_node-1] [WARN] [1775518047.876933204] [controller_manager]: Overrun might occur, Total time : 10967.801 us (Expected < 8000.000 us) --> Read time : 51.412 us, Update time : 257.397 us, Write time : 10658.992 us
[ros2_control_node-1] [WARN] [1775518047.877037582] [controller_manager]: Overrun detected! The controller manager missed its desired rate of 125 Hz. The loop took 11.103670 ms (missed cycles : 2).
[ros2_control_node-1] [WARN] [1775518053.746665049] [controller_manager]: Overrun might occur, Total time : 8682.291 us (Expected < 8000.000 us) --> Read time : 79.122 us, Update time : 367.834 us, Write time : 8235.335 us
[ros2_control_node-1] [WARN] [1775518053.746731177] [controller_manager]: Overrun detected! The controller manager missed its desired rate of 125 Hz. The loop took 8.798713 ms (missed cycles : 2).
[ros2_control_node-1] [WARN] [1775518055.100256607] [controller_manager]: Overrun might occur, Total time : 10262.800 us (Expected < 8000.000 us) --> Read time : 132.027 us, Update time : 519.082 us, Write time : 9611.691 us
[ros2_control_node-1] [WARN] [1775518055.100341454] [controller_manager]: Overrun detected! The controller manager missed its desired rate of 125 Hz. The loop took 10.407971 ms (missed cycles : 2).
[ros2_control_node-1] [WARN] [1775518057.717438645] [controller_manager]: Overrun might occur, Total time : 11461.471 us (Expected < 8000.000 us) --> Read time : 60.328 us, Update time : 325.378 us, Write time : 11075.765 us
[ros2_control_node-1] [WARN] [1775518057.717526818] [controller_manager]: Overrun detected! The controller manager missed its desired rate of 125 Hz. The loop took 11.593387 ms (missed cycles : 2).
[ros2_control_node-1] [WARN] [1775518075.946386923] [controller_manager]: Overrun might occur, Total time : 8379.839 us (Expected < 8000.000 us) --> Read time : 67.358 us, Update time : 288.372 us, Write time : 8024.109 us
[ros2_control_node-1] [WARN] [1775518075.946472741] [controller_manager]: Overrun detected! The controller manager missed its desired rate of 125 Hz. The loop took 8.539722 ms (missed cycles : 2).
[ros2_control_node-1] [WARN] [1775518083.473970056] [controller_manager]: Overrun detected! The controller manager missed its desired rate of 125 Hz. The loop took 8.031980 ms (missed cycles : 2).
[ros2_control_node-1] [WARN] [1775518088.380395287] [controller_manager]: Overrun might occur, Total time : 10421.669 us (Expected < 8000.000 us) --> Read time : 69.058 us, Update time : 295.312 us, Write time : 10057.299 us
[ros2_control_node-1] [WARN] [1775518088.380474055] [controller_manager]: Overrun detected! The controller manager missed its desired rate of 125 Hz. The loop took 10.541025 ms (missed cycles : 2).
[ros2_control_node-1] [WARN] [1775518102.434039515] [controller_manager]: Overrun might occur, Total time : 8064.744 us (Expected < 8000.000 us) --> Read time : 72.524 us, Update time : 306.163 us, Write time : 7686.057 us
[ros2_control_node-1] [WARN] [1775518102.434111715] [controller_manager]: Overrun detected! The controller manager missed its desired rate of 125 Hz. The loop took 8.178522 ms (missed cycles : 2).
[ros2_control_node-1] [WARN] [1775518107.885962015] [controller_manager]: Overrun might occur, Total time : 11988.673 us (Expected < 8000.000 us) --> Read time : 57.830 us, Update time : 274.723 us, Write time : 11656.120 us
[ros2_control_node-1] [WARN] [1775518107.886038591] [controller_manager]: Overrun detected! The controller manager missed its desired rate of 125 Hz. The loop took 12.105430 ms (missed cycles : 2).
[ros2_control_node-1] [WARN] [1775518115.165390637] [controller_manager]: Overrun might occur, Total time : 11422.619 us (Expected < 8000.000 us) --> Read time : 58.866 us, Update time : 265.963 us, Write time : 11097.790 us
[ros2_control_node-1] [WARN] [1775518115.165458734] [controller_manager]: Overrun detected! The controller manager missed its desired rate of 125 Hz. The loop took 11.525514 ms (missed cycles : 2).
[ros2_control_node-1] [WARN] [1775518121.060425720] [controller_manager]: Overrun might occur, Total time : 10443.109 us (Expected < 8000.000 us) --> Read time : 69.755 us, Update time : 305.530 us, Write time : 10067.824 us
[ros2_control_node-1] [WARN] [1775518121.060515077] [controller_manager]: Overrun detected! The controller manager missed its desired rate of 125 Hz. The loop took 10.581484 ms (missed cycles : 2).
[ros2_control_node-1] [WARN] [1775518125.003424432] [controller_manager]: Overrun might occur, Total time : 9446.311 us (Expected < 8000.000 us) --> Read time : 55.438 us, Update time : 298.886 us, Write time : 9091.987 us
[ros2_control_node-1] [WARN] [1775518125.003505717] [controller_manager]: Overrun detected! The controller manager missed its desired rate of 125 Hz. The loop took 9.572198 ms (missed cycles : 2).
[ros2_control_node-1] [WARN] [1775518133.722590135] [controller_manager]: Overrun might occur, Total time : 8614.774 us (Expected < 8000.000 us) --> Read time : 64.585 us, Update time : 295.360 us, Write time : 8254.829 us
[ros2_control_node-1] [WARN] [1775518133.722671223] [controller_manager]: Overrun detected! The controller manager missed its desired rate of 125 Hz. The loop took 8.737238 ms (missed cycles : 2).
[ros2_control_node-1] [WARN] [1775518136.283380718] [controller_manager]: Overrun might occur, Total time : 9403.938 us (Expected < 8000.000 us) --> Read time : 63.603 us, Update time : 306.145 us, Write time : 9034.190 us
[ros2_control_node-1] [WARN] [1775518136.283459927] [controller_manager]: Overrun detected! The controller manager missed its desired rate of 125 Hz. The loop took 9.526968 ms (missed cycles : 2).
[ros2_control_node-1] [WARN] [1775518138.450417950] [controller_manager]: Overrun might occur, Total time : 8441.365 us (Expected < 8000.000 us) --> Read time : 71.977 us, Update time : 308.026 us, Write time : 8061.362 us
[ros2_control_node-1] [WARN] [1775518138.450499133] [controller_manager]: Overrun detected! The controller manager missed its desired rate of 125 Hz. The loop took 8.566284 ms (missed cycles : 2).
[ros2_control_node-1] [WARN] [1775518146.333407446] [controller_manager]: Overrun might occur, Total time : 11438.657 us (Expected < 8000.000 us) --> Read time : 51.647 us, Update time : 244.186 us, Write time : 11142.824 us
[ros2_control_node-1] [WARN] [1775518146.333494408] [controller_manager]: Overrun detected! The controller manager missed its desired rate of 125 Hz. The loop took 11.560814 ms (missed cycles : 2).
[ros2_control_node-1] [WARN] [1775518147.394448088] [controller_manager]: Overrun might occur, Total time : 8478.523 us (Expected < 8000.000 us) --> Read time : 57.862 us, Update time : 253.014 us, Write time : 8167.647 us
[ros2_control_node-1] [WARN] [1775518147.394525100] [controller_manager]: Overrun detected! The controller manager missed its desired rate of 125 Hz. The loop took 8.592032 ms (missed cycles : 2).
[ros2_control_node-1] [WARN] [1775518152.819443227] [controller_manager]: Overrun might occur, Total time : 9460.147 us (Expected < 8000.000 us) --> Read time : 73.186 us, Update time : 314.153 us, Write time : 9072.808 us
[ros2_control_node-1] [WARN] [1775518152.819573613] [controller_manager]: Overrun detected! The controller manager missed its desired rate of 125 Hz. The loop took 9.639219 ms (missed cycles : 2).
[ros2_control_node-1] [WARN] [1775518162.902953265] [controller_manager]: Overrun might occur, Total time : 12978.560 us (Expected < 8000.000 us) --> Read time : 70.032 us, Update time : 305.275 us, Write time : 12603.253 us
[ros2_control_node-1] [WARN] [1775518162.903043909] [controller_manager]: Overrun detected! The controller manager missed its desired rate of 125 Hz. The loop took 13.110601 ms (missed cycles : 2).
[ros2_control_node-1] [WARN] [1775518166.954106932] [controller_manager]: Overrun might occur, Total time : 8143.542 us (Expected < 8000.000 us) --> Read time : 55.081 us, Update time : 260.836 us, Write time : 7827.625 us
[ros2_control_node-1] [WARN] [1775518166.954181342] [controller_manager]: Overrun detected! The controller manager missed its desired rate of 125 Hz. The loop took 8.248184 ms (missed cycles : 2).
[ros2_control_node-1] [WARN] [1775518175.155646271] [controller_manager]: Overrun might occur, Total time : 9681.414 us (Expected < 8000.000 us) --> Read time : 57.526 us, Update time : 245.163 us, Write time : 9378.725 us
[ros2_control_node-1] [WARN] [1775518175.155717803] [controller_manager]: Overrun detected! The controller manager missed its desired rate of 125 Hz. The loop took 9.784609 ms (missed cycles : 2).
[ros2_control_node-1] [WARN] [1775518190.932826490] [controller_manager]: Overrun might occur, Total time : 10860.645 us (Expected < 8000.000 us) --> Read time : 52.868 us, Update time : 282.700 us, Write time : 10525.077 us
[ros2_control_node-1] [WARN] [1775518190.932946013] [controller_manager]: Overrun detected! The controller manager missed its desired rate of 125 Hz. The loop took 11.012358 ms (missed cycles : 2).
[ros2_control_node-1] [WARN] [1775518191.954768048] [controller_manager]: Overrun might occur, Total time : 8761.419 us (Expected < 8000.000 us) --> Read time : 100.301 us, Update time : 370.766 us, Write time : 8290.352 us
[ros2_control_node-1] [WARN] [1775518191.954892435] [controller_manager]: Overrun detected! The controller manager missed its desired rate of 125 Hz. The loop took 8.959138 ms (missed cycles : 2).
[ros2_control_node-1] [ERROR] [1775518195.582006815] [KortexMultiInterfaceHardware]: Runtime error: timeout detected: BaseCyclicClient::Refresh
[ros2_control_node-1] 
[ros2_control_node-1] [WARN] [1775518195.582106343] [controller_manager]: Overrun might occur, Total time : 3004140.969 us (Expected < 8000.000 us) --> Read time : 56.634 us, Update time : 276.233 us, Write time : 3003808.102 us
[ros2_control_node-1] [WARN] [1775518195.582163368] [controller_manager]: Overrun detected! The controller manager missed its desired rate of 125 Hz. The loop took 3004.230658 ms (missed cycles : 376).
[ros2_control_node-1] [WARN] [1775518200.018267246] [controller_manager]: Overrun might occur, Total time : 8301.738 us (Expected < 8000.000 us) --> Read time : 57.915 us, Update time : 240.406 us, Write time : 8003.417 us
[ros2_control_node-1] [WARN] [1775518200.018373594] [controller_manager]: Overrun detected! The controller manager missed its desired rate of 125 Hz. The loop took 8.440198 ms (missed cycles : 2).
[ros2_control_node-1] [WARN] [1775518216.791989989] [controller_manager]: Overrun might occur, Total time : 13979.748 us (Expected < 8000.000 us) --> Read time : 103.100 us, Update time : 356.636 us, Write time : 13520.012 us
[ros2_control_node-1] [WARN] [1775518216.792138132] [controller_manager]: Overrun detected! The controller manager missed its desired rate of 125 Hz. The loop took 14.203265 ms (missed cycles : 2).
[ros2_control_node-1] [ERROR] [1775518225.533344881] [KortexMultiInterfaceHardware]: Runtime error: timeout detected: BaseCyclicClient::Refresh
[ros2_control_node-1] 
[ros2_control_node-1] [WARN] [1775518225.533513969] [controller_manager]: Overrun might occur, Total time : 3003533.537 us (Expected < 8000.000 us) --> Read time : 83.500 us, Update time : 372.088 us, Write time : 3003077.949 us
[ros2_control_node-1] [WARN] [1775518225.533608813] [controller_manager]: Overrun detected! The controller manager missed its desired rate of 125 Hz. The loop took 3003.674173 ms (missed cycles : 376).
[ros2_control_node-1] [ERROR] [1775518230.654226021] [KortexMultiInterfaceHardware]: Runtime error: timeout detected: BaseCyclicClient::Refresh
[ros2_control_node-1] 
[ros2_control_node-1] [WARN] [1775518230.654315079] [controller_manager]: Overrun might occur, Total time : 3004322.355 us (Expected < 8000.000 us) --> Read time : 102.779 us, Update time : 392.297 us, Write time : 3003827.279 us
[ros2_control_node-1] [WARN] [1775518230.654380157] [controller_manager]: Overrun detected! The controller manager missed its desired rate of 125 Hz. The loop took 3004.447220 ms (missed cycles : 376).
[ros2_control_node-1] [WARN] [1775518233.083383248] [controller_manager]: Overrun might occur, Total time : 9398.274 us (Expected < 8000.000 us) --> Read time : 64.902 us, Update time : 372.157 us, Write time : 8961.215 us
[ros2_control_node-1] [WARN] [1775518233.083472095] [controller_manager]: Overrun detected! The controller manager missed its desired rate of 125 Hz. The loop took 9.539149 ms (missed cycles : 2).
[ros2_control_node-1] [WARN] [1775518235.135915252] [controller_manager]: Overrun might occur, Total time : 13948.679 us (Expected < 8000.000 us) --> Read time : 69.596 us, Update time : 300.722 us, Write time : 13578.361 us
[ros2_control_node-1] [WARN] [1775518235.135989542] [controller_manager]: Overrun detected! The controller manager missed its desired rate of 125 Hz. The loop took 14.056436 ms (missed cycles : 2).
[ros2_control_node-1] [WARN] [1775518251.484793817] [controller_manager]: Overrun might occur, Total time : 10813.361 us (Expected < 8000.000 us) --> Read time : 69.360 us, Update time : 291.633 us, Write time : 10452.368 us
[ros2_control_node-1] [WARN] [1775518251.484863173] [controller_manager]: Overrun detected! The controller manager missed its desired rate of 125 Hz. The loop took 10.929549 ms (missed cycles : 2).
[ros2_control_node-1] [WARN] [1775518261.658715864] [controller_manager]: Overrun might occur, Total time : 8741.010 us (Expected < 8000.000 us) --> Read time : 60.540 us, Update time : 284.125 us, Write time : 8396.345 us
[ros2_control_node-1] [WARN] [1775518261.658805693] [controller_manager]: Overrun detected! The controller manager missed its desired rate of 125 Hz. The loop took 8.871941 ms (missed cycles : 2).
[ros2_control_node-1] [WARN] [1775518268.594401278] [controller_manager]: Overrun might occur, Total time : 8421.743 us (Expected < 8000.000 us) --> Read time : 74.834 us, Update time : 287.147 us, Write time : 8059.762 us
[ros2_control_node-1] [WARN] [1775518268.594503921] [controller_manager]: Overrun detected! The controller manager missed its desired rate of 125 Hz. The loop took 8.570433 ms (missed cycles : 2).
[ros2_control_node-1] [WARN] [1775518287.806406589] [controller_manager]: Overrun might occur, Total time : 12442.598 us (Expected < 8000.000 us) --> Read time : 55.924 us, Update time : 248.550 us, Write time : 12138.124 us
[ros2_control_node-1] [WARN] [1775518287.806503581] [controller_manager]: Overrun detected! The controller manager missed its desired rate of 125 Hz. The loop took 12.570369 ms (missed cycles : 2).
[ros2_control_node-1] [WARN] [1775518291.642398948] [controller_manager]: Overrun might occur, Total time : 8412.837 us (Expected < 8000.000 us) --> Read time : 82.660 us, Update time : 350.071 us, Write time : 7980.106 us
[ros2_control_node-1] [WARN] [1775518291.642478778] [controller_manager]: Overrun detected! The controller manager missed its desired rate of 125 Hz. The loop took 8.545550 ms (missed cycles : 2).
[ros2_control_node-1] [WARN] [1775518295.149752898] [controller_manager]: Overrun might occur, Total time : 11768.211 us (Expected < 8000.000 us) --> Read time : 135.173 us, Update time : 340.187 us, Write time : 11292.851 us
[ros2_control_node-1] [WARN] [1775518295.149833544] [controller_manager]: Overrun detected! The controller manager missed its desired rate of 125 Hz. The loop took 11.900128 ms (missed cycles : 2).
[ros2_control_node-1] [WARN] [1775518308.532568584] [controller_manager]: Overrun might occur, Total time : 10588.306 us (Expected < 8000.000 us) --> Read time : 53.684 us, Update time : 255.307 us, Write time : 10279.315 us
[ros2_control_node-1] [WARN] [1775518308.532791693] [controller_manager]: Overrun detected! The controller manager missed its desired rate of 125 Hz. The loop took 10.856133 ms (missed cycles : 2).
[ros2_control_node-1] [WARN] [1775518348.115820294] [controller_manager]: Overrun might occur, Total time : 9834.274 us (Expected < 8000.000 us) --> Read time : 58.275 us, Update time : 298.429 us, Write time : 9477.570 us
[ros2_control_node-1] [WARN] [1775518348.115907968] [controller_manager]: Overrun detected! The controller manager missed its desired rate of 125 Hz. The loop took 9.974477 ms (missed cycles : 2).
[ros2_control_node-1] [WARN] [1775518351.347072898] [controller_manager]: Overrun might occur, Total time : 9107.578 us (Expected < 8000.000 us) --> Read time : 59.133 us, Update time : 293.389 us, Write time : 8755.056 us
[ros2_control_node-1] [WARN] [1775518351.347154321] [controller_manager]: Overrun detected! The controller manager missed its desired rate of 125 Hz. The loop took 9.221016 ms (missed cycles : 2).
[ros2_control_node-1] [WARN] [1775518355.189905028] [controller_manager]: Overrun might occur, Total time : 11938.496 us (Expected < 8000.000 us) --> Read time : 60.837 us, Update time : 301.058 us, Write time : 11576.601 us
[ros2_control_node-1] [WARN] [1775518355.189966813] [controller_manager]: Overrun detected! The controller manager missed its desired rate of 125 Hz. The loop took 12.034440 ms (missed cycles : 2).
[ros2_control_node-1] [WARN] [1775518408.021344974] [controller_manager]: Overrun might occur, Total time : 11350.573 us (Expected < 8000.000 us) --> Read time : 58.310 us, Update time : 291.487 us, Write time : 11000.776 us
[ros2_control_node-1] [WARN] [1775518408.021419362] [controller_manager]: Overrun detected! The controller manager missed its desired rate of 125 Hz. The loop took 11.485964 ms (missed cycles : 2).
[ros2_control_node-1] [WARN] [1775518409.546770365] [controller_manager]: Overrun might occur, Total time : 8797.420 us (Expected < 8000.000 us) --> Read time : 53.069 us, Update time : 265.183 us, Write time : 8479.168 us
[ros2_control_node-1] [WARN] [1775518409.546855289] [controller_manager]: Overrun detected! The controller manager missed its desired rate of 125 Hz. The loop took 8.921997 ms (missed cycles : 2).
[ros2_control_node-1] [WARN] [1775518415.173270303] [controller_manager]: Overrun might occur, Total time : 11298.351 us (Expected < 8000.000 us) --> Read time : 91.830 us, Update time : 283.624 us, Write time : 10922.897 us
[ros2_control_node-1] [WARN] [1775518415.173421208] [controller_manager]: Overrun detected! The controller manager missed its desired rate of 125 Hz. The loop took 11.487082 ms (missed cycles : 2).
[ros2_control_node-1] [WARN] [1775518449.603520838] [controller_manager]: Overrun might occur, Total time : 9542.734 us (Expected < 8000.000 us) --> Read time : 50.715 us, Update time : 284.214 us, Write time : 9207.805 us
[ros2_control_node-1] [WARN] [1775518449.603712160] [controller_manager]: Overrun detected! The controller manager missed its desired rate of 125 Hz. The loop took 9.777318 ms (missed cycles : 2).
[ros2_control_node-1] [WARN] [1775518457.043505111] [controller_manager]: Overrun might occur, Total time : 9507.491 us (Expected < 8000.000 us) --> Read time : 51.485 us, Update time : 251.895 us, Write time : 9204.111 us
[ros2_control_node-1] [WARN] [1775518457.043599044] [controller_manager]: Overrun detected! The controller manager missed its desired rate of 125 Hz. The loop took 9.665454 ms (missed cycles : 2).
[ros2_control_node-1] [WARN] [1775518468.130459351] [controller_manager]: Overrun might occur, Total time : 8494.093 us (Expected < 8000.000 us) --> Read time : 50.382 us, Update time : 228.030 us, Write time : 8215.681 us
[ros2_control_node-1] [WARN] [1775518468.130558688] [controller_manager]: Overrun detected! The controller manager missed its desired rate of 125 Hz. The loop took 8.624556 ms (missed cycles : 2).
