
===== 2026-04-08T14:27:18-04:00 | T2_look_at_table =====
cwd=/home/carrt-cse-project/workspace/ros2_kortex_ws
cmd=ros2 run adl_tasks arm_look_at_table_stub 

[INFO] [1775672840.344887314] [arm_look_at_table_stub_node]: MoveItHelper initialized. joint_state_topic=/joint_states_sanitized (sanitized_expected=True)
[INFO] [1775672840.346240313] [arm_look_at_table_stub_node]: Arm look-at-table stub ready. Waiting for joint states, then sending one motion request.
[WARN] [1775672840.552422787] [arm_look_at_table_stub_node]: Timed out waiting for complete arm joint state from /joint_states_sanitized.
[WARN] [1775672840.810547809] [arm_look_at_table_stub_node]: Timed out waiting for complete arm joint state from /joint_states_sanitized.
[WARN] [1775672841.066683571] [arm_look_at_table_stub_node]: Timed out waiting for complete arm joint state from /joint_states_sanitized.
[WARN] [1775672841.323183653] [arm_look_at_table_stub_node]: Timed out waiting for complete arm joint state from /joint_states_sanitized.
[WARN] [1775672841.576181857] [arm_look_at_table_stub_node]: Timed out waiting for complete arm joint state from /joint_states_sanitized.
[WARN] [1775672841.829721887] [arm_look_at_table_stub_node]: Timed out waiting for complete arm joint state from /joint_states_sanitized.
[WARN] [1775672842.089388359] [arm_look_at_table_stub_node]: Timed out waiting for complete arm joint state from /joint_states_sanitized.
[WARN] [1775672842.341087681] [arm_look_at_table_stub_node]: Timed out waiting for complete arm joint state from /joint_states_sanitized.
[WARN] [1775672842.596383042] [arm_look_at_table_stub_node]: Timed out waiting for complete arm joint state from /joint_states_sanitized.
[WARN] [1775672842.850780278] [arm_look_at_table_stub_node]: Timed out waiting for complete arm joint state from /joint_states_sanitized.
[WARN] [1775672843.105196202] [arm_look_at_table_stub_node]: Timed out waiting for complete arm joint state from /joint_states_sanitized.
[INFO] [1775672843.160988407] [arm_look_at_table_stub_node]: is_near_look_at_table: current arm is not at target (worst=joint_4:0.535 rad > 0.100).
[INFO] [1775672843.162304873] [arm_look_at_table_stub_node]: is_near_look_at_table: current arm is not at target (worst=joint_4:0.535 rad > 0.080).
[INFO] [1775672843.163344068] [arm_look_at_table_stub_node]: look_at_table: planning to LOOK_AT_TABLE_JOINTS.
[INFO] [1775672843.218388623] [arm_look_at_table_stub_node]: Start state: collision-valid — no collisions (not a joint-bounds check).
[INFO] [1775672847.419935893] [arm_look_at_table_stub_node]: Arm look-at-table stub: motion completed successfully.
