
===== 2026-04-08T18:31:56-04:00 | T4_apriltag_vision =====
cwd=/home/carrt-cse-project/workspace/ros2_kortex_ws
cmd=ros2 run adl_tasks vision_apriltag --ros-args -p detector_backend:=opencv -p opencv_pose_solver:=ippe_square -p tag_size_m:=0.025 -p tag_sizes_m_by_id:=0:0.020 -p use_tuned_aruco_parameters:=false -p preprocess_variants:=raw\,clahe\,adaptive\,clahe_sharp\,clahe_up2\,sharp_up2\,clahe_up3\,sharp_up3 -p tile_search_if_empty:=true -p tile_search_grid_x:=4 -p tile_search_grid_y:=3 -p tile_search_scale:=3.0 

[INFO] [1775687517.532453548] [vision_apriltag_node]: Vision AprilTag Node Started
[INFO] [1775687517.534488309] [vision_apriltag_node]: Subscribing to camera topic: /wrist_mounted_camera/image
[INFO] [1775687517.536557224] [vision_apriltag_node]: Subscribing to camera info topic: /wrist_mounted_camera/camera_info
[INFO] [1775687517.538553905] [vision_apriltag_node]: Camera frame: wrist_mounted_camera_color_optical_frame | use_image_header_frame=True
[INFO] [1775687517.540210964] [vision_apriltag_node]: Tag size: 0.025m | pose_cache_retention_s=20.0 | get_pose_wait_timeout_s=5.0 | max_returned_pose_age_s=20.0 | camera_params=[554.25, 554.25, 320.0, 240.0] | families=tag36h11 | quad_decimate=1.0 | requested_backend=opencv | backend=cv2.aruco | opencv_pose_solver=ippe_square | use_image_timestamp_for_tf=False
[INFO] [1775687517.541688501] [vision_apriltag_node]: Top-tag known-plane projection: enabled=True, planes={3: 0.10995, 4: 0.14505}
[INFO] [1775687517.544027391] [vision_apriltag_node]: Tag-specific size overrides active: {0: 0.02}. These are applied to OpenCV PnP pose estimation.
[INFO] [1775687517.546677606] [vision_apriltag_node]: pupil_apriltags tuning: nthreads=1, quad_sigma=0.0, refine_edges=1, decode_sharpening=0.25, debug=0, preprocess_variants=['raw', 'clahe', 'adaptive', 'clahe_sharp', 'clahe_up2', 'sharp_up2', 'clahe_up3', 'sharp_up3'], tile_search_if_empty=True, tile_search_grid=4x3, tile_search_scale=3.0, tile_search_overlap=0.25
[WARN] [1775687517.549172304] [vision_apriltag_node]: pupil_apriltags is not importable by this node, so detection is using OpenCV fallback only. python=/usr/bin/python3, import_error=No module named 'pupil_apriltags'. If .venv contains pupil_apriltags, rebuild adl_tasks with that venv active or run the module with the venv Python.
[INFO] [1775687517.550873056] [vision_apriltag_node]: Publishing AprilTag debug images on /vision_apriltag/debug_image at up to 1.0 Hz.
[WARN] [1775687519.476366727] [vision_apriltag_node]: Vision AprilTag: no images received yet on /wrist_mounted_camera/image.
[INFO] [1775687520.857458301] [vision_apriltag_node]: Vision AprilTag camera model updated from CameraInfo: size=1280x720, fx=920.87, fy=921.57, cx=644.76, cy=343.15, d=[0.0, 0.0, 0.0, 0.0, 0.0]
[INFO] [1775687521.476584280] [vision_apriltag_node]: Vision AprilTag: images are arriving on /wrist_mounted_camera/image, but no AprilTags have been detected yet.
[INFO] [1775687522.201013873] [vision_apriltag_node]: Vision AprilTag detection debug: no tags found after raw/CLAHE/sharp/adaptive/upscaled/tiled passes.
[INFO] [1775687523.329703178] [vision_apriltag_node]: Vision AprilTag visible IDs: [4]
[INFO] [1775687527.416086381] [vision_apriltag_node]: Vision AprilTag detection debug: no tags found after raw/CLAHE/sharp/adaptive/upscaled/tiled passes.
[INFO] [1775687532.076347685] [vision_apriltag_node]: Vision AprilTag: images are arriving, but no AprilTag has been seen for 2.0s.
[INFO] [1775687532.800135214] [vision_apriltag_node]: Vision AprilTag detection debug: no tags found after raw/CLAHE/sharp/adaptive/upscaled/tiled passes.
[INFO] [1775687533.631655611] [vision_apriltag_node]: Vision AprilTag: images are arriving, but no AprilTag has been seen for 3.6s.
[INFO] [1775687534.179421108] [vision_apriltag_node]: Service: Tag 4 found and base-frame pose returned.
[INFO] [1775687536.754973427] [vision_apriltag_node]: Vision AprilTag visible IDs: [3]
[INFO] [1775687536.890205825] [vision_apriltag_node]: Service: Tag 3 found and base-frame pose returned.
[INFO] [1775687537.400697349] [vision_apriltag_node]: Vision AprilTag visible IDs: [4]
[INFO] [1775687538.534002028] [vision_apriltag_node]: Vision AprilTag detection debug: no tags found after raw/CLAHE/sharp/adaptive/upscaled/tiled passes.
[INFO] [1775687543.603813909] [vision_apriltag_node]: Vision AprilTag detection debug: no tags found after raw/CLAHE/sharp/adaptive/upscaled/tiled passes.
[INFO] [1775687547.044349410] [vision_apriltag_node]: Vision AprilTag visible IDs: [3, 4]
[INFO] [1775687548.636409664] [vision_apriltag_node]: Vision AprilTag detection debug: no tags found after raw/CLAHE/sharp/adaptive/upscaled/tiled passes.
[INFO] [1775687549.450411490] [vision_apriltag_node]: Vision AprilTag visible IDs: [4]
[INFO] [1775687553.831635321] [vision_apriltag_node]: Vision AprilTag detection debug: 4:cv2.solvePnP_ippe_square:raw@(615,215)
[INFO] [1775687555.849398575] [vision_apriltag_node]: Vision AprilTag visible IDs: [3]
[INFO] [1775687556.524467382] [vision_apriltag_node]: Vision AprilTag visible IDs: [4]
[INFO] [1775687559.105175183] [vision_apriltag_node]: Vision AprilTag detection debug: no tags found after raw/CLAHE/sharp/adaptive/upscaled/tiled passes.
[INFO] [1775687559.233675949] [vision_apriltag_node]: Vision AprilTag visible IDs: [3]
[INFO] [1775687559.741463259] [vision_apriltag_node]: Vision AprilTag visible IDs: [4]
[INFO] [1775687560.143528426] [vision_apriltag_node]: Vision AprilTag visible IDs: [3]
[INFO] [1775687562.193730763] [vision_apriltag_node]: Vision AprilTag: images are arriving, but no AprilTag has been seen for 2.1s.
[INFO] [1775687562.209027292] [vision_apriltag_node]: Vision AprilTag visible IDs: [4]
[INFO] [1775687562.675325426] [vision_apriltag_node]: Vision AprilTag visible IDs: [3]
[INFO] [1775687562.788393889] [vision_apriltag_node]: Vision AprilTag visible IDs: [4]
[INFO] [1775687564.575331299] [vision_apriltag_node]: Vision AprilTag detection debug: no tags found after raw/CLAHE/sharp/adaptive/upscaled/tiled passes.
[INFO] [1775687568.076717293] [vision_apriltag_node]: Vision AprilTag visible IDs: [3]
[INFO] [1775687570.214895875] [vision_apriltag_node]: Vision AprilTag detection debug: 4:cv2.solvePnP_ippe_square:raw@(615,215)
[INFO] [1775687570.239734871] [vision_apriltag_node]: Vision AprilTag visible IDs: [4]
[INFO] [1775687571.782243391] [vision_apriltag_node]: Vision AprilTag visible IDs: [3]
[INFO] [1775687572.459079147] [vision_apriltag_node]: Vision AprilTag visible IDs: [4]
[INFO] [1775687574.792105185] [vision_apriltag_node]: Vision AprilTag: images are arriving, but no AprilTag has been seen for 2.3s.
[INFO] [1775687575.277954270] [vision_apriltag_node]: Vision AprilTag detection debug: no tags found after raw/CLAHE/sharp/adaptive/upscaled/tiled passes.
[INFO] [1775687575.806561078] [vision_apriltag_node]: Vision AprilTag visible IDs: [3]
[INFO] [1775687576.211272949] [vision_apriltag_node]: Vision AprilTag visible IDs: [4]
[INFO] [1775687577.984830013] [vision_apriltag_node]: Vision AprilTag visible IDs: [3]
[INFO] [1775687578.129771369] [vision_apriltag_node]: Vision AprilTag visible IDs: [4]
[INFO] [1775687580.399129619] [vision_apriltag_node]: Vision AprilTag detection debug: no tags found after raw/CLAHE/sharp/adaptive/upscaled/tiled passes.
[INFO] [1775687580.418157329] [vision_apriltag_node]: Vision AprilTag: images are arriving, but no AprilTag has been seen for 2.3s.
[INFO] [1775687582.366053650] [vision_apriltag_node]: Vision AprilTag: images are arriving, but no AprilTag has been seen for 4.2s.
[INFO] [1775687584.122828281] [vision_apriltag_node]: Vision AprilTag: images are arriving, but no AprilTag has been seen for 6.0s.
[INFO] [1775687585.041752839] [vision_apriltag_node]: Vision AprilTag visible IDs: [3]
[INFO] [1775687585.898576679] [vision_apriltag_node]: Vision AprilTag detection debug: no tags found after raw/CLAHE/sharp/adaptive/upscaled/tiled passes.
[INFO] [1775687587.541999364] [vision_apriltag_node]: Vision AprilTag visible IDs: [4]
[INFO] [1775687587.718273884] [vision_apriltag_node]: Vision AprilTag visible IDs: [3]
[INFO] [1775687588.628863804] [vision_apriltag_node]: Vision AprilTag visible IDs: [4]
[INFO] [1775687591.041450922] [vision_apriltag_node]: Vision AprilTag detection debug: 3:cv2.solvePnP_ippe_square:raw@(728,441)
[INFO] [1775687591.056500386] [vision_apriltag_node]: Vision AprilTag visible IDs: [3]
[INFO] [1775687592.532393565] [vision_apriltag_node]: Vision AprilTag visible IDs: [4]
[INFO] [1775687592.584557419] [vision_apriltag_node]: Vision AprilTag visible IDs: [3]
[INFO] [1775687593.519727774] [vision_apriltag_node]: Vision AprilTag visible IDs: [4]
[INFO] [1775687596.178800421] [vision_apriltag_node]: Vision AprilTag detection debug: no tags found after raw/CLAHE/sharp/adaptive/upscaled/tiled passes.
[INFO] [1775687596.207560573] [vision_apriltag_node]: Vision AprilTag: images are arriving, but no AprilTag has been seen for 2.7s.
[INFO] [1775687596.927048749] [vision_apriltag_node]: Vision AprilTag visible IDs: [3]
[INFO] [1775687599.938180159] [vision_apriltag_node]: Vision AprilTag: images are arriving, but no AprilTag has been seen for 3.0s.
[INFO] [1775687601.450259139] [vision_apriltag_node]: Vision AprilTag detection debug: no tags found after raw/CLAHE/sharp/adaptive/upscaled/tiled passes.
[INFO] [1775687601.669795730] [vision_apriltag_node]: Vision AprilTag: images are arriving, but no AprilTag has been seen for 4.7s.
[INFO] [1775687602.033324549] [vision_apriltag_node]: Vision AprilTag visible IDs: [4]
[INFO] [1775687607.349760657] [vision_apriltag_node]: Vision AprilTag detection debug: no tags found after raw/CLAHE/sharp/adaptive/upscaled/tiled passes.
[INFO] [1775687608.647684066] [vision_apriltag_node]: Vision AprilTag: images are arriving, but no AprilTag has been seen for 2.5s.
[INFO] [1775687609.415599099] [vision_apriltag_node]: Vision AprilTag visible IDs: [3]
[INFO] [1775687611.368735260] [vision_apriltag_node]: Vision AprilTag visible IDs: [4]
[INFO] [1775687612.439896009] [vision_apriltag_node]: Vision AprilTag detection debug: no tags found after raw/CLAHE/sharp/adaptive/upscaled/tiled passes.
[INFO] [1775687615.831692230] [vision_apriltag_node]: Vision AprilTag visible IDs: [3]
[INFO] [1775687617.607375817] [vision_apriltag_node]: Vision AprilTag detection debug: 4:cv2.solvePnP_ippe_square:raw@(615,215)
[INFO] [1775687617.609232717] [vision_apriltag_node]: Vision AprilTag visible IDs: [4]
[INFO] [1775687622.574982578] [vision_apriltag_node]: Vision AprilTag detection debug: no tags found after raw/CLAHE/sharp/adaptive/upscaled/tiled passes.
[INFO] [1775687622.587363003] [vision_apriltag_node]: Vision AprilTag: images are arriving, but no AprilTag has been seen for 4.3s.
[INFO] [1775687623.247282747] [vision_apriltag_node]: Vision AprilTag visible IDs: [3]
[INFO] [1775687623.347479359] [vision_apriltag_node]: Vision AprilTag visible IDs: [4]
[INFO] [1775687626.382199955] [vision_apriltag_node]: Vision AprilTag: images are arriving, but no AprilTag has been seen for 3.0s.
[INFO] [1775687627.927255063] [vision_apriltag_node]: Vision AprilTag detection debug: no tags found after raw/CLAHE/sharp/adaptive/upscaled/tiled passes.
[INFO] [1775687628.062638560] [vision_apriltag_node]: Vision AprilTag: images are arriving, but no AprilTag has been seen for 4.7s.
[INFO] [1775687629.600325391] [vision_apriltag_node]: Vision AprilTag: images are arriving, but no AprilTag has been seen for 6.3s.
[INFO] [1775687631.958857967] [vision_apriltag_node]: Vision AprilTag visible IDs: [3]
[INFO] [1775687632.406578610] [vision_apriltag_node]: Vision AprilTag visible IDs: [4]
[INFO] [1775687633.189479541] [vision_apriltag_node]: Vision AprilTag detection debug: no tags found after raw/CLAHE/sharp/adaptive/upscaled/tiled passes.
[INFO] [1775687636.678679851] [vision_apriltag_node]: Vision AprilTag: images are arriving, but no AprilTag has been seen for 4.1s.
[INFO] [1775687638.780755560] [vision_apriltag_node]: Vision AprilTag detection debug: no tags found after raw/CLAHE/sharp/adaptive/upscaled/tiled passes.
[INFO] [1775687640.317470287] [vision_apriltag_node]: Vision AprilTag: images are arriving, but no AprilTag has been seen for 2.2s.
[INFO] [1775687642.553418464] [vision_apriltag_node]: Vision AprilTag: images are arriving, but no AprilTag has been seen for 4.4s.
[INFO] [1775687644.108259811] [vision_apriltag_node]: Vision AprilTag detection debug: 4:cv2.solvePnP_ippe_square:raw@(615,215)
[INFO] [1775687644.380415243] [vision_apriltag_node]: Vision AprilTag visible IDs: [3]
[INFO] [1775687645.308987891] [vision_apriltag_node]: Vision AprilTag visible IDs: [3, 4]
[INFO] [1775687646.051183809] [vision_apriltag_node]: Vision AprilTag visible IDs: [4]
[INFO] [1775687649.737088586] [vision_apriltag_node]: Vision AprilTag detection debug: no tags found after raw/CLAHE/sharp/adaptive/upscaled/tiled passes.
[INFO] [1775687649.784877254] [vision_apriltag_node]: Vision AprilTag: images are arriving, but no AprilTag has been seen for 2.7s.
[INFO] [1775687656.363196523] [vision_apriltag_node]: Vision AprilTag detection debug: no tags found after raw/CLAHE/sharp/adaptive/upscaled/tiled passes.
[INFO] [1775687656.878618315] [vision_apriltag_node]: Vision AprilTag: images are arriving, but no AprilTag has been seen for 5.3s.
[INFO] [1775687659.496409296] [vision_apriltag_node]: Vision AprilTag visible IDs: [3, 4]
[INFO] [1775687659.510084532] [vision_apriltag_node]: Service: Tag 3 found and base-frame pose returned.
[INFO] [1775687659.852978188] [vision_apriltag_node]: Service: Tag 4 found and base-frame pose returned.
[INFO] [1775687661.876478099] [vision_apriltag_node]: Vision AprilTag detection debug: 3:cv2.solvePnP_ippe_square:raw@(817,459), 4:cv2.solvePnP_ippe_square:raw@(647,133)
[INFO] [1775687667.339264310] [vision_apriltag_node]: Vision AprilTag detection debug: 3:cv2.solvePnP_ippe_square:raw@(817,459), 4:cv2.solvePnP_ippe_square:raw@(647,133)
[INFO] [1775687669.481021648] [vision_apriltag_node]: Vision AprilTag: scene is locked; detection publishing is paused.
[INFO] [1775687671.476010347] [vision_apriltag_node]: Vision AprilTag: scene is locked; detection publishing is paused.
[INFO] [1775687673.476293185] [vision_apriltag_node]: Vision AprilTag: scene is locked; detection publishing is paused.
[INFO] [1775687675.481038607] [vision_apriltag_node]: Vision AprilTag: images are arriving, but no AprilTag has been seen for 6.4s.
[INFO] [1775687675.908586434] [vision_apriltag_node]: Vision AprilTag detection debug: 3:cv2.solvePnP_ippe_square:raw@(708,484), 4:cv2.solvePnP_ippe_square:raw@(605,250)
[INFO] [1775687677.841552335] [vision_apriltag_node]: Vision AprilTag: scene is locked; detection publishing is paused.
[INFO] [1775687679.476812062] [vision_apriltag_node]: Vision AprilTag: scene is locked; detection publishing is paused.
[INFO] [1775687681.477287825] [vision_apriltag_node]: Vision AprilTag: scene is locked; detection publishing is paused.
[INFO] [1775687683.476553168] [vision_apriltag_node]: Vision AprilTag: scene is locked; detection publishing is paused.
[INFO] [1775687685.476174473] [vision_apriltag_node]: Vision AprilTag: scene is locked; detection publishing is paused.
[INFO] [1775687687.488780142] [vision_apriltag_node]: Vision AprilTag: scene is locked; detection publishing is paused.
[INFO] [1775687689.478961113] [vision_apriltag_node]: Vision AprilTag: scene is locked; detection publishing is paused.
[INFO] [1775687691.481019589] [vision_apriltag_node]: Vision AprilTag: scene is locked; detection publishing is paused.
[INFO] [1775687694.045955657] [vision_apriltag_node]: Vision AprilTag detection debug: no tags found after raw/CLAHE/sharp/adaptive/upscaled/tiled passes.
[INFO] [1775687695.123523080] [vision_apriltag_node]: Vision AprilTag: images are arriving, but no AprilTag has been seen for 17.3s.
[INFO] [1775687695.476149337] [vision_apriltag_node]: Vision AprilTag: scene is locked; detection publishing is paused.
[INFO] [1775687697.476926093] [vision_apriltag_node]: Vision AprilTag: scene is locked; detection publishing is paused.
[WARN] [1775687697.481615512] [vision_apriltag_node]: Tag ID 0 did not produce a fresh base_link pose within 5.0s.
[INFO] [1775687698.476686792] [vision_apriltag_node]: Removed stale tag ID 4 from detected tags
[INFO] [1775687698.477644291] [vision_apriltag_node]: Removed stale tag ID 3 from detected tags
[INFO] [1775687699.744779716] [vision_apriltag_node]: Vision AprilTag detection debug: 3:cv2.solvePnP_ippe_square:raw@(709,484), 4:cv2.solvePnP_ippe_square:raw@(605,250)
[INFO] [1775687699.773104927] [vision_apriltag_node]: Vision AprilTag visible IDs: [3, 4]
[INFO] [1775687701.341700039] [vision_apriltag_node]: Service: Tag 3 found and base-frame pose returned.
[INFO] [1775687702.199005175] [vision_apriltag_node]: Vision AprilTag visible IDs: [4]
[INFO] [1775687702.907608368] [vision_apriltag_node]: Vision AprilTag visible IDs: [3, 4]
[INFO] [1775687704.753197412] [vision_apriltag_node]: Vision AprilTag visible IDs: [4]
[INFO] [1775687704.767743479] [vision_apriltag_node]: Service: Tag 4 found and base-frame pose returned.
[INFO] [1775687705.595411251] [vision_apriltag_node]: Vision AprilTag detection debug: 3:cv2.solvePnP_ippe_square:raw@(709,484), 4:cv2.solvePnP_ippe_square:raw@(605,250)
[INFO] [1775687705.608740139] [vision_apriltag_node]: Vision AprilTag visible IDs: [3, 4]
[WARN] [1775687706.965524792] [vision_apriltag_node]: Tag ID 0 did not produce a fresh base_link pose within 5.0s.
[INFO] [1775687706.969892354] [vision_apriltag_node]: Vision AprilTag: scene is locked; detection publishing is paused.
[INFO] [1775687706.974323885] [vision_apriltag_node]: Service: Tag 3 found and base-frame pose returned.
[INFO] [1775687706.981941348] [vision_apriltag_node]: Service: Tag 4 found and base-frame pose returned.
[WARN] [1775687707.963713737] [vision_apriltag_node]: Tag ID 0 did not produce a fresh base_link pose within 5.0s.
[INFO] [1775687707.991480294] [vision_apriltag_node]: Service: Tag 3 found and base-frame pose returned.
[INFO] [1775687708.005567540] [vision_apriltag_node]: Vision AprilTag: scene is locked; detection publishing is paused.
[INFO] [1775687708.009939086] [vision_apriltag_node]: Service: Tag 4 found and base-frame pose returned.
[WARN] [1775687710.624699305] [vision_apriltag_node]: Tag ID 0 did not produce a fresh base_link pose within 5.0s.
[INFO] [1775687710.635548659] [vision_apriltag_node]: Service: Tag 3 found and base-frame pose returned.
[INFO] [1775687710.637622358] [vision_apriltag_node]: Vision AprilTag: scene is locked; detection publishing is paused.
[INFO] [1775687710.642881176] [vision_apriltag_node]: Service: Tag 4 found and base-frame pose returned.
[INFO] [1775687711.475798905] [vision_apriltag_node]: Vision AprilTag: scene is locked; detection publishing is paused.
[WARN] [1775687712.038782916] [vision_apriltag_node]: Tag ID 0 did not produce a fresh base_link pose within 5.0s.
[WARN] [1775687713.059589187] [vision_apriltag_node]: Tag ID 0 did not produce a fresh base_link pose within 5.0s.
[INFO] [1775687713.475811699] [vision_apriltag_node]: Vision AprilTag: scene is locked; detection publishing is paused.
[INFO] [1775687715.475691300] [vision_apriltag_node]: Vision AprilTag: scene is locked; detection publishing is paused.
[INFO] [1775687717.476140845] [vision_apriltag_node]: Vision AprilTag: scene is locked; detection publishing is paused.
[INFO] [1775687719.476436292] [vision_apriltag_node]: Vision AprilTag: scene is locked; detection publishing is paused.
[INFO] [1775687721.477365228] [vision_apriltag_node]: Vision AprilTag: scene is locked; detection publishing is paused.
[INFO] [1775687723.478162111] [vision_apriltag_node]: Vision AprilTag: scene is locked; detection publishing is paused.
[INFO] [1775687725.476337686] [vision_apriltag_node]: Vision AprilTag: scene is locked; detection publishing is paused.
[INFO] [1775687727.476439666] [vision_apriltag_node]: Vision AprilTag: scene is locked; detection publishing is paused.
[INFO] [1775687729.476686061] [vision_apriltag_node]: Vision AprilTag: scene is locked; detection publishing is paused.
[INFO] [1775687731.480084157] [vision_apriltag_node]: Vision AprilTag: scene is locked; detection publishing is paused.
[INFO] [1775687733.475695210] [vision_apriltag_node]: Vision AprilTag: scene is locked; detection publishing is paused.
[INFO] [1775687735.476377049] [vision_apriltag_node]: Vision AprilTag: scene is locked; detection publishing is paused.
[INFO] [1775687737.476395363] [vision_apriltag_node]: Vision AprilTag: scene is locked; detection publishing is paused.
[INFO] [1775687739.476978846] [vision_apriltag_node]: Vision AprilTag: scene is locked; detection publishing is paused.
[INFO] [1775687741.476399013] [vision_apriltag_node]: Vision AprilTag: scene is locked; detection publishing is paused.
[INFO] [1775687743.476433055] [vision_apriltag_node]: Vision AprilTag: scene is locked; detection publishing is paused.
[INFO] [1775687745.479687480] [vision_apriltag_node]: Vision AprilTag: scene is locked; detection publishing is paused.
[INFO] [1775687747.476407474] [vision_apriltag_node]: Vision AprilTag: scene is locked; detection publishing is paused.
[INFO] [1775687749.476183600] [vision_apriltag_node]: Vision AprilTag: scene is locked; detection publishing is paused.
[INFO] [1775687751.476140229] [vision_apriltag_node]: Vision AprilTag: scene is locked; detection publishing is paused.
[INFO] [1775687753.476326058] [vision_apriltag_node]: Vision AprilTag: scene is locked; detection publishing is paused.
[INFO] [1775687755.476354391] [vision_apriltag_node]: Vision AprilTag: scene is locked; detection publishing is paused.
[INFO] [1775687757.077734690] [vision_apriltag_node]: Removed stale tag ID 3 from detected tags
[INFO] [1775687757.078405270] [vision_apriltag_node]: Removed stale tag ID 4 from detected tags
[INFO] [1775687757.485338210] [vision_apriltag_node]: Vision AprilTag: images are arriving, but no AprilTag has been seen for 51.9s.
[INFO] [1775687759.931631719] [vision_apriltag_node]: Vision AprilTag detection debug: no tags found after raw/CLAHE/sharp/adaptive/upscaled/tiled passes.
[WARN] [1775687762.142205363] [vision_apriltag_node]: Vision AprilTag: last image on /wrist_mounted_camera/image arrived 2.2s ago.
[INFO] [1775687764.653936691] [vision_apriltag_node]: Vision AprilTag: scene is locked; detection publishing is paused.
[INFO] [1775687765.175394524] [vision_apriltag_node]: Vision AprilTag detection debug: no tags found after raw/CLAHE/sharp/adaptive/upscaled/tiled passes.
[INFO] [1775687765.476028089] [vision_apriltag_node]: Vision AprilTag: scene is locked; detection publishing is paused.
[INFO] [1775687767.475941223] [vision_apriltag_node]: Vision AprilTag: scene is locked; detection publishing is paused.
[INFO] [1775687769.477063452] [vision_apriltag_node]: Vision AprilTag: scene is locked; detection publishing is paused.
[INFO] [1775687771.476330973] [vision_apriltag_node]: Vision AprilTag: scene is locked; detection publishing is paused.
[INFO] [1775687773.477103172] [vision_apriltag_node]: Vision AprilTag: scene is locked; detection publishing is paused.
[INFO] [1775687775.475998389] [vision_apriltag_node]: Vision AprilTag: scene is locked; detection publishing is paused.
[INFO] [1775687777.477180330] [vision_apriltag_node]: Vision AprilTag: scene is locked; detection publishing is paused.
[INFO] [1775687779.476580392] [vision_apriltag_node]: Vision AprilTag: scene is locked; detection publishing is paused.
[INFO] [1775687781.476236279] [vision_apriltag_node]: Vision AprilTag: scene is locked; detection publishing is paused.
[INFO] [1775687783.476144595] [vision_apriltag_node]: Vision AprilTag: scene is locked; detection publishing is paused.
[INFO] [1775687785.476435131] [vision_apriltag_node]: Vision AprilTag: scene is locked; detection publishing is paused.
[INFO] [1775687787.475631484] [vision_apriltag_node]: Vision AprilTag: scene is locked; detection publishing is paused.
[INFO] [1775687789.476628476] [vision_apriltag_node]: Vision AprilTag: scene is locked; detection publishing is paused.
[INFO] [1775687791.476064946] [vision_apriltag_node]: Vision AprilTag: scene is locked; detection publishing is paused.
[INFO] [1775687793.477104805] [vision_apriltag_node]: Vision AprilTag: scene is locked; detection publishing is paused.
[INFO] [1775687795.476760460] [vision_apriltag_node]: Vision AprilTag: scene is locked; detection publishing is paused.
[INFO] [1775687797.477047078] [vision_apriltag_node]: Vision AprilTag: scene is locked; detection publishing is paused.
[INFO] [1775687799.481505110] [vision_apriltag_node]: Vision AprilTag: scene is locked; detection publishing is paused.
[INFO] [1775687801.476986192] [vision_apriltag_node]: Vision AprilTag: scene is locked; detection publishing is paused.
[INFO] [1775687803.476935940] [vision_apriltag_node]: Vision AprilTag: scene is locked; detection publishing is paused.
[INFO] [1775687805.476707652] [vision_apriltag_node]: Vision AprilTag: scene is locked; detection publishing is paused.
[INFO] [1775687807.476307476] [vision_apriltag_node]: Vision AprilTag: scene is locked; detection publishing is paused.
[INFO] [1775687809.478607718] [vision_apriltag_node]: Vision AprilTag: scene is locked; detection publishing is paused.
[INFO] [1775687811.476337012] [vision_apriltag_node]: Vision AprilTag: scene is locked; detection publishing is paused.
[INFO] [1775687813.480353091] [vision_apriltag_node]: Vision AprilTag: scene is locked; detection publishing is paused.
[INFO] [1775687815.478815237] [vision_apriltag_node]: Vision AprilTag: scene is locked; detection publishing is paused.
[INFO] [1775687817.482258149] [vision_apriltag_node]: Vision AprilTag: scene is locked; detection publishing is paused.
[INFO] [1775687819.481093554] [vision_apriltag_node]: Vision AprilTag: scene is locked; detection publishing is paused.
[INFO] [1775687821.479009890] [vision_apriltag_node]: Vision AprilTag: scene is locked; detection publishing is paused.
[INFO] [1775687823.476346383] [vision_apriltag_node]: Vision AprilTag: scene is locked; detection publishing is paused.
[INFO] [1775687825.476771225] [vision_apriltag_node]: Vision AprilTag: scene is locked; detection publishing is paused.
[INFO] [1775687827.476421981] [vision_apriltag_node]: Vision AprilTag: scene is locked; detection publishing is paused.
[INFO] [1775687829.476835534] [vision_apriltag_node]: Vision AprilTag: scene is locked; detection publishing is paused.
[INFO] [1775687831.476665859] [vision_apriltag_node]: Vision AprilTag: scene is locked; detection publishing is paused.
[INFO] [1775687833.477167404] [vision_apriltag_node]: Vision AprilTag: scene is locked; detection publishing is paused.
[INFO] [1775687835.479386509] [vision_apriltag_node]: Vision AprilTag: scene is locked; detection publishing is paused.
[INFO] [1775687837.477100858] [vision_apriltag_node]: Vision AprilTag: scene is locked; detection publishing is paused.
[INFO] [1775687839.477535096] [vision_apriltag_node]: Vision AprilTag: scene is locked; detection publishing is paused.
[INFO] [1775687841.477769334] [vision_apriltag_node]: Vision AprilTag: scene is locked; detection publishing is paused.
[INFO] [1775687843.476862741] [vision_apriltag_node]: Vision AprilTag: scene is locked; detection publishing is paused.
[INFO] [1775687845.476896551] [vision_apriltag_node]: Vision AprilTag: scene is locked; detection publishing is paused.
[INFO] [1775687847.475995003] [vision_apriltag_node]: Vision AprilTag: scene is locked; detection publishing is paused.
[INFO] [1775687849.475980413] [vision_apriltag_node]: Vision AprilTag: scene is locked; detection publishing is paused.
[INFO] [1775687853.819976484] [vision_apriltag_node]: Vision AprilTag detection debug: no tags found after raw/CLAHE/sharp/adaptive/upscaled/tiled passes.
[WARN] [1775687853.840668877] [vision_apriltag_node]: Vision AprilTag: last image on /wrist_mounted_camera/image arrived 2.5s ago.
[INFO] [1775687857.184483765] [vision_apriltag_node]: Vision AprilTag: images are arriving, but no AprilTag has been seen for 151.6s.
[INFO] [1775687859.726485556] [vision_apriltag_node]: Vision AprilTag detection debug: no tags found after raw/CLAHE/sharp/adaptive/upscaled/tiled passes.
[INFO] [1775687859.744787940] [vision_apriltag_node]: Vision AprilTag: images are arriving, but no AprilTag has been seen for 154.1s.
[INFO] [1775687863.886905002] [vision_apriltag_node]: Vision AprilTag: images are arriving, but no AprilTag has been seen for 158.3s.
[INFO] [1775687864.874034137] [vision_apriltag_node]: Vision AprilTag detection debug: no tags found after raw/CLAHE/sharp/adaptive/upscaled/tiled passes.
[WARN] [1775687868.444016545] [vision_apriltag_node]: Vision AprilTag: last image on /wrist_mounted_camera/image arrived 2.4s ago.
[INFO] [1775687870.241140042] [vision_apriltag_node]: Vision AprilTag detection debug: no tags found after raw/CLAHE/sharp/adaptive/upscaled/tiled passes.
[INFO] [1775687871.405883836] [vision_apriltag_node]: Vision AprilTag: images are arriving, but no AprilTag has been seen for 165.8s.
[INFO] [1775687873.831679068] [vision_apriltag_node]: Vision AprilTag: images are arriving, but no AprilTag has been seen for 168.2s.
[INFO] [1775687876.200029222] [vision_apriltag_node]: Vision AprilTag detection debug: no tags found after raw/CLAHE/sharp/adaptive/upscaled/tiled passes.
[INFO] [1775687876.373175370] [vision_apriltag_node]: Vision AprilTag: images are arriving, but no AprilTag has been seen for 170.8s.
[INFO] [1775687879.488473304] [vision_apriltag_node]: Vision AprilTag: images are arriving, but no AprilTag has been seen for 173.9s.
[INFO] [1775687881.791738837] [vision_apriltag_node]: Vision AprilTag detection debug: no tags found after raw/CLAHE/sharp/adaptive/upscaled/tiled passes.
[INFO] [1775687882.763806894] [vision_apriltag_node]: Vision AprilTag: images are arriving, but no AprilTag has been seen for 177.2s.
[INFO] [1775687885.570406563] [vision_apriltag_node]: Vision AprilTag: images are arriving, but no AprilTag has been seen for 180.0s.
[INFO] [1775687888.362100053] [vision_apriltag_node]: Vision AprilTag detection debug: no tags found after raw/CLAHE/sharp/adaptive/upscaled/tiled passes.
[INFO] [1775687889.974345564] [vision_apriltag_node]: Vision AprilTag: images are arriving, but no AprilTag has been seen for 184.4s.
[INFO] [1775687893.420034122] [vision_apriltag_node]: Vision AprilTag detection debug: no tags found after raw/CLAHE/sharp/adaptive/upscaled/tiled passes.
[INFO] [1775687893.440042432] [vision_apriltag_node]: Vision AprilTag: images are arriving, but no AprilTag has been seen for 187.8s.
[INFO] [1775687895.361625358] [vision_apriltag_node]: Vision AprilTag: images are arriving, but no AprilTag has been seen for 189.8s.
[INFO] [1775687898.519614991] [vision_apriltag_node]: Vision AprilTag detection debug: no tags found after raw/CLAHE/sharp/adaptive/upscaled/tiled passes.
[WARN] [1775687898.552228083] [vision_apriltag_node]: Vision AprilTag: last image on /wrist_mounted_camera/image arrived 2.4s ago.
[INFO] [1775687901.728200606] [vision_apriltag_node]: Vision AprilTag: images are arriving, but no AprilTag has been seen for 196.1s.
[INFO] [1775687903.960423970] [vision_apriltag_node]: Vision AprilTag detection debug: no tags found after raw/CLAHE/sharp/adaptive/upscaled/tiled passes.
[WARN] [1775687906.122799732] [vision_apriltag_node]: Vision AprilTag: last image on /wrist_mounted_camera/image arrived 2.1s ago.
[INFO] [1775687908.333967189] [vision_apriltag_node]: Vision AprilTag: images are arriving, but no AprilTag has been seen for 202.7s.
[INFO] [1775687910.006499016] [vision_apriltag_node]: Vision AprilTag detection debug: no tags found after raw/CLAHE/sharp/adaptive/upscaled/tiled passes.
[WARN] [1775687912.353551028] [vision_apriltag_node]: Vision AprilTag: last image on /wrist_mounted_camera/image arrived 2.3s ago.
[INFO] [1775687915.573367986] [vision_apriltag_node]: Vision AprilTag detection debug: no tags found after raw/CLAHE/sharp/adaptive/upscaled/tiled passes.
[INFO] [1775687916.290846525] [vision_apriltag_node]: Vision AprilTag: images are arriving, but no AprilTag has been seen for 210.7s.
[INFO] [1775687920.348998325] [vision_apriltag_node]: Vision AprilTag: images are arriving, but no AprilTag has been seen for 214.7s.
[INFO] [1775687921.276092430] [vision_apriltag_node]: Vision AprilTag detection debug: no tags found after raw/CLAHE/sharp/adaptive/upscaled/tiled passes.
[INFO] [1775687923.123008097] [vision_apriltag_node]: Vision AprilTag: images are arriving, but no AprilTag has been seen for 217.5s.
[INFO] [1775687926.027769800] [vision_apriltag_node]: Vision AprilTag: images are arriving, but no AprilTag has been seen for 220.4s.
[INFO] [1775687926.978383796] [vision_apriltag_node]: Vision AprilTag detection debug: no tags found after raw/CLAHE/sharp/adaptive/upscaled/tiled passes.
[INFO] [1775687929.144413797] [vision_apriltag_node]: Vision AprilTag: images are arriving, but no AprilTag has been seen for 223.5s.
[INFO] [1775687931.981260174] [vision_apriltag_node]: Vision AprilTag detection debug: no tags found after raw/CLAHE/sharp/adaptive/upscaled/tiled passes.
[WARN] [1775687931.993439648] [vision_apriltag_node]: Vision AprilTag: last image on /wrist_mounted_camera/image arrived 2.2s ago.
[INFO] [1775687934.879176281] [vision_apriltag_node]: Vision AprilTag: images are arriving, but no AprilTag has been seen for 229.3s.
[INFO] [1775687937.678455085] [vision_apriltag_node]: Vision AprilTag detection debug: no tags found after raw/CLAHE/sharp/adaptive/upscaled/tiled passes.
[INFO] [1775687937.705949935] [vision_apriltag_node]: Vision AprilTag: images are arriving, but no AprilTag has been seen for 232.1s.
[INFO] [1775687940.872069936] [vision_apriltag_node]: Vision AprilTag: images are arriving, but no AprilTag has been seen for 235.3s.
[INFO] [1775687943.799445799] [vision_apriltag_node]: Vision AprilTag detection debug: no tags found after raw/CLAHE/sharp/adaptive/upscaled/tiled passes.
[INFO] [1775687944.096917006] [vision_apriltag_node]: Vision AprilTag: images are arriving, but no AprilTag has been seen for 238.5s.
[INFO] [1775687947.235758996] [vision_apriltag_node]: Vision AprilTag: images are arriving, but no AprilTag has been seen for 241.6s.
[INFO] [1775687949.546042939] [vision_apriltag_node]: Vision AprilTag detection debug: no tags found after raw/CLAHE/sharp/adaptive/upscaled/tiled passes.
[INFO] [1775687949.552084792] [vision_apriltag_node]: Vision AprilTag: images are arriving, but no AprilTag has been seen for 244.0s.
[INFO] [1775687954.158477942] [vision_apriltag_node]: Vision AprilTag: images are arriving, but no AprilTag has been seen for 248.6s.
[INFO] [1775687955.785399353] [vision_apriltag_node]: Vision AprilTag detection debug: no tags found after raw/CLAHE/sharp/adaptive/upscaled/tiled passes.
[INFO] [1775687955.823491535] [vision_apriltag_node]: Vision AprilTag: images are arriving, but no AprilTag has been seen for 250.2s.
[INFO] [1775687959.838349810] [vision_apriltag_node]: Vision AprilTag: images are arriving, but no AprilTag has been seen for 254.2s.
[INFO] [1775687961.323774964] [vision_apriltag_node]: Vision AprilTag detection debug: no tags found after raw/CLAHE/sharp/adaptive/upscaled/tiled passes.
[INFO] [1775687964.420585029] [vision_apriltag_node]: Vision AprilTag: images are arriving, but no AprilTag has been seen for 258.8s.
[INFO] [1775687967.444857173] [vision_apriltag_node]: Vision AprilTag detection debug: no tags found after raw/CLAHE/sharp/adaptive/upscaled/tiled passes.
[INFO] [1775687967.964283278] [vision_apriltag_node]: Vision AprilTag: images are arriving, but no AprilTag has been seen for 262.4s.
[INFO] [1775687972.183741997] [vision_apriltag_node]: Vision AprilTag: images are arriving, but no AprilTag has been seen for 266.6s.
[INFO] [1775687972.575852861] [vision_apriltag_node]: Vision AprilTag detection debug: no tags found after raw/CLAHE/sharp/adaptive/upscaled/tiled passes.
[INFO] [1775687975.417076655] [vision_apriltag_node]: Vision AprilTag: images are arriving, but no AprilTag has been seen for 269.8s.
[INFO] [1775687979.049847122] [vision_apriltag_node]: Vision AprilTag detection debug: no tags found after raw/CLAHE/sharp/adaptive/upscaled/tiled passes.
[WARN] [1775687979.062377038] [vision_apriltag_node]: Vision AprilTag: last image on /wrist_mounted_camera/image arrived 3.4s ago.
[INFO] [1775687982.123385423] [vision_apriltag_node]: Vision AprilTag: images are arriving, but no AprilTag has been seen for 276.5s.
[INFO] [1775687985.387857653] [vision_apriltag_node]: Vision AprilTag detection debug: no tags found after raw/CLAHE/sharp/adaptive/upscaled/tiled passes.
[INFO] [1775687985.418095408] [vision_apriltag_node]: Vision AprilTag: images are arriving, but no AprilTag has been seen for 279.8s.
[INFO] [1775687987.968249188] [vision_apriltag_node]: Vision AprilTag: images are arriving, but no AprilTag has been seen for 282.4s.
[INFO] [1775687991.618166741] [vision_apriltag_node]: Vision AprilTag detection debug: no tags found after raw/CLAHE/sharp/adaptive/upscaled/tiled passes.
[INFO] [1775687991.670077098] [vision_apriltag_node]: Vision AprilTag: images are arriving, but no AprilTag has been seen for 286.1s.
[INFO] [1775687995.073573034] [vision_apriltag_node]: Vision AprilTag: images are arriving, but no AprilTag has been seen for 289.5s.
[INFO] [1775687997.203842629] [vision_apriltag_node]: Vision AprilTag detection debug: no tags found after raw/CLAHE/sharp/adaptive/upscaled/tiled passes.
[INFO] [1775687997.212153707] [vision_apriltag_node]: Vision AprilTag: images are arriving, but no AprilTag has been seen for 291.6s.
[INFO] [1775688000.342399022] [vision_apriltag_node]: Vision AprilTag: images are arriving, but no AprilTag has been seen for 294.7s.
[INFO] [1775688003.867673773] [vision_apriltag_node]: Vision AprilTag detection debug: no tags found after raw/CLAHE/sharp/adaptive/upscaled/tiled passes.
[INFO] [1775688004.496779506] [vision_apriltag_node]: Vision AprilTag: images are arriving, but no AprilTag has been seen for 298.9s.
[INFO] [1775688008.019481540] [vision_apriltag_node]: Vision AprilTag: images are arriving, but no AprilTag has been seen for 302.4s.
[INFO] [1775688009.040288885] [vision_apriltag_node]: Vision AprilTag detection debug: no tags found after raw/CLAHE/sharp/adaptive/upscaled/tiled passes.
[INFO] [1775688011.848685235] [vision_apriltag_node]: Vision AprilTag: images are arriving, but no AprilTag has been seen for 306.2s.
[INFO] [1775688014.397165212] [vision_apriltag_node]: Vision AprilTag detection debug: no tags found after raw/CLAHE/sharp/adaptive/upscaled/tiled passes.
[INFO] [1775688015.847633203] [vision_apriltag_node]: Vision AprilTag: images are arriving, but no AprilTag has been seen for 310.2s.
[INFO] [1775688019.357465300] [vision_apriltag_node]: Vision AprilTag: images are arriving, but no AprilTag has been seen for 313.7s.
[INFO] [1775688021.293142616] [vision_apriltag_node]: Vision AprilTag detection debug: no tags found after raw/CLAHE/sharp/adaptive/upscaled/tiled passes.
[INFO] [1775688022.636697296] [vision_apriltag_node]: Vision AprilTag: images are arriving, but no AprilTag has been seen for 317.0s.
[INFO] [1775688025.510890827] [vision_apriltag_node]: Vision AprilTag: images are arriving, but no AprilTag has been seen for 319.9s.
[INFO] [1775688028.174965514] [vision_apriltag_node]: Vision AprilTag detection debug: no tags found after raw/CLAHE/sharp/adaptive/upscaled/tiled passes.
[INFO] [1775688028.474176505] [vision_apriltag_node]: Vision AprilTag: images are arriving, but no AprilTag has been seen for 322.9s.
[INFO] [1775688032.079110518] [vision_apriltag_node]: Vision AprilTag: images are arriving, but no AprilTag has been seen for 326.5s.
[INFO] [1775688035.295691490] [vision_apriltag_node]: Vision AprilTag detection debug: no tags found after raw/CLAHE/sharp/adaptive/upscaled/tiled passes.
[INFO] [1775688035.304972193] [vision_apriltag_node]: Vision AprilTag: images are arriving, but no AprilTag has been seen for 329.7s.
[WARN] [1775688037.936490826] [vision_apriltag_node]: Vision AprilTag: last image on /wrist_mounted_camera/image arrived 2.0s ago.
[INFO] [1775688041.423260989] [vision_apriltag_node]: Vision AprilTag detection debug: no tags found after raw/CLAHE/sharp/adaptive/upscaled/tiled passes.
[INFO] [1775688041.446644873] [vision_apriltag_node]: Vision AprilTag: images are arriving, but no AprilTag has been seen for 335.8s.
[WARN] [1775688044.099560756] [vision_apriltag_node]: Vision AprilTag: last image on /wrist_mounted_camera/image arrived 2.2s ago.
[INFO] [1775688047.214530918] [vision_apriltag_node]: Vision AprilTag detection debug: no tags found after raw/CLAHE/sharp/adaptive/upscaled/tiled passes.
[INFO] [1775688047.953677256] [vision_apriltag_node]: Vision AprilTag: images are arriving, but no AprilTag has been seen for 342.4s.
[INFO] [1775688051.395686593] [vision_apriltag_node]: Vision AprilTag: images are arriving, but no AprilTag has been seen for 345.8s.
[INFO] [1775688053.916143943] [vision_apriltag_node]: Vision AprilTag detection debug: no tags found after raw/CLAHE/sharp/adaptive/upscaled/tiled passes.
[INFO] [1775688054.412040645] [vision_apriltag_node]: Vision AprilTag: images are arriving, but no AprilTag has been seen for 348.8s.
[INFO] [1775688059.219487910] [vision_apriltag_node]: Vision AprilTag detection debug: no tags found after raw/CLAHE/sharp/adaptive/upscaled/tiled passes.
[WARN] [1775688059.242240859] [vision_apriltag_node]: Vision AprilTag: last image on /wrist_mounted_camera/image arrived 2.7s ago.
[WARN] [1775688062.096259514] [vision_apriltag_node]: Vision AprilTag: last image on /wrist_mounted_camera/image arrived 2.6s ago.
[INFO] [1775688065.219851186] [vision_apriltag_node]: Vision AprilTag detection debug: no tags found after raw/CLAHE/sharp/adaptive/upscaled/tiled passes.
[INFO] [1775688065.688977626] [vision_apriltag_node]: Vision AprilTag: images are arriving, but no AprilTag has been seen for 360.1s.
[INFO] [1775688069.114286371] [vision_apriltag_node]: Vision AprilTag: images are arriving, but no AprilTag has been seen for 363.5s.
[INFO] [1775688070.959130833] [vision_apriltag_node]: Vision AprilTag detection debug: no tags found after raw/CLAHE/sharp/adaptive/upscaled/tiled passes.
[INFO] [1775688072.805497474] [vision_apriltag_node]: Vision AprilTag: images are arriving, but no AprilTag has been seen for 367.2s.
[INFO] [1775688075.485370763] [vision_apriltag_node]: Vision AprilTag: images are arriving, but no AprilTag has been seen for 369.9s.
[INFO] [1775688076.878920910] [vision_apriltag_node]: Vision AprilTag detection debug: no tags found after raw/CLAHE/sharp/adaptive/upscaled/tiled passes.
[INFO] [1775688078.594739226] [vision_apriltag_node]: Vision AprilTag: images are arriving, but no AprilTag has been seen for 373.0s.
[INFO] [1775688081.106051074] [vision_apriltag_node]: Vision AprilTag: images are arriving, but no AprilTag has been seen for 375.5s.
[INFO] [1775688082.246487213] [vision_apriltag_node]: Vision AprilTag detection debug: no tags found after raw/CLAHE/sharp/adaptive/upscaled/tiled passes.
[WARN] [1775688084.291088050] [vision_apriltag_node]: Vision AprilTag: last image on /wrist_mounted_camera/image arrived 2.0s ago.
[INFO] [1775688087.396882463] [vision_apriltag_node]: Vision AprilTag detection debug: no tags found after raw/CLAHE/sharp/adaptive/upscaled/tiled passes.
[INFO] [1775688088.039852136] [vision_apriltag_node]: Vision AprilTag: images are arriving, but no AprilTag has been seen for 382.4s.
[INFO] [1775688090.160639173] [vision_apriltag_node]: Vision AprilTag: images are arriving, but no AprilTag has been seen for 384.6s.
[INFO] [1775688092.667185387] [vision_apriltag_node]: Vision AprilTag detection debug: no tags found after raw/CLAHE/sharp/adaptive/upscaled/tiled passes.
[INFO] [1775688092.669097310] [vision_apriltag_node]: Vision AprilTag: images are arriving, but no AprilTag has been seen for 387.1s.
[INFO] [1775688095.537111110] [vision_apriltag_node]: Vision AprilTag: images are arriving, but no AprilTag has been seen for 389.9s.
[INFO] [1775688097.946313733] [vision_apriltag_node]: Vision AprilTag detection debug: no tags found after raw/CLAHE/sharp/adaptive/upscaled/tiled passes.
[INFO] [1775688098.408909002] [vision_apriltag_node]: Vision AprilTag: images are arriving, but no AprilTag has been seen for 392.8s.
[INFO] [1775688101.462143889] [vision_apriltag_node]: Vision AprilTag: images are arriving, but no AprilTag has been seen for 395.9s.
[INFO] [1775688104.237565810] [vision_apriltag_node]: Vision AprilTag detection debug: no tags found after raw/CLAHE/sharp/adaptive/upscaled/tiled passes.
[WARN] [1775688104.252619151] [vision_apriltag_node]: Vision AprilTag: last image on /wrist_mounted_camera/image arrived 2.2s ago.
[WARN] [1775688107.835254510] [vision_apriltag_node]: Vision AprilTag: last image on /wrist_mounted_camera/image arrived 2.2s ago.
[INFO] [1775688111.416902784] [vision_apriltag_node]: Vision AprilTag detection debug: no tags found after raw/CLAHE/sharp/adaptive/upscaled/tiled passes.
[INFO] [1775688111.464916663] [vision_apriltag_node]: Vision AprilTag: images are arriving, but no AprilTag has been seen for 405.9s.
[WARN] [1775688114.469736684] [vision_apriltag_node]: Vision AprilTag: last image on /wrist_mounted_camera/image arrived 2.4s ago.
[INFO] [1775688117.324684867] [vision_apriltag_node]: Vision AprilTag detection debug: no tags found after raw/CLAHE/sharp/adaptive/upscaled/tiled passes.
[INFO] [1775688118.384871558] [vision_apriltag_node]: Vision AprilTag: images are arriving, but no AprilTag has been seen for 412.8s.
[INFO] [1775688121.042341294] [vision_apriltag_node]: Vision AprilTag: images are arriving, but no AprilTag has been seen for 415.4s.
[INFO] [1775688123.785895234] [vision_apriltag_node]: Vision AprilTag detection debug: no tags found after raw/CLAHE/sharp/adaptive/upscaled/tiled passes.
[WARN] [1775688123.796144432] [vision_apriltag_node]: Vision AprilTag: last image on /wrist_mounted_camera/image arrived 2.3s ago.
[INFO] [1775688127.152806662] [vision_apriltag_node]: Vision AprilTag: images are arriving, but no AprilTag has been seen for 421.6s.
[INFO] [1775688129.066023158] [vision_apriltag_node]: Vision AprilTag detection debug: no tags found after raw/CLAHE/sharp/adaptive/upscaled/tiled passes.
[INFO] [1775688129.084090169] [vision_apriltag_node]: Vision AprilTag: images are arriving, but no AprilTag has been seen for 423.5s.
[INFO] [1775688131.121906661] [vision_apriltag_node]: Vision AprilTag: images are arriving, but no AprilTag has been seen for 425.5s.
[INFO] [1775688132.814366707] [vision_apriltag_node]: Vision AprilTag: images are arriving, but no AprilTag has been seen for 427.2s.
[INFO] [1775688135.884432033] [vision_apriltag_node]: Vision AprilTag detection debug: no tags found after raw/CLAHE/sharp/adaptive/upscaled/tiled passes.
[WARN] [1775688135.909105810] [vision_apriltag_node]: Vision AprilTag: last image on /wrist_mounted_camera/image arrived 2.2s ago.
[INFO] [1775688137.938017275] [vision_apriltag_node]: Vision AprilTag: images are arriving, but no AprilTag has been seen for 432.3s.
[INFO] [1775688140.902059014] [vision_apriltag_node]: Vision AprilTag detection debug: no tags found after raw/CLAHE/sharp/adaptive/upscaled/tiled passes.
[INFO] [1775688140.973631586] [vision_apriltag_node]: Vision AprilTag: images are arriving, but no AprilTag has been seen for 435.4s.
[WARN] [1775688144.710508208] [vision_apriltag_node]: Vision AprilTag: last image on /wrist_mounted_camera/image arrived 2.9s ago.
[INFO] [1775688147.177568603] [vision_apriltag_node]: Vision AprilTag detection debug: no tags found after raw/CLAHE/sharp/adaptive/upscaled/tiled passes.
[INFO] [1775688147.555058432] [vision_apriltag_node]: Vision AprilTag: images are arriving, but no AprilTag has been seen for 442.0s.
[INFO] [1775688150.475383820] [vision_apriltag_node]: Vision AprilTag: images are arriving, but no AprilTag has been seen for 444.9s.
[INFO] [1775688152.437314921] [vision_apriltag_node]: Vision AprilTag detection debug: no tags found after raw/CLAHE/sharp/adaptive/upscaled/tiled passes.
[INFO] [1775688152.622706663] [vision_apriltag_node]: Vision AprilTag: images are arriving, but no AprilTag has been seen for 447.0s.
[INFO] [1775688155.246986112] [vision_apriltag_node]: Vision AprilTag: images are arriving, but no AprilTag has been seen for 449.6s.
[INFO] [1775688157.605135504] [vision_apriltag_node]: Vision AprilTag detection debug: no tags found after raw/CLAHE/sharp/adaptive/upscaled/tiled passes.
[INFO] [1775688157.610566018] [vision_apriltag_node]: Vision AprilTag: images are arriving, but no AprilTag has been seen for 452.0s.
[INFO] [1775688161.493447895] [vision_apriltag_node]: Vision AprilTag: images are arriving, but no AprilTag has been seen for 455.9s.
[INFO] [1775688164.169999166] [vision_apriltag_node]: Vision AprilTag detection debug: no tags found after raw/CLAHE/sharp/adaptive/upscaled/tiled passes.
[INFO] [1775688164.553333552] [vision_apriltag_node]: Vision AprilTag: images are arriving, but no AprilTag has been seen for 459.0s.
[INFO] [1775688167.806470454] [vision_apriltag_node]: Vision AprilTag: images are arriving, but no AprilTag has been seen for 462.2s.
[INFO] [1775688170.948919239] [vision_apriltag_node]: Vision AprilTag detection debug: no tags found after raw/CLAHE/sharp/adaptive/upscaled/tiled passes.
[INFO] [1775688171.144326002] [vision_apriltag_node]: Vision AprilTag: images are arriving, but no AprilTag has been seen for 465.5s.
[INFO] [1775688173.386207746] [vision_apriltag_node]: Vision AprilTag: images are arriving, but no AprilTag has been seen for 467.8s.
[INFO] [1775688176.299573548] [vision_apriltag_node]: Vision AprilTag detection debug: no tags found after raw/CLAHE/sharp/adaptive/upscaled/tiled passes.
[WARN] [1775688176.317647460] [vision_apriltag_node]: Vision AprilTag: last image on /wrist_mounted_camera/image arrived 2.0s ago.
[INFO] [1775688179.127778532] [vision_apriltag_node]: Vision AprilTag: images are arriving, but no AprilTag has been seen for 473.5s.
[INFO] [1775688181.376730941] [vision_apriltag_node]: Vision AprilTag detection debug: no tags found after raw/CLAHE/sharp/adaptive/upscaled/tiled passes.
[INFO] [1775688181.378570126] [vision_apriltag_node]: Vision AprilTag: images are arriving, but no AprilTag has been seen for 475.8s.
[INFO] [1775688183.669693609] [vision_apriltag_node]: Vision AprilTag: images are arriving, but no AprilTag has been seen for 478.1s.
[INFO] [1775688187.071115246] [vision_apriltag_node]: Vision AprilTag detection debug: no tags found after raw/CLAHE/sharp/adaptive/upscaled/tiled passes.
[INFO] [1775688187.092323836] [vision_apriltag_node]: Vision AprilTag: images are arriving, but no AprilTag has been seen for 481.5s.
[INFO] [1775688189.839920301] [vision_apriltag_node]: Vision AprilTag: images are arriving, but no AprilTag has been seen for 484.2s.
[INFO] [1775688191.831059503] [vision_apriltag_node]: Vision AprilTag: images are arriving, but no AprilTag has been seen for 486.2s.
[INFO] [1775688192.321943553] [vision_apriltag_node]: Vision AprilTag detection debug: no tags found after raw/CLAHE/sharp/adaptive/upscaled/tiled passes.
[INFO] [1775688194.834670091] [vision_apriltag_node]: Vision AprilTag: images are arriving, but no AprilTag has been seen for 489.2s.
[INFO] [1775688197.080926145] [vision_apriltag_node]: Vision AprilTag: images are arriving, but no AprilTag has been seen for 491.5s.
[INFO] [1775688198.721319673] [vision_apriltag_node]: Vision AprilTag detection debug: no tags found after raw/CLAHE/sharp/adaptive/upscaled/tiled passes.
[INFO] [1775688200.171974527] [vision_apriltag_node]: Vision AprilTag: images are arriving, but no AprilTag has been seen for 494.6s.
[INFO] [1775688202.710106628] [vision_apriltag_node]: Vision AprilTag: images are arriving, but no AprilTag has been seen for 497.1s.
[INFO] [1775688204.450365392] [vision_apriltag_node]: Vision AprilTag detection debug: no tags found after raw/CLAHE/sharp/adaptive/upscaled/tiled passes.
[INFO] [1775688204.455541681] [vision_apriltag_node]: Vision AprilTag: images are arriving, but no AprilTag has been seen for 498.9s.
[INFO] [1775688207.488275956] [vision_apriltag_node]: Vision AprilTag: images are arriving, but no AprilTag has been seen for 501.9s.
[INFO] [1775688211.347133666] [vision_apriltag_node]: Vision AprilTag detection debug: no tags found after raw/CLAHE/sharp/adaptive/upscaled/tiled passes.
[INFO] [1775688211.372607644] [vision_apriltag_node]: Vision AprilTag: images are arriving, but no AprilTag has been seen for 505.8s.
[WARN] [1775688214.332451707] [vision_apriltag_node]: Vision AprilTag: last image on /wrist_mounted_camera/image arrived 2.3s ago.
[INFO] [1775688216.657107677] [vision_apriltag_node]: Vision AprilTag detection debug: no tags found after raw/CLAHE/sharp/adaptive/upscaled/tiled passes.
[INFO] [1775688218.414014607] [vision_apriltag_node]: Vision AprilTag: images are arriving, but no AprilTag has been seen for 512.8s.
[INFO] [1775688221.396839071] [vision_apriltag_node]: Vision AprilTag: images are arriving, but no AprilTag has been seen for 515.8s.
[INFO] [1775688222.872388567] [vision_apriltag_node]: Vision AprilTag detection debug: no tags found after raw/CLAHE/sharp/adaptive/upscaled/tiled passes.
[INFO] [1775688223.786556749] [vision_apriltag_node]: Vision AprilTag: images are arriving, but no AprilTag has been seen for 518.2s.
[INFO] [1775688226.312215327] [vision_apriltag_node]: Vision AprilTag: images are arriving, but no AprilTag has been seen for 520.7s.
[INFO] [1775688229.213973290] [vision_apriltag_node]: Vision AprilTag detection debug: no tags found after raw/CLAHE/sharp/adaptive/upscaled/tiled passes.
[INFO] [1775688229.343618510] [vision_apriltag_node]: Vision AprilTag: images are arriving, but no AprilTag has been seen for 523.7s.
[INFO] [1775688232.674272713] [vision_apriltag_node]: Vision AprilTag: images are arriving, but no AprilTag has been seen for 527.1s.
[INFO] [1775688235.169833955] [vision_apriltag_node]: Vision AprilTag detection debug: no tags found after raw/CLAHE/sharp/adaptive/upscaled/tiled passes.
[INFO] [1775688235.828249165] [vision_apriltag_node]: Vision AprilTag: images are arriving, but no AprilTag has been seen for 530.2s.
[INFO] [1775688239.520943362] [vision_apriltag_node]: Vision AprilTag: images are arriving, but no AprilTag has been seen for 533.9s.
[INFO] [1775688240.276863735] [vision_apriltag_node]: Vision AprilTag detection debug: no tags found after raw/CLAHE/sharp/adaptive/upscaled/tiled passes.
[INFO] [1775688243.089838906] [vision_apriltag_node]: Vision AprilTag: images are arriving, but no AprilTag has been seen for 537.5s.
[INFO] [1775688244.409493849] [vision_apriltag_node]: Vision AprilTag: images are arriving, but no AprilTag has been seen for 538.8s.
[INFO] [1775688245.308873309] [vision_apriltag_node]: Vision AprilTag detection debug: no tags found after raw/CLAHE/sharp/adaptive/upscaled/tiled passes.
[INFO] [1775688246.704576954] [vision_apriltag_node]: Vision AprilTag: images are arriving, but no AprilTag has been seen for 541.1s.
