
===== 2026-04-08T18:32:09-04:00 | T5_scene_from_vision =====
cwd=/home/carrt-cse-project/workspace/ros2_kortex_ws
cmd=ros2 run adl_tasks scene_from_vision --ros-args -p scan_prune_unseen_objects:=true -p scan_duration_s:=10.0 

[INFO] [1775687531.802578349] [scene_from_vision_node]: Scene From Vision Node Started
[INFO] [1775687531.889166649] [scene_from_vision_node]: SceneFromVision: Updating planning scene. Tracking 5 object shape(s). memory_mode=True, scan_duration_s=10.0, scan_min_samples=3, scan_prune_unseen_objects=True, continuous_scene_updates=False, latch_first_detection_updates=True, log_object_pose_debug=False, apply_planning_scene_service_updates=True, publish_monitored_planning_scene_updates=True, side_viewpoint=wrist_mounted_camera_color_optical_frame->base_link, reject_table_objects_outside_bounds=False.
[INFO] [1775687531.890910596] [scene_from_vision_node]: SceneFromVision calibration: xy_offset=(-0.228, 0.004), z_offset=0.000, yaw_deg=4.00, xy_scale=1.3370, clamp_table_objects_to_table_bounds=False, table_bounds_margin_m=0.030.
[INFO] [1775687531.892959512] [scene_from_vision_node]: SceneFromVision object offsets: remote_axis=y, remote_tag_to_center_sign=-1.0, remote_tag_from_end_m=0.020, cube_tag_to_center=(0.000, 0.000), cube_world_offset=(0.000, -0.022), cube_yaw_offset_deg=0.0, medication_face_to_center_m=0.030, cup_face_to_center_m=0.037.
[INFO] [1775687534.185032417] [scene_from_vision_node]: Latched first detection for tag ID 4 into scene memory.
[INFO] [1775687534.392641820] [scene_from_vision_node]: Published obj_4 (new) at x=0.642, y=0.061, z=0.117, yaw=+0.2deg
[INFO] [1775687534.410372580] [scene_from_vision_node]: /apply_planning_scene accepted dynamic scene updates; MoveIt should mirror these objects to RViz.
[INFO] [1775687536.893335854] [scene_from_vision_node]: Published obj_4 (heartbeat) at x=0.642, y=0.061, z=0.117, yaw=+0.2deg
[INFO] [1775687536.895929776] [scene_from_vision_node]: Latched first detection for tag ID 3 into scene memory.
[INFO] [1775687537.389869977] [scene_from_vision_node]: Published obj_3 (new) at x=0.586, y=0.016, z=0.099, yaw=+91.1deg
[INFO] [1775687538.894406024] [scene_from_vision_node]: Published obj_4 (heartbeat) at x=0.642, y=0.061, z=0.117, yaw=+0.2deg
[INFO] [1775687539.894997811] [scene_from_vision_node]: Published obj_3 (heartbeat) at x=0.586, y=0.016, z=0.099, yaw=+91.1deg
[INFO] [1775687541.393173473] [scene_from_vision_node]: Published obj_4 (heartbeat) at x=0.642, y=0.061, z=0.117, yaw=+0.2deg
[INFO] [1775687541.892477604] [scene_from_vision_node]: Published obj_3 (heartbeat) at x=0.586, y=0.016, z=0.099, yaw=+91.1deg
[INFO] [1775687543.891272544] [scene_from_vision_node]: Published obj_4 (heartbeat) at x=0.642, y=0.061, z=0.117, yaw=+0.2deg
[INFO] [1775687544.390709466] [scene_from_vision_node]: Published obj_3 (heartbeat) at x=0.586, y=0.016, z=0.099, yaw=+91.1deg
[INFO] [1775687545.900925270] [scene_from_vision_node]: Published obj_4 (heartbeat) at x=0.642, y=0.061, z=0.117, yaw=+0.2deg
[INFO] [1775687546.398012317] [scene_from_vision_node]: Published obj_3 (heartbeat) at x=0.586, y=0.016, z=0.099, yaw=+91.1deg
[INFO] [1775687548.389097183] [scene_from_vision_node]: Published obj_4 (heartbeat) at x=0.642, y=0.061, z=0.117, yaw=+0.2deg
[INFO] [1775687548.890771389] [scene_from_vision_node]: Published obj_3 (heartbeat) at x=0.586, y=0.016, z=0.099, yaw=+91.1deg
[INFO] [1775687550.394165758] [scene_from_vision_node]: Published obj_4 (heartbeat) at x=0.642, y=0.061, z=0.117, yaw=+0.2deg
[INFO] [1775687550.895790891] [scene_from_vision_node]: Published obj_3 (heartbeat) at x=0.586, y=0.016, z=0.099, yaw=+91.1deg
[INFO] [1775687552.891465445] [scene_from_vision_node]: Published obj_4 (heartbeat) at x=0.642, y=0.061, z=0.117, yaw=+0.2deg
[INFO] [1775687553.391736385] [scene_from_vision_node]: Published obj_3 (heartbeat) at x=0.586, y=0.016, z=0.099, yaw=+91.1deg
[INFO] [1775687555.391949529] [scene_from_vision_node]: Published obj_3 (heartbeat) at x=0.586, y=0.016, z=0.099, yaw=+91.1deg
[INFO] [1775687555.393951499] [scene_from_vision_node]: Published obj_4 (heartbeat) at x=0.642, y=0.061, z=0.117, yaw=+0.2deg
[INFO] [1775687557.889816197] [scene_from_vision_node]: Published obj_3 (heartbeat) at x=0.586, y=0.016, z=0.099, yaw=+91.1deg
[INFO] [1775687557.892598083] [scene_from_vision_node]: Published obj_4 (heartbeat) at x=0.642, y=0.061, z=0.117, yaw=+0.2deg
[INFO] [1775687559.896184173] [scene_from_vision_node]: Published obj_3 (heartbeat) at x=0.586, y=0.016, z=0.099, yaw=+91.1deg
[INFO] [1775687559.900126723] [scene_from_vision_node]: Published obj_4 (heartbeat) at x=0.642, y=0.061, z=0.117, yaw=+0.2deg
[INFO] [1775687562.393168757] [scene_from_vision_node]: Published obj_3 (heartbeat) at x=0.586, y=0.016, z=0.099, yaw=+91.1deg
[INFO] [1775687562.395892191] [scene_from_vision_node]: Published obj_4 (heartbeat) at x=0.642, y=0.061, z=0.117, yaw=+0.2deg
[INFO] [1775687564.393628546] [scene_from_vision_node]: Published obj_3 (heartbeat) at x=0.586, y=0.016, z=0.099, yaw=+91.1deg
[INFO] [1775687564.407194455] [scene_from_vision_node]: Published obj_4 (heartbeat) at x=0.642, y=0.061, z=0.117, yaw=+0.2deg
[INFO] [1775687566.891003502] [scene_from_vision_node]: Published obj_3 (heartbeat) at x=0.586, y=0.016, z=0.099, yaw=+91.1deg
[INFO] [1775687566.892633827] [scene_from_vision_node]: Published obj_4 (heartbeat) at x=0.642, y=0.061, z=0.117, yaw=+0.2deg
[INFO] [1775687568.894866062] [scene_from_vision_node]: Published obj_3 (heartbeat) at x=0.586, y=0.016, z=0.099, yaw=+91.1deg
[INFO] [1775687568.896449252] [scene_from_vision_node]: Published obj_4 (heartbeat) at x=0.642, y=0.061, z=0.117, yaw=+0.2deg
[INFO] [1775687571.389686091] [scene_from_vision_node]: Published obj_3 (heartbeat) at x=0.586, y=0.016, z=0.099, yaw=+91.1deg
[INFO] [1775687571.395037328] [scene_from_vision_node]: Published obj_4 (heartbeat) at x=0.642, y=0.061, z=0.117, yaw=+0.2deg
[INFO] [1775687573.394129775] [scene_from_vision_node]: Published obj_3 (heartbeat) at x=0.586, y=0.016, z=0.099, yaw=+91.1deg
[INFO] [1775687573.395600553] [scene_from_vision_node]: Published obj_4 (heartbeat) at x=0.642, y=0.061, z=0.117, yaw=+0.2deg
[INFO] [1775687575.896821075] [scene_from_vision_node]: Published obj_3 (heartbeat) at x=0.586, y=0.016, z=0.099, yaw=+91.1deg
[INFO] [1775687575.898988203] [scene_from_vision_node]: Published obj_4 (heartbeat) at x=0.642, y=0.061, z=0.117, yaw=+0.2deg
[INFO] [1775687577.892195580] [scene_from_vision_node]: Published obj_3 (heartbeat) at x=0.586, y=0.016, z=0.099, yaw=+91.1deg
[INFO] [1775687577.897045012] [scene_from_vision_node]: Published obj_4 (heartbeat) at x=0.642, y=0.061, z=0.117, yaw=+0.2deg
[INFO] [1775687580.391067168] [scene_from_vision_node]: Published obj_3 (heartbeat) at x=0.586, y=0.016, z=0.099, yaw=+91.1deg
[INFO] [1775687580.392727793] [scene_from_vision_node]: Published obj_4 (heartbeat) at x=0.642, y=0.061, z=0.117, yaw=+0.2deg
[INFO] [1775687582.393455033] [scene_from_vision_node]: Published obj_3 (heartbeat) at x=0.586, y=0.016, z=0.099, yaw=+91.1deg
[INFO] [1775687582.395088256] [scene_from_vision_node]: Published obj_4 (heartbeat) at x=0.642, y=0.061, z=0.117, yaw=+0.2deg
[INFO] [1775687584.399211291] [scene_from_vision_node]: Published obj_3 (heartbeat) at x=0.586, y=0.016, z=0.099, yaw=+91.1deg
[INFO] [1775687584.422158785] [scene_from_vision_node]: Published obj_4 (heartbeat) at x=0.642, y=0.061, z=0.117, yaw=+0.2deg
[INFO] [1775687586.890325327] [scene_from_vision_node]: Published obj_3 (heartbeat) at x=0.586, y=0.016, z=0.099, yaw=+91.1deg
[INFO] [1775687586.893093554] [scene_from_vision_node]: Published obj_4 (heartbeat) at x=0.642, y=0.061, z=0.117, yaw=+0.2deg
[INFO] [1775687588.893903135] [scene_from_vision_node]: Published obj_3 (heartbeat) at x=0.586, y=0.016, z=0.099, yaw=+91.1deg
[INFO] [1775687588.895442497] [scene_from_vision_node]: Published obj_4 (heartbeat) at x=0.642, y=0.061, z=0.117, yaw=+0.2deg
[INFO] [1775687591.391634268] [scene_from_vision_node]: Published obj_3 (heartbeat) at x=0.586, y=0.016, z=0.099, yaw=+91.1deg
[INFO] [1775687591.393619336] [scene_from_vision_node]: Published obj_4 (heartbeat) at x=0.642, y=0.061, z=0.117, yaw=+0.2deg
[INFO] [1775687593.889975953] [scene_from_vision_node]: Published obj_3 (heartbeat) at x=0.586, y=0.016, z=0.099, yaw=+91.1deg
[INFO] [1775687593.897978372] [scene_from_vision_node]: Published obj_4 (heartbeat) at x=0.642, y=0.061, z=0.117, yaw=+0.2deg
[INFO] [1775687595.892126432] [scene_from_vision_node]: Published obj_3 (heartbeat) at x=0.586, y=0.016, z=0.099, yaw=+91.1deg
[INFO] [1775687595.896443126] [scene_from_vision_node]: Published obj_4 (heartbeat) at x=0.642, y=0.061, z=0.117, yaw=+0.2deg
[INFO] [1775687598.392248363] [scene_from_vision_node]: Published obj_3 (heartbeat) at x=0.586, y=0.016, z=0.099, yaw=+91.1deg
[INFO] [1775687598.393919672] [scene_from_vision_node]: Published obj_4 (heartbeat) at x=0.642, y=0.061, z=0.117, yaw=+0.2deg
[INFO] [1775687600.396742123] [scene_from_vision_node]: Published obj_3 (heartbeat) at x=0.586, y=0.016, z=0.099, yaw=+91.1deg
[INFO] [1775687600.398190953] [scene_from_vision_node]: Published obj_4 (heartbeat) at x=0.642, y=0.061, z=0.117, yaw=+0.2deg
[INFO] [1775687602.891181189] [scene_from_vision_node]: Published obj_3 (heartbeat) at x=0.586, y=0.016, z=0.099, yaw=+91.1deg
[INFO] [1775687602.897713790] [scene_from_vision_node]: Published obj_4 (heartbeat) at x=0.642, y=0.061, z=0.117, yaw=+0.2deg
[INFO] [1775687604.907880144] [scene_from_vision_node]: Published obj_3 (heartbeat) at x=0.586, y=0.016, z=0.099, yaw=+91.1deg
[INFO] [1775687604.910070704] [scene_from_vision_node]: Published obj_4 (heartbeat) at x=0.642, y=0.061, z=0.117, yaw=+0.2deg
[INFO] [1775687607.391091810] [scene_from_vision_node]: Published obj_3 (heartbeat) at x=0.586, y=0.016, z=0.099, yaw=+91.1deg
[INFO] [1775687607.394324076] [scene_from_vision_node]: Published obj_4 (heartbeat) at x=0.642, y=0.061, z=0.117, yaw=+0.2deg
[INFO] [1775687609.397147562] [scene_from_vision_node]: Published obj_3 (heartbeat) at x=0.586, y=0.016, z=0.099, yaw=+91.1deg
[INFO] [1775687609.401394284] [scene_from_vision_node]: Published obj_4 (heartbeat) at x=0.642, y=0.061, z=0.117, yaw=+0.2deg
[INFO] [1775687611.900286786] [scene_from_vision_node]: Published obj_3 (heartbeat) at x=0.586, y=0.016, z=0.099, yaw=+91.1deg
[INFO] [1775687611.906283804] [scene_from_vision_node]: Published obj_4 (heartbeat) at x=0.642, y=0.061, z=0.117, yaw=+0.2deg
[INFO] [1775687614.394632854] [scene_from_vision_node]: Published obj_3 (heartbeat) at x=0.586, y=0.016, z=0.099, yaw=+91.1deg
[INFO] [1775687614.396214749] [scene_from_vision_node]: Published obj_4 (heartbeat) at x=0.642, y=0.061, z=0.117, yaw=+0.2deg
[INFO] [1775687616.392181538] [scene_from_vision_node]: Published obj_3 (heartbeat) at x=0.586, y=0.016, z=0.099, yaw=+91.1deg
[INFO] [1775687616.393665518] [scene_from_vision_node]: Published obj_4 (heartbeat) at x=0.642, y=0.061, z=0.117, yaw=+0.2deg
[INFO] [1775687618.391817520] [scene_from_vision_node]: Published obj_3 (heartbeat) at x=0.586, y=0.016, z=0.099, yaw=+91.1deg
[INFO] [1775687618.394300002] [scene_from_vision_node]: Published obj_4 (heartbeat) at x=0.642, y=0.061, z=0.117, yaw=+0.2deg
[INFO] [1775687620.893858133] [scene_from_vision_node]: Published obj_3 (heartbeat) at x=0.586, y=0.016, z=0.099, yaw=+91.1deg
[INFO] [1775687620.895453415] [scene_from_vision_node]: Published obj_4 (heartbeat) at x=0.642, y=0.061, z=0.117, yaw=+0.2deg
[INFO] [1775687622.894382412] [scene_from_vision_node]: Published obj_3 (heartbeat) at x=0.586, y=0.016, z=0.099, yaw=+91.1deg
[INFO] [1775687622.898883692] [scene_from_vision_node]: Published obj_4 (heartbeat) at x=0.642, y=0.061, z=0.117, yaw=+0.2deg
[INFO] [1775687625.390478939] [scene_from_vision_node]: Published obj_3 (heartbeat) at x=0.586, y=0.016, z=0.099, yaw=+91.1deg
[INFO] [1775687625.396018328] [scene_from_vision_node]: Published obj_4 (heartbeat) at x=0.642, y=0.061, z=0.117, yaw=+0.2deg
[INFO] [1775687627.393771971] [scene_from_vision_node]: Published obj_3 (heartbeat) at x=0.586, y=0.016, z=0.099, yaw=+91.1deg
[INFO] [1775687627.396197583] [scene_from_vision_node]: Published obj_4 (heartbeat) at x=0.642, y=0.061, z=0.117, yaw=+0.2deg
[INFO] [1775687629.891238822] [scene_from_vision_node]: Published obj_3 (heartbeat) at x=0.586, y=0.016, z=0.099, yaw=+91.1deg
[INFO] [1775687629.892782683] [scene_from_vision_node]: Published obj_4 (heartbeat) at x=0.642, y=0.061, z=0.117, yaw=+0.2deg
[INFO] [1775687631.896688408] [scene_from_vision_node]: Published obj_3 (heartbeat) at x=0.586, y=0.016, z=0.099, yaw=+91.1deg
[INFO] [1775687631.898776302] [scene_from_vision_node]: Published obj_4 (heartbeat) at x=0.642, y=0.061, z=0.117, yaw=+0.2deg
[INFO] [1775687633.894109875] [scene_from_vision_node]: Published obj_3 (heartbeat) at x=0.586, y=0.016, z=0.099, yaw=+91.1deg
[INFO] [1775687633.895632695] [scene_from_vision_node]: Published obj_4 (heartbeat) at x=0.642, y=0.061, z=0.117, yaw=+0.2deg
[INFO] [1775687636.395551465] [scene_from_vision_node]: Published obj_3 (heartbeat) at x=0.586, y=0.016, z=0.099, yaw=+91.1deg
[INFO] [1775687636.397017811] [scene_from_vision_node]: Published obj_4 (heartbeat) at x=0.642, y=0.061, z=0.117, yaw=+0.2deg
[INFO] [1775687638.896290746] [scene_from_vision_node]: Published obj_3 (heartbeat) at x=0.586, y=0.016, z=0.099, yaw=+91.1deg
[INFO] [1775687638.900852130] [scene_from_vision_node]: Published obj_4 (heartbeat) at x=0.642, y=0.061, z=0.117, yaw=+0.2deg
[INFO] [1775687641.391533231] [scene_from_vision_node]: Published obj_3 (heartbeat) at x=0.586, y=0.016, z=0.099, yaw=+91.1deg
[INFO] [1775687641.393342952] [scene_from_vision_node]: Published obj_4 (heartbeat) at x=0.642, y=0.061, z=0.117, yaw=+0.2deg
[INFO] [1775687643.391649650] [scene_from_vision_node]: Published obj_3 (heartbeat) at x=0.586, y=0.016, z=0.099, yaw=+91.1deg
[INFO] [1775687643.393141601] [scene_from_vision_node]: Published obj_4 (heartbeat) at x=0.642, y=0.061, z=0.117, yaw=+0.2deg
[INFO] [1775687645.889927602] [scene_from_vision_node]: Published obj_3 (heartbeat) at x=0.586, y=0.016, z=0.099, yaw=+91.1deg
[INFO] [1775687645.891572760] [scene_from_vision_node]: Published obj_4 (heartbeat) at x=0.642, y=0.061, z=0.117, yaw=+0.2deg
[INFO] [1775687647.892513768] [scene_from_vision_node]: Published obj_3 (heartbeat) at x=0.586, y=0.016, z=0.099, yaw=+91.1deg
[INFO] [1775687647.897184472] [scene_from_vision_node]: Published obj_4 (heartbeat) at x=0.642, y=0.061, z=0.117, yaw=+0.2deg
[INFO] [1775687649.892854908] [scene_from_vision_node]: Published obj_3 (heartbeat) at x=0.586, y=0.016, z=0.099, yaw=+91.1deg
[INFO] [1775687649.894808412] [scene_from_vision_node]: Published obj_4 (heartbeat) at x=0.642, y=0.061, z=0.117, yaw=+0.2deg
[INFO] [1775687651.899515632] [scene_from_vision_node]: Published obj_3 (heartbeat) at x=0.586, y=0.016, z=0.099, yaw=+91.1deg
[INFO] [1775687651.902389735] [scene_from_vision_node]: Published obj_4 (heartbeat) at x=0.642, y=0.061, z=0.117, yaw=+0.2deg
[INFO] [1775687653.902526257] [scene_from_vision_node]: Published obj_3 (heartbeat) at x=0.586, y=0.016, z=0.099, yaw=+91.1deg
[INFO] [1775687653.938279593] [scene_from_vision_node]: Published obj_4 (heartbeat) at x=0.642, y=0.061, z=0.117, yaw=+0.2deg
[INFO] [1775687655.920649962] [scene_from_vision_node]: Published obj_3 (heartbeat) at x=0.586, y=0.016, z=0.099, yaw=+91.1deg
[INFO] [1775687655.944767587] [scene_from_vision_node]: Published obj_4 (heartbeat) at x=0.642, y=0.061, z=0.117, yaw=+0.2deg
[INFO] [1775687658.408798843] [scene_from_vision_node]: Published obj_3 (heartbeat) at x=0.586, y=0.016, z=0.099, yaw=+91.1deg
[INFO] [1775687658.437268215] [scene_from_vision_node]: Published obj_4 (heartbeat) at x=0.642, y=0.061, z=0.117, yaw=+0.2deg
[INFO] [1775687660.901081738] [scene_from_vision_node]: Published obj_3 (heartbeat) at x=0.586, y=0.016, z=0.099, yaw=+91.1deg
[INFO] [1775687660.904770234] [scene_from_vision_node]: Published obj_4 (heartbeat) at x=0.642, y=0.061, z=0.117, yaw=+0.2deg
[INFO] [1775687662.905054915] [scene_from_vision_node]: Published obj_3 (heartbeat) at x=0.586, y=0.016, z=0.099, yaw=+91.1deg
[INFO] [1775687662.908862681] [scene_from_vision_node]: Published obj_4 (heartbeat) at x=0.642, y=0.061, z=0.117, yaw=+0.2deg
[INFO] [1775687665.391531602] [scene_from_vision_node]: Published obj_3 (heartbeat) at x=0.586, y=0.016, z=0.099, yaw=+91.1deg
[INFO] [1775687665.394020298] [scene_from_vision_node]: Published obj_4 (heartbeat) at x=0.642, y=0.061, z=0.117, yaw=+0.2deg
[INFO] [1775687667.399455282] [scene_from_vision_node]: Published obj_3 (heartbeat) at x=0.586, y=0.016, z=0.099, yaw=+91.1deg
[INFO] [1775687667.407034701] [scene_from_vision_node]: Published obj_4 (heartbeat) at x=0.642, y=0.061, z=0.117, yaw=+0.2deg
[INFO] [1775687667.555572144] [scene_from_vision_node]: Scene LOCKED - updates paused.
[INFO] [1775687675.065095809] [scene_from_vision_node]: Scene UNLOCKED - updates resuming.
[INFO] [1775687675.410607987] [scene_from_vision_node]: Published obj_3 (heartbeat) at x=0.586, y=0.016, z=0.099, yaw=+91.1deg
[INFO] [1775687675.412045715] [scene_from_vision_node]: Published obj_4 (heartbeat) at x=0.642, y=0.061, z=0.117, yaw=+0.2deg
[INFO] [1775687676.732474928] [scene_from_vision_node]: Scene LOCKED - updates paused.
[INFO] [1775687692.122880980] [scene_from_vision_node]: Scene UNLOCKED - updates resuming.
[INFO] [1775687692.390526981] [scene_from_vision_node]: Published obj_3 (heartbeat) at x=0.586, y=0.016, z=0.099, yaw=+91.1deg
[INFO] [1775687692.395013176] [scene_from_vision_node]: Published obj_4 (heartbeat) at x=0.642, y=0.061, z=0.117, yaw=+0.2deg
[INFO] [1775687693.782412836] [scene_from_vision_node]: Scene LOCKED - updates paused.
[INFO] [1775687698.451368495] [scene_from_vision_node]: Scene UNLOCKED - updates resuming.
[INFO] [1775687698.902296916] [scene_from_vision_node]: Published obj_3 (heartbeat) at x=0.586, y=0.016, z=0.099, yaw=+91.1deg
[INFO] [1775687698.903818202] [scene_from_vision_node]: Published obj_4 (heartbeat) at x=0.642, y=0.061, z=0.117, yaw=+0.2deg
[INFO] [1775687700.125212354] [scene_from_vision_node]: Scene UNLOCKED - updates resuming.
[INFO] [1775687700.267398255] [scene_from_vision_node]: Scene scan started for 10.0s. Visible detections will be sampled, filtered, and committed at scan end.
[INFO] [1775687700.899453995] [scene_from_vision_node]: Published obj_3 (heartbeat) at x=0.586, y=0.016, z=0.099, yaw=+91.1deg
[INFO] [1775687700.912072308] [scene_from_vision_node]: Published obj_4 (heartbeat) at x=0.642, y=0.061, z=0.117, yaw=+0.2deg
[INFO] [1775687702.992775125] [scene_from_vision_node]: Published obj_3 (heartbeat) at x=0.586, y=0.016, z=0.099, yaw=+91.1deg
[INFO] [1775687703.006186362] [scene_from_vision_node]: Published obj_4 (heartbeat) at x=0.642, y=0.061, z=0.117, yaw=+0.2deg
[INFO] [1775687704.055389877] [scene_from_vision_node]: Scene LOCKED - updates paused.
[INFO] [1775687704.256088348] [scene_from_vision_node]: Scene LOCKED - updates paused.
[INFO] [1775687710.293972645] [scene_from_vision_node]: Scan committed tag 0: raw=6, accepted=6, rejected=0, median tag pose x=0.831, y=-0.072, z=0.163. object center x=0.831, y=-0.072, z=-0.332, yaw=+0.0deg.
[INFO] [1775687710.308641497] [scene_from_vision_node]: Scan committed tag 3: raw=6, accepted=6, rejected=0, median tag pose x=0.522, y=-0.009, z=0.110. object center x=0.589, y=-0.010, z=0.099, yaw=+89.3deg. table_delta x=-0.093, y=-0.010.
[INFO] [1775687710.319356950] [scene_from_vision_node]: Scan committed tag 4: raw=6, accepted=6, rejected=0, median tag pose x=0.724, y=0.094, z=0.145. object center x=0.724, y=0.072, z=0.117, yaw=+1.8deg. table_delta x=+0.043, y=+0.072.
[INFO] [1775687710.321552891] [scene_from_vision_node]: Scene scan complete. Remembered object IDs: [0, 3, 4]
[INFO] [1775687757.034128483] [scene_from_vision_node]: Scene UNLOCKED - updates resuming.
[INFO] [1775687757.390018256] [scene_from_vision_node]: Published obj_0 (new) at x=0.831, y=-0.072, z=-0.332, yaw=+0.0deg
[INFO] [1775687757.399749173] [scene_from_vision_node]: Published obj_3 (pose_update) at x=0.589, y=-0.010, z=0.099, yaw=+89.3deg
[INFO] [1775687757.404450876] [scene_from_vision_node]: Published obj_4 (pose_update) at x=0.724, y=0.072, z=0.117, yaw=+1.8deg
[INFO] [1775687759.390387026] [scene_from_vision_node]: Published obj_0 (heartbeat) at x=0.831, y=-0.072, z=-0.332, yaw=+0.0deg
[INFO] [1775687759.402380752] [scene_from_vision_node]: Published obj_3 (heartbeat) at x=0.589, y=-0.010, z=0.099, yaw=+89.3deg
[INFO] [1775687759.404313375] [scene_from_vision_node]: Published obj_4 (heartbeat) at x=0.724, y=0.072, z=0.117, yaw=+1.8deg
[INFO] [1775687761.395867686] [scene_from_vision_node]: Published obj_0 (heartbeat) at x=0.831, y=-0.072, z=-0.332, yaw=+0.0deg
[INFO] [1775687761.408685263] [scene_from_vision_node]: Published obj_3 (heartbeat) at x=0.589, y=-0.010, z=0.099, yaw=+89.3deg
[INFO] [1775687761.423803617] [scene_from_vision_node]: Published obj_4 (heartbeat) at x=0.724, y=0.072, z=0.117, yaw=+1.8deg
[INFO] [1775687762.379780204] [scene_from_vision_node]: Scene LOCKED - updates paused.
[INFO] [1775687762.586426922] [scene_from_vision_node]: Scene LOCKED - updates paused.
[INFO] [1775687809.382604491] [scene_from_vision_node]: Marked tag ID 3 as picked.
[WARN] [1775687809.402322888] [scene_from_vision_node]: /apply_planning_scene rejected picked cleanup for tag 3.
[INFO] [1775687847.574031807] [scene_from_vision_node]: Marked tag ID 3 as placed at destination. Removing synthetic placed-scene objects instead of publishing.
[WARN] [1775687847.583038236] [scene_from_vision_node]: /apply_planning_scene rejected picked cleanup for tag 3.
[INFO] [1775687850.884309346] [scene_from_vision_node]: Scene UNLOCKED - updates resuming.
[INFO] [1775687850.893033089] [scene_from_vision_node]: Published obj_0 (heartbeat) at x=0.831, y=-0.072, z=-0.332, yaw=+0.0deg
[INFO] [1775687850.895122915] [scene_from_vision_node]: Published obj_4 (heartbeat) at x=0.724, y=0.072, z=0.117, yaw=+1.8deg
[INFO] [1775687852.904711880] [scene_from_vision_node]: Published obj_0 (heartbeat) at x=0.831, y=-0.072, z=-0.332, yaw=+0.0deg
[INFO] [1775687852.915785109] [scene_from_vision_node]: Published obj_4 (heartbeat) at x=0.724, y=0.072, z=0.117, yaw=+1.8deg
[INFO] [1775687855.396691488] [scene_from_vision_node]: Published obj_0 (heartbeat) at x=0.831, y=-0.072, z=-0.332, yaw=+0.0deg
[INFO] [1775687855.398809170] [scene_from_vision_node]: Published obj_4 (heartbeat) at x=0.724, y=0.072, z=0.117, yaw=+1.8deg
[INFO] [1775687857.398876716] [scene_from_vision_node]: Published obj_0 (heartbeat) at x=0.831, y=-0.072, z=-0.332, yaw=+0.0deg
[INFO] [1775687857.402796994] [scene_from_vision_node]: Published obj_4 (heartbeat) at x=0.724, y=0.072, z=0.117, yaw=+1.8deg
[INFO] [1775687859.891269150] [scene_from_vision_node]: Published obj_0 (heartbeat) at x=0.831, y=-0.072, z=-0.332, yaw=+0.0deg
[INFO] [1775687859.896826561] [scene_from_vision_node]: Published obj_4 (heartbeat) at x=0.724, y=0.072, z=0.117, yaw=+1.8deg
[INFO] [1775687861.906480929] [scene_from_vision_node]: Published obj_0 (heartbeat) at x=0.831, y=-0.072, z=-0.332, yaw=+0.0deg
[INFO] [1775687861.914317223] [scene_from_vision_node]: Published obj_4 (heartbeat) at x=0.724, y=0.072, z=0.117, yaw=+1.8deg
[INFO] [1775687864.390309630] [scene_from_vision_node]: Published obj_0 (heartbeat) at x=0.831, y=-0.072, z=-0.332, yaw=+0.0deg
[INFO] [1775687864.401763409] [scene_from_vision_node]: Published obj_4 (heartbeat) at x=0.724, y=0.072, z=0.117, yaw=+1.8deg
[INFO] [1775687866.393722184] [scene_from_vision_node]: Published obj_0 (heartbeat) at x=0.831, y=-0.072, z=-0.332, yaw=+0.0deg
[INFO] [1775687866.404189101] [scene_from_vision_node]: Published obj_4 (heartbeat) at x=0.724, y=0.072, z=0.117, yaw=+1.8deg
[INFO] [1775687868.396887411] [scene_from_vision_node]: Published obj_0 (heartbeat) at x=0.831, y=-0.072, z=-0.332, yaw=+0.0deg
[INFO] [1775687868.403114370] [scene_from_vision_node]: Published obj_4 (heartbeat) at x=0.724, y=0.072, z=0.117, yaw=+1.8deg
[INFO] [1775687870.393270782] [scene_from_vision_node]: Published obj_0 (heartbeat) at x=0.831, y=-0.072, z=-0.332, yaw=+0.0deg
[INFO] [1775687870.399474522] [scene_from_vision_node]: Published obj_4 (heartbeat) at x=0.724, y=0.072, z=0.117, yaw=+1.8deg
[INFO] [1775687872.394420124] [scene_from_vision_node]: Published obj_0 (heartbeat) at x=0.831, y=-0.072, z=-0.332, yaw=+0.0deg
[INFO] [1775687872.402905625] [scene_from_vision_node]: Published obj_4 (heartbeat) at x=0.724, y=0.072, z=0.117, yaw=+1.8deg
[INFO] [1775687874.891085986] [scene_from_vision_node]: Published obj_0 (heartbeat) at x=0.831, y=-0.072, z=-0.332, yaw=+0.0deg
[INFO] [1775687874.893783949] [scene_from_vision_node]: Published obj_4 (heartbeat) at x=0.724, y=0.072, z=0.117, yaw=+1.8deg
[INFO] [1775687876.896104295] [scene_from_vision_node]: Published obj_0 (heartbeat) at x=0.831, y=-0.072, z=-0.332, yaw=+0.0deg
[INFO] [1775687876.901823171] [scene_from_vision_node]: Published obj_4 (heartbeat) at x=0.724, y=0.072, z=0.117, yaw=+1.8deg
[INFO] [1775687878.893916162] [scene_from_vision_node]: Published obj_0 (heartbeat) at x=0.831, y=-0.072, z=-0.332, yaw=+0.0deg
[INFO] [1775687878.897299430] [scene_from_vision_node]: Published obj_4 (heartbeat) at x=0.724, y=0.072, z=0.117, yaw=+1.8deg
[INFO] [1775687881.393231170] [scene_from_vision_node]: Published obj_0 (heartbeat) at x=0.831, y=-0.072, z=-0.332, yaw=+0.0deg
[INFO] [1775687881.405049193] [scene_from_vision_node]: Published obj_4 (heartbeat) at x=0.724, y=0.072, z=0.117, yaw=+1.8deg
[INFO] [1775687883.892447154] [scene_from_vision_node]: Published obj_0 (heartbeat) at x=0.831, y=-0.072, z=-0.332, yaw=+0.0deg
[INFO] [1775687883.894269889] [scene_from_vision_node]: Published obj_4 (heartbeat) at x=0.724, y=0.072, z=0.117, yaw=+1.8deg
[INFO] [1775687885.907641193] [scene_from_vision_node]: Published obj_0 (heartbeat) at x=0.831, y=-0.072, z=-0.332, yaw=+0.0deg
[INFO] [1775687885.909248509] [scene_from_vision_node]: Published obj_4 (heartbeat) at x=0.724, y=0.072, z=0.117, yaw=+1.8deg
[INFO] [1775687888.392285339] [scene_from_vision_node]: Published obj_0 (heartbeat) at x=0.831, y=-0.072, z=-0.332, yaw=+0.0deg
[INFO] [1775687888.394661618] [scene_from_vision_node]: Published obj_4 (heartbeat) at x=0.724, y=0.072, z=0.117, yaw=+1.8deg
[INFO] [1775687890.427246315] [scene_from_vision_node]: Published obj_0 (heartbeat) at x=0.831, y=-0.072, z=-0.332, yaw=+0.0deg
[INFO] [1775687890.431902168] [scene_from_vision_node]: Published obj_4 (heartbeat) at x=0.724, y=0.072, z=0.117, yaw=+1.8deg
[INFO] [1775687892.893623673] [scene_from_vision_node]: Published obj_0 (heartbeat) at x=0.831, y=-0.072, z=-0.332, yaw=+0.0deg
[INFO] [1775687892.896620856] [scene_from_vision_node]: Published obj_4 (heartbeat) at x=0.724, y=0.072, z=0.117, yaw=+1.8deg
[INFO] [1775687895.392647814] [scene_from_vision_node]: Published obj_0 (heartbeat) at x=0.831, y=-0.072, z=-0.332, yaw=+0.0deg
[INFO] [1775687895.394488164] [scene_from_vision_node]: Published obj_4 (heartbeat) at x=0.724, y=0.072, z=0.117, yaw=+1.8deg
[INFO] [1775687897.398022734] [scene_from_vision_node]: Published obj_0 (heartbeat) at x=0.831, y=-0.072, z=-0.332, yaw=+0.0deg
[INFO] [1775687897.419783264] [scene_from_vision_node]: Published obj_4 (heartbeat) at x=0.724, y=0.072, z=0.117, yaw=+1.8deg
[INFO] [1775687899.400199942] [scene_from_vision_node]: Published obj_0 (heartbeat) at x=0.831, y=-0.072, z=-0.332, yaw=+0.0deg
[INFO] [1775687899.402008948] [scene_from_vision_node]: Published obj_4 (heartbeat) at x=0.724, y=0.072, z=0.117, yaw=+1.8deg
[INFO] [1775687901.895604564] [scene_from_vision_node]: Published obj_0 (heartbeat) at x=0.831, y=-0.072, z=-0.332, yaw=+0.0deg
[INFO] [1775687901.902797148] [scene_from_vision_node]: Published obj_4 (heartbeat) at x=0.724, y=0.072, z=0.117, yaw=+1.8deg
[INFO] [1775687903.914038180] [scene_from_vision_node]: Published obj_0 (heartbeat) at x=0.831, y=-0.072, z=-0.332, yaw=+0.0deg
[INFO] [1775687903.915593434] [scene_from_vision_node]: Published obj_4 (heartbeat) at x=0.724, y=0.072, z=0.117, yaw=+1.8deg
[INFO] [1775687905.919693407] [scene_from_vision_node]: Published obj_0 (heartbeat) at x=0.831, y=-0.072, z=-0.332, yaw=+0.0deg
[INFO] [1775687905.923970704] [scene_from_vision_node]: Published obj_4 (heartbeat) at x=0.724, y=0.072, z=0.117, yaw=+1.8deg
[INFO] [1775687908.392610286] [scene_from_vision_node]: Published obj_0 (heartbeat) at x=0.831, y=-0.072, z=-0.332, yaw=+0.0deg
[INFO] [1775687908.394114806] [scene_from_vision_node]: Published obj_4 (heartbeat) at x=0.724, y=0.072, z=0.117, yaw=+1.8deg
[INFO] [1775687910.399342832] [scene_from_vision_node]: Published obj_0 (heartbeat) at x=0.831, y=-0.072, z=-0.332, yaw=+0.0deg
[INFO] [1775687910.411320481] [scene_from_vision_node]: Published obj_4 (heartbeat) at x=0.724, y=0.072, z=0.117, yaw=+1.8deg
[INFO] [1775687912.891894746] [scene_from_vision_node]: Published obj_0 (heartbeat) at x=0.831, y=-0.072, z=-0.332, yaw=+0.0deg
[INFO] [1775687912.898765804] [scene_from_vision_node]: Published obj_4 (heartbeat) at x=0.724, y=0.072, z=0.117, yaw=+1.8deg
[INFO] [1775687914.902043095] [scene_from_vision_node]: Published obj_0 (heartbeat) at x=0.831, y=-0.072, z=-0.332, yaw=+0.0deg
[INFO] [1775687914.906742525] [scene_from_vision_node]: Published obj_4 (heartbeat) at x=0.724, y=0.072, z=0.117, yaw=+1.8deg
[INFO] [1775687917.391497152] [scene_from_vision_node]: Published obj_0 (heartbeat) at x=0.831, y=-0.072, z=-0.332, yaw=+0.0deg
[INFO] [1775687917.392981175] [scene_from_vision_node]: Published obj_4 (heartbeat) at x=0.724, y=0.072, z=0.117, yaw=+1.8deg
[INFO] [1775687919.396170913] [scene_from_vision_node]: Published obj_0 (heartbeat) at x=0.831, y=-0.072, z=-0.332, yaw=+0.0deg
[INFO] [1775687919.399396934] [scene_from_vision_node]: Published obj_4 (heartbeat) at x=0.724, y=0.072, z=0.117, yaw=+1.8deg
[INFO] [1775687921.895500493] [scene_from_vision_node]: Published obj_0 (heartbeat) at x=0.831, y=-0.072, z=-0.332, yaw=+0.0deg
[INFO] [1775687921.919408068] [scene_from_vision_node]: Published obj_4 (heartbeat) at x=0.724, y=0.072, z=0.117, yaw=+1.8deg
[INFO] [1775687923.896804221] [scene_from_vision_node]: Published obj_0 (heartbeat) at x=0.831, y=-0.072, z=-0.332, yaw=+0.0deg
[INFO] [1775687923.903756421] [scene_from_vision_node]: Published obj_4 (heartbeat) at x=0.724, y=0.072, z=0.117, yaw=+1.8deg
[INFO] [1775687926.392419921] [scene_from_vision_node]: Published obj_0 (heartbeat) at x=0.831, y=-0.072, z=-0.332, yaw=+0.0deg
[INFO] [1775687926.402708016] [scene_from_vision_node]: Published obj_4 (heartbeat) at x=0.724, y=0.072, z=0.117, yaw=+1.8deg
[INFO] [1775687928.399696941] [scene_from_vision_node]: Published obj_0 (heartbeat) at x=0.831, y=-0.072, z=-0.332, yaw=+0.0deg
[INFO] [1775687928.401179757] [scene_from_vision_node]: Published obj_4 (heartbeat) at x=0.724, y=0.072, z=0.117, yaw=+1.8deg
[INFO] [1775687930.904962126] [scene_from_vision_node]: Published obj_0 (heartbeat) at x=0.831, y=-0.072, z=-0.332, yaw=+0.0deg
[INFO] [1775687930.921835398] [scene_from_vision_node]: Published obj_4 (heartbeat) at x=0.724, y=0.072, z=0.117, yaw=+1.8deg
[INFO] [1775687932.903019399] [scene_from_vision_node]: Published obj_0 (heartbeat) at x=0.831, y=-0.072, z=-0.332, yaw=+0.0deg
[INFO] [1775687932.919553800] [scene_from_vision_node]: Published obj_4 (heartbeat) at x=0.724, y=0.072, z=0.117, yaw=+1.8deg
[INFO] [1775687935.397710645] [scene_from_vision_node]: Published obj_0 (heartbeat) at x=0.831, y=-0.072, z=-0.332, yaw=+0.0deg
[INFO] [1775687935.407311853] [scene_from_vision_node]: Published obj_4 (heartbeat) at x=0.724, y=0.072, z=0.117, yaw=+1.8deg
[INFO] [1775687937.893169837] [scene_from_vision_node]: Published obj_0 (heartbeat) at x=0.831, y=-0.072, z=-0.332, yaw=+0.0deg
[INFO] [1775687937.897479378] [scene_from_vision_node]: Published obj_4 (heartbeat) at x=0.724, y=0.072, z=0.117, yaw=+1.8deg
[INFO] [1775687939.893172356] [scene_from_vision_node]: Published obj_0 (heartbeat) at x=0.831, y=-0.072, z=-0.332, yaw=+0.0deg
[INFO] [1775687939.902243224] [scene_from_vision_node]: Published obj_4 (heartbeat) at x=0.724, y=0.072, z=0.117, yaw=+1.8deg
[INFO] [1775687941.908687781] [scene_from_vision_node]: Published obj_0 (heartbeat) at x=0.831, y=-0.072, z=-0.332, yaw=+0.0deg
[INFO] [1775687941.919422591] [scene_from_vision_node]: Published obj_4 (heartbeat) at x=0.724, y=0.072, z=0.117, yaw=+1.8deg
[INFO] [1775687944.393279844] [scene_from_vision_node]: Published obj_0 (heartbeat) at x=0.831, y=-0.072, z=-0.332, yaw=+0.0deg
[INFO] [1775687944.402381730] [scene_from_vision_node]: Published obj_4 (heartbeat) at x=0.724, y=0.072, z=0.117, yaw=+1.8deg
[INFO] [1775687946.400776684] [scene_from_vision_node]: Published obj_0 (heartbeat) at x=0.831, y=-0.072, z=-0.332, yaw=+0.0deg
[INFO] [1775687946.415737411] [scene_from_vision_node]: Published obj_4 (heartbeat) at x=0.724, y=0.072, z=0.117, yaw=+1.8deg
[INFO] [1775687948.898391903] [scene_from_vision_node]: Published obj_0 (heartbeat) at x=0.831, y=-0.072, z=-0.332, yaw=+0.0deg
[INFO] [1775687948.904971834] [scene_from_vision_node]: Published obj_4 (heartbeat) at x=0.724, y=0.072, z=0.117, yaw=+1.8deg
[INFO] [1775687950.907605099] [scene_from_vision_node]: Published obj_0 (heartbeat) at x=0.831, y=-0.072, z=-0.332, yaw=+0.0deg
[INFO] [1775687950.926818702] [scene_from_vision_node]: Published obj_4 (heartbeat) at x=0.724, y=0.072, z=0.117, yaw=+1.8deg
[INFO] [1775687953.392657944] [scene_from_vision_node]: Published obj_0 (heartbeat) at x=0.831, y=-0.072, z=-0.332, yaw=+0.0deg
[INFO] [1775687953.402803227] [scene_from_vision_node]: Published obj_4 (heartbeat) at x=0.724, y=0.072, z=0.117, yaw=+1.8deg
[INFO] [1775687955.893726988] [scene_from_vision_node]: Published obj_0 (heartbeat) at x=0.831, y=-0.072, z=-0.332, yaw=+0.0deg
[INFO] [1775687955.897531066] [scene_from_vision_node]: Published obj_4 (heartbeat) at x=0.724, y=0.072, z=0.117, yaw=+1.8deg
[INFO] [1775687957.896933028] [scene_from_vision_node]: Published obj_0 (heartbeat) at x=0.831, y=-0.072, z=-0.332, yaw=+0.0deg
[INFO] [1775687957.913014966] [scene_from_vision_node]: Published obj_4 (heartbeat) at x=0.724, y=0.072, z=0.117, yaw=+1.8deg
[INFO] [1775687959.919625947] [scene_from_vision_node]: Published obj_0 (heartbeat) at x=0.831, y=-0.072, z=-0.332, yaw=+0.0deg
[INFO] [1775687959.921069539] [scene_from_vision_node]: Published obj_4 (heartbeat) at x=0.724, y=0.072, z=0.117, yaw=+1.8deg
[INFO] [1775687962.391452846] [scene_from_vision_node]: Published obj_0 (heartbeat) at x=0.831, y=-0.072, z=-0.332, yaw=+0.0deg
[INFO] [1775687962.398580458] [scene_from_vision_node]: Published obj_4 (heartbeat) at x=0.724, y=0.072, z=0.117, yaw=+1.8deg
[INFO] [1775687964.397263627] [scene_from_vision_node]: Published obj_0 (heartbeat) at x=0.831, y=-0.072, z=-0.332, yaw=+0.0deg
[INFO] [1775687964.406713969] [scene_from_vision_node]: Published obj_4 (heartbeat) at x=0.724, y=0.072, z=0.117, yaw=+1.8deg
[INFO] [1775687966.891547051] [scene_from_vision_node]: Published obj_0 (heartbeat) at x=0.831, y=-0.072, z=-0.332, yaw=+0.0deg
[INFO] [1775687966.893658273] [scene_from_vision_node]: Published obj_4 (heartbeat) at x=0.724, y=0.072, z=0.117, yaw=+1.8deg
[INFO] [1775687968.900971600] [scene_from_vision_node]: Published obj_0 (heartbeat) at x=0.831, y=-0.072, z=-0.332, yaw=+0.0deg
[INFO] [1775687968.903565395] [scene_from_vision_node]: Published obj_4 (heartbeat) at x=0.724, y=0.072, z=0.117, yaw=+1.8deg
[INFO] [1775687971.403892563] [scene_from_vision_node]: Published obj_0 (heartbeat) at x=0.831, y=-0.072, z=-0.332, yaw=+0.0deg
[INFO] [1775687971.437408330] [scene_from_vision_node]: Published obj_4 (heartbeat) at x=0.724, y=0.072, z=0.117, yaw=+1.8deg
[INFO] [1775687973.900843427] [scene_from_vision_node]: Published obj_0 (heartbeat) at x=0.831, y=-0.072, z=-0.332, yaw=+0.0deg
[INFO] [1775687973.906243767] [scene_from_vision_node]: Published obj_4 (heartbeat) at x=0.724, y=0.072, z=0.117, yaw=+1.8deg
[INFO] [1775687975.895743662] [scene_from_vision_node]: Published obj_0 (heartbeat) at x=0.831, y=-0.072, z=-0.332, yaw=+0.0deg
[INFO] [1775687975.924722756] [scene_from_vision_node]: Published obj_4 (heartbeat) at x=0.724, y=0.072, z=0.117, yaw=+1.8deg
[INFO] [1775687977.913513093] [scene_from_vision_node]: Published obj_0 (heartbeat) at x=0.831, y=-0.072, z=-0.332, yaw=+0.0deg
[INFO] [1775687977.915175708] [scene_from_vision_node]: Published obj_4 (heartbeat) at x=0.724, y=0.072, z=0.117, yaw=+1.8deg
[INFO] [1775687980.389747706] [scene_from_vision_node]: Published obj_0 (heartbeat) at x=0.831, y=-0.072, z=-0.332, yaw=+0.0deg
[INFO] [1775687980.392231328] [scene_from_vision_node]: Published obj_4 (heartbeat) at x=0.724, y=0.072, z=0.117, yaw=+1.8deg
[INFO] [1775687982.395229626] [scene_from_vision_node]: Published obj_0 (heartbeat) at x=0.831, y=-0.072, z=-0.332, yaw=+0.0deg
[INFO] [1775687982.399247896] [scene_from_vision_node]: Published obj_4 (heartbeat) at x=0.724, y=0.072, z=0.117, yaw=+1.8deg
[INFO] [1775687984.399796578] [scene_from_vision_node]: Published obj_0 (heartbeat) at x=0.831, y=-0.072, z=-0.332, yaw=+0.0deg
[INFO] [1775687984.404716974] [scene_from_vision_node]: Published obj_4 (heartbeat) at x=0.724, y=0.072, z=0.117, yaw=+1.8deg
[INFO] [1775687986.894705935] [scene_from_vision_node]: Published obj_0 (heartbeat) at x=0.831, y=-0.072, z=-0.332, yaw=+0.0deg
[INFO] [1775687986.914124576] [scene_from_vision_node]: Published obj_4 (heartbeat) at x=0.724, y=0.072, z=0.117, yaw=+1.8deg
[INFO] [1775687988.893697548] [scene_from_vision_node]: Published obj_0 (heartbeat) at x=0.831, y=-0.072, z=-0.332, yaw=+0.0deg
[INFO] [1775687988.895137880] [scene_from_vision_node]: Published obj_4 (heartbeat) at x=0.724, y=0.072, z=0.117, yaw=+1.8deg
[INFO] [1775687991.399686588] [scene_from_vision_node]: Published obj_0 (heartbeat) at x=0.831, y=-0.072, z=-0.332, yaw=+0.0deg
[INFO] [1775687991.409480845] [scene_from_vision_node]: Published obj_4 (heartbeat) at x=0.724, y=0.072, z=0.117, yaw=+1.8deg
[INFO] [1775687993.891951585] [scene_from_vision_node]: Published obj_0 (heartbeat) at x=0.831, y=-0.072, z=-0.332, yaw=+0.0deg
[INFO] [1775687993.897049359] [scene_from_vision_node]: Published obj_4 (heartbeat) at x=0.724, y=0.072, z=0.117, yaw=+1.8deg
[INFO] [1775687995.901527935] [scene_from_vision_node]: Published obj_0 (heartbeat) at x=0.831, y=-0.072, z=-0.332, yaw=+0.0deg
[INFO] [1775687995.903181632] [scene_from_vision_node]: Published obj_4 (heartbeat) at x=0.724, y=0.072, z=0.117, yaw=+1.8deg
[INFO] [1775687998.404456708] [scene_from_vision_node]: Published obj_0 (heartbeat) at x=0.831, y=-0.072, z=-0.332, yaw=+0.0deg
[INFO] [1775687998.422561928] [scene_from_vision_node]: Published obj_4 (heartbeat) at x=0.724, y=0.072, z=0.117, yaw=+1.8deg
[INFO] [1775688000.894546369] [scene_from_vision_node]: Published obj_0 (heartbeat) at x=0.831, y=-0.072, z=-0.332, yaw=+0.0deg
[INFO] [1775688000.904643150] [scene_from_vision_node]: Published obj_4 (heartbeat) at x=0.724, y=0.072, z=0.117, yaw=+1.8deg
[INFO] [1775688002.900368182] [scene_from_vision_node]: Published obj_0 (heartbeat) at x=0.831, y=-0.072, z=-0.332, yaw=+0.0deg
[INFO] [1775688002.906862582] [scene_from_vision_node]: Published obj_4 (heartbeat) at x=0.724, y=0.072, z=0.117, yaw=+1.8deg
[INFO] [1775688005.401211215] [scene_from_vision_node]: Published obj_0 (heartbeat) at x=0.831, y=-0.072, z=-0.332, yaw=+0.0deg
[INFO] [1775688005.402711801] [scene_from_vision_node]: Published obj_4 (heartbeat) at x=0.724, y=0.072, z=0.117, yaw=+1.8deg
[INFO] [1775688007.903199159] [scene_from_vision_node]: Published obj_0 (heartbeat) at x=0.831, y=-0.072, z=-0.332, yaw=+0.0deg
[INFO] [1775688007.907490518] [scene_from_vision_node]: Published obj_4 (heartbeat) at x=0.724, y=0.072, z=0.117, yaw=+1.8deg
[INFO] [1775688010.395986511] [scene_from_vision_node]: Published obj_0 (heartbeat) at x=0.831, y=-0.072, z=-0.332, yaw=+0.0deg
[INFO] [1775688010.402684875] [scene_from_vision_node]: Published obj_4 (heartbeat) at x=0.724, y=0.072, z=0.117, yaw=+1.8deg
[INFO] [1775688012.411915870] [scene_from_vision_node]: Published obj_0 (heartbeat) at x=0.831, y=-0.072, z=-0.332, yaw=+0.0deg
[INFO] [1775688012.435471712] [scene_from_vision_node]: Published obj_4 (heartbeat) at x=0.724, y=0.072, z=0.117, yaw=+1.8deg
[INFO] [1775688014.893766048] [scene_from_vision_node]: Published obj_0 (heartbeat) at x=0.831, y=-0.072, z=-0.332, yaw=+0.0deg
[INFO] [1775688014.903169892] [scene_from_vision_node]: Published obj_4 (heartbeat) at x=0.724, y=0.072, z=0.117, yaw=+1.8deg
[INFO] [1775688016.901123312] [scene_from_vision_node]: Published obj_0 (heartbeat) at x=0.831, y=-0.072, z=-0.332, yaw=+0.0deg
[INFO] [1775688016.907582726] [scene_from_vision_node]: Published obj_4 (heartbeat) at x=0.724, y=0.072, z=0.117, yaw=+1.8deg
[INFO] [1775688018.902181812] [scene_from_vision_node]: Published obj_0 (heartbeat) at x=0.831, y=-0.072, z=-0.332, yaw=+0.0deg
[INFO] [1775688018.911267796] [scene_from_vision_node]: Published obj_4 (heartbeat) at x=0.724, y=0.072, z=0.117, yaw=+1.8deg
[INFO] [1775688021.389724920] [scene_from_vision_node]: Published obj_0 (heartbeat) at x=0.831, y=-0.072, z=-0.332, yaw=+0.0deg
[INFO] [1775688021.410647773] [scene_from_vision_node]: Published obj_4 (heartbeat) at x=0.724, y=0.072, z=0.117, yaw=+1.8deg
[INFO] [1775688023.390514814] [scene_from_vision_node]: Published obj_0 (heartbeat) at x=0.831, y=-0.072, z=-0.332, yaw=+0.0deg
[INFO] [1775688023.397030165] [scene_from_vision_node]: Published obj_4 (heartbeat) at x=0.724, y=0.072, z=0.117, yaw=+1.8deg
[INFO] [1775688025.391766667] [scene_from_vision_node]: Published obj_0 (heartbeat) at x=0.831, y=-0.072, z=-0.332, yaw=+0.0deg
[INFO] [1775688025.407330364] [scene_from_vision_node]: Published obj_4 (heartbeat) at x=0.724, y=0.072, z=0.117, yaw=+1.8deg
[INFO] [1775688027.395206435] [scene_from_vision_node]: Published obj_0 (heartbeat) at x=0.831, y=-0.072, z=-0.332, yaw=+0.0deg
[INFO] [1775688027.403387001] [scene_from_vision_node]: Published obj_4 (heartbeat) at x=0.724, y=0.072, z=0.117, yaw=+1.8deg
[INFO] [1775688029.396527251] [scene_from_vision_node]: Published obj_0 (heartbeat) at x=0.831, y=-0.072, z=-0.332, yaw=+0.0deg
[INFO] [1775688029.411037534] [scene_from_vision_node]: Published obj_4 (heartbeat) at x=0.724, y=0.072, z=0.117, yaw=+1.8deg
[INFO] [1775688031.899111592] [scene_from_vision_node]: Published obj_0 (heartbeat) at x=0.831, y=-0.072, z=-0.332, yaw=+0.0deg
[INFO] [1775688031.915503240] [scene_from_vision_node]: Published obj_4 (heartbeat) at x=0.724, y=0.072, z=0.117, yaw=+1.8deg
[INFO] [1775688033.900876689] [scene_from_vision_node]: Published obj_0 (heartbeat) at x=0.831, y=-0.072, z=-0.332, yaw=+0.0deg
[INFO] [1775688033.910823320] [scene_from_vision_node]: Published obj_4 (heartbeat) at x=0.724, y=0.072, z=0.117, yaw=+1.8deg
[INFO] [1775688036.397798983] [scene_from_vision_node]: Published obj_0 (heartbeat) at x=0.831, y=-0.072, z=-0.332, yaw=+0.0deg
[INFO] [1775688036.407199663] [scene_from_vision_node]: Published obj_4 (heartbeat) at x=0.724, y=0.072, z=0.117, yaw=+1.8deg
[INFO] [1775688038.402588100] [scene_from_vision_node]: Published obj_0 (heartbeat) at x=0.831, y=-0.072, z=-0.332, yaw=+0.0deg
[INFO] [1775688038.414964173] [scene_from_vision_node]: Published obj_4 (heartbeat) at x=0.724, y=0.072, z=0.117, yaw=+1.8deg
[INFO] [1775688040.902726566] [scene_from_vision_node]: Published obj_0 (heartbeat) at x=0.831, y=-0.072, z=-0.332, yaw=+0.0deg
[INFO] [1775688040.904308392] [scene_from_vision_node]: Published obj_4 (heartbeat) at x=0.724, y=0.072, z=0.117, yaw=+1.8deg
[INFO] [1775688043.389542189] [scene_from_vision_node]: Published obj_0 (heartbeat) at x=0.831, y=-0.072, z=-0.332, yaw=+0.0deg
[INFO] [1775688043.395910447] [scene_from_vision_node]: Published obj_4 (heartbeat) at x=0.724, y=0.072, z=0.117, yaw=+1.8deg
[INFO] [1775688045.401851522] [scene_from_vision_node]: Published obj_0 (heartbeat) at x=0.831, y=-0.072, z=-0.332, yaw=+0.0deg
[INFO] [1775688045.404583642] [scene_from_vision_node]: Published obj_4 (heartbeat) at x=0.724, y=0.072, z=0.117, yaw=+1.8deg
[INFO] [1775688047.903289116] [scene_from_vision_node]: Published obj_0 (heartbeat) at x=0.831, y=-0.072, z=-0.332, yaw=+0.0deg
[INFO] [1775688047.925060963] [scene_from_vision_node]: Published obj_4 (heartbeat) at x=0.724, y=0.072, z=0.117, yaw=+1.8deg
[INFO] [1775688049.919059000] [scene_from_vision_node]: Published obj_0 (heartbeat) at x=0.831, y=-0.072, z=-0.332, yaw=+0.0deg
[INFO] [1775688049.934714075] [scene_from_vision_node]: Published obj_4 (heartbeat) at x=0.724, y=0.072, z=0.117, yaw=+1.8deg
[INFO] [1775688052.389488396] [scene_from_vision_node]: Published obj_0 (heartbeat) at x=0.831, y=-0.072, z=-0.332, yaw=+0.0deg
[INFO] [1775688052.395685350] [scene_from_vision_node]: Published obj_4 (heartbeat) at x=0.724, y=0.072, z=0.117, yaw=+1.8deg
[INFO] [1775688054.399246603] [scene_from_vision_node]: Published obj_0 (heartbeat) at x=0.831, y=-0.072, z=-0.332, yaw=+0.0deg
[INFO] [1775688054.420407353] [scene_from_vision_node]: Published obj_4 (heartbeat) at x=0.724, y=0.072, z=0.117, yaw=+1.8deg
[INFO] [1775688056.902653069] [scene_from_vision_node]: Published obj_0 (heartbeat) at x=0.831, y=-0.072, z=-0.332, yaw=+0.0deg
[INFO] [1775688056.928161030] [scene_from_vision_node]: Published obj_4 (heartbeat) at x=0.724, y=0.072, z=0.117, yaw=+1.8deg
[INFO] [1775688059.393902897] [scene_from_vision_node]: Published obj_0 (heartbeat) at x=0.831, y=-0.072, z=-0.332, yaw=+0.0deg
[INFO] [1775688059.396019380] [scene_from_vision_node]: Published obj_4 (heartbeat) at x=0.724, y=0.072, z=0.117, yaw=+1.8deg
[INFO] [1775688061.390661777] [scene_from_vision_node]: Published obj_0 (heartbeat) at x=0.831, y=-0.072, z=-0.332, yaw=+0.0deg
[INFO] [1775688061.417136626] [scene_from_vision_node]: Published obj_4 (heartbeat) at x=0.724, y=0.072, z=0.117, yaw=+1.8deg
[INFO] [1775688063.406761673] [scene_from_vision_node]: Published obj_0 (heartbeat) at x=0.831, y=-0.072, z=-0.332, yaw=+0.0deg
[INFO] [1775688063.410243152] [scene_from_vision_node]: Published obj_4 (heartbeat) at x=0.724, y=0.072, z=0.117, yaw=+1.8deg
[INFO] [1775688065.396631634] [scene_from_vision_node]: Published obj_0 (heartbeat) at x=0.831, y=-0.072, z=-0.332, yaw=+0.0deg
[INFO] [1775688065.401205431] [scene_from_vision_node]: Published obj_4 (heartbeat) at x=0.724, y=0.072, z=0.117, yaw=+1.8deg
[INFO] [1775688067.903668993] [scene_from_vision_node]: Published obj_0 (heartbeat) at x=0.831, y=-0.072, z=-0.332, yaw=+0.0deg
[INFO] [1775688067.913135934] [scene_from_vision_node]: Published obj_4 (heartbeat) at x=0.724, y=0.072, z=0.117, yaw=+1.8deg
[INFO] [1775688070.396740521] [scene_from_vision_node]: Published obj_0 (heartbeat) at x=0.831, y=-0.072, z=-0.332, yaw=+0.0deg
[INFO] [1775688070.400270236] [scene_from_vision_node]: Published obj_4 (heartbeat) at x=0.724, y=0.072, z=0.117, yaw=+1.8deg
[INFO] [1775688072.421581376] [scene_from_vision_node]: Published obj_0 (heartbeat) at x=0.831, y=-0.072, z=-0.332, yaw=+0.0deg
[INFO] [1775688072.423254454] [scene_from_vision_node]: Published obj_4 (heartbeat) at x=0.724, y=0.072, z=0.117, yaw=+1.8deg
[INFO] [1775688074.898338271] [scene_from_vision_node]: Published obj_0 (heartbeat) at x=0.831, y=-0.072, z=-0.332, yaw=+0.0deg
[INFO] [1775688074.900195388] [scene_from_vision_node]: Published obj_4 (heartbeat) at x=0.724, y=0.072, z=0.117, yaw=+1.8deg
[INFO] [1775688077.393247719] [scene_from_vision_node]: Published obj_0 (heartbeat) at x=0.831, y=-0.072, z=-0.332, yaw=+0.0deg
[INFO] [1775688077.402090998] [scene_from_vision_node]: Published obj_4 (heartbeat) at x=0.724, y=0.072, z=0.117, yaw=+1.8deg
[INFO] [1775688079.908780902] [scene_from_vision_node]: Published obj_0 (heartbeat) at x=0.831, y=-0.072, z=-0.332, yaw=+0.0deg
[INFO] [1775688079.912757321] [scene_from_vision_node]: Published obj_4 (heartbeat) at x=0.724, y=0.072, z=0.117, yaw=+1.8deg
[INFO] [1775688082.391248582] [scene_from_vision_node]: Published obj_0 (heartbeat) at x=0.831, y=-0.072, z=-0.332, yaw=+0.0deg
[INFO] [1775688082.393144616] [scene_from_vision_node]: Published obj_4 (heartbeat) at x=0.724, y=0.072, z=0.117, yaw=+1.8deg
[INFO] [1775688084.407864787] [scene_from_vision_node]: Published obj_0 (heartbeat) at x=0.831, y=-0.072, z=-0.332, yaw=+0.0deg
[INFO] [1775688084.417177637] [scene_from_vision_node]: Published obj_4 (heartbeat) at x=0.724, y=0.072, z=0.117, yaw=+1.8deg
[INFO] [1775688086.895585218] [scene_from_vision_node]: Published obj_0 (heartbeat) at x=0.831, y=-0.072, z=-0.332, yaw=+0.0deg
[INFO] [1775688086.902376183] [scene_from_vision_node]: Published obj_4 (heartbeat) at x=0.724, y=0.072, z=0.117, yaw=+1.8deg
[INFO] [1775688088.910381615] [scene_from_vision_node]: Published obj_0 (heartbeat) at x=0.831, y=-0.072, z=-0.332, yaw=+0.0deg
[INFO] [1775688088.915856915] [scene_from_vision_node]: Published obj_4 (heartbeat) at x=0.724, y=0.072, z=0.117, yaw=+1.8deg
[INFO] [1775688090.902456588] [scene_from_vision_node]: Published obj_0 (heartbeat) at x=0.831, y=-0.072, z=-0.332, yaw=+0.0deg
[INFO] [1775688090.916729835] [scene_from_vision_node]: Published obj_4 (heartbeat) at x=0.724, y=0.072, z=0.117, yaw=+1.8deg
[INFO] [1775688093.397728524] [scene_from_vision_node]: Published obj_0 (heartbeat) at x=0.831, y=-0.072, z=-0.332, yaw=+0.0deg
[INFO] [1775688093.400512270] [scene_from_vision_node]: Published obj_4 (heartbeat) at x=0.724, y=0.072, z=0.117, yaw=+1.8deg
[INFO] [1775688095.893128353] [scene_from_vision_node]: Published obj_0 (heartbeat) at x=0.831, y=-0.072, z=-0.332, yaw=+0.0deg
[INFO] [1775688095.901958428] [scene_from_vision_node]: Published obj_4 (heartbeat) at x=0.724, y=0.072, z=0.117, yaw=+1.8deg
[INFO] [1775688098.393777901] [scene_from_vision_node]: Published obj_0 (heartbeat) at x=0.831, y=-0.072, z=-0.332, yaw=+0.0deg
[INFO] [1775688098.395377751] [scene_from_vision_node]: Published obj_4 (heartbeat) at x=0.724, y=0.072, z=0.117, yaw=+1.8deg
[INFO] [1775688100.896869263] [scene_from_vision_node]: Published obj_0 (heartbeat) at x=0.831, y=-0.072, z=-0.332, yaw=+0.0deg
[INFO] [1775688100.899982307] [scene_from_vision_node]: Published obj_4 (heartbeat) at x=0.724, y=0.072, z=0.117, yaw=+1.8deg
[INFO] [1775688103.402027074] [scene_from_vision_node]: Published obj_0 (heartbeat) at x=0.831, y=-0.072, z=-0.332, yaw=+0.0deg
[INFO] [1775688103.420615764] [scene_from_vision_node]: Published obj_4 (heartbeat) at x=0.724, y=0.072, z=0.117, yaw=+1.8deg
[INFO] [1775688105.409905530] [scene_from_vision_node]: Published obj_0 (heartbeat) at x=0.831, y=-0.072, z=-0.332, yaw=+0.0deg
[INFO] [1775688105.428371768] [scene_from_vision_node]: Published obj_4 (heartbeat) at x=0.724, y=0.072, z=0.117, yaw=+1.8deg
[INFO] [1775688107.892848667] [scene_from_vision_node]: Published obj_0 (heartbeat) at x=0.831, y=-0.072, z=-0.332, yaw=+0.0deg
[INFO] [1775688107.900262509] [scene_from_vision_node]: Published obj_4 (heartbeat) at x=0.724, y=0.072, z=0.117, yaw=+1.8deg
[INFO] [1775688109.914586053] [scene_from_vision_node]: Published obj_0 (heartbeat) at x=0.831, y=-0.072, z=-0.332, yaw=+0.0deg
[INFO] [1775688109.927920433] [scene_from_vision_node]: Published obj_4 (heartbeat) at x=0.724, y=0.072, z=0.117, yaw=+1.8deg
[INFO] [1775688112.395859365] [scene_from_vision_node]: Published obj_0 (heartbeat) at x=0.831, y=-0.072, z=-0.332, yaw=+0.0deg
[INFO] [1775688112.402060178] [scene_from_vision_node]: Published obj_4 (heartbeat) at x=0.724, y=0.072, z=0.117, yaw=+1.8deg
[INFO] [1775688114.398988721] [scene_from_vision_node]: Published obj_0 (heartbeat) at x=0.831, y=-0.072, z=-0.332, yaw=+0.0deg
[INFO] [1775688114.400872918] [scene_from_vision_node]: Published obj_4 (heartbeat) at x=0.724, y=0.072, z=0.117, yaw=+1.8deg
[INFO] [1775688116.896327338] [scene_from_vision_node]: Published obj_0 (heartbeat) at x=0.831, y=-0.072, z=-0.332, yaw=+0.0deg
[INFO] [1775688116.907532903] [scene_from_vision_node]: Published obj_4 (heartbeat) at x=0.724, y=0.072, z=0.117, yaw=+1.8deg
[INFO] [1775688118.917027186] [scene_from_vision_node]: Published obj_0 (heartbeat) at x=0.831, y=-0.072, z=-0.332, yaw=+0.0deg
[INFO] [1775688118.935016362] [scene_from_vision_node]: Published obj_4 (heartbeat) at x=0.724, y=0.072, z=0.117, yaw=+1.8deg
[INFO] [1775688121.390663055] [scene_from_vision_node]: Published obj_0 (heartbeat) at x=0.831, y=-0.072, z=-0.332, yaw=+0.0deg
[INFO] [1775688121.396563284] [scene_from_vision_node]: Published obj_4 (heartbeat) at x=0.724, y=0.072, z=0.117, yaw=+1.8deg
[INFO] [1775688123.422260947] [scene_from_vision_node]: Published obj_0 (heartbeat) at x=0.831, y=-0.072, z=-0.332, yaw=+0.0deg
[INFO] [1775688123.423896058] [scene_from_vision_node]: Published obj_4 (heartbeat) at x=0.724, y=0.072, z=0.117, yaw=+1.8deg
[INFO] [1775688125.905124916] [scene_from_vision_node]: Published obj_0 (heartbeat) at x=0.831, y=-0.072, z=-0.332, yaw=+0.0deg
[INFO] [1775688125.914306104] [scene_from_vision_node]: Published obj_4 (heartbeat) at x=0.724, y=0.072, z=0.117, yaw=+1.8deg
[INFO] [1775688128.391212873] [scene_from_vision_node]: Published obj_0 (heartbeat) at x=0.831, y=-0.072, z=-0.332, yaw=+0.0deg
[INFO] [1775688128.392731639] [scene_from_vision_node]: Published obj_4 (heartbeat) at x=0.724, y=0.072, z=0.117, yaw=+1.8deg
[INFO] [1775688130.392652087] [scene_from_vision_node]: Published obj_0 (heartbeat) at x=0.831, y=-0.072, z=-0.332, yaw=+0.0deg
[INFO] [1775688130.400679396] [scene_from_vision_node]: Published obj_4 (heartbeat) at x=0.724, y=0.072, z=0.117, yaw=+1.8deg
[INFO] [1775688132.413938289] [scene_from_vision_node]: Published obj_0 (heartbeat) at x=0.831, y=-0.072, z=-0.332, yaw=+0.0deg
[INFO] [1775688132.425056901] [scene_from_vision_node]: Published obj_4 (heartbeat) at x=0.724, y=0.072, z=0.117, yaw=+1.8deg
[INFO] [1775688134.893597477] [scene_from_vision_node]: Published obj_0 (heartbeat) at x=0.831, y=-0.072, z=-0.332, yaw=+0.0deg
[INFO] [1775688134.895047917] [scene_from_vision_node]: Published obj_4 (heartbeat) at x=0.724, y=0.072, z=0.117, yaw=+1.8deg
[INFO] [1775688136.900376594] [scene_from_vision_node]: Published obj_0 (heartbeat) at x=0.831, y=-0.072, z=-0.332, yaw=+0.0deg
[INFO] [1775688136.903967508] [scene_from_vision_node]: Published obj_4 (heartbeat) at x=0.724, y=0.072, z=0.117, yaw=+1.8deg
[INFO] [1775688139.395487158] [scene_from_vision_node]: Published obj_0 (heartbeat) at x=0.831, y=-0.072, z=-0.332, yaw=+0.0deg
[INFO] [1775688139.399854094] [scene_from_vision_node]: Published obj_4 (heartbeat) at x=0.724, y=0.072, z=0.117, yaw=+1.8deg
[INFO] [1775688141.409916827] [scene_from_vision_node]: Published obj_0 (heartbeat) at x=0.831, y=-0.072, z=-0.332, yaw=+0.0deg
[INFO] [1775688141.417027224] [scene_from_vision_node]: Published obj_4 (heartbeat) at x=0.724, y=0.072, z=0.117, yaw=+1.8deg
[INFO] [1775688143.893775022] [scene_from_vision_node]: Published obj_0 (heartbeat) at x=0.831, y=-0.072, z=-0.332, yaw=+0.0deg
[INFO] [1775688143.897339921] [scene_from_vision_node]: Published obj_4 (heartbeat) at x=0.724, y=0.072, z=0.117, yaw=+1.8deg
[INFO] [1775688145.911498422] [scene_from_vision_node]: Published obj_0 (heartbeat) at x=0.831, y=-0.072, z=-0.332, yaw=+0.0deg
[INFO] [1775688145.924621293] [scene_from_vision_node]: Published obj_4 (heartbeat) at x=0.724, y=0.072, z=0.117, yaw=+1.8deg
[INFO] [1775688148.392323141] [scene_from_vision_node]: Published obj_0 (heartbeat) at x=0.831, y=-0.072, z=-0.332, yaw=+0.0deg
[INFO] [1775688148.399275331] [scene_from_vision_node]: Published obj_4 (heartbeat) at x=0.724, y=0.072, z=0.117, yaw=+1.8deg
[INFO] [1775688150.400016626] [scene_from_vision_node]: Published obj_0 (heartbeat) at x=0.831, y=-0.072, z=-0.332, yaw=+0.0deg
[INFO] [1775688150.403856189] [scene_from_vision_node]: Published obj_4 (heartbeat) at x=0.724, y=0.072, z=0.117, yaw=+1.8deg
[INFO] [1775688152.894921957] [scene_from_vision_node]: Published obj_0 (heartbeat) at x=0.831, y=-0.072, z=-0.332, yaw=+0.0deg
[INFO] [1775688152.899058251] [scene_from_vision_node]: Published obj_4 (heartbeat) at x=0.724, y=0.072, z=0.117, yaw=+1.8deg
[INFO] [1775688154.907311157] [scene_from_vision_node]: Published obj_0 (heartbeat) at x=0.831, y=-0.072, z=-0.332, yaw=+0.0deg
[INFO] [1775688154.921832710] [scene_from_vision_node]: Published obj_4 (heartbeat) at x=0.724, y=0.072, z=0.117, yaw=+1.8deg
[INFO] [1775688157.391853632] [scene_from_vision_node]: Published obj_0 (heartbeat) at x=0.831, y=-0.072, z=-0.332, yaw=+0.0deg
[INFO] [1775688157.403952906] [scene_from_vision_node]: Published obj_4 (heartbeat) at x=0.724, y=0.072, z=0.117, yaw=+1.8deg
[INFO] [1775688159.892510318] [scene_from_vision_node]: Published obj_0 (heartbeat) at x=0.831, y=-0.072, z=-0.332, yaw=+0.0deg
[INFO] [1775688159.907922208] [scene_from_vision_node]: Published obj_4 (heartbeat) at x=0.724, y=0.072, z=0.117, yaw=+1.8deg
[INFO] [1775688161.893678316] [scene_from_vision_node]: Published obj_0 (heartbeat) at x=0.831, y=-0.072, z=-0.332, yaw=+0.0deg
[INFO] [1775688161.895549962] [scene_from_vision_node]: Published obj_4 (heartbeat) at x=0.724, y=0.072, z=0.117, yaw=+1.8deg
[INFO] [1775688163.903840715] [scene_from_vision_node]: Published obj_0 (heartbeat) at x=0.831, y=-0.072, z=-0.332, yaw=+0.0deg
[INFO] [1775688163.905983184] [scene_from_vision_node]: Published obj_4 (heartbeat) at x=0.724, y=0.072, z=0.117, yaw=+1.8deg
[INFO] [1775688166.393974404] [scene_from_vision_node]: Published obj_0 (heartbeat) at x=0.831, y=-0.072, z=-0.332, yaw=+0.0deg
[INFO] [1775688166.398911482] [scene_from_vision_node]: Published obj_4 (heartbeat) at x=0.724, y=0.072, z=0.117, yaw=+1.8deg
[INFO] [1775688168.395643723] [scene_from_vision_node]: Published obj_0 (heartbeat) at x=0.831, y=-0.072, z=-0.332, yaw=+0.0deg
[INFO] [1775688168.398422753] [scene_from_vision_node]: Published obj_4 (heartbeat) at x=0.724, y=0.072, z=0.117, yaw=+1.8deg
[INFO] [1775688170.890580693] [scene_from_vision_node]: Published obj_0 (heartbeat) at x=0.831, y=-0.072, z=-0.332, yaw=+0.0deg
[INFO] [1775688170.891694069] [scene_from_vision_node]: Published obj_4 (heartbeat) at x=0.724, y=0.072, z=0.117, yaw=+1.8deg
[INFO] [1775688172.896897314] [scene_from_vision_node]: Published obj_0 (heartbeat) at x=0.831, y=-0.072, z=-0.332, yaw=+0.0deg
[INFO] [1775688172.903049301] [scene_from_vision_node]: Published obj_4 (heartbeat) at x=0.724, y=0.072, z=0.117, yaw=+1.8deg
[INFO] [1775688175.393667967] [scene_from_vision_node]: Published obj_0 (heartbeat) at x=0.831, y=-0.072, z=-0.332, yaw=+0.0deg
[INFO] [1775688175.400884613] [scene_from_vision_node]: Published obj_4 (heartbeat) at x=0.724, y=0.072, z=0.117, yaw=+1.8deg
[INFO] [1775688177.446579416] [scene_from_vision_node]: Published obj_0 (heartbeat) at x=0.831, y=-0.072, z=-0.332, yaw=+0.0deg
[INFO] [1775688177.455113816] [scene_from_vision_node]: Published obj_4 (heartbeat) at x=0.724, y=0.072, z=0.117, yaw=+1.8deg
[INFO] [1775688179.897104650] [scene_from_vision_node]: Published obj_0 (heartbeat) at x=0.831, y=-0.072, z=-0.332, yaw=+0.0deg
[INFO] [1775688179.899446792] [scene_from_vision_node]: Published obj_4 (heartbeat) at x=0.724, y=0.072, z=0.117, yaw=+1.8deg
[INFO] [1775688181.898298523] [scene_from_vision_node]: Published obj_0 (heartbeat) at x=0.831, y=-0.072, z=-0.332, yaw=+0.0deg
[INFO] [1775688181.908392446] [scene_from_vision_node]: Published obj_4 (heartbeat) at x=0.724, y=0.072, z=0.117, yaw=+1.8deg
[INFO] [1775688184.392451410] [scene_from_vision_node]: Published obj_0 (heartbeat) at x=0.831, y=-0.072, z=-0.332, yaw=+0.0deg
[INFO] [1775688184.396588072] [scene_from_vision_node]: Published obj_4 (heartbeat) at x=0.724, y=0.072, z=0.117, yaw=+1.8deg
[INFO] [1775688186.890711824] [scene_from_vision_node]: Published obj_0 (heartbeat) at x=0.831, y=-0.072, z=-0.332, yaw=+0.0deg
[INFO] [1775688186.899189342] [scene_from_vision_node]: Published obj_4 (heartbeat) at x=0.724, y=0.072, z=0.117, yaw=+1.8deg
[INFO] [1775688188.899988603] [scene_from_vision_node]: Published obj_0 (heartbeat) at x=0.831, y=-0.072, z=-0.332, yaw=+0.0deg
[INFO] [1775688188.926242977] [scene_from_vision_node]: Published obj_4 (heartbeat) at x=0.724, y=0.072, z=0.117, yaw=+1.8deg
[INFO] [1775688190.904329269] [scene_from_vision_node]: Published obj_0 (heartbeat) at x=0.831, y=-0.072, z=-0.332, yaw=+0.0deg
[INFO] [1775688190.912799278] [scene_from_vision_node]: Published obj_4 (heartbeat) at x=0.724, y=0.072, z=0.117, yaw=+1.8deg
[INFO] [1775688193.397380735] [scene_from_vision_node]: Published obj_0 (heartbeat) at x=0.831, y=-0.072, z=-0.332, yaw=+0.0deg
[INFO] [1775688193.399030991] [scene_from_vision_node]: Published obj_4 (heartbeat) at x=0.724, y=0.072, z=0.117, yaw=+1.8deg
[INFO] [1775688195.896052802] [scene_from_vision_node]: Published obj_0 (heartbeat) at x=0.831, y=-0.072, z=-0.332, yaw=+0.0deg
[INFO] [1775688195.900204469] [scene_from_vision_node]: Published obj_4 (heartbeat) at x=0.724, y=0.072, z=0.117, yaw=+1.8deg
[INFO] [1775688198.402991545] [scene_from_vision_node]: Published obj_0 (heartbeat) at x=0.831, y=-0.072, z=-0.332, yaw=+0.0deg
[INFO] [1775688198.417165355] [scene_from_vision_node]: Published obj_4 (heartbeat) at x=0.724, y=0.072, z=0.117, yaw=+1.8deg
[INFO] [1775688200.890430475] [scene_from_vision_node]: Published obj_0 (heartbeat) at x=0.831, y=-0.072, z=-0.332, yaw=+0.0deg
[INFO] [1775688200.902189033] [scene_from_vision_node]: Published obj_4 (heartbeat) at x=0.724, y=0.072, z=0.117, yaw=+1.8deg
[INFO] [1775688202.915939850] [scene_from_vision_node]: Published obj_0 (heartbeat) at x=0.831, y=-0.072, z=-0.332, yaw=+0.0deg
[INFO] [1775688202.931101178] [scene_from_vision_node]: Published obj_4 (heartbeat) at x=0.724, y=0.072, z=0.117, yaw=+1.8deg
[INFO] [1775688205.401168297] [scene_from_vision_node]: Published obj_0 (heartbeat) at x=0.831, y=-0.072, z=-0.332, yaw=+0.0deg
[INFO] [1775688205.406118134] [scene_from_vision_node]: Published obj_4 (heartbeat) at x=0.724, y=0.072, z=0.117, yaw=+1.8deg
[INFO] [1775688207.396756647] [scene_from_vision_node]: Published obj_0 (heartbeat) at x=0.831, y=-0.072, z=-0.332, yaw=+0.0deg
[INFO] [1775688207.403340086] [scene_from_vision_node]: Published obj_4 (heartbeat) at x=0.724, y=0.072, z=0.117, yaw=+1.8deg
[INFO] [1775688209.891633184] [scene_from_vision_node]: Published obj_0 (heartbeat) at x=0.831, y=-0.072, z=-0.332, yaw=+0.0deg
[INFO] [1775688209.901206934] [scene_from_vision_node]: Published obj_4 (heartbeat) at x=0.724, y=0.072, z=0.117, yaw=+1.8deg
[INFO] [1775688211.897809265] [scene_from_vision_node]: Published obj_0 (heartbeat) at x=0.831, y=-0.072, z=-0.332, yaw=+0.0deg
[INFO] [1775688211.899603761] [scene_from_vision_node]: Published obj_4 (heartbeat) at x=0.724, y=0.072, z=0.117, yaw=+1.8deg
[INFO] [1775688214.390158343] [scene_from_vision_node]: Published obj_0 (heartbeat) at x=0.831, y=-0.072, z=-0.332, yaw=+0.0deg
[INFO] [1775688214.393107510] [scene_from_vision_node]: Published obj_4 (heartbeat) at x=0.724, y=0.072, z=0.117, yaw=+1.8deg
[INFO] [1775688216.400131091] [scene_from_vision_node]: Published obj_0 (heartbeat) at x=0.831, y=-0.072, z=-0.332, yaw=+0.0deg
[INFO] [1775688216.404734961] [scene_from_vision_node]: Published obj_4 (heartbeat) at x=0.724, y=0.072, z=0.117, yaw=+1.8deg
[INFO] [1775688218.895375920] [scene_from_vision_node]: Published obj_0 (heartbeat) at x=0.831, y=-0.072, z=-0.332, yaw=+0.0deg
[INFO] [1775688218.902696046] [scene_from_vision_node]: Published obj_4 (heartbeat) at x=0.724, y=0.072, z=0.117, yaw=+1.8deg
[INFO] [1775688220.899804754] [scene_from_vision_node]: Published obj_0 (heartbeat) at x=0.831, y=-0.072, z=-0.332, yaw=+0.0deg
[INFO] [1775688220.901679839] [scene_from_vision_node]: Published obj_4 (heartbeat) at x=0.724, y=0.072, z=0.117, yaw=+1.8deg
[INFO] [1775688223.391848898] [scene_from_vision_node]: Published obj_0 (heartbeat) at x=0.831, y=-0.072, z=-0.332, yaw=+0.0deg
[INFO] [1775688223.397993812] [scene_from_vision_node]: Published obj_4 (heartbeat) at x=0.724, y=0.072, z=0.117, yaw=+1.8deg
[INFO] [1775688225.397993646] [scene_from_vision_node]: Published obj_0 (heartbeat) at x=0.831, y=-0.072, z=-0.332, yaw=+0.0deg
[INFO] [1775688225.415823141] [scene_from_vision_node]: Published obj_4 (heartbeat) at x=0.724, y=0.072, z=0.117, yaw=+1.8deg
[INFO] [1775688227.891582959] [scene_from_vision_node]: Published obj_0 (heartbeat) at x=0.831, y=-0.072, z=-0.332, yaw=+0.0deg
[INFO] [1775688227.901421452] [scene_from_vision_node]: Published obj_4 (heartbeat) at x=0.724, y=0.072, z=0.117, yaw=+1.8deg
[INFO] [1775688229.910045482] [scene_from_vision_node]: Published obj_0 (heartbeat) at x=0.831, y=-0.072, z=-0.332, yaw=+0.0deg
[INFO] [1775688229.916686636] [scene_from_vision_node]: Published obj_4 (heartbeat) at x=0.724, y=0.072, z=0.117, yaw=+1.8deg
[INFO] [1775688232.396311637] [scene_from_vision_node]: Published obj_0 (heartbeat) at x=0.831, y=-0.072, z=-0.332, yaw=+0.0deg
[INFO] [1775688232.397843452] [scene_from_vision_node]: Published obj_4 (heartbeat) at x=0.724, y=0.072, z=0.117, yaw=+1.8deg
[INFO] [1775688234.396819531] [scene_from_vision_node]: Published obj_0 (heartbeat) at x=0.831, y=-0.072, z=-0.332, yaw=+0.0deg
[INFO] [1775688234.407102853] [scene_from_vision_node]: Published obj_4 (heartbeat) at x=0.724, y=0.072, z=0.117, yaw=+1.8deg
[INFO] [1775688236.398000836] [scene_from_vision_node]: Published obj_0 (heartbeat) at x=0.831, y=-0.072, z=-0.332, yaw=+0.0deg
[INFO] [1775688236.405260503] [scene_from_vision_node]: Published obj_4 (heartbeat) at x=0.724, y=0.072, z=0.117, yaw=+1.8deg
[INFO] [1775688238.911543123] [scene_from_vision_node]: Published obj_0 (heartbeat) at x=0.831, y=-0.072, z=-0.332, yaw=+0.0deg
[INFO] [1775688238.932426411] [scene_from_vision_node]: Published obj_4 (heartbeat) at x=0.724, y=0.072, z=0.117, yaw=+1.8deg
[INFO] [1775688241.402282369] [scene_from_vision_node]: Published obj_0 (heartbeat) at x=0.831, y=-0.072, z=-0.332, yaw=+0.0deg
[INFO] [1775688241.404075672] [scene_from_vision_node]: Published obj_4 (heartbeat) at x=0.724, y=0.072, z=0.117, yaw=+1.8deg
[INFO] [1775688243.396019786] [scene_from_vision_node]: Published obj_0 (heartbeat) at x=0.831, y=-0.072, z=-0.332, yaw=+0.0deg
[INFO] [1775688243.397364427] [scene_from_vision_node]: Published obj_4 (heartbeat) at x=0.724, y=0.072, z=0.117, yaw=+1.8deg
[INFO] [1775688245.897960968] [scene_from_vision_node]: Published obj_0 (heartbeat) at x=0.831, y=-0.072, z=-0.332, yaw=+0.0deg
[INFO] [1775688245.901572334] [scene_from_vision_node]: Published obj_4 (heartbeat) at x=0.724, y=0.072, z=0.117, yaw=+1.8deg
