
===== 2026-04-07T13:10:23-04:00 | T1_arm_moveit_rviz =====
cwd=/home/carrt-cse-project/workspace/ros2_kortex_ws
cmd=ros2 launch adl_tasks arm_vbox.launch.py robot_ip:=192.168.0.10 use_fake_hardware:=false vision:=true 

[INFO] [launch]: All log files can be found below /home/carrt-cse-project/.ros/log/2026-04-07-13-10-23-722524-carrt-cse-project-OptiPlex-5050-27735
[INFO] [launch]: Default logging verbosity is set to INFO
[INFO] [launch.user]: [arm_vbox.launch] MoveIt current state source: /joint_states_sanitized. Use use_joint_state_sanitizer:=false for raw-state viewer debugging.
[INFO] [launch.user]: [arm_vbox.launch] Using ADL VBox controller config (share/adl_tasks/config/ros2_controllers_vbox.yaml, update_rate:=125 Hz).
[INFO] [ros2_control_node-1]: process started with pid [27739]
[INFO] [robot_state_publisher-2]: process started with pid [27740]
[INFO] [joint_state_sanitizer-3]: process started with pid [27741]
[INFO] [spawner-4]: process started with pid [27742]
[INFO] [static_transform_publisher-5]: process started with pid [27743]
[INFO] [static_transform_publisher-6]: process started with pid [27744]
[static_transform_publisher-6] [INFO] [1775581824.033559568] [camera_color_optical_bridge_tf_pub]: Spinning until stopped - publishing transform
[static_transform_publisher-6] translation: ('0.000000', '0.000000', '0.000000')
[static_transform_publisher-6] rotation: ('0.000000', '0.000000', '0.000000', '1.000000')
[static_transform_publisher-6] from 'camera_color_frame' to 'wrist_mounted_camera_color_optical_frame'
[robot_state_publisher-2] [INFO] [1775581824.045211497] [robot_state_publisher]: Robot initialized
[static_transform_publisher-5] [INFO] [1775581824.045916436] [static_transform_publisher]: Spinning until stopped - publishing transform
[static_transform_publisher-5] translation: ('0.000000', '0.000000', '0.000000')
[static_transform_publisher-5] rotation: ('0.000000', '0.000000', '0.000000', '1.000000')
[static_transform_publisher-5] from 'world' to 'base_link'
[ros2_control_node-1] [INFO] [1775581824.077876429] [controller_manager]: Using Steady (Monotonic) clock for triggering controller manager cycles.
[ros2_control_node-1] [INFO] [1775581824.088437371] [controller_manager]: Subscribing to '/robot_description' topic for robot description.
[ros2_control_node-1] [INFO] [1775581824.091297367] [controller_manager]: update rate is 125 Hz
[ros2_control_node-1] [INFO] [1775581824.091325567] [controller_manager]: Overruns handling is : enabled
[ros2_control_node-1] [INFO] [1775581824.091335995] [controller_manager]: Spawning controller_manager RT thread with scheduler priority: 50
[ros2_control_node-1] [INFO] [1775581824.091408248] [controller_manager]: Successful set up FIFO RT scheduling policy with priority 50.
[ros2_control_node-1] [INFO] [1775581824.539492247] [controller_manager]: Received robot description from topic.
[ros2_control_node-1] [INFO] [1775581824.539567251] [controller_manager]: Enforcing command limits is disabled. Command limits from URDF will be ignored.
[ros2_control_node-1] [INFO] [1775581824.550044381] [controller_manager]: Loading hardware 'KortexMultiInterfaceHardware' 
[joint_state_sanitizer-3] [INFO] [1775581824.566074164] [joint_state_sanitizer_node]: joint_state_sanitizer started. raw=/joint_states -> sanitized=/joint_states_sanitized
[ros2_control_node-1] [INFO] [1775581824.570863396] [KortexMultiInterfaceHardware]: Setting severity threshold to DEBUG
[ros2_control_node-1] [INFO] [1775581824.570933214] [controller_manager]: Loaded hardware 'KortexMultiInterfaceHardware' from plugin 'kortex_driver/KortexMultiInterfaceHardware'
[ros2_control_node-1] [INFO] [1775581824.571636791] [controller_manager]: Initialize hardware 'KortexMultiInterfaceHardware' 
[ros2_control_node-1] [INFO] [1775581824.599722090] [KortexMultiInterfaceHardware]: Configuring Hardware Interface
[ros2_control_node-1] [INFO] [1775581824.600497859] [KortexMultiInterfaceHardware]: Robot ip is '192.168.0.10'
[ros2_control_node-1] [INFO] [1775581824.600518929] [KortexMultiInterfaceHardware]: Username is 'admin'
[ros2_control_node-1] [INFO] [1775581824.600539026] [KortexMultiInterfaceHardware]: Port used '10000'
[ros2_control_node-1] [INFO] [1775581824.600547279] [KortexMultiInterfaceHardware]: Realtime port used '10001'
[ros2_control_node-1] [INFO] [1775581824.600554818] [KortexMultiInterfaceHardware]: Session inactivity timeout is '60000'
[ros2_control_node-1] [INFO] [1775581824.600561980] [KortexMultiInterfaceHardware]: Connection inactivity timeout is '2000'
[ros2_control_node-1] [INFO] [1775581824.600571211] [KortexMultiInterfaceHardware]: Gripper joint name is 'robotiq_85_left_knuckle_joint'
[ros2_control_node-1] [INFO] [1775581824.600618252] [KortexMultiInterfaceHardware]: Connecting to robot at 192.168.0.10
[ros2_control_node-1] [INFO] [1775581824.609610614] [KortexMultiInterfaceHardware]: Creating session for communication
[spawner-4] [INFO] [1775581824.625022717] [spawner_joint_state_broadcaster]: waiting for service /controller_manager/list_controllers to become available...
[ros2_control_node-1] [INFO] [1775581825.064191945] [KortexMultiInterfaceHardware]: Session created
[ros2_control_node-1] [INFO] [1775581825.866393436] [KortexMultiInterfaceHardware]: Actuator count reported by robot is '7'
[ros2_control_node-1] [INFO] [1775581825.866611215] [KortexMultiInterfaceHardware]: Using internal bus communication for gripper!
[ros2_control_node-1] [INFO] [1775581825.866617071] [KortexMultiInterfaceHardware]: Hardware Interface successfully configured
[ros2_control_node-1] [INFO] [1775581825.866685744] [controller_manager]: Successful initialization of hardware 'KortexMultiInterfaceHardware'
[ros2_control_node-1] [DEBUG] [1775581825.866738292] [KortexMultiInterfaceHardware]: export_state_interfaces for joint: joint_1
[ros2_control_node-1] [DEBUG] [1775581825.866757624] [KortexMultiInterfaceHardware]: export_state_interfaces for joint: joint_2
[ros2_control_node-1] [DEBUG] [1775581825.866761165] [KortexMultiInterfaceHardware]: export_state_interfaces for joint: joint_3
[ros2_control_node-1] [DEBUG] [1775581825.866763827] [KortexMultiInterfaceHardware]: export_state_interfaces for joint: joint_4
[ros2_control_node-1] [DEBUG] [1775581825.866766310] [KortexMultiInterfaceHardware]: export_state_interfaces for joint: joint_5
[ros2_control_node-1] [DEBUG] [1775581825.866769057] [KortexMultiInterfaceHardware]: export_state_interfaces for joint: joint_6
[ros2_control_node-1] [DEBUG] [1775581825.866771383] [KortexMultiInterfaceHardware]: export_state_interfaces for joint: joint_7
[ros2_control_node-1] [DEBUG] [1775581825.866773657] [KortexMultiInterfaceHardware]: export_state_interfaces for joint: robotiq_85_left_knuckle_joint
[ros2_control_node-1] [INFO] [1775581825.869326429] [resource_manager]: 'configure' hardware 'KortexMultiInterfaceHardware' 
[ros2_control_node-1] [INFO] [1775581825.869366734] [resource_manager]: Successful 'configure' of hardware 'KortexMultiInterfaceHardware'
[ros2_control_node-1] [INFO] [1775581825.869441979] [resource_manager]: 'activate' hardware 'KortexMultiInterfaceHardware' 
[ros2_control_node-1] [INFO] [1775581825.869471126] [KortexMultiInterfaceHardware]: Activating KortexMultiInterfaceHardware...
[ros2_control_node-1] [INFO] [1775581825.873326244] [KortexMultiInterfaceHardware]: Gripper initial position is '0.438597'.
[ros2_control_node-1] [INFO] [1775581825.877770260] [KortexMultiInterfaceHardware]: KortexMultiInterfaceHardware successfully activated!
[ros2_control_node-1] [INFO] [1775581825.877795763] [resource_manager]: Successful 'activate' of hardware 'KortexMultiInterfaceHardware'
[ros2_control_node-1] [INFO] [1775581825.877981417] [controller_manager]: Registering statistics for : KortexMultiInterfaceHardware
[ros2_control_node-1] [INFO] [1775581825.878151468] [controller_manager]: Resource Manager has been successfully initialized. Starting Controller Manager services...
[ros2_control_node-1] [WARN] [1775581825.892151880] [controller_manager]: Overrun might occur, Total time : 8574.250 us (Expected < 8000.000 us) --> Read time : 4630.137 us, Update time : 26.342 us, Write time : 3917.771 us
[ros2_control_node-1] [WARN] [1775581825.892206249] [controller_manager]: Overrun detected! The controller manager missed its desired rate of 125 Hz. The loop took 8.665408 ms (missed cycles : 2).
[ros2_control_node-1] [INFO] [1775581826.210015970] [controller_manager]: Loading controller : 'joint_state_broadcaster' of type 'joint_state_broadcaster/JointStateBroadcaster'
[ros2_control_node-1] [INFO] [1775581826.210072973] [controller_manager]: Loading controller 'joint_state_broadcaster'
[ros2_control_node-1] [INFO] [1775581826.220957355] [controller_manager]: Controller 'joint_state_broadcaster' node arguments: --ros-args --params-file /home/carrt-cse-project/workspace/ros2_kortex_ws/install/adl_tasks/share/adl_tasks/config/ros2_controllers_vbox.yaml --params-file /tmp/launch_params_s6jb945z 
[spawner-4] [INFO] [1775581826.245672453] [spawner_joint_state_broadcaster]: Loaded joint_state_broadcaster
[ros2_control_node-1] [INFO] [1775581826.247091798] [controller_manager]: Configuring controller: 'joint_state_broadcaster'
[ros2_control_node-1] [INFO] [1775581826.247368555] [joint_state_broadcaster]: 'joints' or 'interfaces' parameter is empty. All available state interfaces will be published
[ros2_control_node-1] [INFO] [1775581826.261335654] [controller_manager]: Activating controllers: [ joint_state_broadcaster ]
[ros2_control_node-1] [INFO] [1775581826.269612021] [controller_manager]: Successfully switched controllers!
[spawner-4] [INFO] [1775581826.277125762] [spawner_joint_state_broadcaster]: Configured and activated joint_state_broadcaster
[INFO] [spawner-4]: process has finished cleanly [pid 27742]
[INFO] [spawner-7]: process started with pid [27861]
[INFO] [spawner-8]: process started with pid [27862]
[INFO] [spawner-9]: process started with pid [27863]
[INFO] [spawner-10]: process started with pid [27864]
[ros2_control_node-1] [WARN] [1775581827.313147427] [controller_manager]: Overrun might occur, Total time : 13571.481 us (Expected < 8000.000 us) --> Read time : 59.765 us, Update time : 108.064 us, Write time : 13403.652 us
[ros2_control_node-1] [WARN] [1775581827.313232069] [controller_manager]: Overrun detected! The controller manager missed its desired rate of 125 Hz. The loop took 13.690429 ms (missed cycles : 2).
[spawner-9] [INFO] [1775581827.511669217] [spawner_robotiq_gripper_controller]: waiting for service /controller_manager/list_controllers to become available...
[ros2_control_node-1] [INFO] [1775581828.064489247] [controller_manager]: Loading controller : 'robotiq_gripper_controller' of type 'position_controllers/GripperActionController'
[ros2_control_node-1] [INFO] [1775581828.064523444] [controller_manager]: Loading controller 'robotiq_gripper_controller'
[ros2_control_node-1] [INFO] [1775581828.067801352] [controller_manager]: Controller 'robotiq_gripper_controller' node arguments: --ros-args --params-file /home/carrt-cse-project/workspace/ros2_kortex_ws/install/adl_tasks/share/adl_tasks/config/ros2_controllers_vbox.yaml --params-file /tmp/launch_params_s6jb945z 
[ros2_control_node-1] [WARN] [1775581828.083372338] [robotiq_gripper_controller]: [Deprecated]: the `position_controllers/GripperActionController` and `effort_controllers::GripperActionController` controllers are replaced by 'parallel_gripper_controllers/GripperActionController' controller
[spawner-9] [INFO] [1775581828.095218885] [spawner_robotiq_gripper_controller]: Loaded robotiq_gripper_controller
[ros2_control_node-1] [INFO] [1775581828.097012385] [controller_manager]: Configuring controller: 'robotiq_gripper_controller'
[ros2_control_node-1] [INFO] [1775581828.097154049] [robotiq_gripper_controller]: Action status changes will be monitored at 20.000000 Hz.
[ros2_control_node-1] [INFO] [1775581828.186798081] [controller_manager]: Activating controllers: [ robotiq_gripper_controller ]
[ros2_control_node-1] [INFO] [1775581828.392598799] [controller_manager]: Successfully switched controllers!
[spawner-9] [INFO] [1775581828.398589485] [spawner_robotiq_gripper_controller]: Configured and activated robotiq_gripper_controller
[spawner-7] [INFO] [1775581828.504601487] [spawner_joint_trajectory_controller]: waiting for service /controller_manager/list_controllers to become available...
[INFO] [spawner-9]: process has finished cleanly [pid 27863]
[ros2_control_node-1] [INFO] [1775581831.343274858] [controller_manager]: Loading controller : 'joint_trajectory_controller' of type 'joint_trajectory_controller/JointTrajectoryController'
[ros2_control_node-1] [INFO] [1775581831.343309068] [controller_manager]: Loading controller 'joint_trajectory_controller'
[ros2_control_node-1] [INFO] [1775581831.347118984] [controller_manager]: Controller 'joint_trajectory_controller' node arguments: --ros-args --params-file /home/carrt-cse-project/workspace/ros2_kortex_ws/install/adl_tasks/share/adl_tasks/config/ros2_controllers_vbox.yaml --params-file /tmp/launch_params_s6jb945z 
[spawner-7] [INFO] [1775581831.412361273] [spawner_joint_trajectory_controller]: Loaded joint_trajectory_controller
[ros2_control_node-1] [INFO] [1775581831.420323432] [controller_manager]: Configuring controller: 'joint_trajectory_controller'
[ros2_control_node-1] [INFO] [1775581831.421085644] [joint_trajectory_controller]: No specific joint names are used for command interfaces. Using 'joints' parameter.
[ros2_control_node-1] [INFO] [1775581831.421415269] [joint_trajectory_controller]: Command interfaces are [position] and state interfaces are [position velocity].
[ros2_control_node-1] [INFO] [1775581831.421630720] [joint_trajectory_controller]: Using 'splines' interpolation method.
[ros2_control_node-1] [INFO] [1775581831.427216472] [joint_trajectory_controller]: Action status changes will be monitored at 20.00 Hz.
[ros2_control_node-1] [INFO] [1775581831.452929763] [controller_manager]: Activating controllers: [ joint_trajectory_controller ]
[ros2_control_node-1] [INFO] [1775581831.670405345] [controller_manager]: Successfully switched controllers!
[ros2_control_node-1] [WARN] [1775581831.672490616] [controller_manager]: Overrun might occur, Total time : 12920.270 us (Expected < 8000.000 us) --> Read time : 63.600 us, Update time : 10751.036 us (Switch time : 10600.843 us (Switch chained mode time : 5.518 us, perform mode change time : 8854.801 us, Activation time : 1730.900 us, Deactivation time : 1.203 us)), Write time : 2105.634 us
[ros2_control_node-1] [WARN] [1775581831.672549948] [controller_manager]: Overrun detected! The controller manager missed its desired rate of 125 Hz. The loop took 13.008894 ms (missed cycles : 2).
[spawner-7] [INFO] [1775581831.678008106] [spawner_joint_trajectory_controller]: Configured and activated joint_trajectory_controller
[spawner-10] [INFO] [1775581831.865044674] [spawner_fault_controller]: waiting for service /controller_manager/list_controllers to become available...
[INFO] [spawner-7]: process has finished cleanly [pid 27861]
[ros2_control_node-1] [INFO] [1775581832.117699742] [controller_manager]: Loading controller : 'fault_controller' of type 'picknik_reset_fault_controller/PicknikResetFaultController'
[ros2_control_node-1] [INFO] [1775581832.117748027] [controller_manager]: Loading controller 'fault_controller'
[ros2_control_node-1] [INFO] [1775581832.120183430] [controller_manager]: Controller 'fault_controller' node arguments: --ros-args --params-file /home/carrt-cse-project/workspace/ros2_kortex_ws/install/adl_tasks/share/adl_tasks/config/ros2_controllers_vbox.yaml --params-file /tmp/launch_params_s6jb945z 
[spawner-10] [INFO] [1775581832.141979514] [spawner_fault_controller]: Loaded fault_controller
[ros2_control_node-1] [INFO] [1775581832.145440264] [controller_manager]: Configuring controller: 'fault_controller'
[ros2_control_node-1] [INFO] [1775581832.233221491] [controller_manager]: Activating controllers: [ fault_controller ]
[ros2_control_node-1] [INFO] [1775581832.441195548] [controller_manager]: Successfully switched controllers!
[spawner-10] [INFO] [1775581832.453815786] [spawner_fault_controller]: Configured and activated fault_controller
[spawner-8] [INFO] [1775581832.585450888] [spawner_twist_controller]: waiting for service /controller_manager/list_controllers to become available...
[INFO] [spawner-10]: process has finished cleanly [pid 27864]
[INFO] [move_group-11]: process started with pid [27984]
[INFO] [rviz2-12]: process started with pid [27985]
[move_group-11] [INFO] [1775581833.186424108] [move_group.moveit.moveit.ros.rdf_loader]: Loaded robot model in 0.0102209 seconds
[move_group-11] [INFO] [1775581833.187028276] [move_group.moveit.moveit.core.robot_model]: Loading robot model 'gen3'...
[move_group-11] [INFO] [1775581833.187054783] [move_group.moveit.moveit.core.robot_model]: No root/virtual joint specified in SRDF. Assuming fixed joint
[move_group-11] [INFO] [1775581833.346768380] [move_group.moveit.moveit.kinematics.kdl_kinematics_plugin]: Joint weights for group 'manipulator': 1 1 1 1 1 1 1
[rviz2-12] [INFO] [1775581833.489519622] [rviz2]: Stereo is NOT SUPPORTED
[rviz2-12] [INFO] [1775581833.489595587] [rviz2]: OpenGl version: 4.6 (GLSL 4.6)
[rviz2-12] [INFO] [1775581833.512364438] [rviz2]: Stereo is NOT SUPPORTED
[move_group-11] [INFO] [1775581833.720959258] [move_group.moveit.moveit.ros.planning_scene_monitor]: Publishing maintained planning scene on 'monitored_planning_scene'
[move_group-11] [INFO] [1775581833.721138931] [move_group.moveit.moveit.ros.moveit_cpp]: Listening to 'joint_states' for joint states
[move_group-11] [INFO] [1775581833.722110690] [move_group.moveit.moveit.ros.current_state_monitor]: Listening to joint states on topic 'joint_states'
[move_group-11] [INFO] [1775581833.722611595] [move_group.moveit.moveit.ros.planning_scene_monitor]: Listening to '/attached_collision_object' for attached collision objects
[move_group-11] [INFO] [1775581833.722633294] [move_group.moveit.moveit.ros.planning_scene_monitor]: Stopping existing planning scene publisher.
[move_group-11] [INFO] [1775581833.722795581] [move_group.moveit.moveit.ros.planning_scene_monitor]: Stopped publishing maintained planning scene.
[move_group-11] [INFO] [1775581833.723118587] [move_group.moveit.moveit.ros.planning_scene_monitor]: Publishing maintained planning scene on 'monitored_planning_scene'
[move_group-11] [INFO] [1775581833.723208117] [move_group.moveit.moveit.ros.planning_scene_monitor]: Starting planning scene monitor
[move_group-11] [INFO] [1775581833.723585168] [move_group.moveit.moveit.ros.planning_scene_monitor]: Listening to '/planning_scene'
[move_group-11] [INFO] [1775581833.723603825] [move_group.moveit.moveit.ros.planning_scene_monitor]: Starting world geometry update monitor for collision objects, attached objects, octomap updates.
[move_group-11] [INFO] [1775581833.725497384] [move_group.moveit.moveit.ros.planning_scene_monitor]: Listening to 'collision_object'
[move_group-11] [INFO] [1775581833.726706997] [move_group.moveit.moveit.ros.planning_scene_monitor]: Listening to 'planning_scene_world' for planning scene world geometry
[move_group-11] [WARN] [1775581833.727861189] [move_group.moveit.moveit.ros.occupancy_map_monitor]: Resolution not specified for Octomap. Assuming resolution = 0.1 instead
[move_group-11] [ERROR] [1775581833.727910475] [move_group.moveit.moveit.ros.occupancy_map_monitor]: No 3D sensor plugin(s) defined for octomap updates
[ros2_control_node-1] [WARN] [1775581833.781635388] [controller_manager]: Overrun might occur, Total time : 10055.878 us (Expected < 8000.000 us) --> Read time : 63.823 us, Update time : 293.765 us, Write time : 9698.290 us
[ros2_control_node-1] [WARN] [1775581833.781702165] [controller_manager]: Overrun detected! The controller manager missed its desired rate of 125 Hz. The loop took 10.161070 ms (missed cycles : 2).
[rviz2-12] Warning: class_loader.impl: SEVERE WARNING!!! A namespace collision has occurred with plugin factory for class rviz_default_plugins::displays::InteractiveMarkerDisplay. New factory will OVERWRITE existing one. This situation occurs when libraries containing plugins are directly linked against an executable (the one running right now generating this message). Please separate plugins out into their own library or just don't link against the library and use either class_loader::ClassLoader/MultiLibraryClassLoader to open.
[rviz2-12]          at line 321 in /opt/ros/jazzy/include/class_loader/class_loader/class_loader_core.hpp
[rviz2-12] [WARN] [1775581833.890700934] [rcl.logging_rosout]: Publisher already registered for node name: 'rviz2_moveit'. If this is due to multiple nodes with the same name then all logs for the logger named 'rviz2_moveit' will go out over the existing publisher. As soon as any node with that name is destructed it will unregister the publisher, preventing any further logs for that name from being published on the rosout topic.
[move_group-11] [INFO] [1775581834.374499578] [move_group.moveit.moveit.ros.planning_pipeline]: Successfully loaded planner 'OMPL'
[move_group-11] [INFO] [1775581834.381175722] [move_group]: Try loading adapter 'default_planning_request_adapters/ResolveConstraintFrames'
[move_group-11] [INFO] [1775581834.383235907] [move_group]: Loaded adapter 'default_planning_request_adapters/ResolveConstraintFrames'
[move_group-11] [INFO] [1775581834.383271059] [move_group]: Try loading adapter 'default_planning_request_adapters/ValidateWorkspaceBounds'
[move_group-11] [INFO] [1775581834.461496043] [move_group]: Loaded adapter 'default_planning_request_adapters/ValidateWorkspaceBounds'
[move_group-11] [INFO] [1775581834.461526849] [move_group]: Try loading adapter 'default_planning_request_adapters/CheckStartStateBounds'
[move_group-11] [INFO] [1775581834.461577610] [move_group]: Loaded adapter 'default_planning_request_adapters/CheckStartStateBounds'
[move_group-11] [INFO] [1775581834.461589633] [move_group]: Try loading adapter 'default_planning_request_adapters/CheckStartStateCollision'
[move_group-11] [INFO] [1775581834.461613949] [move_group]: Loaded adapter 'default_planning_request_adapters/CheckStartStateCollision'
[ros2_control_node-1] [INFO] [1775581834.466643388] [controller_manager]: Received robot description from topic.
[ros2_control_node-1] [WARN] [1775581834.466690854] [controller_manager]: ResourceManager has already loaded a urdf. Ignoring attempt to reload a robot description.
[move_group-11] [INFO] [1775581834.467428972] [move_group]: Try loading adapter 'default_planning_response_adapters/AddTimeOptimalParameterization'
[move_group-11] [INFO] [1775581834.472475062] [move_group]: Loaded adapter 'default_planning_response_adapters/AddTimeOptimalParameterization'
[move_group-11] [INFO] [1775581834.472530266] [move_group]: Try loading adapter 'default_planning_response_adapters/ValidateSolution'
[move_group-11] [INFO] [1775581834.477380496] [move_group]: Loaded adapter 'default_planning_response_adapters/ValidateSolution'
[move_group-11] [INFO] [1775581834.477415937] [move_group]: Try loading adapter 'default_planning_response_adapters/DisplayMotionPath'
[move_group-11] [INFO] [1775581834.478516360] [move_group]: Loaded adapter 'default_planning_response_adapters/DisplayMotionPath'
[move_group-11] [INFO] [1775581834.550493617] [move_group.moveit.moveit.plugins.simple_controller_manager]: Added FollowJointTrajectory controller for joint_trajectory_controller
[move_group-11] [INFO] [1775581834.550554368] [move_group.moveit.moveit.plugins.simple_controller_manager]: robotiq_gripper_controller will command a max effort of: 0
[move_group-11] [INFO] [1775581834.554800168] [move_group.moveit.moveit.plugins.simple_controller_manager]: Added GripperCommand controller for robotiq_gripper_controller
[move_group-11] [INFO] [1775581834.555026078] [move_group.moveit.moveit.plugins.simple_controller_manager]: Returned 2 controllers in list
[move_group-11] [INFO] [1775581834.555072391] [move_group.moveit.moveit.plugins.simple_controller_manager]: Returned 2 controllers in list
[move_group-11] [INFO] [1775581834.555709365] [move_group.moveit.moveit.ros.trajectory_execution_manager]: Trajectory execution is managing controllers
[move_group-11] [INFO] [1775581834.555732004] [move_group]: MoveGroup debug mode is ON
[ros2_control_node-1] [INFO] [1775581834.598822648] [controller_manager]: Loading controller : 'twist_controller' of type 'picknik_twist_controller/PicknikTwistController'
[ros2_control_node-1] [INFO] [1775581834.598861102] [controller_manager]: Loading controller 'twist_controller'
[move_group-11] [INFO] [1775581834.600424527] [move_group.moveit.moveit.ros.move_group.executable]: 
[move_group-11] 
[move_group-11] ********************************************************
[move_group-11] * MoveGroup using: 
[move_group-11] *     - apply_planning_scene_service
[move_group-11] *     - clear_octomap_service
[move_group-11] *     - get_group_urdf
[move_group-11] *     - load_geometry_from_file
[move_group-11] *     - CartesianPathService
[move_group-11] *     - execute_trajectory_action
[move_group-11] *     - get_planning_scene_service
[move_group-11] *     - kinematics_service
[move_group-11] *     - move_action
[move_group-11] *     - motion_plan_service
[move_group-11] *     - query_planners_service
[move_group-11] *     - state_validation_service
[move_group-11] *     - save_geometry_to_file
[move_group-11] ********************************************************
[move_group-11] 
[move_group-11] [INFO] [1775581834.600482290] [move_group.moveit.moveit.ros.move_group.context]: MoveGroup context using pipeline ompl
[move_group-11] [INFO] [1775581834.600498596] [move_group.moveit.moveit.ros.move_group.context]: MoveGroup context initialization complete
[move_group-11] [96mLoading 'move_group/ApplyPlanningSceneService'...[0m
[move_group-11] [96mLoading 'move_group/ClearOctomapService'...[0m
[move_group-11] [96mLoading 'move_group/GetUrdfService'...[0m
[move_group-11] [96mLoading 'move_group/LoadGeometryFromFileService'...[0m
[move_group-11] [96mLoading 'move_group/MoveGroupCartesianPathService'...[0m
[move_group-11] [96mLoading 'move_group/MoveGroupExecuteTrajectoryAction'...[0m
[move_group-11] [96mLoading 'move_group/MoveGroupGetPlanningSceneService'...[0m
[move_group-11] [96mLoading 'move_group/MoveGroupKinematicsService'...[0m
[move_group-11] [96mLoading 'move_group/MoveGroupMoveAction'...[0m
[move_group-11] [96mLoading 'move_group/MoveGroupPlanService'...[0m
[move_group-11] [96mLoading 'move_group/MoveGroupQueryPlannersService'...[0m
[move_group-11] [96mLoading 'move_group/MoveGroupStateValidationService'...[0m
[move_group-11] [96mLoading 'move_group/SaveGeometryToFileService'...[0m
[move_group-11] 
[move_group-11] [92mYou can start planning now![0m
[move_group-11] 
[ros2_control_node-1] [INFO] [1775581834.606171804] [controller_manager]: Controller 'twist_controller' node arguments: --ros-args --params-file /home/carrt-cse-project/workspace/ros2_kortex_ws/install/adl_tasks/share/adl_tasks/config/ros2_controllers_vbox.yaml --params-file /tmp/launch_params_s6jb945z 
[spawner-8] [INFO] [1775581834.645835582] [spawner_twist_controller]: Loaded twist_controller
[ros2_control_node-1] [INFO] [1775581834.648192446] [controller_manager]: Configuring controller: 'twist_controller'
[ros2_control_node-1] [INFO] [1775581834.650359368] [twist_controller]: configure successful
[INFO] [spawner-8]: process has finished cleanly [pid 27862]
[rviz2-12] [ERROR] [1775581836.982032237] [rviz2_moveit.moveit.ros.motion_planning_frame]: Action server: /recognize_objects not available
[rviz2-12] [INFO] [1775581837.001991985] [rviz2_moveit.moveit.ros.motion_planning_frame]: MoveGroup namespace changed: / -> . Reloading params.
[rviz2-12] [INFO] [1775581837.072159349] [rviz2_moveit.moveit.ros.rdf_loader]: Loaded robot model in 0.011683 seconds
[rviz2-12] [INFO] [1775581837.072309602] [rviz2_moveit.moveit.core.robot_model]: Loading robot model 'gen3'...
[rviz2-12] [INFO] [1775581837.072450188] [rviz2_moveit.moveit.core.robot_model]: No root/virtual joint specified in SRDF. Assuming fixed joint
[rviz2-12] [INFO] [1775581837.244078889] [rviz2_moveit.moveit.kinematics.kdl_kinematics_plugin]: Joint weights for group 'manipulator': 1 1 1 1 1 1 1
[rviz2-12] [INFO] [1775581837.619746211] [rviz2_moveit.moveit.ros.planning_scene_monitor]: Starting planning scene monitor
[rviz2-12] [INFO] [1775581837.620728136] [rviz2_moveit.moveit.ros.planning_scene_monitor]: Listening to '/monitored_planning_scene'
[rviz2-12] [INFO] [1775581837.918244900] [interactive_marker_display_108812697986672]: Connected on namespace: /rviz_moveit_motion_planning_display/robot_interaction_interactive_marker_topic
[rviz2-12] [INFO] [1775581837.924526948] [rviz2_moveit.moveit.ros.robot_interaction]: No active joints or end effectors found for group 'gripper'. Make sure that kinematics.yaml is loaded in this node's namespace.
[rviz2-12] [INFO] [1775581837.925176372] [rviz2_moveit.moveit.ros.robot_interaction]: No active joints or end effectors found for group 'gripper'. Make sure that kinematics.yaml is loaded in this node's namespace.
[rviz2-12] [INFO] [1775581837.936927356] [interactive_marker_display_108812697986672]: Sending request for interactive markers
[rviz2-12] [INFO] [1775581837.969842927] [interactive_marker_display_108812697986672]: Service response received for initialization
[rviz2-12] [INFO] [1775581838.014674934] [rviz2_moveit.moveit.ros.motion_planning_frame]: group gripper
[rviz2-12] [INFO] [1775581838.014730812] [rviz2_moveit.moveit.ros.motion_planning_frame]: Constructing new MoveGroup connection for group 'gripper' in namespace ''
[rviz2-12] [INFO] [1775581838.036948116] [rviz2_moveit.moveit.ros.move_group_interface]: Ready to take commands for planning group gripper.
[rviz2-12] [INFO] [1775581838.042106210] [rviz2_moveit.moveit.ros.motion_planning_frame]: group gripper
[ros2_control_node-1] [WARN] [1775581841.243556041] [controller_manager]: Overrun detected! The controller manager missed its desired rate of 125 Hz. The loop took 8.011104 ms (missed cycles : 2).
[ros2_control_node-1] [WARN] [1775581841.276407503] [controller_manager]: Overrun might occur, Total time : 8826.854 us (Expected < 8000.000 us) --> Read time : 73.947 us, Update time : 284.379 us, Write time : 8468.528 us
[ros2_control_node-1] [WARN] [1775581843.749152270] [controller_manager]: Overrun might occur, Total time : 9560.864 us (Expected < 8000.000 us) --> Read time : 87.013 us, Update time : 290.072 us, Write time : 9183.779 us
[ros2_control_node-1] [WARN] [1775581843.749280465] [controller_manager]: Overrun detected! The controller manager missed its desired rate of 125 Hz. The loop took 9.739008 ms (missed cycles : 2).
[ros2_control_node-1] [WARN] [1775581844.876537413] [controller_manager]: Overrun might occur, Total time : 8973.308 us (Expected < 8000.000 us) --> Read time : 35.952 us, Update time : 232.116 us, Write time : 8705.240 us
[ros2_control_node-1] [WARN] [1775581844.876629440] [controller_manager]: Overrun detected! The controller manager missed its desired rate of 125 Hz. The loop took 9.088407 ms (missed cycles : 2).
[ros2_control_node-1] [WARN] [1775581846.788394501] [controller_manager]: Overrun might occur, Total time : 8785.875 us (Expected < 8000.000 us) --> Read time : 122.908 us, Update time : 345.248 us, Write time : 8317.719 us
[ros2_control_node-1] [WARN] [1775581846.788475202] [controller_manager]: Overrun detected! The controller manager missed its desired rate of 125 Hz. The loop took 8.933621 ms (missed cycles : 2).
[ros2_control_node-1] [WARN] [1775581849.106370465] [controller_manager]: Overrun might occur, Total time : 14794.401 us (Expected < 8000.000 us) --> Read time : 61.315 us, Update time : 266.743 us, Write time : 14466.343 us
[ros2_control_node-1] [WARN] [1775581849.106453866] [controller_manager]: Overrun detected! The controller manager missed its desired rate of 125 Hz. The loop took 14.912907 ms (missed cycles : 2).
[ros2_control_node-1] [WARN] [1775581854.360515423] [controller_manager]: Overrun might occur, Total time : 12924.825 us (Expected < 8000.000 us) --> Read time : 62.771 us, Update time : 291.328 us, Write time : 12570.726 us
[ros2_control_node-1] [WARN] [1775581854.360695697] [controller_manager]: Overrun detected! The controller manager missed its desired rate of 125 Hz. The loop took 13.153186 ms (missed cycles : 2).
[ros2_control_node-1] [WARN] [1775581855.524104694] [controller_manager]: Overrun might occur, Total time : 8530.442 us (Expected < 8000.000 us) --> Read time : 54.549 us, Update time : 305.544 us, Write time : 8170.349 us
[ros2_control_node-1] [WARN] [1775581855.524176901] [controller_manager]: Overrun detected! The controller manager missed its desired rate of 125 Hz. The loop took 8.635953 ms (missed cycles : 2).
[ros2_control_node-1] [WARN] [1775581856.626365242] [controller_manager]: Overrun might occur, Total time : 14779.799 us (Expected < 8000.000 us) --> Read time : 92.806 us, Update time : 305.851 us, Write time : 14381.142 us
[ros2_control_node-1] [WARN] [1775581856.626449470] [controller_manager]: Overrun detected! The controller manager missed its desired rate of 125 Hz. The loop took 14.907888 ms (missed cycles : 2).
[ros2_control_node-1] [WARN] [1775581857.859725213] [controller_manager]: Overrun might occur, Total time : 8158.030 us (Expected < 8000.000 us) --> Read time : 46.278 us, Update time : 314.967 us, Write time : 7796.785 us
[ros2_control_node-1] [WARN] [1775581857.859811604] [controller_manager]: Overrun detected! The controller manager missed its desired rate of 125 Hz. The loop took 8.270107 ms (missed cycles : 2).
[ros2_control_node-1] [WARN] [1775581859.862680167] [controller_manager]: Overrun might occur, Total time : 11096.590 us (Expected < 8000.000 us) --> Read time : 61.225 us, Update time : 274.467 us, Write time : 10760.898 us
[ros2_control_node-1] [WARN] [1775581859.862759497] [controller_manager]: Overrun detected! The controller manager missed its desired rate of 125 Hz. The loop took 11.218219 ms (missed cycles : 2).
[ros2_control_node-1] [WARN] [1775581866.413280568] [controller_manager]: Overrun might occur, Total time : 49695.972 us (Expected < 8000.000 us) --> Read time : 61.266 us, Update time : 269.256 us, Write time : 49365.450 us
[ros2_control_node-1] [WARN] [1775581866.413416405] [controller_manager]: Overrun detected! The controller manager missed its desired rate of 125 Hz. The loop took 49.873887 ms (missed cycles : 7).
[ros2_control_node-1] [WARN] [1775581869.763803904] [controller_manager]: Overrun might occur, Total time : 8227.752 us (Expected < 8000.000 us) --> Read time : 60.799 us, Update time : 277.603 us, Write time : 7889.350 us
[ros2_control_node-1] [WARN] [1775581869.763873542] [controller_manager]: Overrun detected! The controller manager missed its desired rate of 125 Hz. The loop took 8.332340 ms (missed cycles : 2).
[ros2_control_node-1] [WARN] [1775581873.373356599] [controller_manager]: Overrun might occur, Total time : 9764.110 us (Expected < 8000.000 us) --> Read time : 77.174 us, Update time : 324.959 us, Write time : 9361.977 us
[ros2_control_node-1] [WARN] [1775581873.373435383] [controller_manager]: Overrun detected! The controller manager missed its desired rate of 125 Hz. The loop took 9.893467 ms (missed cycles : 2).
[ros2_control_node-1] [WARN] [1775581874.879722649] [controller_manager]: Overrun might occur, Total time : 20129.783 us (Expected < 8000.000 us) --> Read time : 72.828 us, Update time : 274.614 us, Write time : 19782.341 us
[ros2_control_node-1] [WARN] [1775581874.879810085] [controller_manager]: Overrun detected! The controller manager missed its desired rate of 125 Hz. The loop took 20.268869 ms (missed cycles : 3).
[ros2_control_node-1] [WARN] [1775581876.995836714] [controller_manager]: Overrun might occur, Total time : 8266.045 us (Expected < 8000.000 us) --> Read time : 53.575 us, Update time : 208.333 us, Write time : 8004.137 us
[ros2_control_node-1] [WARN] [1775581876.995918299] [controller_manager]: Overrun detected! The controller manager missed its desired rate of 125 Hz. The loop took 8.377076 ms (missed cycles : 2).
[ros2_control_node-1] [WARN] [1775581878.923637098] [controller_manager]: Overrun detected! The controller manager missed its desired rate of 125 Hz. The loop took 8.083746 ms (missed cycles : 2).
[ros2_control_node-1] [WARN] [1775581881.383366521] [controller_manager]: Overrun might occur, Total time : 19790.537 us (Expected < 8000.000 us) --> Read time : 58.192 us, Update time : 255.787 us, Write time : 19476.558 us
[ros2_control_node-1] [WARN] [1775581881.383443087] [controller_manager]: Overrun detected! The controller manager missed its desired rate of 125 Hz. The loop took 19.902052 ms (missed cycles : 3).
[ros2_control_node-1] [WARN] [1775581882.525476756] [controller_manager]: Overrun might occur, Total time : 9903.533 us (Expected < 8000.000 us) --> Read time : 58.678 us, Update time : 263.332 us, Write time : 9581.523 us
[ros2_control_node-1] [WARN] [1775581882.525562590] [controller_manager]: Overrun detected! The controller manager missed its desired rate of 125 Hz. The loop took 10.021031 ms (missed cycles : 2).
[ros2_control_node-1] [WARN] [1775581884.454982346] [controller_manager]: Overrun might occur, Total time : 11401.364 us (Expected < 8000.000 us) --> Read time : 73.043 us, Update time : 315.672 us, Write time : 11012.649 us
[ros2_control_node-1] [WARN] [1775581884.455067458] [controller_manager]: Overrun detected! The controller manager missed its desired rate of 125 Hz. The loop took 11.525929 ms (missed cycles : 2).
[ros2_control_node-1] [WARN] [1775581885.475548189] [controller_manager]: Overrun detected! The controller manager missed its desired rate of 125 Hz. The loop took 8.001702 ms (missed cycles : 2).
[ros2_control_node-1] [WARN] [1775581886.115428784] [controller_manager]: Overrun might occur, Total time : 15847.598 us (Expected < 8000.000 us) --> Read time : 61.798 us, Update time : 280.862 us, Write time : 15504.938 us
[ros2_control_node-1] [WARN] [1775581886.501098326] [controller_manager]: Overrun detected! The controller manager missed its desired rate of 125 Hz. The loop took 9.557147 ms (missed cycles : 2).
[ros2_control_node-1] [WARN] [1775581888.467614004] [controller_manager]: Overrun detected! The controller manager missed its desired rate of 125 Hz. The loop took 8.069827 ms (missed cycles : 2).
[ros2_control_node-1] [WARN] [1775581889.532483720] [controller_manager]: Overrun might occur, Total time : 8904.514 us (Expected < 8000.000 us) --> Read time : 72.800 us, Update time : 299.419 us, Write time : 8532.295 us
[ros2_control_node-1] [WARN] [1775581889.532561572] [controller_manager]: Overrun detected! The controller manager missed its desired rate of 125 Hz. The loop took 9.020550 ms (missed cycles : 2).
[ros2_control_node-1] [WARN] [1775581890.701429273] [controller_manager]: Overrun might occur, Total time : 9846.983 us (Expected < 8000.000 us) --> Read time : 88.387 us, Update time : 283.061 us, Write time : 9475.535 us
[ros2_control_node-1] [WARN] [1775581890.701536806] [controller_manager]: Overrun detected! The controller manager missed its desired rate of 125 Hz. The loop took 9.995511 ms (missed cycles : 2).
[ros2_control_node-1] [WARN] [1775581893.070455953] [controller_manager]: Overrun might occur, Total time : 10878.031 us (Expected < 8000.000 us) --> Read time : 52.176 us, Update time : 223.963 us, Write time : 10601.892 us
[ros2_control_node-1] [WARN] [1775581893.070563577] [controller_manager]: Overrun detected! The controller manager missed its desired rate of 125 Hz. The loop took 11.021371 ms (missed cycles : 2).
[ros2_control_node-1] [WARN] [1775581896.156029338] [controller_manager]: Overrun might occur, Total time : 8456.318 us (Expected < 8000.000 us) --> Read time : 57.046 us, Update time : 247.776 us, Write time : 8151.496 us
[ros2_control_node-1] [WARN] [1775581896.156125629] [controller_manager]: Overrun detected! The controller manager missed its desired rate of 125 Hz. The loop took 8.584228 ms (missed cycles : 2).
[ros2_control_node-1] [WARN] [1775581897.724184806] [controller_manager]: Overrun might occur, Total time : 8589.628 us (Expected < 8000.000 us) --> Read time : 100.920 us, Update time : 329.999 us, Write time : 8158.709 us
[ros2_control_node-1] [WARN] [1775581897.724297036] [controller_manager]: Overrun detected! The controller manager missed its desired rate of 125 Hz. The loop took 8.755204 ms (missed cycles : 2).
[ros2_control_node-1] [WARN] [1775581901.716087694] [controller_manager]: Overrun might occur, Total time : 8504.969 us (Expected < 8000.000 us) --> Read time : 66.491 us, Update time : 294.930 us, Write time : 8143.548 us
[ros2_control_node-1] [WARN] [1775581901.716203836] [controller_manager]: Overrun detected! The controller manager missed its desired rate of 125 Hz. The loop took 8.661173 ms (missed cycles : 2).
[ros2_control_node-1] [WARN] [1775581905.611599180] [controller_manager]: Overrun detected! The controller manager missed its desired rate of 125 Hz. The loop took 8.054448 ms (missed cycles : 2).
[ros2_control_node-1] [WARN] [1775581909.264380200] [controller_manager]: Overrun might occur, Total time : 12804.243 us (Expected < 8000.000 us) --> Read time : 49.646 us, Update time : 225.802 us, Write time : 12528.795 us
[ros2_control_node-1] [WARN] [1775581909.264451573] [controller_manager]: Overrun detected! The controller manager missed its desired rate of 125 Hz. The loop took 12.909988 ms (missed cycles : 2).
[ros2_control_node-1] [WARN] [1775581911.763320109] [controller_manager]: Overrun might occur, Total time : 15726.638 us (Expected < 8000.000 us) --> Read time : 79.984 us, Update time : 444.425 us, Write time : 15202.229 us
[ros2_control_node-1] [WARN] [1775581911.763466011] [controller_manager]: Overrun detected! The controller manager missed its desired rate of 125 Hz. The loop took 15.924172 ms (missed cycles : 2).
[ros2_control_node-1] [WARN] [1775581915.725674239] [controller_manager]: Overrun might occur, Total time : 10095.863 us (Expected < 8000.000 us) --> Read time : 60.808 us, Update time : 294.530 us, Write time : 9740.525 us
[ros2_control_node-1] [WARN] [1775581915.725759249] [controller_manager]: Overrun detected! The controller manager missed its desired rate of 125 Hz. The loop took 10.217805 ms (missed cycles : 2).
[ros2_control_node-1] [WARN] [1775581917.510372070] [controller_manager]: Overrun might occur, Total time : 10793.966 us (Expected < 8000.000 us) --> Read time : 58.668 us, Update time : 282.092 us, Write time : 10453.206 us
[ros2_control_node-1] [WARN] [1775581917.510464947] [controller_manager]: Overrun detected! The controller manager missed its desired rate of 125 Hz. The loop took 10.923779 ms (missed cycles : 2).
[ros2_control_node-1] [WARN] [1775581919.564399735] [controller_manager]: Overrun might occur, Total time : 8826.492 us (Expected < 8000.000 us) --> Read time : 55.093 us, Update time : 239.746 us, Write time : 8531.653 us
[ros2_control_node-1] [WARN] [1775581919.564477061] [controller_manager]: Overrun detected! The controller manager missed its desired rate of 125 Hz. The loop took 8.935844 ms (missed cycles : 2).
[ros2_control_node-1] [WARN] [1775581921.662387563] [controller_manager]: Overrun might occur, Total time : 18809.614 us (Expected < 8000.000 us) --> Read time : 73.888 us, Update time : 231.108 us, Write time : 18504.618 us
[ros2_control_node-1] [WARN] [1775581921.662459106] [controller_manager]: Overrun detected! The controller manager missed its desired rate of 125 Hz. The loop took 18.917834 ms (missed cycles : 3).
[ros2_control_node-1] [WARN] [1775581922.903629557] [controller_manager]: Overrun might occur, Total time : 12057.506 us (Expected < 8000.000 us) --> Read time : 66.182 us, Update time : 245.553 us, Write time : 11745.771 us
[ros2_control_node-1] [WARN] [1775581922.903700954] [controller_manager]: Overrun detected! The controller manager missed its desired rate of 125 Hz. The loop took 12.160261 ms (missed cycles : 2).
[ros2_control_node-1] [WARN] [1775581925.846408245] [controller_manager]: Overrun might occur, Total time : 10831.662 us (Expected < 8000.000 us) --> Read time : 58.498 us, Update time : 232.031 us, Write time : 10541.133 us
[ros2_control_node-1] [WARN] [1775581925.846507299] [controller_manager]: Overrun detected! The controller manager missed its desired rate of 125 Hz. The loop took 10.965558 ms (missed cycles : 2).
[ros2_control_node-1] [WARN] [1775581926.848444835] [controller_manager]: Overrun might occur, Total time : 12853.833 us (Expected < 8000.000 us) --> Read time : 69.018 us, Update time : 280.025 us, Write time : 12504.790 us
[ros2_control_node-1] [WARN] [1775581926.848584167] [controller_manager]: Overrun detected! The controller manager missed its desired rate of 125 Hz. The loop took 13.042064 ms (missed cycles : 2).
[ros2_control_node-1] [WARN] [1775581928.102389685] [controller_manager]: Overrun might occur, Total time : 10817.137 us (Expected < 8000.000 us) --> Read time : 55.379 us, Update time : 243.910 us, Write time : 10517.848 us
[ros2_control_node-1] [WARN] [1775581928.102465165] [controller_manager]: Overrun detected! The controller manager missed its desired rate of 125 Hz. The loop took 10.923845 ms (missed cycles : 2).
[ros2_control_node-1] [WARN] [1775581932.859772637] [controller_manager]: Overrun might occur, Total time : 8192.989 us (Expected < 8000.000 us) --> Read time : 71.422 us, Update time : 280.741 us, Write time : 7840.826 us
[ros2_control_node-1] [WARN] [1775581932.859849864] [controller_manager]: Overrun detected! The controller manager missed its desired rate of 125 Hz. The loop took 8.308079 ms (missed cycles : 2).
[ros2_control_node-1] [WARN] [1775581934.581336819] [controller_manager]: Overrun might occur, Total time : 9743.524 us (Expected < 8000.000 us) --> Read time : 84.779 us, Update time : 361.032 us, Write time : 9297.713 us
[ros2_control_node-1] [WARN] [1775581934.581466058] [controller_manager]: Overrun detected! The controller manager missed its desired rate of 125 Hz. The loop took 9.923123 ms (missed cycles : 2).
[ros2_control_node-1] [WARN] [1775581936.731559541] [controller_manager]: Overrun might occur, Total time : 23971.628 us (Expected < 8000.000 us) --> Read time : 75.135 us, Update time : 293.945 us, Write time : 23602.548 us
[ros2_control_node-1] [WARN] [1775581936.731641591] [controller_manager]: Overrun detected! The controller manager missed its desired rate of 125 Hz. The loop took 24.100157 ms (missed cycles : 4).
[ros2_control_node-1] [WARN] [1775581937.764829759] [controller_manager]: Overrun might occur, Total time : 9238.716 us (Expected < 8000.000 us) --> Read time : 123.227 us, Update time : 534.347 us, Write time : 8581.142 us
[ros2_control_node-1] [WARN] [1775581937.764906037] [controller_manager]: Overrun detected! The controller manager missed its desired rate of 125 Hz. The loop took 9.365050 ms (missed cycles : 2).
[ros2_control_node-1] [WARN] [1775581939.947591324] [controller_manager]: Overrun detected! The controller manager missed its desired rate of 125 Hz. The loop took 8.047425 ms (missed cycles : 2).
[ros2_control_node-1] [WARN] [1775581940.925723289] [controller_manager]: Overrun might occur, Total time : 10137.269 us (Expected < 8000.000 us) --> Read time : 65.749 us, Update time : 286.181 us, Write time : 9785.339 us
[ros2_control_node-1] [WARN] [1775581941.380497249] [controller_manager]: Overrun detected! The controller manager missed its desired rate of 125 Hz. The loop took 16.956182 ms (missed cycles : 3).
[ros2_control_node-1] [WARN] [1775581942.313085730] [controller_manager]: Overrun might occur, Total time : 21484.887 us (Expected < 8000.000 us) --> Read time : 117.088 us, Update time : 385.665 us, Write time : 20982.134 us
[ros2_control_node-1] [WARN] [1775581943.503375068] [controller_manager]: Overrun might occur, Total time : 11802.020 us (Expected < 8000.000 us) --> Read time : 54.610 us, Update time : 233.606 us, Write time : 11513.804 us
[ros2_control_node-1] [WARN] [1775581943.503464810] [controller_manager]: Overrun detected! The controller manager missed its desired rate of 125 Hz. The loop took 11.923601 ms (missed cycles : 2).
[ros2_control_node-1] [WARN] [1775581944.956488965] [controller_manager]: Overrun might occur, Total time : 8892.355 us (Expected < 8000.000 us) --> Read time : 90.775 us, Update time : 417.605 us, Write time : 8383.975 us
[ros2_control_node-1] [WARN] [1775581944.956612344] [controller_manager]: Overrun detected! The controller manager missed its desired rate of 125 Hz. The loop took 9.070581 ms (missed cycles : 2).
[ros2_control_node-1] [WARN] [1775581946.309386406] [controller_manager]: Overrun might occur, Total time : 9802.778 us (Expected < 8000.000 us) --> Read time : 61.582 us, Update time : 266.609 us, Write time : 9474.587 us
[ros2_control_node-1] [WARN] [1775581946.309471590] [controller_manager]: Overrun detected! The controller manager missed its desired rate of 125 Hz. The loop took 9.929906 ms (missed cycles : 2).
[ros2_control_node-1] [WARN] [1775581947.646901357] [controller_manager]: Overrun might occur, Total time : 27314.854 us (Expected < 8000.000 us) --> Read time : 68.775 us, Update time : 359.060 us, Write time : 26887.019 us
[ros2_control_node-1] [WARN] [1775581947.646979293] [controller_manager]: Overrun detected! The controller manager missed its desired rate of 125 Hz. The loop took 27.438441 ms (missed cycles : 4).
[ros2_control_node-1] [WARN] [1775581948.852913419] [controller_manager]: Overrun might occur, Total time : 9293.877 us (Expected < 8000.000 us) --> Read time : 201.382 us, Update time : 430.440 us, Write time : 8662.055 us
[ros2_control_node-1] [WARN] [1775581948.853005683] [controller_manager]: Overrun detected! The controller manager missed its desired rate of 125 Hz. The loop took 9.463434 ms (missed cycles : 2).
[ros2_control_node-1] [WARN] [1775581950.823207499] [controller_manager]: Overrun might occur, Total time : 11605.014 us (Expected < 8000.000 us) --> Read time : 121.333 us, Update time : 567.200 us, Write time : 10916.481 us
[ros2_control_node-1] [WARN] [1775581950.823304311] [controller_manager]: Overrun detected! The controller manager missed its desired rate of 125 Hz. The loop took 11.763209 ms (missed cycles : 2).
[ros2_control_node-1] [WARN] [1775581952.124858753] [controller_manager]: Overrun might occur, Total time : 9278.466 us (Expected < 8000.000 us) --> Read time : 58.931 us, Update time : 253.122 us, Write time : 8966.413 us
[ros2_control_node-1] [WARN] [1775581952.125001735] [controller_manager]: Overrun detected! The controller manager missed its desired rate of 125 Hz. The loop took 9.458799 ms (missed cycles : 2).
[ros2_control_node-1] [WARN] [1775581953.325796932] [controller_manager]: Overrun might occur, Total time : 10219.399 us (Expected < 8000.000 us) --> Read time : 60.305 us, Update time : 277.113 us, Write time : 9881.981 us
[ros2_control_node-1] [WARN] [1775581953.325876792] [controller_manager]: Overrun detected! The controller manager missed its desired rate of 125 Hz. The loop took 10.336292 ms (missed cycles : 2).
[ros2_control_node-1] [WARN] [1775581954.641389428] [controller_manager]: Overrun might occur, Total time : 13792.070 us (Expected < 8000.000 us) --> Read time : 91.682 us, Update time : 429.357 us, Write time : 13271.031 us
[ros2_control_node-1] [WARN] [1775581954.641478275] [controller_manager]: Overrun detected! The controller manager missed its desired rate of 125 Hz. The loop took 13.935891 ms (missed cycles : 2).
[ros2_control_node-1] [WARN] [1775581956.548372092] [controller_manager]: Overrun might occur, Total time : 8792.276 us (Expected < 8000.000 us) --> Read time : 65.348 us, Update time : 332.288 us, Write time : 8394.640 us
[ros2_control_node-1] [WARN] [1775581956.548472009] [controller_manager]: Overrun detected! The controller manager missed its desired rate of 125 Hz. The loop took 8.930693 ms (missed cycles : 2).
[ros2_control_node-1] [WARN] [1775581958.260733585] [controller_manager]: Overrun might occur, Total time : 9159.906 us (Expected < 8000.000 us) --> Read time : 54.605 us, Update time : 244.075 us, Write time : 8861.226 us
[ros2_control_node-1] [WARN] [1775581958.260823911] [controller_manager]: Overrun detected! The controller manager missed its desired rate of 125 Hz. The loop took 9.281858 ms (missed cycles : 2).
[ros2_control_node-1] [WARN] [1775581961.380482447] [controller_manager]: Overrun might occur, Total time : 8890.706 us (Expected < 8000.000 us) --> Read time : 55.697 us, Update time : 237.273 us, Write time : 8597.736 us
[ros2_control_node-1] [WARN] [1775581961.380579980] [controller_manager]: Overrun detected! The controller manager missed its desired rate of 125 Hz. The loop took 9.038105 ms (missed cycles : 2).
[ros2_control_node-1] [WARN] [1775581962.637542777] [controller_manager]: Overrun might occur, Total time : 9963.075 us (Expected < 8000.000 us) --> Read time : 72.505 us, Update time : 311.264 us, Write time : 9579.306 us
[ros2_control_node-1] [WARN] [1775581962.637627480] [controller_manager]: Overrun detected! The controller manager missed its desired rate of 125 Hz. The loop took 10.085617 ms (missed cycles : 2).
[ros2_control_node-1] [WARN] [1775581965.147962470] [controller_manager]: Overrun might occur, Total time : 8336.620 us (Expected < 8000.000 us) --> Read time : 162.326 us, Update time : 344.439 us, Write time : 7829.855 us
[ros2_control_node-1] [WARN] [1775581965.148058011] [controller_manager]: Overrun detected! The controller manager missed its desired rate of 125 Hz. The loop took 8.517241 ms (missed cycles : 2).
[ros2_control_node-1] [WARN] [1775581968.428383921] [controller_manager]: Overrun might occur, Total time : 16770.664 us (Expected < 8000.000 us) --> Read time : 134.202 us, Update time : 598.056 us, Write time : 16038.406 us
[ros2_control_node-1] [WARN] [1775581968.428472694] [controller_manager]: Overrun detected! The controller manager missed its desired rate of 125 Hz. The loop took 16.931168 ms (missed cycles : 3).
[ros2_control_node-1] [WARN] [1775581971.469150056] [controller_manager]: Overrun might occur, Total time : 9572.710 us (Expected < 8000.000 us) --> Read time : 62.540 us, Update time : 293.920 us, Write time : 9216.250 us
[ros2_control_node-1] [WARN] [1775581971.469287849] [controller_manager]: Overrun detected! The controller manager missed its desired rate of 125 Hz. The loop took 9.744725 ms (missed cycles : 2).
[ros2_control_node-1] [WARN] [1775581974.207443773] [controller_manager]: Overrun might occur, Total time : 11869.058 us (Expected < 8000.000 us) --> Read time : 63.134 us, Update time : 332.455 us, Write time : 11473.469 us
[ros2_control_node-1] [WARN] [1775581974.207520134] [controller_manager]: Overrun detected! The controller manager missed its desired rate of 125 Hz. The loop took 11.979074 ms (missed cycles : 2).
[ros2_control_node-1] [WARN] [1775581977.941414446] [controller_manager]: Overrun might occur, Total time : 9834.537 us (Expected < 8000.000 us) --> Read time : 55.418 us, Update time : 323.255 us, Write time : 9455.864 us
[ros2_control_node-1] [WARN] [1775581977.941491654] [controller_manager]: Overrun detected! The controller manager missed its desired rate of 125 Hz. The loop took 9.950484 ms (missed cycles : 2).
[ros2_control_node-1] [WARN] [1775581979.294186612] [controller_manager]: Overrun might occur, Total time : 10606.904 us (Expected < 8000.000 us) --> Read time : 61.404 us, Update time : 272.270 us, Write time : 10273.230 us
[ros2_control_node-1] [WARN] [1775581979.294339716] [controller_manager]: Overrun detected! The controller manager missed its desired rate of 125 Hz. The loop took 10.797106 ms (missed cycles : 2).
[ros2_control_node-1] [WARN] [1775581981.090699652] [controller_manager]: Overrun might occur, Total time : 31112.882 us (Expected < 8000.000 us) --> Read time : 73.393 us, Update time : 554.770 us, Write time : 30484.719 us
[ros2_control_node-1] [WARN] [1775581981.090778482] [controller_manager]: Overrun detected! The controller manager missed its desired rate of 125 Hz. The loop took 31.237245 ms (missed cycles : 4).
[ros2_control_node-1] [WARN] [1775581982.724866573] [controller_manager]: Overrun might occur, Total time : 9273.494 us (Expected < 8000.000 us) --> Read time : 103.385 us, Update time : 344.222 us, Write time : 8825.887 us
[ros2_control_node-1] [WARN] [1775581982.724957586] [controller_manager]: Overrun detected! The controller manager missed its desired rate of 125 Hz. The loop took 9.415888 ms (missed cycles : 2).
[ros2_control_node-1] [WARN] [1775581984.727688198] [controller_manager]: Overrun might occur, Total time : 12105.445 us (Expected < 8000.000 us) --> Read time : 61.375 us, Update time : 253.895 us, Write time : 11790.175 us
[ros2_control_node-1] [WARN] [1775581984.727771114] [controller_manager]: Overrun detected! The controller manager missed its desired rate of 125 Hz. The loop took 12.229090 ms (missed cycles : 2).
[ros2_control_node-1] [WARN] [1775581988.151390792] [controller_manager]: Overrun might occur, Total time : 11803.204 us (Expected < 8000.000 us) --> Read time : 93.258 us, Update time : 342.371 us, Write time : 11367.575 us
[ros2_control_node-1] [WARN] [1775581988.151485329] [controller_manager]: Overrun detected! The controller manager missed its desired rate of 125 Hz. The loop took 11.943802 ms (missed cycles : 2).
[ros2_control_node-1] [WARN] [1775581991.108908084] [controller_manager]: Overrun might occur, Total time : 9331.935 us (Expected < 8000.000 us) --> Read time : 63.201 us, Update time : 247.566 us, Write time : 9021.168 us
[ros2_control_node-1] [WARN] [1775581991.108987046] [controller_manager]: Overrun detected! The controller manager missed its desired rate of 125 Hz. The loop took 9.445638 ms (missed cycles : 2).
[ros2_control_node-1] [WARN] [1775581993.326387405] [controller_manager]: Overrun might occur, Total time : 10789.167 us (Expected < 8000.000 us) --> Read time : 108.197 us, Update time : 423.624 us, Write time : 10257.346 us
[ros2_control_node-1] [WARN] [1775581993.326486036] [controller_manager]: Overrun detected! The controller manager missed its desired rate of 125 Hz. The loop took 10.944262 ms (missed cycles : 2).
[ros2_control_node-1] [WARN] [1775581998.356671795] [controller_manager]: Overrun might occur, Total time : 9089.416 us (Expected < 8000.000 us) --> Read time : 79.805 us, Update time : 316.684 us, Write time : 8692.927 us
[ros2_control_node-1] [WARN] [1775581998.356764572] [controller_manager]: Overrun detected! The controller manager missed its desired rate of 125 Hz. The loop took 9.222861 ms (missed cycles : 2).
[ros2_control_node-1] [WARN] [1775582000.428527712] [controller_manager]: Overrun might occur, Total time : 8937.635 us (Expected < 8000.000 us) --> Read time : 82.771 us, Update time : 348.037 us, Write time : 8506.827 us
[ros2_control_node-1] [WARN] [1775582000.428632675] [controller_manager]: Overrun detected! The controller manager missed its desired rate of 125 Hz. The loop took 9.090673 ms (missed cycles : 2).
[ros2_control_node-1] [WARN] [1775582002.148449414] [controller_manager]: Overrun might occur, Total time : 8876.749 us (Expected < 8000.000 us) --> Read time : 55.514 us, Update time : 248.333 us, Write time : 8572.902 us
[ros2_control_node-1] [WARN] [1775582002.148534856] [controller_manager]: Overrun detected! The controller manager missed its desired rate of 125 Hz. The loop took 8.993475 ms (missed cycles : 2).
[ros2_control_node-1] [WARN] [1775582004.104214391] [controller_manager]: Overrun might occur, Total time : 12637.297 us (Expected < 8000.000 us) --> Read time : 55.689 us, Update time : 264.027 us, Write time : 12317.581 us
[ros2_control_node-1] [WARN] [1775582004.104335594] [controller_manager]: Overrun detected! The controller manager missed its desired rate of 125 Hz. The loop took 12.793551 ms (missed cycles : 2).
[ros2_control_node-1] [WARN] [1775582005.240489087] [controller_manager]: Overrun might occur, Total time : 12908.743 us (Expected < 8000.000 us) --> Read time : 66.603 us, Update time : 292.033 us, Write time : 12550.107 us
[ros2_control_node-1] [WARN] [1775582005.240569064] [controller_manager]: Overrun detected! The controller manager missed its desired rate of 125 Hz. The loop took 13.027478 ms (missed cycles : 2).
[ros2_control_node-1] [WARN] [1775582006.996514107] [controller_manager]: Overrun might occur, Total time : 8938.864 us (Expected < 8000.000 us) --> Read time : 59.376 us, Update time : 249.085 us, Write time : 8630.403 us
[ros2_control_node-1] [WARN] [1775582006.996593543] [controller_manager]: Overrun detected! The controller manager missed its desired rate of 125 Hz. The loop took 9.052903 ms (missed cycles : 2).
[ros2_control_node-1] [WARN] [1775582009.286621441] [controller_manager]: Overrun might occur, Total time : 11034.454 us (Expected < 8000.000 us) --> Read time : 135.006 us, Update time : 355.919 us, Write time : 10543.529 us
[ros2_control_node-1] [WARN] [1775582009.286688754] [controller_manager]: Overrun detected! The controller manager missed its desired rate of 125 Hz. The loop took 11.148088 ms (missed cycles : 2).
[ros2_control_node-1] [WARN] [1775582011.786436954] [controller_manager]: Overrun might occur, Total time : 22848.123 us (Expected < 8000.000 us) --> Read time : 61.941 us, Update time : 264.468 us, Write time : 22521.714 us
[ros2_control_node-1] [WARN] [1775582011.786563377] [controller_manager]: Overrun detected! The controller manager missed its desired rate of 125 Hz. The loop took 23.021596 ms (missed cycles : 3).
[ros2_control_node-1] [WARN] [1775582012.804109678] [controller_manager]: Overrun might occur, Total time : 8524.583 us (Expected < 8000.000 us) --> Read time : 72.766 us, Update time : 350.176 us, Write time : 8101.641 us
[ros2_control_node-1] [WARN] [1775582012.804246161] [controller_manager]: Overrun detected! The controller manager missed its desired rate of 125 Hz. The loop took 8.704208 ms (missed cycles : 2).
[ros2_control_node-1] [WARN] [1775582014.286562521] [controller_manager]: Overrun might occur, Total time : 10981.588 us (Expected < 8000.000 us) --> Read time : 63.313 us, Update time : 260.767 us, Write time : 10657.508 us
[ros2_control_node-1] [WARN] [1775582014.286697169] [controller_manager]: Overrun detected! The controller manager missed its desired rate of 125 Hz. The loop took 11.154609 ms (missed cycles : 2).
[ros2_control_node-1] [WARN] [1775582016.655436971] [controller_manager]: Overrun might occur, Total time : 19853.311 us (Expected < 8000.000 us) --> Read time : 55.420 us, Update time : 262.287 us, Write time : 19535.604 us
[ros2_control_node-1] [WARN] [1775582016.655531057] [controller_manager]: Overrun detected! The controller manager missed its desired rate of 125 Hz. The loop took 19.990009 ms (missed cycles : 3).
[ros2_control_node-1] [WARN] [1775582018.982039956] [controller_manager]: Overrun might occur, Total time : 10458.505 us (Expected < 8000.000 us) --> Read time : 46.757 us, Update time : 283.838 us, Write time : 10127.910 us
[ros2_control_node-1] [WARN] [1775582018.982145886] [controller_manager]: Overrun detected! The controller manager missed its desired rate of 125 Hz. The loop took 10.604704 ms (missed cycles : 2).
[ros2_control_node-1] [WARN] [1775582021.000386945] [controller_manager]: Overrun might occur, Total time : 12797.369 us (Expected < 8000.000 us) --> Read time : 56.400 us, Update time : 257.880 us, Write time : 12483.089 us
[ros2_control_node-1] [WARN] [1775582021.000478391] [controller_manager]: Overrun detected! The controller manager missed its desired rate of 125 Hz. The loop took 12.936730 ms (missed cycles : 2).
[ros2_control_node-1] [WARN] [1775582026.875596044] [controller_manager]: Overrun detected! The controller manager missed its desired rate of 125 Hz. The loop took 8.050929 ms (missed cycles : 2).
[ros2_control_node-1] [WARN] [1775582027.059633127] [controller_manager]: Overrun might occur, Total time : 8054.049 us (Expected < 8000.000 us) --> Read time : 74.513 us, Update time : 325.642 us, Write time : 7653.894 us
[ros2_control_node-1] [WARN] [1775582028.332494683] [controller_manager]: Overrun might occur, Total time : 8904.470 us (Expected < 8000.000 us) --> Read time : 90.685 us, Update time : 325.850 us, Write time : 8487.935 us
[ros2_control_node-1] [WARN] [1775582028.332561712] [controller_manager]: Overrun detected! The controller manager missed its desired rate of 125 Hz. The loop took 9.020889 ms (missed cycles : 2).
[ros2_control_node-1] [WARN] [1775582030.432395269] [controller_manager]: Overrun might occur, Total time : 44820.115 us (Expected < 8000.000 us) --> Read time : 56.300 us, Update time : 247.491 us, Write time : 44516.324 us
[ros2_control_node-1] [WARN] [1775582030.432477724] [controller_manager]: Overrun detected! The controller manager missed its desired rate of 125 Hz. The loop took 44.936381 ms (missed cycles : 6).
[ros2_control_node-1] [WARN] [1775582033.013769783] [controller_manager]: Overrun might occur, Total time : 10169.493 us (Expected < 8000.000 us) --> Read time : 123.931 us, Update time : 431.657 us, Write time : 9613.905 us
[ros2_control_node-1] [WARN] [1775582033.013874062] [controller_manager]: Overrun detected! The controller manager missed its desired rate of 125 Hz. The loop took 10.331561 ms (missed cycles : 2).
[ros2_control_node-1] [WARN] [1775582034.340488346] [controller_manager]: Overrun might occur, Total time : 8909.417 us (Expected < 8000.000 us) --> Read time : 52.203 us, Update time : 253.734 us, Write time : 8603.480 us
[ros2_control_node-1] [WARN] [1775582034.340619091] [controller_manager]: Overrun detected! The controller manager missed its desired rate of 125 Hz. The loop took 9.077547 ms (missed cycles : 2).
[ros2_control_node-1] [WARN] [1775582037.724447400] [controller_manager]: Overrun might occur, Total time : 8860.778 us (Expected < 8000.000 us) --> Read time : 73.399 us, Update time : 315.809 us, Write time : 8471.570 us
[ros2_control_node-1] [WARN] [1775582037.724528547] [controller_manager]: Overrun detected! The controller manager missed its desired rate of 125 Hz. The loop took 8.986064 ms (missed cycles : 2).
[ros2_control_node-1] [WARN] [1775582039.205379441] [controller_manager]: Overrun might occur, Total time : 9784.593 us (Expected < 8000.000 us) --> Read time : 115.898 us, Update time : 615.682 us, Write time : 9053.013 us
[ros2_control_node-1] [WARN] [1775582039.205456938] [controller_manager]: Overrun detected! The controller manager missed its desired rate of 125 Hz. The loop took 9.915558 ms (missed cycles : 2).
[ros2_control_node-1] [WARN] [1775582040.253923200] [controller_manager]: Overrun might occur, Total time : 10338.595 us (Expected < 8000.000 us) --> Read time : 81.223 us, Update time : 342.740 us, Write time : 9914.632 us
[ros2_control_node-1] [WARN] [1775582040.254021258] [controller_manager]: Overrun detected! The controller manager missed its desired rate of 125 Hz. The loop took 10.479283 ms (missed cycles : 2).
[ros2_control_node-1] [WARN] [1775582041.276379941] [controller_manager]: Overrun might occur, Total time : 8804.605 us (Expected < 8000.000 us) --> Read time : 59.630 us, Update time : 239.750 us, Write time : 8505.225 us
[ros2_control_node-1] [WARN] [1775582041.276484435] [controller_manager]: Overrun detected! The controller manager missed its desired rate of 125 Hz. The loop took 8.941689 ms (missed cycles : 2).
[ros2_control_node-1] [WARN] [1775582042.846391884] [controller_manager]: Overrun might occur, Total time : 10815.073 us (Expected < 8000.000 us) --> Read time : 62.959 us, Update time : 260.305 us, Write time : 10491.809 us
[ros2_control_node-1] [WARN] [1775582042.846485012] [controller_manager]: Overrun detected! The controller manager missed its desired rate of 125 Hz. The loop took 10.943462 ms (missed cycles : 2).
[ros2_control_node-1] [WARN] [1775582045.021363331] [controller_manager]: Overrun might occur, Total time : 9784.448 us (Expected < 8000.000 us) --> Read time : 61.553 us, Update time : 252.859 us, Write time : 9470.036 us
[ros2_control_node-1] [WARN] [1775582045.021460177] [controller_manager]: Overrun detected! The controller manager missed its desired rate of 125 Hz. The loop took 9.918884 ms (missed cycles : 2).
[ros2_control_node-1] [WARN] [1775582046.900387248] [controller_manager]: Overrun might occur, Total time : 8794.825 us (Expected < 8000.000 us) --> Read time : 125.325 us, Update time : 454.103 us, Write time : 8215.397 us
[ros2_control_node-1] [WARN] [1775582046.900479555] [controller_manager]: Overrun detected! The controller manager missed its desired rate of 125 Hz. The loop took 8.937824 ms (missed cycles : 2).
[ros2_control_node-1] [WARN] [1775582048.019101725] [controller_manager]: Overrun might occur, Total time : 15488.584 us (Expected < 8000.000 us) --> Read time : 97.468 us, Update time : 338.987 us, Write time : 15052.129 us
[ros2_control_node-1] [WARN] [1775582048.019226357] [controller_manager]: Overrun detected! The controller manager missed its desired rate of 125 Hz. The loop took 15.683745 ms (missed cycles : 2).
[ros2_control_node-1] [WARN] [1775582051.579959583] [controller_manager]: Overrun might occur, Total time : 8381.848 us (Expected < 8000.000 us) --> Read time : 51.457 us, Update time : 294.124 us, Write time : 8036.267 us
[ros2_control_node-1] [WARN] [1775582051.580085267] [controller_manager]: Overrun detected! The controller manager missed its desired rate of 125 Hz. The loop took 8.542652 ms (missed cycles : 2).
[ros2_control_node-1] [WARN] [1775582053.323822905] [controller_manager]: Overrun might occur, Total time : 8228.752 us (Expected < 8000.000 us) --> Read time : 81.619 us, Update time : 352.316 us, Write time : 7794.817 us
[ros2_control_node-1] [WARN] [1775582053.323896671] [controller_manager]: Overrun detected! The controller manager missed its desired rate of 125 Hz. The loop took 8.355084 ms (missed cycles : 2).
[ros2_control_node-1] [WARN] [1775582055.125746743] [controller_manager]: Overrun might occur, Total time : 26169.802 us (Expected < 8000.000 us) --> Read time : 57.502 us, Update time : 222.319 us, Write time : 25889.981 us
[ros2_control_node-1] [WARN] [1775582055.125830046] [controller_manager]: Overrun detected! The controller manager missed its desired rate of 125 Hz. The loop took 26.288776 ms (missed cycles : 4).
[ros2_control_node-1] [WARN] [1775582056.147581741] [controller_manager]: Overrun detected! The controller manager missed its desired rate of 125 Hz. The loop took 8.038424 ms (missed cycles : 2).
[ros2_control_node-1] [WARN] [1775582056.393926278] [controller_manager]: Overrun might occur, Total time : 14343.554 us (Expected < 8000.000 us) --> Read time : 57.682 us, Update time : 277.991 us, Write time : 14007.881 us
[ros2_control_node-1] [WARN] [1775582057.755845861] [controller_manager]: Overrun might occur, Total time : 8243.392 us (Expected < 8000.000 us) --> Read time : 95.618 us, Update time : 402.123 us, Write time : 7745.651 us
[ros2_control_node-1] [WARN] [1775582057.755982737] [controller_manager]: Overrun detected! The controller manager missed its desired rate of 125 Hz. The loop took 8.439750 ms (missed cycles : 2).
[ros2_control_node-1] [WARN] [1775582061.060502830] [controller_manager]: Overrun might occur, Total time : 8910.410 us (Expected < 8000.000 us) --> Read time : 56.708 us, Update time : 242.344 us, Write time : 8611.358 us
[ros2_control_node-1] [WARN] [1775582061.060690474] [controller_manager]: Overrun detected! The controller manager missed its desired rate of 125 Hz. The loop took 9.147533 ms (missed cycles : 2).
[ros2_control_node-1] [WARN] [1775582062.303380555] [controller_manager]: Overrun might occur, Total time : 19776.225 us (Expected < 8000.000 us) --> Read time : 94.930 us, Update time : 354.673 us, Write time : 19326.622 us
[ros2_control_node-1] [WARN] [1775582062.303473220] [controller_manager]: Overrun detected! The controller manager missed its desired rate of 125 Hz. The loop took 19.931561 ms (missed cycles : 3).
[ros2_control_node-1] [WARN] [1775582064.576442730] [controller_manager]: Overrun might occur, Total time : 12852.164 us (Expected < 8000.000 us) --> Read time : 60.520 us, Update time : 333.944 us, Write time : 12457.700 us
[ros2_control_node-1] [WARN] [1775582064.576566658] [controller_manager]: Overrun detected! The controller manager missed its desired rate of 125 Hz. The loop took 13.024493 ms (missed cycles : 2).
[ros2_control_node-1] [WARN] [1775582066.863030869] [controller_manager]: Overrun might occur, Total time : 19429.062 us (Expected < 8000.000 us) --> Read time : 69.830 us, Update time : 348.208 us, Write time : 19011.024 us
[ros2_control_node-1] [WARN] [1775582066.863115192] [controller_manager]: Overrun detected! The controller manager missed its desired rate of 125 Hz. The loop took 19.573736 ms (missed cycles : 3).
[ros2_control_node-1] [WARN] [1775582070.380378222] [controller_manager]: Overrun might occur, Total time : 8797.732 us (Expected < 8000.000 us) --> Read time : 65.395 us, Update time : 266.588 us, Write time : 8465.749 us
[ros2_control_node-1] [WARN] [1775582070.380467709] [controller_manager]: Overrun detected! The controller manager missed its desired rate of 125 Hz. The loop took 8.926261 ms (missed cycles : 2).
[ros2_control_node-1] [WARN] [1775582072.429206730] [controller_manager]: Overrun might occur, Total time : 9589.994 us (Expected < 8000.000 us) --> Read time : 153.142 us, Update time : 618.217 us, Write time : 8818.635 us
[ros2_control_node-1] [WARN] [1775582072.429312196] [controller_manager]: Overrun detected! The controller manager missed its desired rate of 125 Hz. The loop took 9.770340 ms (missed cycles : 2).
