
===== 2026-04-08T11:53:48-04:00 | T1_arm =====
cwd=/home/carrt-cse-project/workspace/ros2_kortex_ws
cmd=ros2 launch adl_tasks arm_vbox.launch.py robot_ip:=192.168.0.1 use_fake_hardware:=true 

[INFO] [launch]: All log files can be found below /home/carrt-cse-project/.ros/log/2026-04-08-11-53-48-524102-carrt-cse-project-OptiPlex-5050-10628
[INFO] [launch]: Default logging verbosity is set to INFO
[INFO] [launch.user]: [arm_vbox.launch] MoveIt current state source: /joint_states_sanitized. Use use_joint_state_sanitizer:=false for raw-state viewer debugging.
[INFO] [launch.user]: [arm_vbox.launch] Using ADL VBox controller config (share/adl_tasks/config/ros2_controllers_vbox.yaml, update_rate:=125 Hz).
[INFO] [launch.user]: [arm_vbox.launch] use_fake_hardware:=true. RViz/MoveIt will follow fake controller state instead of the physical Kinova arm.
[INFO] [ros2_control_node-1]: process started with pid [10640]
[INFO] [robot_state_publisher-2]: process started with pid [10641]
[INFO] [joint_state_sanitizer-3]: process started with pid [10642]
[INFO] [spawner-4]: process started with pid [10643]
[INFO] [static_transform_publisher-5]: process started with pid [10644]
[INFO] [static_transform_publisher-6]: process started with pid [10645]
[static_transform_publisher-5] [INFO] [1775663628.795736418] [static_transform_publisher]: Spinning until stopped - publishing transform
[static_transform_publisher-5] translation: ('0.000000', '0.000000', '0.000000')
[static_transform_publisher-5] rotation: ('0.000000', '0.000000', '0.000000', '1.000000')
[static_transform_publisher-5] from 'world' to 'base_link'
[static_transform_publisher-6] [INFO] [1775663628.795951816] [camera_color_optical_bridge_tf_pub]: Spinning until stopped - publishing transform
[static_transform_publisher-6] translation: ('0.000000', '0.000000', '0.000000')
[static_transform_publisher-6] rotation: ('0.000000', '0.000000', '0.000000', '1.000000')
[static_transform_publisher-6] from 'camera_color_frame' to 'wrist_mounted_camera_color_optical_frame'
[robot_state_publisher-2] [INFO] [1775663628.796886652] [robot_state_publisher]: Robot initialized
[ros2_control_node-1] [INFO] [1775663628.826745855] [controller_manager]: Using Steady (Monotonic) clock for triggering controller manager cycles.
[ros2_control_node-1] [INFO] [1775663628.840770351] [controller_manager]: Subscribing to '/robot_description' topic for robot description.
[ros2_control_node-1] [INFO] [1775663628.844136687] [controller_manager]: update rate is 125 Hz
[ros2_control_node-1] [INFO] [1775663628.844168630] [controller_manager]: Overruns handling is : enabled
[ros2_control_node-1] [INFO] [1775663628.844181683] [controller_manager]: Spawning controller_manager RT thread with scheduler priority: 50
[ros2_control_node-1] [INFO] [1775663628.844356240] [controller_manager]: Successful set up FIFO RT scheduling policy with priority 50.
[ros2_control_node-1] [INFO] [1775663629.124309420] [controller_manager]: Received robot description from topic.
[ros2_control_node-1] [INFO] [1775663629.124361487] [controller_manager]: Enforcing command limits is disabled. Command limits from URDF will be ignored.
[ros2_control_node-1] [INFO] [1775663629.131900309] [controller_manager]: Loading hardware 'KortexMultiInterfaceHardware' 
[ros2_control_node-1] [INFO] [1775663629.133214021] [controller_manager]: Loaded hardware 'KortexMultiInterfaceHardware' from plugin 'mock_components/GenericSystem'
[ros2_control_node-1] [INFO] [1775663629.133653311] [controller_manager]: Initialize hardware 'KortexMultiInterfaceHardware' 
[ros2_control_node-1] [INFO] [1775663629.142448791] [controller_manager]: Successful initialization of hardware 'KortexMultiInterfaceHardware'
[ros2_control_node-1] [INFO] [1775663629.143472848] [controller_manager]: Loading hardware 'RobotiqGripperHardwareInterface' 
[ros2_control_node-1] [INFO] [1775663629.143588080] [controller_manager]: Loaded hardware 'RobotiqGripperHardwareInterface' from plugin 'mock_components/GenericSystem'
[ros2_control_node-1] [INFO] [1775663629.143781700] [controller_manager]: Initialize hardware 'RobotiqGripperHardwareInterface' 
[ros2_control_node-1] [INFO] [1775663629.152941138] [controller_manager]: Successful initialization of hardware 'RobotiqGripperHardwareInterface'
[ros2_control_node-1] [INFO] [1775663629.153551752] [resource_manager]: 'configure' hardware 'RobotiqGripperHardwareInterface' 
[ros2_control_node-1] [INFO] [1775663629.153687333] [resource_manager]: Successful 'configure' of hardware 'RobotiqGripperHardwareInterface'
[ros2_control_node-1] [INFO] [1775663629.153704590] [resource_manager]: 'activate' hardware 'RobotiqGripperHardwareInterface' 
[ros2_control_node-1] [INFO] [1775663629.153735892] [resource_manager]: Successful 'activate' of hardware 'RobotiqGripperHardwareInterface'
[ros2_control_node-1] [INFO] [1775663629.153891945] [resource_manager]: 'configure' hardware 'KortexMultiInterfaceHardware' 
[ros2_control_node-1] [INFO] [1775663629.153932816] [resource_manager]: Successful 'configure' of hardware 'KortexMultiInterfaceHardware'
[ros2_control_node-1] [INFO] [1775663629.153964061] [resource_manager]: 'activate' hardware 'KortexMultiInterfaceHardware' 
[ros2_control_node-1] [INFO] [1775663629.153970193] [resource_manager]: Successful 'activate' of hardware 'KortexMultiInterfaceHardware'
[ros2_control_node-1] [INFO] [1775663629.154038967] [controller_manager]: Registering statistics for : RobotiqGripperHardwareInterface
[ros2_control_node-1] [INFO] [1775663629.154196360] [controller_manager]: Registering statistics for : KortexMultiInterfaceHardware
[ros2_control_node-1] [INFO] [1775663629.154289451] [controller_manager]: Resource Manager has been successfully initialized. Starting Controller Manager services...
[spawner-4] [INFO] [1775663629.261173412] [spawner_joint_state_broadcaster]: waiting for service /controller_manager/list_controllers to become available...
[joint_state_sanitizer-3] [INFO] [1775663629.312478543] [joint_state_sanitizer_node]: joint_state_sanitizer started. raw=/joint_states -> sanitized=/joint_states_sanitized
[ros2_control_node-1] [INFO] [1775663629.517268552] [controller_manager]: Loading controller : 'joint_state_broadcaster' of type 'joint_state_broadcaster/JointStateBroadcaster'
[ros2_control_node-1] [INFO] [1775663629.517401049] [controller_manager]: Loading controller 'joint_state_broadcaster'
[ros2_control_node-1] [INFO] [1775663629.539904877] [controller_manager]: Controller 'joint_state_broadcaster' node arguments: --ros-args --params-file /home/carrt-cse-project/workspace/ros2_kortex_ws/install/adl_tasks/share/adl_tasks/config/ros2_controllers_vbox.yaml --params-file /tmp/launch_params_szohe_a8 
[spawner-4] [INFO] [1775663629.567160288] [spawner_joint_state_broadcaster]: Loaded joint_state_broadcaster
[ros2_control_node-1] [INFO] [1775663629.568626170] [controller_manager]: Configuring controller: 'joint_state_broadcaster'
[ros2_control_node-1] [INFO] [1775663629.568987336] [joint_state_broadcaster]: 'joints' or 'interfaces' parameter is empty. All available state interfaces will be published
[ros2_control_node-1] [INFO] [1775663629.590954151] [controller_manager]: Activating controllers: [ joint_state_broadcaster ]
[ros2_control_node-1] [INFO] [1775663629.598199537] [controller_manager]: Successfully switched controllers!
[spawner-4] [INFO] [1775663629.606922794] [spawner_joint_state_broadcaster]: Configured and activated joint_state_broadcaster
[INFO] [spawner-4]: process has finished cleanly [pid 10643]
[INFO] [spawner-7]: process started with pid [10742]
[INFO] [spawner-8]: process started with pid [10743]
[INFO] [spawner-9]: process started with pid [10744]
[spawner-9] [INFO] [1775663630.775149802] [spawner_robotiq_gripper_controller]: waiting for service /controller_manager/list_controllers to become available...
[ros2_control_node-1] [INFO] [1775663633.316385761] [controller_manager]: Loading controller : 'robotiq_gripper_controller' of type 'position_controllers/GripperActionController'
[ros2_control_node-1] [INFO] [1775663633.316452296] [controller_manager]: Loading controller 'robotiq_gripper_controller'
[ros2_control_node-1] [INFO] [1775663633.319715238] [controller_manager]: Controller 'robotiq_gripper_controller' node arguments: --ros-args --params-file /home/carrt-cse-project/workspace/ros2_kortex_ws/install/adl_tasks/share/adl_tasks/config/ros2_controllers_vbox.yaml --params-file /tmp/launch_params_szohe_a8 
[ros2_control_node-1] [WARN] [1775663633.329137653] [robotiq_gripper_controller]: [Deprecated]: the `position_controllers/GripperActionController` and `effort_controllers::GripperActionController` controllers are replaced by 'parallel_gripper_controllers/GripperActionController' controller
[spawner-9] [INFO] [1775663633.334384271] [spawner_robotiq_gripper_controller]: Loaded robotiq_gripper_controller
[ros2_control_node-1] [INFO] [1775663633.335582795] [controller_manager]: Configuring controller: 'robotiq_gripper_controller'
[ros2_control_node-1] [INFO] [1775663633.335700143] [robotiq_gripper_controller]: Action status changes will be monitored at 20.000000 Hz.
[ros2_control_node-1] [INFO] [1775663633.342111220] [controller_manager]: Activating controllers: [ robotiq_gripper_controller ]
[ros2_control_node-1] [INFO] [1775663633.354220082] [controller_manager]: Successfully switched controllers!
[spawner-9] [INFO] [1775663633.358646608] [spawner_robotiq_gripper_controller]: Configured and activated robotiq_gripper_controller
[spawner-7] [INFO] [1775663633.463603412] [spawner_joint_trajectory_controller]: waiting for service /controller_manager/list_controllers to become available...
[INFO] [spawner-9]: process has finished cleanly [pid 10744]
[ros2_control_node-1] [INFO] [1775663633.976668088] [controller_manager]: Loading controller : 'joint_trajectory_controller' of type 'joint_trajectory_controller/JointTrajectoryController'
[ros2_control_node-1] [INFO] [1775663633.976752890] [controller_manager]: Loading controller 'joint_trajectory_controller'
[ros2_control_node-1] [INFO] [1775663633.990803875] [controller_manager]: Controller 'joint_trajectory_controller' node arguments: --ros-args --params-file /home/carrt-cse-project/workspace/ros2_kortex_ws/install/adl_tasks/share/adl_tasks/config/ros2_controllers_vbox.yaml --params-file /tmp/launch_params_szohe_a8 
[spawner-7] [INFO] [1775663634.038777684] [spawner_joint_trajectory_controller]: Loaded joint_trajectory_controller
[ros2_control_node-1] [INFO] [1775663634.039879753] [controller_manager]: Configuring controller: 'joint_trajectory_controller'
[ros2_control_node-1] [INFO] [1775663634.040645085] [joint_trajectory_controller]: No specific joint names are used for command interfaces. Using 'joints' parameter.
[ros2_control_node-1] [INFO] [1775663634.040923045] [joint_trajectory_controller]: Command interfaces are [position] and state interfaces are [position velocity].
[ros2_control_node-1] [INFO] [1775663634.041072751] [joint_trajectory_controller]: Using 'splines' interpolation method.
[ros2_control_node-1] [INFO] [1775663634.044689691] [joint_trajectory_controller]: Action status changes will be monitored at 20.00 Hz.
[ros2_control_node-1] [INFO] [1775663634.054499809] [controller_manager]: Activating controllers: [ joint_trajectory_controller ]
[ros2_control_node-1] [INFO] [1775663634.061764222] [controller_manager]: Successfully switched controllers!
[spawner-7] [INFO] [1775663634.070371712] [spawner_joint_trajectory_controller]: Configured and activated joint_trajectory_controller
[spawner-8] [INFO] [1775663634.174675299] [spawner_twist_controller]: waiting for service /controller_manager/list_controllers to become available...
[INFO] [spawner-7]: process has finished cleanly [pid 10742]
[ros2_control_node-1] [INFO] [1775663634.799148954] [controller_manager]: Loading controller : 'twist_controller' of type 'picknik_twist_controller/PicknikTwistController'
[ros2_control_node-1] [INFO] [1775663634.799235007] [controller_manager]: Loading controller 'twist_controller'
[ros2_control_node-1] [INFO] [1775663634.808357992] [controller_manager]: Controller 'twist_controller' node arguments: --ros-args --params-file /home/carrt-cse-project/workspace/ros2_kortex_ws/install/adl_tasks/share/adl_tasks/config/ros2_controllers_vbox.yaml --params-file /tmp/launch_params_szohe_a8 
[spawner-8] [INFO] [1775663634.847156996] [spawner_twist_controller]: Loaded twist_controller
[ros2_control_node-1] [INFO] [1775663634.848320113] [controller_manager]: Configuring controller: 'twist_controller'
[ros2_control_node-1] [INFO] [1775663634.850154719] [twist_controller]: configure successful
[INFO] [spawner-8]: process has finished cleanly [pid 10743]
[INFO] [move_group-10]: process started with pid [10801]
[INFO] [rviz2-11]: process started with pid [10802]
[move_group-10] [INFO] [1775663635.457516557] [move_group.moveit.moveit.ros.rdf_loader]: Loaded robot model in 0.00660367 seconds
[move_group-10] [INFO] [1775663635.457623599] [move_group.moveit.moveit.core.robot_model]: Loading robot model 'gen3'...
[move_group-10] [INFO] [1775663635.457638298] [move_group.moveit.moveit.core.robot_model]: No root/virtual joint specified in SRDF. Assuming fixed joint
[move_group-10] [INFO] [1775663635.583211660] [move_group.moveit.moveit.kinematics.kdl_kinematics_plugin]: Joint weights for group 'manipulator': 1 1 1 1 1 1 1
[rviz2-11] [INFO] [1775663635.690243664] [rviz2]: Stereo is NOT SUPPORTED
[rviz2-11] [INFO] [1775663635.690336074] [rviz2]: OpenGl version: 4.6 (GLSL 4.6)
[rviz2-11] [INFO] [1775663635.712819809] [rviz2]: Stereo is NOT SUPPORTED
[rviz2-11] Warning: class_loader.impl: SEVERE WARNING!!! A namespace collision has occurred with plugin factory for class rviz_default_plugins::displays::InteractiveMarkerDisplay. New factory will OVERWRITE existing one. This situation occurs when libraries containing plugins are directly linked against an executable (the one running right now generating this message). Please separate plugins out into their own library or just don't link against the library and use either class_loader::ClassLoader/MultiLibraryClassLoader to open.
[rviz2-11]          at line 321 in /opt/ros/jazzy/include/class_loader/class_loader/class_loader_core.hpp
[rviz2-11] [WARN] [1775663635.871690372] [rcl.logging_rosout]: Publisher already registered for node name: 'rviz2_moveit'. If this is due to multiple nodes with the same name then all logs for the logger named 'rviz2_moveit' will go out over the existing publisher. As soon as any node with that name is destructed it will unregister the publisher, preventing any further logs for that name from being published on the rosout topic.
[move_group-10] [INFO] [1775663635.926798135] [move_group.moveit.moveit.ros.planning_scene_monitor]: Publishing maintained planning scene on 'monitored_planning_scene'
[move_group-10] [INFO] [1775663635.926951047] [move_group.moveit.moveit.ros.moveit_cpp]: Listening to 'joint_states' for joint states
[move_group-10] [INFO] [1775663635.927873749] [move_group.moveit.moveit.ros.current_state_monitor]: Listening to joint states on topic 'joint_states'
[move_group-10] [INFO] [1775663635.928334622] [move_group.moveit.moveit.ros.planning_scene_monitor]: Listening to '/attached_collision_object' for attached collision objects
[move_group-10] [INFO] [1775663635.928352142] [move_group.moveit.moveit.ros.planning_scene_monitor]: Stopping existing planning scene publisher.
[move_group-10] [INFO] [1775663635.928524667] [move_group.moveit.moveit.ros.planning_scene_monitor]: Stopped publishing maintained planning scene.
[move_group-10] [INFO] [1775663635.928836109] [move_group.moveit.moveit.ros.planning_scene_monitor]: Publishing maintained planning scene on 'monitored_planning_scene'
[move_group-10] [INFO] [1775663635.928918807] [move_group.moveit.moveit.ros.planning_scene_monitor]: Starting planning scene monitor
[move_group-10] [INFO] [1775663635.929838861] [move_group.moveit.moveit.ros.planning_scene_monitor]: Listening to '/planning_scene'
[move_group-10] [INFO] [1775663635.929860041] [move_group.moveit.moveit.ros.planning_scene_monitor]: Starting world geometry update monitor for collision objects, attached objects, octomap updates.
[move_group-10] [INFO] [1775663635.930195676] [move_group.moveit.moveit.ros.planning_scene_monitor]: Listening to 'collision_object'
[move_group-10] [INFO] [1775663635.930545359] [move_group.moveit.moveit.ros.planning_scene_monitor]: Listening to 'planning_scene_world' for planning scene world geometry
[move_group-10] [WARN] [1775663635.931291345] [move_group.moveit.moveit.ros.occupancy_map_monitor]: Resolution not specified for Octomap. Assuming resolution = 0.1 instead
[move_group-10] [ERROR] [1775663635.931310747] [move_group.moveit.moveit.ros.occupancy_map_monitor]: No 3D sensor plugin(s) defined for octomap updates
[move_group-10] [INFO] [1775663636.126513956] [move_group.moveit.moveit.ros.planning_pipeline]: Successfully loaded planner 'OMPL'
[move_group-10] [INFO] [1775663636.129744028] [move_group]: Try loading adapter 'default_planning_request_adapters/ResolveConstraintFrames'
[move_group-10] [INFO] [1775663636.130923119] [move_group]: Loaded adapter 'default_planning_request_adapters/ResolveConstraintFrames'
[move_group-10] [INFO] [1775663636.130937189] [move_group]: Try loading adapter 'default_planning_request_adapters/ValidateWorkspaceBounds'
[move_group-10] [INFO] [1775663636.131146634] [move_group]: Loaded adapter 'default_planning_request_adapters/ValidateWorkspaceBounds'
[move_group-10] [INFO] [1775663636.131161791] [move_group]: Try loading adapter 'default_planning_request_adapters/CheckStartStateBounds'
[move_group-10] [INFO] [1775663636.131196134] [move_group]: Loaded adapter 'default_planning_request_adapters/CheckStartStateBounds'
[move_group-10] [INFO] [1775663636.131204407] [move_group]: Try loading adapter 'default_planning_request_adapters/CheckStartStateCollision'
[move_group-10] [INFO] [1775663636.131221766] [move_group]: Loaded adapter 'default_planning_request_adapters/CheckStartStateCollision'
[move_group-10] [INFO] [1775663636.134943067] [move_group]: Try loading adapter 'default_planning_response_adapters/AddTimeOptimalParameterization'
[move_group-10] [INFO] [1775663636.137837410] [move_group]: Loaded adapter 'default_planning_response_adapters/AddTimeOptimalParameterization'
[move_group-10] [INFO] [1775663636.137862995] [move_group]: Try loading adapter 'default_planning_response_adapters/ValidateSolution'
[move_group-10] [INFO] [1775663636.140149754] [move_group]: Loaded adapter 'default_planning_response_adapters/ValidateSolution'
[move_group-10] [INFO] [1775663636.140170014] [move_group]: Try loading adapter 'default_planning_response_adapters/DisplayMotionPath'
[move_group-10] [INFO] [1775663636.140803059] [move_group]: Loaded adapter 'default_planning_response_adapters/DisplayMotionPath'
[move_group-10] [INFO] [1775663636.178861230] [move_group.moveit.moveit.plugins.simple_controller_manager]: Added FollowJointTrajectory controller for joint_trajectory_controller
[move_group-10] [INFO] [1775663636.178929737] [move_group.moveit.moveit.plugins.simple_controller_manager]: robotiq_gripper_controller will command a max effort of: 0
[move_group-10] [INFO] [1775663636.181482396] [move_group.moveit.moveit.plugins.simple_controller_manager]: Added GripperCommand controller for robotiq_gripper_controller
[move_group-10] [INFO] [1775663636.181644116] [move_group.moveit.moveit.plugins.simple_controller_manager]: Returned 2 controllers in list
[move_group-10] [INFO] [1775663636.181670247] [move_group.moveit.moveit.plugins.simple_controller_manager]: Returned 2 controllers in list
[move_group-10] [INFO] [1775663636.182034416] [move_group.moveit.moveit.ros.trajectory_execution_manager]: Trajectory execution is managing controllers
[move_group-10] [INFO] [1775663636.182056046] [move_group]: MoveGroup debug mode is ON
[move_group-10] [INFO] [1775663636.238892310] [move_group.moveit.moveit.ros.move_group.executable]: 
[move_group-10] 
[move_group-10] ********************************************************
[move_group-10] * MoveGroup using: 
[move_group-10] *     - apply_planning_scene_service
[move_group-10] *     - clear_octomap_service
[move_group-10] *     - get_group_urdf
[move_group-10] *     - load_geometry_from_file
[move_group-10] *     - CartesianPathService
[move_group-10] *     - execute_trajectory_action
[move_group-10] *     - get_planning_scene_service
[move_group-10] *     - kinematics_service
[move_group-10] *     - move_action
[move_group-10] *     - motion_plan_service
[move_group-10] *     - query_planners_service
[move_group-10] *     - state_validation_service
[move_group-10] *     - save_geometry_to_file
[move_group-10] ********************************************************
[move_group-10] 
[move_group-10] [INFO] [1775663636.238961898] [move_group.moveit.moveit.ros.move_group.context]: MoveGroup context using pipeline ompl
[move_group-10] [INFO] [1775663636.238980052] [move_group.moveit.moveit.ros.move_group.context]: MoveGroup context initialization complete
[move_group-10] [96mLoading 'move_group/ApplyPlanningSceneService'...[0m
[move_group-10] [96mLoading 'move_group/ClearOctomapService'...[0m
[move_group-10] [96mLoading 'move_group/GetUrdfService'...[0m
[move_group-10] [96mLoading 'move_group/LoadGeometryFromFileService'...[0m
[move_group-10] [96mLoading 'move_group/MoveGroupCartesianPathService'...[0m
[move_group-10] [96mLoading 'move_group/MoveGroupExecuteTrajectoryAction'...[0m
[move_group-10] [96mLoading 'move_group/MoveGroupGetPlanningSceneService'...[0m
[move_group-10] [96mLoading 'move_group/MoveGroupKinematicsService'...[0m
[move_group-10] [96mLoading 'move_group/MoveGroupMoveAction'...[0m
[move_group-10] [96mLoading 'move_group/MoveGroupPlanService'...[0m
[move_group-10] [96mLoading 'move_group/MoveGroupQueryPlannersService'...[0m
[move_group-10] [96mLoading 'move_group/MoveGroupStateValidationService'...[0m
[move_group-10] [96mLoading 'move_group/SaveGeometryToFileService'...[0m
[move_group-10] 
[move_group-10] [92mYou can start planning now![0m
[move_group-10] 
[move_group-10] [ERROR] [1775663638.036445202] [move_group.moveit.moveit.core.conversions]: Found empty JointState message
[move_group-10] [INFO] [1775663638.096117941] [move_group.moveit.moveit.ros.move_group.move_action]: MoveGroupMoveAction: Received request
[move_group-10] [INFO] [1775663638.096510508] [move_group.moveit.moveit.ros.move_group.move_action]: executing..
[move_group-10] [INFO] [1775663638.097993634] [move_group.moveit.moveit.ros.move_group.move_action]: Combined planning and execution request received for MoveGroup action. Forwarding to planning and execution pipeline.
[move_group-10] [WARN] [1775663638.098037368] [move_group.moveit.moveit.ros.move_group.capability]: Execution of motions should always start at the robot's current state. Ignoring the state supplied as start state in the motion planning request
[move_group-10] [WARN] [1775663638.098066094] [move_group.moveit.moveit.ros.move_group.capability]: Execution of motions should always start at the robot's current state. Ignoring the state supplied as difference in the planning scene diff
[move_group-10] [INFO] [1775663638.098087481] [move_group.moveit.moveit.ros.plan_execution]: Planning attempt 1 of at most 1
[move_group-10] [INFO] [1775663638.098444761] [move_group]: Calling PlanningRequestAdapter 'ResolveConstraintFrames'
[move_group-10] [INFO] [1775663638.098506835] [move_group]: Calling PlanningRequestAdapter 'ValidateWorkspaceBounds'
[move_group-10] [INFO] [1775663638.098536556] [move_group]: Calling PlanningRequestAdapter 'CheckStartStateBounds'
[move_group-10] [INFO] [1775663638.098579189] [move_group]: Calling PlanningRequestAdapter 'CheckStartStateCollision'
[move_group-10] [INFO] [1775663638.102385039] [move_group.moveit.moveit.planners.ompl.model_based_planning_context]: Planner configuration 'manipulator' will use planner 'geometric::RRTConnect'. Additional configuration parameters will be set when the planner is constructed.
[move_group-10] [INFO] [1775663638.104200783] [move_group]: Calling Planner 'OMPL'
[move_group-10] [INFO] [1775663638.129272668] [move_group]: Calling PlanningResponseAdapter 'AddTimeOptimalParameterization'
[move_group-10] [INFO] [1775663638.164670626] [move_group]: Calling PlanningResponseAdapter 'ValidateSolution'
[move_group-10] [INFO] [1775663638.171430304] [move_group]: Calling PlanningResponseAdapter 'DisplayMotionPath'
[move_group-10] [WARN] [1775663638.172052485] [move_group.moveit.moveit.ros.planning_pipeline]: The planner plugin did not fill out the 'planner_id' field of the MotionPlanResponse. Setting it to the planner ID name of the MotionPlanRequest assuming that the planner plugin does warn you if it does not use the requested planner.
[move_group-10] [INFO] [1775663638.172706477] [move_group.moveit.moveit.plugins.simple_controller_manager]: Returned 2 controllers in list
[move_group-10] [INFO] [1775663638.172744299] [move_group.moveit.moveit.plugins.simple_controller_manager]: Returned 2 controllers in list
[move_group-10] [INFO] [1775663638.172950035] [move_group.moveit.moveit.ros.trajectory_execution_manager]: Validating trajectory with allowed_start_tolerance 0.01
[move_group-10] [INFO] [1775663638.178050535] [move_group.moveit.moveit.ros.trajectory_execution_manager]: Starting trajectory execution ...
[move_group-10] [INFO] [1775663638.178138098] [move_group.moveit.moveit.plugins.simple_controller_manager]: Returned 2 controllers in list
[move_group-10] [INFO] [1775663638.178190077] [move_group.moveit.moveit.plugins.simple_controller_manager]: Returned 2 controllers in list
[move_group-10] [ERROR] [1775663638.178303323] [moveit.simple_controller_manager.follow_joint_trajectory_controller_handle]: Action client not connected to action server: joint_trajectory_controller/follow_joint_trajectory
[move_group-10] [ERROR] [1775663638.178338624] [move_group.moveit.moveit.ros.trajectory_execution_manager]: Failed to send trajectory part 1 of 1 to controller joint_trajectory_controller
[move_group-10] [INFO] [1775663638.178357296] [move_group.moveit.moveit.ros.trajectory_execution_manager]: Completed trajectory execution with status ABORTED ...
[move_group-10] [INFO] [1775663638.188560747] [move_group.moveit.moveit.ros.move_group.move_action]: CONTROL_FAILED
[rviz2-11] [ERROR] [1775663638.925569963] [rviz2_moveit.moveit.ros.motion_planning_frame]: Action server: /recognize_objects not available
[ros2_control_node-1] [INFO] [1775663638.955138698] [controller_manager]: Received robot description from topic.
[ros2_control_node-1] [WARN] [1775663638.955178634] [controller_manager]: ResourceManager has already loaded a urdf. Ignoring attempt to reload a robot description.
[rviz2-11] [INFO] [1775663638.959821060] [rviz2_moveit.moveit.ros.motion_planning_frame]: MoveGroup namespace changed: / -> . Reloading params.
[rviz2-11] [ERROR] [1775663639.037544162] [rviz2_moveit.moveit.ros.trajectory_visualization]: No robot state or robot model loaded
[rviz2-11] [INFO] [1775663639.045124696] [rviz2_moveit.moveit.ros.rdf_loader]: Loaded robot model in 0.011562 seconds
[rviz2-11] [INFO] [1775663639.045238122] [rviz2_moveit.moveit.core.robot_model]: Loading robot model 'gen3'...
[rviz2-11] [INFO] [1775663639.045277768] [rviz2_moveit.moveit.core.robot_model]: No root/virtual joint specified in SRDF. Assuming fixed joint
[rviz2-11] [INFO] [1775663639.218624510] [rviz2_moveit.moveit.kinematics.kdl_kinematics_plugin]: Joint weights for group 'manipulator': 1 1 1 1 1 1 1
[rviz2-11] [INFO] [1775663639.677198871] [rviz2_moveit.moveit.ros.planning_scene_monitor]: Starting planning scene monitor
[rviz2-11] [INFO] [1775663639.678530999] [rviz2_moveit.moveit.ros.planning_scene_monitor]: Listening to '/monitored_planning_scene'
[rviz2-11] [INFO] [1775663639.950606446] [interactive_marker_display_111300811649584]: Connected on namespace: /rviz_moveit_motion_planning_display/robot_interaction_interactive_marker_topic
[rviz2-11] [INFO] [1775663639.958237119] [rviz2_moveit.moveit.ros.robot_interaction]: No active joints or end effectors found for group 'gripper'. Make sure that kinematics.yaml is loaded in this node's namespace.
[rviz2-11] [INFO] [1775663639.959027892] [rviz2_moveit.moveit.ros.robot_interaction]: No active joints or end effectors found for group 'gripper'. Make sure that kinematics.yaml is loaded in this node's namespace.
[rviz2-11] [INFO] [1775663639.970286189] [rviz2_moveit.moveit.ros.motion_planning_frame]: group gripper
[rviz2-11] [INFO] [1775663639.970319711] [rviz2_moveit.moveit.ros.motion_planning_frame]: Constructing new MoveGroup connection for group 'gripper' in namespace ''
[rviz2-11] [INFO] [1775663639.977653972] [interactive_marker_display_111300811649584]: Sending request for interactive markers
[rviz2-11] [INFO] [1775663639.998718565] [rviz2_moveit.moveit.ros.move_group_interface]: Ready to take commands for planning group gripper.
[rviz2-11] [INFO] [1775663639.999532831] [rviz2_moveit.moveit.ros.motion_planning_frame]: group gripper
[rviz2-11] [INFO] [1775663640.009670349] [interactive_marker_display_111300811649584]: Service response received for initialization
