
===== 2026-04-15T16:42:38-04:00 | T1_full =====
cwd=/home/carrt-cse-project/workspace/ros2_kortex_ws
cmd=ros2 launch adl_tasks adl_start.launch.py arm_use_fake_hardware:=false use_stub:=false 

[INFO] [launch]: All log files can be found below /home/carrt-cse-project/.ros/log/2026-04-15-16-42-39-267909-carrt-cse-project-OptiPlex-5050-45157
[INFO] [launch]: Default logging verbosity is set to INFO
[INFO] [launch.user]: [arm_start.launch] MoveIt current state source: /joint_states_sanitized. Use use_joint_state_sanitizer:=false for raw-state viewer debugging.
[INFO] [launch.user]: [arm_start.launch] Using ADL controller config (share/adl_tasks/config/ros2_controllers_vbox.yaml, update_rate:=1000 Hz).
[INFO] [ros2_control_node-1]: process started with pid [45161]
[INFO] [robot_state_publisher-2]: process started with pid [45162]
[INFO] [joint_state_sanitizer-3]: process started with pid [45163]
[INFO] [spawner-4]: process started with pid [45164]
[INFO] [static_transform_publisher-5]: process started with pid [45165]
[INFO] [static_transform_publisher-6]: process started with pid [45166]
[INFO] [scene_static-7]: process started with pid [45167]
[INFO] [wrist_camera_usb_publisher-8]: process started with pid [45168]
[INFO] [vision_apriltag-9]: process started with pid [45169]
[INFO] [scene_from_vision-10]: process started with pid [45170]
[INFO] [adl_controller-11]: process started with pid [45171]
[INFO] [pick_dropped_bottle-12]: process started with pid [45172]
[INFO] [clear_table-13]: process started with pid [45173]
[INFO] [give_medication-14]: process started with pid [45174]
[INFO] [adl_ui-15]: process started with pid [45175]
[static_transform_publisher-5] [INFO] [1776285759.701293491] [static_transform_publisher]: Spinning until stopped - publishing transform
[static_transform_publisher-5] translation: ('0.000000', '0.000000', '0.000000')
[static_transform_publisher-5] rotation: ('0.000000', '0.000000', '0.000000', '1.000000')
[static_transform_publisher-5] from 'world' to 'base_link'
[static_transform_publisher-6] [INFO] [1776285759.730554920] [camera_color_optical_bridge_tf_pub]: Spinning until stopped - publishing transform
[static_transform_publisher-6] translation: ('0.000000', '0.000000', '0.000000')
[static_transform_publisher-6] rotation: ('0.000000', '0.000000', '0.000000', '1.000000')
[static_transform_publisher-6] from 'camera_color_frame' to 'wrist_mounted_camera_color_optical_frame'
[robot_state_publisher-2] [INFO] [1776285759.762042256] [robot_state_publisher]: Robot initialized
[ros2_control_node-1] [INFO] [1776285759.862294272] [controller_manager]: Using Steady (Monotonic) clock for triggering controller manager cycles.
[ros2_control_node-1] [INFO] [1776285759.907438518] [controller_manager]: Subscribing to '/robot_description' topic for robot description.
[ros2_control_node-1] [INFO] [1776285759.919201092] [controller_manager]: update rate is 1000 Hz
[ros2_control_node-1] [INFO] [1776285759.919235430] [controller_manager]: Overruns handling is : enabled
[ros2_control_node-1] [INFO] [1776285759.919246988] [controller_manager]: Spawning controller_manager RT thread with scheduler priority: 50
[ros2_control_node-1] [INFO] [1776285759.920963291] [controller_manager]: Successful set up FIFO RT scheduling policy with priority 50.
[ros2_control_node-1] [INFO] [1776285759.924146637] [controller_manager]: Received robot description from topic.
[ros2_control_node-1] [INFO] [1776285759.924955368] [controller_manager]: Enforcing command limits is disabled. Command limits from URDF will be ignored.
[ros2_control_node-1] [INFO] [1776285759.946744024] [controller_manager]: Loading hardware 'KortexMultiInterfaceHardware' 
[ros2_control_node-1] [INFO] [1776285760.001566600] [KortexMultiInterfaceHardware]: Setting severity threshold to DEBUG
[ros2_control_node-1] [INFO] [1776285760.001634577] [controller_manager]: Loaded hardware 'KortexMultiInterfaceHardware' from plugin 'kortex_driver/KortexMultiInterfaceHardware'
[ros2_control_node-1] [INFO] [1776285760.002234202] [controller_manager]: Initialize hardware 'KortexMultiInterfaceHardware' 
[ros2_control_node-1] [INFO] [1776285760.060130912] [KortexMultiInterfaceHardware]: Configuring Hardware Interface
[ros2_control_node-1] [INFO] [1776285760.060544732] [KortexMultiInterfaceHardware]: Robot ip is '192.168.0.10'
[ros2_control_node-1] [INFO] [1776285760.060557113] [KortexMultiInterfaceHardware]: Username is 'admin'
[ros2_control_node-1] [INFO] [1776285760.060571237] [KortexMultiInterfaceHardware]: Port used '10000'
[ros2_control_node-1] [INFO] [1776285760.060577765] [KortexMultiInterfaceHardware]: Realtime port used '10001'
[ros2_control_node-1] [INFO] [1776285760.060583324] [KortexMultiInterfaceHardware]: Session inactivity timeout is '60000'
[ros2_control_node-1] [INFO] [1776285760.060588921] [KortexMultiInterfaceHardware]: Connection inactivity timeout is '2000'
[ros2_control_node-1] [INFO] [1776285760.060595352] [KortexMultiInterfaceHardware]: Gripper joint name is 'robotiq_85_left_knuckle_joint'
[ros2_control_node-1] [INFO] [1776285760.060630562] [KortexMultiInterfaceHardware]: Connecting to robot at 192.168.0.10
[adl_ui-15] [INFO] [1776285760.926806694] [adl_ui_node]: ADL UI Node started.
[adl_ui-15] [INFO] [1776285760.930212928] [adl_ui_node]: Automatic retract on UI load is disabled; startup sends no motion.
[adl_ui-15]  * Serving Flask app 'adl_tasks.adl_ui'
[adl_ui-15]  * Debug mode: off
[adl_ui-15] [INFO] [1776285760.939799621] [adl_ui_node]: Web UI available at http://localhost:5000
[adl_ui-15] WARNING: This is a development server. Do not use it in a production deployment. Use a production WSGI server instead.
[adl_ui-15]  * Running on all addresses (0.0.0.0)
[adl_ui-15]  * Running on http://127.0.0.1:5000
[adl_ui-15]  * Running on http://192.168.0.231:5000
[adl_ui-15] Press CTRL+C to quit
[joint_state_sanitizer-3] [INFO] [1776285761.100131055] [joint_state_sanitizer_node]: joint_state_sanitizer started. raw=/joint_states -> sanitized=/joint_states_sanitized
[adl_ui-15] 127.0.0.1 - - [15/Apr/2026 16:42:41] "GET /status_json HTTP/1.1" 200 -
[spawner-4] [INFO] [1776285761.273270584] [spawner_joint_state_broadcaster]: waiting for service /controller_manager/list_controllers to become available...
[wrist_camera_usb_publisher-8] [INFO] [1776285761.375372219] [wrist_camera_usb_publisher_node]: USB camera publisher: trying camera source index 2.
[wrist_camera_usb_publisher-8] [INFO] [1776285761.389757930] [wrist_camera_usb_publisher_node]: USB camera publisher: opened camera source index 2.
[wrist_camera_usb_publisher-8] [INFO] [1776285761.391065524] [wrist_camera_usb_publisher_node]: Wrist Camera USB Publisher started.
[wrist_camera_usb_publisher-8] [INFO] [1776285761.397375171] [wrist_camera_usb_publisher_node]: Publishing USB camera frames on /wrist_mounted_camera/image with frame_id=wrist_mounted_camera_color_optical_frame.
[wrist_camera_usb_publisher-8] [INFO] [1776285761.398656288] [wrist_camera_usb_publisher_node]: Publishing camera info on /wrist_mounted_camera/camera_info from reference intrinsics [554.25, 554.25, 320.0, 240.0] @ 640x480.
[wrist_camera_usb_publisher-8] [INFO] [1776285761.402952146] [wrist_camera_usb_publisher_node]: Using explicit camera_matrix for CameraInfo. matrix_size=1280x720, K=[920.874267578125, 0.0, 644.7646484375, 0.0, 921.5654907226562, 343.1528625488281, 0.0, 0.0, 1.0], d=[0.0, 0.0, 0.0, 0.0, 0.0]
[wrist_camera_usb_publisher-8] [INFO] [1776285761.404210564] [wrist_camera_usb_publisher_node]: Requested source=2 size=1280x720 fps=10.0
[scene_static-7] [INFO] [1776285761.411199004] [scene_static_node]: Static Scene Node started.
[scene_static-7] [INFO] [1776285761.412106209] [scene_static_node]: WHEELCHAIR_BASE_HEIGHT = 0.36195m  |  Table surface at z = 0.088m | Table front-edge-from-base = 0.406m | Table center at x = 0.681m | table_edge_lip_margin=0.0127m | table_edge_lip_thickness=0.0127m | table_edge_lip_height=0.450m | include_wheelchair_wall=True | include_left_desk_wall=True | include_right_desk_wall=True
[scene_static-7] [INFO] [1776285761.412919144] [scene_static_node]: Wheelchair wall geometry: center=(-0.465, 0.000, 0.482) size=(0.450, 0.700, 1.688)
[clear_table-13] [INFO] [1776285761.493372360] [clear_table_node]: Clear Table Node Started
[pick_dropped_bottle-12] [INFO] [1776285761.533346807] [pick_dropped_bottle_node]: PickDroppedBottle starting...
