
===== 2026-04-08T11:22:20-04:00 | T1_arm_moveit_rviz =====
cwd=/home/carrt-cse-project/workspace/ros2_kortex_ws
cmd=ros2 launch adl_tasks arm_vbox.launch.py robot_ip:=192.168.0.10 use_fake_hardware:=false vision:=true 

[INFO] [launch]: All log files can be found below /home/carrt-cse-project/.ros/log/2026-04-08-11-22-21-272588-carrt-cse-project-OptiPlex-5050-16315
[INFO] [launch]: Default logging verbosity is set to INFO
[INFO] [launch.user]: [arm_vbox.launch] MoveIt current state source: /joint_states_sanitized. Use use_joint_state_sanitizer:=false for raw-state viewer debugging.
[INFO] [launch.user]: [arm_vbox.launch] Using ADL VBox controller config (share/adl_tasks/config/ros2_controllers_vbox.yaml, update_rate:=125 Hz).
[INFO] [ros2_control_node-1]: process started with pid [16319]
[INFO] [robot_state_publisher-2]: process started with pid [16320]
[INFO] [joint_state_sanitizer-3]: process started with pid [16321]
[INFO] [spawner-4]: process started with pid [16322]
[INFO] [static_transform_publisher-5]: process started with pid [16323]
[INFO] [static_transform_publisher-6]: process started with pid [16324]
[static_transform_publisher-6] [INFO] [1775661741.568572880] [camera_color_optical_bridge_tf_pub]: Spinning until stopped - publishing transform
[static_transform_publisher-6] translation: ('0.000000', '0.000000', '0.000000')
[static_transform_publisher-6] rotation: ('0.000000', '0.000000', '0.000000', '1.000000')
[static_transform_publisher-6] from 'camera_color_frame' to 'wrist_mounted_camera_color_optical_frame'
[static_transform_publisher-5] [INFO] [1775661741.572514322] [static_transform_publisher]: Spinning until stopped - publishing transform
[static_transform_publisher-5] translation: ('0.000000', '0.000000', '0.000000')
[static_transform_publisher-5] rotation: ('0.000000', '0.000000', '0.000000', '1.000000')
[static_transform_publisher-5] from 'world' to 'base_link'
[robot_state_publisher-2] [INFO] [1775661741.582579694] [robot_state_publisher]: Robot initialized
[ros2_control_node-1] [INFO] [1775661741.589849314] [controller_manager]: Using Steady (Monotonic) clock for triggering controller manager cycles.
[ros2_control_node-1] [INFO] [1775661741.600965168] [controller_manager]: Subscribing to '/robot_description' topic for robot description.
[ros2_control_node-1] [INFO] [1775661741.603995674] [controller_manager]: update rate is 125 Hz
[ros2_control_node-1] [INFO] [1775661741.604022662] [controller_manager]: Overruns handling is : enabled
[ros2_control_node-1] [INFO] [1775661741.604032334] [controller_manager]: Spawning controller_manager RT thread with scheduler priority: 50
[ros2_control_node-1] [INFO] [1775661741.604124227] [controller_manager]: Successful set up FIFO RT scheduling policy with priority 50.
[ros2_control_node-1] [INFO] [1775661741.830345473] [controller_manager]: Received robot description from topic.
[ros2_control_node-1] [INFO] [1775661741.830432404] [controller_manager]: Enforcing command limits is disabled. Command limits from URDF will be ignored.
[ros2_control_node-1] [INFO] [1775661741.838829471] [controller_manager]: Loading hardware 'KortexMultiInterfaceHardware' 
[ros2_control_node-1] [INFO] [1775661741.856320131] [KortexMultiInterfaceHardware]: Setting severity threshold to DEBUG
[ros2_control_node-1] [INFO] [1775661741.856372753] [controller_manager]: Loaded hardware 'KortexMultiInterfaceHardware' from plugin 'kortex_driver/KortexMultiInterfaceHardware'
[ros2_control_node-1] [INFO] [1775661741.857005661] [controller_manager]: Initialize hardware 'KortexMultiInterfaceHardware' 
[ros2_control_node-1] [INFO] [1775661741.865733249] [KortexMultiInterfaceHardware]: Configuring Hardware Interface
[ros2_control_node-1] [INFO] [1775661741.866143138] [KortexMultiInterfaceHardware]: Robot ip is '192.168.0.10'
[ros2_control_node-1] [INFO] [1775661741.866156075] [KortexMultiInterfaceHardware]: Username is 'admin'
[ros2_control_node-1] [INFO] [1775661741.866169060] [KortexMultiInterfaceHardware]: Port used '10000'
[ros2_control_node-1] [INFO] [1775661741.866174600] [KortexMultiInterfaceHardware]: Realtime port used '10001'
[ros2_control_node-1] [INFO] [1775661741.866179590] [KortexMultiInterfaceHardware]: Session inactivity timeout is '60000'
[ros2_control_node-1] [INFO] [1775661741.866184680] [KortexMultiInterfaceHardware]: Connection inactivity timeout is '2000'
[ros2_control_node-1] [INFO] [1775661741.866191082] [KortexMultiInterfaceHardware]: Gripper joint name is 'robotiq_85_left_knuckle_joint'
[ros2_control_node-1] [INFO] [1775661741.866231274] [KortexMultiInterfaceHardware]: Connecting to robot at 192.168.0.10
[ros2_control_node-1] [INFO] [1775661741.874160524] [KortexMultiInterfaceHardware]: Creating session for communication
[spawner-4] [INFO] [1775661742.003790200] [spawner_joint_state_broadcaster]: waiting for service /controller_manager/list_controllers to become available...
[ros2_control_node-1] [INFO] [1775661742.028998857] [KortexMultiInterfaceHardware]: Session created
[joint_state_sanitizer-3] [INFO] [1775661742.075481400] [joint_state_sanitizer_node]: joint_state_sanitizer started. raw=/joint_states -> sanitized=/joint_states_sanitized
[ros2_control_node-1] [INFO] [1775661742.785718063] [KortexMultiInterfaceHardware]: Actuator count reported by robot is '7'
[ros2_control_node-1] [INFO] [1775661742.786530245] [KortexMultiInterfaceHardware]: Using internal bus communication for gripper!
[ros2_control_node-1] [INFO] [1775661742.786560430] [KortexMultiInterfaceHardware]: Hardware Interface successfully configured
[ros2_control_node-1] [INFO] [1775661742.786792695] [controller_manager]: Successful initialization of hardware 'KortexMultiInterfaceHardware'
[ros2_control_node-1] [DEBUG] [1775661742.787043599] [KortexMultiInterfaceHardware]: export_state_interfaces for joint: joint_1
[ros2_control_node-1] [DEBUG] [1775661742.788183995] [KortexMultiInterfaceHardware]: export_state_interfaces for joint: joint_2
[ros2_control_node-1] [DEBUG] [1775661742.788231789] [KortexMultiInterfaceHardware]: export_state_interfaces for joint: joint_3
[ros2_control_node-1] [DEBUG] [1775661742.788263863] [KortexMultiInterfaceHardware]: export_state_interfaces for joint: joint_4
[ros2_control_node-1] [DEBUG] [1775661742.788281651] [KortexMultiInterfaceHardware]: export_state_interfaces for joint: joint_5
[ros2_control_node-1] [DEBUG] [1775661742.788297826] [KortexMultiInterfaceHardware]: export_state_interfaces for joint: joint_6
[ros2_control_node-1] [DEBUG] [1775661742.788313076] [KortexMultiInterfaceHardware]: export_state_interfaces for joint: joint_7
[ros2_control_node-1] [DEBUG] [1775661742.788328479] [KortexMultiInterfaceHardware]: export_state_interfaces for joint: robotiq_85_left_knuckle_joint
[ros2_control_node-1] [INFO] [1775661742.797186762] [resource_manager]: 'configure' hardware 'KortexMultiInterfaceHardware' 
[ros2_control_node-1] [INFO] [1775661742.797310909] [resource_manager]: Successful 'configure' of hardware 'KortexMultiInterfaceHardware'
[ros2_control_node-1] [INFO] [1775661742.797606839] [resource_manager]: 'activate' hardware 'KortexMultiInterfaceHardware' 
[ros2_control_node-1] [INFO] [1775661742.797693599] [KortexMultiInterfaceHardware]: Activating KortexMultiInterfaceHardware...
[ros2_control_node-1] [INFO] [1775661742.802322900] [KortexMultiInterfaceHardware]: Gripper initial position is '0.873365'.
[ros2_control_node-1] [INFO] [1775661742.807306846] [KortexMultiInterfaceHardware]: KortexMultiInterfaceHardware successfully activated!
[ros2_control_node-1] [INFO] [1775661742.807404144] [resource_manager]: Successful 'activate' of hardware 'KortexMultiInterfaceHardware'
[ros2_control_node-1] [INFO] [1775661742.808157851] [controller_manager]: Registering statistics for : KortexMultiInterfaceHardware
[ros2_control_node-1] [INFO] [1775661742.808767957] [controller_manager]: Resource Manager has been successfully initialized. Starting Controller Manager services...
[ros2_control_node-1] [WARN] [1775661742.821159166] [controller_manager]: Overrun might occur, Total time : 8852.496 us (Expected < 8000.000 us) --> Read time : 4716.571 us, Update time : 92.980 us, Write time : 4042.945 us
[ros2_control_node-1] [WARN] [1775661742.821421255] [controller_manager]: Overrun detected! The controller manager missed its desired rate of 125 Hz. The loop took 9.193771 ms (missed cycles : 2).
[ros2_control_node-1] [INFO] [1775661743.009871178] [controller_manager]: Loading controller : 'joint_state_broadcaster' of type 'joint_state_broadcaster/JointStateBroadcaster'
[ros2_control_node-1] [INFO] [1775661743.009955532] [controller_manager]: Loading controller 'joint_state_broadcaster'
[ros2_control_node-1] [INFO] [1775661743.033855731] [controller_manager]: Controller 'joint_state_broadcaster' node arguments: --ros-args --params-file /home/carrt-cse-project/workspace/ros2_kortex_ws/install/adl_tasks/share/adl_tasks/config/ros2_controllers_vbox.yaml --params-file /tmp/launch_params_emmpgtm8 
[spawner-4] [INFO] [1775661743.099972906] [spawner_joint_state_broadcaster]: Loaded joint_state_broadcaster
[ros2_control_node-1] [INFO] [1775661743.104390715] [controller_manager]: Configuring controller: 'joint_state_broadcaster'
[ros2_control_node-1] [INFO] [1775661743.105360817] [joint_state_broadcaster]: 'joints' or 'interfaces' parameter is empty. All available state interfaces will be published
[ros2_control_node-1] [INFO] [1775661743.153087795] [controller_manager]: Activating controllers: [ joint_state_broadcaster ]
[ros2_control_node-1] [INFO] [1775661743.157986590] [controller_manager]: Successfully switched controllers!
[spawner-4] [INFO] [1775661743.169002065] [spawner_joint_state_broadcaster]: Configured and activated joint_state_broadcaster
[INFO] [spawner-4]: process has finished cleanly [pid 16322]
[INFO] [spawner-7]: process started with pid [16425]
[INFO] [spawner-8]: process started with pid [16426]
[INFO] [spawner-9]: process started with pid [16427]
[INFO] [spawner-10]: process started with pid [16428]
[ros2_control_node-1] [WARN] [1775661743.917384902] [controller_manager]: Overrun might occur, Total time : 9069.274 us (Expected < 8000.000 us) --> Read time : 95.073 us, Update time : 233.721 us, Write time : 8740.480 us
[ros2_control_node-1] [WARN] [1775661743.917584341] [controller_manager]: Overrun detected! The controller manager missed its desired rate of 125 Hz. The loop took 9.357938 ms (missed cycles : 2).
[spawner-7] [INFO] [1775661744.469448302] [spawner_joint_trajectory_controller]: waiting for service /controller_manager/list_controllers to become available...
[ros2_control_node-1] [INFO] [1775661745.471886292] [controller_manager]: Loading controller : 'joint_trajectory_controller' of type 'joint_trajectory_controller/JointTrajectoryController'
[ros2_control_node-1] [INFO] [1775661745.471921419] [controller_manager]: Loading controller 'joint_trajectory_controller'
[ros2_control_node-1] [INFO] [1775661745.476113738] [controller_manager]: Controller 'joint_trajectory_controller' node arguments: --ros-args --params-file /home/carrt-cse-project/workspace/ros2_kortex_ws/install/adl_tasks/share/adl_tasks/config/ros2_controllers_vbox.yaml --params-file /tmp/launch_params_emmpgtm8 
[spawner-7] [INFO] [1775661745.502181940] [spawner_joint_trajectory_controller]: Loaded joint_trajectory_controller
[ros2_control_node-1] [INFO] [1775661745.503101957] [controller_manager]: Configuring controller: 'joint_trajectory_controller'
[ros2_control_node-1] [INFO] [1775661745.503718825] [joint_trajectory_controller]: No specific joint names are used for command interfaces. Using 'joints' parameter.
[ros2_control_node-1] [INFO] [1775661745.503965349] [joint_trajectory_controller]: Command interfaces are [position] and state interfaces are [position velocity].
[ros2_control_node-1] [INFO] [1775661745.504148136] [joint_trajectory_controller]: Using 'splines' interpolation method.
[ros2_control_node-1] [INFO] [1775661745.507314083] [joint_trajectory_controller]: Action status changes will be monitored at 20.00 Hz.
[ros2_control_node-1] [INFO] [1775661745.526408057] [controller_manager]: Activating controllers: [ joint_trajectory_controller ]
[ros2_control_node-1] [INFO] [1775661745.762747478] [controller_manager]: Successfully switched controllers!
[ros2_control_node-1] [WARN] [1775661745.766051032] [controller_manager]: Overrun might occur, Total time : 33803.495 us (Expected < 8000.000 us) --> Read time : 44.655 us, Update time : 30423.579 us (Switch time : 30337.512 us (Switch chained mode time : 9.316 us, perform mode change time : 28509.413 us, Activation time : 1804.524 us, Deactivation time : 2.682 us)), Write time : 3335.261 us
[ros2_control_node-1] [WARN] [1775661745.766130239] [controller_manager]: Overrun detected! The controller manager missed its desired rate of 125 Hz. The loop took 33.909341 ms (missed cycles : 5).
[spawner-7] [INFO] [1775661745.774004002] [spawner_joint_trajectory_controller]: Configured and activated joint_trajectory_controller
[INFO] [spawner-7]: process has finished cleanly [pid 16425]
[spawner-8] [INFO] [1775661745.955158321] [spawner_twist_controller]: waiting for service /controller_manager/list_controllers to become available...
[ros2_control_node-1] [INFO] [1775661746.208008420] [controller_manager]: Loading controller : 'twist_controller' of type 'picknik_twist_controller/PicknikTwistController'
[ros2_control_node-1] [INFO] [1775661746.208060057] [controller_manager]: Loading controller 'twist_controller'
[ros2_control_node-1] [INFO] [1775661746.211682450] [controller_manager]: Controller 'twist_controller' node arguments: --ros-args --params-file /home/carrt-cse-project/workspace/ros2_kortex_ws/install/adl_tasks/share/adl_tasks/config/ros2_controllers_vbox.yaml --params-file /tmp/launch_params_emmpgtm8 
[spawner-8] [INFO] [1775661746.230113505] [spawner_twist_controller]: Loaded twist_controller
[ros2_control_node-1] [INFO] [1775661746.231193179] [controller_manager]: Configuring controller: 'twist_controller'
[ros2_control_node-1] [INFO] [1775661746.232735363] [twist_controller]: configure successful
[spawner-9] [INFO] [1775661746.358130743] [spawner_robotiq_gripper_controller]: waiting for service /controller_manager/list_controllers to become available...
[INFO] [spawner-8]: process has finished cleanly [pid 16426]
[ros2_control_node-1] [INFO] [1775661746.692310290] [controller_manager]: Loading controller : 'robotiq_gripper_controller' of type 'position_controllers/GripperActionController'
[ros2_control_node-1] [INFO] [1775661746.692360155] [controller_manager]: Loading controller 'robotiq_gripper_controller'
[ros2_control_node-1] [INFO] [1775661746.695359847] [controller_manager]: Controller 'robotiq_gripper_controller' node arguments: --ros-args --params-file /home/carrt-cse-project/workspace/ros2_kortex_ws/install/adl_tasks/share/adl_tasks/config/ros2_controllers_vbox.yaml --params-file /tmp/launch_params_emmpgtm8 
[ros2_control_node-1] [WARN] [1775661746.710531429] [robotiq_gripper_controller]: [Deprecated]: the `position_controllers/GripperActionController` and `effort_controllers::GripperActionController` controllers are replaced by 'parallel_gripper_controllers/GripperActionController' controller
[spawner-9] [INFO] [1775661746.718365020] [spawner_robotiq_gripper_controller]: Loaded robotiq_gripper_controller
[ros2_control_node-1] [INFO] [1775661746.719828031] [controller_manager]: Configuring controller: 'robotiq_gripper_controller'
[ros2_control_node-1] [INFO] [1775661746.719950102] [robotiq_gripper_controller]: Action status changes will be monitored at 20.000000 Hz.
[ros2_control_node-1] [INFO] [1775661746.726311685] [controller_manager]: Activating controllers: [ robotiq_gripper_controller ]
[ros2_control_node-1] [WARN] [1775661746.818054136] [controller_manager]: Overrun detected! The controller manager missed its desired rate of 125 Hz. The loop took 29.831684 ms (missed cycles : 4).
[ros2_control_node-1] [INFO] [1775661746.936388823] [controller_manager]: Successfully switched controllers!
[ros2_control_node-1] [INFO] [1775661747.074409650] [controller_manager]: Loading controller : 'fault_controller' of type 'picknik_reset_fault_controller/PicknikResetFaultController'
[ros2_control_node-1] [INFO] [1775661747.074443220] [controller_manager]: Loading controller 'fault_controller'
[ros2_control_node-1] [INFO] [1775661747.076743291] [controller_manager]: Controller 'fault_controller' node arguments: --ros-args --params-file /home/carrt-cse-project/workspace/ros2_kortex_ws/install/adl_tasks/share/adl_tasks/config/ros2_controllers_vbox.yaml --params-file /tmp/launch_params_emmpgtm8 
[spawner-9] [INFO] [1775661746.942361643] [spawner_robotiq_gripper_controller]: Configured and activated robotiq_gripper_controller
[INFO] [move_group-11]: process started with pid [16531]
[INFO] [rviz2-12]: process started with pid [16532]
[spawner-10] [INFO] [1775661747.115308770] [spawner_fault_controller]: Loaded fault_controller
[ros2_control_node-1] [INFO] [1775661747.120218298] [controller_manager]: Configuring controller: 'fault_controller'
[INFO] [spawner-9]: process has finished cleanly [pid 16427]
[ros2_control_node-1] [INFO] [1775661747.208822987] [controller_manager]: Activating controllers: [ fault_controller ]
[move_group-11] [INFO] [1775661747.215190658] [move_group.moveit.moveit.ros.rdf_loader]: Loaded robot model in 0.00781916 seconds
[move_group-11] [INFO] [1775661747.215418201] [move_group.moveit.moveit.core.robot_model]: Loading robot model 'gen3'...
[move_group-11] [INFO] [1775661747.215439303] [move_group.moveit.moveit.core.robot_model]: No root/virtual joint specified in SRDF. Assuming fixed joint
[move_group-11] [INFO] [1775661747.339624900] [move_group.moveit.moveit.kinematics.kdl_kinematics_plugin]: Joint weights for group 'manipulator': 1 1 1 1 1 1 1
[ros2_control_node-1] [INFO] [1775661747.417539004] [controller_manager]: Successfully switched controllers!
[spawner-10] [INFO] [1775661747.422635905] [spawner_fault_controller]: Configured and activated fault_controller
[rviz2-12] [INFO] [1775661747.525942134] [rviz2]: Stereo is NOT SUPPORTED
[rviz2-12] [INFO] [1775661747.526005501] [rviz2]: OpenGl version: 4.5 (GLSL 4.5)
[rviz2-12] [INFO] [1775661747.544493530] [rviz2]: Stereo is NOT SUPPORTED
[INFO] [spawner-10]: process has finished cleanly [pid 16428]
[move_group-11] [INFO] [1775661747.672831658] [move_group.moveit.moveit.ros.planning_scene_monitor]: Publishing maintained planning scene on 'monitored_planning_scene'
[move_group-11] [INFO] [1775661747.673018419] [move_group.moveit.moveit.ros.moveit_cpp]: Listening to 'joint_states' for joint states
[move_group-11] [INFO] [1775661747.673972800] [move_group.moveit.moveit.ros.current_state_monitor]: Listening to joint states on topic 'joint_states'
[move_group-11] [INFO] [1775661747.674561091] [move_group.moveit.moveit.ros.planning_scene_monitor]: Listening to '/attached_collision_object' for attached collision objects
[move_group-11] [INFO] [1775661747.674582498] [move_group.moveit.moveit.ros.planning_scene_monitor]: Stopping existing planning scene publisher.
[move_group-11] [INFO] [1775661747.674776233] [move_group.moveit.moveit.ros.planning_scene_monitor]: Stopped publishing maintained planning scene.
[move_group-11] [INFO] [1775661747.675146448] [move_group.moveit.moveit.ros.planning_scene_monitor]: Publishing maintained planning scene on 'monitored_planning_scene'
[move_group-11] [INFO] [1775661747.675258114] [move_group.moveit.moveit.ros.planning_scene_monitor]: Starting planning scene monitor
[move_group-11] [INFO] [1775661747.676136413] [move_group.moveit.moveit.ros.planning_scene_monitor]: Listening to '/planning_scene'
[move_group-11] [INFO] [1775661747.676159735] [move_group.moveit.moveit.ros.planning_scene_monitor]: Starting world geometry update monitor for collision objects, attached objects, octomap updates.
[move_group-11] [INFO] [1775661747.676563959] [move_group.moveit.moveit.ros.planning_scene_monitor]: Listening to 'collision_object'
[move_group-11] [INFO] [1775661747.676954210] [move_group.moveit.moveit.ros.planning_scene_monitor]: Listening to 'planning_scene_world' for planning scene world geometry
[move_group-11] [WARN] [1775661747.677787285] [move_group.moveit.moveit.ros.occupancy_map_monitor]: Resolution not specified for Octomap. Assuming resolution = 0.1 instead
[move_group-11] [ERROR] [1775661747.677807659] [move_group.moveit.moveit.ros.occupancy_map_monitor]: No 3D sensor plugin(s) defined for octomap updates
[rviz2-12] Warning: class_loader.impl: SEVERE WARNING!!! A namespace collision has occurred with plugin factory for class rviz_default_plugins::displays::InteractiveMarkerDisplay. New factory will OVERWRITE existing one. This situation occurs when libraries containing plugins are directly linked against an executable (the one running right now generating this message). Please separate plugins out into their own library or just don't link against the library and use either class_loader::ClassLoader/MultiLibraryClassLoader to open.
[rviz2-12]          at line 321 in /opt/ros/jazzy/include/class_loader/class_loader/class_loader_core.hpp
[rviz2-12] [WARN] [1775661747.716934446] [rcl.logging_rosout]: Publisher already registered for node name: 'rviz2_moveit'. If this is due to multiple nodes with the same name then all logs for the logger named 'rviz2_moveit' will go out over the existing publisher. As soon as any node with that name is destructed it will unregister the publisher, preventing any further logs for that name from being published on the rosout topic.
[move_group-11] [INFO] [1775661747.873845011] [move_group.moveit.moveit.ros.planning_pipeline]: Successfully loaded planner 'OMPL'
[move_group-11] [INFO] [1775661747.877669816] [move_group]: Try loading adapter 'default_planning_request_adapters/ResolveConstraintFrames'
[move_group-11] [INFO] [1775661747.878910434] [move_group]: Loaded adapter 'default_planning_request_adapters/ResolveConstraintFrames'
[move_group-11] [INFO] [1775661747.878932630] [move_group]: Try loading adapter 'default_planning_request_adapters/ValidateWorkspaceBounds'
[move_group-11] [INFO] [1775661747.879242586] [move_group]: Loaded adapter 'default_planning_request_adapters/ValidateWorkspaceBounds'
[move_group-11] [INFO] [1775661747.879254592] [move_group]: Try loading adapter 'default_planning_request_adapters/CheckStartStateBounds'
[move_group-11] [INFO] [1775661747.879277059] [move_group]: Loaded adapter 'default_planning_request_adapters/CheckStartStateBounds'
[move_group-11] [INFO] [1775661747.879282442] [move_group]: Try loading adapter 'default_planning_request_adapters/CheckStartStateCollision'
[move_group-11] [INFO] [1775661747.879292646] [move_group]: Loaded adapter 'default_planning_request_adapters/CheckStartStateCollision'
[move_group-11] [INFO] [1775661747.882809287] [move_group]: Try loading adapter 'default_planning_response_adapters/AddTimeOptimalParameterization'
[move_group-11] [INFO] [1775661747.886945013] [move_group]: Loaded adapter 'default_planning_response_adapters/AddTimeOptimalParameterization'
[move_group-11] [INFO] [1775661747.886965014] [move_group]: Try loading adapter 'default_planning_response_adapters/ValidateSolution'
[move_group-11] [INFO] [1775661747.890258791] [move_group]: Loaded adapter 'default_planning_response_adapters/ValidateSolution'
[move_group-11] [INFO] [1775661747.890288399] [move_group]: Try loading adapter 'default_planning_response_adapters/DisplayMotionPath'
[move_group-11] [INFO] [1775661747.891062345] [move_group]: Loaded adapter 'default_planning_response_adapters/DisplayMotionPath'
[move_group-11] [INFO] [1775661747.932171867] [move_group.moveit.moveit.plugins.simple_controller_manager]: Added FollowJointTrajectory controller for joint_trajectory_controller
[move_group-11] [INFO] [1775661747.932216015] [move_group.moveit.moveit.plugins.simple_controller_manager]: robotiq_gripper_controller will command a max effort of: 0
[move_group-11] [INFO] [1775661747.936890994] [move_group.moveit.moveit.plugins.simple_controller_manager]: Added GripperCommand controller for robotiq_gripper_controller
[move_group-11] [INFO] [1775661747.937211570] [move_group.moveit.moveit.plugins.simple_controller_manager]: Returned 2 controllers in list
[move_group-11] [INFO] [1775661747.937268125] [move_group.moveit.moveit.plugins.simple_controller_manager]: Returned 2 controllers in list
[move_group-11] [INFO] [1775661747.938034943] [move_group.moveit.moveit.ros.trajectory_execution_manager]: Trajectory execution is managing controllers
[move_group-11] [INFO] [1775661747.938086950] [move_group]: MoveGroup debug mode is ON
[move_group-11] [INFO] [1775661747.962188383] [move_group.moveit.moveit.ros.move_group.executable]: 
[move_group-11] 
[move_group-11] ********************************************************
[move_group-11] * MoveGroup using: 
[move_group-11] *     - apply_planning_scene_service
[move_group-11] *     - clear_octomap_service
[move_group-11] *     - get_group_urdf
[move_group-11] *     - load_geometry_from_file
[move_group-11] *     - CartesianPathService
[move_group-11] *     - execute_trajectory_action
[move_group-11] *     - get_planning_scene_service
[move_group-11] *     - kinematics_service
[move_group-11] *     - move_action
[move_group-11] *     - motion_plan_service
[move_group-11] *     - query_planners_service
[move_group-11] *     - state_validation_service
[move_group-11] *     - save_geometry_to_file
[move_group-11] ********************************************************
[move_group-11] 
[move_group-11] [INFO] [1775661747.962256180] [move_group.moveit.moveit.ros.move_group.context]: MoveGroup context using pipeline ompl
[move_group-11] [INFO] [1775661747.962266661] [move_group.moveit.moveit.ros.move_group.context]: MoveGroup context initialization complete
[move_group-11] [96mLoading 'move_group/ApplyPlanningSceneService'...[0m
[move_group-11] [96mLoading 'move_group/ClearOctomapService'...[0m
[move_group-11] [96mLoading 'move_group/GetUrdfService'...[0m
[move_group-11] [96mLoading 'move_group/LoadGeometryFromFileService'...[0m
[move_group-11] [96mLoading 'move_group/MoveGroupCartesianPathService'...[0m
[move_group-11] [96mLoading 'move_group/MoveGroupExecuteTrajectoryAction'...[0m
[move_group-11] [96mLoading 'move_group/MoveGroupGetPlanningSceneService'...[0m
[move_group-11] [96mLoading 'move_group/MoveGroupKinematicsService'...[0m
[move_group-11] [96mLoading 'move_group/MoveGroupMoveAction'...[0m
[move_group-11] [96mLoading 'move_group/MoveGroupPlanService'...[0m
[move_group-11] [96mLoading 'move_group/MoveGroupQueryPlannersService'...[0m
[move_group-11] [96mLoading 'move_group/MoveGroupStateValidationService'...[0m
[move_group-11] [96mLoading 'move_group/SaveGeometryToFileService'...[0m
[move_group-11] 
[move_group-11] [92mYou can start planning now![0m
[move_group-11] 
[move_group-11] [WARN] [1775661748.148715089] [move_group.moveit.moveit.ros.planning_scene_monitor]: Unable to transform object from frame 'wrist_mounted_camera_color_optical_frame' to planning frame'world' ("world" passed to lookupTransform argument target_frame does not exist. )
[ros2_control_node-1] [INFO] [1775661748.376733303] [controller_manager]: Received robot description from topic.
[ros2_control_node-1] [WARN] [1775661748.376794211] [controller_manager]: ResourceManager has already loaded a urdf. Ignoring attempt to reload a robot description.
[rviz2-12] [ERROR] [1775661750.759282967] [rviz2_moveit.moveit.ros.motion_planning_frame]: Action server: /recognize_objects not available
[rviz2-12] [INFO] [1775661750.782088654] [rviz2_moveit.moveit.ros.motion_planning_frame]: MoveGroup namespace changed: / -> . Reloading params.
[rviz2-12] [INFO] [1775661750.831442453] [rviz2_moveit.moveit.ros.rdf_loader]: Loaded robot model in 0.00851393 seconds
[rviz2-12] [INFO] [1775661750.831532965] [rviz2_moveit.moveit.core.robot_model]: Loading robot model 'gen3'...
[rviz2-12] [INFO] [1775661750.831548621] [rviz2_moveit.moveit.core.robot_model]: No root/virtual joint specified in SRDF. Assuming fixed joint
[rviz2-12] [INFO] [1775661750.962973311] [rviz2_moveit.moveit.kinematics.kdl_kinematics_plugin]: Joint weights for group 'manipulator': 1 1 1 1 1 1 1
[rviz2-12] [INFO] [1775661751.272692483] [rviz2_moveit.moveit.ros.planning_scene_monitor]: Starting planning scene monitor
[rviz2-12] [INFO] [1775661751.273589900] [rviz2_moveit.moveit.ros.planning_scene_monitor]: Listening to '/monitored_planning_scene'
[rviz2-12] [INFO] [1775661752.268234603] [interactive_marker_display_99716399444832]: Connected on namespace: /rviz_moveit_motion_planning_display/robot_interaction_interactive_marker_topic
[rviz2-12] [INFO] [1775661752.274002866] [rviz2_moveit.moveit.ros.robot_interaction]: No active joints or end effectors found for group 'gripper'. Make sure that kinematics.yaml is loaded in this node's namespace.
[rviz2-12] [INFO] [1775661752.274695711] [rviz2_moveit.moveit.ros.robot_interaction]: No active joints or end effectors found for group 'gripper'. Make sure that kinematics.yaml is loaded in this node's namespace.
[rviz2-12] [INFO] [1775661752.279555846] [rviz2_moveit.moveit.ros.motion_planning_frame]: group gripper
[rviz2-12] [INFO] [1775661752.279582933] [rviz2_moveit.moveit.ros.motion_planning_frame]: Constructing new MoveGroup connection for group 'gripper' in namespace ''
[rviz2-12] [INFO] [1775661752.290776573] [interactive_marker_display_99716399444832]: Sending request for interactive markers
[rviz2-12] [INFO] [1775661752.297607506] [rviz2_moveit.moveit.ros.move_group_interface]: Ready to take commands for planning group gripper.
[rviz2-12] [INFO] [1775661752.300707747] [rviz2_moveit.moveit.ros.motion_planning_frame]: group gripper
[rviz2-12] [INFO] [1775661752.326108079] [interactive_marker_display_99716399444832]: Service response received for initialization
[ros2_control_node-1] [WARN] [1775661757.061165037] [controller_manager]: Overrun detected! The controller manager missed its desired rate of 125 Hz. The loop took 32.939050 ms (missed cycles : 5).
[ros2_control_node-1] [WARN] [1775661762.351809807] [controller_manager]: Overrun might occur, Total time : 11565.586 us (Expected < 8000.000 us) --> Read time : 36.387 us, Update time : 212.603 us, Write time : 11316.596 us
[ros2_control_node-1] [WARN] [1775661762.351885903] [controller_manager]: Overrun detected! The controller manager missed its desired rate of 125 Hz. The loop took 11.664740 ms (missed cycles : 2).
[ros2_control_node-1] [WARN] [1775661763.762187950] [controller_manager]: Overrun might occur, Total time : 21877.281 us (Expected < 8000.000 us) --> Read time : 38.240 us, Update time : 245.668 us, Write time : 21593.373 us
[ros2_control_node-1] [WARN] [1775661763.762347099] [controller_manager]: Overrun detected! The controller manager missed its desired rate of 125 Hz. The loop took 22.124111 ms (missed cycles : 3).
[ros2_control_node-1] [WARN] [1775661764.975147951] [controller_manager]: Overrun might occur, Total time : 10889.445 us (Expected < 8000.000 us) --> Read time : 62.639 us, Update time : 256.022 us, Write time : 10570.784 us
[ros2_control_node-1] [WARN] [1775661764.975293647] [controller_manager]: Overrun detected! The controller manager missed its desired rate of 125 Hz. The loop took 11.071326 ms (missed cycles : 2).
[ros2_control_node-1] [WARN] [1775661766.454497739] [controller_manager]: Overrun might occur, Total time : 10246.788 us (Expected < 8000.000 us) --> Read time : 60.322 us, Update time : 260.036 us, Write time : 9926.430 us
[ros2_control_node-1] [WARN] [1775661766.454553250] [controller_manager]: Overrun detected! The controller manager missed its desired rate of 125 Hz. The loop took 10.333051 ms (missed cycles : 2).
[ros2_control_node-1] [WARN] [1775661768.165624803] [controller_manager]: Overrun might occur, Total time : 9372.537 us (Expected < 8000.000 us) --> Read time : 50.331 us, Update time : 251.300 us, Write time : 9070.906 us
[ros2_control_node-1] [WARN] [1775661768.165748474] [controller_manager]: Overrun detected! The controller manager missed its desired rate of 125 Hz. The loop took 9.521886 ms (missed cycles : 2).
[ros2_control_node-1] [WARN] [1775661775.981034297] [controller_manager]: Overrun might occur, Total time : 8773.732 us (Expected < 8000.000 us) --> Read time : 60.723 us, Update time : 265.344 us, Write time : 8447.665 us
[ros2_control_node-1] [WARN] [1775661775.981128183] [controller_manager]: Overrun detected! The controller manager missed its desired rate of 125 Hz. The loop took 8.907291 ms (missed cycles : 2).
[ros2_control_node-1] [WARN] [1775661777.538116543] [controller_manager]: Overrun detected! The controller manager missed its desired rate of 125 Hz. The loop took 29.895418 ms (missed cycles : 4).
[ros2_control_node-1] [WARN] [1775661780.472358639] [controller_manager]: Overrun might occur, Total time : 12082.802 us (Expected < 8000.000 us) --> Read time : 103.709 us, Update time : 366.983 us, Write time : 11612.110 us
[ros2_control_node-1] [WARN] [1775661780.472444960] [controller_manager]: Overrun detected! The controller manager missed its desired rate of 125 Hz. The loop took 12.223943 ms (missed cycles : 2).
[ros2_control_node-1] [WARN] [1775661783.756491707] [controller_manager]: Overrun might occur, Total time : 8190.499 us (Expected < 8000.000 us) --> Read time : 57.439 us, Update time : 275.263 us, Write time : 7857.797 us
[ros2_control_node-1] [WARN] [1775661783.756922975] [controller_manager]: Overrun detected! The controller manager missed its desired rate of 125 Hz. The loop took 8.689647 ms (missed cycles : 2).
[ros2_control_node-1] [WARN] [1775661787.480298997] [controller_manager]: Overrun might occur, Total time : 12049.807 us (Expected < 8000.000 us) --> Read time : 52.540 us, Update time : 242.003 us, Write time : 11755.264 us
[ros2_control_node-1] [WARN] [1775661787.480382294] [controller_manager]: Overrun detected! The controller manager missed its desired rate of 125 Hz. The loop took 12.161378 ms (missed cycles : 2).
[ros2_control_node-1] [WARN] [1775661791.796368425] [controller_manager]: Overrun might occur, Total time : 8107.420 us (Expected < 8000.000 us) --> Read time : 81.882 us, Update time : 398.826 us, Write time : 7626.712 us
[ros2_control_node-1] [WARN] [1775661791.796438768] [controller_manager]: Overrun detected! The controller manager missed its desired rate of 125 Hz. The loop took 8.217676 ms (missed cycles : 2).
[ros2_control_node-1] [WARN] [1775661798.018347116] [controller_manager]: Overrun detected! The controller manager missed its desired rate of 125 Hz. The loop took 30.123928 ms (missed cycles : 4).
[ros2_control_node-1] [WARN] [1775661798.397591132] [controller_manager]: Overrun might occur, Total time : 17331.489 us (Expected < 8000.000 us) --> Read time : 78.354 us, Update time : 289.062 us, Write time : 16964.073 us
[ros2_control_node-1] [WARN] [1775661799.916460509] [controller_manager]: Overrun might occur, Total time : 8209.235 us (Expected < 8000.000 us) --> Read time : 51.620 us, Update time : 225.531 us, Write time : 7932.084 us
[ros2_control_node-1] [WARN] [1775661799.916533791] [controller_manager]: Overrun detected! The controller manager missed its desired rate of 125 Hz. The loop took 8.313138 ms (missed cycles : 2).
[ros2_control_node-1] [WARN] [1775661804.421389312] [controller_manager]: Overrun might occur, Total time : 9134.487 us (Expected < 8000.000 us) --> Read time : 58.713 us, Update time : 274.929 us, Write time : 8800.845 us
[ros2_control_node-1] [WARN] [1775661804.421469454] [controller_manager]: Overrun detected! The controller manager missed its desired rate of 125 Hz. The loop took 9.248303 ms (missed cycles : 2).
[ros2_control_node-1] [WARN] [1775661808.257521863] [controller_manager]: Overrun detected! The controller manager missed its desired rate of 125 Hz. The loop took 29.298982 ms (missed cycles : 4).
[ros2_control_node-1] [WARN] [1775661818.497223855] [controller_manager]: Overrun detected! The controller manager missed its desired rate of 125 Hz. The loop took 29.001704 ms (missed cycles : 4).
[ros2_control_node-1] [WARN] [1775661823.729692640] [controller_manager]: Overrun might occur, Total time : 13440.322 us (Expected < 8000.000 us) --> Read time : 55.980 us, Update time : 260.558 us, Write time : 13123.784 us
[ros2_control_node-1] [WARN] [1775661823.729768180] [controller_manager]: Overrun detected! The controller manager missed its desired rate of 125 Hz. The loop took 13.547177 ms (missed cycles : 2).
[ros2_control_node-1] [WARN] [1775661826.093347787] [controller_manager]: Overrun might occur, Total time : 9072.307 us (Expected < 8000.000 us) --> Read time : 97.755 us, Update time : 335.589 us, Write time : 8638.963 us
[ros2_control_node-1] [WARN] [1775661826.093452683] [controller_manager]: Overrun detected! The controller manager missed its desired rate of 125 Hz. The loop took 9.230590 ms (missed cycles : 2).
[ros2_control_node-1] [WARN] [1775661828.151958777] [controller_manager]: Overrun might occur, Total time : 11709.956 us (Expected < 8000.000 us) --> Read time : 55.983 us, Update time : 254.565 us, Write time : 11399.408 us
[ros2_control_node-1] [WARN] [1775661828.152029753] [controller_manager]: Overrun detected! The controller manager missed its desired rate of 125 Hz. The loop took 11.809472 ms (missed cycles : 2).
[ros2_control_node-1] [WARN] [1775661834.261294323] [controller_manager]: Overrun might occur, Total time : 9042.447 us (Expected < 8000.000 us) --> Read time : 48.949 us, Update time : 233.279 us, Write time : 8760.219 us
[ros2_control_node-1] [WARN] [1775661834.261364882] [controller_manager]: Overrun detected! The controller manager missed its desired rate of 125 Hz. The loop took 9.144251 ms (missed cycles : 2).
[ros2_control_node-1] [WARN] [1775661838.909613291] [controller_manager]: Overrun might occur, Total time : 9327.469 us (Expected < 8000.000 us) --> Read time : 144.987 us, Update time : 584.947 us, Write time : 8597.535 us
[ros2_control_node-1] [WARN] [1775661838.909705037] [controller_manager]: Overrun detected! The controller manager missed its desired rate of 125 Hz. The loop took 9.483028 ms (missed cycles : 2).
[ros2_control_node-1] [WARN] [1775661844.292824895] [controller_manager]: Overrun might occur, Total time : 8541.181 us (Expected < 8000.000 us) --> Read time : 91.056 us, Update time : 381.748 us, Write time : 8068.377 us
[ros2_control_node-1] [WARN] [1775661844.292905739] [controller_manager]: Overrun detected! The controller manager missed its desired rate of 125 Hz. The loop took 8.684897 ms (missed cycles : 2).
[ros2_control_node-1] [WARN] [1775661847.990306234] [controller_manager]: Overrun might occur, Total time : 10030.132 us (Expected < 8000.000 us) --> Read time : 140.907 us, Update time : 326.991 us, Write time : 9562.234 us
[ros2_control_node-1] [WARN] [1775661847.990393652] [controller_manager]: Overrun detected! The controller manager missed its desired rate of 125 Hz. The loop took 10.172930 ms (missed cycles : 2).
[ros2_control_node-1] [WARN] [1775661849.218044874] [controller_manager]: Overrun detected! The controller manager missed its desired rate of 125 Hz. The loop took 29.823949 ms (missed cycles : 4).
[ros2_control_node-1] [WARN] [1775661859.456998008] [controller_manager]: Overrun detected! The controller manager missed its desired rate of 125 Hz. The loop took 28.776205 ms (missed cycles : 4).
[ros2_control_node-1] [WARN] [1775661869.697181144] [controller_manager]: Overrun detected! The controller manager missed its desired rate of 125 Hz. The loop took 28.959643 ms (missed cycles : 4).
[ros2_control_node-1] [WARN] [1775661873.314237095] [controller_manager]: Overrun might occur, Total time : 13985.632 us (Expected < 8000.000 us) --> Read time : 67.594 us, Update time : 230.087 us, Write time : 13687.951 us
[ros2_control_node-1] [WARN] [1775661873.314317516] [controller_manager]: Overrun detected! The controller manager missed its desired rate of 125 Hz. The loop took 14.096416 ms (missed cycles : 2).
[ros2_control_node-1] [WARN] [1775661879.189410749] [controller_manager]: Overrun might occur, Total time : 9158.609 us (Expected < 8000.000 us) --> Read time : 52.920 us, Update time : 221.988 us, Write time : 8883.701 us
[ros2_control_node-1] [WARN] [1775661879.189500903] [controller_manager]: Overrun detected! The controller manager missed its desired rate of 125 Hz. The loop took 9.278993 ms (missed cycles : 2).
[ros2_control_node-1] [WARN] [1775661883.732853646] [controller_manager]: Overrun might occur, Total time : 16594.601 us (Expected < 8000.000 us) --> Read time : 60.035 us, Update time : 253.936 us, Write time : 16280.630 us
[ros2_control_node-1] [WARN] [1775661883.732969692] [controller_manager]: Overrun detected! The controller manager missed its desired rate of 125 Hz. The loop took 16.748306 ms (missed cycles : 3).
[ros2_control_node-1] [WARN] [1775661885.261739483] [controller_manager]: Overrun might occur, Total time : 9486.075 us (Expected < 8000.000 us) --> Read time : 56.929 us, Update time : 281.411 us, Write time : 9147.735 us
[ros2_control_node-1] [WARN] [1775661885.261835964] [controller_manager]: Overrun detected! The controller manager missed its desired rate of 125 Hz. The loop took 9.614812 ms (missed cycles : 2).
[ros2_control_node-1] [WARN] [1775661888.460605141] [controller_manager]: Overrun might occur, Total time : 8340.847 us (Expected < 8000.000 us) --> Read time : 74.124 us, Update time : 340.533 us, Write time : 7926.190 us
[ros2_control_node-1] [WARN] [1775661888.460725166] [controller_manager]: Overrun detected! The controller manager missed its desired rate of 125 Hz. The loop took 8.503598 ms (missed cycles : 2).
[ros2_control_node-1] [WARN] [1775661889.982675415] [controller_manager]: Overrun might occur, Total time : 10429.443 us (Expected < 8000.000 us) --> Read time : 37.530 us, Update time : 221.699 us, Write time : 10170.214 us
[ros2_control_node-1] [WARN] [1775661889.982755617] [controller_manager]: Overrun detected! The controller manager missed its desired rate of 125 Hz. The loop took 10.534693 ms (missed cycles : 2).
[ros2_control_node-1] [WARN] [1775661894.213234826] [controller_manager]: Overrun might occur, Total time : 8979.995 us (Expected < 8000.000 us) --> Read time : 59.305 us, Update time : 226.966 us, Write time : 8693.724 us
[ros2_control_node-1] [WARN] [1775661894.213320167] [controller_manager]: Overrun detected! The controller manager missed its desired rate of 125 Hz. The loop took 9.099227 ms (missed cycles : 2).
[ros2_control_node-1] [WARN] [1775661895.482697553] [controller_manager]: Overrun might occur, Total time : 14445.338 us (Expected < 8000.000 us) --> Read time : 72.070 us, Update time : 246.765 us, Write time : 14126.503 us
[ros2_control_node-1] [WARN] [1775661895.482767606] [controller_manager]: Overrun detected! The controller manager missed its desired rate of 125 Hz. The loop took 14.547264 ms (missed cycles : 2).
[ros2_control_node-1] [WARN] [1775661897.964774833] [controller_manager]: Overrun might occur, Total time : 16522.333 us (Expected < 8000.000 us) --> Read time : 79.795 us, Update time : 307.332 us, Write time : 16135.206 us
[ros2_control_node-1] [WARN] [1775661897.964850749] [controller_manager]: Overrun detected! The controller manager missed its desired rate of 125 Hz. The loop took 16.629862 ms (missed cycles : 3).
[ros2_control_node-1] [WARN] [1775661900.417165542] [controller_manager]: Overrun detected! The controller manager missed its desired rate of 125 Hz. The loop took 28.943010 ms (missed cycles : 4).
[ros2_control_node-1] [WARN] [1775661905.429185487] [controller_manager]: Overrun might occur, Total time : 8921.345 us (Expected < 8000.000 us) --> Read time : 71.732 us, Update time : 282.714 us, Write time : 8566.899 us
[ros2_control_node-1] [WARN] [1775661905.429301992] [controller_manager]: Overrun detected! The controller manager missed its desired rate of 125 Hz. The loop took 9.079728 ms (missed cycles : 2).
[ros2_control_node-1] [WARN] [1775661909.232327963] [controller_manager]: Overrun might occur, Total time : 28052.114 us (Expected < 8000.000 us) --> Read time : 120.250 us, Update time : 453.848 us, Write time : 27478.016 us
[ros2_control_node-1] [WARN] [1775661909.232408868] [controller_manager]: Overrun detected! The controller manager missed its desired rate of 125 Hz. The loop took 28.187520 ms (missed cycles : 4).
[ros2_control_node-1] [WARN] [1775661910.659299524] [controller_manager]: Overrun detected! The controller manager missed its desired rate of 125 Hz. The loop took 31.068708 ms (missed cycles : 4).
[ros2_control_node-1] [WARN] [1775661912.804597447] [controller_manager]: Overrun might occur, Total time : 16332.807 us (Expected < 8000.000 us) --> Read time : 60.612 us, Update time : 262.513 us, Write time : 16009.682 us
[ros2_control_node-1] [WARN] [1775661912.804677153] [controller_manager]: Overrun detected! The controller manager missed its desired rate of 125 Hz. The loop took 16.455906 ms (missed cycles : 3).
[ros2_control_node-1] [WARN] [1775661915.100308803] [controller_manager]: Overrun might occur, Total time : 8047.182 us (Expected < 8000.000 us) --> Read time : 87.283 us, Update time : 442.092 us, Write time : 7517.807 us
[ros2_control_node-1] [WARN] [1775661915.100406649] [controller_manager]: Overrun detected! The controller manager missed its desired rate of 125 Hz. The loop took 8.185493 ms (missed cycles : 2).
[ros2_control_node-1] [WARN] [1775661917.553264986] [controller_manager]: Overrun might occur, Total time : 13008.208 us (Expected < 8000.000 us) --> Read time : 65.726 us, Update time : 252.919 us, Write time : 12689.563 us
[ros2_control_node-1] [WARN] [1775661917.553355410] [controller_manager]: Overrun detected! The controller manager missed its desired rate of 125 Hz. The loop took 13.134829 ms (missed cycles : 2).
[ros2_control_node-1] [WARN] [1775661919.047420831] [controller_manager]: Overrun might occur, Total time : 19160.488 us (Expected < 8000.000 us) --> Read time : 66.429 us, Update time : 282.050 us, Write time : 18812.009 us
[ros2_control_node-1] [WARN] [1775661919.047500155] [controller_manager]: Overrun detected! The controller manager missed its desired rate of 125 Hz. The loop took 19.279342 ms (missed cycles : 3).
[ros2_control_node-1] [WARN] [1775661920.899181308] [controller_manager]: Overrun might occur, Total time : 30911.181 us (Expected < 8000.000 us) --> Read time : 95.599 us, Update time : 359.546 us, Write time : 30456.036 us
[ros2_control_node-1] [WARN] [1775661920.899282780] [controller_manager]: Overrun detected! The controller manager missed its desired rate of 125 Hz. The loop took 31.061913 ms (missed cycles : 4).
[ros2_control_node-1] [WARN] [1775661931.137195447] [controller_manager]: Overrun detected! The controller manager missed its desired rate of 125 Hz. The loop took 28.971918 ms (missed cycles : 4).
[ros2_control_node-1] [WARN] [1775661939.473217521] [controller_manager]: Overrun might occur, Total time : 12960.238 us (Expected < 8000.000 us) --> Read time : 63.378 us, Update time : 285.694 us, Write time : 12611.166 us
[ros2_control_node-1] [WARN] [1775661939.473302986] [controller_manager]: Overrun detected! The controller manager missed its desired rate of 125 Hz. The loop took 13.082157 ms (missed cycles : 2).
[ros2_control_node-1] [WARN] [1775661941.378482699] [controller_manager]: Overrun detected! The controller manager missed its desired rate of 125 Hz. The loop took 30.255409 ms (missed cycles : 4).
[ros2_control_node-1] [WARN] [1775661943.746300004] [controller_manager]: Overrun might occur, Total time : 14029.732 us (Expected < 8000.000 us) --> Read time : 67.171 us, Update time : 374.915 us, Write time : 13587.646 us
[ros2_control_node-1] [WARN] [1775661943.746408459] [controller_manager]: Overrun detected! The controller manager missed its desired rate of 125 Hz. The loop took 14.186317 ms (missed cycles : 2).
[ros2_control_node-1] [WARN] [1775661945.960193801] [controller_manager]: Overrun might occur, Total time : 19919.720 us (Expected < 8000.000 us) --> Read time : 96.325 us, Update time : 345.356 us, Write time : 19478.039 us
[ros2_control_node-1] [WARN] [1775661945.960274182] [controller_manager]: Overrun detected! The controller manager missed its desired rate of 125 Hz. The loop took 20.052761 ms (missed cycles : 3).
[ros2_control_node-1] [WARN] [1775661947.735190189] [controller_manager]: Overrun might occur, Total time : 10924.688 us (Expected < 8000.000 us) --> Read time : 97.303 us, Update time : 321.601 us, Write time : 10505.784 us
[ros2_control_node-1] [WARN] [1775661947.735269458] [controller_manager]: Overrun detected! The controller manager missed its desired rate of 125 Hz. The loop took 11.048170 ms (missed cycles : 2).
[ros2_control_node-1] [WARN] [1775661949.356637129] [controller_manager]: Overrun might occur, Total time : 8372.958 us (Expected < 8000.000 us) --> Read time : 69.889 us, Update time : 257.724 us, Write time : 8045.345 us
[ros2_control_node-1] [WARN] [1775661949.356723415] [controller_manager]: Overrun detected! The controller manager missed its desired rate of 125 Hz. The loop took 8.502195 ms (missed cycles : 2).
[ros2_control_node-1] [WARN] [1775661951.617664395] [controller_manager]: Overrun detected! The controller manager missed its desired rate of 125 Hz. The loop took 29.442313 ms (missed cycles : 4).
[ros2_control_node-1] [WARN] [1775661953.283111368] [controller_manager]: Overrun might occur, Total time : 38852.701 us (Expected < 8000.000 us) --> Read time : 65.709 us, Update time : 284.040 us, Write time : 38502.952 us
[ros2_control_node-1] [WARN] [1775661953.283182359] [controller_manager]: Overrun detected! The controller manager missed its desired rate of 125 Hz. The loop took 38.961450 ms (missed cycles : 5).
[ros2_control_node-1] [WARN] [1775661958.516255590] [controller_manager]: Overrun detected! The controller manager missed its desired rate of 125 Hz. The loop took 8.031736 ms (missed cycles : 2).
[ros2_control_node-1] [WARN] [1775661958.959213786] [controller_manager]: Overrun might occur, Total time : 10947.251 us (Expected < 8000.000 us) --> Read time : 98.095 us, Update time : 389.126 us, Write time : 10460.030 us
[ros2_control_node-1] [WARN] [1775661961.858379336] [controller_manager]: Overrun detected! The controller manager missed its desired rate of 125 Hz. The loop took 30.156423 ms (missed cycles : 4).
[ros2_control_node-1] [WARN] [1775661967.696387567] [controller_manager]: Overrun might occur, Total time : 36121.183 us (Expected < 8000.000 us) --> Read time : 89.620 us, Update time : 310.460 us, Write time : 35721.103 us
[ros2_control_node-1] [WARN] [1775661967.696479387] [controller_manager]: Overrun detected! The controller manager missed its desired rate of 125 Hz. The loop took 36.258530 ms (missed cycles : 5).
[ros2_control_node-1] [WARN] [1775661971.430699199] [controller_manager]: Overrun might occur, Total time : 26440.915 us (Expected < 8000.000 us) --> Read time : 75.996 us, Update time : 286.644 us, Write time : 26078.275 us
[ros2_control_node-1] [WARN] [1775661971.430789351] [controller_manager]: Overrun detected! The controller manager missed its desired rate of 125 Hz. The loop took 26.568706 ms (missed cycles : 4).
[ros2_control_node-1] [WARN] [1775661973.384098418] [controller_manager]: Overrun might occur, Total time : 11847.916 us (Expected < 8000.000 us) --> Read time : 39.791 us, Update time : 225.195 us, Write time : 11582.930 us
[ros2_control_node-1] [WARN] [1775661973.384186639] [controller_manager]: Overrun detected! The controller manager missed its desired rate of 125 Hz. The loop took 11.964552 ms (missed cycles : 2).
[ros2_control_node-1] [WARN] [1775661976.396294890] [controller_manager]: Overrun might occur, Total time : 8035.860 us (Expected < 8000.000 us) --> Read time : 58.918 us, Update time : 251.053 us, Write time : 7725.889 us
[ros2_control_node-1] [WARN] [1775661976.396444642] [controller_manager]: Overrun detected! The controller manager missed its desired rate of 125 Hz. The loop took 8.221162 ms (missed cycles : 2).
[ros2_control_node-1] [WARN] [1775661978.237741466] [controller_manager]: Overrun might occur, Total time : 9475.627 us (Expected < 8000.000 us) --> Read time : 80.597 us, Update time : 279.480 us, Write time : 9115.550 us
[ros2_control_node-1] [WARN] [1775661978.237835949] [controller_manager]: Overrun detected! The controller manager missed its desired rate of 125 Hz. The loop took 9.614997 ms (missed cycles : 2).
[ros2_control_node-1] [WARN] [1775661979.836805163] [controller_manager]: Overrun might occur, Total time : 8554.037 us (Expected < 8000.000 us) --> Read time : 51.140 us, Update time : 238.970 us, Write time : 8263.927 us
[ros2_control_node-1] [WARN] [1775661979.836880194] [controller_manager]: Overrun detected! The controller manager missed its desired rate of 125 Hz. The loop took 8.659421 ms (missed cycles : 2).
[ros2_control_node-1] [WARN] [1775661982.336622371] [controller_manager]: Overrun might occur, Total time : 28367.654 us (Expected < 8000.000 us) --> Read time : 54.599 us, Update time : 311.698 us, Write time : 28001.357 us
[ros2_control_node-1] [WARN] [1775661982.336701891] [controller_manager]: Overrun detected! The controller manager missed its desired rate of 125 Hz. The loop took 28.480600 ms (missed cycles : 4).
[ros2_control_node-1] [WARN] [1775661992.576921541] [controller_manager]: Overrun detected! The controller manager missed its desired rate of 125 Hz. The loop took 28.699309 ms (missed cycles : 4).
[ros2_control_node-1] [WARN] [1775662002.818177418] [controller_manager]: Overrun detected! The controller manager missed its desired rate of 125 Hz. The loop took 29.954677 ms (missed cycles : 4).
[ros2_control_node-1] [WARN] [1775662003.732802092] [controller_manager]: Overrun might occur, Total time : 16537.519 us (Expected < 8000.000 us) --> Read time : 93.636 us, Update time : 276.321 us, Write time : 16167.562 us
[ros2_control_node-1] [WARN] [1775662006.876280737] [controller_manager]: Overrun might occur, Total time : 8014.059 us (Expected < 8000.000 us) --> Read time : 67.190 us, Update time : 306.258 us, Write time : 7640.611 us
[ros2_control_node-1] [WARN] [1775662006.876385649] [controller_manager]: Overrun detected! The controller manager missed its desired rate of 125 Hz. The loop took 8.164544 ms (missed cycles : 2).
[ros2_control_node-1] [WARN] [1775662007.931202462] [controller_manager]: Overrun might occur, Total time : 22942.987 us (Expected < 8000.000 us) --> Read time : 60.077 us, Update time : 240.154 us, Write time : 22642.756 us
[ros2_control_node-1] [WARN] [1775662007.931288530] [controller_manager]: Overrun detected! The controller manager missed its desired rate of 125 Hz. The loop took 23.067183 ms (missed cycles : 3).
[ros2_control_node-1] [WARN] [1775662010.518636821] [controller_manager]: Overrun might occur, Total time : 10359.421 us (Expected < 8000.000 us) --> Read time : 106.203 us, Update time : 277.496 us, Write time : 9975.722 us
[ros2_control_node-1] [WARN] [1775662010.518718286] [controller_manager]: Overrun detected! The controller manager missed its desired rate of 125 Hz. The loop took 10.496206 ms (missed cycles : 2).
[ros2_control_node-1] [WARN] [1775662013.058545894] [controller_manager]: Overrun detected! The controller manager missed its desired rate of 125 Hz. The loop took 30.323140 ms (missed cycles : 4).
[ros2_control_node-1] [WARN] [1775662023.298877555] [controller_manager]: Overrun detected! The controller manager missed its desired rate of 125 Hz. The loop took 30.655029 ms (missed cycles : 4).
[ros2_control_node-1] [WARN] [1775662024.676757247] [controller_manager]: Overrun might occur, Total time : 24501.195 us (Expected < 8000.000 us) --> Read time : 45.756 us, Update time : 265.426 us, Write time : 24190.013 us
[ros2_control_node-1] [WARN] [1775662024.676858990] [controller_manager]: Overrun detected! The controller manager missed its desired rate of 125 Hz. The loop took 24.637916 ms (missed cycles : 4).
[ros2_control_node-1] [WARN] [1775662030.321360534] [controller_manager]: Overrun might occur, Total time : 13108.326 us (Expected < 8000.000 us) --> Read time : 55.736 us, Update time : 295.209 us, Write time : 12757.381 us
[ros2_control_node-1] [WARN] [1775662030.321433497] [controller_manager]: Overrun detected! The controller manager missed its desired rate of 125 Hz. The loop took 13.212758 ms (missed cycles : 2).
[ros2_control_node-1] [WARN] [1775662032.165199645] [controller_manager]: Overrun might occur, Total time : 8933.435 us (Expected < 8000.000 us) --> Read time : 54.971 us, Update time : 239.737 us, Write time : 8638.727 us
[ros2_control_node-1] [WARN] [1775662032.165281904] [controller_manager]: Overrun detected! The controller manager missed its desired rate of 125 Hz. The loop took 9.061023 ms (missed cycles : 2).
[ros2_control_node-1] [WARN] [1775662033.536986888] [controller_manager]: Overrun detected! The controller manager missed its desired rate of 125 Hz. The loop took 28.764271 ms (missed cycles : 4).
[ros2_control_node-1] [WARN] [1775662034.471397769] [controller_manager]: Overrun might occur, Total time : 11134.930 us (Expected < 8000.000 us) --> Read time : 105.511 us, Update time : 458.794 us, Write time : 10570.625 us
[ros2_control_node-1] [WARN] [1775662036.980225377] [controller_manager]: Overrun detected! The controller manager missed its desired rate of 125 Hz. The loop took 8.000978 ms (missed cycles : 2).
[ros2_control_node-1] [WARN] [1775662038.675203894] [controller_manager]: Overrun might occur, Total time : 14951.874 us (Expected < 8000.000 us) --> Read time : 48.949 us, Update time : 241.445 us, Write time : 14661.480 us
[ros2_control_node-1] [WARN] [1775662038.675288136] [controller_manager]: Overrun detected! The controller manager missed its desired rate of 125 Hz. The loop took 15.067277 ms (missed cycles : 2).
[ros2_control_node-1] [WARN] [1775662040.157348364] [controller_manager]: Overrun might occur, Total time : 9074.226 us (Expected < 8000.000 us) --> Read time : 96.860 us, Update time : 370.117 us, Write time : 8607.249 us
[ros2_control_node-1] [WARN] [1775662040.157435749] [controller_manager]: Overrun detected! The controller manager missed its desired rate of 125 Hz. The loop took 9.214617 ms (missed cycles : 2).
[ros2_control_node-1] [WARN] [1775662041.201168181] [controller_manager]: Overrun might occur, Total time : 12919.924 us (Expected < 8000.000 us) --> Read time : 47.670 us, Update time : 229.165 us, Write time : 12643.089 us
[ros2_control_node-1] [WARN] [1775662041.201234792] [controller_manager]: Overrun detected! The controller manager missed its desired rate of 125 Hz. The loop took 13.013632 ms (missed cycles : 2).
[ros2_control_node-1] [WARN] [1775662043.778801360] [controller_manager]: Overrun detected! The controller manager missed its desired rate of 125 Hz. The loop took 30.577327 ms (missed cycles : 4).
[ros2_control_node-1] [WARN] [1775662046.214722831] [controller_manager]: Overrun might occur, Total time : 10470.463 us (Expected < 8000.000 us) --> Read time : 72.624 us, Update time : 270.400 us, Write time : 10127.439 us
[ros2_control_node-1] [WARN] [1775662046.214783092] [controller_manager]: Overrun detected! The controller manager missed its desired rate of 125 Hz. The loop took 10.562228 ms (missed cycles : 2).
[ros2_control_node-1] [WARN] [1775662047.749175372] [controller_manager]: Overrun might occur, Total time : 8920.930 us (Expected < 8000.000 us) --> Read time : 61.419 us, Update time : 240.391 us, Write time : 8619.120 us
[ros2_control_node-1] [WARN] [1775662047.749237579] [controller_manager]: Overrun detected! The controller manager missed its desired rate of 125 Hz. The loop took 9.017028 ms (missed cycles : 2).
[ros2_control_node-1] [WARN] [1775662049.918217348] [controller_manager]: Overrun might occur, Total time : 9952.719 us (Expected < 8000.000 us) --> Read time : 68.858 us, Update time : 229.278 us, Write time : 9654.583 us
[ros2_control_node-1] [WARN] [1775662049.918321557] [controller_manager]: Overrun detected! The controller manager missed its desired rate of 125 Hz. The loop took 10.100536 ms (missed cycles : 2).
[ros2_control_node-1] [WARN] [1775662051.700850398] [controller_manager]: Overrun might occur, Total time : 8568.889 us (Expected < 8000.000 us) --> Read time : 139.820 us, Update time : 495.282 us, Write time : 7933.787 us
[ros2_control_node-1] [WARN] [1775662051.700935736] [controller_manager]: Overrun detected! The controller manager missed its desired rate of 125 Hz. The loop took 8.714321 ms (missed cycles : 2).
[ros2_control_node-1] [WARN] [1775662054.016639320] [controller_manager]: Overrun detected! The controller manager missed its desired rate of 125 Hz. The loop took 28.416406 ms (missed cycles : 4).
[ros2_control_node-1] [WARN] [1775662059.460704083] [controller_manager]: Overrun might occur, Total time : 8457.030 us (Expected < 8000.000 us) --> Read time : 50.171 us, Update time : 200.218 us, Write time : 8206.641 us
[ros2_control_node-1] [WARN] [1775662059.460768768] [controller_manager]: Overrun detected! The controller manager missed its desired rate of 125 Hz. The loop took 8.547968 ms (missed cycles : 2).
[ros2_control_node-1] [WARN] [1775662062.806151290] [controller_manager]: Overrun might occur, Total time : 9896.291 us (Expected < 8000.000 us) --> Read time : 83.642 us, Update time : 309.459 us, Write time : 9503.190 us
[ros2_control_node-1] [WARN] [1775662062.806231097] [controller_manager]: Overrun detected! The controller manager missed its desired rate of 125 Hz. The loop took 10.010184 ms (missed cycles : 2).
[ros2_control_node-1] [WARN] [1775662064.258492551] [controller_manager]: Overrun detected! The controller manager missed its desired rate of 125 Hz. The loop took 30.269409 ms (missed cycles : 4).
[ros2_control_node-1] [WARN] [1775662068.150439813] [controller_manager]: Overrun might occur, Total time : 10190.127 us (Expected < 8000.000 us) --> Read time : 53.950 us, Update time : 252.178 us, Write time : 9883.999 us
[ros2_control_node-1] [WARN] [1775662068.150522440] [controller_manager]: Overrun detected! The controller manager missed its desired rate of 125 Hz. The loop took 10.300956 ms (missed cycles : 2).
[ros2_control_node-1] [WARN] [1775662069.542771613] [controller_manager]: Overrun might occur, Total time : 10517.443 us (Expected < 8000.000 us) --> Read time : 56.026 us, Update time : 248.554 us, Write time : 10212.863 us
[ros2_control_node-1] [WARN] [1775662069.542848475] [controller_manager]: Overrun detected! The controller manager missed its desired rate of 125 Hz. The loop took 10.627097 ms (missed cycles : 2).
[ros2_control_node-1] [WARN] [1775662071.308879492] [controller_manager]: Overrun might occur, Total time : 8604.849 us (Expected < 8000.000 us) --> Read time : 61.368 us, Update time : 326.049 us, Write time : 8217.432 us
[ros2_control_node-1] [WARN] [1775662071.309024649] [controller_manager]: Overrun detected! The controller manager missed its desired rate of 125 Hz. The loop took 8.801852 ms (missed cycles : 2).
[ros2_control_node-1] [WARN] [1775662072.374231027] [controller_manager]: Overrun might occur, Total time : 9968.862 us (Expected < 8000.000 us) --> Read time : 59.153 us, Update time : 254.078 us, Write time : 9655.631 us
[ros2_control_node-1] [WARN] [1775662072.374369433] [controller_manager]: Overrun detected! The controller manager missed its desired rate of 125 Hz. The loop took 10.146951 ms (missed cycles : 2).
[ros2_control_node-1] [WARN] [1775662073.741218761] [controller_manager]: Overrun might occur, Total time : 8964.384 us (Expected < 8000.000 us) --> Read time : 73.235 us, Update time : 257.511 us, Write time : 8633.638 us
[ros2_control_node-1] [WARN] [1775662073.741305599] [controller_manager]: Overrun detected! The controller manager missed its desired rate of 125 Hz. The loop took 9.084199 ms (missed cycles : 2).
[ros2_control_node-1] [WARN] [1775662074.773978183] [controller_manager]: Overrun might occur, Total time : 9723.895 us (Expected < 8000.000 us) --> Read time : 52.555 us, Update time : 223.382 us, Write time : 9447.958 us
[ros2_control_node-1] [WARN] [1775662074.774053958] [controller_manager]: Overrun detected! The controller manager missed its desired rate of 125 Hz. The loop took 9.832798 ms (missed cycles : 2).
[ros2_control_node-1] [WARN] [1775662076.469414793] [controller_manager]: Overrun might occur, Total time : 9158.893 us (Expected < 8000.000 us) --> Read time : 56.945 us, Update time : 242.996 us, Write time : 8858.952 us
[ros2_control_node-1] [WARN] [1775662076.469492785] [controller_manager]: Overrun detected! The controller manager missed its desired rate of 125 Hz. The loop took 9.272406 ms (missed cycles : 2).
[ros2_control_node-1] [WARN] [1775662077.927005795] [controller_manager]: Overrun might occur, Total time : 10743.805 us (Expected < 8000.000 us) --> Read time : 84.380 us, Update time : 348.200 us, Write time : 10311.225 us
[ros2_control_node-1] [WARN] [1775662077.927089425] [controller_manager]: Overrun detected! The controller manager missed its desired rate of 125 Hz. The loop took 10.868460 ms (missed cycles : 2).
[ros2_control_node-1] [WARN] [1775662078.943681131] [controller_manager]: Overrun might occur, Total time : 11420.410 us (Expected < 8000.000 us) --> Read time : 73.587 us, Update time : 286.164 us, Write time : 11060.659 us
[ros2_control_node-1] [WARN] [1775662078.943764897] [controller_manager]: Overrun detected! The controller manager missed its desired rate of 125 Hz. The loop took 11.543631 ms (missed cycles : 2).
[ros2_control_node-1] [WARN] [1775662081.788199182] [controller_manager]: Overrun might occur, Total time : 15945.627 us (Expected < 8000.000 us) --> Read time : 51.839 us, Update time : 245.125 us, Write time : 15648.663 us
[ros2_control_node-1] [WARN] [1775662081.788286290] [controller_manager]: Overrun detected! The controller manager missed its desired rate of 125 Hz. The loop took 16.065228 ms (missed cycles : 3).
[ros2_control_node-1] [WARN] [1775662082.829107830] [controller_manager]: Overrun might occur, Total time : 8821.733 us (Expected < 8000.000 us) --> Read time : 71.554 us, Update time : 304.449 us, Write time : 8445.730 us
[ros2_control_node-1] [WARN] [1775662082.829226205] [controller_manager]: Overrun detected! The controller manager missed its desired rate of 125 Hz. The loop took 9.005145 ms (missed cycles : 2).
[ros2_control_node-1] [WARN] [1775662084.738889836] [controller_manager]: Overrun detected! The controller manager missed its desired rate of 125 Hz. The loop took 30.667357 ms (missed cycles : 4).
[ros2_control_node-1] [WARN] [1775662085.494154787] [controller_manager]: Overrun might occur, Total time : 9898.420 us (Expected < 8000.000 us) --> Read time : 66.429 us, Update time : 301.126 us, Write time : 9530.865 us
[ros2_control_node-1] [WARN] [1775662088.925831372] [controller_manager]: Overrun might occur, Total time : 9577.152 us (Expected < 8000.000 us) --> Read time : 58.240 us, Update time : 260.839 us, Write time : 9258.073 us
[ros2_control_node-1] [WARN] [1775662088.925908046] [controller_manager]: Overrun detected! The controller manager missed its desired rate of 125 Hz. The loop took 9.687094 ms (missed cycles : 2).
[ros2_control_node-1] [WARN] [1775662090.167555667] [controller_manager]: Overrun might occur, Total time : 11302.848 us (Expected < 8000.000 us) --> Read time : 64.773 us, Update time : 307.684 us, Write time : 10930.391 us
[ros2_control_node-1] [WARN] [1775662090.167623164] [controller_manager]: Overrun detected! The controller manager missed its desired rate of 125 Hz. The loop took 11.402385 ms (missed cycles : 2).
[ros2_control_node-1] [WARN] [1775662094.977921561] [controller_manager]: Overrun detected! The controller manager missed its desired rate of 125 Hz. The loop took 29.698071 ms (missed cycles : 4).
[ros2_control_node-1] [WARN] [1775662095.764693025] [controller_manager]: Overrun might occur, Total time : 8429.448 us (Expected < 8000.000 us) --> Read time : 67.307 us, Update time : 255.442 us, Write time : 8106.699 us
[ros2_control_node-1] [WARN] [1775662098.989176468] [controller_manager]: Overrun might occur, Total time : 8925.837 us (Expected < 8000.000 us) --> Read time : 48.517 us, Update time : 256.696 us, Write time : 8620.624 us
[ros2_control_node-1] [WARN] [1775662098.989246812] [controller_manager]: Overrun detected! The controller manager missed its desired rate of 125 Hz. The loop took 9.025827 ms (missed cycles : 2).
[ros2_control_node-1] [WARN] [1775662103.724357097] [controller_manager]: Overrun might occur, Total time : 8095.578 us (Expected < 8000.000 us) --> Read time : 56.305 us, Update time : 256.969 us, Write time : 7782.304 us
[ros2_control_node-1] [WARN] [1775662103.724465465] [controller_manager]: Overrun detected! The controller manager missed its desired rate of 125 Hz. The loop took 8.243417 ms (missed cycles : 2).
[ros2_control_node-1] [WARN] [1775662105.217277828] [controller_manager]: Overrun detected! The controller manager missed its desired rate of 125 Hz. The loop took 29.055023 ms (missed cycles : 4).
[ros2_control_node-1] [WARN] [1775662107.197099176] [controller_manager]: Overrun might occur, Total time : 8831.517 us (Expected < 8000.000 us) --> Read time : 109.568 us, Update time : 384.799 us, Write time : 8337.150 us
[ros2_control_node-1] [WARN] [1775662107.197182065] [controller_manager]: Overrun detected! The controller manager missed its desired rate of 125 Hz. The loop took 8.961221 ms (missed cycles : 2).
[ros2_control_node-1] [WARN] [1775662109.258910813] [controller_manager]: Overrun might occur, Total time : 54646.395 us (Expected < 8000.000 us) --> Read time : 58.814 us, Update time : 283.506 us, Write time : 54304.075 us
[ros2_control_node-1] [WARN] [1775662109.259038787] [controller_manager]: Overrun detected! The controller manager missed its desired rate of 125 Hz. The loop took 54.817901 ms (missed cycles : 7).
[ros2_control_node-1] [WARN] [1775662115.459151754] [controller_manager]: Overrun detected! The controller manager missed its desired rate of 125 Hz. The loop took 30.928156 ms (missed cycles : 4).
[ros2_control_node-1] [WARN] [1775662119.894178457] [controller_manager]: Overrun might occur, Total time : 25922.115 us (Expected < 8000.000 us) --> Read time : 60.056 us, Update time : 258.247 us, Write time : 25603.812 us
[ros2_control_node-1] [WARN] [1775662119.894265312] [controller_manager]: Overrun detected! The controller manager missed its desired rate of 125 Hz. The loop took 26.043738 ms (missed cycles : 4).
