
===== 2026-04-08T12:05:16-04:00 | T1_arm =====
cwd=/home/carrt-cse-project/workspace/ros2_kortex_ws
cmd=ros2 launch adl_tasks arm_vbox.launch.py robot_ip:=192.168.0.10 use_fake_hardware:=false 

[INFO] [launch]: All log files can be found below /home/carrt-cse-project/.ros/log/2026-04-08-12-05-17-125996-carrt-cse-project-OptiPlex-5050-13378
[INFO] [launch]: Default logging verbosity is set to INFO
[INFO] [launch.user]: [arm_vbox.launch] MoveIt current state source: /joint_states_sanitized. Use use_joint_state_sanitizer:=false for raw-state viewer debugging.
[INFO] [launch.user]: [arm_vbox.launch] Using ADL VBox controller config (share/adl_tasks/config/ros2_controllers_vbox.yaml, update_rate:=125 Hz).
[INFO] [ros2_control_node-1]: process started with pid [13384]
[INFO] [robot_state_publisher-2]: process started with pid [13385]
[INFO] [joint_state_sanitizer-3]: process started with pid [13386]
[INFO] [spawner-4]: process started with pid [13387]
[INFO] [static_transform_publisher-5]: process started with pid [13388]
[INFO] [static_transform_publisher-6]: process started with pid [13389]
[static_transform_publisher-5] [INFO] [1775664317.413200722] [static_transform_publisher]: Spinning until stopped - publishing transform
[static_transform_publisher-5] translation: ('0.000000', '0.000000', '0.000000')
[static_transform_publisher-5] rotation: ('0.000000', '0.000000', '0.000000', '1.000000')
[static_transform_publisher-5] from 'world' to 'base_link'
[static_transform_publisher-6] [INFO] [1775664317.417102664] [camera_color_optical_bridge_tf_pub]: Spinning until stopped - publishing transform
[static_transform_publisher-6] translation: ('0.000000', '0.000000', '0.000000')
[static_transform_publisher-6] rotation: ('0.000000', '0.000000', '0.000000', '1.000000')
[static_transform_publisher-6] from 'camera_color_frame' to 'wrist_mounted_camera_color_optical_frame'
[robot_state_publisher-2] [INFO] [1775664317.421546678] [robot_state_publisher]: Robot initialized
[ros2_control_node-1] [INFO] [1775664317.454149208] [controller_manager]: Using Steady (Monotonic) clock for triggering controller manager cycles.
[ros2_control_node-1] [INFO] [1775664317.468166396] [controller_manager]: Subscribing to '/robot_description' topic for robot description.
[ros2_control_node-1] [INFO] [1775664317.471803618] [controller_manager]: update rate is 125 Hz
[ros2_control_node-1] [INFO] [1775664317.471833443] [controller_manager]: Overruns handling is : enabled
[ros2_control_node-1] [INFO] [1775664317.471843505] [controller_manager]: Spawning controller_manager RT thread with scheduler priority: 50
[ros2_control_node-1] [INFO] [1775664317.471930180] [controller_manager]: Successful set up FIFO RT scheduling policy with priority 50.
[ros2_control_node-1] [INFO] [1775664317.753524187] [controller_manager]: Received robot description from topic.
[ros2_control_node-1] [INFO] [1775664317.753603669] [controller_manager]: Enforcing command limits is disabled. Command limits from URDF will be ignored.
[ros2_control_node-1] [INFO] [1775664317.763053491] [controller_manager]: Loading hardware 'KortexMultiInterfaceHardware' 
[ros2_control_node-1] [INFO] [1775664317.798774588] [KortexMultiInterfaceHardware]: Setting severity threshold to DEBUG
[ros2_control_node-1] [INFO] [1775664317.798845498] [controller_manager]: Loaded hardware 'KortexMultiInterfaceHardware' from plugin 'kortex_driver/KortexMultiInterfaceHardware'
[ros2_control_node-1] [INFO] [1775664317.799459051] [controller_manager]: Initialize hardware 'KortexMultiInterfaceHardware' 
[ros2_control_node-1] [INFO] [1775664317.809332061] [KortexMultiInterfaceHardware]: Configuring Hardware Interface
[ros2_control_node-1] [INFO] [1775664317.810749901] [KortexMultiInterfaceHardware]: Robot ip is '192.168.0.10'
[ros2_control_node-1] [INFO] [1775664317.810779119] [KortexMultiInterfaceHardware]: Username is 'admin'
[ros2_control_node-1] [INFO] [1775664317.810799071] [KortexMultiInterfaceHardware]: Port used '10000'
[ros2_control_node-1] [INFO] [1775664317.810804765] [KortexMultiInterfaceHardware]: Realtime port used '10001'
[ros2_control_node-1] [INFO] [1775664317.810809675] [KortexMultiInterfaceHardware]: Session inactivity timeout is '60000'
[ros2_control_node-1] [INFO] [1775664317.810814563] [KortexMultiInterfaceHardware]: Connection inactivity timeout is '2000'
[ros2_control_node-1] [INFO] [1775664317.810821068] [KortexMultiInterfaceHardware]: Gripper joint name is 'robotiq_85_left_knuckle_joint'
[ros2_control_node-1] [INFO] [1775664317.810856824] [KortexMultiInterfaceHardware]: Connecting to robot at 192.168.0.10
[ros2_control_node-1] [INFO] [1775664317.854713041] [KortexMultiInterfaceHardware]: Creating session for communication
[spawner-4] [INFO] [1775664317.870871432] [spawner_joint_state_broadcaster]: waiting for service /controller_manager/list_controllers to become available...
[joint_state_sanitizer-3] [INFO] [1775664317.936037592] [joint_state_sanitizer_node]: joint_state_sanitizer started. raw=/joint_states -> sanitized=/joint_states_sanitized
[ros2_control_node-1] [INFO] [1775664317.950406977] [KortexMultiInterfaceHardware]: Session created
[ros2_control_node-1] [INFO] [1775664318.729693961] [KortexMultiInterfaceHardware]: Actuator count reported by robot is '7'
[ros2_control_node-1] [INFO] [1775664318.729847149] [KortexMultiInterfaceHardware]: Using internal bus communication for gripper!
[ros2_control_node-1] [INFO] [1775664318.729851153] [KortexMultiInterfaceHardware]: Hardware Interface successfully configured
[ros2_control_node-1] [INFO] [1775664318.729922342] [controller_manager]: Successful initialization of hardware 'KortexMultiInterfaceHardware'
[ros2_control_node-1] [DEBUG] [1775664318.729976835] [KortexMultiInterfaceHardware]: export_state_interfaces for joint: joint_1
[ros2_control_node-1] [DEBUG] [1775664318.729996400] [KortexMultiInterfaceHardware]: export_state_interfaces for joint: joint_2
[ros2_control_node-1] [DEBUG] [1775664318.730000026] [KortexMultiInterfaceHardware]: export_state_interfaces for joint: joint_3
[ros2_control_node-1] [DEBUG] [1775664318.730002770] [KortexMultiInterfaceHardware]: export_state_interfaces for joint: joint_4
[ros2_control_node-1] [DEBUG] [1775664318.730005270] [KortexMultiInterfaceHardware]: export_state_interfaces for joint: joint_5
[ros2_control_node-1] [DEBUG] [1775664318.730007913] [KortexMultiInterfaceHardware]: export_state_interfaces for joint: joint_6
[ros2_control_node-1] [DEBUG] [1775664318.730010283] [KortexMultiInterfaceHardware]: export_state_interfaces for joint: joint_7
[ros2_control_node-1] [DEBUG] [1775664318.730012591] [KortexMultiInterfaceHardware]: export_state_interfaces for joint: robotiq_85_left_knuckle_joint
[ros2_control_node-1] [INFO] [1775664318.731969302] [resource_manager]: 'configure' hardware 'KortexMultiInterfaceHardware' 
[ros2_control_node-1] [INFO] [1775664318.732012926] [resource_manager]: Successful 'configure' of hardware 'KortexMultiInterfaceHardware'
[ros2_control_node-1] [INFO] [1775664318.732075600] [resource_manager]: 'activate' hardware 'KortexMultiInterfaceHardware' 
[ros2_control_node-1] [INFO] [1775664318.732102173] [KortexMultiInterfaceHardware]: Activating KortexMultiInterfaceHardware...
[ros2_control_node-1] [INFO] [1775664318.736371861] [KortexMultiInterfaceHardware]: Gripper initial position is '0.873365'.
[ros2_control_node-1] [INFO] [1775664318.741438921] [KortexMultiInterfaceHardware]: KortexMultiInterfaceHardware successfully activated!
[ros2_control_node-1] [INFO] [1775664318.741479871] [resource_manager]: Successful 'activate' of hardware 'KortexMultiInterfaceHardware'
[ros2_control_node-1] [INFO] [1775664318.741732228] [controller_manager]: Registering statistics for : KortexMultiInterfaceHardware
[ros2_control_node-1] [INFO] [1775664318.741869290] [controller_manager]: Resource Manager has been successfully initialized. Starting Controller Manager services...
[ros2_control_node-1] [WARN] [1775664318.755492107] [controller_manager]: Overrun might occur, Total time : 11435.375 us (Expected < 8000.000 us) --> Read time : 5067.959 us, Update time : 32.947 us, Write time : 6334.469 us
[ros2_control_node-1] [WARN] [1775664318.755561280] [controller_manager]: Overrun detected! The controller manager missed its desired rate of 125 Hz. The loop took 11.537586 ms (missed cycles : 2).
[ros2_control_node-1] [INFO] [1775664318.874399063] [controller_manager]: Loading controller : 'joint_state_broadcaster' of type 'joint_state_broadcaster/JointStateBroadcaster'
[ros2_control_node-1] [INFO] [1775664318.874443377] [controller_manager]: Loading controller 'joint_state_broadcaster'
[ros2_control_node-1] [INFO] [1775664318.881640692] [controller_manager]: Controller 'joint_state_broadcaster' node arguments: --ros-args --params-file /home/carrt-cse-project/workspace/ros2_kortex_ws/install/adl_tasks/share/adl_tasks/config/ros2_controllers_vbox.yaml --params-file /tmp/launch_params_0gl8m50m 
[spawner-4] [INFO] [1775664318.898228830] [spawner_joint_state_broadcaster]: Loaded joint_state_broadcaster
[ros2_control_node-1] [INFO] [1775664318.899664873] [controller_manager]: Configuring controller: 'joint_state_broadcaster'
[ros2_control_node-1] [INFO] [1775664318.899888239] [joint_state_broadcaster]: 'joints' or 'interfaces' parameter is empty. All available state interfaces will be published
[ros2_control_node-1] [INFO] [1775664318.914200106] [controller_manager]: Activating controllers: [ joint_state_broadcaster ]
[ros2_control_node-1] [INFO] [1775664318.921447495] [controller_manager]: Successfully switched controllers!
[spawner-4] [INFO] [1775664318.930493162] [spawner_joint_state_broadcaster]: Configured and activated joint_state_broadcaster
[INFO] [spawner-4]: process has finished cleanly [pid 13387]
[INFO] [spawner-7]: process started with pid [13490]
[INFO] [spawner-8]: process started with pid [13491]
[INFO] [spawner-9]: process started with pid [13492]
[INFO] [spawner-10]: process started with pid [13493]
[spawner-7] [INFO] [1775664320.194874209] [spawner_joint_trajectory_controller]: waiting for service /controller_manager/list_controllers to become available...
[ros2_control_node-1] [INFO] [1775664322.028827130] [controller_manager]: Loading controller : 'joint_trajectory_controller' of type 'joint_trajectory_controller/JointTrajectoryController'
[ros2_control_node-1] [INFO] [1775664322.028868482] [controller_manager]: Loading controller 'joint_trajectory_controller'
[ros2_control_node-1] [INFO] [1775664322.033811830] [controller_manager]: Controller 'joint_trajectory_controller' node arguments: --ros-args --params-file /home/carrt-cse-project/workspace/ros2_kortex_ws/install/adl_tasks/share/adl_tasks/config/ros2_controllers_vbox.yaml --params-file /tmp/launch_params_0gl8m50m 
[spawner-7] [INFO] [1775664322.065561196] [spawner_joint_trajectory_controller]: Loaded joint_trajectory_controller
[ros2_control_node-1] [INFO] [1775664322.066666293] [controller_manager]: Configuring controller: 'joint_trajectory_controller'
[ros2_control_node-1] [INFO] [1775664322.067535948] [joint_trajectory_controller]: No specific joint names are used for command interfaces. Using 'joints' parameter.
[ros2_control_node-1] [INFO] [1775664322.067829585] [joint_trajectory_controller]: Command interfaces are [position] and state interfaces are [position velocity].
[ros2_control_node-1] [INFO] [1775664322.068144470] [joint_trajectory_controller]: Using 'splines' interpolation method.
[ros2_control_node-1] [INFO] [1775664322.071811221] [joint_trajectory_controller]: Action status changes will be monitored at 20.00 Hz.
[ros2_control_node-1] [INFO] [1775664322.081666254] [controller_manager]: Activating controllers: [ joint_trajectory_controller ]
[ros2_control_node-1] [INFO] [1775664322.308639896] [controller_manager]: Successfully switched controllers!
[ros2_control_node-1] [WARN] [1775664322.311078838] [controller_manager]: Overrun might occur, Total time : 23007.870 us (Expected < 8000.000 us) --> Read time : 54.319 us, Update time : 20496.372 us (Switch time : 20388.352 us (Switch chained mode time : 4.508 us, perform mode change time : 18852.027 us, Activation time : 1522.976 us, Deactivation time : 1.017 us)), Write time : 2457.179 us
[ros2_control_node-1] [WARN] [1775664322.311171727] [controller_manager]: Overrun detected! The controller manager missed its desired rate of 125 Hz. The loop took 23.146969 ms (missed cycles : 3).
[spawner-7] [INFO] [1775664322.314980608] [spawner_joint_trajectory_controller]: Configured and activated joint_trajectory_controller
[spawner-8] [INFO] [1775664322.418233336] [spawner_twist_controller]: waiting for service /controller_manager/list_controllers to become available...
[INFO] [spawner-7]: process has finished cleanly [pid 13490]
[ros2_control_node-1] [WARN] [1775664323.508609468] [controller_manager]: Overrun might occur, Total time : 12552.773 us (Expected < 8000.000 us) --> Read time : 50.149 us, Update time : 211.447 us, Write time : 12291.177 us
[ros2_control_node-1] [WARN] [1775664323.508691558] [controller_manager]: Overrun detected! The controller manager missed its desired rate of 125 Hz. The loop took 12.666642 ms (missed cycles : 2).
[INFO] [move_group-11]: process started with pid [13603]
[INFO] [rviz2-12]: process started with pid [13604]
[ros2_control_node-1] [INFO] [1775664324.183629418] [controller_manager]: Loading controller : 'twist_controller' of type 'picknik_twist_controller/PicknikTwistController'
[ros2_control_node-1] [INFO] [1775664324.183670430] [controller_manager]: Loading controller 'twist_controller'
[ros2_control_node-1] [INFO] [1775664324.191813427] [controller_manager]: Controller 'twist_controller' node arguments: --ros-args --params-file /home/carrt-cse-project/workspace/ros2_kortex_ws/install/adl_tasks/share/adl_tasks/config/ros2_controllers_vbox.yaml --params-file /tmp/launch_params_0gl8m50m 
[move_group-11] [INFO] [1775664324.240021735] [move_group.moveit.moveit.ros.rdf_loader]: Loaded robot model in 0.0224827 seconds
[move_group-11] [INFO] [1775664324.240235633] [move_group.moveit.moveit.core.robot_model]: Loading robot model 'gen3'...
[move_group-11] [INFO] [1775664324.240263338] [move_group.moveit.moveit.core.robot_model]: No root/virtual joint specified in SRDF. Assuming fixed joint
[spawner-8] [INFO] [1775664324.262362659] [spawner_twist_controller]: Loaded twist_controller
[ros2_control_node-1] [INFO] [1775664324.349009134] [controller_manager]: Configuring controller: 'twist_controller'
[ros2_control_node-1] [INFO] [1775664324.363208517] [twist_controller]: configure successful
[move_group-11] [INFO] [1775664324.541738005] [move_group.moveit.moveit.kinematics.kdl_kinematics_plugin]: Joint weights for group 'manipulator': 1 1 1 1 1 1 1
[INFO] [spawner-8]: process has finished cleanly [pid 13491]
[rviz2-12] [INFO] [1775664324.879930688] [rviz2]: Stereo is NOT SUPPORTED
[rviz2-12] [INFO] [1775664324.880021471] [rviz2]: OpenGl version: 4.6 (GLSL 4.6)
[rviz2-12] [INFO] [1775664324.936578118] [rviz2]: Stereo is NOT SUPPORTED
[move_group-11] [INFO] [1775664325.024268295] [move_group.moveit.moveit.ros.planning_scene_monitor]: Publishing maintained planning scene on 'monitored_planning_scene'
[move_group-11] [INFO] [1775664325.024500419] [move_group.moveit.moveit.ros.moveit_cpp]: Listening to 'joint_states' for joint states
[move_group-11] [INFO] [1775664325.025949447] [move_group.moveit.moveit.ros.current_state_monitor]: Listening to joint states on topic 'joint_states'
[move_group-11] [INFO] [1775664325.026843985] [move_group.moveit.moveit.ros.planning_scene_monitor]: Listening to '/attached_collision_object' for attached collision objects
[move_group-11] [INFO] [1775664325.026873229] [move_group.moveit.moveit.ros.planning_scene_monitor]: Stopping existing planning scene publisher.
[move_group-11] [INFO] [1775664325.027671963] [move_group.moveit.moveit.ros.planning_scene_monitor]: Stopped publishing maintained planning scene.
[move_group-11] [INFO] [1775664325.028705610] [move_group.moveit.moveit.ros.planning_scene_monitor]: Publishing maintained planning scene on 'monitored_planning_scene'
[move_group-11] [INFO] [1775664325.028816878] [move_group.moveit.moveit.ros.planning_scene_monitor]: Starting planning scene monitor
[move_group-11] [INFO] [1775664325.030110500] [move_group.moveit.moveit.ros.planning_scene_monitor]: Listening to '/planning_scene'
[move_group-11] [INFO] [1775664325.030145656] [move_group.moveit.moveit.ros.planning_scene_monitor]: Starting world geometry update monitor for collision objects, attached objects, octomap updates.
[move_group-11] [INFO] [1775664325.031215381] [move_group.moveit.moveit.ros.planning_scene_monitor]: Listening to 'collision_object'
[move_group-11] [INFO] [1775664325.031940984] [move_group.moveit.moveit.ros.planning_scene_monitor]: Listening to 'planning_scene_world' for planning scene world geometry
[move_group-11] [WARN] [1775664325.033051818] [move_group.moveit.moveit.ros.occupancy_map_monitor]: Resolution not specified for Octomap. Assuming resolution = 0.1 instead
[move_group-11] [ERROR] [1775664325.033113180] [move_group.moveit.moveit.ros.occupancy_map_monitor]: No 3D sensor plugin(s) defined for octomap updates
[ros2_control_node-1] [WARN] [1775664325.073742733] [controller_manager]: Overrun might occur, Total time : 9689.687 us (Expected < 8000.000 us) --> Read time : 45.959 us, Update time : 228.362 us, Write time : 9415.366 us
[ros2_control_node-1] [WARN] [1775664325.073815560] [controller_manager]: Overrun detected! The controller manager missed its desired rate of 125 Hz. The loop took 9.791880 ms (missed cycles : 2).
[rviz2-12] Warning: class_loader.impl: SEVERE WARNING!!! A namespace collision has occurred with plugin factory for class rviz_default_plugins::displays::InteractiveMarkerDisplay. New factory will OVERWRITE existing one. This situation occurs when libraries containing plugins are directly linked against an executable (the one running right now generating this message). Please separate plugins out into their own library or just don't link against the library and use either class_loader::ClassLoader/MultiLibraryClassLoader to open.
[rviz2-12]          at line 321 in /opt/ros/jazzy/include/class_loader/class_loader/class_loader_core.hpp
[rviz2-12] [WARN] [1775664325.311978089] [rcl.logging_rosout]: Publisher already registered for node name: 'rviz2_moveit'. If this is due to multiple nodes with the same name then all logs for the logger named 'rviz2_moveit' will go out over the existing publisher. As soon as any node with that name is destructed it will unregister the publisher, preventing any further logs for that name from being published on the rosout topic.
[spawner-9] [INFO] [1775664325.319156546] [spawner_robotiq_gripper_controller]: waiting for service /controller_manager/list_controllers to become available...
[ros2_control_node-1] [INFO] [1775664325.344773408] [controller_manager]: Loading controller : 'robotiq_gripper_controller' of type 'position_controllers/GripperActionController'
[ros2_control_node-1] [INFO] [1775664325.344822528] [controller_manager]: Loading controller 'robotiq_gripper_controller'
[ros2_control_node-1] [INFO] [1775664325.357355206] [controller_manager]: Controller 'robotiq_gripper_controller' node arguments: --ros-args --params-file /home/carrt-cse-project/workspace/ros2_kortex_ws/install/adl_tasks/share/adl_tasks/config/ros2_controllers_vbox.yaml --params-file /tmp/launch_params_0gl8m50m 
[ros2_control_node-1] [WARN] [1775664325.446057268] [robotiq_gripper_controller]: [Deprecated]: the `position_controllers/GripperActionController` and `effort_controllers::GripperActionController` controllers are replaced by 'parallel_gripper_controllers/GripperActionController' controller
[spawner-9] [INFO] [1775664325.458352926] [spawner_robotiq_gripper_controller]: Loaded robotiq_gripper_controller
[ros2_control_node-1] [INFO] [1775664325.467796012] [controller_manager]: Configuring controller: 'robotiq_gripper_controller'
[ros2_control_node-1] [INFO] [1775664325.467944441] [robotiq_gripper_controller]: Action status changes will be monitored at 20.000000 Hz.
[move_group-11] [INFO] [1775664325.548061155] [move_group.moveit.moveit.ros.planning_pipeline]: Successfully loaded planner 'OMPL'
[move_group-11] [INFO] [1775664325.555795129] [move_group]: Try loading adapter 'default_planning_request_adapters/ResolveConstraintFrames'
[move_group-11] [INFO] [1775664325.557609721] [move_group]: Loaded adapter 'default_planning_request_adapters/ResolveConstraintFrames'
[move_group-11] [INFO] [1775664325.557637230] [move_group]: Try loading adapter 'default_planning_request_adapters/ValidateWorkspaceBounds'
[move_group-11] [INFO] [1775664325.557880184] [move_group]: Loaded adapter 'default_planning_request_adapters/ValidateWorkspaceBounds'
[move_group-11] [INFO] [1775664325.557893515] [move_group]: Try loading adapter 'default_planning_request_adapters/CheckStartStateBounds'
[move_group-11] [INFO] [1775664325.557933620] [move_group]: Loaded adapter 'default_planning_request_adapters/CheckStartStateBounds'
[move_group-11] [INFO] [1775664325.557943160] [move_group]: Try loading adapter 'default_planning_request_adapters/CheckStartStateCollision'
[move_group-11] [INFO] [1775664325.557967863] [move_group]: Loaded adapter 'default_planning_request_adapters/CheckStartStateCollision'
[move_group-11] [INFO] [1775664325.564094705] [move_group]: Try loading adapter 'default_planning_response_adapters/AddTimeOptimalParameterization'
[move_group-11] [INFO] [1775664325.569204556] [move_group]: Loaded adapter 'default_planning_response_adapters/AddTimeOptimalParameterization'
[move_group-11] [INFO] [1775664325.569235408] [move_group]: Try loading adapter 'default_planning_response_adapters/ValidateSolution'
[move_group-11] [INFO] [1775664325.573896085] [move_group]: Loaded adapter 'default_planning_response_adapters/ValidateSolution'
[move_group-11] [INFO] [1775664325.573935075] [move_group]: Try loading adapter 'default_planning_response_adapters/DisplayMotionPath'
[move_group-11] [INFO] [1775664325.576451258] [move_group]: Loaded adapter 'default_planning_response_adapters/DisplayMotionPath'
[ros2_control_node-1] [INFO] [1775664325.590045357] [controller_manager]: Activating controllers: [ robotiq_gripper_controller ]
[move_group-11] [INFO] [1775664325.656211153] [move_group.moveit.moveit.plugins.simple_controller_manager]: Added FollowJointTrajectory controller for joint_trajectory_controller
[move_group-11] [INFO] [1775664325.656292533] [move_group.moveit.moveit.plugins.simple_controller_manager]: robotiq_gripper_controller will command a max effort of: 0
[move_group-11] [INFO] [1775664325.669623861] [move_group.moveit.moveit.plugins.simple_controller_manager]: Added GripperCommand controller for robotiq_gripper_controller
[move_group-11] [INFO] [1775664325.669847570] [move_group.moveit.moveit.plugins.simple_controller_manager]: Returned 2 controllers in list
[move_group-11] [INFO] [1775664325.669886063] [move_group.moveit.moveit.plugins.simple_controller_manager]: Returned 2 controllers in list
[move_group-11] [INFO] [1775664325.671306646] [move_group.moveit.moveit.ros.trajectory_execution_manager]: Trajectory execution is managing controllers
[move_group-11] [INFO] [1775664325.671341666] [move_group]: MoveGroup debug mode is ON
[move_group-11] [INFO] [1775664325.723954284] [move_group.moveit.moveit.ros.move_group.executable]: 
[move_group-11] 
[move_group-11] ********************************************************
[move_group-11] * MoveGroup using: 
[move_group-11] *     - apply_planning_scene_service
[move_group-11] *     - clear_octomap_service
[move_group-11] *     - get_group_urdf
[move_group-11] *     - load_geometry_from_file
[move_group-11] *     - CartesianPathService
[move_group-11] *     - execute_trajectory_action
[move_group-11] *     - get_planning_scene_service
[move_group-11] *     - kinematics_service
[move_group-11] *     - move_action
[move_group-11] *     - motion_plan_service
[move_group-11] *     - query_planners_service
[move_group-11] *     - state_validation_service
[move_group-11] *     - save_geometry_to_file
[move_group-11] ********************************************************
[move_group-11] 
[move_group-11] [INFO] [1775664325.724036036] [move_group.moveit.moveit.ros.move_group.context]: MoveGroup context using pipeline ompl
[move_group-11] [INFO] [1775664325.724059494] [move_group.moveit.moveit.ros.move_group.context]: MoveGroup context initialization complete
[move_group-11] [96mLoading 'move_group/ApplyPlanningSceneService'...[0m
[move_group-11] [96mLoading 'move_group/ClearOctomapService'...[0m
[move_group-11] [96mLoading 'move_group/GetUrdfService'...[0m
[move_group-11] [96mLoading 'move_group/LoadGeometryFromFileService'...[0m
[move_group-11] [96mLoading 'move_group/MoveGroupCartesianPathService'...[0m
[move_group-11] [96mLoading 'move_group/MoveGroupExecuteTrajectoryAction'...[0m
[move_group-11] [96mLoading 'move_group/MoveGroupGetPlanningSceneService'...[0m
[move_group-11] [96mLoading 'move_group/MoveGroupKinematicsService'...[0m
[move_group-11] [96mLoading 'move_group/MoveGroupMoveAction'...[0m
[move_group-11] [96mLoading 'move_group/MoveGroupPlanService'...[0m
[move_group-11] [96mLoading 'move_group/MoveGroupQueryPlannersService'...[0m
[move_group-11] [96mLoading 'move_group/MoveGroupStateValidationService'...[0m
[move_group-11] [96mLoading 'move_group/SaveGeometryToFileService'...[0m
[move_group-11] 
[move_group-11] [92mYou can start planning now![0m
[move_group-11] 
[ros2_control_node-1] [INFO] [1775664325.806789136] [controller_manager]: Successfully switched controllers!
[ros2_control_node-1] [WARN] [1775664325.809458547] [controller_manager]: Overrun might occur, Total time : 9391.796 us (Expected < 8000.000 us) --> Read time : 53.839 us, Update time : 6639.289 us (Switch time : 6419.093 us (Switch chained mode time : 1.834 us, perform mode change time : 17.798 us, Activation time : 6389.501 us, Deactivation time : 0.629 us)), Write time : 2698.668 us
[spawner-9] [INFO] [1775664325.821142432] [spawner_robotiq_gripper_controller]: Configured and activated robotiq_gripper_controller
[INFO] [spawner-9]: process has finished cleanly [pid 13492]
[spawner-10] [INFO] [1775664326.070243492] [spawner_fault_controller]: waiting for service /controller_manager/list_controllers to become available...
[ros2_control_node-1] [INFO] [1775664327.585110324] [controller_manager]: Received robot description from topic.
[ros2_control_node-1] [WARN] [1775664327.585145336] [controller_manager]: ResourceManager has already loaded a urdf. Ignoring attempt to reload a robot description.
[ros2_control_node-1] [INFO] [1775664327.657927880] [controller_manager]: Loading controller : 'fault_controller' of type 'picknik_reset_fault_controller/PicknikResetFaultController'
[ros2_control_node-1] [INFO] [1775664327.657967230] [controller_manager]: Loading controller 'fault_controller'
[ros2_control_node-1] [INFO] [1775664327.672096291] [controller_manager]: Controller 'fault_controller' node arguments: --ros-args --params-file /home/carrt-cse-project/workspace/ros2_kortex_ws/install/adl_tasks/share/adl_tasks/config/ros2_controllers_vbox.yaml --params-file /tmp/launch_params_0gl8m50m 
[spawner-10] [INFO] [1775664327.715202479] [spawner_fault_controller]: Loaded fault_controller
[ros2_control_node-1] [INFO] [1775664327.717222706] [controller_manager]: Configuring controller: 'fault_controller'
[ros2_control_node-1] [INFO] [1775664327.803713472] [controller_manager]: Activating controllers: [ fault_controller ]
[ros2_control_node-1] [INFO] [1775664328.021197568] [controller_manager]: Successfully switched controllers!
[ros2_control_node-1] [WARN] [1775664328.023494229] [controller_manager]: Overrun might occur, Total time : 15428.596 us (Expected < 8000.000 us) --> Read time : 54.033 us, Update time : 13048.032 us (Switch time : 12803.642 us (Switch chained mode time : 1.295 us, perform mode change time : 20.497 us, Activation time : 12773.210 us, Deactivation time : 0.702 us)), Write time : 2326.531 us
[ros2_control_node-1] [WARN] [1775664328.023559441] [controller_manager]: Overrun detected! The controller manager missed its desired rate of 125 Hz. The loop took 15.536572 ms (missed cycles : 2).
[spawner-10] [INFO] [1775664328.026525629] [spawner_fault_controller]: Configured and activated fault_controller
[INFO] [spawner-10]: process has finished cleanly [pid 13493]
[ros2_control_node-1] [WARN] [1775664328.280627401] [controller_manager]: Overrun might occur, Total time : 8572.921 us (Expected < 8000.000 us) --> Read time : 44.732 us, Update time : 253.072 us, Write time : 8275.117 us
[rviz2-12] [ERROR] [1775664328.548051767] [rviz2_moveit.moveit.ros.motion_planning_frame]: Action server: /recognize_objects not available
[rviz2-12] [INFO] [1775664328.585376166] [rviz2_moveit.moveit.ros.motion_planning_frame]: MoveGroup namespace changed: / -> . Reloading params.
[rviz2-12] [INFO] [1775664328.679758778] [rviz2_moveit.moveit.ros.rdf_loader]: Loaded robot model in 0.0140111 seconds
[rviz2-12] [INFO] [1775664328.679849385] [rviz2_moveit.moveit.core.robot_model]: Loading robot model 'gen3'...
[rviz2-12] [INFO] [1775664328.679885934] [rviz2_moveit.moveit.core.robot_model]: No root/virtual joint specified in SRDF. Assuming fixed joint
[rviz2-12] [INFO] [1775664328.853520408] [rviz2_moveit.moveit.kinematics.kdl_kinematics_plugin]: Joint weights for group 'manipulator': 1 1 1 1 1 1 1
[rviz2-12] [INFO] [1775664329.244761989] [rviz2_moveit.moveit.ros.planning_scene_monitor]: Starting planning scene monitor
[rviz2-12] [INFO] [1775664329.245968998] [rviz2_moveit.moveit.ros.planning_scene_monitor]: Listening to '/monitored_planning_scene'
[rviz2-12] [INFO] [1775664329.627825019] [interactive_marker_display_98675021966656]: Connected on namespace: /rviz_moveit_motion_planning_display/robot_interaction_interactive_marker_topic
[rviz2-12] [INFO] [1775664329.635181553] [rviz2_moveit.moveit.ros.robot_interaction]: No active joints or end effectors found for group 'gripper'. Make sure that kinematics.yaml is loaded in this node's namespace.
[rviz2-12] [INFO] [1775664329.635927127] [rviz2_moveit.moveit.ros.robot_interaction]: No active joints or end effectors found for group 'gripper'. Make sure that kinematics.yaml is loaded in this node's namespace.
[rviz2-12] [INFO] [1775664329.644166680] [rviz2_moveit.moveit.ros.motion_planning_frame]: group gripper
[rviz2-12] [INFO] [1775664329.644214341] [rviz2_moveit.moveit.ros.motion_planning_frame]: Constructing new MoveGroup connection for group 'gripper' in namespace ''
[rviz2-12] [INFO] [1775664329.654514567] [interactive_marker_display_98675021966656]: Sending request for interactive markers
[rviz2-12] [INFO] [1775664329.681117257] [rviz2_moveit.moveit.ros.move_group_interface]: Ready to take commands for planning group gripper.
[rviz2-12] [INFO] [1775664329.683173020] [rviz2_moveit.moveit.ros.motion_planning_frame]: group gripper
[rviz2-12] [INFO] [1775664329.696235668] [interactive_marker_display_98675021966656]: Service response received for initialization
[ros2_control_node-1] [WARN] [1775664329.707238297] [controller_manager]: Overrun might occur, Total time : 11179.508 us (Expected < 8000.000 us) --> Read time : 61.223 us, Update time : 249.469 us, Write time : 10868.816 us
[ros2_control_node-1] [WARN] [1775664329.707309136] [controller_manager]: Overrun detected! The controller manager missed its desired rate of 125 Hz. The loop took 11.285300 ms (missed cycles : 2).
[ros2_control_node-1] [WARN] [1775664331.396811528] [controller_manager]: Overrun might occur, Total time : 12751.957 us (Expected < 8000.000 us) --> Read time : 55.794 us, Update time : 248.251 us, Write time : 12447.912 us
[ros2_control_node-1] [WARN] [1775664331.396947451] [controller_manager]: Overrun detected! The controller manager missed its desired rate of 125 Hz. The loop took 12.922802 ms (missed cycles : 2).
[ros2_control_node-1] [WARN] [1775664334.288353523] [controller_manager]: Overrun might occur, Total time : 8298.348 us (Expected < 8000.000 us) --> Read time : 55.129 us, Update time : 221.867 us, Write time : 8021.352 us
[ros2_control_node-1] [WARN] [1775664334.288427606] [controller_manager]: Overrun detected! The controller manager missed its desired rate of 125 Hz. The loop took 8.404147 ms (missed cycles : 2).
[ros2_control_node-1] [WARN] [1775664336.925852819] [controller_manager]: Overrun might occur, Total time : 13794.027 us (Expected < 8000.000 us) --> Read time : 58.126 us, Update time : 233.855 us, Write time : 13502.046 us
[ros2_control_node-1] [WARN] [1775664336.925949262] [controller_manager]: Overrun detected! The controller manager missed its desired rate of 125 Hz. The loop took 13.925018 ms (missed cycles : 2).
[ros2_control_node-1] [WARN] [1775664338.521583006] [controller_manager]: Overrun might occur, Total time : 9515.857 us (Expected < 8000.000 us) --> Read time : 58.883 us, Update time : 267.984 us, Write time : 9188.990 us
[ros2_control_node-1] [WARN] [1775664338.521741219] [controller_manager]: Overrun detected! The controller manager missed its desired rate of 125 Hz. The loop took 9.715044 ms (missed cycles : 2).
[ros2_control_node-1] [WARN] [1775664341.183344140] [controller_manager]: Overrun might occur, Total time : 15288.038 us (Expected < 8000.000 us) --> Read time : 48.576 us, Update time : 224.537 us, Write time : 15014.925 us
[ros2_control_node-1] [WARN] [1775664341.183418969] [controller_manager]: Overrun detected! The controller manager missed its desired rate of 125 Hz. The loop took 15.395583 ms (missed cycles : 2).
[ros2_control_node-1] [WARN] [1775664345.907246074] [controller_manager]: Overrun might occur, Total time : 19184.190 us (Expected < 8000.000 us) --> Read time : 56.762 us, Update time : 242.308 us, Write time : 18885.120 us
[ros2_control_node-1] [WARN] [1775664345.907335489] [controller_manager]: Overrun detected! The controller manager missed its desired rate of 125 Hz. The loop took 19.311259 ms (missed cycles : 3).
[ros2_control_node-1] [WARN] [1775664347.684614260] [controller_manager]: Overrun might occur, Total time : 12557.018 us (Expected < 8000.000 us) --> Read time : 67.206 us, Update time : 269.974 us, Write time : 12219.838 us
[ros2_control_node-1] [WARN] [1775664347.684698836] [controller_manager]: Overrun detected! The controller manager missed its desired rate of 125 Hz. The loop took 12.674769 ms (missed cycles : 2).
[ros2_control_node-1] [WARN] [1775664349.809873192] [controller_manager]: Overrun might occur, Total time : 9818.102 us (Expected < 8000.000 us) --> Read time : 50.950 us, Update time : 243.490 us, Write time : 9523.662 us
[ros2_control_node-1] [WARN] [1775664349.809944478] [controller_manager]: Overrun detected! The controller manager missed its desired rate of 125 Hz. The loop took 9.920806 ms (missed cycles : 2).
[ros2_control_node-1] [WARN] [1775664351.040642162] [controller_manager]: Overrun might occur, Total time : 8576.762 us (Expected < 8000.000 us) --> Read time : 92.783 us, Update time : 354.347 us, Write time : 8129.632 us
[ros2_control_node-1] [WARN] [1775664351.040726950] [controller_manager]: Overrun detected! The controller manager missed its desired rate of 125 Hz. The loop took 8.701999 ms (missed cycles : 2).
[ros2_control_node-1] [WARN] [1775664352.826857443] [controller_manager]: Overrun might occur, Total time : 10799.880 us (Expected < 8000.000 us) --> Read time : 51.580 us, Update time : 226.960 us, Write time : 10521.340 us
[ros2_control_node-1] [WARN] [1775664352.826960194] [controller_manager]: Overrun detected! The controller manager missed its desired rate of 125 Hz. The loop took 10.936479 ms (missed cycles : 2).
[ros2_control_node-1] [WARN] [1775664354.444635467] [controller_manager]: Overrun might occur, Total time : 12545.713 us (Expected < 8000.000 us) --> Read time : 140.606 us, Update time : 628.993 us, Write time : 11776.114 us
[ros2_control_node-1] [WARN] [1775664354.444737735] [controller_manager]: Overrun detected! The controller manager missed its desired rate of 125 Hz. The loop took 12.713763 ms (missed cycles : 2).
[ros2_control_node-1] [WARN] [1775664357.705607160] [controller_manager]: Overrun might occur, Total time : 9531.258 us (Expected < 8000.000 us) --> Read time : 136.196 us, Update time : 385.364 us, Write time : 9009.698 us
[ros2_control_node-1] [WARN] [1775664357.705684382] [controller_manager]: Overrun detected! The controller manager missed its desired rate of 125 Hz. The loop took 9.661018 ms (missed cycles : 2).
[ros2_control_node-1] [WARN] [1775664360.093754016] [controller_manager]: Overrun might occur, Total time : 13695.828 us (Expected < 8000.000 us) --> Read time : 52.141 us, Update time : 248.617 us, Write time : 13395.070 us
[ros2_control_node-1] [WARN] [1775664360.093830225] [controller_manager]: Overrun detected! The controller manager missed its desired rate of 125 Hz. The loop took 13.806940 ms (missed cycles : 2).
[ros2_control_node-1] [WARN] [1775664361.745345839] [controller_manager]: Overrun might occur, Total time : 9292.006 us (Expected < 8000.000 us) --> Read time : 47.567 us, Update time : 271.232 us, Write time : 8973.207 us
[ros2_control_node-1] [WARN] [1775664361.745421704] [controller_manager]: Overrun detected! The controller manager missed its desired rate of 125 Hz. The loop took 9.397747 ms (missed cycles : 2).
[ros2_control_node-1] [WARN] [1775664366.379336389] [controller_manager]: Overrun might occur, Total time : 11278.602 us (Expected < 8000.000 us) --> Read time : 52.839 us, Update time : 242.338 us, Write time : 10983.425 us
[ros2_control_node-1] [WARN] [1775664366.379413277] [controller_manager]: Overrun detected! The controller manager missed its desired rate of 125 Hz. The loop took 11.389616 ms (missed cycles : 2).
[ros2_control_node-1] [WARN] [1775664367.768615624] [controller_manager]: Overrun might occur, Total time : 8543.511 us (Expected < 8000.000 us) --> Read time : 100.781 us, Update time : 381.534 us, Write time : 8061.196 us
[ros2_control_node-1] [WARN] [1775664367.768703040] [controller_manager]: Overrun detected! The controller manager missed its desired rate of 125 Hz. The loop took 8.678805 ms (missed cycles : 2).
[ros2_control_node-1] [WARN] [1775664371.281595955] [controller_manager]: Overrun might occur, Total time : 9494.929 us (Expected < 8000.000 us) --> Read time : 87.118 us, Update time : 478.785 us, Write time : 8929.026 us
[ros2_control_node-1] [WARN] [1775664371.281675730] [controller_manager]: Overrun detected! The controller manager missed its desired rate of 125 Hz. The loop took 9.652248 ms (missed cycles : 2).
[ros2_control_node-1] [WARN] [1775664372.848033014] [controller_manager]: Overrun detected! The controller manager missed its desired rate of 125 Hz. The loop took 8.006389 ms (missed cycles : 2).
[ros2_control_node-1] [WARN] [1775664377.248141396] [controller_manager]: Overrun might occur, Total time : 8078.699 us (Expected < 8000.000 us) --> Read time : 53.910 us, Update time : 249.440 us, Write time : 7775.349 us
[ros2_control_node-1] [WARN] [1775664377.248247386] [controller_manager]: Overrun detected! The controller manager missed its desired rate of 125 Hz. The loop took 8.222789 ms (missed cycles : 2).
[ros2_control_node-1] [WARN] [1775664378.449606997] [controller_manager]: Overrun might occur, Total time : 9549.719 us (Expected < 8000.000 us) --> Read time : 48.151 us, Update time : 195.809 us, Write time : 9305.759 us
[ros2_control_node-1] [WARN] [1775664378.449692138] [controller_manager]: Overrun detected! The controller manager missed its desired rate of 125 Hz. The loop took 9.668540 ms (missed cycles : 2).
[ros2_control_node-1] [WARN] [1775664379.700601436] [controller_manager]: Overrun might occur, Total time : 12538.135 us (Expected < 8000.000 us) --> Read time : 60.726 us, Update time : 263.680 us, Write time : 12213.729 us
[ros2_control_node-1] [WARN] [1775664379.700683948] [controller_manager]: Overrun detected! The controller manager missed its desired rate of 125 Hz. The loop took 12.660459 ms (missed cycles : 2).
[ros2_control_node-1] [WARN] [1775664381.345351933] [controller_manager]: Overrun might occur, Total time : 9288.657 us (Expected < 8000.000 us) --> Read time : 60.073 us, Update time : 280.913 us, Write time : 8947.671 us
[ros2_control_node-1] [WARN] [1775664381.345424241] [controller_manager]: Overrun detected! The controller manager missed its desired rate of 125 Hz. The loop took 9.400588 ms (missed cycles : 2).
[ros2_control_node-1] [WARN] [1775664390.184618153] [controller_manager]: Overrun might occur, Total time : 8560.307 us (Expected < 8000.000 us) --> Read time : 60.840 us, Update time : 238.861 us, Write time : 8260.606 us
[ros2_control_node-1] [WARN] [1775664390.184695265] [controller_manager]: Overrun detected! The controller manager missed its desired rate of 125 Hz. The loop took 8.671579 ms (missed cycles : 2).
[ros2_control_node-1] [WARN] [1775664392.346857704] [controller_manager]: Overrun might occur, Total time : 10791.157 us (Expected < 8000.000 us) --> Read time : 79.508 us, Update time : 268.565 us, Write time : 10443.084 us
[ros2_control_node-1] [WARN] [1775664392.346931184] [controller_manager]: Overrun detected! The controller manager missed its desired rate of 125 Hz. The loop took 10.907134 ms (missed cycles : 2).
[ros2_control_node-1] [WARN] [1775664393.688064295] [controller_manager]: Overrun might occur, Total time : 8008.703 us (Expected < 8000.000 us) --> Read time : 53.855 us, Update time : 246.629 us, Write time : 7708.219 us
[ros2_control_node-1] [WARN] [1775664393.688137362] [controller_manager]: Overrun detected! The controller manager missed its desired rate of 125 Hz. The loop took 8.113949 ms (missed cycles : 2).
[ros2_control_node-1] [WARN] [1775664395.249227480] [controller_manager]: Overrun might occur, Total time : 9159.494 us (Expected < 8000.000 us) --> Read time : 90.783 us, Update time : 302.948 us, Write time : 8765.763 us
[ros2_control_node-1] [WARN] [1775664395.249304352] [controller_manager]: Overrun detected! The controller manager missed its desired rate of 125 Hz. The loop took 9.280452 ms (missed cycles : 2).
[ros2_control_node-1] [WARN] [1775664402.474765871] [controller_manager]: Overrun might occur, Total time : 10697.677 us (Expected < 8000.000 us) --> Read time : 55.228 us, Update time : 268.067 us, Write time : 10374.382 us
[ros2_control_node-1] [WARN] [1775664402.474863263] [controller_manager]: Overrun detected! The controller manager missed its desired rate of 125 Hz. The loop took 10.839392 ms (missed cycles : 2).
[ros2_control_node-1] [WARN] [1775664404.385108922] [controller_manager]: Overrun might occur, Total time : 9053.980 us (Expected < 8000.000 us) --> Read time : 61.629 us, Update time : 253.523 us, Write time : 8738.828 us
[ros2_control_node-1] [WARN] [1775664404.385194682] [controller_manager]: Overrun detected! The controller manager missed its desired rate of 125 Hz. The loop took 9.171023 ms (missed cycles : 2).
[ros2_control_node-1] [WARN] [1775664407.472337003] [controller_manager]: Overrun might occur, Total time : 8272.869 us (Expected < 8000.000 us) --> Read time : 57.625 us, Update time : 281.407 us, Write time : 7933.837 us
[ros2_control_node-1] [WARN] [1775664407.472427884] [controller_manager]: Overrun detected! The controller manager missed its desired rate of 125 Hz. The loop took 8.404178 ms (missed cycles : 2).
[ros2_control_node-1] [WARN] [1775664409.608166821] [controller_manager]: Overrun might occur, Total time : 8097.934 us (Expected < 8000.000 us) --> Read time : 98.687 us, Update time : 361.580 us, Write time : 7637.667 us
[ros2_control_node-1] [WARN] [1775664409.608289324] [controller_manager]: Overrun detected! The controller manager missed its desired rate of 125 Hz. The loop took 8.264959 ms (missed cycles : 2).
[ros2_control_node-1] [WARN] [1775664411.434970786] [controller_manager]: Overrun might occur, Total time : 10900.310 us (Expected < 8000.000 us) --> Read time : 70.082 us, Update time : 315.749 us, Write time : 10514.479 us
[ros2_control_node-1] [WARN] [1775664411.435054379] [controller_manager]: Overrun detected! The controller manager missed its desired rate of 125 Hz. The loop took 11.030663 ms (missed cycles : 2).
[ros2_control_node-1] [WARN] [1775664414.280716423] [controller_manager]: Overrun might occur, Total time : 8605.636 us (Expected < 8000.000 us) --> Read time : 180.511 us, Update time : 585.947 us, Write time : 7839.178 us
[ros2_control_node-1] [WARN] [1775664414.280826221] [controller_manager]: Overrun detected! The controller manager missed its desired rate of 125 Hz. The loop took 8.802064 ms (missed cycles : 2).
[ros2_control_node-1] [WARN] [1775664418.491871688] [controller_manager]: Overrun might occur, Total time : 11807.438 us (Expected < 8000.000 us) --> Read time : 61.902 us, Update time : 274.994 us, Write time : 11470.542 us
[ros2_control_node-1] [WARN] [1775664418.491971362] [controller_manager]: Overrun detected! The controller manager missed its desired rate of 125 Hz. The loop took 11.947504 ms (missed cycles : 2).
[ros2_control_node-1] [WARN] [1775664420.112876806] [controller_manager]: Overrun might occur, Total time : 8815.499 us (Expected < 8000.000 us) --> Read time : 55.181 us, Update time : 280.403 us, Write time : 8479.915 us
[ros2_control_node-1] [WARN] [1775664420.112957897] [controller_manager]: Overrun detected! The controller manager missed its desired rate of 125 Hz. The loop took 8.933913 ms (missed cycles : 2).
[ros2_control_node-1] [WARN] [1775664421.153575473] [controller_manager]: Overrun might occur, Total time : 9474.543 us (Expected < 8000.000 us) --> Read time : 109.610 us, Update time : 305.474 us, Write time : 9059.459 us
[ros2_control_node-1] [WARN] [1775664421.153654901] [controller_manager]: Overrun detected! The controller manager missed its desired rate of 125 Hz. The loop took 9.631256 ms (missed cycles : 2).
[ros2_control_node-1] [WARN] [1775664422.600613060] [controller_manager]: Overrun might occur, Total time : 8537.734 us (Expected < 8000.000 us) --> Read time : 96.933 us, Update time : 348.748 us, Write time : 8092.053 us
[ros2_control_node-1] [WARN] [1775664422.600690861] [controller_manager]: Overrun detected! The controller manager missed its desired rate of 125 Hz. The loop took 8.667281 ms (missed cycles : 2).
[ros2_control_node-1] [WARN] [1775664423.688671190] [controller_manager]: Overrun might occur, Total time : 8592.519 us (Expected < 8000.000 us) --> Read time : 82.747 us, Update time : 383.472 us, Write time : 8126.300 us
[ros2_control_node-1] [WARN] [1775664423.688784419] [controller_manager]: Overrun detected! The controller manager missed its desired rate of 125 Hz. The loop took 8.760232 ms (missed cycles : 2).
[ros2_control_node-1] [WARN] [1775664425.224851812] [controller_manager]: Overrun might occur, Total time : 8778.593 us (Expected < 8000.000 us) --> Read time : 94.629 us, Update time : 347.344 us, Write time : 8336.620 us
[ros2_control_node-1] [WARN] [1775664425.224927523] [controller_manager]: Overrun detected! The controller manager missed its desired rate of 125 Hz. The loop took 8.903614 ms (missed cycles : 2).
[ros2_control_node-1] [WARN] [1775664427.881870072] [controller_manager]: Overrun might occur, Total time : 9804.576 us (Expected < 8000.000 us) --> Read time : 75.058 us, Update time : 381.203 us, Write time : 9348.315 us
[ros2_control_node-1] [WARN] [1775664427.881942627] [controller_manager]: Overrun detected! The controller manager missed its desired rate of 125 Hz. The loop took 9.919102 ms (missed cycles : 2).
[ros2_control_node-1] [WARN] [1775664429.501939035] [controller_manager]: Overrun might occur, Total time : 21878.257 us (Expected < 8000.000 us) --> Read time : 62.429 us, Update time : 281.516 us, Write time : 21534.312 us
[ros2_control_node-1] [WARN] [1775664429.502022089] [controller_manager]: Overrun detected! The controller manager missed its desired rate of 125 Hz. The loop took 21.998377 ms (missed cycles : 3).
[ros2_control_node-1] [WARN] [1775664431.160709261] [controller_manager]: Overrun might occur, Total time : 16650.538 us (Expected < 8000.000 us) --> Read time : 57.956 us, Update time : 264.655 us, Write time : 16327.927 us
[ros2_control_node-1] [WARN] [1775664431.160800128] [controller_manager]: Overrun detected! The controller manager missed its desired rate of 125 Hz. The loop took 16.775298 ms (missed cycles : 3).
[ros2_control_node-1] [WARN] [1775664433.288623839] [controller_manager]: Overrun might occur, Total time : 8555.983 us (Expected < 8000.000 us) --> Read time : 73.161 us, Update time : 290.593 us, Write time : 8192.229 us
[ros2_control_node-1] [WARN] [1775664433.288718932] [controller_manager]: Overrun detected! The controller manager missed its desired rate of 125 Hz. The loop took 8.694433 ms (missed cycles : 2).
[ros2_control_node-1] [WARN] [1775664435.169081104] [controller_manager]: Overrun might occur, Total time : 9022.241 us (Expected < 8000.000 us) --> Read time : 55.554 us, Update time : 254.060 us, Write time : 8712.627 us
[ros2_control_node-1] [WARN] [1775664435.169169196] [controller_manager]: Overrun detected! The controller manager missed its desired rate of 125 Hz. The loop took 9.145405 ms (missed cycles : 2).
[ros2_control_node-1] [WARN] [1775664436.808672846] [controller_manager]: Overrun might occur, Total time : 8604.782 us (Expected < 8000.000 us) --> Read time : 77.387 us, Update time : 303.418 us, Write time : 8223.977 us
[ros2_control_node-1] [WARN] [1775664436.808771397] [controller_manager]: Overrun detected! The controller manager missed its desired rate of 125 Hz. The loop took 8.747804 ms (missed cycles : 2).
[ros2_control_node-1] [WARN] [1775664438.984630195] [controller_manager]: Overrun might occur, Total time : 8572.792 us (Expected < 8000.000 us) --> Read time : 69.865 us, Update time : 237.798 us, Write time : 8265.129 us
[ros2_control_node-1] [WARN] [1775664438.984746400] [controller_manager]: Overrun detected! The controller manager missed its desired rate of 125 Hz. The loop took 8.722392 ms (missed cycles : 2).
[ros2_control_node-1] [WARN] [1775664440.464479792] [controller_manager]: Overrun might occur, Total time : 8414.234 us (Expected < 8000.000 us) --> Read time : 53.152 us, Update time : 258.618 us, Write time : 8102.464 us
[ros2_control_node-1] [WARN] [1775664440.464561575] [controller_manager]: Overrun detected! The controller manager missed its desired rate of 125 Hz. The loop took 8.537402 ms (missed cycles : 2).
[ros2_control_node-1] [WARN] [1775664442.696617606] [controller_manager]: Overrun might occur, Total time : 8557.939 us (Expected < 8000.000 us) --> Read time : 54.425 us, Update time : 261.692 us, Write time : 8241.822 us
[ros2_control_node-1] [WARN] [1775664442.696692385] [controller_manager]: Overrun detected! The controller manager missed its desired rate of 125 Hz. The loop took 8.668886 ms (missed cycles : 2).
[ros2_control_node-1] [WARN] [1775664444.137797953] [controller_manager]: Overrun might occur, Total time : 9733.917 us (Expected < 8000.000 us) --> Read time : 64.291 us, Update time : 322.525 us, Write time : 9347.101 us
[ros2_control_node-1] [WARN] [1775664444.137875454] [controller_manager]: Overrun detected! The controller manager missed its desired rate of 125 Hz. The loop took 9.851866 ms (missed cycles : 2).
[ros2_control_node-1] [WARN] [1775664447.840409811] [controller_manager]: Overrun might occur, Total time : 8348.726 us (Expected < 8000.000 us) --> Read time : 49.558 us, Update time : 243.558 us, Write time : 8055.610 us
[ros2_control_node-1] [WARN] [1775664447.840527632] [controller_manager]: Overrun detected! The controller manager missed its desired rate of 125 Hz. The loop took 8.503792 ms (missed cycles : 2).
[ros2_control_node-1] [WARN] [1775664448.984797832] [controller_manager]: Overrun might occur, Total time : 8739.381 us (Expected < 8000.000 us) --> Read time : 60.229 us, Update time : 229.851 us, Write time : 8449.301 us
[ros2_control_node-1] [WARN] [1775664448.984870586] [controller_manager]: Overrun detected! The controller manager missed its desired rate of 125 Hz. The loop took 8.846998 ms (missed cycles : 2).
[ros2_control_node-1] [WARN] [1775664450.376190366] [controller_manager]: Overrun might occur, Total time : 8124.418 us (Expected < 8000.000 us) --> Read time : 53.972 us, Update time : 234.954 us, Write time : 7835.492 us
[ros2_control_node-1] [WARN] [1775664450.376306849] [controller_manager]: Overrun detected! The controller manager missed its desired rate of 125 Hz. The loop took 8.281855 ms (missed cycles : 2).
[ros2_control_node-1] [WARN] [1775664451.664629729] [controller_manager]: Overrun might occur, Total time : 8570.759 us (Expected < 8000.000 us) --> Read time : 76.059 us, Update time : 283.979 us, Write time : 8210.721 us
[ros2_control_node-1] [WARN] [1775664451.664710195] [controller_manager]: Overrun detected! The controller manager missed its desired rate of 125 Hz. The loop took 8.685619 ms (missed cycles : 2).
[ros2_control_node-1] [WARN] [1775664453.216290032] [controller_manager]: Overrun might occur, Total time : 8232.546 us (Expected < 8000.000 us) --> Read time : 49.760 us, Update time : 293.972 us, Write time : 7888.814 us
[ros2_control_node-1] [WARN] [1775664453.216376127] [controller_manager]: Overrun detected! The controller manager missed its desired rate of 125 Hz. The loop took 8.352656 ms (missed cycles : 2).
[ros2_control_node-1] [WARN] [1775664455.304343397] [controller_manager]: Overrun might occur, Total time : 8290.542 us (Expected < 8000.000 us) --> Read time : 60.307 us, Update time : 299.688 us, Write time : 7930.547 us
[ros2_control_node-1] [WARN] [1775664455.304414327] [controller_manager]: Overrun detected! The controller manager missed its desired rate of 125 Hz. The loop took 8.390673 ms (missed cycles : 2).
[ros2_control_node-1] [WARN] [1775664456.952751909] [controller_manager]: Overrun might occur, Total time : 8683.388 us (Expected < 8000.000 us) --> Read time : 60.746 us, Update time : 259.191 us, Write time : 8363.451 us
[ros2_control_node-1] [WARN] [1775664456.952867034] [controller_manager]: Overrun detected! The controller manager missed its desired rate of 125 Hz. The loop took 8.841836 ms (missed cycles : 2).
[ros2_control_node-1] [WARN] [1775664458.772153414] [controller_manager]: Overrun might occur, Total time : 12079.658 us (Expected < 8000.000 us) --> Read time : 48.338 us, Update time : 243.625 us, Write time : 11787.695 us
[ros2_control_node-1] [WARN] [1775664458.772212423] [controller_manager]: Overrun detected! The controller manager missed its desired rate of 125 Hz. The loop took 12.189648 ms (missed cycles : 2).
[ros2_control_node-1] [WARN] [1775664460.288649068] [controller_manager]: Overrun might occur, Total time : 8587.268 us (Expected < 8000.000 us) --> Read time : 77.210 us, Update time : 299.165 us, Write time : 8210.893 us
[ros2_control_node-1] [WARN] [1775664460.288724061] [controller_manager]: Overrun detected! The controller manager missed its desired rate of 125 Hz. The loop took 8.700365 ms (missed cycles : 2).
[ros2_control_node-1] [WARN] [1775664461.296851648] [controller_manager]: Overrun might occur, Total time : 8799.440 us (Expected < 8000.000 us) --> Read time : 45.827 us, Update time : 245.758 us, Write time : 8507.855 us
[ros2_control_node-1] [WARN] [1775664461.296926625] [controller_manager]: Overrun detected! The controller manager missed its desired rate of 125 Hz. The loop took 8.903321 ms (missed cycles : 2).
[ros2_control_node-1] [WARN] [1775664465.416997960] [controller_manager]: Overrun might occur, Total time : 8932.214 us (Expected < 8000.000 us) --> Read time : 84.203 us, Update time : 369.889 us, Write time : 8478.122 us
[ros2_control_node-1] [WARN] [1775664465.417091227] [controller_manager]: Overrun detected! The controller manager missed its desired rate of 125 Hz. The loop took 9.067352 ms (missed cycles : 2).
[ros2_control_node-1] [WARN] [1775664466.634614075] [controller_manager]: Overrun might occur, Total time : 10556.108 us (Expected < 8000.000 us) --> Read time : 56.070 us, Update time : 243.670 us, Write time : 10256.368 us
[ros2_control_node-1] [WARN] [1775664466.634687792] [controller_manager]: Overrun detected! The controller manager missed its desired rate of 125 Hz. The loop took 10.664119 ms (missed cycles : 2).
[ros2_control_node-1] [WARN] [1775664467.650076865] [controller_manager]: Overrun might occur, Total time : 10012.342 us (Expected < 8000.000 us) --> Read time : 66.142 us, Update time : 301.692 us, Write time : 9644.508 us
[ros2_control_node-1] [WARN] [1775664467.650156655] [controller_manager]: Overrun detected! The controller manager missed its desired rate of 125 Hz. The loop took 10.133207 ms (missed cycles : 2).
[ros2_control_node-1] [WARN] [1775664468.952655130] [controller_manager]: Overrun might occur, Total time : 8596.385 us (Expected < 8000.000 us) --> Read time : 56.734 us, Update time : 245.983 us, Write time : 8293.668 us
[ros2_control_node-1] [WARN] [1775664468.952757141] [controller_manager]: Overrun detected! The controller manager missed its desired rate of 125 Hz. The loop took 8.732688 ms (missed cycles : 2).
[ros2_control_node-1] [WARN] [1775664470.184637867] [controller_manager]: Overrun might occur, Total time : 8539.773 us (Expected < 8000.000 us) --> Read time : 146.597 us, Update time : 712.117 us, Write time : 7681.059 us
[ros2_control_node-1] [WARN] [1775664470.184765544] [controller_manager]: Overrun detected! The controller manager missed its desired rate of 125 Hz. The loop took 8.741555 ms (missed cycles : 2).
[ros2_control_node-1] [WARN] [1775664472.944462384] [controller_manager]: Overrun might occur, Total time : 8380.990 us (Expected < 8000.000 us) --> Read time : 95.866 us, Update time : 503.605 us, Write time : 7781.519 us
[ros2_control_node-1] [WARN] [1775664472.944559346] [controller_manager]: Overrun detected! The controller manager missed its desired rate of 125 Hz. The loop took 8.534747 ms (missed cycles : 2).
[ros2_control_node-1] [WARN] [1775664474.937243830] [controller_manager]: Overrun might occur, Total time : 17188.008 us (Expected < 8000.000 us) --> Read time : 54.950 us, Update time : 226.499 us, Write time : 16906.559 us
[ros2_control_node-1] [WARN] [1775664474.937316775] [controller_manager]: Overrun detected! The controller manager missed its desired rate of 125 Hz. The loop took 17.292634 ms (missed cycles : 3).
[ros2_control_node-1] [WARN] [1775664476.336067660] [controller_manager]: Overrun detected! The controller manager missed its desired rate of 125 Hz. The loop took 8.042008 ms (missed cycles : 2).
[ros2_control_node-1] [WARN] [1775664477.808780677] [controller_manager]: Overrun might occur, Total time : 8716.351 us (Expected < 8000.000 us) --> Read time : 53.645 us, Update time : 242.774 us, Write time : 8419.932 us
[ros2_control_node-1] [WARN] [1775664477.808870608] [controller_manager]: Overrun detected! The controller manager missed its desired rate of 125 Hz. The loop took 8.846932 ms (missed cycles : 2).
[ros2_control_node-1] [WARN] [1775664479.306602238] [controller_manager]: Overrun might occur, Total time : 10534.014 us (Expected < 8000.000 us) --> Read time : 66.194 us, Update time : 318.210 us, Write time : 10149.610 us
[ros2_control_node-1] [WARN] [1775664479.306681360] [controller_manager]: Overrun detected! The controller manager missed its desired rate of 125 Hz. The loop took 10.657604 ms (missed cycles : 2).
[ros2_control_node-1] [WARN] [1775664481.088731709] [controller_manager]: Overrun might occur, Total time : 8680.608 us (Expected < 8000.000 us) --> Read time : 50.497 us, Update time : 260.498 us, Write time : 8369.613 us
[ros2_control_node-1] [WARN] [1775664481.088809007] [controller_manager]: Overrun detected! The controller manager missed its desired rate of 125 Hz. The loop took 8.785288 ms (missed cycles : 2).
[ros2_control_node-1] [WARN] [1775664482.536070213] [controller_manager]: Overrun detected! The controller manager missed its desired rate of 125 Hz. The loop took 8.044147 ms (missed cycles : 2).
[ros2_control_node-1] [WARN] [1775664486.248548223] [controller_manager]: Overrun might occur, Total time : 8472.276 us (Expected < 8000.000 us) --> Read time : 102.066 us, Update time : 334.775 us, Write time : 8035.435 us
[ros2_control_node-1] [WARN] [1775664486.248628387] [controller_manager]: Overrun detected! The controller manager missed its desired rate of 125 Hz. The loop took 8.604933 ms (missed cycles : 2).
[ros2_control_node-1] [WARN] [1775664489.865780676] [controller_manager]: Overrun might occur, Total time : 9686.960 us (Expected < 8000.000 us) --> Read time : 111.696 us, Update time : 477.228 us, Write time : 9098.036 us
[ros2_control_node-1] [WARN] [1775664489.865863339] [controller_manager]: Overrun detected! The controller manager missed its desired rate of 125 Hz. The loop took 9.839930 ms (missed cycles : 2).
[ros2_control_node-1] [WARN] [1775664492.480702898] [controller_manager]: Overrun might occur, Total time : 8645.963 us (Expected < 8000.000 us) --> Read time : 55.937 us, Update time : 249.394 us, Write time : 8340.632 us
[ros2_control_node-1] [WARN] [1775664492.480782393] [controller_manager]: Overrun detected! The controller manager missed its desired rate of 125 Hz. The loop took 8.758419 ms (missed cycles : 2).
[ros2_control_node-1] [WARN] [1775664495.848369070] [controller_manager]: Overrun might occur, Total time : 8304.864 us (Expected < 8000.000 us) --> Read time : 71.991 us, Update time : 259.224 us, Write time : 7973.649 us
[ros2_control_node-1] [WARN] [1775664495.848444601] [controller_manager]: Overrun detected! The controller manager missed its desired rate of 125 Hz. The loop took 8.419900 ms (missed cycles : 2).
[ros2_control_node-1] [WARN] [1775664497.012208062] [controller_manager]: Overrun might occur, Total time : 12146.998 us (Expected < 8000.000 us) --> Read time : 55.039 us, Update time : 308.994 us, Write time : 11782.965 us
[ros2_control_node-1] [WARN] [1775664497.012289228] [controller_manager]: Overrun detected! The controller manager missed its desired rate of 125 Hz. The loop took 12.265389 ms (missed cycles : 2).
[ros2_control_node-1] [WARN] [1775664499.328562735] [controller_manager]: Overrun might occur, Total time : 8505.576 us (Expected < 8000.000 us) --> Read time : 56.540 us, Update time : 264.649 us, Write time : 8184.387 us
[ros2_control_node-1] [WARN] [1775664499.328641604] [controller_manager]: Overrun detected! The controller manager missed its desired rate of 125 Hz. The loop took 8.618162 ms (missed cycles : 2).
[ros2_control_node-1] [WARN] [1775664501.899302526] [controller_manager]: Overrun might occur, Total time : 11242.678 us (Expected < 8000.000 us) --> Read time : 55.671 us, Update time : 254.618 us, Write time : 10932.389 us
[ros2_control_node-1] [WARN] [1775664501.899377258] [controller_manager]: Overrun detected! The controller manager missed its desired rate of 125 Hz. The loop took 11.353674 ms (missed cycles : 2).
[ros2_control_node-1] [WARN] [1775664504.651592197] [controller_manager]: Overrun might occur, Total time : 11532.647 us (Expected < 8000.000 us) --> Read time : 55.523 us, Update time : 273.468 us, Write time : 11203.656 us
[ros2_control_node-1] [WARN] [1775664504.651668795] [controller_manager]: Overrun detected! The controller manager missed its desired rate of 125 Hz. The loop took 11.644982 ms (missed cycles : 2).
[ros2_control_node-1] [WARN] [1775664507.352801503] [controller_manager]: Overrun might occur, Total time : 8746.188 us (Expected < 8000.000 us) --> Read time : 55.352 us, Update time : 258.186 us, Write time : 8432.650 us
[ros2_control_node-1] [WARN] [1775664507.352876543] [controller_manager]: Overrun detected! The controller manager missed its desired rate of 125 Hz. The loop took 8.852895 ms (missed cycles : 2).
[ros2_control_node-1] [WARN] [1775664510.096636266] [controller_manager]: Overrun might occur, Total time : 8576.884 us (Expected < 8000.000 us) --> Read time : 62.226 us, Update time : 248.473 us, Write time : 8266.185 us
[ros2_control_node-1] [WARN] [1775664510.096711755] [controller_manager]: Overrun detected! The controller manager missed its desired rate of 125 Hz. The loop took 8.688252 ms (missed cycles : 2).
[ros2_control_node-1] [WARN] [1775664511.910166243] [controller_manager]: Overrun might occur, Total time : 14093.595 us (Expected < 8000.000 us) --> Read time : 71.580 us, Update time : 321.176 us, Write time : 13700.839 us
[ros2_control_node-1] [WARN] [1775664511.910259988] [controller_manager]: Overrun detected! The controller manager missed its desired rate of 125 Hz. The loop took 14.236122 ms (missed cycles : 2).
[ros2_control_node-1] [WARN] [1775664515.093101002] [controller_manager]: Overrun might occur, Total time : 13031.438 us (Expected < 8000.000 us) --> Read time : 90.190 us, Update time : 357.960 us, Write time : 12583.288 us
[ros2_control_node-1] [WARN] [1775664515.093180531] [controller_manager]: Overrun detected! The controller manager missed its desired rate of 125 Hz. The loop took 13.156858 ms (missed cycles : 2).
[ros2_control_node-1] [WARN] [1775664516.173934484] [controller_manager]: Overrun might occur, Total time : 13879.224 us (Expected < 8000.000 us) --> Read time : 48.542 us, Update time : 245.600 us, Write time : 13585.082 us
[ros2_control_node-1] [WARN] [1775664516.174012611] [controller_manager]: Overrun detected! The controller manager missed its desired rate of 125 Hz. The loop took 13.989278 ms (missed cycles : 2).
[ros2_control_node-1] [WARN] [1775664517.347414517] [controller_manager]: Overrun might occur, Total time : 19339.861 us (Expected < 8000.000 us) --> Read time : 55.745 us, Update time : 244.466 us, Write time : 19039.650 us
[ros2_control_node-1] [WARN] [1775664517.347622503] [controller_manager]: Overrun detected! The controller manager missed its desired rate of 125 Hz. The loop took 19.595315 ms (missed cycles : 3).
[ros2_control_node-1] [WARN] [1775664520.448786780] [controller_manager]: Overrun might occur, Total time : 8722.023 us (Expected < 8000.000 us) --> Read time : 65.447 us, Update time : 283.961 us, Write time : 8372.615 us
[ros2_control_node-1] [WARN] [1775664520.448875343] [controller_manager]: Overrun detected! The controller manager missed its desired rate of 125 Hz. The loop took 8.851605 ms (missed cycles : 2).
[ros2_control_node-1] [WARN] [1775664522.521014341] [controller_manager]: Overrun might occur, Total time : 8951.655 us (Expected < 8000.000 us) --> Read time : 56.641 us, Update time : 252.154 us, Write time : 8642.860 us
[ros2_control_node-1] [WARN] [1775664522.521090812] [controller_manager]: Overrun detected! The controller manager missed its desired rate of 125 Hz. The loop took 9.067111 ms (missed cycles : 2).
[ros2_control_node-1] [WARN] [1775664523.721546904] [controller_manager]: Overrun might occur, Total time : 9487.042 us (Expected < 8000.000 us) --> Read time : 48.944 us, Update time : 233.605 us, Write time : 9204.493 us
[ros2_control_node-1] [WARN] [1775664523.721652602] [controller_manager]: Overrun detected! The controller manager missed its desired rate of 125 Hz. The loop took 9.628675 ms (missed cycles : 2).
[ros2_control_node-1] [WARN] [1775664525.992401951] [controller_manager]: Overrun might occur, Total time : 8342.159 us (Expected < 8000.000 us) --> Read time : 56.376 us, Update time : 265.582 us, Write time : 8020.201 us
[ros2_control_node-1] [WARN] [1775664525.992477198] [controller_manager]: Overrun detected! The controller manager missed its desired rate of 125 Hz. The loop took 8.453312 ms (missed cycles : 2).
[ros2_control_node-1] [WARN] [1775664527.065009364] [controller_manager]: Overrun might occur, Total time : 8943.980 us (Expected < 8000.000 us) --> Read time : 87.916 us, Update time : 468.532 us, Write time : 8387.532 us
[ros2_control_node-1] [WARN] [1775664527.065091607] [controller_manager]: Overrun detected! The controller manager missed its desired rate of 125 Hz. The loop took 9.067336 ms (missed cycles : 2).
[ros2_control_node-1] [WARN] [1775664528.313041525] [controller_manager]: Overrun might occur, Total time : 8973.917 us (Expected < 8000.000 us) --> Read time : 78.317 us, Update time : 387.702 us, Write time : 8507.898 us
[ros2_control_node-1] [WARN] [1775664528.313121777] [controller_manager]: Overrun detected! The controller manager missed its desired rate of 125 Hz. The loop took 9.097840 ms (missed cycles : 2).
[ros2_control_node-1] [WARN] [1775664530.528592405] [controller_manager]: Overrun might occur, Total time : 8537.889 us (Expected < 8000.000 us) --> Read time : 53.762 us, Update time : 245.875 us, Write time : 8238.252 us
[ros2_control_node-1] [WARN] [1775664530.528666678] [controller_manager]: Overrun detected! The controller manager missed its desired rate of 125 Hz. The loop took 8.643036 ms (missed cycles : 2).
[ros2_control_node-1] [WARN] [1775664532.848676496] [controller_manager]: Overrun might occur, Total time : 8616.489 us (Expected < 8000.000 us) --> Read time : 56.441 us, Update time : 269.698 us, Write time : 8290.350 us
[ros2_control_node-1] [WARN] [1775664532.848749252] [controller_manager]: Overrun detected! The controller manager missed its desired rate of 125 Hz. The loop took 8.725699 ms (missed cycles : 2).
[ros2_control_node-1] [WARN] [1775664534.329706262] [controller_manager]: Overrun might occur, Total time : 9648.699 us (Expected < 8000.000 us) --> Read time : 63.648 us, Update time : 256.763 us, Write time : 9328.288 us
[ros2_control_node-1] [WARN] [1775664534.329786515] [controller_manager]: Overrun detected! The controller manager missed its desired rate of 125 Hz. The loop took 9.762720 ms (missed cycles : 2).
[ros2_control_node-1] [WARN] [1775664535.933379483] [controller_manager]: Overrun might occur, Total time : 13282.715 us (Expected < 8000.000 us) --> Read time : 161.745 us, Update time : 646.325 us, Write time : 12474.645 us
[ros2_control_node-1] [WARN] [1775664535.933457502] [controller_manager]: Overrun detected! The controller manager missed its desired rate of 125 Hz. The loop took 13.433704 ms (missed cycles : 2).
[ros2_control_node-1] [WARN] [1775664537.005845001] [controller_manager]: Overrun might occur, Total time : 13751.767 us (Expected < 8000.000 us) --> Read time : 106.195 us, Update time : 429.956 us, Write time : 13215.616 us
[ros2_control_node-1] [WARN] [1775664537.005920462] [controller_manager]: Overrun detected! The controller manager missed its desired rate of 125 Hz. The loop took 13.896812 ms (missed cycles : 2).
[ros2_control_node-1] [WARN] [1775664538.064104708] [controller_manager]: Overrun might occur, Total time : 8037.384 us (Expected < 8000.000 us) --> Read time : 65.148 us, Update time : 258.693 us, Write time : 7713.543 us
[ros2_control_node-1] [WARN] [1775664538.064189247] [controller_manager]: Overrun detected! The controller manager missed its desired rate of 125 Hz. The loop took 8.165746 ms (missed cycles : 2).
[ros2_control_node-1] [WARN] [1775664540.970169493] [controller_manager]: Overrun might occur, Total time : 10113.420 us (Expected < 8000.000 us) --> Read time : 56.127 us, Update time : 252.923 us, Write time : 9804.370 us
[ros2_control_node-1] [WARN] [1775664540.970249398] [controller_manager]: Overrun detected! The controller manager missed its desired rate of 125 Hz. The loop took 10.225837 ms (missed cycles : 2).
[ros2_control_node-1] [WARN] [1775664542.321115846] [controller_manager]: Overrun might occur, Total time : 9059.190 us (Expected < 8000.000 us) --> Read time : 48.942 us, Update time : 295.197 us, Write time : 8715.051 us
[ros2_control_node-1] [WARN] [1775664542.321222622] [controller_manager]: Overrun detected! The controller manager missed its desired rate of 125 Hz. The loop took 9.198510 ms (missed cycles : 2).
[ros2_control_node-1] [WARN] [1775664543.946601578] [controller_manager]: Overrun might occur, Total time : 10500.635 us (Expected < 8000.000 us) --> Read time : 158.996 us, Update time : 506.432 us, Write time : 9835.207 us
[ros2_control_node-1] [WARN] [1775664543.946679634] [controller_manager]: Overrun detected! The controller manager missed its desired rate of 125 Hz. The loop took 10.656173 ms (missed cycles : 2).
[ros2_control_node-1] [WARN] [1775664545.065139925] [controller_manager]: Overrun might occur, Total time : 9079.823 us (Expected < 8000.000 us) --> Read time : 62.762 us, Update time : 315.387 us, Write time : 8701.674 us
[ros2_control_node-1] [WARN] [1775664545.065208552] [controller_manager]: Overrun detected! The controller manager missed its desired rate of 125 Hz. The loop took 9.184984 ms (missed cycles : 2).
[ros2_control_node-1] [WARN] [1775664550.481110281] [controller_manager]: Overrun might occur, Total time : 9057.807 us (Expected < 8000.000 us) --> Read time : 67.411 us, Update time : 331.633 us, Write time : 8658.763 us
[ros2_control_node-1] [WARN] [1775664550.481209173] [controller_manager]: Overrun detected! The controller manager missed its desired rate of 125 Hz. The loop took 9.184797 ms (missed cycles : 2).
[ros2_control_node-1] [WARN] [1775664551.714604667] [controller_manager]: Overrun might occur, Total time : 10541.839 us (Expected < 8000.000 us) --> Read time : 73.264 us, Update time : 317.417 us, Write time : 10151.158 us
[ros2_control_node-1] [WARN] [1775664551.714690213] [controller_manager]: Overrun detected! The controller manager missed its desired rate of 125 Hz. The loop took 10.666011 ms (missed cycles : 2).
[ros2_control_node-1] [WARN] [1775664553.473663828] [controller_manager]: Overrun might occur, Total time : 9588.401 us (Expected < 8000.000 us) --> Read time : 93.406 us, Update time : 466.262 us, Write time : 9028.733 us
[ros2_control_node-1] [WARN] [1775664553.473772855] [controller_manager]: Overrun detected! The controller manager missed its desired rate of 125 Hz. The loop took 9.748681 ms (missed cycles : 2).
[ros2_control_node-1] [WARN] [1775664554.505173141] [controller_manager]: Overrun might occur, Total time : 9100.482 us (Expected < 8000.000 us) --> Read time : 76.343 us, Update time : 305.799 us, Write time : 8718.340 us
[ros2_control_node-1] [WARN] [1775664554.505253571] [controller_manager]: Overrun detected! The controller manager missed its desired rate of 125 Hz. The loop took 9.229340 ms (missed cycles : 2).
[ros2_control_node-1] [WARN] [1775664555.721060181] [controller_manager]: Overrun might occur, Total time : 17002.981 us (Expected < 8000.000 us) --> Read time : 52.968 us, Update time : 316.945 us, Write time : 16633.068 us
[ros2_control_node-1] [WARN] [1775664555.721153213] [controller_manager]: Overrun detected! The controller manager missed its desired rate of 125 Hz. The loop took 17.129379 ms (missed cycles : 3).
[ros2_control_node-1] [WARN] [1775664556.968634344] [controller_manager]: Overrun might occur, Total time : 8579.033 us (Expected < 8000.000 us) --> Read time : 52.009 us, Update time : 242.532 us, Write time : 8284.492 us
[ros2_control_node-1] [WARN] [1775664556.968745685] [controller_manager]: Overrun detected! The controller manager missed its desired rate of 125 Hz. The loop took 8.721759 ms (missed cycles : 2).
[ros2_control_node-1] [WARN] [1775664558.146606630] [controller_manager]: Overrun might occur, Total time : 10548.165 us (Expected < 8000.000 us) --> Read time : 63.993 us, Update time : 293.982 us, Write time : 10190.190 us
[ros2_control_node-1] [WARN] [1775664558.146690005] [controller_manager]: Overrun detected! The controller manager missed its desired rate of 125 Hz. The loop took 10.665807 ms (missed cycles : 2).
[ros2_control_node-1] [WARN] [1775664559.520521005] [controller_manager]: Overrun might occur, Total time : 8464.198 us (Expected < 8000.000 us) --> Read time : 56.524 us, Update time : 261.539 us, Write time : 8146.135 us
[ros2_control_node-1] [WARN] [1775664559.520595496] [controller_manager]: Overrun detected! The controller manager missed its desired rate of 125 Hz. The loop took 8.571434 ms (missed cycles : 2).
[ros2_control_node-1] [WARN] [1775664561.041623411] [controller_manager]: Overrun might occur, Total time : 9565.589 us (Expected < 8000.000 us) --> Read time : 57.945 us, Update time : 255.391 us, Write time : 9252.253 us
[ros2_control_node-1] [WARN] [1775664561.041697974] [controller_manager]: Overrun detected! The controller manager missed its desired rate of 125 Hz. The loop took 9.673854 ms (missed cycles : 2).
[ros2_control_node-1] [WARN] [1775664563.504173461] [controller_manager]: Overrun might occur, Total time : 8117.780 us (Expected < 8000.000 us) --> Read time : 56.939 us, Update time : 240.071 us, Write time : 7820.770 us
[ros2_control_node-1] [WARN] [1775664563.504277814] [controller_manager]: Overrun detected! The controller manager missed its desired rate of 125 Hz. The loop took 8.253322 ms (missed cycles : 2).
[ros2_control_node-1] [WARN] [1775664564.924301411] [controller_manager]: Overrun might occur, Total time : 12238.275 us (Expected < 8000.000 us) --> Read time : 68.395 us, Update time : 295.573 us, Write time : 11874.307 us
[ros2_control_node-1] [WARN] [1775664564.924403257] [controller_manager]: Overrun detected! The controller manager missed its desired rate of 125 Hz. The loop took 12.379830 ms (missed cycles : 2).
[ros2_control_node-1] [WARN] [1775664566.562496699] [controller_manager]: Overrun might occur, Total time : 10422.487 us (Expected < 8000.000 us) --> Read time : 45.579 us, Update time : 254.687 us, Write time : 10122.221 us
[ros2_control_node-1] [WARN] [1775664566.562668703] [controller_manager]: Overrun detected! The controller manager missed its desired rate of 125 Hz. The loop took 10.643484 ms (missed cycles : 2).
[ros2_control_node-1] [WARN] [1775664573.953761696] [controller_manager]: Overrun might occur, Total time : 9698.169 us (Expected < 8000.000 us) --> Read time : 49.364 us, Update time : 291.761 us, Write time : 9357.044 us
[ros2_control_node-1] [WARN] [1775664573.953881478] [controller_manager]: Overrun detected! The controller manager missed its desired rate of 125 Hz. The loop took 9.856855 ms (missed cycles : 2).
[ros2_control_node-1] [WARN] [1775664576.488651592] [controller_manager]: Overrun might occur, Total time : 8560.110 us (Expected < 8000.000 us) --> Read time : 133.047 us, Update time : 436.614 us, Write time : 7990.449 us
[ros2_control_node-1] [WARN] [1775664576.488718142] [controller_manager]: Overrun detected! The controller manager missed its desired rate of 125 Hz. The loop took 8.694884 ms (missed cycles : 2).
[ros2_control_node-1] [WARN] [1775664578.219408500] [controller_manager]: Overrun might occur, Total time : 11345.275 us (Expected < 8000.000 us) --> Read time : 61.990 us, Update time : 284.702 us, Write time : 10998.583 us
[ros2_control_node-1] [WARN] [1775664578.219491898] [controller_manager]: Overrun detected! The controller manager missed its desired rate of 125 Hz. The loop took 11.460331 ms (missed cycles : 2).
[ros2_control_node-1] [WARN] [1775664579.529606744] [controller_manager]: Overrun might occur, Total time : 9541.058 us (Expected < 8000.000 us) --> Read time : 63.312 us, Update time : 273.665 us, Write time : 9204.081 us
[ros2_control_node-1] [WARN] [1775664579.529687245] [controller_manager]: Overrun detected! The controller manager missed its desired rate of 125 Hz. The loop took 9.663531 ms (missed cycles : 2).
[ros2_control_node-1] [WARN] [1775664581.641408583] [controller_manager]: Overrun might occur, Total time : 9341.315 us (Expected < 8000.000 us) --> Read time : 88.417 us, Update time : 346.551 us, Write time : 8906.347 us
[ros2_control_node-1] [WARN] [1775664581.641491230] [controller_manager]: Overrun detected! The controller manager missed its desired rate of 125 Hz. The loop took 9.467642 ms (missed cycles : 2).
[ros2_control_node-1] [WARN] [1775664585.700735493] [controller_manager]: Overrun might occur, Total time : 12668.580 us (Expected < 8000.000 us) --> Read time : 82.772 us, Update time : 372.316 us, Write time : 12213.492 us
[ros2_control_node-1] [WARN] [1775664585.700835502] [controller_manager]: Overrun detected! The controller manager missed its desired rate of 125 Hz. The loop took 12.811581 ms (missed cycles : 2).
[ros2_control_node-1] [WARN] [1775664587.181648789] [controller_manager]: Overrun might occur, Total time : 13589.179 us (Expected < 8000.000 us) --> Read time : 75.388 us, Update time : 258.703 us, Write time : 13255.088 us
[ros2_control_node-1] [WARN] [1775664587.181719643] [controller_manager]: Overrun detected! The controller manager missed its desired rate of 125 Hz. The loop took 13.695833 ms (missed cycles : 2).
[ros2_control_node-1] [WARN] [1775664588.801120524] [controller_manager]: Overrun might occur, Total time : 9062.158 us (Expected < 8000.000 us) --> Read time : 53.312 us, Update time : 229.783 us, Write time : 8779.063 us
[ros2_control_node-1] [WARN] [1775664588.801205835] [controller_manager]: Overrun detected! The controller manager missed its desired rate of 125 Hz. The loop took 9.181578 ms (missed cycles : 2).
[ros2_control_node-1] [WARN] [1775664590.991622619] [controller_manager]: Overrun might occur, Total time : 15549.992 us (Expected < 8000.000 us) --> Read time : 112.435 us, Update time : 496.834 us, Write time : 14940.723 us
[ros2_control_node-1] [WARN] [1775664590.991778298] [controller_manager]: Overrun detected! The controller manager missed its desired rate of 125 Hz. The loop took 15.753157 ms (missed cycles : 2).
[ros2_control_node-1] [WARN] [1775664592.688470081] [controller_manager]: Overrun might occur, Total time : 8413.501 us (Expected < 8000.000 us) --> Read time : 62.405 us, Update time : 293.916 us, Write time : 8057.180 us
[ros2_control_node-1] [WARN] [1775664592.688566552] [controller_manager]: Overrun detected! The controller manager missed its desired rate of 125 Hz. The loop took 8.542734 ms (missed cycles : 2).
[ros2_control_node-1] [WARN] [1775664595.920750127] [controller_manager]: Overrun might occur, Total time : 8685.546 us (Expected < 8000.000 us) --> Read time : 71.532 us, Update time : 294.258 us, Write time : 8319.756 us
[ros2_control_node-1] [WARN] [1775664595.920839989] [controller_manager]: Overrun detected! The controller manager missed its desired rate of 125 Hz. The loop took 8.816254 ms (missed cycles : 2).
[ros2_control_node-1] [WARN] [1775664599.104220576] [controller_manager]: Overrun might occur, Total time : 8159.845 us (Expected < 8000.000 us) --> Read time : 47.570 us, Update time : 223.771 us, Write time : 7888.504 us
[ros2_control_node-1] [WARN] [1775664599.104365527] [controller_manager]: Overrun detected! The controller manager missed its desired rate of 125 Hz. The loop took 8.338286 ms (missed cycles : 2).
[ros2_control_node-1] [WARN] [1775664600.345281825] [controller_manager]: Overrun might occur, Total time : 9189.511 us (Expected < 8000.000 us) --> Read time : 165.550 us, Update time : 421.229 us, Write time : 8602.732 us
[ros2_control_node-1] [WARN] [1775664600.345363787] [controller_manager]: Overrun detected! The controller manager missed its desired rate of 125 Hz. The loop took 9.339537 ms (missed cycles : 2).
[ros2_control_node-1] [WARN] [1775664605.717002649] [controller_manager]: Overrun might occur, Total time : 12935.875 us (Expected < 8000.000 us) --> Read time : 60.939 us, Update time : 295.792 us, Write time : 12579.144 us
[ros2_control_node-1] [WARN] [1775664605.717115944] [controller_manager]: Overrun detected! The controller manager missed its desired rate of 125 Hz. The loop took 13.090346 ms (missed cycles : 2).
[ros2_control_node-1] [WARN] [1775664607.130314624] [controller_manager]: Overrun might occur, Total time : 10255.232 us (Expected < 8000.000 us) --> Read time : 55.351 us, Update time : 259.475 us, Write time : 9940.406 us
[ros2_control_node-1] [WARN] [1775664607.130390010] [controller_manager]: Overrun detected! The controller manager missed its desired rate of 125 Hz. The loop took 10.365798 ms (missed cycles : 2).
