
===== 2026-04-07T19:16:30-04:00 | T1_arm_moveit_rviz =====
cwd=/home/carrt-cse-project/workspace/ros2_kortex_ws
cmd=ros2 launch adl_tasks arm_vbox.launch.py robot_ip:=192.168.0.10 use_fake_hardware:=false vision:=true 

[INFO] [launch]: All log files can be found below /home/carrt-cse-project/.ros/log/2026-04-07-19-16-31-276771-carrt-cse-project-OptiPlex-5050-40495
[INFO] [launch]: Default logging verbosity is set to INFO
[INFO] [launch.user]: [arm_vbox.launch] MoveIt current state source: /joint_states_sanitized. Use use_joint_state_sanitizer:=false for raw-state viewer debugging.
[INFO] [launch.user]: [arm_vbox.launch] Using ADL VBox controller config (share/adl_tasks/config/ros2_controllers_vbox.yaml, update_rate:=125 Hz).
[INFO] [ros2_control_node-1]: process started with pid [40499]
[INFO] [robot_state_publisher-2]: process started with pid [40500]
[INFO] [joint_state_sanitizer-3]: process started with pid [40501]
[INFO] [spawner-4]: process started with pid [40502]
[INFO] [static_transform_publisher-5]: process started with pid [40503]
[INFO] [static_transform_publisher-6]: process started with pid [40504]
[static_transform_publisher-6] [INFO] [1775603791.541541206] [camera_color_optical_bridge_tf_pub]: Spinning until stopped - publishing transform
[static_transform_publisher-6] translation: ('0.000000', '0.000000', '0.000000')
[static_transform_publisher-6] rotation: ('0.000000', '0.000000', '0.000000', '1.000000')
[static_transform_publisher-6] from 'camera_color_frame' to 'wrist_mounted_camera_color_optical_frame'
[static_transform_publisher-5] [INFO] [1775603791.542844974] [static_transform_publisher]: Spinning until stopped - publishing transform
[static_transform_publisher-5] translation: ('0.000000', '0.000000', '0.000000')
[static_transform_publisher-5] rotation: ('0.000000', '0.000000', '0.000000', '1.000000')
[static_transform_publisher-5] from 'world' to 'base_link'
[robot_state_publisher-2] [INFO] [1775603791.544996979] [robot_state_publisher]: Robot initialized
[ros2_control_node-1] [INFO] [1775603791.573531293] [controller_manager]: Using Steady (Monotonic) clock for triggering controller manager cycles.
[ros2_control_node-1] [INFO] [1775603791.583908689] [controller_manager]: Subscribing to '/robot_description' topic for robot description.
[ros2_control_node-1] [INFO] [1775603791.586206024] [controller_manager]: update rate is 125 Hz
[ros2_control_node-1] [INFO] [1775603791.586227420] [controller_manager]: Overruns handling is : enabled
[ros2_control_node-1] [INFO] [1775603791.586234191] [controller_manager]: Spawning controller_manager RT thread with scheduler priority: 50
[ros2_control_node-1] [INFO] [1775603791.586301323] [controller_manager]: Successful set up FIFO RT scheduling policy with priority 50.
[ros2_control_node-1] [INFO] [1775603791.876138254] [controller_manager]: Received robot description from topic.
[ros2_control_node-1] [INFO] [1775603791.876200049] [controller_manager]: Enforcing command limits is disabled. Command limits from URDF will be ignored.
[ros2_control_node-1] [INFO] [1775603791.882727094] [controller_manager]: Loading hardware 'KortexMultiInterfaceHardware' 
[ros2_control_node-1] [INFO] [1775603791.892068773] [KortexMultiInterfaceHardware]: Setting severity threshold to DEBUG
[ros2_control_node-1] [INFO] [1775603791.892119889] [controller_manager]: Loaded hardware 'KortexMultiInterfaceHardware' from plugin 'kortex_driver/KortexMultiInterfaceHardware'
[ros2_control_node-1] [INFO] [1775603791.892694305] [controller_manager]: Initialize hardware 'KortexMultiInterfaceHardware' 
[ros2_control_node-1] [INFO] [1775603791.900556358] [KortexMultiInterfaceHardware]: Configuring Hardware Interface
[ros2_control_node-1] [INFO] [1775603791.900906778] [KortexMultiInterfaceHardware]: Robot ip is '192.168.0.10'
[ros2_control_node-1] [INFO] [1775603791.900918789] [KortexMultiInterfaceHardware]: Username is 'admin'
[ros2_control_node-1] [INFO] [1775603791.900931214] [KortexMultiInterfaceHardware]: Port used '10000'
[ros2_control_node-1] [INFO] [1775603791.900937138] [KortexMultiInterfaceHardware]: Realtime port used '10001'
[ros2_control_node-1] [INFO] [1775603791.900942374] [KortexMultiInterfaceHardware]: Session inactivity timeout is '60000'
[ros2_control_node-1] [INFO] [1775603791.900947904] [KortexMultiInterfaceHardware]: Connection inactivity timeout is '2000'
[ros2_control_node-1] [INFO] [1775603791.900953902] [KortexMultiInterfaceHardware]: Gripper joint name is 'robotiq_85_left_knuckle_joint'
[ros2_control_node-1] [INFO] [1775603791.900983450] [KortexMultiInterfaceHardware]: Connecting to robot at 192.168.0.10
[ros2_control_node-1] [INFO] [1775603791.909802301] [KortexMultiInterfaceHardware]: Creating session for communication
[spawner-4] [INFO] [1775603791.917974855] [spawner_joint_state_broadcaster]: waiting for service /controller_manager/list_controllers to become available...
[joint_state_sanitizer-3] [INFO] [1775603791.987296323] [joint_state_sanitizer_node]: joint_state_sanitizer started. raw=/joint_states -> sanitized=/joint_states_sanitized
[ros2_control_node-1] [INFO] [1775603792.312918739] [KortexMultiInterfaceHardware]: Session created
[ros2_control_node-1] [INFO] [1775603793.012617378] [KortexMultiInterfaceHardware]: Actuator count reported by robot is '7'
[ros2_control_node-1] [INFO] [1775603793.013094335] [KortexMultiInterfaceHardware]: Using internal bus communication for gripper!
[ros2_control_node-1] [INFO] [1775603793.013118271] [KortexMultiInterfaceHardware]: Hardware Interface successfully configured
[ros2_control_node-1] [INFO] [1775603793.013297293] [controller_manager]: Successful initialization of hardware 'KortexMultiInterfaceHardware'
[ros2_control_node-1] [DEBUG] [1775603793.013536852] [KortexMultiInterfaceHardware]: export_state_interfaces for joint: joint_1
[ros2_control_node-1] [DEBUG] [1775603793.013607866] [KortexMultiInterfaceHardware]: export_state_interfaces for joint: joint_2
[ros2_control_node-1] [DEBUG] [1775603793.013625122] [KortexMultiInterfaceHardware]: export_state_interfaces for joint: joint_3
[ros2_control_node-1] [DEBUG] [1775603793.013637056] [KortexMultiInterfaceHardware]: export_state_interfaces for joint: joint_4
[ros2_control_node-1] [DEBUG] [1775603793.013647742] [KortexMultiInterfaceHardware]: export_state_interfaces for joint: joint_5
[ros2_control_node-1] [DEBUG] [1775603793.013659461] [KortexMultiInterfaceHardware]: export_state_interfaces for joint: joint_6
[ros2_control_node-1] [DEBUG] [1775603793.013712616] [KortexMultiInterfaceHardware]: export_state_interfaces for joint: joint_7
[ros2_control_node-1] [DEBUG] [1775603793.013729359] [KortexMultiInterfaceHardware]: export_state_interfaces for joint: robotiq_85_left_knuckle_joint
[ros2_control_node-1] [INFO] [1775603793.020425487] [resource_manager]: 'configure' hardware 'KortexMultiInterfaceHardware' 
[ros2_control_node-1] [INFO] [1775603793.020524574] [resource_manager]: Successful 'configure' of hardware 'KortexMultiInterfaceHardware'
[ros2_control_node-1] [INFO] [1775603793.020728344] [resource_manager]: 'activate' hardware 'KortexMultiInterfaceHardware' 
[ros2_control_node-1] [INFO] [1775603793.020786222] [KortexMultiInterfaceHardware]: Activating KortexMultiInterfaceHardware...
[ros2_control_node-1] [INFO] [1775603793.025707411] [KortexMultiInterfaceHardware]: Gripper initial position is '0.873365'.
[ros2_control_node-1] [INFO] [1775603793.030598404] [KortexMultiInterfaceHardware]: KortexMultiInterfaceHardware successfully activated!
[ros2_control_node-1] [INFO] [1775603793.030731975] [resource_manager]: Successful 'activate' of hardware 'KortexMultiInterfaceHardware'
[ros2_control_node-1] [INFO] [1775603793.031503809] [controller_manager]: Registering statistics for : KortexMultiInterfaceHardware
[ros2_control_node-1] [INFO] [1775603793.032100959] [controller_manager]: Resource Manager has been successfully initialized. Starting Controller Manager services...
[ros2_control_node-1] [WARN] [1775603793.044069433] [controller_manager]: Overrun might occur, Total time : 9536.219 us (Expected < 8000.000 us) --> Read time : 4809.611 us, Update time : 63.383 us, Write time : 4663.225 us
[ros2_control_node-1] [WARN] [1775603793.044596273] [controller_manager]: Overrun detected! The controller manager missed its desired rate of 125 Hz. The loop took 10.142977 ms (missed cycles : 2).
[ros2_control_node-1] [INFO] [1775603793.176104445] [controller_manager]: Loading controller : 'joint_state_broadcaster' of type 'joint_state_broadcaster/JointStateBroadcaster'
[ros2_control_node-1] [INFO] [1775603793.176236424] [controller_manager]: Loading controller 'joint_state_broadcaster'
[ros2_control_node-1] [INFO] [1775603793.198251957] [controller_manager]: Controller 'joint_state_broadcaster' node arguments: --ros-args --params-file /home/carrt-cse-project/workspace/ros2_kortex_ws/install/adl_tasks/share/adl_tasks/config/ros2_controllers_vbox.yaml --params-file /tmp/launch_params_259fb7k1 
[spawner-4] [INFO] [1775603793.220057875] [spawner_joint_state_broadcaster]: Loaded joint_state_broadcaster
[ros2_control_node-1] [INFO] [1775603793.221192312] [controller_manager]: Configuring controller: 'joint_state_broadcaster'
[ros2_control_node-1] [INFO] [1775603793.221406913] [joint_state_broadcaster]: 'joints' or 'interfaces' parameter is empty. All available state interfaces will be published
[ros2_control_node-1] [INFO] [1775603793.236223844] [controller_manager]: Activating controllers: [ joint_state_broadcaster ]
[ros2_control_node-1] [INFO] [1775603793.243493835] [controller_manager]: Successfully switched controllers!
[spawner-4] [INFO] [1775603793.252250203] [spawner_joint_state_broadcaster]: Configured and activated joint_state_broadcaster
[INFO] [spawner-4]: process has finished cleanly [pid 40502]
[INFO] [spawner-7]: process started with pid [40605]
[INFO] [spawner-8]: process started with pid [40606]
[INFO] [spawner-9]: process started with pid [40607]
[INFO] [spawner-10]: process started with pid [40608]
[spawner-7] [INFO] [1775603794.359097359] [spawner_joint_trajectory_controller]: waiting for service /controller_manager/list_controllers to become available...
[ros2_control_node-1] [INFO] [1775603795.365358027] [controller_manager]: Loading controller : 'joint_trajectory_controller' of type 'joint_trajectory_controller/JointTrajectoryController'
[ros2_control_node-1] [INFO] [1775603795.365452415] [controller_manager]: Loading controller 'joint_trajectory_controller'
[ros2_control_node-1] [INFO] [1775603795.379479297] [controller_manager]: Controller 'joint_trajectory_controller' node arguments: --ros-args --params-file /home/carrt-cse-project/workspace/ros2_kortex_ws/install/adl_tasks/share/adl_tasks/config/ros2_controllers_vbox.yaml --params-file /tmp/launch_params_259fb7k1 
[spawner-7] [INFO] [1775603795.412456902] [spawner_joint_trajectory_controller]: Loaded joint_trajectory_controller
[ros2_control_node-1] [INFO] [1775603795.494681109] [controller_manager]: Configuring controller: 'joint_trajectory_controller'
[ros2_control_node-1] [INFO] [1775603795.496399059] [joint_trajectory_controller]: No specific joint names are used for command interfaces. Using 'joints' parameter.
[ros2_control_node-1] [INFO] [1775603795.496842357] [joint_trajectory_controller]: Command interfaces are [position] and state interfaces are [position velocity].
[ros2_control_node-1] [INFO] [1775603795.497212704] [joint_trajectory_controller]: Using 'splines' interpolation method.
[ros2_control_node-1] [INFO] [1775603795.505442056] [joint_trajectory_controller]: Action status changes will be monitored at 20.00 Hz.
[ros2_control_node-1] [INFO] [1775603795.525350595] [controller_manager]: Activating controllers: [ joint_trajectory_controller ]
[ros2_control_node-1] [INFO] [1775603795.745604908] [controller_manager]: Successfully switched controllers!
[ros2_control_node-1] [WARN] [1775603795.748774006] [controller_manager]: Overrun might occur, Total time : 18223.955 us (Expected < 8000.000 us) --> Read time : 62.661 us, Update time : 14919.496 us (Switch time : 14719.763 us (Switch chained mode time : 9.250 us, perform mode change time : 11211.823 us, Activation time : 3475.997 us, Deactivation time : 2.520 us)), Write time : 3241.798 us
[ros2_control_node-1] [WARN] [1775603795.748984210] [controller_manager]: Overrun detected! The controller manager missed its desired rate of 125 Hz. The loop took 18.532931 ms (missed cycles : 3).
[spawner-7] [INFO] [1775603795.761165055] [spawner_joint_trajectory_controller]: Configured and activated joint_trajectory_controller
[spawner-9] [INFO] [1775603795.903846925] [spawner_robotiq_gripper_controller]: waiting for service /controller_manager/list_controllers to become available...
[INFO] [spawner-7]: process has finished cleanly [pid 40605]
[INFO] [move_group-11]: process started with pid [40646]
[INFO] [rviz2-12]: process started with pid [40647]
[move_group-11] [INFO] [1775603797.233649645] [move_group.moveit.moveit.ros.rdf_loader]: Loaded robot model in 0.0084919 seconds
[move_group-11] [INFO] [1775603797.233817205] [move_group.moveit.moveit.core.robot_model]: Loading robot model 'gen3'...
[move_group-11] [INFO] [1775603797.233832263] [move_group.moveit.moveit.core.robot_model]: No root/virtual joint specified in SRDF. Assuming fixed joint
[move_group-11] [INFO] [1775603797.372873950] [move_group.moveit.moveit.kinematics.kdl_kinematics_plugin]: Joint weights for group 'manipulator': 1 1 1 1 1 1 1
[ros2_control_node-1] [INFO] [1775603797.431942071] [controller_manager]: Received robot description from topic.
[ros2_control_node-1] [WARN] [1775603797.431983414] [controller_manager]: ResourceManager has already loaded a urdf. Ignoring attempt to reload a robot description.
[rviz2-12] [INFO] [1775603797.471618891] [rviz2]: Stereo is NOT SUPPORTED
[rviz2-12] [INFO] [1775603797.471702286] [rviz2]: OpenGl version: 4.6 (GLSL 4.6)
[rviz2-12] [INFO] [1775603797.492788577] [rviz2]: Stereo is NOT SUPPORTED
[rviz2-12] Warning: class_loader.impl: SEVERE WARNING!!! A namespace collision has occurred with plugin factory for class rviz_default_plugins::displays::InteractiveMarkerDisplay. New factory will OVERWRITE existing one. This situation occurs when libraries containing plugins are directly linked against an executable (the one running right now generating this message). Please separate plugins out into their own library or just don't link against the library and use either class_loader::ClassLoader/MultiLibraryClassLoader to open.
[rviz2-12]          at line 321 in /opt/ros/jazzy/include/class_loader/class_loader/class_loader_core.hpp
[rviz2-12] [WARN] [1775603797.616057955] [rcl.logging_rosout]: Publisher already registered for node name: 'rviz2_moveit'. If this is due to multiple nodes with the same name then all logs for the logger named 'rviz2_moveit' will go out over the existing publisher. As soon as any node with that name is destructed it will unregister the publisher, preventing any further logs for that name from being published on the rosout topic.
[move_group-11] [INFO] [1775603797.693954888] [move_group.moveit.moveit.ros.planning_scene_monitor]: Publishing maintained planning scene on 'monitored_planning_scene'
[move_group-11] [INFO] [1775603797.694080152] [move_group.moveit.moveit.ros.moveit_cpp]: Listening to 'joint_states' for joint states
[move_group-11] [INFO] [1775603797.695372052] [move_group.moveit.moveit.ros.current_state_monitor]: Listening to joint states on topic 'joint_states'
[move_group-11] [INFO] [1775603797.696189300] [move_group.moveit.moveit.ros.planning_scene_monitor]: Listening to '/attached_collision_object' for attached collision objects
[move_group-11] [INFO] [1775603797.696221043] [move_group.moveit.moveit.ros.planning_scene_monitor]: Stopping existing planning scene publisher.
[move_group-11] [INFO] [1775603797.696401008] [move_group.moveit.moveit.ros.planning_scene_monitor]: Stopped publishing maintained planning scene.
[move_group-11] [INFO] [1775603797.697068946] [move_group.moveit.moveit.ros.planning_scene_monitor]: Publishing maintained planning scene on 'monitored_planning_scene'
[move_group-11] [INFO] [1775603797.697160790] [move_group.moveit.moveit.ros.planning_scene_monitor]: Starting planning scene monitor
[move_group-11] [INFO] [1775603797.697702295] [move_group.moveit.moveit.ros.planning_scene_monitor]: Listening to '/planning_scene'
[move_group-11] [INFO] [1775603797.697724992] [move_group.moveit.moveit.ros.planning_scene_monitor]: Starting world geometry update monitor for collision objects, attached objects, octomap updates.
[move_group-11] [INFO] [1775603797.698809609] [move_group.moveit.moveit.ros.planning_scene_monitor]: Listening to 'collision_object'
[move_group-11] [INFO] [1775603797.699318273] [move_group.moveit.moveit.ros.planning_scene_monitor]: Listening to 'planning_scene_world' for planning scene world geometry
[move_group-11] [WARN] [1775603797.700005275] [move_group.moveit.moveit.ros.occupancy_map_monitor]: Resolution not specified for Octomap. Assuming resolution = 0.1 instead
[move_group-11] [ERROR] [1775603797.700022279] [move_group.moveit.moveit.ros.occupancy_map_monitor]: No 3D sensor plugin(s) defined for octomap updates
[move_group-11] [INFO] [1775603797.897764062] [move_group.moveit.moveit.ros.planning_pipeline]: Successfully loaded planner 'OMPL'
[move_group-11] [INFO] [1775603797.901557753] [move_group]: Try loading adapter 'default_planning_request_adapters/ResolveConstraintFrames'
[move_group-11] [INFO] [1775603797.902958292] [move_group]: Loaded adapter 'default_planning_request_adapters/ResolveConstraintFrames'
[move_group-11] [INFO] [1775603797.902977541] [move_group]: Try loading adapter 'default_planning_request_adapters/ValidateWorkspaceBounds'
[move_group-11] [INFO] [1775603797.903288264] [move_group]: Loaded adapter 'default_planning_request_adapters/ValidateWorkspaceBounds'
[move_group-11] [INFO] [1775603797.903304864] [move_group]: Try loading adapter 'default_planning_request_adapters/CheckStartStateBounds'
[move_group-11] [INFO] [1775603797.903341236] [move_group]: Loaded adapter 'default_planning_request_adapters/CheckStartStateBounds'
[move_group-11] [INFO] [1775603797.903352714] [move_group]: Try loading adapter 'default_planning_request_adapters/CheckStartStateCollision'
[move_group-11] [INFO] [1775603797.903372169] [move_group]: Loaded adapter 'default_planning_request_adapters/CheckStartStateCollision'
[move_group-11] [INFO] [1775603797.907089236] [move_group]: Try loading adapter 'default_planning_response_adapters/AddTimeOptimalParameterization'
[move_group-11] [INFO] [1775603797.910008449] [move_group]: Loaded adapter 'default_planning_response_adapters/AddTimeOptimalParameterization'
[move_group-11] [INFO] [1775603797.910030260] [move_group]: Try loading adapter 'default_planning_response_adapters/ValidateSolution'
[move_group-11] [INFO] [1775603797.912292481] [move_group]: Loaded adapter 'default_planning_response_adapters/ValidateSolution'
[move_group-11] [INFO] [1775603797.912311995] [move_group]: Try loading adapter 'default_planning_response_adapters/DisplayMotionPath'
[move_group-11] [INFO] [1775603797.912965289] [move_group]: Loaded adapter 'default_planning_response_adapters/DisplayMotionPath'
[move_group-11] [INFO] [1775603797.964505840] [move_group.moveit.moveit.plugins.simple_controller_manager]: Added FollowJointTrajectory controller for joint_trajectory_controller
[move_group-11] [INFO] [1775603797.964557910] [move_group.moveit.moveit.plugins.simple_controller_manager]: robotiq_gripper_controller will command a max effort of: 0
[move_group-11] [INFO] [1775603797.968729728] [move_group.moveit.moveit.plugins.simple_controller_manager]: Added GripperCommand controller for robotiq_gripper_controller
[move_group-11] [INFO] [1775603797.969055177] [move_group.moveit.moveit.plugins.simple_controller_manager]: Returned 2 controllers in list
[move_group-11] [INFO] [1775603797.969101567] [move_group.moveit.moveit.plugins.simple_controller_manager]: Returned 2 controllers in list
[move_group-11] [INFO] [1775603797.969792129] [move_group.moveit.moveit.ros.trajectory_execution_manager]: Trajectory execution is managing controllers
[move_group-11] [INFO] [1775603797.969818528] [move_group]: MoveGroup debug mode is ON
[move_group-11] [INFO] [1775603797.995582206] [move_group.moveit.moveit.ros.move_group.executable]: 
[move_group-11] 
[move_group-11] ********************************************************
[move_group-11] * MoveGroup using: 
[move_group-11] *     - apply_planning_scene_service
[move_group-11] *     - clear_octomap_service
[move_group-11] *     - get_group_urdf
[move_group-11] *     - load_geometry_from_file
[move_group-11] *     - CartesianPathService
[move_group-11] *     - execute_trajectory_action
[move_group-11] *     - get_planning_scene_service
[move_group-11] *     - kinematics_service
[move_group-11] *     - move_action
[move_group-11] *     - motion_plan_service
[move_group-11] *     - query_planners_service
[move_group-11] *     - state_validation_service
[move_group-11] *     - save_geometry_to_file
[move_group-11] ********************************************************
[move_group-11] 
[move_group-11] [INFO] [1775603797.995642820] [move_group.moveit.moveit.ros.move_group.context]: MoveGroup context using pipeline ompl
[move_group-11] [INFO] [1775603797.995671714] [move_group.moveit.moveit.ros.move_group.context]: MoveGroup context initialization complete
[move_group-11] [96mLoading 'move_group/ApplyPlanningSceneService'...[0m
[move_group-11] [96mLoading 'move_group/ClearOctomapService'...[0m
[move_group-11] [96mLoading 'move_group/GetUrdfService'...[0m
[move_group-11] [96mLoading 'move_group/LoadGeometryFromFileService'...[0m
[move_group-11] [96mLoading 'move_group/MoveGroupCartesianPathService'...[0m
[move_group-11] [96mLoading 'move_group/MoveGroupExecuteTrajectoryAction'...[0m
[move_group-11] [96mLoading 'move_group/MoveGroupGetPlanningSceneService'...[0m
[move_group-11] [96mLoading 'move_group/MoveGroupKinematicsService'...[0m
[move_group-11] [96mLoading 'move_group/MoveGroupMoveAction'...[0m
[move_group-11] [96mLoading 'move_group/MoveGroupPlanService'...[0m
[move_group-11] [96mLoading 'move_group/MoveGroupQueryPlannersService'...[0m
[move_group-11] [96mLoading 'move_group/MoveGroupStateValidationService'...[0m
[move_group-11] [96mLoading 'move_group/SaveGeometryToFileService'...[0m
[move_group-11] 
[move_group-11] [92mYou can start planning now![0m
[move_group-11] 
[ros2_control_node-1] [INFO] [1775603798.410171735] [controller_manager]: Loading controller : 'robotiq_gripper_controller' of type 'position_controllers/GripperActionController'
[ros2_control_node-1] [INFO] [1775603798.410257761] [controller_manager]: Loading controller 'robotiq_gripper_controller'
[ros2_control_node-1] [INFO] [1775603798.416235982] [controller_manager]: Controller 'robotiq_gripper_controller' node arguments: --ros-args --params-file /home/carrt-cse-project/workspace/ros2_kortex_ws/install/adl_tasks/share/adl_tasks/config/ros2_controllers_vbox.yaml --params-file /tmp/launch_params_259fb7k1 
[ros2_control_node-1] [WARN] [1775603798.447468711] [robotiq_gripper_controller]: [Deprecated]: the `position_controllers/GripperActionController` and `effort_controllers::GripperActionController` controllers are replaced by 'parallel_gripper_controllers/GripperActionController' controller
[spawner-9] [INFO] [1775603798.453008176] [spawner_robotiq_gripper_controller]: Loaded robotiq_gripper_controller
[ros2_control_node-1] [INFO] [1775603798.454568011] [controller_manager]: Configuring controller: 'robotiq_gripper_controller'
[ros2_control_node-1] [INFO] [1775603798.454700428] [robotiq_gripper_controller]: Action status changes will be monitored at 20.000000 Hz.
[ros2_control_node-1] [INFO] [1775603798.460457888] [controller_manager]: Activating controllers: [ robotiq_gripper_controller ]
[ros2_control_node-1] [INFO] [1775603798.679224152] [controller_manager]: Successfully switched controllers!
[ros2_control_node-1] [WARN] [1775603798.681472349] [controller_manager]: Overrun might occur, Total time : 14944.801 us (Expected < 8000.000 us) --> Read time : 89.273 us, Update time : 12492.158 us (Switch time : 12014.723 us (Switch chained mode time : 5.559 us, perform mode change time : 42.686 us, Activation time : 11954.501 us, Deactivation time : 1.774 us)), Write time : 2363.370 us
[ros2_control_node-1] [WARN] [1775603798.681578598] [controller_manager]: Overrun detected! The controller manager missed its desired rate of 125 Hz. The loop took 15.131539 ms (missed cycles : 2).
[spawner-9] [INFO] [1775603798.686293242] [spawner_robotiq_gripper_controller]: Configured and activated robotiq_gripper_controller
[spawner-10] [INFO] [1775603798.784656516] [spawner_fault_controller]: waiting for service /controller_manager/list_controllers to become available...
[INFO] [spawner-9]: process has finished cleanly [pid 40607]
[rviz2-12] [ERROR] [1775603800.653000590] [rviz2_moveit.moveit.ros.motion_planning_frame]: Action server: /recognize_objects not available
[rviz2-12] [INFO] [1775603800.706987659] [rviz2_moveit.moveit.ros.motion_planning_frame]: MoveGroup namespace changed: / -> . Reloading params.
[rviz2-12] [INFO] [1775603800.761367262] [rviz2_moveit.moveit.ros.rdf_loader]: Loaded robot model in 0.00749921 seconds
[rviz2-12] [INFO] [1775603800.761458511] [rviz2_moveit.moveit.core.robot_model]: Loading robot model 'gen3'...
[rviz2-12] [INFO] [1775603800.761484538] [rviz2_moveit.moveit.core.robot_model]: No root/virtual joint specified in SRDF. Assuming fixed joint
[rviz2-12] [INFO] [1775603801.179010689] [rviz2_moveit.moveit.kinematics.kdl_kinematics_plugin]: Joint weights for group 'manipulator': 1 1 1 1 1 1 1
[ros2_control_node-1] [INFO] [1775603801.288428119] [controller_manager]: Loading controller : 'fault_controller' of type 'picknik_reset_fault_controller/PicknikResetFaultController'
[ros2_control_node-1] [INFO] [1775603801.288457782] [controller_manager]: Loading controller 'fault_controller'
[ros2_control_node-1] [INFO] [1775603801.291063313] [controller_manager]: Controller 'fault_controller' node arguments: --ros-args --params-file /home/carrt-cse-project/workspace/ros2_kortex_ws/install/adl_tasks/share/adl_tasks/config/ros2_controllers_vbox.yaml --params-file /tmp/launch_params_259fb7k1 
[spawner-10] [INFO] [1775603801.316380570] [spawner_fault_controller]: Loaded fault_controller
[ros2_control_node-1] [INFO] [1775603801.318184716] [controller_manager]: Configuring controller: 'fault_controller'
[ros2_control_node-1] [INFO] [1775603801.324528243] [controller_manager]: Activating controllers: [ fault_controller ]
[rviz2-12] [INFO] [1775603801.516924531] [rviz2_moveit.moveit.ros.planning_scene_monitor]: Starting planning scene monitor
[rviz2-12] [INFO] [1775603801.517723843] [rviz2_moveit.moveit.ros.planning_scene_monitor]: Listening to '/monitored_planning_scene'
[ros2_control_node-1] [INFO] [1775603801.535566376] [controller_manager]: Successfully switched controllers!
[spawner-10] [INFO] [1775603801.540063615] [spawner_fault_controller]: Configured and activated fault_controller
[spawner-8] [INFO] [1775603801.643278654] [spawner_twist_controller]: waiting for service /controller_manager/list_controllers to become available...
[INFO] [spawner-10]: process has finished cleanly [pid 40608]
[rviz2-12] [INFO] [1775603801.759962656] [interactive_marker_display_110898440826560]: Connected on namespace: /rviz_moveit_motion_planning_display/robot_interaction_interactive_marker_topic
[rviz2-12] [INFO] [1775603801.765091986] [rviz2_moveit.moveit.ros.robot_interaction]: No active joints or end effectors found for group 'gripper'. Make sure that kinematics.yaml is loaded in this node's namespace.
[rviz2-12] [INFO] [1775603801.765683971] [rviz2_moveit.moveit.ros.robot_interaction]: No active joints or end effectors found for group 'gripper'. Make sure that kinematics.yaml is loaded in this node's namespace.
[rviz2-12] [INFO] [1775603801.770802646] [rviz2_moveit.moveit.ros.motion_planning_frame]: group gripper
[rviz2-12] [INFO] [1775603801.770840549] [rviz2_moveit.moveit.ros.motion_planning_frame]: Constructing new MoveGroup connection for group 'gripper' in namespace ''
[rviz2-12] [INFO] [1775603801.780739734] [interactive_marker_display_110898440826560]: Sending request for interactive markers
[rviz2-12] [INFO] [1775603801.789607967] [rviz2_moveit.moveit.ros.move_group_interface]: Ready to take commands for planning group gripper.
[rviz2-12] [INFO] [1775603801.790187550] [rviz2_moveit.moveit.ros.motion_planning_frame]: group gripper
[rviz2-12] [INFO] [1775603801.813840111] [interactive_marker_display_110898440826560]: Service response received for initialization
[ros2_control_node-1] [INFO] [1775603804.456038941] [controller_manager]: Loading controller : 'twist_controller' of type 'picknik_twist_controller/PicknikTwistController'
[ros2_control_node-1] [INFO] [1775603804.456088948] [controller_manager]: Loading controller 'twist_controller'
[ros2_control_node-1] [INFO] [1775603804.460815128] [controller_manager]: Controller 'twist_controller' node arguments: --ros-args --params-file /home/carrt-cse-project/workspace/ros2_kortex_ws/install/adl_tasks/share/adl_tasks/config/ros2_controllers_vbox.yaml --params-file /tmp/launch_params_259fb7k1 
[spawner-8] [INFO] [1775603804.484866722] [spawner_twist_controller]: Loaded twist_controller
[ros2_control_node-1] [INFO] [1775603804.486603871] [controller_manager]: Configuring controller: 'twist_controller'
[ros2_control_node-1] [INFO] [1775603804.488325252] [twist_controller]: configure successful
[INFO] [spawner-8]: process has finished cleanly [pid 40606]
[ros2_control_node-1] [WARN] [1775603809.267931087] [controller_manager]: Overrun might occur, Total time : 9435.929 us (Expected < 8000.000 us) --> Read time : 70.230 us, Update time : 401.994 us, Write time : 8963.705 us
[ros2_control_node-1] [WARN] [1775603809.268043712] [controller_manager]: Overrun detected! The controller manager missed its desired rate of 125 Hz. The loop took 9.595953 ms (missed cycles : 2).
[ros2_control_node-1] [WARN] [1775603818.749555924] [controller_manager]: Overrun might occur, Total time : 11071.640 us (Expected < 8000.000 us) --> Read time : 55.814 us, Update time : 264.174 us, Write time : 10751.652 us
[ros2_control_node-1] [WARN] [1775603818.749652675] [controller_manager]: Overrun detected! The controller manager missed its desired rate of 125 Hz. The loop took 11.206249 ms (missed cycles : 2).
[ros2_control_node-1] [WARN] [1775603828.519398681] [controller_manager]: Overrun might occur, Total time : 12897.826 us (Expected < 8000.000 us) --> Read time : 59.959 us, Update time : 314.428 us, Write time : 12523.439 us
[ros2_control_node-1] [WARN] [1775603828.519487030] [controller_manager]: Overrun detected! The controller manager missed its desired rate of 125 Hz. The loop took 13.040332 ms (missed cycles : 2).
[ros2_control_node-1] [WARN] [1775603831.706874274] [controller_manager]: Overrun might occur, Total time : 8378.099 us (Expected < 8000.000 us) --> Read time : 76.547 us, Update time : 346.150 us, Write time : 7955.402 us
[ros2_control_node-1] [WARN] [1775603831.707013805] [controller_manager]: Overrun detected! The controller manager missed its desired rate of 125 Hz. The loop took 8.565492 ms (missed cycles : 2).
[ros2_control_node-1] [WARN] [1775603887.498722172] [controller_manager]: Overrun might occur, Total time : 8243.614 us (Expected < 8000.000 us) --> Read time : 50.922 us, Update time : 370.775 us, Write time : 7821.917 us
[ros2_control_node-1] [WARN] [1775603887.498834228] [controller_manager]: Overrun detected! The controller manager missed its desired rate of 125 Hz. The loop took 8.386652 ms (missed cycles : 2).
[ros2_control_node-1] [WARN] [1775603888.518941129] [controller_manager]: Overrun might occur, Total time : 12447.647 us (Expected < 8000.000 us) --> Read time : 72.193 us, Update time : 289.476 us, Write time : 12085.978 us
[ros2_control_node-1] [WARN] [1775603888.519029901] [controller_manager]: Overrun detected! The controller manager missed its desired rate of 125 Hz. The loop took 12.582406 ms (missed cycles : 2).
[ros2_control_node-1] [WARN] [1775603948.508900813] [controller_manager]: Overrun might occur, Total time : 18419.723 us (Expected < 8000.000 us) --> Read time : 57.434 us, Update time : 271.255 us, Write time : 18091.034 us
[ros2_control_node-1] [WARN] [1775603948.508997332] [controller_manager]: Overrun detected! The controller manager missed its desired rate of 125 Hz. The loop took 18.550289 ms (missed cycles : 3).
[ros2_control_node-1] [WARN] [1775603974.795740126] [controller_manager]: Overrun might occur, Total time : 9260.051 us (Expected < 8000.000 us) --> Read time : 50.681 us, Update time : 210.313 us, Write time : 8999.057 us
[ros2_control_node-1] [WARN] [1775603974.795823469] [controller_manager]: Overrun detected! The controller manager missed its desired rate of 125 Hz. The loop took 9.376813 ms (missed cycles : 2).
[ros2_control_node-1] [WARN] [1775603991.691328761] [controller_manager]: Overrun might occur, Total time : 8851.435 us (Expected < 8000.000 us) --> Read time : 38.133 us, Update time : 210.042 us, Write time : 8603.260 us
[ros2_control_node-1] [WARN] [1775603991.691427929] [controller_manager]: Overrun detected! The controller manager missed its desired rate of 125 Hz. The loop took 8.981167 ms (missed cycles : 2).
[ros2_control_node-1] [WARN] [1775604006.508161672] [controller_manager]: Overrun might occur, Total time : 9658.528 us (Expected < 8000.000 us) --> Read time : 63.220 us, Update time : 363.171 us, Write time : 9232.137 us
[ros2_control_node-1] [WARN] [1775604006.508320804] [controller_manager]: Overrun detected! The controller manager missed its desired rate of 125 Hz. The loop took 9.870736 ms (missed cycles : 2).
[ros2_control_node-1] [ERROR] [1775604009.576792840] [KortexMultiInterfaceHardware]: Runtime error: timeout detected: BaseCyclicClient::Refresh
[ros2_control_node-1] 
[ros2_control_node-1] [WARN] [1775604009.576912637] [controller_manager]: Overrun might occur, Total time : 3014429.770 us (Expected < 8000.000 us) --> Read time : 54.164 us, Update time : 323.245 us, Write time : 3014052.361 us
[ros2_control_node-1] [WARN] [1775604009.577007386] [controller_manager]: Overrun detected! The controller manager missed its desired rate of 125 Hz. The loop took 3014.560375 ms (missed cycles : 377).
[ros2_control_node-1] [WARN] [1775604022.099142768] [controller_manager]: Overrun might occur, Total time : 8631.733 us (Expected < 8000.000 us) --> Read time : 43.057 us, Update time : 215.066 us, Write time : 8373.610 us
[ros2_control_node-1] [WARN] [1775604022.099222249] [controller_manager]: Overrun detected! The controller manager missed its desired rate of 125 Hz. The loop took 8.775733 ms (missed cycles : 2).
[ros2_control_node-1] [WARN] [1775604026.299440885] [controller_manager]: Overrun might occur, Total time : 8961.011 us (Expected < 8000.000 us) --> Read time : 43.338 us, Update time : 319.497 us, Write time : 8598.176 us
[ros2_control_node-1] [WARN] [1775604026.299539000] [controller_manager]: Overrun detected! The controller manager missed its desired rate of 125 Hz. The loop took 9.091643 ms (missed cycles : 2).
[ros2_control_node-1] [WARN] [1775604039.932582555] [controller_manager]: Overrun might occur, Total time : 10083.027 us (Expected < 8000.000 us) --> Read time : 92.433 us, Update time : 453.225 us, Write time : 9537.369 us
[ros2_control_node-1] [WARN] [1775604039.932758903] [controller_manager]: Overrun detected! The controller manager missed its desired rate of 125 Hz. The loop took 10.309181 ms (missed cycles : 2).
[ros2_control_node-1] [WARN] [1775604046.511301719] [controller_manager]: Overrun might occur, Total time : 12815.535 us (Expected < 8000.000 us) --> Read time : 43.698 us, Update time : 313.324 us, Write time : 12458.513 us
[ros2_control_node-1] [WARN] [1775604046.511411395] [controller_manager]: Overrun detected! The controller manager missed its desired rate of 125 Hz. The loop took 12.964184 ms (missed cycles : 2).
[ros2_control_node-1] [WARN] [1775604068.553043170] [controller_manager]: Overrun might occur, Total time : 14483.747 us (Expected < 8000.000 us) --> Read time : 61.448 us, Update time : 267.475 us, Write time : 14154.824 us
[ros2_control_node-1] [WARN] [1775604068.553121731] [controller_manager]: Overrun detected! The controller manager missed its desired rate of 125 Hz. The loop took 14.675408 ms (missed cycles : 2).
[ros2_control_node-1] [WARN] [1775604116.323651023] [controller_manager]: Overrun might occur, Total time : 9164.476 us (Expected < 8000.000 us) --> Read time : 75.813 us, Update time : 202.211 us, Write time : 8886.452 us
[ros2_control_node-1] [WARN] [1775604116.323748267] [controller_manager]: Overrun detected! The controller manager missed its desired rate of 125 Hz. The loop took 9.301736 ms (missed cycles : 2).
[ros2_control_node-1] [WARN] [1775604128.513405056] [controller_manager]: Overrun might occur, Total time : 14936.986 us (Expected < 8000.000 us) --> Read time : 37.201 us, Update time : 185.767 us, Write time : 14714.018 us
[ros2_control_node-1] [WARN] [1775604128.513499015] [controller_manager]: Overrun detected! The controller manager missed its desired rate of 125 Hz. The loop took 15.052800 ms (missed cycles : 2).
[ros2_control_node-1] [WARN] [1775604146.243579785] [controller_manager]: Overrun might occur, Total time : 9099.912 us (Expected < 8000.000 us) --> Read time : 53.901 us, Update time : 293.875 us, Write time : 8752.136 us
[ros2_control_node-1] [WARN] [1775604146.243652449] [controller_manager]: Overrun detected! The controller manager missed its desired rate of 125 Hz. The loop took 9.206134 ms (missed cycles : 2).
[ros2_control_node-1] [WARN] [1775604187.518385804] [controller_manager]: Overrun might occur, Total time : 11911.956 us (Expected < 8000.000 us) --> Read time : 45.190 us, Update time : 258.371 us, Write time : 11608.395 us
[ros2_control_node-1] [WARN] [1775604187.518474029] [controller_manager]: Overrun detected! The controller manager missed its desired rate of 125 Hz. The loop took 12.028361 ms (missed cycles : 2).
[ros2_control_node-1] [WARN] [1775604194.035536645] [controller_manager]: Overrun might occur, Total time : 9040.553 us (Expected < 8000.000 us) --> Read time : 41.912 us, Update time : 257.020 us, Write time : 8741.621 us
[ros2_control_node-1] [WARN] [1775604194.035622456] [controller_manager]: Overrun detected! The controller manager missed its desired rate of 125 Hz. The loop took 9.175386 ms (missed cycles : 2).
[ros2_control_node-1] [WARN] [1775604201.950815740] [controller_manager]: Overrun might occur, Total time : 12328.542 us (Expected < 8000.000 us) --> Read time : 44.907 us, Update time : 223.623 us, Write time : 12060.012 us
[ros2_control_node-1] [WARN] [1775604201.950878472] [controller_manager]: Overrun detected! The controller manager missed its desired rate of 125 Hz. The loop took 12.432842 ms (missed cycles : 2).
[ros2_control_node-1] [WARN] [1775604205.132968180] [controller_manager]: Overrun might occur, Total time : 10498.952 us (Expected < 8000.000 us) --> Read time : 43.746 us, Update time : 215.163 us, Write time : 10240.043 us
[ros2_control_node-1] [WARN] [1775604205.133023840] [controller_manager]: Overrun detected! The controller manager missed its desired rate of 125 Hz. The loop took 10.578172 ms (missed cycles : 2).
[ros2_control_node-1] [ERROR] [1775604239.520830245] [KortexMultiInterfaceHardware]: Runtime error: timeout detected: BaseCyclicClient::Refresh
[ros2_control_node-1] 
[ros2_control_node-1] [WARN] [1775604239.520890776] [controller_manager]: Overrun might occur, Total time : 3006417.122 us (Expected < 8000.000 us) --> Read time : 49.619 us, Update time : 289.383 us, Write time : 3006078.120 us
[ros2_control_node-1] [WARN] [1775604239.520958657] [controller_manager]: Overrun detected! The controller manager missed its desired rate of 125 Hz. The loop took 3006.513002 ms (missed cycles : 376).
[ros2_control_node-1] [WARN] [1775604248.514068334] [controller_manager]: Overrun might occur, Total time : 15598.594 us (Expected < 8000.000 us) --> Read time : 46.849 us, Update time : 248.629 us, Write time : 15303.116 us
[ros2_control_node-1] [WARN] [1775604248.514150466] [controller_manager]: Overrun detected! The controller manager missed its desired rate of 125 Hz. The loop took 15.704102 ms (missed cycles : 2).
[ros2_control_node-1] [WARN] [1775604288.915939472] [controller_manager]: Overrun might occur, Total time : 9453.547 us (Expected < 8000.000 us) --> Read time : 46.541 us, Update time : 255.091 us, Write time : 9151.915 us
[ros2_control_node-1] [WARN] [1775604288.915996495] [controller_manager]: Overrun detected! The controller manager missed its desired rate of 125 Hz. The loop took 9.550993 ms (missed cycles : 2).
[ros2_control_node-1] [WARN] [1775604297.251292059] [controller_manager]: Overrun might occur, Total time : 8819.340 us (Expected < 8000.000 us) --> Read time : 44.489 us, Update time : 196.891 us, Write time : 8577.960 us
[ros2_control_node-1] [WARN] [1775604297.251397154] [controller_manager]: Overrun detected! The controller manager missed its desired rate of 125 Hz. The loop took 8.951248 ms (missed cycles : 2).
[ros2_control_node-1] [WARN] [1775604308.522445729] [controller_manager]: Overrun might occur, Total time : 15937.904 us (Expected < 8000.000 us) --> Read time : 57.520 us, Update time : 243.243 us, Write time : 15637.141 us
[ros2_control_node-1] [WARN] [1775604308.522533798] [controller_manager]: Overrun detected! The controller manager missed its desired rate of 125 Hz. The loop took 16.087694 ms (missed cycles : 3).
[ros2_control_node-1] [WARN] [1775604312.091453093] [controller_manager]: Overrun might occur, Total time : 8983.836 us (Expected < 8000.000 us) --> Read time : 41.970 us, Update time : 196.693 us, Write time : 8745.173 us
[ros2_control_node-1] [WARN] [1775604312.091515147] [controller_manager]: Overrun detected! The controller manager missed its desired rate of 125 Hz. The loop took 9.069588 ms (missed cycles : 2).
[ros2_control_node-1] [WARN] [1775604341.996183003] [controller_manager]: Overrun might occur, Total time : 9713.370 us (Expected < 8000.000 us) --> Read time : 40.984 us, Update time : 276.838 us, Write time : 9395.548 us
[ros2_control_node-1] [WARN] [1775604341.996241101] [controller_manager]: Overrun detected! The controller manager missed its desired rate of 125 Hz. The loop took 9.795418 ms (missed cycles : 2).
[ros2_control_node-1] [WARN] [1775604347.189077658] [controller_manager]: Overrun might occur, Total time : 10594.129 us (Expected < 8000.000 us) --> Read time : 58.642 us, Update time : 305.494 us, Write time : 10229.993 us
[ros2_control_node-1] [WARN] [1775604347.189159520] [controller_manager]: Overrun detected! The controller manager missed its desired rate of 125 Hz. The loop took 10.712821 ms (missed cycles : 2).
[ros2_control_node-1] [WARN] [1775604348.346546955] [controller_manager]: Overrun might occur, Total time : 8055.138 us (Expected < 8000.000 us) --> Read time : 54.070 us, Update time : 280.318 us, Write time : 7720.750 us
[ros2_control_node-1] [WARN] [1775604348.346618826] [controller_manager]: Overrun detected! The controller manager missed its desired rate of 125 Hz. The loop took 8.171943 ms (missed cycles : 2).
[ros2_control_node-1] [WARN] [1775604356.452266534] [controller_manager]: Overrun might occur, Total time : 9785.184 us (Expected < 8000.000 us) --> Read time : 62.570 us, Update time : 336.765 us, Write time : 9385.849 us
[ros2_control_node-1] [WARN] [1775604356.452377610] [controller_manager]: Overrun detected! The controller manager missed its desired rate of 125 Hz. The loop took 9.930569 ms (missed cycles : 2).
