
===== 2026-04-07T11:55:08-04:00 | T1_arm_moveit_rviz =====
cwd=/home/carrt-cse-project/workspace/ros2_kortex_ws
cmd=ros2 launch adl_tasks arm_vbox.launch.py robot_ip:=192.168.0.10 use_fake_hardware:=false vision:=true 

[INFO] [launch]: All log files can be found below /home/carrt-cse-project/.ros/log/2026-04-07-11-55-08-569470-carrt-cse-project-OptiPlex-5050-10677
[INFO] [launch]: Default logging verbosity is set to INFO
[INFO] [launch.user]: [arm_vbox.launch] MoveIt current state source: /joint_states_sanitized. Use use_joint_state_sanitizer:=false for raw-state viewer debugging.
[INFO] [launch.user]: [arm_vbox.launch] Using ADL VBox controller config (share/adl_tasks/config/ros2_controllers_vbox.yaml, update_rate:=125 Hz).
[INFO] [ros2_control_node-1]: process started with pid [10681]
[INFO] [robot_state_publisher-2]: process started with pid [10682]
[INFO] [joint_state_sanitizer-3]: process started with pid [10683]
[INFO] [spawner-4]: process started with pid [10684]
[INFO] [static_transform_publisher-5]: process started with pid [10685]
[INFO] [static_transform_publisher-6]: process started with pid [10686]
[robot_state_publisher-2] [INFO] [1775577308.838867190] [robot_state_publisher]: Robot initialized
[static_transform_publisher-6] [INFO] [1775577308.843475590] [camera_color_optical_bridge_tf_pub]: Spinning until stopped - publishing transform
[static_transform_publisher-6] translation: ('0.000000', '0.000000', '0.000000')
[static_transform_publisher-6] rotation: ('0.000000', '0.000000', '0.000000', '1.000000')
[static_transform_publisher-6] from 'camera_color_frame' to 'wrist_mounted_camera_color_optical_frame'
[static_transform_publisher-5] [INFO] [1775577308.846449712] [static_transform_publisher]: Spinning until stopped - publishing transform
[static_transform_publisher-5] translation: ('0.000000', '0.000000', '0.000000')
[static_transform_publisher-5] rotation: ('0.000000', '0.000000', '0.000000', '1.000000')
[static_transform_publisher-5] from 'world' to 'base_link'
[ros2_control_node-1] [INFO] [1775577308.873419874] [controller_manager]: Using Steady (Monotonic) clock for triggering controller manager cycles.
[ros2_control_node-1] [INFO] [1775577308.883137041] [controller_manager]: Subscribing to '/robot_description' topic for robot description.
[ros2_control_node-1] [INFO] [1775577308.885849884] [controller_manager]: update rate is 125 Hz
[ros2_control_node-1] [INFO] [1775577308.885874740] [controller_manager]: Overruns handling is : enabled
[ros2_control_node-1] [INFO] [1775577308.885885003] [controller_manager]: Spawning controller_manager RT thread with scheduler priority: 50
[ros2_control_node-1] [INFO] [1775577308.885974763] [controller_manager]: Successful set up FIFO RT scheduling policy with priority 50.
[ros2_control_node-1] [INFO] [1775577309.174802601] [controller_manager]: Received robot description from topic.
[ros2_control_node-1] [INFO] [1775577309.174860061] [controller_manager]: Enforcing command limits is disabled. Command limits from URDF will be ignored.
[ros2_control_node-1] [INFO] [1775577309.183602762] [controller_manager]: Loading hardware 'KortexMultiInterfaceHardware' 
[ros2_control_node-1] [INFO] [1775577309.197776239] [KortexMultiInterfaceHardware]: Setting severity threshold to DEBUG
[ros2_control_node-1] [INFO] [1775577309.197845266] [controller_manager]: Loaded hardware 'KortexMultiInterfaceHardware' from plugin 'kortex_driver/KortexMultiInterfaceHardware'
[ros2_control_node-1] [INFO] [1775577309.199194663] [controller_manager]: Initialize hardware 'KortexMultiInterfaceHardware' 
[ros2_control_node-1] [INFO] [1775577309.224826648] [KortexMultiInterfaceHardware]: Configuring Hardware Interface
[ros2_control_node-1] [INFO] [1775577309.225220185] [KortexMultiInterfaceHardware]: Robot ip is '192.168.0.10'
[ros2_control_node-1] [INFO] [1775577309.225233721] [KortexMultiInterfaceHardware]: Username is 'admin'
[ros2_control_node-1] [INFO] [1775577309.225246664] [KortexMultiInterfaceHardware]: Port used '10000'
[ros2_control_node-1] [INFO] [1775577309.225262727] [KortexMultiInterfaceHardware]: Realtime port used '10001'
[ros2_control_node-1] [INFO] [1775577309.225272074] [KortexMultiInterfaceHardware]: Session inactivity timeout is '60000'
[ros2_control_node-1] [INFO] [1775577309.225280331] [KortexMultiInterfaceHardware]: Connection inactivity timeout is '2000'
[ros2_control_node-1] [INFO] [1775577309.225290145] [KortexMultiInterfaceHardware]: Gripper joint name is 'robotiq_85_left_knuckle_joint'
[ros2_control_node-1] [INFO] [1775577309.225326626] [KortexMultiInterfaceHardware]: Connecting to robot at 192.168.0.10
[spawner-4] [INFO] [1775577309.232348069] [spawner_joint_state_broadcaster]: waiting for service /controller_manager/list_controllers to become available...
[ros2_control_node-1] [INFO] [1775577309.233162201] [KortexMultiInterfaceHardware]: Creating session for communication
[joint_state_sanitizer-3] [INFO] [1775577309.306681140] [joint_state_sanitizer_node]: joint_state_sanitizer started. raw=/joint_states -> sanitized=/joint_states_sanitized
[ros2_control_node-1] [INFO] [1775577309.434886535] [KortexMultiInterfaceHardware]: Session created
[ros2_control_node-1] [INFO] [1775577310.210775568] [KortexMultiInterfaceHardware]: Actuator count reported by robot is '7'
[ros2_control_node-1] [INFO] [1775577310.210914453] [KortexMultiInterfaceHardware]: Using internal bus communication for gripper!
[ros2_control_node-1] [INFO] [1775577310.210918422] [KortexMultiInterfaceHardware]: Hardware Interface successfully configured
[ros2_control_node-1] [INFO] [1775577310.210983083] [controller_manager]: Successful initialization of hardware 'KortexMultiInterfaceHardware'
[ros2_control_node-1] [DEBUG] [1775577310.211047570] [KortexMultiInterfaceHardware]: export_state_interfaces for joint: joint_1
[ros2_control_node-1] [DEBUG] [1775577310.211090942] [KortexMultiInterfaceHardware]: export_state_interfaces for joint: joint_2
[ros2_control_node-1] [DEBUG] [1775577310.211095028] [KortexMultiInterfaceHardware]: export_state_interfaces for joint: joint_3
[ros2_control_node-1] [DEBUG] [1775577310.211097863] [KortexMultiInterfaceHardware]: export_state_interfaces for joint: joint_4
[ros2_control_node-1] [DEBUG] [1775577310.211100518] [KortexMultiInterfaceHardware]: export_state_interfaces for joint: joint_5
[ros2_control_node-1] [DEBUG] [1775577310.211103261] [KortexMultiInterfaceHardware]: export_state_interfaces for joint: joint_6
[ros2_control_node-1] [DEBUG] [1775577310.211105747] [KortexMultiInterfaceHardware]: export_state_interfaces for joint: joint_7
[ros2_control_node-1] [DEBUG] [1775577310.211108111] [KortexMultiInterfaceHardware]: export_state_interfaces for joint: robotiq_85_left_knuckle_joint
[ros2_control_node-1] [INFO] [1775577310.213048524] [resource_manager]: 'configure' hardware 'KortexMultiInterfaceHardware' 
[ros2_control_node-1] [INFO] [1775577310.213114402] [resource_manager]: Successful 'configure' of hardware 'KortexMultiInterfaceHardware'
[ros2_control_node-1] [INFO] [1775577310.213181127] [resource_manager]: 'activate' hardware 'KortexMultiInterfaceHardware' 
[ros2_control_node-1] [INFO] [1775577310.213211576] [KortexMultiInterfaceHardware]: Activating KortexMultiInterfaceHardware...
[ros2_control_node-1] [INFO] [1775577310.218818236] [KortexMultiInterfaceHardware]: Gripper initial position is '0.438597'.
[ros2_control_node-1] [INFO] [1775577310.222921223] [KortexMultiInterfaceHardware]: KortexMultiInterfaceHardware successfully activated!
[ros2_control_node-1] [INFO] [1775577310.222947817] [resource_manager]: Successful 'activate' of hardware 'KortexMultiInterfaceHardware'
[ros2_control_node-1] [INFO] [1775577310.223203900] [controller_manager]: Registering statistics for : KortexMultiInterfaceHardware
[ros2_control_node-1] [INFO] [1775577310.223378633] [controller_manager]: Resource Manager has been successfully initialized. Starting Controller Manager services...
[ros2_control_node-1] [INFO] [1775577310.235144387] [controller_manager]: Loading controller : 'joint_state_broadcaster' of type 'joint_state_broadcaster/JointStateBroadcaster'
[ros2_control_node-1] [INFO] [1775577310.235194155] [controller_manager]: Loading controller 'joint_state_broadcaster'
[ros2_control_node-1] [WARN] [1775577310.238505393] [controller_manager]: Overrun might occur, Total time : 8350.319 us (Expected < 8000.000 us) --> Read time : 4245.113 us, Update time : 26.702 us, Write time : 4078.504 us
[ros2_control_node-1] [WARN] [1775577310.238592967] [controller_manager]: Overrun detected! The controller manager missed its desired rate of 125 Hz. The loop took 8.469753 ms (missed cycles : 2).
[ros2_control_node-1] [INFO] [1775577310.241278396] [controller_manager]: Controller 'joint_state_broadcaster' node arguments: --ros-args --params-file /home/carrt-cse-project/workspace/ros2_kortex_ws/install/adl_tasks/share/adl_tasks/config/ros2_controllers_vbox.yaml --params-file /tmp/launch_params_jworwk9t 
[spawner-4] [INFO] [1775577310.255634309] [spawner_joint_state_broadcaster]: Loaded joint_state_broadcaster
[ros2_control_node-1] [INFO] [1775577310.256709519] [controller_manager]: Configuring controller: 'joint_state_broadcaster'
[ros2_control_node-1] [INFO] [1775577310.256894739] [joint_state_broadcaster]: 'joints' or 'interfaces' parameter is empty. All available state interfaces will be published
[ros2_control_node-1] [INFO] [1775577310.271920835] [controller_manager]: Activating controllers: [ joint_state_broadcaster ]
[ros2_control_node-1] [INFO] [1775577310.279322025] [controller_manager]: Successfully switched controllers!
[spawner-4] [INFO] [1775577310.287756422] [spawner_joint_state_broadcaster]: Configured and activated joint_state_broadcaster
[INFO] [spawner-4]: process has finished cleanly [pid 10684]
[INFO] [spawner-7]: process started with pid [10788]
[INFO] [spawner-8]: process started with pid [10789]
[INFO] [spawner-9]: process started with pid [10790]
[INFO] [spawner-10]: process started with pid [10791]
[spawner-10] [INFO] [1775577311.449912988] [spawner_fault_controller]: waiting for service /controller_manager/list_controllers to become available...
[ros2_control_node-1] [INFO] [1775577311.701993084] [controller_manager]: Loading controller : 'fault_controller' of type 'picknik_reset_fault_controller/PicknikResetFaultController'
[ros2_control_node-1] [INFO] [1775577311.702023524] [controller_manager]: Loading controller 'fault_controller'
[ros2_control_node-1] [INFO] [1775577311.704537556] [controller_manager]: Controller 'fault_controller' node arguments: --ros-args --params-file /home/carrt-cse-project/workspace/ros2_kortex_ws/install/adl_tasks/share/adl_tasks/config/ros2_controllers_vbox.yaml --params-file /tmp/launch_params_jworwk9t 
[spawner-10] [INFO] [1775577311.719891684] [spawner_fault_controller]: Loaded fault_controller
[ros2_control_node-1] [INFO] [1775577311.721015998] [controller_manager]: Configuring controller: 'fault_controller'
[ros2_control_node-1] [INFO] [1775577311.728190064] [controller_manager]: Activating controllers: [ fault_controller ]
[ros2_control_node-1] [INFO] [1775577311.938713591] [controller_manager]: Successfully switched controllers!
[ros2_control_node-1] [WARN] [1775577311.942392365] [controller_manager]: Overrun might occur, Total time : 8260.970 us (Expected < 8000.000 us) --> Read time : 33.004 us, Update time : 4494.853 us (Switch time : 4409.239 us (Switch chained mode time : 1.455 us, perform mode change time : 64.438 us, Activation time : 4338.796 us, Deactivation time : 0.713 us)), Write time : 3733.113 us
[ros2_control_node-1] [WARN] [1775577311.942461058] [controller_manager]: Overrun detected! The controller manager missed its desired rate of 125 Hz. The loop took 8.349599 ms (missed cycles : 2).
[spawner-10] [INFO] [1775577311.952491455] [spawner_fault_controller]: Configured and activated fault_controller
[spawner-7] [INFO] [1775577312.054128891] [spawner_joint_trajectory_controller]: waiting for service /controller_manager/list_controllers to become available...
[INFO] [spawner-10]: process has finished cleanly [pid 10791]
[ros2_control_node-1] [WARN] [1775577313.473130965] [controller_manager]: Overrun might occur, Total time : 18987.330 us (Expected < 8000.000 us) --> Read time : 59.484 us, Update time : 139.933 us, Write time : 18787.913 us
[ros2_control_node-1] [WARN] [1775577313.473200105] [controller_manager]: Overrun detected! The controller manager missed its desired rate of 125 Hz. The loop took 19.089716 ms (missed cycles : 3).
[ros2_control_node-1] [INFO] [1775577313.557384291] [controller_manager]: Loading controller : 'joint_trajectory_controller' of type 'joint_trajectory_controller/JointTrajectoryController'
[ros2_control_node-1] [INFO] [1775577313.557420979] [controller_manager]: Loading controller 'joint_trajectory_controller'
[ros2_control_node-1] [INFO] [1775577313.562239032] [controller_manager]: Controller 'joint_trajectory_controller' node arguments: --ros-args --params-file /home/carrt-cse-project/workspace/ros2_kortex_ws/install/adl_tasks/share/adl_tasks/config/ros2_controllers_vbox.yaml --params-file /tmp/launch_params_jworwk9t 
[spawner-7] [INFO] [1775577313.592531598] [spawner_joint_trajectory_controller]: Loaded joint_trajectory_controller
[ros2_control_node-1] [INFO] [1775577313.593707588] [controller_manager]: Configuring controller: 'joint_trajectory_controller'
[ros2_control_node-1] [INFO] [1775577313.594406365] [joint_trajectory_controller]: No specific joint names are used for command interfaces. Using 'joints' parameter.
[ros2_control_node-1] [INFO] [1775577313.594899998] [joint_trajectory_controller]: Command interfaces are [position] and state interfaces are [position velocity].
[ros2_control_node-1] [INFO] [1775577313.595188121] [joint_trajectory_controller]: Using 'splines' interpolation method.
[ros2_control_node-1] [INFO] [1775577313.600849509] [joint_trajectory_controller]: Action status changes will be monitored at 20.00 Hz.
[ros2_control_node-1] [INFO] [1775577313.616854223] [controller_manager]: Activating controllers: [ joint_trajectory_controller ]
[ros2_control_node-1] [INFO] [1775577313.840582475] [controller_manager]: Successfully switched controllers!
[ros2_control_node-1] [WARN] [1775577313.843499432] [controller_manager]: Overrun might occur, Total time : 21368.203 us (Expected < 8000.000 us) --> Read time : 45.167 us, Update time : 18388.957 us (Switch time : 18294.693 us (Switch chained mode time : 2.980 us, perform mode change time : 17536.828 us, Activation time : 748.775 us, Deactivation time : 0.833 us)), Write time : 2934.079 us
[spawner-7] [INFO] [1775577313.847922301] [spawner_joint_trajectory_controller]: Configured and activated joint_trajectory_controller
[spawner-9] [INFO] [1775577313.965486301] [spawner_robotiq_gripper_controller]: waiting for service /controller_manager/list_controllers to become available...
[INFO] [spawner-7]: process has finished cleanly [pid 10788]
[ros2_control_node-1] [WARN] [1775577314.918112962] [controller_manager]: Overrun detected! The controller manager missed its desired rate of 125 Hz. The loop took 8.000355 ms (missed cycles : 2).
[INFO] [move_group-11]: process started with pid [10884]
[INFO] [rviz2-12]: process started with pid [10885]
[move_group-11] [INFO] [1775577315.229946981] [move_group.moveit.moveit.ros.rdf_loader]: Loaded robot model in 0.00701931 seconds
[move_group-11] [INFO] [1775577315.230078255] [move_group.moveit.moveit.core.robot_model]: Loading robot model 'gen3'...
[move_group-11] [INFO] [1775577315.230101303] [move_group.moveit.moveit.core.robot_model]: No root/virtual joint specified in SRDF. Assuming fixed joint
[move_group-11] [INFO] [1775577315.368852500] [move_group.moveit.moveit.kinematics.kdl_kinematics_plugin]: Joint weights for group 'manipulator': 1 1 1 1 1 1 1
[rviz2-12] [INFO] [1775577315.490999338] [rviz2]: Stereo is NOT SUPPORTED
[rviz2-12] [INFO] [1775577315.491086791] [rviz2]: OpenGl version: 4.6 (GLSL 4.6)
[rviz2-12] [INFO] [1775577315.521179811] [rviz2]: Stereo is NOT SUPPORTED
[ros2_control_node-1] [INFO] [1775577315.539180911] [controller_manager]: Received robot description from topic.
[ros2_control_node-1] [WARN] [1775577315.539234877] [controller_manager]: ResourceManager has already loaded a urdf. Ignoring attempt to reload a robot description.
[rviz2-12] Warning: class_loader.impl: SEVERE WARNING!!! A namespace collision has occurred with plugin factory for class rviz_default_plugins::displays::InteractiveMarkerDisplay. New factory will OVERWRITE existing one. This situation occurs when libraries containing plugins are directly linked against an executable (the one running right now generating this message). Please separate plugins out into their own library or just don't link against the library and use either class_loader::ClassLoader/MultiLibraryClassLoader to open.
[rviz2-12]          at line 321 in /opt/ros/jazzy/include/class_loader/class_loader/class_loader_core.hpp
[rviz2-12] [WARN] [1775577315.678984358] [rcl.logging_rosout]: Publisher already registered for node name: 'rviz2_moveit'. If this is due to multiple nodes with the same name then all logs for the logger named 'rviz2_moveit' will go out over the existing publisher. As soon as any node with that name is destructed it will unregister the publisher, preventing any further logs for that name from being published on the rosout topic.
[ros2_control_node-1] [INFO] [1775577315.722068433] [controller_manager]: Loading controller : 'robotiq_gripper_controller' of type 'position_controllers/GripperActionController'
[ros2_control_node-1] [INFO] [1775577315.722111481] [controller_manager]: Loading controller 'robotiq_gripper_controller'
[ros2_control_node-1] [INFO] [1775577315.724710164] [controller_manager]: Controller 'robotiq_gripper_controller' node arguments: --ros-args --params-file /home/carrt-cse-project/workspace/ros2_kortex_ws/install/adl_tasks/share/adl_tasks/config/ros2_controllers_vbox.yaml --params-file /tmp/launch_params_jworwk9t 
[move_group-11] [INFO] [1775577315.748898753] [move_group.moveit.moveit.ros.planning_scene_monitor]: Publishing maintained planning scene on 'monitored_planning_scene'
[move_group-11] [INFO] [1775577315.749324123] [move_group.moveit.moveit.ros.moveit_cpp]: Listening to 'joint_states' for joint states
[move_group-11] [INFO] [1775577315.750544962] [move_group.moveit.moveit.ros.current_state_monitor]: Listening to joint states on topic 'joint_states'
[move_group-11] [INFO] [1775577315.751810376] [move_group.moveit.moveit.ros.planning_scene_monitor]: Listening to '/attached_collision_object' for attached collision objects
[move_group-11] [INFO] [1775577315.751859509] [move_group.moveit.moveit.ros.planning_scene_monitor]: Stopping existing planning scene publisher.
[move_group-11] [INFO] [1775577315.752591518] [move_group.moveit.moveit.ros.planning_scene_monitor]: Stopped publishing maintained planning scene.
[move_group-11] [INFO] [1775577315.753489789] [move_group.moveit.moveit.ros.planning_scene_monitor]: Publishing maintained planning scene on 'monitored_planning_scene'
[move_group-11] [INFO] [1775577315.753602709] [move_group.moveit.moveit.ros.planning_scene_monitor]: Starting planning scene monitor
[move_group-11] [INFO] [1775577315.754295685] [move_group.moveit.moveit.ros.planning_scene_monitor]: Listening to '/planning_scene'
[move_group-11] [INFO] [1775577315.754323407] [move_group.moveit.moveit.ros.planning_scene_monitor]: Starting world geometry update monitor for collision objects, attached objects, octomap updates.
[move_group-11] [INFO] [1775577315.755799967] [move_group.moveit.moveit.ros.planning_scene_monitor]: Listening to 'collision_object'
[move_group-11] [INFO] [1775577315.756473469] [move_group.moveit.moveit.ros.planning_scene_monitor]: Listening to 'planning_scene_world' for planning scene world geometry
[move_group-11] [WARN] [1775577315.757451436] [move_group.moveit.moveit.ros.occupancy_map_monitor]: Resolution not specified for Octomap. Assuming resolution = 0.1 instead
[move_group-11] [ERROR] [1775577315.757487774] [move_group.moveit.moveit.ros.occupancy_map_monitor]: No 3D sensor plugin(s) defined for octomap updates
[ros2_control_node-1] [WARN] [1775577315.772354552] [robotiq_gripper_controller]: [Deprecated]: the `position_controllers/GripperActionController` and `effort_controllers::GripperActionController` controllers are replaced by 'parallel_gripper_controllers/GripperActionController' controller
[spawner-9] [INFO] [1775577315.784984727] [spawner_robotiq_gripper_controller]: Loaded robotiq_gripper_controller
[ros2_control_node-1] [INFO] [1775577315.788011220] [controller_manager]: Configuring controller: 'robotiq_gripper_controller'
[ros2_control_node-1] [INFO] [1775577315.788168189] [robotiq_gripper_controller]: Action status changes will be monitored at 20.000000 Hz.
[ros2_control_node-1] [INFO] [1775577315.794186713] [controller_manager]: Activating controllers: [ robotiq_gripper_controller ]
[move_group-11] [INFO] [1775577315.983728079] [move_group.moveit.moveit.ros.planning_pipeline]: Successfully loaded planner 'OMPL'
[move_group-11] [INFO] [1775577315.987715199] [move_group]: Try loading adapter 'default_planning_request_adapters/ResolveConstraintFrames'
[move_group-11] [INFO] [1775577315.989430379] [move_group]: Loaded adapter 'default_planning_request_adapters/ResolveConstraintFrames'
[move_group-11] [INFO] [1775577315.989457025] [move_group]: Try loading adapter 'default_planning_request_adapters/ValidateWorkspaceBounds'
[move_group-11] [INFO] [1775577315.989746109] [move_group]: Loaded adapter 'default_planning_request_adapters/ValidateWorkspaceBounds'
[move_group-11] [INFO] [1775577315.989764093] [move_group]: Try loading adapter 'default_planning_request_adapters/CheckStartStateBounds'
[move_group-11] [INFO] [1775577315.989796977] [move_group]: Loaded adapter 'default_planning_request_adapters/CheckStartStateBounds'
[move_group-11] [INFO] [1775577315.989806736] [move_group]: Try loading adapter 'default_planning_request_adapters/CheckStartStateCollision'
[move_group-11] [INFO] [1775577315.989828413] [move_group]: Loaded adapter 'default_planning_request_adapters/CheckStartStateCollision'
[move_group-11] [INFO] [1775577315.993332548] [move_group]: Try loading adapter 'default_planning_response_adapters/AddTimeOptimalParameterization'
[move_group-11] [INFO] [1775577315.996908284] [move_group]: Loaded adapter 'default_planning_response_adapters/AddTimeOptimalParameterization'
[move_group-11] [INFO] [1775577315.996934435] [move_group]: Try loading adapter 'default_planning_response_adapters/ValidateSolution'
[move_group-11] [INFO] [1775577316.000662487] [move_group]: Loaded adapter 'default_planning_response_adapters/ValidateSolution'
[move_group-11] [INFO] [1775577316.000690320] [move_group]: Try loading adapter 'default_planning_response_adapters/DisplayMotionPath'
[move_group-11] [INFO] [1775577316.001449558] [move_group]: Loaded adapter 'default_planning_response_adapters/DisplayMotionPath'
[ros2_control_node-1] [INFO] [1775577316.002650820] [controller_manager]: Successfully switched controllers!
[spawner-9] [INFO] [1775577316.008647269] [spawner_robotiq_gripper_controller]: Configured and activated robotiq_gripper_controller
[move_group-11] [INFO] [1775577316.059861207] [move_group.moveit.moveit.plugins.simple_controller_manager]: Added FollowJointTrajectory controller for joint_trajectory_controller
[move_group-11] [INFO] [1775577316.059925309] [move_group.moveit.moveit.plugins.simple_controller_manager]: robotiq_gripper_controller will command a max effort of: 0
[move_group-11] [INFO] [1775577316.065153154] [move_group.moveit.moveit.plugins.simple_controller_manager]: Added GripperCommand controller for robotiq_gripper_controller
[move_group-11] [INFO] [1775577316.065385341] [move_group.moveit.moveit.plugins.simple_controller_manager]: Returned 2 controllers in list
[move_group-11] [INFO] [1775577316.065426243] [move_group.moveit.moveit.plugins.simple_controller_manager]: Returned 2 controllers in list
[move_group-11] [INFO] [1775577316.066068415] [move_group.moveit.moveit.ros.trajectory_execution_manager]: Trajectory execution is managing controllers
[move_group-11] [INFO] [1775577316.066098831] [move_group]: MoveGroup debug mode is ON
[move_group-11] [INFO] [1775577316.095090330] [move_group.moveit.moveit.ros.move_group.executable]: 
[move_group-11] 
[move_group-11] ********************************************************
[move_group-11] * MoveGroup using: 
[move_group-11] *     - apply_planning_scene_service
[move_group-11] *     - clear_octomap_service
[move_group-11] *     - get_group_urdf
[move_group-11] *     - load_geometry_from_file
[move_group-11] *     - CartesianPathService
[move_group-11] *     - execute_trajectory_action
[move_group-11] *     - get_planning_scene_service
[move_group-11] *     - kinematics_service
[move_group-11] *     - move_action
[move_group-11] *     - motion_plan_service
[move_group-11] *     - query_planners_service
[move_group-11] *     - state_validation_service
[move_group-11] *     - save_geometry_to_file
[move_group-11] ********************************************************
[move_group-11] 
[move_group-11] [INFO] [1775577316.095250854] [move_group.moveit.moveit.ros.move_group.context]: MoveGroup context using pipeline ompl
[move_group-11] [INFO] [1775577316.095294063] [move_group.moveit.moveit.ros.move_group.context]: MoveGroup context initialization complete
[move_group-11] [96mLoading 'move_group/ApplyPlanningSceneService'...[0m
[move_group-11] [96mLoading 'move_group/ClearOctomapService'...[0m
[move_group-11] [96mLoading 'move_group/GetUrdfService'...[0m
[move_group-11] [96mLoading 'move_group/LoadGeometryFromFileService'...[0m
[move_group-11] [96mLoading 'move_group/MoveGroupCartesianPathService'...[0m
[move_group-11] [96mLoading 'move_group/MoveGroupExecuteTrajectoryAction'...[0m
[move_group-11] [96mLoading 'move_group/MoveGroupGetPlanningSceneService'...[0m
[move_group-11] [96mLoading 'move_group/MoveGroupKinematicsService'...[0m
[move_group-11] [96mLoading 'move_group/MoveGroupMoveAction'...[0m
[move_group-11] [96mLoading 'move_group/MoveGroupPlanService'...[0m
[move_group-11] [96mLoading 'move_group/MoveGroupQueryPlannersService'...[0m
[move_group-11] [96mLoading 'move_group/MoveGroupStateValidationService'...[0m
[move_group-11] [96mLoading 'move_group/SaveGeometryToFileService'...[0m
[move_group-11] 
[move_group-11] [92mYou can start planning now![0m
[move_group-11] 
[INFO] [spawner-9]: process has finished cleanly [pid 10790]
[spawner-8] [INFO] [1775577316.266288585] [spawner_twist_controller]: waiting for service /controller_manager/list_controllers to become available...
[ros2_control_node-1] [INFO] [1775577316.818002695] [controller_manager]: Loading controller : 'twist_controller' of type 'picknik_twist_controller/PicknikTwistController'
[ros2_control_node-1] [INFO] [1775577316.818045901] [controller_manager]: Loading controller 'twist_controller'
[ros2_control_node-1] [INFO] [1775577316.821095239] [controller_manager]: Controller 'twist_controller' node arguments: --ros-args --params-file /home/carrt-cse-project/workspace/ros2_kortex_ws/install/adl_tasks/share/adl_tasks/config/ros2_controllers_vbox.yaml --params-file /tmp/launch_params_jworwk9t 
[spawner-8] [INFO] [1775577316.839670215] [spawner_twist_controller]: Loaded twist_controller
[ros2_control_node-1] [INFO] [1775577316.841024802] [controller_manager]: Configuring controller: 'twist_controller'
[ros2_control_node-1] [INFO] [1775577316.842640786] [twist_controller]: configure successful
[INFO] [spawner-8]: process has finished cleanly [pid 10789]
[rviz2-12] [ERROR] [1775577318.732199050] [rviz2_moveit.moveit.ros.motion_planning_frame]: Action server: /recognize_objects not available
[rviz2-12] [INFO] [1775577318.766514253] [rviz2_moveit.moveit.ros.motion_planning_frame]: MoveGroup namespace changed: / -> . Reloading params.
[rviz2-12] [INFO] [1775577318.833758578] [rviz2_moveit.moveit.ros.rdf_loader]: Loaded robot model in 0.0089863 seconds
[rviz2-12] [INFO] [1775577318.833849694] [rviz2_moveit.moveit.core.robot_model]: Loading robot model 'gen3'...
[rviz2-12] [INFO] [1775577318.833883933] [rviz2_moveit.moveit.core.robot_model]: No root/virtual joint specified in SRDF. Assuming fixed joint
[rviz2-12] [INFO] [1775577318.985019903] [rviz2_moveit.moveit.kinematics.kdl_kinematics_plugin]: Joint weights for group 'manipulator': 1 1 1 1 1 1 1
[rviz2-12] [INFO] [1775577319.287553902] [rviz2_moveit.moveit.ros.planning_scene_monitor]: Starting planning scene monitor
[rviz2-12] [INFO] [1775577319.288304830] [rviz2_moveit.moveit.ros.planning_scene_monitor]: Listening to '/monitored_planning_scene'
[rviz2-12] [INFO] [1775577319.516652125] [interactive_marker_display_96202561083984]: Connected on namespace: /rviz_moveit_motion_planning_display/robot_interaction_interactive_marker_topic
[rviz2-12] [INFO] [1775577319.522551103] [rviz2_moveit.moveit.ros.robot_interaction]: No active joints or end effectors found for group 'gripper'. Make sure that kinematics.yaml is loaded in this node's namespace.
[rviz2-12] [INFO] [1775577319.523569381] [rviz2_moveit.moveit.ros.robot_interaction]: No active joints or end effectors found for group 'gripper'. Make sure that kinematics.yaml is loaded in this node's namespace.
[rviz2-12] [INFO] [1775577319.529955671] [rviz2_moveit.moveit.ros.motion_planning_frame]: group gripper
[rviz2-12] [INFO] [1775577319.529980907] [rviz2_moveit.moveit.ros.motion_planning_frame]: Constructing new MoveGroup connection for group 'gripper' in namespace ''
[rviz2-12] [INFO] [1775577319.542807389] [interactive_marker_display_96202561083984]: Sending request for interactive markers
[rviz2-12] [INFO] [1775577319.553309903] [rviz2_moveit.moveit.ros.move_group_interface]: Ready to take commands for planning group gripper.
[rviz2-12] [INFO] [1775577319.553909422] [rviz2_moveit.moveit.ros.motion_planning_frame]: group gripper
[rviz2-12] [INFO] [1775577319.575622479] [interactive_marker_display_96202561083984]: Service response received for initialization
[ros2_control_node-1] [WARN] [1775577325.985377608] [controller_manager]: Overrun might occur, Total time : 11128.418 us (Expected < 8000.000 us) --> Read time : 24.713 us, Update time : 136.543 us, Write time : 10967.162 us
[ros2_control_node-1] [WARN] [1775577325.985440592] [controller_manager]: Overrun detected! The controller manager missed its desired rate of 125 Hz. The loop took 11.329789 ms (missed cycles : 2).
[ros2_control_node-1] [WARN] [1775577349.326613919] [controller_manager]: Overrun might occur, Total time : 8476.337 us (Expected < 8000.000 us) --> Read time : 58.249 us, Update time : 218.200 us, Write time : 8199.888 us
[ros2_control_node-1] [WARN] [1775577349.326671978] [controller_manager]: Overrun detected! The controller manager missed its desired rate of 125 Hz. The loop took 8.561063 ms (missed cycles : 2).
[ros2_control_node-1] [WARN] [1775577365.590794415] [controller_manager]: Overrun might occur, Total time : 8666.627 us (Expected < 8000.000 us) --> Read time : 30.833 us, Update time : 229.973 us, Write time : 8405.821 us
[ros2_control_node-1] [WARN] [1775577365.590841234] [controller_manager]: Overrun detected! The controller manager missed its desired rate of 125 Hz. The loop took 8.730600 ms (missed cycles : 2).
[ros2_control_node-1] [WARN] [1775577366.755043901] [controller_manager]: Overrun might occur, Total time : 12834.816 us (Expected < 8000.000 us) --> Read time : 17.234 us, Update time : 109.760 us, Write time : 12707.822 us
[ros2_control_node-1] [WARN] [1775577366.755101397] [controller_manager]: Overrun detected! The controller manager missed its desired rate of 125 Hz. The loop took 12.990246 ms (missed cycles : 2).
[ros2_control_node-1] [WARN] [1775577367.843653648] [controller_manager]: Overrun might occur, Total time : 13497.453 us (Expected < 8000.000 us) --> Read time : 46.045 us, Update time : 241.867 us, Write time : 13209.541 us
[ros2_control_node-1] [WARN] [1775577367.843856427] [controller_manager]: Overrun detected! The controller manager missed its desired rate of 125 Hz. The loop took 13.743326 ms (missed cycles : 2).
[ros2_control_node-1] [WARN] [1775577369.648998549] [controller_manager]: Overrun might occur, Total time : 10838.057 us (Expected < 8000.000 us) --> Read time : 36.472 us, Update time : 173.176 us, Write time : 10628.409 us
[ros2_control_node-1] [WARN] [1775577369.649064236] [controller_manager]: Overrun detected! The controller manager missed its desired rate of 125 Hz. The loop took 10.953159 ms (missed cycles : 2).
[ros2_control_node-1] [WARN] [1775577374.952079945] [controller_manager]: Overrun might occur, Total time : 9940.931 us (Expected < 8000.000 us) --> Read time : 48.794 us, Update time : 255.218 us, Write time : 9636.919 us
[ros2_control_node-1] [WARN] [1775577374.952144739] [controller_manager]: Overrun detected! The controller manager missed its desired rate of 125 Hz. The loop took 10.033751 ms (missed cycles : 2).
[ros2_control_node-1] [WARN] [1775577378.287453149] [controller_manager]: Overrun might occur, Total time : 9318.234 us (Expected < 8000.000 us) --> Read time : 47.930 us, Update time : 264.852 us, Write time : 9005.452 us
[ros2_control_node-1] [WARN] [1775577378.287534476] [controller_manager]: Overrun detected! The controller manager missed its desired rate of 125 Hz. The loop took 9.423914 ms (missed cycles : 2).
[ros2_control_node-1] [WARN] [1775577379.342444234] [controller_manager]: Overrun might occur, Total time : 8282.574 us (Expected < 8000.000 us) --> Read time : 54.534 us, Update time : 206.570 us, Write time : 8021.470 us
[ros2_control_node-1] [WARN] [1775577379.342500938] [controller_manager]: Overrun detected! The controller manager missed its desired rate of 125 Hz. The loop took 8.390767 ms (missed cycles : 2).
[ros2_control_node-1] [WARN] [1775577386.982123988] [controller_manager]: Overrun might occur, Total time : 15894.175 us (Expected < 8000.000 us) --> Read time : 58.852 us, Update time : 206.964 us, Write time : 15628.359 us
[ros2_control_node-1] [WARN] [1775577386.982185820] [controller_manager]: Overrun detected! The controller manager missed its desired rate of 125 Hz. The loop took 16.075468 ms (missed cycles : 3).
[ros2_control_node-1] [WARN] [1775577394.074661472] [controller_manager]: Overrun might occur, Total time : 12480.810 us (Expected < 8000.000 us) --> Read time : 31.000 us, Update time : 271.370 us, Write time : 12178.440 us
[ros2_control_node-1] [WARN] [1775577394.074730424] [controller_manager]: Overrun detected! The controller manager missed its desired rate of 125 Hz. The loop took 12.619922 ms (missed cycles : 2).
[ros2_control_node-1] [WARN] [1775577402.230413305] [controller_manager]: Overrun might occur, Total time : 8203.387 us (Expected < 8000.000 us) --> Read time : 93.921 us, Update time : 380.240 us, Write time : 7729.226 us
[ros2_control_node-1] [WARN] [1775577402.230483429] [controller_manager]: Overrun detected! The controller manager missed its desired rate of 125 Hz. The loop took 8.372899 ms (missed cycles : 2).
[ros2_control_node-1] [WARN] [1775577409.271533547] [controller_manager]: Overrun might occur, Total time : 9395.612 us (Expected < 8000.000 us) --> Read time : 55.880 us, Update time : 249.530 us, Write time : 9090.202 us
[ros2_control_node-1] [WARN] [1775577409.271612735] [controller_manager]: Overrun detected! The controller manager missed its desired rate of 125 Hz. The loop took 9.502114 ms (missed cycles : 2).
[ros2_control_node-1] [WARN] [1775577422.399760681] [controller_manager]: Overrun might occur, Total time : 9583.810 us (Expected < 8000.000 us) --> Read time : 172.020 us, Update time : 451.960 us, Write time : 8959.830 us
[ros2_control_node-1] [WARN] [1775577422.399855988] [controller_manager]: Overrun detected! The controller manager missed its desired rate of 125 Hz. The loop took 9.744636 ms (missed cycles : 2).
[ros2_control_node-1] [WARN] [1775577427.431215397] [controller_manager]: Overrun might occur, Total time : 17081.235 us (Expected < 8000.000 us) --> Read time : 48.725 us, Update time : 289.869 us, Write time : 16742.641 us
[ros2_control_node-1] [WARN] [1775577427.431311769] [controller_manager]: Overrun detected! The controller manager missed its desired rate of 125 Hz. The loop took 17.201027 ms (missed cycles : 3).
[ros2_control_node-1] [WARN] [1775577428.471892946] [controller_manager]: Overrun might occur, Total time : 9728.465 us (Expected < 8000.000 us) --> Read time : 59.401 us, Update time : 215.970 us, Write time : 9453.094 us
[ros2_control_node-1] [WARN] [1775577428.472002068] [controller_manager]: Overrun detected! The controller manager missed its desired rate of 125 Hz. The loop took 9.889759 ms (missed cycles : 2).
[ros2_control_node-1] [WARN] [1775577435.399585656] [controller_manager]: Overrun might occur, Total time : 9378.827 us (Expected < 8000.000 us) --> Read time : 105.020 us, Update time : 580.250 us, Write time : 8693.557 us
[ros2_control_node-1] [WARN] [1775577435.399745553] [controller_manager]: Overrun detected! The controller manager missed its desired rate of 125 Hz. The loop took 9.634125 ms (missed cycles : 2).
[ros2_control_node-1] [WARN] [1775577436.482366421] [controller_manager]: Overrun might occur, Total time : 12221.197 us (Expected < 8000.000 us) --> Read time : 58.375 us, Update time : 306.224 us, Write time : 11856.598 us
[ros2_control_node-1] [WARN] [1775577436.482453119] [controller_manager]: Overrun detected! The controller manager missed its desired rate of 125 Hz. The loop took 12.341667 ms (missed cycles : 2).
[ros2_control_node-1] [WARN] [1775577439.110619858] [controller_manager]: Overrun might occur, Total time : 8450.149 us (Expected < 8000.000 us) --> Read time : 139.403 us, Update time : 509.016 us, Write time : 7801.730 us
[ros2_control_node-1] [WARN] [1775577439.110694200] [controller_manager]: Overrun detected! The controller manager missed its desired rate of 125 Hz. The loop took 8.583287 ms (missed cycles : 2).
[ros2_control_node-1] [WARN] [1775577446.398211447] [controller_manager]: Overrun might occur, Total time : 8065.496 us (Expected < 8000.000 us) --> Read time : 51.616 us, Update time : 250.013 us, Write time : 7763.867 us
[ros2_control_node-1] [WARN] [1775577446.398335524] [controller_manager]: Overrun detected! The controller manager missed its desired rate of 125 Hz. The loop took 8.223781 ms (missed cycles : 2).
[ros2_control_node-1] [WARN] [1775577447.638900477] [controller_manager]: Overrun might occur, Total time : 8766.592 us (Expected < 8000.000 us) --> Read time : 59.244 us, Update time : 263.616 us, Write time : 8443.732 us
[ros2_control_node-1] [WARN] [1775577447.638967136] [controller_manager]: Overrun detected! The controller manager missed its desired rate of 125 Hz. The loop took 8.856155 ms (missed cycles : 2).
[ros2_control_node-1] [WARN] [1775577467.743410035] [controller_manager]: Overrun might occur, Total time : 9261.862 us (Expected < 8000.000 us) --> Read time : 60.522 us, Update time : 261.949 us, Write time : 8939.391 us
[ros2_control_node-1] [WARN] [1775577467.743520350] [controller_manager]: Overrun detected! The controller manager missed its desired rate of 125 Hz. The loop took 9.409241 ms (missed cycles : 2).
[ros2_control_node-1] [WARN] [1775577469.272015954] [controller_manager]: Overrun might occur, Total time : 9824.592 us (Expected < 8000.000 us) --> Read time : 91.540 us, Update time : 362.898 us, Write time : 9370.154 us
[ros2_control_node-1] [WARN] [1775577469.272089543] [controller_manager]: Overrun detected! The controller manager missed its desired rate of 125 Hz. The loop took 9.978593 ms (missed cycles : 2).
[ros2_control_node-1] [WARN] [1775577475.230553692] [controller_manager]: Overrun might occur, Total time : 8406.090 us (Expected < 8000.000 us) --> Read time : 48.072 us, Update time : 349.040 us, Write time : 8008.978 us
[ros2_control_node-1] [WARN] [1775577475.230657136] [controller_manager]: Overrun detected! The controller manager missed its desired rate of 125 Hz. The loop took 8.545102 ms (missed cycles : 2).
[ros2_control_node-1] [WARN] [1775577479.231801620] [controller_manager]: Overrun might occur, Total time : 9653.700 us (Expected < 8000.000 us) --> Read time : 89.558 us, Update time : 370.363 us, Write time : 9193.779 us
[ros2_control_node-1] [WARN] [1775577479.231893170] [controller_manager]: Overrun detected! The controller manager missed its desired rate of 125 Hz. The loop took 9.781784 ms (missed cycles : 2).
[ros2_control_node-1] [WARN] [1775577480.872614321] [controller_manager]: Overrun might occur, Total time : 18459.689 us (Expected < 8000.000 us) --> Read time : 63.126 us, Update time : 253.355 us, Write time : 18143.208 us
[ros2_control_node-1] [WARN] [1775577480.872733961] [controller_manager]: Overrun detected! The controller manager missed its desired rate of 125 Hz. The loop took 18.622590 ms (missed cycles : 3).
[ros2_control_node-1] [WARN] [1775577487.303410335] [controller_manager]: Overrun might occur, Total time : 9253.765 us (Expected < 8000.000 us) --> Read time : 61.508 us, Update time : 303.243 us, Write time : 8889.014 us
[ros2_control_node-1] [WARN] [1775577487.303495416] [controller_manager]: Overrun detected! The controller manager missed its desired rate of 125 Hz. The loop took 9.383843 ms (missed cycles : 2).
