
===== 2026-04-07T11:56:56-04:00 | T4_apriltag_vision =====
cwd=/home/carrt-cse-project/workspace/ros2_kortex_ws
cmd=ros2 run adl_tasks vision_apriltag --ros-args -p detector_backend:=opencv 

[INFO] [1775577418.483953136] [vision_apriltag_node]: Vision AprilTag Node Started
[INFO] [1775577418.485042987] [vision_apriltag_node]: Subscribing to camera topic: /wrist_mounted_camera/image
[INFO] [1775577418.485932552] [vision_apriltag_node]: Subscribing to camera info topic: /wrist_mounted_camera/camera_info
[INFO] [1775577418.487198711] [vision_apriltag_node]: Camera frame: wrist_mounted_camera_color_optical_frame | use_image_header_frame=True
[INFO] [1775577418.488559983] [vision_apriltag_node]: Tag size: 0.025m | Timeout: 5.0s | camera_params=[554.25, 554.25, 320.0, 240.0] | families=tag36h11 | quad_decimate=1.0 | requested_backend=opencv | backend=cv2.aruco | use_image_timestamp_for_tf=False
[INFO] [1775577418.490514696] [vision_apriltag_node]: pupil_apriltags tuning: nthreads=1, quad_sigma=0.0, refine_edges=1, decode_sharpening=0.25, debug=0, preprocess_variants=['raw', 'clahe', 'adaptive', 'clahe_sharp', 'clahe_up2', 'sharp_up2']
[INFO] [1775577418.492467951] [vision_apriltag_node]: Publishing AprilTag debug images on /vision_apriltag/debug_image at up to 1.0 Hz.
[WARN] [1775577420.440401099] [vision_apriltag_node]: Vision AprilTag: no images received yet on /wrist_mounted_camera/image.
[INFO] [1775577421.503284977] [vision_apriltag_node]: Vision AprilTag camera model updated from CameraInfo: size=1280x720, fx=920.87, fy=921.57, cx=644.76, cy=343.15, d=[0.0, 0.0, 0.0, 0.0, 0.0]
[INFO] [1775577421.978948278] [vision_apriltag_node]: Vision AprilTag detection debug: no tags found after raw/CLAHE/sharp/adaptive/upscaled passes.
[INFO] [1775577422.535728852] [vision_apriltag_node]: Vision AprilTag: images are arriving on /wrist_mounted_camera/image, but no AprilTags have been detected yet.
[INFO] [1775577424.599640764] [vision_apriltag_node]: Vision AprilTag: images are arriving on /wrist_mounted_camera/image, but no AprilTags have been detected yet.
[INFO] [1775577426.457081651] [vision_apriltag_node]: Vision AprilTag: images are arriving on /wrist_mounted_camera/image, but no AprilTags have been detected yet.
[INFO] [1775577426.885465297] [vision_apriltag_node]: Vision AprilTag visible IDs: [4]
[INFO] [1775577427.153521149] [vision_apriltag_node]: Vision AprilTag detection debug: no tags found after raw/CLAHE/sharp/adaptive/upscaled passes.
[INFO] [1775577432.242703435] [vision_apriltag_node]: Vision AprilTag detection debug: no tags found after raw/CLAHE/sharp/adaptive/upscaled passes.
[INFO] [1775577434.714533175] [vision_apriltag_node]: Vision AprilTag: images are arriving, but no AprilTag has been seen for 2.6s.
[INFO] [1775577436.742392992] [vision_apriltag_node]: Vision AprilTag: images are arriving, but no AprilTag has been seen for 4.6s.
[INFO] [1775577436.775684283] [vision_apriltag_node]: Service: Tag 4 found and base-frame pose returned.
[INFO] [1775577437.022993838] [vision_apriltag_node]: Service: Tag 4 found and base-frame pose returned.
[INFO] [1775577437.336468969] [vision_apriltag_node]: Vision AprilTag detection debug: 4:cv2.aruco:clahe_sharp@(778,286)
[INFO] [1775577437.344479800] [vision_apriltag_node]: Service: Tag 4 found and base-frame pose returned.
[INFO] [1775577437.446737554] [vision_apriltag_node]: Service: Tag 4 found and base-frame pose returned.
[INFO] [1775577437.532050746] [vision_apriltag_node]: Service: Tag 4 found and base-frame pose returned.
[INFO] [1775577437.648148687] [vision_apriltag_node]: Service: Tag 4 found and base-frame pose returned.
[INFO] [1775577437.731875486] [vision_apriltag_node]: Service: Tag 4 found and base-frame pose returned.
[INFO] [1775577437.832966102] [vision_apriltag_node]: Service: Tag 4 found and base-frame pose returned.
[INFO] [1775577437.850295343] [vision_apriltag_node]: Service: Tag 4 found and base-frame pose returned.
[INFO] [1775577437.936477671] [vision_apriltag_node]: Service: Tag 4 found and base-frame pose returned.
[INFO] [1775577438.035471622] [vision_apriltag_node]: Service: Tag 4 found and base-frame pose returned.
[INFO] [1775577438.195748242] [vision_apriltag_node]: Service: Tag 4 found and base-frame pose returned.
[INFO] [1775577438.444751317] [vision_apriltag_node]: Service: Tag 4 found and base-frame pose returned.
[INFO] [1775577438.736182249] [vision_apriltag_node]: Service: Tag 4 found and base-frame pose returned.
[INFO] [1775577438.743381421] [vision_apriltag_node]: Service: Tag 4 found and base-frame pose returned.
[INFO] [1775577438.843882286] [vision_apriltag_node]: Service: Tag 4 found and base-frame pose returned.
[INFO] [1775577438.942717109] [vision_apriltag_node]: Service: Tag 4 found and base-frame pose returned.
[INFO] [1775577439.044706455] [vision_apriltag_node]: Service: Tag 4 found and base-frame pose returned.
[INFO] [1775577439.143635316] [vision_apriltag_node]: Service: Tag 4 found and base-frame pose returned.
[INFO] [1775577439.244145284] [vision_apriltag_node]: Service: Tag 4 found and base-frame pose returned.
[INFO] [1775577439.355317229] [vision_apriltag_node]: Service: Tag 4 found and base-frame pose returned.
[INFO] [1775577439.445676858] [vision_apriltag_node]: Service: Tag 4 found and base-frame pose returned.
[INFO] [1775577439.746589031] [vision_apriltag_node]: Service: Tag 4 found and base-frame pose returned.
[INFO] [1775577439.863690145] [vision_apriltag_node]: Service: Tag 4 found and base-frame pose returned.
[INFO] [1775577439.951198740] [vision_apriltag_node]: Service: Tag 4 found and base-frame pose returned.
[INFO] [1775577440.051494192] [vision_apriltag_node]: Service: Tag 4 found and base-frame pose returned.
[INFO] [1775577440.151930956] [vision_apriltag_node]: Service: Tag 4 found and base-frame pose returned.
[INFO] [1775577440.253176566] [vision_apriltag_node]: Service: Tag 4 found and base-frame pose returned.
[INFO] [1775577440.358512971] [vision_apriltag_node]: Service: Tag 4 found and base-frame pose returned.
[INFO] [1775577440.453523693] [vision_apriltag_node]: Service: Tag 4 found and base-frame pose returned.
[INFO] [1775577440.555680039] [vision_apriltag_node]: Service: Tag 4 found and base-frame pose returned.
[INFO] [1775577440.737971736] [vision_apriltag_node]: Service: Tag 4 found and base-frame pose returned.
[INFO] [1775577440.755636338] [vision_apriltag_node]: Service: Tag 4 found and base-frame pose returned.
[INFO] [1775577440.849660130] [vision_apriltag_node]: Service: Tag 4 found and base-frame pose returned.
[INFO] [1775577440.862932849] [vision_apriltag_node]: Service: Tag 4 found and base-frame pose returned.
[INFO] [1775577440.961217060] [vision_apriltag_node]: Service: Tag 4 found and base-frame pose returned.
[INFO] [1775577441.107727867] [vision_apriltag_node]: Service: Tag 4 found and base-frame pose returned.
[INFO] [1775577441.161773331] [vision_apriltag_node]: Service: Tag 4 found and base-frame pose returned.
[INFO] [1775577441.263008420] [vision_apriltag_node]: Service: Tag 4 found and base-frame pose returned.
[INFO] [1775577441.366871000] [vision_apriltag_node]: Service: Tag 4 found and base-frame pose returned.
[INFO] [1775577441.467005285] [vision_apriltag_node]: Service: Tag 4 found and base-frame pose returned.
[INFO] [1775577441.567841089] [vision_apriltag_node]: Service: Tag 4 found and base-frame pose returned.
[INFO] [1775577442.521762805] [vision_apriltag_node]: Vision AprilTag detection debug: no tags found after raw/CLAHE/sharp/adaptive/upscaled passes.
[INFO] [1775577442.524966278] [vision_apriltag_node]: Vision AprilTag: images are arriving, but no AprilTag has been seen for 2.1s.
[INFO] [1775577447.607184498] [vision_apriltag_node]: Vision AprilTag detection debug: no tags found after raw/CLAHE/sharp/adaptive/upscaled passes.
[INFO] [1775577448.650681363] [vision_apriltag_node]: Vision AprilTag: images are arriving, but no AprilTag has been seen for 2.2s.
[INFO] [1775577450.562565799] [vision_apriltag_node]: Vision AprilTag: images are arriving, but no AprilTag has been seen for 4.1s.
[INFO] [1775577451.439793871] [vision_apriltag_node]: Removed stale tag ID 4 from detected tags
[INFO] [1775577452.116521974] [vision_apriltag_node]: Vision AprilTag visible IDs: [4]
[INFO] [1775577452.720179706] [vision_apriltag_node]: Vision AprilTag detection debug: no tags found after raw/CLAHE/sharp/adaptive/upscaled passes.
[INFO] [1775577457.785665419] [vision_apriltag_node]: Vision AprilTag detection debug: no tags found after raw/CLAHE/sharp/adaptive/upscaled passes.
[INFO] [1775577462.815374484] [vision_apriltag_node]: Vision AprilTag detection debug: no tags found after raw/CLAHE/sharp/adaptive/upscaled passes.
[INFO] [1775577467.974808454] [vision_apriltag_node]: Vision AprilTag detection debug: no tags found after raw/CLAHE/sharp/adaptive/upscaled passes.
[INFO] [1775577472.989282927] [vision_apriltag_node]: Vision AprilTag detection debug: no tags found after raw/CLAHE/sharp/adaptive/upscaled passes.
[INFO] [1775577474.658471887] [vision_apriltag_node]: Vision AprilTag: images are arriving, but no AprilTag has been seen for 2.2s.
[INFO] [1775577478.137552990] [vision_apriltag_node]: Vision AprilTag detection debug: no tags found after raw/CLAHE/sharp/adaptive/upscaled passes.
[INFO] [1775577483.310415984] [vision_apriltag_node]: Vision AprilTag detection debug: no tags found after raw/CLAHE/sharp/adaptive/upscaled passes.
[INFO] [1775577488.440531025] [vision_apriltag_node]: Vision AprilTag detection debug: no tags found after raw/CLAHE/sharp/adaptive/upscaled passes.
