
===== 2026-04-15T15:17:37-04:00 | T1_full =====
cwd=/home/carrt-cse-project/workspace/ros2_kortex_ws
cmd=ros2 launch adl_tasks adl_start.launch.py arm_use_fake_hardware:=false use_stub:=false 

[INFO] [launch]: All log files can be found below /home/carrt-cse-project/.ros/log/2026-04-15-15-17-38-355227-carrt-cse-project-OptiPlex-5050-37831
[INFO] [launch]: Default logging verbosity is set to INFO
[INFO] [launch.user]: [arm_start.launch] MoveIt current state source: /joint_states_sanitized. Use use_joint_state_sanitizer:=false for raw-state viewer debugging.
[INFO] [launch.user]: [arm_start.launch] Using ADL controller config (share/adl_tasks/config/ros2_controllers_vbox.yaml, update_rate:=1000 Hz).
[INFO] [ros2_control_node-1]: process started with pid [37835]
[INFO] [robot_state_publisher-2]: process started with pid [37836]
[INFO] [joint_state_sanitizer-3]: process started with pid [37837]
[INFO] [spawner-4]: process started with pid [37838]
[INFO] [static_transform_publisher-5]: process started with pid [37839]
[INFO] [static_transform_publisher-6]: process started with pid [37840]
[INFO] [scene_static-7]: process started with pid [37841]
[INFO] [wrist_camera_usb_publisher-8]: process started with pid [37842]
[INFO] [vision_apriltag-9]: process started with pid [37843]
[INFO] [scene_from_vision-10]: process started with pid [37844]
[INFO] [adl_controller-11]: process started with pid [37845]
[INFO] [pick_dropped_bottle-12]: process started with pid [37846]
[INFO] [clear_table-13]: process started with pid [37847]
[INFO] [give_medication-14]: process started with pid [37848]
[INFO] [adl_ui-15]: process started with pid [37849]
[static_transform_publisher-6] [INFO] [1776280658.848398898] [camera_color_optical_bridge_tf_pub]: Spinning until stopped - publishing transform
[static_transform_publisher-6] translation: ('0.000000', '0.000000', '0.000000')
[static_transform_publisher-6] rotation: ('0.000000', '0.000000', '0.000000', '1.000000')
[static_transform_publisher-6] from 'camera_color_frame' to 'wrist_mounted_camera_color_optical_frame'
[static_transform_publisher-5] [INFO] [1776280658.876913047] [static_transform_publisher]: Spinning until stopped - publishing transform
[static_transform_publisher-5] translation: ('0.000000', '0.000000', '0.000000')
[static_transform_publisher-5] rotation: ('0.000000', '0.000000', '0.000000', '1.000000')
[static_transform_publisher-5] from 'world' to 'base_link'
[ros2_control_node-1] [INFO] [1776280658.882684910] [controller_manager]: Using Steady (Monotonic) clock for triggering controller manager cycles.
[ros2_control_node-1] [INFO] [1776280658.902472288] [controller_manager]: Subscribing to '/robot_description' topic for robot description.
[ros2_control_node-1] [INFO] [1776280658.922162596] [controller_manager]: update rate is 1000 Hz
[ros2_control_node-1] [INFO] [1776280658.922206753] [controller_manager]: Overruns handling is : enabled
[ros2_control_node-1] [INFO] [1776280658.922224496] [controller_manager]: Spawning controller_manager RT thread with scheduler priority: 50
[ros2_control_node-1] [INFO] [1776280658.922455221] [controller_manager]: Successful set up FIFO RT scheduling policy with priority 50.
[robot_state_publisher-2] [INFO] [1776280658.966126720] [robot_state_publisher]: Robot initialized
[ros2_control_node-1] [INFO] [1776280658.971997655] [controller_manager]: Received robot description from topic.
[ros2_control_node-1] [INFO] [1776280658.972067838] [controller_manager]: Enforcing command limits is disabled. Command limits from URDF will be ignored.
[ros2_control_node-1] [INFO] [1776280659.015286915] [controller_manager]: Loading hardware 'KortexMultiInterfaceHardware' 
[ros2_control_node-1] [INFO] [1776280659.078644209] [KortexMultiInterfaceHardware]: Setting severity threshold to DEBUG
[ros2_control_node-1] [INFO] [1776280659.078737015] [controller_manager]: Loaded hardware 'KortexMultiInterfaceHardware' from plugin 'kortex_driver/KortexMultiInterfaceHardware'
[ros2_control_node-1] [INFO] [1776280659.079504173] [controller_manager]: Initialize hardware 'KortexMultiInterfaceHardware' 
[ros2_control_node-1] [INFO] [1776280659.134996756] [KortexMultiInterfaceHardware]: Configuring Hardware Interface
[ros2_control_node-1] [INFO] [1776280659.135456452] [KortexMultiInterfaceHardware]: Robot ip is '192.168.0.10'
[ros2_control_node-1] [INFO] [1776280659.135469536] [KortexMultiInterfaceHardware]: Username is 'admin'
[ros2_control_node-1] [INFO] [1776280659.135484581] [KortexMultiInterfaceHardware]: Port used '10000'
[ros2_control_node-1] [INFO] [1776280659.135490723] [KortexMultiInterfaceHardware]: Realtime port used '10001'
[ros2_control_node-1] [INFO] [1776280659.135495720] [KortexMultiInterfaceHardware]: Session inactivity timeout is '60000'
[ros2_control_node-1] [INFO] [1776280659.135501005] [KortexMultiInterfaceHardware]: Connection inactivity timeout is '2000'
[ros2_control_node-1] [INFO] [1776280659.135510704] [KortexMultiInterfaceHardware]: Gripper joint name is 'robotiq_85_left_knuckle_joint'
[ros2_control_node-1] [INFO] [1776280659.135544657] [KortexMultiInterfaceHardware]: Connecting to robot at 192.168.0.10
[ros2_control_node-1] [INFO] [1776280659.148005894] [KortexMultiInterfaceHardware]: Creating session for communication
[ros2_control_node-1] [INFO] [1776280659.470356288] [KortexMultiInterfaceHardware]: Session created
[adl_controller-11] Traceback (most recent call last):
[adl_controller-11]   File "/home/carrt-cse-project/workspace/ros2_kortex_ws/install/adl_tasks/lib/adl_tasks/adl_controller", line 33, in <module>
[adl_controller-11]     sys.exit(load_entry_point('adl-tasks', 'console_scripts', 'adl_controller')())
[adl_controller-11]              ^^^^^^^^^^^^^^^^^^^^^^^^^^^^^^^^^^^^^^^^^^^^^^^^^^^^^^^^^^^^^^^^^^
[adl_controller-11]   File "/home/carrt-cse-project/workspace/ros2_kortex_ws/install/adl_tasks/lib/adl_tasks/adl_controller", line 25, in importlib_load_entry_point
[adl_controller-11]     return next(matches).load()
[adl_controller-11]            ^^^^^^^^^^^^^^^^^^^^
[adl_controller-11]   File "/usr/lib/python3.12/importlib/metadata/__init__.py", line 205, in load
[adl_controller-11]     module = import_module(match.group('module'))
[adl_controller-11]              ^^^^^^^^^^^^^^^^^^^^^^^^^^^^^^^^^^^^
[adl_controller-11]   File "/usr/lib/python3.12/importlib/__init__.py", line 90, in import_module
[adl_controller-11]     return _bootstrap._gcd_import(name[level:], package, level)
[adl_controller-11]            ^^^^^^^^^^^^^^^^^^^^^^^^^^^^^^^^^^^^^^^^^^^^^^^^^^^^
[adl_controller-11]   File "<frozen importlib._bootstrap>", line 1387, in _gcd_import
[adl_controller-11]   File "<frozen importlib._bootstrap>", line 1360, in _find_and_load
[adl_controller-11]   File "<frozen importlib._bootstrap>", line 1331, in _find_and_load_unlocked
[adl_controller-11]   File "<frozen importlib._bootstrap>", line 935, in _load_unlocked
[adl_controller-11]   File "<frozen importlib._bootstrap_external>", line 995, in exec_module
[adl_controller-11]   File "<frozen importlib._bootstrap>", line 488, in _call_with_frames_removed
[adl_controller-11]   File "/home/carrt-cse-project/workspace/ros2_kortex_ws/build/adl_tasks/adl_tasks/adl_controller.py", line 16, in <module>
[adl_controller-11]     from adl_tasks.grasp_and_place import FLOW_CONFIG
[adl_controller-11]   File "/home/carrt-cse-project/workspace/ros2_kortex_ws/build/adl_tasks/adl_tasks/grasp_and_place.py", line 408, in <module>
[adl_controller-11]     "qr_read_geometry_world_x_offset_m": MEDICATION_WORLD_X_OFFSET_M,
[adl_controller-11]                                          ^^^^^^^^^^^^^^^^^^^^^^^^^^^
[adl_controller-11] NameError: name 'MEDICATION_WORLD_X_OFFSET_M' is not defined
[ros2_control_node-1] [INFO] [1776280660.273319411] [KortexMultiInterfaceHardware]: Actuator count reported by robot is '7'
[ros2_control_node-1] [INFO] [1776280660.273539429] [KortexMultiInterfaceHardware]: Using internal bus communication for gripper!
[ros2_control_node-1] [INFO] [1776280660.273555721] [KortexMultiInterfaceHardware]: Hardware Interface successfully configured
[ros2_control_node-1] [INFO] [1776280660.273701755] [controller_manager]: Successful initialization of hardware 'KortexMultiInterfaceHardware'
[ros2_control_node-1] [DEBUG] [1776280660.273808939] [KortexMultiInterfaceHardware]: export_state_interfaces for joint: joint_1
[ros2_control_node-1] [DEBUG] [1776280660.273841259] [KortexMultiInterfaceHardware]: export_state_interfaces for joint: joint_2
[ros2_control_node-1] [DEBUG] [1776280660.273850060] [KortexMultiInterfaceHardware]: export_state_interfaces for joint: joint_3
[ros2_control_node-1] [DEBUG] [1776280660.273854861] [KortexMultiInterfaceHardware]: export_state_interfaces for joint: joint_4
[ros2_control_node-1] [DEBUG] [1776280660.273858847] [KortexMultiInterfaceHardware]: export_state_interfaces for joint: joint_5
[ros2_control_node-1] [DEBUG] [1776280660.273863242] [KortexMultiInterfaceHardware]: export_state_interfaces for joint: joint_6
[ros2_control_node-1] [DEBUG] [1776280660.273866901] [KortexMultiInterfaceHardware]: export_state_interfaces for joint: joint_7
[ros2_control_node-1] [DEBUG] [1776280660.273870703] [KortexMultiInterfaceHardware]: export_state_interfaces for joint: robotiq_85_left_knuckle_joint
[ros2_control_node-1] [INFO] [1776280660.276135853] [resource_manager]: 'configure' hardware 'KortexMultiInterfaceHardware' 
[ros2_control_node-1] [INFO] [1776280660.276191484] [resource_manager]: Successful 'configure' of hardware 'KortexMultiInterfaceHardware'
[ros2_control_node-1] [INFO] [1776280660.276265874] [resource_manager]: 'activate' hardware 'KortexMultiInterfaceHardware' 
[ros2_control_node-1] [INFO] [1776280660.276300429] [KortexMultiInterfaceHardware]: Activating KortexMultiInterfaceHardware...
[ros2_control_node-1] [INFO] [1776280660.284816436] [KortexMultiInterfaceHardware]: Gripper initial position is '0.873365'.
[ros2_control_node-1] [INFO] [1776280660.289310417] [KortexMultiInterfaceHardware]: KortexMultiInterfaceHardware successfully activated!
[ros2_control_node-1] [INFO] [1776280660.289372676] [resource_manager]: Successful 'activate' of hardware 'KortexMultiInterfaceHardware'
[ros2_control_node-1] [INFO] [1776280660.289705603] [controller_manager]: Registering statistics for : KortexMultiInterfaceHardware
[ros2_control_node-1] [INFO] [1776280660.290460621] [controller_manager]: Resource Manager has been successfully initialized. Starting Controller Manager services...
[ros2_control_node-1] [WARN] [1776280660.306912236] [controller_manager]: Overrun might occur, Total time : 17232.287 us (Expected < 1000.000 us) --> Read time : 8327.170 us, Update time : 35.182 us, Write time : 8869.935 us
[ros2_control_node-1] [WARN] [1776280660.307003479] [controller_manager]: Overrun detected! The controller manager missed its desired rate of 1000 Hz. The loop took 17.356540 ms (missed cycles : 18).
[adl_ui-15] [INFO] [1776280660.421655043] [adl_ui_node]: ADL UI Node started.
[adl_ui-15] [INFO] [1776280660.423723127] [adl_ui_node]: Automatic retract on UI load is disabled; startup sends no motion.
[adl_ui-15] [INFO] [1776280660.425770590] [adl_ui_node]: Web UI available at http://localhost:5000
[adl_ui-15]  * Serving Flask app 'adl_tasks.adl_ui'
[adl_ui-15]  * Debug mode: off
[adl_ui-15] WARNING: This is a development server. Do not use it in a production deployment. Use a production WSGI server instead.
[adl_ui-15]  * Running on all addresses (0.0.0.0)
[adl_ui-15]  * Running on http://127.0.0.1:5000
[adl_ui-15]  * Running on http://192.168.0.231:5000
[adl_ui-15] Press CTRL+C to quit
[ERROR] [adl_controller-11]: process has died [pid 37845, exit code 1, cmd '/home/carrt-cse-project/workspace/ros2_kortex_ws/install/adl_tasks/lib/adl_tasks/adl_controller --ros-args -r __node:=adl_controller_node'].
[spawner-4] [INFO] [1776280660.546507170] [spawner_joint_state_broadcaster]: waiting for service /controller_manager/list_controllers to become available...
[wrist_camera_usb_publisher-8] [INFO] [1776280660.647098248] [wrist_camera_usb_publisher_node]: USB camera publisher: trying camera source index 2.
[wrist_camera_usb_publisher-8] [INFO] [1776280660.660659142] [wrist_camera_usb_publisher_node]: USB camera publisher: opened camera source index 2.
[wrist_camera_usb_publisher-8] [INFO] [1776280660.663510709] [wrist_camera_usb_publisher_node]: Wrist Camera USB Publisher started.
[wrist_camera_usb_publisher-8] [INFO] [1776280660.665774453] [wrist_camera_usb_publisher_node]: Publishing USB camera frames on /wrist_mounted_camera/image with frame_id=wrist_mounted_camera_color_optical_frame.
[wrist_camera_usb_publisher-8] [INFO] [1776280660.668678895] [wrist_camera_usb_publisher_node]: Publishing camera info on /wrist_mounted_camera/camera_info from reference intrinsics [554.25, 554.25, 320.0, 240.0] @ 640x480.
[wrist_camera_usb_publisher-8] [INFO] [1776280660.671938547] [wrist_camera_usb_publisher_node]: Using explicit camera_matrix for CameraInfo. matrix_size=1280x720, K=[920.874267578125, 0.0, 644.7646484375, 0.0, 921.5654907226562, 343.1528625488281, 0.0, 0.0, 1.0], d=[0.0, 0.0, 0.0, 0.0, 0.0]
[wrist_camera_usb_publisher-8] [INFO] [1776280660.674302663] [wrist_camera_usb_publisher_node]: Requested source=2 size=1280x720 fps=10.0
[scene_static-7] [INFO] [1776280660.748509751] [scene_static_node]: Static Scene Node started.
[scene_static-7] [INFO] [1776280660.749324938] [scene_static_node]: WHEELCHAIR_BASE_HEIGHT = 0.36195m  |  Table surface at z = 0.088m | Table front-edge-from-base = 0.406m | Table center at x = 0.681m | table_edge_lip_margin=0.0127m | table_edge_lip_thickness=0.0127m | table_edge_lip_height=0.450m | include_wheelchair_wall=True | include_left_desk_wall=True | include_right_desk_wall=True
[scene_static-7] [INFO] [1776280660.753126183] [scene_static_node]: Wheelchair wall geometry: center=(-0.465, 0.000, 0.482) size=(0.450, 0.700, 1.688)
[joint_state_sanitizer-3] [INFO] [1776280660.770761079] [joint_state_sanitizer_node]: joint_state_sanitizer started. raw=/joint_states -> sanitized=/joint_states_sanitized
[give_medication-14] Traceback (most recent call last):
[give_medication-14]   File "/home/carrt-cse-project/workspace/ros2_kortex_ws/install/adl_tasks/lib/adl_tasks/give_medication", line 33, in <module>
[give_medication-14]     sys.exit(load_entry_point('adl-tasks', 'console_scripts', 'give_medication')())
[give_medication-14]              ^^^^^^^^^^^^^^^^^^^^^^^^^^^^^^^^^^^^^^^^^^^^^^^^^^^^^^^^^^^^^^^^^^^
[give_medication-14]   File "/home/carrt-cse-project/workspace/ros2_kortex_ws/install/adl_tasks/lib/adl_tasks/give_medication", line 25, in importlib_load_entry_point
[give_medication-14]     return next(matches).load()
[give_medication-14]            ^^^^^^^^^^^^^^^^^^^^
[give_medication-14]   File "/usr/lib/python3.12/importlib/metadata/__init__.py", line 205, in load
[give_medication-14]     module = import_module(match.group('module'))
[give_medication-14]              ^^^^^^^^^^^^^^^^^^^^^^^^^^^^^^^^^^^^
[give_medication-14]   File "/usr/lib/python3.12/importlib/__init__.py", line 90, in import_module
[give_medication-14]     return _bootstrap._gcd_import(name[level:], package, level)
[give_medication-14]            ^^^^^^^^^^^^^^^^^^^^^^^^^^^^^^^^^^^^^^^^^^^^^^^^^^^^
[give_medication-14]   File "<frozen importlib._bootstrap>", line 1387, in _gcd_import
[give_medication-14]   File "<frozen importlib._bootstrap>", line 1360, in _find_and_load
[give_medication-14]   File "<frozen importlib._bootstrap>", line 1331, in _find_and_load_unlocked
[give_medication-14]   File "<frozen importlib._bootstrap>", line 935, in _load_unlocked
[give_medication-14]   File "<frozen importlib._bootstrap_external>", line 995, in exec_module
[give_medication-14]   File "<frozen importlib._bootstrap>", line 488, in _call_with_frames_removed
[give_medication-14]   File "/home/carrt-cse-project/workspace/ros2_kortex_ws/build/adl_tasks/adl_tasks/give_medication.py", line 21, in <module>
[give_medication-14]     from adl_tasks.scene_utils import (
[give_medication-14]   File "/home/carrt-cse-project/workspace/ros2_kortex_ws/build/adl_tasks/adl_tasks/scene_utils.py", line 18, in <module>
[give_medication-14]     from adl_tasks.grasp_and_place import (
[give_medication-14]   File "/home/carrt-cse-project/workspace/ros2_kortex_ws/build/adl_tasks/adl_tasks/grasp_and_place.py", line 408, in <module>
[give_medication-14]     "qr_read_geometry_world_x_offset_m": MEDICATION_WORLD_X_OFFSET_M,
[give_medication-14]                                          ^^^^^^^^^^^^^^^^^^^^^^^^^^^
[give_medication-14] NameError: name 'MEDICATION_WORLD_X_OFFSET_M' is not defined
[adl_ui-15] 127.0.0.1 - - [15/Apr/2026 15:17:40] "GET /status_json HTTP/1.1" 200 -
[ERROR] [give_medication-14]: process has died [pid 37848, exit code 1, cmd '/home/carrt-cse-project/workspace/ros2_kortex_ws/install/adl_tasks/lib/adl_tasks/give_medication --ros-args -r __node:=give_medication_node'].
[pick_dropped_bottle-12] Traceback (most recent call last):
[pick_dropped_bottle-12]   File "/home/carrt-cse-project/workspace/ros2_kortex_ws/install/adl_tasks/lib/adl_tasks/pick_dropped_bottle", line 33, in <module>
[pick_dropped_bottle-12]     sys.exit(load_entry_point('adl-tasks', 'console_scripts', 'pick_dropped_bottle')())
[pick_dropped_bottle-12]              ^^^^^^^^^^^^^^^^^^^^^^^^^^^^^^^^^^^^^^^^^^^^^^^^^^^^^^^^^^^^^^^^^^^^^^^
[pick_dropped_bottle-12]   File "/home/carrt-cse-project/workspace/ros2_kortex_ws/install/adl_tasks/lib/adl_tasks/pick_dropped_bottle", line 25, in importlib_load_entry_point
[pick_dropped_bottle-12]     return next(matches).load()
[pick_dropped_bottle-12]            ^^^^^^^^^^^^^^^^^^^^
[pick_dropped_bottle-12]   File "/usr/lib/python3.12/importlib/metadata/__init__.py", line 205, in load
[pick_dropped_bottle-12]     module = import_module(match.group('module'))
[pick_dropped_bottle-12]              ^^^^^^^^^^^^^^^^^^^^^^^^^^^^^^^^^^^^
[pick_dropped_bottle-12]   File "/usr/lib/python3.12/importlib/__init__.py", line 90, in import_module
[pick_dropped_bottle-12]     return _bootstrap._gcd_import(name[level:], package, level)
[pick_dropped_bottle-12]            ^^^^^^^^^^^^^^^^^^^^^^^^^^^^^^^^^^^^^^^^^^^^^^^^^^^^
[pick_dropped_bottle-12]   File "<frozen importlib._bootstrap>", line 1387, in _gcd_import
[pick_dropped_bottle-12]   File "<frozen importlib._bootstrap>", line 1360, in _find_and_load
[pick_dropped_bottle-12]   File "<frozen importlib._bootstrap>", line 1331, in _find_and_load_unlocked
[pick_dropped_bottle-12]   File "<frozen importlib._bootstrap>", line 935, in _load_unlocked
[pick_dropped_bottle-12]   File "<frozen importlib._bootstrap_external>", line 995, in exec_module
[pick_dropped_bottle-12]   File "<frozen importlib._bootstrap>", line 488, in _call_with_frames_removed
[pick_dropped_bottle-12]   File "/home/carrt-cse-project/workspace/ros2_kortex_ws/build/adl_tasks/adl_tasks/pick_dropped_bottle.py", line 26, in <module>
[pick_dropped_bottle-12]     from adl_tasks.scene_utils import remove_collision_object, attach_object, detach_object
[pick_dropped_bottle-12]   File "/home/carrt-cse-project/workspace/ros2_kortex_ws/build/adl_tasks/adl_tasks/scene_utils.py", line 18, in <module>
[pick_dropped_bottle-12]     from adl_tasks.grasp_and_place import (
[pick_dropped_bottle-12]   File "/home/carrt-cse-project/workspace/ros2_kortex_ws/build/adl_tasks/adl_tasks/grasp_and_place.py", line 408, in <module>
[pick_dropped_bottle-12]     "qr_read_geometry_world_x_offset_m": MEDICATION_WORLD_X_OFFSET_M,
[pick_dropped_bottle-12]                                          ^^^^^^^^^^^^^^^^^^^^^^^^^^^
[pick_dropped_bottle-12] NameError: name 'MEDICATION_WORLD_X_OFFSET_M' is not defined
[clear_table-13] Traceback (most recent call last):
[clear_table-13]   File "/home/carrt-cse-project/workspace/ros2_kortex_ws/install/adl_tasks/lib/adl_tasks/clear_table", line 33, in <module>
[clear_table-13]     sys.exit(load_entry_point('adl-tasks', 'console_scripts', 'clear_table')())
[clear_table-13]              ^^^^^^^^^^^^^^^^^^^^^^^^^^^^^^^^^^^^^^^^^^^^^^^^^^^^^^^^^^^^^^^
[clear_table-13]   File "/home/carrt-cse-project/workspace/ros2_kortex_ws/install/adl_tasks/lib/adl_tasks/clear_table", line 25, in importlib_load_entry_point
[clear_table-13]     return next(matches).load()
[clear_table-13]            ^^^^^^^^^^^^^^^^^^^^
[clear_table-13]   File "/usr/lib/python3.12/importlib/metadata/__init__.py", line 205, in load
[clear_table-13]     module = import_module(match.group('module'))
[clear_table-13]              ^^^^^^^^^^^^^^^^^^^^^^^^^^^^^^^^^^^^
[clear_table-13]   File "/usr/lib/python3.12/importlib/__init__.py", line 90, in import_module
[clear_table-13]     return _bootstrap._gcd_import(name[level:], package, level)
[clear_table-13]            ^^^^^^^^^^^^^^^^^^^^^^^^^^^^^^^^^^^^^^^^^^^^^^^^^^^^
[clear_table-13]   File "<frozen importlib._bootstrap>", line 1387, in _gcd_import
[clear_table-13]   File "<frozen importlib._bootstrap>", line 1360, in _find_and_load
[clear_table-13]   File "<frozen importlib._bootstrap>", line 1331, in _find_and_load_unlocked
[clear_table-13]   File "<frozen importlib._bootstrap>", line 935, in _load_unlocked
[clear_table-13]   File "<frozen importlib._bootstrap_external>", line 995, in exec_module
[clear_table-13]   File "<frozen importlib._bootstrap>", line 488, in _call_with_frames_removed
[clear_table-13]   File "/home/carrt-cse-project/workspace/ros2_kortex_ws/build/adl_tasks/adl_tasks/clear_table.py", line 59, in <module>
[clear_table-13]     from adl_tasks.scene_utils import (
[clear_table-13]   File "/home/carrt-cse-project/workspace/ros2_kortex_ws/build/adl_tasks/adl_tasks/scene_utils.py", line 18, in <module>
[clear_table-13]     from adl_tasks.grasp_and_place import (
[clear_table-13]   File "/home/carrt-cse-project/workspace/ros2_kortex_ws/build/adl_tasks/adl_tasks/grasp_and_place.py", line 408, in <module>
[clear_table-13]     "qr_read_geometry_world_x_offset_m": MEDICATION_WORLD_X_OFFSET_M,
[clear_table-13]                                          ^^^^^^^^^^^^^^^^^^^^^^^^^^^
[clear_table-13] NameError: name 'MEDICATION_WORLD_X_OFFSET_M' is not defined
[ERROR] [pick_dropped_bottle-12]: process has died [pid 37846, exit code 1, cmd '/home/carrt-cse-project/workspace/ros2_kortex_ws/install/adl_tasks/lib/adl_tasks/pick_dropped_bottle --ros-args -r __node:=pick_dropped_bottle_node'].
[ERROR] [clear_table-13]: process has died [pid 37847, exit code 1, cmd '/home/carrt-cse-project/workspace/ros2_kortex_ws/install/adl_tasks/lib/adl_tasks/clear_table --ros-args -r __node:=clear_table_node'].
[scene_from_vision-10] [INFO] [1776280661.222472848] [scene_from_vision_node]: Scene From Vision Node Started
[wrist_camera_usb_publisher-8] [INFO] [1776280661.306859306] [wrist_camera_usb_publisher_node]: USB camera info active intrinsics: size=1280x720, fx=920.87, fy=921.57, cx=644.76, cy=343.15, d=array('d', [0.0, 0.0, 0.0, 0.0, 0.0])
[wrist_camera_usb_publisher-8] [INFO] [1776280661.307862563] [wrist_camera_usb_publisher_node]: USB camera publisher heartbeat: publishing 1280x720 frames on /wrist_mounted_camera/image; camera_info fx=920.87, fy=921.57, cx=644.76, cy=343.15.
[ros2_control_node-1] [WARN] [1776280661.311525631] [controller_manager]: Overrun might occur, Total time : 3848.326 us (Expected < 1000.000 us) --> Read time : 56.659 us, Update time : 24.517 us, Write time : 3767.150 us
[ros2_control_node-1] [WARN] [1776280661.311592812] [controller_manager]: Overrun detected! The controller manager missed its desired rate of 1000 Hz. The loop took 3.945366 ms (missed cycles : 4).
[scene_from_vision-10] [INFO] [1776280661.320470473] [scene_from_vision_node]: SceneFromVision: Updating planning scene. Tracking 5 object shape(s). memory_mode=True, scan_duration_s=5.0, scan_min_samples=3, scan_target_samples=8, scan_extend_step_s=1.5, scan_max_extensions=2, scan_prune_unseen_objects=False, continuous_scene_updates=False, latch_first_detection_updates=True, log_object_pose_debug=False, apply_planning_scene_service_updates=True, publish_monitored_planning_scene_updates=True, side_viewpoint=wrist_mounted_camera_color_optical_frame->base_link, reject_table_objects_outside_bounds=False.
[scene_from_vision-10] [INFO] [1776280661.322890290] [scene_from_vision_node]: SceneFromVision calibration: xy_offset=(0.040, -0.056), z_offset=0.000, yaw_deg=0.00, xy_scale=1.0000, clamp_table_objects_to_table_bounds=False, table_bounds_margin_m=0.030.
[scene_from_vision-10] [INFO] [1776280661.325278665] [scene_from_vision_node]: SceneFromVision object offsets: remote_axis=y, remote_tag_to_center_sign=-1.0, remote_tag_from_end_m=0.020, remote_world_offset=(-0.040, 0.000), cube_tag_to_center=(0.000, 0.000), cube_world_offset=(-0.030, 0.000), cube_yaw_offset_deg=0.0, medication_world_offset=(-0.160, 0.055), medication_face_to_center_m=0.030, cup_world_offset=(-0.160, 0.055), cup_face_to_center_m=0.037.
[vision_apriltag-9] [INFO] [1776280661.346267354] [vision_apriltag_node]: Vision AprilTag Node Started
[vision_apriltag-9] [INFO] [1776280661.348357622] [vision_apriltag_node]: Subscribing to camera topic: /wrist_mounted_camera/image
[vision_apriltag-9] [INFO] [1776280661.350480357] [vision_apriltag_node]: Subscribing to camera info topic: /wrist_mounted_camera/camera_info
[vision_apriltag-9] [INFO] [1776280661.352816731] [vision_apriltag_node]: Camera frame: wrist_mounted_camera_color_optical_frame | use_image_header_frame=True
[vision_apriltag-9] [INFO] [1776280661.355180929] [vision_apriltag_node]: Tag size: 0.025m | pose_cache_retention_s=20.0 | get_pose_wait_timeout_s=5.0 | max_returned_pose_age_s=20.0 | camera_params=[554.25, 554.25, 320.0, 240.0] | families=tag36h11 | quad_decimate=1.0 | requested_backend=opencv | backend=cv2.aruco | opencv_pose_solver=ippe_square | use_image_timestamp_for_tf=False
[vision_apriltag-9] [INFO] [1776280661.357392405] [vision_apriltag_node]: Top-tag known-plane projection: enabled=True, planes={3: 0.10995, 4: 0.15155}
[vision_apriltag-9] [INFO] [1776280661.359768987] [vision_apriltag_node]: pupil_apriltags tuning: nthreads=1, quad_sigma=0.0, refine_edges=1, decode_sharpening=0.25, debug=0, preprocess_variants=['raw', 'clahe', 'adaptive', 'clahe_sharp', 'clahe_up2', 'sharp_up2'], tile_search_if_empty=True, tile_search_grid=3x2, tile_search_scale=2.0, tile_search_overlap=0.25
[vision_apriltag-9] [WARN] [1776280661.362317619] [vision_apriltag_node]: pupil_apriltags is not importable by this node, so detection is using OpenCV fallback only. python=/usr/bin/python3, import_error=No module named 'pupil_apriltags'. If .venv contains pupil_apriltags, rebuild adl_tasks with that venv active or run the module with the venv Python.
[vision_apriltag-9] [INFO] [1776280661.364742943] [vision_apriltag_node]: Publishing AprilTag debug images on /vision_apriltag/debug_image at up to 1.0 Hz.
[adl_ui-15] 127.0.0.1 - - [15/Apr/2026 15:17:41] "GET /status_json HTTP/1.1" 200 -
[ros2_control_node-1] [WARN] [1776280662.313304315] [controller_manager]: Overrun might occur, Total time : 3641.621 us (Expected < 1000.000 us) --> Read time : 24.187 us, Update time : 12.907 us, Write time : 3604.527 us
[ros2_control_node-1] [WARN] [1776280662.313409603] [controller_manager]: Overrun detected! The controller manager missed its desired rate of 1000 Hz. The loop took 3.763155 ms (missed cycles : 4).
[adl_ui-15] 127.0.0.1 - - [15/Apr/2026 15:17:42] "GET /status_json HTTP/1.1" 200 -
[ros2_control_node-1] [INFO] [1776280662.553996313] [controller_manager]: Loading controller : 'joint_state_broadcaster' of type 'joint_state_broadcaster/JointStateBroadcaster'
[ros2_control_node-1] [INFO] [1776280662.554032434] [controller_manager]: Loading controller 'joint_state_broadcaster'
[ros2_control_node-1] [INFO] [1776280662.561698985] [controller_manager]: Controller 'joint_state_broadcaster' node arguments: --ros-args --params-file /home/carrt-cse-project/workspace/ros2_kortex_ws/install/adl_tasks/share/adl_tasks/config/ros2_controllers_vbox.yaml --params-file /tmp/launch_params_e72nh29y 
[spawner-4] [INFO] [1776280662.582977462] [spawner_joint_state_broadcaster]: Loaded joint_state_broadcaster
[ros2_control_node-1] [INFO] [1776280662.585090364] [controller_manager]: Configuring controller: 'joint_state_broadcaster'
[ros2_control_node-1] [INFO] [1776280662.585334000] [joint_state_broadcaster]: 'joints' or 'interfaces' parameter is empty. All available state interfaces will be published
[ros2_control_node-1] [INFO] [1776280662.601683819] [controller_manager]: Activating controllers: [ joint_state_broadcaster ]
[ros2_control_node-1] [INFO] [1776280662.605467433] [controller_manager]: Successfully switched controllers!
[ros2_control_node-1] [WARN] [1776280662.608503520] [controller_manager]: Overrun might occur, Total time : 4801.852 us (Expected < 1000.000 us) --> Read time : 60.923 us, Update time : 1678.120 us (Switch time : 1629.356 us (Switch chained mode time : 2.677 us, perform mode change time : 2.859 us, Activation time : 1614.280 us, Deactivation time : 1.593 us)), Write time : 3062.809 us
[joint_state_sanitizer-3] [WARN] [1776280662.610374692] [joint_state_sanitizer_node]: [joint_state_sanitizer] Published sanitized joint state: joint_3:+3.134->+3.132
[spawner-4] [INFO] [1776280662.610688902] [spawner_joint_state_broadcaster]: Configured and activated joint_state_broadcaster
[INFO] [spawner-4]: process has finished cleanly [pid 37838]
[scene_static-7] [WARN] [1776280663.110387106] [scene_static_node]: Planning scene service not available, waiting...
[adl_ui-15] 127.0.0.1 - - [15/Apr/2026 15:17:43] "GET /status_json HTTP/1.1" 200 -
[vision_apriltag-9] [WARN] [1776280663.283324535] [vision_apriltag_node]: Vision AprilTag: no images received yet on /wrist_mounted_camera/image.
[INFO] [spawner-16]: process started with pid [38052]
[INFO] [spawner-17]: process started with pid [38053]
[INFO] [spawner-18]: process started with pid [38054]
[INFO] [spawner-19]: process started with pid [38055]
[ros2_control_node-1] [WARN] [1776280663.314353957] [controller_manager]: Overrun might occur, Total time : 2677.367 us (Expected < 1000.000 us) --> Read time : 43.404 us, Update time : 104.805 us, Write time : 2529.158 us
[ros2_control_node-1] [WARN] [1776280663.314429861] [controller_manager]: Overrun detected! The controller manager missed its desired rate of 1000 Hz. The loop took 2.783438 ms (missed cycles : 3).
[adl_ui-15] 127.0.0.1 - - [15/Apr/2026 15:17:43] "GET /status_json HTTP/1.1" 200 -
[spawner-17] [INFO] [1776280663.923840749] [spawner_twist_controller]: waiting for service /controller_manager/list_controllers to become available...
[vision_apriltag-9] [INFO] [1776280664.072368848] [vision_apriltag_node]: Vision AprilTag camera model updated from CameraInfo: size=1280x720, fx=920.87, fy=921.57, cx=644.76, cy=343.15, d=[0.0, 0.0, 0.0, 0.0, 0.0]
[ros2_control_node-1] [WARN] [1776280664.314678569] [controller_manager]: Overrun might occur, Total time : 1994.853 us (Expected < 1000.000 us) --> Read time : 29.867 us, Update time : 76.521 us, Write time : 1888.465 us
[ros2_control_node-1] [WARN] [1776280664.314752093] [controller_manager]: Overrun detected! The controller manager missed its desired rate of 1000 Hz. The loop took 2.105310 ms (missed cycles : 3).
[vision_apriltag-9] [INFO] [1776280664.571955492] [vision_apriltag_node]: Vision AprilTag detection debug: no tags found after raw/CLAHE/sharp/adaptive/upscaled/tiled passes.
[adl_ui-15] 127.0.0.1 - - [15/Apr/2026 15:17:44] "GET /status_json HTTP/1.1" 200 -
[scene_static-7] [WARN] [1776280665.113698110] [scene_static_node]: Planning scene service not available, waiting...
[vision_apriltag-9] [INFO] [1776280665.284707550] [vision_apriltag_node]: Vision AprilTag: images are arriving on /wrist_mounted_camera/image, but no AprilTags have been detected yet.
[ros2_control_node-1] [WARN] [1776280665.315863645] [controller_manager]: Overrun might occur, Total time : 2197.894 us (Expected < 1000.000 us) --> Read time : 34.242 us, Update time : 70.198 us, Write time : 2093.454 us
[ros2_control_node-1] [WARN] [1776280665.315936137] [controller_manager]: Overrun detected! The controller manager missed its desired rate of 1000 Hz. The loop took 2.289318 ms (missed cycles : 3).
[adl_ui-15] 127.0.0.1 - - [15/Apr/2026 15:17:45] "GET /status_json HTTP/1.1" 200 -
[ros2_control_node-1] [INFO] [1776280665.678445928] [controller_manager]: Loading controller : 'twist_controller' of type 'picknik_twist_controller/PicknikTwistController'
[ros2_control_node-1] [INFO] [1776280665.678493162] [controller_manager]: Loading controller 'twist_controller'
[ros2_control_node-1] [INFO] [1776280665.684152072] [controller_manager]: Controller 'twist_controller' node arguments: --ros-args --params-file /home/carrt-cse-project/workspace/ros2_kortex_ws/install/adl_tasks/share/adl_tasks/config/ros2_controllers_vbox.yaml --params-file /tmp/launch_params_e72nh29y 
[spawner-17] [INFO] [1776280665.709064875] [spawner_twist_controller]: Loaded twist_controller
[ros2_control_node-1] [INFO] [1776280665.711914659] [controller_manager]: Configuring controller: 'twist_controller'
[ros2_control_node-1] [INFO] [1776280665.715349613] [twist_controller]: configure successful
[spawner-18] [INFO] [1776280665.889394827] [spawner_robotiq_gripper_controller]: waiting for service /controller_manager/list_controllers to become available...
[INFO] [spawner-17]: process has finished cleanly [pid 38053]
[adl_ui-15] 127.0.0.1 - - [15/Apr/2026 15:17:46] "GET /status_json HTTP/1.1" 200 -
[ros2_control_node-1] [WARN] [1776280666.317985310] [controller_manager]: Overrun might occur, Total time : 2314.786 us (Expected < 1000.000 us) --> Read time : 40.228 us, Update time : 110.772 us, Write time : 2163.786 us
[ros2_control_node-1] [WARN] [1776280666.318059687] [controller_manager]: Overrun detected! The controller manager missed its desired rate of 1000 Hz. The loop took 2.412386 ms (missed cycles : 3).
[wrist_camera_usb_publisher-8] [INFO] [1776280666.463022113] [wrist_camera_usb_publisher_node]: USB camera publisher heartbeat: publishing 1280x720 frames on /wrist_mounted_camera/image; camera_info fx=920.87, fy=921.57, cx=644.76, cy=343.15.
[adl_ui-15] 127.0.0.1 - - [15/Apr/2026 15:17:46] "GET /status_json HTTP/1.1" 200 -
[scene_static-7] [WARN] [1776280667.118180404] [scene_static_node]: Planning scene service not available, waiting...
[vision_apriltag-9] [INFO] [1776280667.290193638] [vision_apriltag_node]: Vision AprilTag: images are arriving on /wrist_mounted_camera/image, but no AprilTags have been detected yet.
[ros2_control_node-1] [WARN] [1776280667.320886129] [controller_manager]: Overrun might occur, Total time : 5218.459 us (Expected < 1000.000 us) --> Read time : 36.130 us, Update time : 105.334 us, Write time : 5076.995 us
[ros2_control_node-1] [WARN] [1776280667.320955185] [controller_manager]: Overrun detected! The controller manager missed its desired rate of 1000 Hz. The loop took 5.308353 ms (missed cycles : 6).
[ros2_control_node-1] [INFO] [1776280667.397573815] [controller_manager]: Loading controller : 'robotiq_gripper_controller' of type 'position_controllers/GripperActionController'
[ros2_control_node-1] [INFO] [1776280667.397610296] [controller_manager]: Loading controller 'robotiq_gripper_controller'
[ros2_control_node-1] [INFO] [1776280667.406115230] [controller_manager]: Controller 'robotiq_gripper_controller' node arguments: --ros-args --params-file /home/carrt-cse-project/workspace/ros2_kortex_ws/install/adl_tasks/share/adl_tasks/config/ros2_controllers_vbox.yaml --params-file /tmp/launch_params_e72nh29y 
[ros2_control_node-1] [WARN] [1776280667.431860416] [robotiq_gripper_controller]: [Deprecated]: the `position_controllers/GripperActionController` and `effort_controllers::GripperActionController` controllers are replaced by 'parallel_gripper_controllers/GripperActionController' controller
[spawner-18] [INFO] [1776280667.438675994] [spawner_robotiq_gripper_controller]: Loaded robotiq_gripper_controller
[ros2_control_node-1] [INFO] [1776280667.446799100] [controller_manager]: Configuring controller: 'robotiq_gripper_controller'
[ros2_control_node-1] [INFO] [1776280667.446948241] [robotiq_gripper_controller]: Action status changes will be monitored at 20.000000 Hz.
[ros2_control_node-1] [INFO] [1776280667.456993235] [controller_manager]: Activating controllers: [ robotiq_gripper_controller ]
[joint_state_sanitizer-3] [WARN] [1776280667.611027298] [joint_state_sanitizer_node]: [joint_state_sanitizer] Published sanitized joint state: joint_3:+3.134->+3.132
[adl_ui-15] 127.0.0.1 - - [15/Apr/2026 15:17:47] "GET /status_json HTTP/1.1" 200 -
[ros2_control_node-1] [INFO] [1776280667.665314993] [controller_manager]: Successfully switched controllers!
[ros2_control_node-1] [WARN] [1776280667.667470485] [controller_manager]: Overrun might occur, Total time : 9789.997 us (Expected < 1000.000 us) --> Read time : 49.249 us, Update time : 7348.970 us (Switch time : 7222.022 us (Switch chained mode time : 1.685 us, perform mode change time : 26.119 us, Activation time : 7183.782 us, Deactivation time : 0.930 us)), Write time : 2391.778 us
[spawner-18] [INFO] [1776280667.671542134] [spawner_robotiq_gripper_controller]: Configured and activated robotiq_gripper_controller
[INFO] [spawner-18]: process has finished cleanly [pid 38054]
[spawner-19] [INFO] [1776280668.240655108] [spawner_fault_controller]: waiting for service /controller_manager/list_controllers to become available...
[ros2_control_node-1] [WARN] [1776280668.324132366] [controller_manager]: Overrun might occur, Total time : 4451.211 us (Expected < 1000.000 us) --> Read time : 58.346 us, Update time : 138.479 us, Write time : 4254.386 us
[ros2_control_node-1] [WARN] [1776280668.324208596] [controller_manager]: Overrun detected! The controller manager missed its desired rate of 1000 Hz. The loop took 4.561254 ms (missed cycles : 5).
[adl_ui-15] 127.0.0.1 - - [15/Apr/2026 15:17:48] "GET /status_json HTTP/1.1" 200 -
[scene_static-7] [WARN] [1776280669.122134311] [scene_static_node]: Planning scene service not available, waiting...
[adl_ui-15] 127.0.0.1 - - [15/Apr/2026 15:17:49] "GET /status_json HTTP/1.1" 200 -
[ros2_control_node-1] [INFO] [1776280669.243627294] [controller_manager]: Loading controller : 'fault_controller' of type 'picknik_reset_fault_controller/PicknikResetFaultController'
[ros2_control_node-1] [INFO] [1776280669.243665163] [controller_manager]: Loading controller 'fault_controller'
[ros2_control_node-1] [INFO] [1776280669.247299378] [controller_manager]: Controller 'fault_controller' node arguments: --ros-args --params-file /home/carrt-cse-project/workspace/ros2_kortex_ws/install/adl_tasks/share/adl_tasks/config/ros2_controllers_vbox.yaml --params-file /tmp/launch_params_e72nh29y 
[spawner-19] [INFO] [1776280669.271908989] [spawner_fault_controller]: Loaded fault_controller
[ros2_control_node-1] [INFO] [1776280669.273747652] [controller_manager]: Configuring controller: 'fault_controller'
[spawner-19] [INFO] [1776280669.277986693] [spawner_fault_controller]: waiting for service /controller_manager/switch_controller to become available...
[vision_apriltag-9] [INFO] [1776280669.283594574] [vision_apriltag_node]: Vision AprilTag: images are arriving on /wrist_mounted_camera/image, but no AprilTags have been detected yet.
[ros2_control_node-1] [WARN] [1776280669.324964370] [controller_manager]: Overrun might occur, Total time : 3283.095 us (Expected < 1000.000 us) --> Read time : 65.165 us, Update time : 188.312 us, Write time : 3029.618 us
[ros2_control_node-1] [WARN] [1776280669.325037484] [controller_manager]: Overrun detected! The controller manager missed its desired rate of 1000 Hz. The loop took 3.390850 ms (missed cycles : 4).
[ros2_control_node-1] [INFO] [1776280669.528651057] [controller_manager]: Activating controllers: [ fault_controller ]
[vision_apriltag-9] [INFO] [1776280669.671078856] [vision_apriltag_node]: Vision AprilTag detection debug: no tags found after raw/CLAHE/sharp/adaptive/upscaled/tiled passes.
[ros2_control_node-1] [INFO] [1776280669.734216634] [controller_manager]: Successfully switched controllers!
[ros2_control_node-1] [WARN] [1776280669.736602960] [controller_manager]: Overrun might occur, Total time : 6932.495 us (Expected < 1000.000 us) --> Read time : 31.055 us, Update time : 4491.587 us (Switch time : 4371.149 us (Switch chained mode time : 1.008 us, perform mode change time : 17.448 us, Activation time : 4346.003 us, Deactivation time : 1.079 us)), Write time : 2409.853 us
[spawner-19] [INFO] [1776280669.740226416] [spawner_fault_controller]: Configured and activated fault_controller
[adl_ui-15] 127.0.0.1 - - [15/Apr/2026 15:17:49] "GET /status_json HTTP/1.1" 200 -
[INFO] [spawner-19]: process has finished cleanly [pid 38055]
[spawner-16] [INFO] [1776280669.952673580] [spawner_joint_trajectory_controller]: waiting for service /controller_manager/list_controllers to become available...
[ros2_control_node-1] [WARN] [1776280670.327588475] [controller_manager]: Overrun might occur, Total time : 2913.144 us (Expected < 1000.000 us) --> Read time : 35.226 us, Update time : 158.831 us, Write time : 2719.087 us
[ros2_control_node-1] [WARN] [1776280670.327699467] [controller_manager]: Overrun detected! The controller manager missed its desired rate of 1000 Hz. The loop took 3.052475 ms (missed cycles : 4).
[adl_ui-15] 127.0.0.1 - - [15/Apr/2026 15:17:50] "GET /status_json HTTP/1.1" 200 -
[scene_static-7] [WARN] [1776280671.129273995] [scene_static_node]: Planning scene service not available, waiting...
[ros2_control_node-1] [WARN] [1776280671.329900672] [controller_manager]: Overrun might occur, Total time : 5226.650 us (Expected < 1000.000 us) --> Read time : 47.754 us, Update time : 169.714 us, Write time : 5009.182 us
[ros2_control_node-1] [WARN] [1776280671.329979246] [controller_manager]: Overrun detected! The controller manager missed its desired rate of 1000 Hz. The loop took 5.331851 ms (missed cycles : 6).
[adl_ui-15] 127.0.0.1 - - [15/Apr/2026 15:17:51] "GET /status_json HTTP/1.1" 200 -
[wrist_camera_usb_publisher-8] [INFO] [1776280671.465596166] [wrist_camera_usb_publisher_node]: USB camera publisher heartbeat: publishing 1280x720 frames on /wrist_mounted_camera/image; camera_info fx=920.87, fy=921.57, cx=644.76, cy=343.15.
[vision_apriltag-9] [INFO] [1776280671.479623154] [vision_apriltag_node]: Vision AprilTag: images are arriving on /wrist_mounted_camera/image, but no AprilTags have been detected yet.
[ros2_control_node-1] [INFO] [1776280671.712493814] [controller_manager]: Loading controller : 'joint_trajectory_controller' of type 'joint_trajectory_controller/JointTrajectoryController'
[ros2_control_node-1] [INFO] [1776280671.712532332] [controller_manager]: Loading controller 'joint_trajectory_controller'
[ros2_control_node-1] [INFO] [1776280671.720134992] [controller_manager]: Controller 'joint_trajectory_controller' node arguments: --ros-args --params-file /home/carrt-cse-project/workspace/ros2_kortex_ws/install/adl_tasks/share/adl_tasks/config/ros2_controllers_vbox.yaml --params-file /tmp/launch_params_e72nh29y 
[spawner-16] [INFO] [1776280671.830590138] [spawner_joint_trajectory_controller]: Loaded joint_trajectory_controller
[ros2_control_node-1] [INFO] [1776280671.842087736] [controller_manager]: Configuring controller: 'joint_trajectory_controller'
[ros2_control_node-1] [INFO] [1776280671.842981983] [joint_trajectory_controller]: No specific joint names are used for command interfaces. Using 'joints' parameter.
[ros2_control_node-1] [INFO] [1776280671.843320127] [joint_trajectory_controller]: Command interfaces are [position] and state interfaces are [position velocity].
[ros2_control_node-1] [INFO] [1776280671.843547114] [joint_trajectory_controller]: Using 'splines' interpolation method.
[ros2_control_node-1] [INFO] [1776280671.850907833] [joint_trajectory_controller]: Action status changes will be monitored at 10.00 Hz.
[ros2_control_node-1] [INFO] [1776280671.882186524] [controller_manager]: Activating controllers: [ joint_trajectory_controller ]
[ros2_control_node-1] [INFO] [1776280672.102690130] [controller_manager]: Successfully switched controllers!
[ros2_control_node-1] [WARN] [1776280672.104947680] [controller_manager]: Overrun might occur, Total time : 22279.054 us (Expected < 1000.000 us) --> Read time : 35.359 us, Update time : 19954.063 us (Switch time : 19806.626 us (Switch chained mode time : 3.892 us, perform mode change time : 18931.693 us, Activation time : 864.176 us, Deactivation time : 1.230 us)), Write time : 2289.632 us
[spawner-16] [INFO] [1776280672.109196075] [spawner_joint_trajectory_controller]: Configured and activated joint_trajectory_controller
[adl_ui-15] 127.0.0.1 - - [15/Apr/2026 15:17:52] "GET /status_json HTTP/1.1" 200 -
[INFO] [spawner-16]: process has finished cleanly [pid 38052]
[ros2_control_node-1] [WARN] [1776280672.332096999] [controller_manager]: Overrun might occur, Total time : 2427.952 us (Expected < 1000.000 us) --> Read time : 45.234 us, Update time : 262.826 us, Write time : 2119.892 us
[ros2_control_node-1] [WARN] [1776280672.332187846] [controller_manager]: Overrun detected! The controller manager missed its desired rate of 1000 Hz. The loop took 2.541019 ms (missed cycles : 3).
[joint_state_sanitizer-3] [WARN] [1776280672.613314598] [joint_state_sanitizer_node]: [joint_state_sanitizer] Published sanitized joint state: joint_3:+3.134->+3.132
[adl_ui-15] 127.0.0.1 - - [15/Apr/2026 15:17:52] "GET /status_json HTTP/1.1" 200 -
[scene_static-7] [WARN] [1776280673.131773917] [scene_static_node]: Planning scene service not available, waiting...
[vision_apriltag-9] [INFO] [1776280673.283099116] [vision_apriltag_node]: Vision AprilTag: images are arriving on /wrist_mounted_camera/image, but no AprilTags have been detected yet.
[ros2_control_node-1] [WARN] [1776280673.334715882] [controller_manager]: Overrun might occur, Total time : 3022.896 us (Expected < 1000.000 us) --> Read time : 70.696 us, Update time : 402.038 us, Write time : 2550.162 us
[ros2_control_node-1] [WARN] [1776280673.334839244] [controller_manager]: Overrun detected! The controller manager missed its desired rate of 1000 Hz. The loop took 3.190967 ms (missed cycles : 4).
[adl_ui-15] 127.0.0.1 - - [15/Apr/2026 15:17:53] "GET /status_json HTTP/1.1" 200 -
[INFO] [move_group-20]: process started with pid [38155]
[INFO] [rviz2-21]: process started with pid [38156]
[move_group-20] [INFO] [1776280674.156930316] [move_group.moveit.moveit.ros.rdf_loader]: Loaded robot model in 0.0103967 seconds
[move_group-20] [INFO] [1776280674.157127883] [move_group.moveit.moveit.core.robot_model]: Loading robot model 'gen3'...
[move_group-20] [INFO] [1776280674.157152331] [move_group.moveit.moveit.core.robot_model]: No root/virtual joint specified in SRDF. Assuming fixed joint
[move_group-20] [INFO] [1776280674.320951485] [move_group.moveit.moveit.kinematics.kdl_kinematics_plugin]: Joint weights for group 'manipulator': 1 1 1 1 1 1 1
[ros2_control_node-1] [WARN] [1776280674.336062937] [controller_manager]: Overrun might occur, Total time : 3374.308 us (Expected < 1000.000 us) --> Read time : 48.023 us, Update time : 336.115 us, Write time : 2990.170 us
[ros2_control_node-1] [WARN] [1776280674.336161654] [controller_manager]: Overrun detected! The controller manager missed its desired rate of 1000 Hz. The loop took 3.513659 ms (missed cycles : 4).
[adl_ui-15] 127.0.0.1 - - [15/Apr/2026 15:17:54] "GET /status_json HTTP/1.1" 200 -
[ros2_control_node-1] [INFO] [1776280674.530503652] [controller_manager]: Received robot description from topic.
[ros2_control_node-1] [WARN] [1776280674.530545702] [controller_manager]: ResourceManager has already loaded a urdf. Ignoring attempt to reload a robot description.
[rviz2-21] [INFO] [1776280674.543307801] [rviz2]: Stereo is NOT SUPPORTED
[rviz2-21] [INFO] [1776280674.543397954] [rviz2]: OpenGl version: 4.6 (GLSL 4.6)
[rviz2-21] [INFO] [1776280674.589943470] [rviz2]: Stereo is NOT SUPPORTED
[rviz2-21] Warning: class_loader.impl: SEVERE WARNING!!! A namespace collision has occurred with plugin factory for class rviz_default_plugins::displays::InteractiveMarkerDisplay. New factory will OVERWRITE existing one. This situation occurs when libraries containing plugins are directly linked against an executable (the one running right now generating this message). Please separate plugins out into their own library or just don't link against the library and use either class_loader::ClassLoader/MultiLibraryClassLoader to open.
[rviz2-21]          at line 321 in /opt/ros/jazzy/include/class_loader/class_loader/class_loader_core.hpp
[rviz2-21] [WARN] [1776280674.810600437] [rcl.logging_rosout]: Publisher already registered for node name: 'rviz2_moveit'. If this is due to multiple nodes with the same name then all logs for the logger named 'rviz2_moveit' will go out over the existing publisher. As soon as any node with that name is destructed it will unregister the publisher, preventing any further logs for that name from being published on the rosout topic.
[move_group-20] [INFO] [1776280674.848768961] [move_group.moveit.moveit.ros.planning_scene_monitor]: Publishing maintained planning scene on 'monitored_planning_scene'
[move_group-20] [INFO] [1776280674.848997707] [move_group.moveit.moveit.ros.moveit_cpp]: Listening to 'joint_states' for joint states
[move_group-20] [INFO] [1776280674.851659897] [move_group.moveit.moveit.ros.current_state_monitor]: Listening to joint states on topic 'joint_states'
[move_group-20] [INFO] [1776280674.853684185] [move_group.moveit.moveit.ros.planning_scene_monitor]: Listening to '/attached_collision_object' for attached collision objects
[move_group-20] [INFO] [1776280674.853723052] [move_group.moveit.moveit.ros.planning_scene_monitor]: Stopping existing planning scene publisher.
[move_group-20] [INFO] [1776280674.853922588] [move_group.moveit.moveit.ros.planning_scene_monitor]: Stopped publishing maintained planning scene.
[move_group-20] [INFO] [1776280674.855610003] [move_group.moveit.moveit.ros.planning_scene_monitor]: Publishing maintained planning scene on 'monitored_planning_scene'
[move_group-20] [INFO] [1776280674.855723049] [move_group.moveit.moveit.ros.planning_scene_monitor]: Starting planning scene monitor
[move_group-20] [INFO] [1776280674.857882551] [move_group.moveit.moveit.ros.planning_scene_monitor]: Listening to '/planning_scene'
[move_group-20] [INFO] [1776280674.857921700] [move_group.moveit.moveit.ros.planning_scene_monitor]: Starting world geometry update monitor for collision objects, attached objects, octomap updates.
[move_group-20] [INFO] [1776280674.862043742] [move_group.moveit.moveit.ros.planning_scene_monitor]: Listening to 'collision_object'
[move_group-20] [INFO] [1776280674.869566814] [move_group.moveit.moveit.ros.planning_scene_monitor]: Listening to 'planning_scene_world' for planning scene world geometry
[move_group-20] [WARN] [1776280674.870662701] [move_group.moveit.moveit.ros.occupancy_map_monitor]: Resolution not specified for Octomap. Assuming resolution = 0.1 instead
[move_group-20] [ERROR] [1776280674.870700123] [move_group.moveit.moveit.ros.occupancy_map_monitor]: No 3D sensor plugin(s) defined for octomap updates
[vision_apriltag-9] [INFO] [1776280675.110562547] [vision_apriltag_node]: Vision AprilTag detection debug: no tags found after raw/CLAHE/sharp/adaptive/upscaled/tiled passes.
[scene_static-7] [WARN] [1776280675.137131988] [scene_static_node]: Planning scene service not available, waiting...
[adl_ui-15] 127.0.0.1 - - [15/Apr/2026 15:17:55] "GET /status_json HTTP/1.1" 200 -
[vision_apriltag-9] [INFO] [1776280675.303670044] [vision_apriltag_node]: Vision AprilTag: images are arriving on /wrist_mounted_camera/image, but no AprilTags have been detected yet.
[ros2_control_node-1] [WARN] [1776280675.336325745] [controller_manager]: Overrun might occur, Total time : 2658.968 us (Expected < 1000.000 us) --> Read time : 36.087 us, Update time : 216.143 us, Write time : 2406.738 us
[ros2_control_node-1] [WARN] [1776280675.336400145] [controller_manager]: Overrun detected! The controller manager missed its desired rate of 1000 Hz. The loop took 2.753688 ms (missed cycles : 3).
[move_group-20] [INFO] [1776280675.910551854] [move_group.moveit.moveit.ros.planning_pipeline]: Successfully loaded planner 'OMPL'
[move_group-20] [INFO] [1776280675.915742269] [move_group]: Try loading adapter 'default_planning_request_adapters/ResolveConstraintFrames'
[move_group-20] [INFO] [1776280675.917581634] [move_group]: Loaded adapter 'default_planning_request_adapters/ResolveConstraintFrames'
[move_group-20] [INFO] [1776280675.917619062] [move_group]: Try loading adapter 'default_planning_request_adapters/ValidateWorkspaceBounds'
[move_group-20] [INFO] [1776280675.918434761] [move_group]: Loaded adapter 'default_planning_request_adapters/ValidateWorkspaceBounds'
[move_group-20] [INFO] [1776280675.918460126] [move_group]: Try loading adapter 'default_planning_request_adapters/CheckStartStateBounds'
[move_group-20] [INFO] [1776280675.918502678] [move_group]: Loaded adapter 'default_planning_request_adapters/CheckStartStateBounds'
[move_group-20] [INFO] [1776280675.918511658] [move_group]: Try loading adapter 'default_planning_request_adapters/CheckStartStateCollision'
[move_group-20] [INFO] [1776280675.918529548] [move_group]: Loaded adapter 'default_planning_request_adapters/CheckStartStateCollision'
[adl_ui-15] 127.0.0.1 - - [15/Apr/2026 15:17:55] "GET /status_json HTTP/1.1" 200 -
[move_group-20] [INFO] [1776280675.923887527] [move_group]: Try loading adapter 'default_planning_response_adapters/AddTimeOptimalParameterization'
[move_group-20] [INFO] [1776280675.927656840] [move_group]: Loaded adapter 'default_planning_response_adapters/AddTimeOptimalParameterization'
[move_group-20] [INFO] [1776280675.927688716] [move_group]: Try loading adapter 'default_planning_response_adapters/ValidateSolution'
[move_group-20] [INFO] [1776280675.931182693] [move_group]: Loaded adapter 'default_planning_response_adapters/ValidateSolution'
[move_group-20] [INFO] [1776280675.931214291] [move_group]: Try loading adapter 'default_planning_response_adapters/DisplayMotionPath'
[move_group-20] [INFO] [1776280675.932374414] [move_group]: Loaded adapter 'default_planning_response_adapters/DisplayMotionPath'
[move_group-20] [INFO] [1776280675.997419480] [move_group.moveit.moveit.plugins.simple_controller_manager]: Added FollowJointTrajectory controller for joint_trajectory_controller
[move_group-20] [INFO] [1776280675.997489001] [move_group.moveit.moveit.plugins.simple_controller_manager]: robotiq_gripper_controller will command a max effort of: 0
[move_group-20] [INFO] [1776280676.002728910] [move_group.moveit.moveit.plugins.simple_controller_manager]: Added GripperCommand controller for robotiq_gripper_controller
[move_group-20] [INFO] [1776280676.002968270] [move_group.moveit.moveit.plugins.simple_controller_manager]: Returned 2 controllers in list
[move_group-20] [INFO] [1776280676.003014262] [move_group.moveit.moveit.plugins.simple_controller_manager]: Returned 2 controllers in list
[move_group-20] [INFO] [1776280676.003682284] [move_group.moveit.moveit.ros.trajectory_execution_manager]: Trajectory execution is managing controllers
[move_group-20] [INFO] [1776280676.003721466] [move_group]: MoveGroup debug mode is ON
[move_group-20] [INFO] [1776280676.039608524] [move_group.moveit.moveit.ros.move_group.executable]: 
[move_group-20] 
[move_group-20] ********************************************************
[move_group-20] * MoveGroup using: 
[move_group-20] *     - apply_planning_scene_service
[move_group-20] *     - clear_octomap_service
[move_group-20] *     - get_group_urdf
[move_group-20] *     - load_geometry_from_file
[move_group-20] *     - CartesianPathService
[move_group-20] *     - execute_trajectory_action
[move_group-20] *     - get_planning_scene_service
[move_group-20] *     - kinematics_service
[move_group-20] *     - move_action
[move_group-20] *     - motion_plan_service
[move_group-20] *     - query_planners_service
[move_group-20] *     - state_validation_service
[move_group-20] *     - save_geometry_to_file
[move_group-20] ********************************************************
[move_group-20] 
[move_group-20] [INFO] [1776280676.039669287] [move_group.moveit.moveit.ros.move_group.context]: MoveGroup context using pipeline ompl
[move_group-20] [INFO] [1776280676.039689432] [move_group.moveit.moveit.ros.move_group.context]: MoveGroup context initialization complete
[move_group-20] [96mLoading 'move_group/ApplyPlanningSceneService'...[0m
[move_group-20] [96mLoading 'move_group/ClearOctomapService'...[0m
[move_group-20] [96mLoading 'move_group/GetUrdfService'...[0m
[move_group-20] [96mLoading 'move_group/LoadGeometryFromFileService'...[0m
[move_group-20] [96mLoading 'move_group/MoveGroupCartesianPathService'...[0m
[move_group-20] [96mLoading 'move_group/MoveGroupExecuteTrajectoryAction'...[0m
[move_group-20] [96mLoading 'move_group/MoveGroupGetPlanningSceneService'...[0m
[move_group-20] [96mLoading 'move_group/MoveGroupKinematicsService'...[0m
[move_group-20] [96mLoading 'move_group/MoveGroupMoveAction'...[0m
[move_group-20] [96mLoading 'move_group/MoveGroupPlanService'...[0m
[move_group-20] [96mLoading 'move_group/MoveGroupQueryPlannersService'...[0m
[move_group-20] [96mLoading 'move_group/MoveGroupStateValidationService'...[0m
[move_group-20] [96mLoading 'move_group/SaveGeometryToFileService'...[0m
[move_group-20] 
[move_group-20] [92mYou can start planning now![0m
[move_group-20] 
[ros2_control_node-1] [WARN] [1776280676.339710078] [controller_manager]: Overrun might occur, Total time : 3041.754 us (Expected < 1000.000 us) --> Read time : 34.185 us, Update time : 224.252 us, Write time : 2783.317 us
[ros2_control_node-1] [WARN] [1776280676.339792980] [controller_manager]: Overrun detected! The controller manager missed its desired rate of 1000 Hz. The loop took 3.138045 ms (missed cycles : 4).
[wrist_camera_usb_publisher-8] [INFO] [1776280676.611457628] [wrist_camera_usb_publisher_node]: USB camera publisher heartbeat: publishing 1280x720 frames on /wrist_mounted_camera/image; camera_info fx=920.87, fy=921.57, cx=644.76, cy=343.15.
[scene_static-7] [INFO] [1776280676.640139660] [scene_static_node]: Planning scene service available. Building static scene...
[scene_static-7] [INFO] [1776280676.656138334] [scene_static_node]: Static scene built: 20 objects added to MoveIt planning scene.
[adl_ui-15] 127.0.0.1 - - [15/Apr/2026 15:17:56] "GET /status_json HTTP/1.1" 200 -
[vision_apriltag-9] [INFO] [1776280677.283213814] [vision_apriltag_node]: Vision AprilTag: images are arriving on /wrist_mounted_camera/image, but no AprilTags have been detected yet.
[ros2_control_node-1] [WARN] [1776280677.341980975] [controller_manager]: Overrun might occur, Total time : 2313.268 us (Expected < 1000.000 us) --> Read time : 31.578 us, Update time : 202.441 us, Write time : 2079.249 us
[ros2_control_node-1] [WARN] [1776280677.342063373] [controller_manager]: Overrun detected! The controller manager missed its desired rate of 1000 Hz. The loop took 2.416886 ms (missed cycles : 3).
[adl_ui-15] 127.0.0.1 - - [15/Apr/2026 15:17:57] "GET /status_json HTTP/1.1" 200 -
[joint_state_sanitizer-3] [WARN] [1776280677.615383090] [joint_state_sanitizer_node]: [joint_state_sanitizer] Published sanitized joint state: joint_3:+3.134->+3.132
[rviz2-21] [ERROR] [1776280677.902282187] [rviz2_moveit.moveit.ros.motion_planning_frame]: Action server: /recognize_objects not available
[rviz2-21] [INFO] [1776280677.961122621] [rviz2_moveit.moveit.ros.motion_planning_frame]: MoveGroup namespace changed: / -> . Reloading params.
[rviz2-21] [INFO] [1776280678.044418968] [rviz2_moveit.moveit.ros.rdf_loader]: Loaded robot model in 0.0162512 seconds
[rviz2-21] [INFO] [1776280678.044531635] [rviz2_moveit.moveit.core.robot_model]: Loading robot model 'gen3'...
[rviz2-21] [INFO] [1776280678.044563704] [rviz2_moveit.moveit.core.robot_model]: No root/virtual joint specified in SRDF. Assuming fixed joint
[rviz2-21] [INFO] [1776280678.242168226] [rviz2_moveit.moveit.kinematics.kdl_kinematics_plugin]: Joint weights for group 'manipulator': 1 1 1 1 1 1 1
[adl_ui-15] 127.0.0.1 - - [15/Apr/2026 15:17:58] "GET /status_json HTTP/1.1" 200 -
[ros2_control_node-1] [WARN] [1776280678.343162357] [controller_manager]: Overrun might occur, Total time : 2481.642 us (Expected < 1000.000 us) --> Read time : 67.646 us, Update time : 335.408 us, Write time : 2078.588 us
[ros2_control_node-1] [WARN] [1776280678.343238351] [controller_manager]: Overrun detected! The controller manager missed its desired rate of 1000 Hz. The loop took 2.591687 ms (missed cycles : 3).
[rviz2-21] [INFO] [1776280678.701656417] [rviz2_moveit.moveit.ros.planning_scene_monitor]: Starting planning scene monitor
[rviz2-21] [INFO] [1776280678.704428862] [rviz2_moveit.moveit.ros.planning_scene_monitor]: Listening to '/monitored_planning_scene'
[adl_ui-15] 127.0.0.1 - - [15/Apr/2026 15:17:58] "GET /status_json HTTP/1.1" 200 -
[rviz2-21] [INFO] [1776280679.050978470] [interactive_marker_display_106778042885232]: Connected on namespace: /rviz_moveit_motion_planning_display/robot_interaction_interactive_marker_topic
[rviz2-21] [INFO] [1776280679.059190544] [rviz2_moveit.moveit.ros.robot_interaction]: No active joints or end effectors found for group 'gripper'. Make sure that kinematics.yaml is loaded in this node's namespace.
[rviz2-21] [INFO] [1776280679.060208661] [rviz2_moveit.moveit.ros.robot_interaction]: No active joints or end effectors found for group 'gripper'. Make sure that kinematics.yaml is loaded in this node's namespace.
[rviz2-21] [INFO] [1776280679.069335681] [rviz2_moveit.moveit.ros.motion_planning_frame]: group gripper
[rviz2-21] [INFO] [1776280679.069375684] [rviz2_moveit.moveit.ros.motion_planning_frame]: Constructing new MoveGroup connection for group 'gripper' in namespace ''
[rviz2-21] [INFO] [1776280679.084400780] [interactive_marker_display_106778042885232]: Sending request for interactive markers
[rviz2-21] [INFO] [1776280679.116428786] [rviz2_moveit.moveit.ros.move_group_interface]: Ready to take commands for planning group gripper.
[rviz2-21] [INFO] [1776280679.117228767] [rviz2_moveit.moveit.ros.motion_planning_frame]: group gripper
[rviz2-21] [INFO] [1776280679.121382992] [interactive_marker_display_106778042885232]: Service response received for initialization
[vision_apriltag-9] [INFO] [1776280679.285185836] [vision_apriltag_node]: Vision AprilTag: images are arriving on /wrist_mounted_camera/image, but no AprilTags have been detected yet.
[ros2_control_node-1] [WARN] [1776280679.346515138] [controller_manager]: Overrun might occur, Total time : 3830.584 us (Expected < 1000.000 us) --> Read time : 54.491 us, Update time : 308.272 us, Write time : 3467.821 us
[ros2_control_node-1] [WARN] [1776280679.346674310] [controller_manager]: Overrun detected! The controller manager missed its desired rate of 1000 Hz. The loop took 4.026836 ms (missed cycles : 5).
[adl_ui-15] 127.0.0.1 - - [15/Apr/2026 15:17:59] "GET /status_json HTTP/1.1" 200 -
[ros2_control_node-1] [WARN] [1776280680.348292700] [controller_manager]: Overrun might occur, Total time : 2618.390 us (Expected < 1000.000 us) --> Read time : 38.342 us, Update time : 328.031 us, Write time : 2252.017 us
[ros2_control_node-1] [WARN] [1776280680.348376638] [controller_manager]: Overrun detected! The controller manager missed its desired rate of 1000 Hz. The loop took 2.729742 ms (missed cycles : 3).
[vision_apriltag-9] [INFO] [1776280680.395452231] [vision_apriltag_node]: Vision AprilTag detection debug: no tags found after raw/CLAHE/sharp/adaptive/upscaled/tiled passes.
[adl_ui-15] 127.0.0.1 - - [15/Apr/2026 15:18:00] "GET /status_json HTTP/1.1" 200 -
[adl_ui-15] 127.0.0.1 - - [15/Apr/2026 15:18:01] "GET /status_json HTTP/1.1" 200 -
[vision_apriltag-9] [INFO] [1776280681.288095618] [vision_apriltag_node]: Vision AprilTag: images are arriving on /wrist_mounted_camera/image, but no AprilTags have been detected yet.
[ros2_control_node-1] [WARN] [1776280681.351807112] [controller_manager]: Overrun might occur, Total time : 3122.300 us (Expected < 1000.000 us) --> Read time : 44.476 us, Update time : 344.911 us, Write time : 2732.913 us
[ros2_control_node-1] [WARN] [1776280681.351882772] [controller_manager]: Overrun detected! The controller manager missed its desired rate of 1000 Hz. The loop took 3.236122 ms (missed cycles : 4).
[wrist_camera_usb_publisher-8] [INFO] [1776280681.776650681] [wrist_camera_usb_publisher_node]: USB camera publisher heartbeat: publishing 1280x720 frames on /wrist_mounted_camera/image; camera_info fx=920.87, fy=921.57, cx=644.76, cy=343.15.
[adl_ui-15] 127.0.0.1 - - [15/Apr/2026 15:18:02] "GET /status_json HTTP/1.1" 200 -
[ros2_control_node-1] [WARN] [1776280682.352316636] [controller_manager]: Overrun might occur, Total time : 2648.002 us (Expected < 1000.000 us) --> Read time : 35.176 us, Update time : 225.201 us, Write time : 2387.625 us
[ros2_control_node-1] [WARN] [1776280682.352404695] [controller_manager]: Overrun detected! The controller manager missed its desired rate of 1000 Hz. The loop took 2.757464 ms (missed cycles : 3).
[joint_state_sanitizer-3] [WARN] [1776280682.617452614] [joint_state_sanitizer_node]: [joint_state_sanitizer] Published sanitized joint state: joint_3:+3.134->+3.132
[adl_ui-15] 127.0.0.1 - - [15/Apr/2026 15:18:02] "GET /status_json HTTP/1.1" 200 -
[vision_apriltag-9] [INFO] [1776280683.284444083] [vision_apriltag_node]: Vision AprilTag: images are arriving on /wrist_mounted_camera/image, but no AprilTags have been detected yet.
[ros2_control_node-1] [WARN] [1776280683.353179135] [controller_manager]: Overrun might occur, Total time : 2507.083 us (Expected < 1000.000 us) --> Read time : 38.246 us, Update time : 274.187 us, Write time : 2194.650 us
[ros2_control_node-1] [WARN] [1776280683.353307944] [controller_manager]: Overrun detected! The controller manager missed its desired rate of 1000 Hz. The loop took 2.660176 ms (missed cycles : 3).
[adl_ui-15] 127.0.0.1 - - [15/Apr/2026 15:18:03] "GET /status_json HTTP/1.1" 200 -
[adl_ui-15] 127.0.0.1 - - [15/Apr/2026 15:18:04] "GET /status_json HTTP/1.1" 200 -
[ros2_control_node-1] [WARN] [1776280684.353244157] [controller_manager]: Overrun might occur, Total time : 2562.343 us (Expected < 1000.000 us) --> Read time : 29.834 us, Update time : 236.788 us, Write time : 2295.721 us
[ros2_control_node-1] [WARN] [1776280684.353318069] [controller_manager]: Overrun detected! The controller manager missed its desired rate of 1000 Hz. The loop took 2.671655 ms (missed cycles : 3).
[adl_ui-15] 127.0.0.1 - - [15/Apr/2026 15:18:05] "GET /status_json HTTP/1.1" 200 -
[vision_apriltag-9] [INFO] [1776280685.290892514] [vision_apriltag_node]: Vision AprilTag: images are arriving on /wrist_mounted_camera/image, but no AprilTags have been detected yet.
[ros2_control_node-1] [WARN] [1776280685.355492563] [controller_manager]: Overrun might occur, Total time : 2830.796 us (Expected < 1000.000 us) --> Read time : 29.418 us, Update time : 210.119 us, Write time : 2591.259 us
[ros2_control_node-1] [WARN] [1776280685.355557745] [controller_manager]: Overrun detected! The controller manager missed its desired rate of 1000 Hz. The loop took 2.910826 ms (missed cycles : 3).
[adl_ui-15] 127.0.0.1 - - [15/Apr/2026 15:18:05] "GET /status_json HTTP/1.1" 200 -
[vision_apriltag-9] [INFO] [1776280685.866031570] [vision_apriltag_node]: Vision AprilTag detection debug: no tags found after raw/CLAHE/sharp/adaptive/upscaled/tiled passes.
[ros2_control_node-1] [WARN] [1776280686.355683548] [controller_manager]: Overrun might occur, Total time : 3006.008 us (Expected < 1000.000 us) --> Read time : 43.784 us, Update time : 307.455 us, Write time : 2654.769 us
[ros2_control_node-1] [WARN] [1776280686.355806125] [controller_manager]: Overrun detected! The controller manager missed its desired rate of 1000 Hz. The loop took 3.158874 ms (missed cycles : 4).
[adl_ui-15] 127.0.0.1 - - [15/Apr/2026 15:18:06] "GET /status_json HTTP/1.1" 200 -
[wrist_camera_usb_publisher-8] [INFO] [1776280686.946173148] [wrist_camera_usb_publisher_node]: USB camera publisher heartbeat: publishing 1280x720 frames on /wrist_mounted_camera/image; camera_info fx=920.87, fy=921.57, cx=644.76, cy=343.15.
[adl_ui-15] 127.0.0.1 - - [15/Apr/2026 15:18:07] "GET /status_json HTTP/1.1" 200 -
[vision_apriltag-9] [INFO] [1776280687.284253759] [vision_apriltag_node]: Vision AprilTag: images are arriving on /wrist_mounted_camera/image, but no AprilTags have been detected yet.
[ros2_control_node-1] [WARN] [1776280687.357327453] [controller_manager]: Overrun might occur, Total time : 2663.784 us (Expected < 1000.000 us) --> Read time : 33.365 us, Update time : 241.558 us, Write time : 2388.861 us
[ros2_control_node-1] [WARN] [1776280687.357411506] [controller_manager]: Overrun detected! The controller manager missed its desired rate of 1000 Hz. The loop took 2.765077 ms (missed cycles : 3).
[joint_state_sanitizer-3] [WARN] [1776280687.619986135] [joint_state_sanitizer_node]: [joint_state_sanitizer] Published sanitized joint state: joint_3:+3.134->+3.132
[adl_ui-15] 127.0.0.1 - - [15/Apr/2026 15:18:08] "GET /status_json HTTP/1.1" 200 -
[ros2_control_node-1] [WARN] [1776280688.359202734] [controller_manager]: Overrun might occur, Total time : 2538.767 us (Expected < 1000.000 us) --> Read time : 33.872 us, Update time : 226.498 us, Write time : 2278.397 us
[ros2_control_node-1] [WARN] [1776280688.359275553] [controller_manager]: Overrun detected! The controller manager missed its desired rate of 1000 Hz. The loop took 2.628975 ms (missed cycles : 3).
[adl_ui-15] 127.0.0.1 - - [15/Apr/2026 15:18:08] "GET /status_json HTTP/1.1" 200 -
[ros2_control_node-1] [WARN] [1776280689.360481488] [controller_manager]: Overrun might occur, Total time : 3814.288 us (Expected < 1000.000 us) --> Read time : 33.588 us, Update time : 253.050 us, Write time : 3527.650 us
[ros2_control_node-1] [WARN] [1776280689.360563636] [controller_manager]: Overrun detected! The controller manager missed its desired rate of 1000 Hz. The loop took 3.916609 ms (missed cycles : 4).
[adl_ui-15] [INFO] [1776280689.486289131] [adl_ui_node]: UI command published: give_medication
[adl_ui-15] 127.0.0.1 - - [15/Apr/2026 15:18:09] "POST /command HTTP/1.1" 200 -
[adl_ui-15] 127.0.0.1 - - [15/Apr/2026 15:18:09] "GET /status_json HTTP/1.1" 200 -
[adl_ui-15] 127.0.0.1 - - [15/Apr/2026 15:18:09] "GET /status_json HTTP/1.1" 200 -
[vision_apriltag-9] [INFO] [1776280689.743444916] [vision_apriltag_node]: Vision AprilTag: images are arriving on /wrist_mounted_camera/image, but no AprilTags have been detected yet.
[adl_ui-15] 127.0.0.1 - - [15/Apr/2026 15:18:10] "GET /status_json HTTP/1.1" 200 -
[ros2_control_node-1] [WARN] [1776280690.363891735] [controller_manager]: Overrun might occur, Total time : 3189.128 us (Expected < 1000.000 us) --> Read time : 123.146 us, Update time : 388.803 us, Write time : 2677.179 us
[ros2_control_node-1] [WARN] [1776280690.364020631] [controller_manager]: Overrun detected! The controller manager missed its desired rate of 1000 Hz. The loop took 3.372583 ms (missed cycles : 4).
[vision_apriltag-9] [INFO] [1776280690.941515236] [vision_apriltag_node]: Vision AprilTag detection debug: no tags found after raw/CLAHE/sharp/adaptive/upscaled/tiled passes.
[adl_ui-15] 127.0.0.1 - - [15/Apr/2026 15:18:11] "GET /status_json HTTP/1.1" 200 -
[vision_apriltag-9] [INFO] [1776280691.285295547] [vision_apriltag_node]: Vision AprilTag: images are arriving on /wrist_mounted_camera/image, but no AprilTags have been detected yet.
[ros2_control_node-1] [WARN] [1776280691.365248251] [controller_manager]: Overrun might occur, Total time : 2580.550 us (Expected < 1000.000 us) --> Read time : 32.778 us, Update time : 274.965 us, Write time : 2272.807 us
[ros2_control_node-1] [WARN] [1776280691.365328310] [controller_manager]: Overrun detected! The controller manager missed its desired rate of 1000 Hz. The loop took 2.681631 ms (missed cycles : 3).
[adl_ui-15] 127.0.0.1 - - [15/Apr/2026 15:18:11] "GET /status_json HTTP/1.1" 200 -
[wrist_camera_usb_publisher-8] [INFO] [1776280692.099941381] [wrist_camera_usb_publisher_node]: USB camera publisher heartbeat: publishing 1280x720 frames on /wrist_mounted_camera/image; camera_info fx=920.87, fy=921.57, cx=644.76, cy=343.15.
[ros2_control_node-1] [WARN] [1776280692.365424589] [controller_manager]: Overrun might occur, Total time : 2754.202 us (Expected < 1000.000 us) --> Read time : 37.068 us, Update time : 233.175 us, Write time : 2483.959 us
[ros2_control_node-1] [WARN] [1776280692.365507980] [controller_manager]: Overrun detected! The controller manager missed its desired rate of 1000 Hz. The loop took 2.861340 ms (missed cycles : 3).
[adl_ui-15] 127.0.0.1 - - [15/Apr/2026 15:18:12] "GET /status_json HTTP/1.1" 200 -
[joint_state_sanitizer-3] [WARN] [1776280692.628662406] [joint_state_sanitizer_node]: [joint_state_sanitizer] Published sanitized joint state: joint_3:+3.134->+3.132
[adl_ui-15] 127.0.0.1 - - [15/Apr/2026 15:18:13] "GET /status_json HTTP/1.1" 200 -
[ros2_control_node-1] [WARN] [1776280693.367604747] [controller_manager]: Overrun might occur, Total time : 2919.867 us (Expected < 1000.000 us) --> Read time : 59.825 us, Update time : 288.909 us, Write time : 2571.133 us
[ros2_control_node-1] [WARN] [1776280693.367672597] [controller_manager]: Overrun detected! The controller manager missed its desired rate of 1000 Hz. The loop took 3.025793 ms (missed cycles : 4).
[vision_apriltag-9] [INFO] [1776280693.861969384] [vision_apriltag_node]: Vision AprilTag: images are arriving on /wrist_mounted_camera/image, but no AprilTags have been detected yet.
[adl_ui-15] 127.0.0.1 - - [15/Apr/2026 15:18:14] "GET /status_json HTTP/1.1" 200 -
[ros2_control_node-1] [WARN] [1776280694.372763079] [controller_manager]: Overrun might occur, Total time : 5094.070 us (Expected < 1000.000 us) --> Read time : 30.365 us, Update time : 211.222 us, Write time : 4852.483 us
[ros2_control_node-1] [WARN] [1776280694.372854028] [controller_manager]: Overrun detected! The controller manager missed its desired rate of 1000 Hz. The loop took 5.207486 ms (missed cycles : 6).
[adl_ui-15] 127.0.0.1 - - [15/Apr/2026 15:18:14] "GET /status_json HTTP/1.1" 200 -
[vision_apriltag-9] [INFO] [1776280695.286608647] [vision_apriltag_node]: Vision AprilTag: images are arriving on /wrist_mounted_camera/image, but no AprilTags have been detected yet.
[ros2_control_node-1] [WARN] [1776280695.375290441] [controller_manager]: Overrun might occur, Total time : 2627.274 us (Expected < 1000.000 us) --> Read time : 27.552 us, Update time : 238.129 us, Write time : 2361.593 us
[ros2_control_node-1] [WARN] [1776280695.375366839] [controller_manager]: Overrun detected! The controller manager missed its desired rate of 1000 Hz. The loop took 2.720024 ms (missed cycles : 3).
[adl_ui-15] 127.0.0.1 - - [15/Apr/2026 15:18:15] "GET /status_json HTTP/1.1" 200 -
[vision_apriltag-9] [INFO] [1776280696.210981423] [vision_apriltag_node]: Vision AprilTag detection debug: no tags found after raw/CLAHE/sharp/adaptive/upscaled/tiled passes.
[adl_ui-15] 127.0.0.1 - - [15/Apr/2026 15:18:16] "GET /status_json HTTP/1.1" 200 -
[ros2_control_node-1] [WARN] [1776280696.375426532] [controller_manager]: Overrun might occur, Total time : 3730.446 us (Expected < 1000.000 us) --> Read time : 80.159 us, Update time : 566.228 us, Write time : 3084.059 us
[ros2_control_node-1] [WARN] [1776280696.375511299] [controller_manager]: Overrun detected! The controller manager missed its desired rate of 1000 Hz. The loop took 3.864241 ms (missed cycles : 4).
