
===== 2026-04-08T19:17:28-04:00 | T5_scene_from_vision =====
cwd=/home/carrt-cse-project/workspace/ros2_kortex_ws
cmd=ros2 run adl_tasks scene_from_vision --ros-args -p scan_prune_unseen_objects:=true -p scan_duration_s:=10.0 

[INFO] [1775690250.474974035] [scene_from_vision_node]: Scene From Vision Node Started
[INFO] [1775690250.594588301] [scene_from_vision_node]: SceneFromVision: Updating planning scene. Tracking 5 object shape(s). memory_mode=True, scan_duration_s=10.0, scan_min_samples=3, scan_prune_unseen_objects=True, continuous_scene_updates=False, latch_first_detection_updates=True, log_object_pose_debug=False, apply_planning_scene_service_updates=True, publish_monitored_planning_scene_updates=True, side_viewpoint=wrist_mounted_camera_color_optical_frame->base_link, reject_table_objects_outside_bounds=False.
[INFO] [1775690250.596800293] [scene_from_vision_node]: SceneFromVision calibration: xy_offset=(-0.228, 0.004), z_offset=0.000, yaw_deg=4.00, xy_scale=1.3370, clamp_table_objects_to_table_bounds=False, table_bounds_margin_m=0.030.
[INFO] [1775690250.599348696] [scene_from_vision_node]: SceneFromVision object offsets: remote_axis=y, remote_tag_to_center_sign=-1.0, remote_tag_from_end_m=0.020, cube_tag_to_center=(0.000, 0.000), cube_world_offset=(0.000, -0.022), cube_yaw_offset_deg=0.0, medication_face_to_center_m=0.030, cup_face_to_center_m=0.037.
[INFO] [1775690252.494513902] [scene_from_vision_node]: Latched first detection for tag ID 3 into scene memory.
[INFO] [1775690252.598290689] [scene_from_vision_node]: Published obj_3 (new) at x=0.702, y=0.025, z=0.099, yaw=+90.4deg
[INFO] [1775690252.610737023] [scene_from_vision_node]: /apply_planning_scene accepted dynamic scene updates; MoveIt should mirror these objects to RViz.
[INFO] [1775690255.096037057] [scene_from_vision_node]: Published obj_3 (heartbeat) at x=0.702, y=0.025, z=0.099, yaw=+90.4deg
[INFO] [1775690257.096647401] [scene_from_vision_node]: Published obj_3 (heartbeat) at x=0.702, y=0.025, z=0.099, yaw=+90.4deg
[INFO] [1775690259.596047321] [scene_from_vision_node]: Published obj_3 (heartbeat) at x=0.702, y=0.025, z=0.099, yaw=+90.4deg
[INFO] [1775690262.095908979] [scene_from_vision_node]: Published obj_3 (heartbeat) at x=0.702, y=0.025, z=0.099, yaw=+90.4deg
[INFO] [1775690264.095166874] [scene_from_vision_node]: Published obj_3 (heartbeat) at x=0.702, y=0.025, z=0.099, yaw=+90.4deg
[INFO] [1775690266.096073113] [scene_from_vision_node]: Published obj_3 (heartbeat) at x=0.702, y=0.025, z=0.099, yaw=+90.4deg
[INFO] [1775690268.596813808] [scene_from_vision_node]: Published obj_3 (heartbeat) at x=0.702, y=0.025, z=0.099, yaw=+90.4deg
[INFO] [1775690270.597480475] [scene_from_vision_node]: Published obj_3 (heartbeat) at x=0.702, y=0.025, z=0.099, yaw=+90.4deg
[INFO] [1775690272.597619924] [scene_from_vision_node]: Published obj_3 (heartbeat) at x=0.702, y=0.025, z=0.099, yaw=+90.4deg
[INFO] [1775690275.095719662] [scene_from_vision_node]: Published obj_3 (heartbeat) at x=0.702, y=0.025, z=0.099, yaw=+90.4deg
[INFO] [1775690277.100714710] [scene_from_vision_node]: Published obj_3 (heartbeat) at x=0.702, y=0.025, z=0.099, yaw=+90.4deg
[INFO] [1775690279.597977296] [scene_from_vision_node]: Published obj_3 (heartbeat) at x=0.702, y=0.025, z=0.099, yaw=+90.4deg
[INFO] [1775690280.601054995] [scene_from_vision_node]: Latched first detection for tag ID 4 into scene memory.
[INFO] [1775690281.096094029] [scene_from_vision_node]: Published obj_4 (new) at x=0.690, y=0.154, z=0.117, yaw=-4.0deg
[INFO] [1775690282.101119960] [scene_from_vision_node]: Published obj_3 (heartbeat) at x=0.702, y=0.025, z=0.099, yaw=+90.4deg
[INFO] [1775690283.097703132] [scene_from_vision_node]: Published obj_4 (heartbeat) at x=0.690, y=0.154, z=0.117, yaw=-4.0deg
[INFO] [1775690284.606298600] [scene_from_vision_node]: Published obj_3 (heartbeat) at x=0.702, y=0.025, z=0.099, yaw=+90.4deg
[INFO] [1775690285.099505622] [scene_from_vision_node]: Published obj_4 (heartbeat) at x=0.690, y=0.154, z=0.117, yaw=-4.0deg
[INFO] [1775690287.098620649] [scene_from_vision_node]: Published obj_3 (heartbeat) at x=0.702, y=0.025, z=0.099, yaw=+90.4deg
[INFO] [1775690287.600786908] [scene_from_vision_node]: Published obj_4 (heartbeat) at x=0.690, y=0.154, z=0.117, yaw=-4.0deg
[INFO] [1775690289.598562515] [scene_from_vision_node]: Published obj_3 (heartbeat) at x=0.702, y=0.025, z=0.099, yaw=+90.4deg
[INFO] [1775690289.604179017] [scene_from_vision_node]: Published obj_4 (heartbeat) at x=0.690, y=0.154, z=0.117, yaw=-4.0deg
[INFO] [1775690292.095104147] [scene_from_vision_node]: Published obj_3 (heartbeat) at x=0.702, y=0.025, z=0.099, yaw=+90.4deg
[INFO] [1775690292.096874889] [scene_from_vision_node]: Published obj_4 (heartbeat) at x=0.690, y=0.154, z=0.117, yaw=-4.0deg
[INFO] [1775690294.098828477] [scene_from_vision_node]: Published obj_3 (heartbeat) at x=0.702, y=0.025, z=0.099, yaw=+90.4deg
[INFO] [1775690294.100271565] [scene_from_vision_node]: Published obj_4 (heartbeat) at x=0.690, y=0.154, z=0.117, yaw=-4.0deg
[INFO] [1775690296.100800544] [scene_from_vision_node]: Published obj_3 (heartbeat) at x=0.702, y=0.025, z=0.099, yaw=+90.4deg
[INFO] [1775690296.102280278] [scene_from_vision_node]: Published obj_4 (heartbeat) at x=0.690, y=0.154, z=0.117, yaw=-4.0deg
[INFO] [1775690298.598894389] [scene_from_vision_node]: Published obj_3 (heartbeat) at x=0.702, y=0.025, z=0.099, yaw=+90.4deg
[INFO] [1775690298.602623645] [scene_from_vision_node]: Published obj_4 (heartbeat) at x=0.690, y=0.154, z=0.117, yaw=-4.0deg
[INFO] [1775690301.099548709] [scene_from_vision_node]: Published obj_3 (heartbeat) at x=0.702, y=0.025, z=0.099, yaw=+90.4deg
[INFO] [1775690301.101245113] [scene_from_vision_node]: Published obj_4 (heartbeat) at x=0.690, y=0.154, z=0.117, yaw=-4.0deg
[INFO] [1775690303.099064788] [scene_from_vision_node]: Published obj_3 (heartbeat) at x=0.702, y=0.025, z=0.099, yaw=+90.4deg
[INFO] [1775690303.103254223] [scene_from_vision_node]: Published obj_4 (heartbeat) at x=0.690, y=0.154, z=0.117, yaw=-4.0deg
[INFO] [1775690305.596505422] [scene_from_vision_node]: Published obj_3 (heartbeat) at x=0.702, y=0.025, z=0.099, yaw=+90.4deg
[INFO] [1775690305.600113625] [scene_from_vision_node]: Published obj_4 (heartbeat) at x=0.690, y=0.154, z=0.117, yaw=-4.0deg
[INFO] [1775690307.596874587] [scene_from_vision_node]: Published obj_3 (heartbeat) at x=0.702, y=0.025, z=0.099, yaw=+90.4deg
[INFO] [1775690307.598858976] [scene_from_vision_node]: Published obj_4 (heartbeat) at x=0.690, y=0.154, z=0.117, yaw=-4.0deg
[INFO] [1775690310.095033871] [scene_from_vision_node]: Published obj_3 (heartbeat) at x=0.702, y=0.025, z=0.099, yaw=+90.4deg
[INFO] [1775690310.100669355] [scene_from_vision_node]: Published obj_4 (heartbeat) at x=0.690, y=0.154, z=0.117, yaw=-4.0deg
[INFO] [1775690312.595988519] [scene_from_vision_node]: Published obj_3 (heartbeat) at x=0.702, y=0.025, z=0.099, yaw=+90.4deg
[INFO] [1775690312.599403922] [scene_from_vision_node]: Published obj_4 (heartbeat) at x=0.690, y=0.154, z=0.117, yaw=-4.0deg
[INFO] [1775690314.596346055] [scene_from_vision_node]: Published obj_3 (heartbeat) at x=0.702, y=0.025, z=0.099, yaw=+90.4deg
[INFO] [1775690314.598425634] [scene_from_vision_node]: Published obj_4 (heartbeat) at x=0.690, y=0.154, z=0.117, yaw=-4.0deg
[INFO] [1775690317.096358751] [scene_from_vision_node]: Published obj_3 (heartbeat) at x=0.702, y=0.025, z=0.099, yaw=+90.4deg
[INFO] [1775690317.098105408] [scene_from_vision_node]: Published obj_4 (heartbeat) at x=0.690, y=0.154, z=0.117, yaw=-4.0deg
[INFO] [1775690319.602665383] [scene_from_vision_node]: Published obj_3 (heartbeat) at x=0.702, y=0.025, z=0.099, yaw=+90.4deg
[INFO] [1775690319.606914815] [scene_from_vision_node]: Published obj_4 (heartbeat) at x=0.690, y=0.154, z=0.117, yaw=-4.0deg
[INFO] [1775690322.096332807] [scene_from_vision_node]: Published obj_3 (heartbeat) at x=0.702, y=0.025, z=0.099, yaw=+90.4deg
[INFO] [1775690322.098201795] [scene_from_vision_node]: Published obj_4 (heartbeat) at x=0.690, y=0.154, z=0.117, yaw=-4.0deg
[INFO] [1775690324.597256718] [scene_from_vision_node]: Published obj_3 (heartbeat) at x=0.702, y=0.025, z=0.099, yaw=+90.4deg
[INFO] [1775690324.602229070] [scene_from_vision_node]: Published obj_4 (heartbeat) at x=0.690, y=0.154, z=0.117, yaw=-4.0deg
[INFO] [1775690327.096399182] [scene_from_vision_node]: Published obj_3 (heartbeat) at x=0.702, y=0.025, z=0.099, yaw=+90.4deg
[INFO] [1775690327.097820482] [scene_from_vision_node]: Published obj_4 (heartbeat) at x=0.690, y=0.154, z=0.117, yaw=-4.0deg
[INFO] [1775690329.112917769] [scene_from_vision_node]: Published obj_3 (heartbeat) at x=0.702, y=0.025, z=0.099, yaw=+90.4deg
[INFO] [1775690329.125266246] [scene_from_vision_node]: Published obj_4 (heartbeat) at x=0.690, y=0.154, z=0.117, yaw=-4.0deg
[INFO] [1775690331.606184797] [scene_from_vision_node]: Published obj_3 (heartbeat) at x=0.702, y=0.025, z=0.099, yaw=+90.4deg
[INFO] [1775690331.607894106] [scene_from_vision_node]: Published obj_4 (heartbeat) at x=0.690, y=0.154, z=0.117, yaw=-4.0deg
[INFO] [1775690334.095632841] [scene_from_vision_node]: Published obj_3 (heartbeat) at x=0.702, y=0.025, z=0.099, yaw=+90.4deg
[INFO] [1775690334.097317344] [scene_from_vision_node]: Published obj_4 (heartbeat) at x=0.690, y=0.154, z=0.117, yaw=-4.0deg
[INFO] [1775690336.096742565] [scene_from_vision_node]: Published obj_3 (heartbeat) at x=0.702, y=0.025, z=0.099, yaw=+90.4deg
[INFO] [1775690336.110151631] [scene_from_vision_node]: Published obj_4 (heartbeat) at x=0.690, y=0.154, z=0.117, yaw=-4.0deg
[INFO] [1775690338.096833294] [scene_from_vision_node]: Published obj_3 (heartbeat) at x=0.702, y=0.025, z=0.099, yaw=+90.4deg
[INFO] [1775690338.098498601] [scene_from_vision_node]: Published obj_4 (heartbeat) at x=0.690, y=0.154, z=0.117, yaw=-4.0deg
[INFO] [1775690340.595602426] [scene_from_vision_node]: Published obj_3 (heartbeat) at x=0.702, y=0.025, z=0.099, yaw=+90.4deg
[INFO] [1775690340.601114343] [scene_from_vision_node]: Published obj_4 (heartbeat) at x=0.690, y=0.154, z=0.117, yaw=-4.0deg
[INFO] [1775690342.601672233] [scene_from_vision_node]: Published obj_3 (heartbeat) at x=0.702, y=0.025, z=0.099, yaw=+90.4deg
[INFO] [1775690342.607038176] [scene_from_vision_node]: Published obj_4 (heartbeat) at x=0.690, y=0.154, z=0.117, yaw=-4.0deg
[INFO] [1775690345.095942784] [scene_from_vision_node]: Published obj_3 (heartbeat) at x=0.702, y=0.025, z=0.099, yaw=+90.4deg
[INFO] [1775690345.098166958] [scene_from_vision_node]: Published obj_4 (heartbeat) at x=0.690, y=0.154, z=0.117, yaw=-4.0deg
[INFO] [1775690347.095715563] [scene_from_vision_node]: Published obj_3 (heartbeat) at x=0.702, y=0.025, z=0.099, yaw=+90.4deg
[INFO] [1775690347.097834095] [scene_from_vision_node]: Published obj_4 (heartbeat) at x=0.690, y=0.154, z=0.117, yaw=-4.0deg
[INFO] [1775690349.604515001] [scene_from_vision_node]: Published obj_3 (heartbeat) at x=0.702, y=0.025, z=0.099, yaw=+90.4deg
[INFO] [1775690349.609211692] [scene_from_vision_node]: Published obj_4 (heartbeat) at x=0.690, y=0.154, z=0.117, yaw=-4.0deg
[INFO] [1775690352.112616609] [scene_from_vision_node]: Published obj_3 (heartbeat) at x=0.702, y=0.025, z=0.099, yaw=+90.4deg
[INFO] [1775690352.123296597] [scene_from_vision_node]: Published obj_4 (heartbeat) at x=0.690, y=0.154, z=0.117, yaw=-4.0deg
[INFO] [1775690354.107854844] [scene_from_vision_node]: Published obj_3 (heartbeat) at x=0.702, y=0.025, z=0.099, yaw=+90.4deg
[INFO] [1775690354.121621952] [scene_from_vision_node]: Published obj_4 (heartbeat) at x=0.690, y=0.154, z=0.117, yaw=-4.0deg
[INFO] [1775690356.638925248] [scene_from_vision_node]: Published obj_3 (heartbeat) at x=0.702, y=0.025, z=0.099, yaw=+90.4deg
[INFO] [1775690356.640681143] [scene_from_vision_node]: Published obj_4 (heartbeat) at x=0.690, y=0.154, z=0.117, yaw=-4.0deg
[INFO] [1775690359.101512922] [scene_from_vision_node]: Published obj_3 (heartbeat) at x=0.702, y=0.025, z=0.099, yaw=+90.4deg
[INFO] [1775690359.103304956] [scene_from_vision_node]: Published obj_4 (heartbeat) at x=0.690, y=0.154, z=0.117, yaw=-4.0deg
[INFO] [1775690361.598115302] [scene_from_vision_node]: Published obj_3 (heartbeat) at x=0.702, y=0.025, z=0.099, yaw=+90.4deg
[INFO] [1775690361.619778377] [scene_from_vision_node]: Published obj_4 (heartbeat) at x=0.690, y=0.154, z=0.117, yaw=-4.0deg
[INFO] [1775690364.101014932] [scene_from_vision_node]: Published obj_3 (heartbeat) at x=0.702, y=0.025, z=0.099, yaw=+90.4deg
[INFO] [1775690364.129465002] [scene_from_vision_node]: Published obj_4 (heartbeat) at x=0.690, y=0.154, z=0.117, yaw=-4.0deg
[INFO] [1775690366.598978880] [scene_from_vision_node]: Published obj_3 (heartbeat) at x=0.702, y=0.025, z=0.099, yaw=+90.4deg
[INFO] [1775690366.604049492] [scene_from_vision_node]: Published obj_4 (heartbeat) at x=0.690, y=0.154, z=0.117, yaw=-4.0deg
[INFO] [1775690368.603185788] [scene_from_vision_node]: Published obj_3 (heartbeat) at x=0.702, y=0.025, z=0.099, yaw=+90.4deg
[INFO] [1775690368.607078843] [scene_from_vision_node]: Published obj_4 (heartbeat) at x=0.690, y=0.154, z=0.117, yaw=-4.0deg
[INFO] [1775690371.096608355] [scene_from_vision_node]: Published obj_3 (heartbeat) at x=0.702, y=0.025, z=0.099, yaw=+90.4deg
[INFO] [1775690371.098497963] [scene_from_vision_node]: Published obj_4 (heartbeat) at x=0.690, y=0.154, z=0.117, yaw=-4.0deg
[INFO] [1775690373.100578431] [scene_from_vision_node]: Published obj_3 (heartbeat) at x=0.702, y=0.025, z=0.099, yaw=+90.4deg
[INFO] [1775690373.106939713] [scene_from_vision_node]: Published obj_4 (heartbeat) at x=0.690, y=0.154, z=0.117, yaw=-4.0deg
[INFO] [1775690375.097863549] [scene_from_vision_node]: Published obj_3 (heartbeat) at x=0.702, y=0.025, z=0.099, yaw=+90.4deg
[INFO] [1775690375.100708945] [scene_from_vision_node]: Published obj_4 (heartbeat) at x=0.690, y=0.154, z=0.117, yaw=-4.0deg
[INFO] [1775690377.611049138] [scene_from_vision_node]: Published obj_3 (heartbeat) at x=0.702, y=0.025, z=0.099, yaw=+90.4deg
[INFO] [1775690377.612813669] [scene_from_vision_node]: Published obj_4 (heartbeat) at x=0.690, y=0.154, z=0.117, yaw=-4.0deg
[INFO] [1775690379.608846848] [scene_from_vision_node]: Published obj_3 (heartbeat) at x=0.702, y=0.025, z=0.099, yaw=+90.4deg
[INFO] [1775690379.618113739] [scene_from_vision_node]: Published obj_4 (heartbeat) at x=0.690, y=0.154, z=0.117, yaw=-4.0deg
[INFO] [1775690382.098746489] [scene_from_vision_node]: Published obj_3 (heartbeat) at x=0.702, y=0.025, z=0.099, yaw=+90.4deg
[INFO] [1775690382.110236359] [scene_from_vision_node]: Published obj_4 (heartbeat) at x=0.690, y=0.154, z=0.117, yaw=-4.0deg
[INFO] [1775690384.598535560] [scene_from_vision_node]: Published obj_3 (heartbeat) at x=0.702, y=0.025, z=0.099, yaw=+90.4deg
[INFO] [1775690384.601101945] [scene_from_vision_node]: Published obj_4 (heartbeat) at x=0.690, y=0.154, z=0.117, yaw=-4.0deg
[INFO] [1775690386.606018028] [scene_from_vision_node]: Published obj_3 (heartbeat) at x=0.702, y=0.025, z=0.099, yaw=+90.4deg
[INFO] [1775690386.612199410] [scene_from_vision_node]: Published obj_4 (heartbeat) at x=0.690, y=0.154, z=0.117, yaw=-4.0deg
[INFO] [1775690388.606724662] [scene_from_vision_node]: Published obj_3 (heartbeat) at x=0.702, y=0.025, z=0.099, yaw=+90.4deg
[INFO] [1775690388.612854216] [scene_from_vision_node]: Published obj_4 (heartbeat) at x=0.690, y=0.154, z=0.117, yaw=-4.0deg
[INFO] [1775690391.097659400] [scene_from_vision_node]: Published obj_3 (heartbeat) at x=0.702, y=0.025, z=0.099, yaw=+90.4deg
[INFO] [1775690391.099093017] [scene_from_vision_node]: Published obj_4 (heartbeat) at x=0.690, y=0.154, z=0.117, yaw=-4.0deg
[INFO] [1775690393.100826695] [scene_from_vision_node]: Published obj_3 (heartbeat) at x=0.702, y=0.025, z=0.099, yaw=+90.4deg
[INFO] [1775690393.117817487] [scene_from_vision_node]: Published obj_4 (heartbeat) at x=0.690, y=0.154, z=0.117, yaw=-4.0deg
[INFO] [1775690395.605701687] [scene_from_vision_node]: Published obj_3 (heartbeat) at x=0.702, y=0.025, z=0.099, yaw=+90.4deg
[INFO] [1775690395.609965465] [scene_from_vision_node]: Published obj_4 (heartbeat) at x=0.690, y=0.154, z=0.117, yaw=-4.0deg
[INFO] [1775690397.600712999] [scene_from_vision_node]: Published obj_3 (heartbeat) at x=0.702, y=0.025, z=0.099, yaw=+90.4deg
[INFO] [1775690397.630476534] [scene_from_vision_node]: Published obj_4 (heartbeat) at x=0.690, y=0.154, z=0.117, yaw=-4.0deg
[INFO] [1775690400.100728739] [scene_from_vision_node]: Published obj_3 (heartbeat) at x=0.702, y=0.025, z=0.099, yaw=+90.4deg
[INFO] [1775690400.109361520] [scene_from_vision_node]: Published obj_4 (heartbeat) at x=0.690, y=0.154, z=0.117, yaw=-4.0deg
[INFO] [1775690401.250881525] [scene_from_vision_node]: Scene LOCKED - updates paused.
