
===== 2026-04-07T19:01:59-04:00 | T1_arm_moveit_rviz =====
cwd=/home/carrt-cse-project/workspace/ros2_kortex_ws
cmd=ros2 launch adl_tasks arm_vbox.launch.py robot_ip:=192.168.0.10 use_fake_hardware:=false vision:=true 

[INFO] [launch]: All log files can be found below /home/carrt-cse-project/.ros/log/2026-04-07-19-01-59-497760-carrt-cse-project-OptiPlex-5050-33708
[INFO] [launch]: Default logging verbosity is set to INFO
[INFO] [launch.user]: [arm_vbox.launch] MoveIt current state source: /joint_states_sanitized. Use use_joint_state_sanitizer:=false for raw-state viewer debugging.
[INFO] [launch.user]: [arm_vbox.launch] Using ADL VBox controller config (share/adl_tasks/config/ros2_controllers_vbox.yaml, update_rate:=125 Hz).
[INFO] [ros2_control_node-1]: process started with pid [33715]
[INFO] [robot_state_publisher-2]: process started with pid [33716]
[INFO] [joint_state_sanitizer-3]: process started with pid [33717]
[INFO] [spawner-4]: process started with pid [33718]
[INFO] [static_transform_publisher-5]: process started with pid [33719]
[INFO] [static_transform_publisher-6]: process started with pid [33720]
[static_transform_publisher-6] [INFO] [1775602919.801845498] [camera_color_optical_bridge_tf_pub]: Spinning until stopped - publishing transform
[static_transform_publisher-6] translation: ('0.000000', '0.000000', '0.000000')
[static_transform_publisher-6] rotation: ('0.000000', '0.000000', '0.000000', '1.000000')
[static_transform_publisher-6] from 'camera_color_frame' to 'wrist_mounted_camera_color_optical_frame'
[static_transform_publisher-5] [INFO] [1775602919.811762117] [static_transform_publisher]: Spinning until stopped - publishing transform
[static_transform_publisher-5] translation: ('0.000000', '0.000000', '0.000000')
[static_transform_publisher-5] rotation: ('0.000000', '0.000000', '0.000000', '1.000000')
[static_transform_publisher-5] from 'world' to 'base_link'
[robot_state_publisher-2] [INFO] [1775602919.821427923] [robot_state_publisher]: Robot initialized
[ros2_control_node-1] [INFO] [1775602919.848501043] [controller_manager]: Using Steady (Monotonic) clock for triggering controller manager cycles.
[ros2_control_node-1] [INFO] [1775602919.862858687] [controller_manager]: Subscribing to '/robot_description' topic for robot description.
[ros2_control_node-1] [INFO] [1775602919.865846616] [controller_manager]: update rate is 125 Hz
[ros2_control_node-1] [INFO] [1775602919.865875186] [controller_manager]: Overruns handling is : enabled
[ros2_control_node-1] [INFO] [1775602919.865885519] [controller_manager]: Spawning controller_manager RT thread with scheduler priority: 50
[ros2_control_node-1] [INFO] [1775602919.865968320] [controller_manager]: Successful set up FIFO RT scheduling policy with priority 50.
[ros2_control_node-1] [INFO] [1775602920.138015382] [controller_manager]: Received robot description from topic.
[ros2_control_node-1] [INFO] [1775602920.138079529] [controller_manager]: Enforcing command limits is disabled. Command limits from URDF will be ignored.
[ros2_control_node-1] [INFO] [1775602920.147360660] [controller_manager]: Loading hardware 'KortexMultiInterfaceHardware' 
[ros2_control_node-1] [INFO] [1775602920.161303114] [KortexMultiInterfaceHardware]: Setting severity threshold to DEBUG
[ros2_control_node-1] [INFO] [1775602920.161380426] [controller_manager]: Loaded hardware 'KortexMultiInterfaceHardware' from plugin 'kortex_driver/KortexMultiInterfaceHardware'
[ros2_control_node-1] [INFO] [1775602920.162028388] [controller_manager]: Initialize hardware 'KortexMultiInterfaceHardware' 
[ros2_control_node-1] [INFO] [1775602920.176215531] [KortexMultiInterfaceHardware]: Configuring Hardware Interface
[ros2_control_node-1] [INFO] [1775602920.176712430] [KortexMultiInterfaceHardware]: Robot ip is '192.168.0.10'
[ros2_control_node-1] [INFO] [1775602920.176725598] [KortexMultiInterfaceHardware]: Username is 'admin'
[ros2_control_node-1] [INFO] [1775602920.176738483] [KortexMultiInterfaceHardware]: Port used '10000'
[ros2_control_node-1] [INFO] [1775602920.176744889] [KortexMultiInterfaceHardware]: Realtime port used '10001'
[ros2_control_node-1] [INFO] [1775602920.176750945] [KortexMultiInterfaceHardware]: Session inactivity timeout is '60000'
[ros2_control_node-1] [INFO] [1775602920.176757306] [KortexMultiInterfaceHardware]: Connection inactivity timeout is '2000'
[ros2_control_node-1] [INFO] [1775602920.176764442] [KortexMultiInterfaceHardware]: Gripper joint name is 'robotiq_85_left_knuckle_joint'
[ros2_control_node-1] [INFO] [1775602920.176878225] [KortexMultiInterfaceHardware]: Connecting to robot at 192.168.0.10
[ros2_control_node-1] [INFO] [1775602920.185764500] [KortexMultiInterfaceHardware]: Creating session for communication
[spawner-4] [INFO] [1775602920.237597483] [spawner_joint_state_broadcaster]: waiting for service /controller_manager/list_controllers to become available...
[ros2_control_node-1] [INFO] [1775602920.266426291] [KortexMultiInterfaceHardware]: Session created
[joint_state_sanitizer-3] [INFO] [1775602920.300702833] [joint_state_sanitizer_node]: joint_state_sanitizer started. raw=/joint_states -> sanitized=/joint_states_sanitized
[ros2_control_node-1] [INFO] [1775602921.047317070] [KortexMultiInterfaceHardware]: Actuator count reported by robot is '7'
[ros2_control_node-1] [INFO] [1775602921.047467108] [KortexMultiInterfaceHardware]: Using internal bus communication for gripper!
[ros2_control_node-1] [INFO] [1775602921.047471471] [KortexMultiInterfaceHardware]: Hardware Interface successfully configured
[ros2_control_node-1] [INFO] [1775602921.047539640] [controller_manager]: Successful initialization of hardware 'KortexMultiInterfaceHardware'
[ros2_control_node-1] [DEBUG] [1775602921.047606079] [KortexMultiInterfaceHardware]: export_state_interfaces for joint: joint_1
[ros2_control_node-1] [DEBUG] [1775602921.047627641] [KortexMultiInterfaceHardware]: export_state_interfaces for joint: joint_2
[ros2_control_node-1] [DEBUG] [1775602921.047636255] [KortexMultiInterfaceHardware]: export_state_interfaces for joint: joint_3
[ros2_control_node-1] [DEBUG] [1775602921.047644271] [KortexMultiInterfaceHardware]: export_state_interfaces for joint: joint_4
[ros2_control_node-1] [DEBUG] [1775602921.047648462] [KortexMultiInterfaceHardware]: export_state_interfaces for joint: joint_5
[ros2_control_node-1] [DEBUG] [1775602921.047652576] [KortexMultiInterfaceHardware]: export_state_interfaces for joint: joint_6
[ros2_control_node-1] [DEBUG] [1775602921.047656341] [KortexMultiInterfaceHardware]: export_state_interfaces for joint: joint_7
[ros2_control_node-1] [DEBUG] [1775602921.047660595] [KortexMultiInterfaceHardware]: export_state_interfaces for joint: robotiq_85_left_knuckle_joint
[ros2_control_node-1] [INFO] [1775602921.049312700] [resource_manager]: 'configure' hardware 'KortexMultiInterfaceHardware' 
[ros2_control_node-1] [INFO] [1775602921.049366314] [resource_manager]: Successful 'configure' of hardware 'KortexMultiInterfaceHardware'
[ros2_control_node-1] [INFO] [1775602921.049439902] [resource_manager]: 'activate' hardware 'KortexMultiInterfaceHardware' 
[ros2_control_node-1] [INFO] [1775602921.049468307] [KortexMultiInterfaceHardware]: Activating KortexMultiInterfaceHardware...
[ros2_control_node-1] [INFO] [1775602921.054373482] [KortexMultiInterfaceHardware]: Gripper initial position is '0.873365'.
[ros2_control_node-1] [INFO] [1775602921.059266600] [KortexMultiInterfaceHardware]: KortexMultiInterfaceHardware successfully activated!
[ros2_control_node-1] [INFO] [1775602921.059301449] [resource_manager]: Successful 'activate' of hardware 'KortexMultiInterfaceHardware'
[ros2_control_node-1] [INFO] [1775602921.059561590] [controller_manager]: Registering statistics for : KortexMultiInterfaceHardware
[ros2_control_node-1] [INFO] [1775602921.059702954] [controller_manager]: Resource Manager has been successfully initialized. Starting Controller Manager services...
[ros2_control_node-1] [WARN] [1775602921.075154059] [controller_manager]: Overrun might occur, Total time : 9051.258 us (Expected < 8000.000 us) --> Read time : 4262.635 us, Update time : 24.761 us, Write time : 4763.862 us
[ros2_control_node-1] [WARN] [1775602921.075214916] [controller_manager]: Overrun detected! The controller manager missed its desired rate of 125 Hz. The loop took 9.138422 ms (missed cycles : 2).
[ros2_control_node-1] [INFO] [1775602921.240968173] [controller_manager]: Loading controller : 'joint_state_broadcaster' of type 'joint_state_broadcaster/JointStateBroadcaster'
[ros2_control_node-1] [INFO] [1775602921.241009599] [controller_manager]: Loading controller 'joint_state_broadcaster'
[ros2_control_node-1] [INFO] [1775602921.247948274] [controller_manager]: Controller 'joint_state_broadcaster' node arguments: --ros-args --params-file /home/carrt-cse-project/workspace/ros2_kortex_ws/install/adl_tasks/share/adl_tasks/config/ros2_controllers_vbox.yaml --params-file /tmp/launch_params_jvjhutmi 
[spawner-4] [INFO] [1775602921.268076990] [spawner_joint_state_broadcaster]: Loaded joint_state_broadcaster
[ros2_control_node-1] [INFO] [1775602921.269341415] [controller_manager]: Configuring controller: 'joint_state_broadcaster'
[ros2_control_node-1] [INFO] [1775602921.269545735] [joint_state_broadcaster]: 'joints' or 'interfaces' parameter is empty. All available state interfaces will be published
[ros2_control_node-1] [INFO] [1775602921.284043393] [controller_manager]: Activating controllers: [ joint_state_broadcaster ]
[ros2_control_node-1] [INFO] [1775602921.291294613] [controller_manager]: Successfully switched controllers!
[spawner-4] [INFO] [1775602921.299737020] [spawner_joint_state_broadcaster]: Configured and activated joint_state_broadcaster
[INFO] [spawner-4]: process has finished cleanly [pid 33718]
[INFO] [spawner-7]: process started with pid [33821]
[INFO] [spawner-8]: process started with pid [33822]
[INFO] [spawner-9]: process started with pid [33823]
[INFO] [spawner-10]: process started with pid [33824]
[spawner-9] [INFO] [1775602922.463125725] [spawner_robotiq_gripper_controller]: waiting for service /controller_manager/list_controllers to become available...
[ros2_control_node-1] [INFO] [1775602923.715826466] [controller_manager]: Loading controller : 'robotiq_gripper_controller' of type 'position_controllers/GripperActionController'
[ros2_control_node-1] [INFO] [1775602923.715896833] [controller_manager]: Loading controller 'robotiq_gripper_controller'
[ros2_control_node-1] [INFO] [1775602923.719551376] [controller_manager]: Controller 'robotiq_gripper_controller' node arguments: --ros-args --params-file /home/carrt-cse-project/workspace/ros2_kortex_ws/install/adl_tasks/share/adl_tasks/config/ros2_controllers_vbox.yaml --params-file /tmp/launch_params_jvjhutmi 
[ros2_control_node-1] [WARN] [1775602923.731678587] [robotiq_gripper_controller]: [Deprecated]: the `position_controllers/GripperActionController` and `effort_controllers::GripperActionController` controllers are replaced by 'parallel_gripper_controllers/GripperActionController' controller
[spawner-9] [INFO] [1775602923.739742874] [spawner_robotiq_gripper_controller]: Loaded robotiq_gripper_controller
[ros2_control_node-1] [INFO] [1775602923.741403540] [controller_manager]: Configuring controller: 'robotiq_gripper_controller'
[ros2_control_node-1] [INFO] [1775602923.741726820] [robotiq_gripper_controller]: Action status changes will be monitored at 20.000000 Hz.
[ros2_control_node-1] [INFO] [1775602923.748049962] [controller_manager]: Activating controllers: [ robotiq_gripper_controller ]
[ros2_control_node-1] [INFO] [1775602923.959367857] [controller_manager]: Successfully switched controllers!
[ros2_control_node-1] [WARN] [1775602923.962364718] [controller_manager]: Overrun might occur, Total time : 8217.788 us (Expected < 8000.000 us) --> Read time : 41.620 us, Update time : 5175.682 us (Switch time : 5085.914 us (Switch chained mode time : 0.942 us, perform mode change time : 21.918 us, Activation time : 5044.487 us, Deactivation time : 0.564 us)), Write time : 3000.486 us
[ros2_control_node-1] [WARN] [1775602923.962516893] [controller_manager]: Overrun detected! The controller manager missed its desired rate of 125 Hz. The loop took 8.438718 ms (missed cycles : 2).
[spawner-9] [INFO] [1775602923.972602959] [spawner_robotiq_gripper_controller]: Configured and activated robotiq_gripper_controller
[spawner-8] [INFO] [1775602924.085345816] [spawner_twist_controller]: waiting for service /controller_manager/list_controllers to become available...
[INFO] [spawner-9]: process has finished cleanly [pid 33823]
[ros2_control_node-1] [INFO] [1775602924.337580229] [controller_manager]: Loading controller : 'twist_controller' of type 'picknik_twist_controller/PicknikTwistController'
[ros2_control_node-1] [INFO] [1775602924.337612014] [controller_manager]: Loading controller 'twist_controller'
[ros2_control_node-1] [INFO] [1775602924.340600631] [controller_manager]: Controller 'twist_controller' node arguments: --ros-args --params-file /home/carrt-cse-project/workspace/ros2_kortex_ws/install/adl_tasks/share/adl_tasks/config/ros2_controllers_vbox.yaml --params-file /tmp/launch_params_jvjhutmi 
[spawner-8] [INFO] [1775602924.355865069] [spawner_twist_controller]: Loaded twist_controller
[ros2_control_node-1] [INFO] [1775602924.356955790] [controller_manager]: Configuring controller: 'twist_controller'
[ros2_control_node-1] [INFO] [1775602924.358790471] [twist_controller]: configure successful
[spawner-7] [INFO] [1775602924.500680763] [spawner_joint_trajectory_controller]: waiting for service /controller_manager/list_controllers to become available...
[INFO] [spawner-8]: process has finished cleanly [pid 33822]
[ros2_control_node-1] [INFO] [1775602926.547034114] [controller_manager]: Loading controller : 'joint_trajectory_controller' of type 'joint_trajectory_controller/JointTrajectoryController'
[ros2_control_node-1] [INFO] [1775602926.547069947] [controller_manager]: Loading controller 'joint_trajectory_controller'
[ros2_control_node-1] [INFO] [1775602926.551109368] [controller_manager]: Controller 'joint_trajectory_controller' node arguments: --ros-args --params-file /home/carrt-cse-project/workspace/ros2_kortex_ws/install/adl_tasks/share/adl_tasks/config/ros2_controllers_vbox.yaml --params-file /tmp/launch_params_jvjhutmi 
[spawner-7] [INFO] [1775602926.579858089] [spawner_joint_trajectory_controller]: Loaded joint_trajectory_controller
[ros2_control_node-1] [INFO] [1775602926.581925564] [controller_manager]: Configuring controller: 'joint_trajectory_controller'
[ros2_control_node-1] [INFO] [1775602926.582578078] [joint_trajectory_controller]: No specific joint names are used for command interfaces. Using 'joints' parameter.
[ros2_control_node-1] [INFO] [1775602926.582813520] [joint_trajectory_controller]: Command interfaces are [position] and state interfaces are [position velocity].
[ros2_control_node-1] [INFO] [1775602926.583006766] [joint_trajectory_controller]: Using 'splines' interpolation method.
[ros2_control_node-1] [INFO] [1775602926.586862430] [joint_trajectory_controller]: Action status changes will be monitored at 20.00 Hz.
[ros2_control_node-1] [INFO] [1775602926.596319358] [controller_manager]: Activating controllers: [ joint_trajectory_controller ]
[ros2_control_node-1] [INFO] [1775602926.825340056] [controller_manager]: Successfully switched controllers!
[ros2_control_node-1] [WARN] [1775602926.827814433] [controller_manager]: Overrun might occur, Total time : 25708.880 us (Expected < 8000.000 us) --> Read time : 42.239 us, Update time : 23145.198 us (Switch time : 23053.692 us (Switch chained mode time : 3.745 us, perform mode change time : 22215.504 us, Activation time : 828.120 us, Deactivation time : 1.042 us)), Write time : 2521.443 us
[ros2_control_node-1] [WARN] [1775602926.827897839] [controller_manager]: Overrun detected! The controller manager missed its desired rate of 125 Hz. The loop took 25.821375 ms (missed cycles : 4).
[spawner-7] [INFO] [1775602926.836031411] [spawner_joint_trajectory_controller]: Configured and activated joint_trajectory_controller
[INFO] [spawner-7]: process has finished cleanly [pid 33821]
[spawner-10] [INFO] [1775602927.249905601] [spawner_fault_controller]: waiting for service /controller_manager/list_controllers to become available...
[ros2_control_node-1] [INFO] [1775602927.502034922] [controller_manager]: Loading controller : 'fault_controller' of type 'picknik_reset_fault_controller/PicknikResetFaultController'
[ros2_control_node-1] [INFO] [1775602927.502066340] [controller_manager]: Loading controller 'fault_controller'
[ros2_control_node-1] [INFO] [1775602927.504870600] [controller_manager]: Controller 'fault_controller' node arguments: --ros-args --params-file /home/carrt-cse-project/workspace/ros2_kortex_ws/install/adl_tasks/share/adl_tasks/config/ros2_controllers_vbox.yaml --params-file /tmp/launch_params_jvjhutmi 
[spawner-10] [INFO] [1775602927.523814950] [spawner_fault_controller]: Loaded fault_controller
[ros2_control_node-1] [INFO] [1775602927.524969981] [controller_manager]: Configuring controller: 'fault_controller'
[ros2_control_node-1] [INFO] [1775602927.532321524] [controller_manager]: Activating controllers: [ fault_controller ]
[ros2_control_node-1] [INFO] [1775602927.742595554] [controller_manager]: Successfully switched controllers!
[spawner-10] [INFO] [1775602927.749652934] [spawner_fault_controller]: Configured and activated fault_controller
[INFO] [spawner-10]: process has finished cleanly [pid 33824]
[INFO] [move_group-11]: process started with pid [33883]
[INFO] [rviz2-12]: process started with pid [33884]
[move_group-11] [INFO] [1775602928.255561983] [move_group.moveit.moveit.ros.rdf_loader]: Loaded robot model in 0.00950557 seconds
[move_group-11] [INFO] [1775602928.255729627] [move_group.moveit.moveit.core.robot_model]: Loading robot model 'gen3'...
[move_group-11] [INFO] [1775602928.255756040] [move_group.moveit.moveit.core.robot_model]: No root/virtual joint specified in SRDF. Assuming fixed joint
[move_group-11] [INFO] [1775602928.382278387] [move_group.moveit.moveit.kinematics.kdl_kinematics_plugin]: Joint weights for group 'manipulator': 1 1 1 1 1 1 1
[rviz2-12] [INFO] [1775602928.895522575] [rviz2]: Stereo is NOT SUPPORTED
[rviz2-12] [INFO] [1775602928.895618250] [rviz2]: OpenGl version: 4.6 (GLSL 4.6)
[ros2_control_node-1] [INFO] [1775602928.905132708] [controller_manager]: Received robot description from topic.
[ros2_control_node-1] [WARN] [1775602928.905853314] [controller_manager]: ResourceManager has already loaded a urdf. Ignoring attempt to reload a robot description.
[rviz2-12] [INFO] [1775602928.937206038] [rviz2]: Stereo is NOT SUPPORTED
[move_group-11] [INFO] [1775602929.058619381] [move_group.moveit.moveit.ros.planning_scene_monitor]: Publishing maintained planning scene on 'monitored_planning_scene'
[move_group-11] [INFO] [1775602929.058777967] [move_group.moveit.moveit.ros.moveit_cpp]: Listening to 'joint_states' for joint states
[move_group-11] [INFO] [1775602929.060331997] [move_group.moveit.moveit.ros.current_state_monitor]: Listening to joint states on topic 'joint_states'
[move_group-11] [INFO] [1775602929.061124494] [move_group.moveit.moveit.ros.planning_scene_monitor]: Listening to '/attached_collision_object' for attached collision objects
[move_group-11] [INFO] [1775602929.061159099] [move_group.moveit.moveit.ros.planning_scene_monitor]: Stopping existing planning scene publisher.
[move_group-11] [INFO] [1775602929.061740258] [move_group.moveit.moveit.ros.planning_scene_monitor]: Stopped publishing maintained planning scene.
[move_group-11] [INFO] [1775602929.062696022] [move_group.moveit.moveit.ros.planning_scene_monitor]: Publishing maintained planning scene on 'monitored_planning_scene'
[move_group-11] [INFO] [1775602929.062837360] [move_group.moveit.moveit.ros.planning_scene_monitor]: Starting planning scene monitor
[move_group-11] [INFO] [1775602929.063774606] [move_group.moveit.moveit.ros.planning_scene_monitor]: Listening to '/planning_scene'
[move_group-11] [INFO] [1775602929.063814260] [move_group.moveit.moveit.ros.planning_scene_monitor]: Starting world geometry update monitor for collision objects, attached objects, octomap updates.
[move_group-11] [INFO] [1775602929.065728377] [move_group.moveit.moveit.ros.planning_scene_monitor]: Listening to 'collision_object'
[move_group-11] [INFO] [1775602929.066471352] [move_group.moveit.moveit.ros.planning_scene_monitor]: Listening to 'planning_scene_world' for planning scene world geometry
[move_group-11] [WARN] [1775602929.067618166] [move_group.moveit.moveit.ros.occupancy_map_monitor]: Resolution not specified for Octomap. Assuming resolution = 0.1 instead
[move_group-11] [ERROR] [1775602929.067662772] [move_group.moveit.moveit.ros.occupancy_map_monitor]: No 3D sensor plugin(s) defined for octomap updates
[rviz2-12] Warning: class_loader.impl: SEVERE WARNING!!! A namespace collision has occurred with plugin factory for class rviz_default_plugins::displays::InteractiveMarkerDisplay. New factory will OVERWRITE existing one. This situation occurs when libraries containing plugins are directly linked against an executable (the one running right now generating this message). Please separate plugins out into their own library or just don't link against the library and use either class_loader::ClassLoader/MultiLibraryClassLoader to open.
[rviz2-12]          at line 321 in /opt/ros/jazzy/include/class_loader/class_loader/class_loader_core.hpp
[rviz2-12] [WARN] [1775602929.098011267] [rcl.logging_rosout]: Publisher already registered for node name: 'rviz2_moveit'. If this is due to multiple nodes with the same name then all logs for the logger named 'rviz2_moveit' will go out over the existing publisher. As soon as any node with that name is destructed it will unregister the publisher, preventing any further logs for that name from being published on the rosout topic.
[move_group-11] [INFO] [1775602929.299060724] [move_group.moveit.moveit.ros.planning_pipeline]: Successfully loaded planner 'OMPL'
[move_group-11] [INFO] [1775602929.302993319] [move_group]: Try loading adapter 'default_planning_request_adapters/ResolveConstraintFrames'
[move_group-11] [INFO] [1775602929.304435964] [move_group]: Loaded adapter 'default_planning_request_adapters/ResolveConstraintFrames'
[move_group-11] [INFO] [1775602929.304457528] [move_group]: Try loading adapter 'default_planning_request_adapters/ValidateWorkspaceBounds'
[move_group-11] [INFO] [1775602929.304692300] [move_group]: Loaded adapter 'default_planning_request_adapters/ValidateWorkspaceBounds'
[move_group-11] [INFO] [1775602929.304706561] [move_group]: Try loading adapter 'default_planning_request_adapters/CheckStartStateBounds'
[move_group-11] [INFO] [1775602929.304739449] [move_group]: Loaded adapter 'default_planning_request_adapters/CheckStartStateBounds'
[move_group-11] [INFO] [1775602929.304748440] [move_group]: Try loading adapter 'default_planning_request_adapters/CheckStartStateCollision'
[move_group-11] [INFO] [1775602929.304769406] [move_group]: Loaded adapter 'default_planning_request_adapters/CheckStartStateCollision'
[move_group-11] [INFO] [1775602929.308538759] [move_group]: Try loading adapter 'default_planning_response_adapters/AddTimeOptimalParameterization'
[move_group-11] [INFO] [1775602929.311750822] [move_group]: Loaded adapter 'default_planning_response_adapters/AddTimeOptimalParameterization'
[move_group-11] [INFO] [1775602929.311779815] [move_group]: Try loading adapter 'default_planning_response_adapters/ValidateSolution'
[move_group-11] [INFO] [1775602929.314520793] [move_group]: Loaded adapter 'default_planning_response_adapters/ValidateSolution'
[move_group-11] [INFO] [1775602929.314552423] [move_group]: Try loading adapter 'default_planning_response_adapters/DisplayMotionPath'
[move_group-11] [INFO] [1775602929.315688662] [move_group]: Loaded adapter 'default_planning_response_adapters/DisplayMotionPath'
[move_group-11] [INFO] [1775602929.377555818] [move_group.moveit.moveit.plugins.simple_controller_manager]: Added FollowJointTrajectory controller for joint_trajectory_controller
[move_group-11] [INFO] [1775602929.377622533] [move_group.moveit.moveit.plugins.simple_controller_manager]: robotiq_gripper_controller will command a max effort of: 0
[move_group-11] [INFO] [1775602929.382412298] [move_group.moveit.moveit.plugins.simple_controller_manager]: Added GripperCommand controller for robotiq_gripper_controller
[move_group-11] [INFO] [1775602929.382645962] [move_group.moveit.moveit.plugins.simple_controller_manager]: Returned 2 controllers in list
[move_group-11] [INFO] [1775602929.382690419] [move_group.moveit.moveit.plugins.simple_controller_manager]: Returned 2 controllers in list
[move_group-11] [INFO] [1775602929.383365464] [move_group.moveit.moveit.ros.trajectory_execution_manager]: Trajectory execution is managing controllers
[move_group-11] [INFO] [1775602929.383398748] [move_group]: MoveGroup debug mode is ON
[move_group-11] [INFO] [1775602929.413971441] [move_group.moveit.moveit.ros.move_group.executable]: 
[move_group-11] 
[move_group-11] ********************************************************
[move_group-11] * MoveGroup using: 
[move_group-11] *     - apply_planning_scene_service
[move_group-11] *     - clear_octomap_service
[move_group-11] *     - get_group_urdf
[move_group-11] *     - load_geometry_from_file
[move_group-11] *     - CartesianPathService
[move_group-11] *     - execute_trajectory_action
[move_group-11] *     - get_planning_scene_service
[move_group-11] *     - kinematics_service
[move_group-11] *     - move_action
[move_group-11] *     - motion_plan_service
[move_group-11] *     - query_planners_service
[move_group-11] *     - state_validation_service
[move_group-11] *     - save_geometry_to_file
[move_group-11] ********************************************************
[move_group-11] 
[move_group-11] [INFO] [1775602929.414047990] [move_group.moveit.moveit.ros.move_group.context]: MoveGroup context using pipeline ompl
[move_group-11] [INFO] [1775602929.414071312] [move_group.moveit.moveit.ros.move_group.context]: MoveGroup context initialization complete
[move_group-11] [96mLoading 'move_group/ApplyPlanningSceneService'...[0m
[move_group-11] [96mLoading 'move_group/ClearOctomapService'...[0m
[move_group-11] [96mLoading 'move_group/GetUrdfService'...[0m
[move_group-11] [96mLoading 'move_group/LoadGeometryFromFileService'...[0m
[move_group-11] [96mLoading 'move_group/MoveGroupCartesianPathService'...[0m
[move_group-11] [96mLoading 'move_group/MoveGroupExecuteTrajectoryAction'...[0m
[move_group-11] [96mLoading 'move_group/MoveGroupGetPlanningSceneService'...[0m
[move_group-11] [96mLoading 'move_group/MoveGroupKinematicsService'...[0m
[move_group-11] [96mLoading 'move_group/MoveGroupMoveAction'...[0m
[move_group-11] [96mLoading 'move_group/MoveGroupPlanService'...[0m
[move_group-11] [96mLoading 'move_group/MoveGroupQueryPlannersService'...[0m
[move_group-11] [96mLoading 'move_group/MoveGroupStateValidationService'...[0m
[move_group-11] [96mLoading 'move_group/SaveGeometryToFileService'...[0m
[move_group-11] 
[move_group-11] [92mYou can start planning now![0m
[move_group-11] 
[rviz2-12] [ERROR] [1775602932.150294303] [rviz2_moveit.moveit.ros.motion_planning_frame]: Action server: /recognize_objects not available
[rviz2-12] [INFO] [1775602932.173720369] [rviz2_moveit.moveit.ros.motion_planning_frame]: MoveGroup namespace changed: / -> . Reloading params.
[rviz2-12] [INFO] [1775602932.242060404] [rviz2_moveit.moveit.ros.rdf_loader]: Loaded robot model in 0.00703126 seconds
[rviz2-12] [INFO] [1775602932.242136516] [rviz2_moveit.moveit.core.robot_model]: Loading robot model 'gen3'...
[rviz2-12] [INFO] [1775602932.242155463] [rviz2_moveit.moveit.core.robot_model]: No root/virtual joint specified in SRDF. Assuming fixed joint
[rviz2-12] [INFO] [1775602932.403098075] [rviz2_moveit.moveit.kinematics.kdl_kinematics_plugin]: Joint weights for group 'manipulator': 1 1 1 1 1 1 1
[rviz2-12] [INFO] [1775602932.756176078] [rviz2_moveit.moveit.ros.planning_scene_monitor]: Starting planning scene monitor
[rviz2-12] [INFO] [1775602932.756934184] [rviz2_moveit.moveit.ros.planning_scene_monitor]: Listening to '/monitored_planning_scene'
[rviz2-12] [INFO] [1775602933.053464902] [interactive_marker_display_99503322883104]: Connected on namespace: /rviz_moveit_motion_planning_display/robot_interaction_interactive_marker_topic
[rviz2-12] [INFO] [1775602933.059872309] [rviz2_moveit.moveit.ros.robot_interaction]: No active joints or end effectors found for group 'gripper'. Make sure that kinematics.yaml is loaded in this node's namespace.
[rviz2-12] [INFO] [1775602933.060722409] [rviz2_moveit.moveit.ros.robot_interaction]: No active joints or end effectors found for group 'gripper'. Make sure that kinematics.yaml is loaded in this node's namespace.
[rviz2-12] [INFO] [1775602933.069121150] [rviz2_moveit.moveit.ros.motion_planning_frame]: group gripper
[rviz2-12] [INFO] [1775602933.069170809] [rviz2_moveit.moveit.ros.motion_planning_frame]: Constructing new MoveGroup connection for group 'gripper' in namespace ''
[rviz2-12] [INFO] [1775602933.081049523] [interactive_marker_display_99503322883104]: Sending request for interactive markers
[rviz2-12] [INFO] [1775602933.098032063] [rviz2_moveit.moveit.ros.move_group_interface]: Ready to take commands for planning group gripper.
[rviz2-12] [INFO] [1775602933.098864274] [rviz2_moveit.moveit.ros.motion_planning_frame]: group gripper
[rviz2-12] [INFO] [1775602933.116166691] [interactive_marker_display_99503322883104]: Service response received for initialization
[ros2_control_node-1] [WARN] [1775602965.734987532] [controller_manager]: Overrun might occur, Total time : 12876.134 us (Expected < 8000.000 us) --> Read time : 68.103 us, Update time : 325.955 us, Write time : 12482.076 us
[ros2_control_node-1] [WARN] [1775602965.735097175] [controller_manager]: Overrun detected! The controller manager missed its desired rate of 125 Hz. The loop took 13.020475 ms (missed cycles : 2).
[ros2_control_node-1] [WARN] [1775602968.460911858] [controller_manager]: Overrun might occur, Total time : 10804.727 us (Expected < 8000.000 us) --> Read time : 77.322 us, Update time : 247.342 us, Write time : 10480.063 us
[ros2_control_node-1] [WARN] [1775602968.460970955] [controller_manager]: Overrun detected! The controller manager missed its desired rate of 125 Hz. The loop took 10.894500 ms (missed cycles : 2).
[ros2_control_node-1] [WARN] [1775602986.934652414] [controller_manager]: Overrun might occur, Total time : 12540.720 us (Expected < 8000.000 us) --> Read time : 55.845 us, Update time : 260.426 us, Write time : 12224.449 us
[ros2_control_node-1] [WARN] [1775602986.934741571] [controller_manager]: Overrun detected! The controller manager missed its desired rate of 125 Hz. The loop took 12.664308 ms (missed cycles : 2).
[ros2_control_node-1] [WARN] [1775603014.547438509] [controller_manager]: Overrun might occur, Total time : 9331.888 us (Expected < 8000.000 us) --> Read time : 50.392 us, Update time : 248.014 us, Write time : 9033.482 us
[ros2_control_node-1] [WARN] [1775603014.547554873] [controller_manager]: Overrun detected! The controller manager missed its desired rate of 125 Hz. The loop took 9.477192 ms (missed cycles : 2).
[ros2_control_node-1] [WARN] [1775603026.417334384] [controller_manager]: Overrun might occur, Total time : 15223.067 us (Expected < 8000.000 us) --> Read time : 54.225 us, Update time : 225.662 us, Write time : 14943.180 us
[ros2_control_node-1] [WARN] [1775603026.417443700] [controller_manager]: Overrun detected! The controller manager missed its desired rate of 125 Hz. The loop took 15.366471 ms (missed cycles : 2).
[ros2_control_node-1] [WARN] [1775603028.460075713] [controller_manager]: Overrun might occur, Total time : 9963.832 us (Expected < 8000.000 us) --> Read time : 57.452 us, Update time : 298.378 us, Write time : 9608.002 us
[ros2_control_node-1] [WARN] [1775603028.460153032] [controller_manager]: Overrun detected! The controller manager missed its desired rate of 125 Hz. The loop took 10.075540 ms (missed cycles : 2).
[ros2_control_node-1] [WARN] [1775603054.438478262] [controller_manager]: Overrun might occur, Total time : 12374.739 us (Expected < 8000.000 us) --> Read time : 44.391 us, Update time : 244.034 us, Write time : 12086.314 us
[ros2_control_node-1] [WARN] [1775603054.438561227] [controller_manager]: Overrun detected! The controller manager missed its desired rate of 125 Hz. The loop took 12.484552 ms (missed cycles : 2).
[ros2_control_node-1] [WARN] [1775603086.448768678] [controller_manager]: Overrun might occur, Total time : 14652.899 us (Expected < 8000.000 us) --> Read time : 64.227 us, Update time : 245.041 us, Write time : 14343.631 us
[ros2_control_node-1] [WARN] [1775603086.448860908] [controller_manager]: Overrun detected! The controller manager missed its desired rate of 125 Hz. The loop took 14.784142 ms (missed cycles : 2).
[ros2_control_node-1] [WARN] [1775603088.510030558] [controller_manager]: Overrun might occur, Total time : 11918.868 us (Expected < 8000.000 us) --> Read time : 56.723 us, Update time : 254.083 us, Write time : 11608.062 us
[ros2_control_node-1] [WARN] [1775603088.510106097] [controller_manager]: Overrun detected! The controller manager missed its desired rate of 125 Hz. The loop took 12.028698 ms (missed cycles : 2).
[ros2_control_node-1] [WARN] [1775603094.267977429] [controller_manager]: Overrun might occur, Total time : 9865.504 us (Expected < 8000.000 us) --> Read time : 56.067 us, Update time : 257.479 us, Write time : 9551.958 us
[ros2_control_node-1] [WARN] [1775603094.268086872] [controller_manager]: Overrun detected! The controller manager missed its desired rate of 125 Hz. The loop took 10.009060 ms (missed cycles : 2).
[ros2_control_node-1] [WARN] [1775603132.730939013] [controller_manager]: Overrun might occur, Total time : 8823.577 us (Expected < 8000.000 us) --> Read time : 61.121 us, Update time : 296.748 us, Write time : 8465.708 us
[ros2_control_node-1] [WARN] [1775603132.731058869] [controller_manager]: Overrun detected! The controller manager missed its desired rate of 125 Hz. The loop took 8.981454 ms (missed cycles : 2).
