
===== 2026-04-08T18:46:24-04:00 | T1_arm_moveit_rviz =====
cwd=/home/carrt-cse-project/workspace/ros2_kortex_ws
cmd=ros2 launch adl_tasks arm_vbox.launch.py robot_ip:=192.168.0.10 use_fake_hardware:=false vision:=true 

[INFO] [launch]: All log files can be found below /home/carrt-cse-project/.ros/log/2026-04-08-18-46-25-312810-carrt-cse-project-OptiPlex-5050-12835
[INFO] [launch]: Default logging verbosity is set to INFO
[INFO] [launch.user]: [arm_vbox.launch] MoveIt current state source: /joint_states_sanitized. Use use_joint_state_sanitizer:=false for raw-state viewer debugging.
[INFO] [launch.user]: [arm_vbox.launch] Using ADL VBox controller config (share/adl_tasks/config/ros2_controllers_vbox.yaml, update_rate:=50 Hz).
[INFO] [ros2_control_node-1]: process started with pid [12840]
[INFO] [robot_state_publisher-2]: process started with pid [12841]
[INFO] [joint_state_sanitizer-3]: process started with pid [12842]
[INFO] [spawner-4]: process started with pid [12843]
[INFO] [static_transform_publisher-5]: process started with pid [12844]
[INFO] [static_transform_publisher-6]: process started with pid [12845]
[robot_state_publisher-2] [37;1m2026-04-08 18:46:25.763 [31;1m[[37;1mRTPS_TRANSPORT_SHM[31;1m Error] [37mFailed init_port fastrtps_port7007: open_and_lock_file failed[34;1m -> Function [36mopen_port_internal[m
[ros2_control_node-1] [37;1m2026-04-08 18:46:25.778 [31;1m[[37;1mRTPS_TRANSPORT_SHM[31;1m Error] [37mFailed init_port fastrtps_port7007: open_and_lock_file failed[34;1m -> Function [36mopen_port_internal[m
[ros2_control_node-1] [37;1m2026-04-08 18:46:25.784 [31;1m[[37;1mRTPS_TRANSPORT_SHM[31;1m Error] [37mFailed init_port fastrtps_port7024: open_and_lock_file failed[34;1m -> Function [36mopen_port_internal[m
[ros2_control_node-1] [37;1m2026-04-08 18:46:25.784 [31;1m[[37;1mRTPS_TRANSPORT_SHM[31;1m Error] [37mFailed init_port fastrtps_port7026: open_and_lock_file failed[34;1m -> Function [36mopen_port_internal[m
[ros2_control_node-1] [37;1m2026-04-08 18:46:25.784 [31;1m[[37;1mRTPS_TRANSPORT_SHM[31;1m Error] [37mFailed init_port fastrtps_port7027: open_and_lock_file failed[34;1m -> Function [36mopen_port_internal[m
[robot_state_publisher-2] [37;1m2026-04-08 18:46:25.777 [31;1m[[37;1mRTPS_TRANSPORT_SHM[31;1m Error] [37mFailed init_port fastrtps_port7024: open_and_lock_file failed[34;1m -> Function [36mopen_port_internal[m
[robot_state_publisher-2] [37;1m2026-04-08 18:46:25.778 [31;1m[[37;1mRTPS_TRANSPORT_SHM[31;1m Error] [37mFailed init_port fastrtps_port7026: open_and_lock_file failed[34;1m -> Function [36mopen_port_internal[m
[robot_state_publisher-2] [37;1m2026-04-08 18:46:25.779 [31;1m[[37;1mRTPS_TRANSPORT_SHM[31;1m Error] [37mFailed init_port fastrtps_port7027: open_and_lock_file failed[34;1m -> Function [36mopen_port_internal[m
[robot_state_publisher-2] [37;1m2026-04-08 18:46:25.780 [31;1m[[37;1mRTPS_TRANSPORT_SHM[31;1m Error] [37mFailed init_port fastrtps_port7028: open_and_lock_file failed[34;1m -> Function [36mopen_port_internal[m
[robot_state_publisher-2] [37;1m2026-04-08 18:46:25.780 [31;1m[[37;1mRTPS_TRANSPORT_SHM[31;1m Error] [37mFailed init_port fastrtps_port7029: open_and_lock_file failed[34;1m -> Function [36mopen_port_internal[m
[robot_state_publisher-2] [37;1m2026-04-08 18:46:25.780 [31;1m[[37;1mRTPS_TRANSPORT_SHM[31;1m Error] [37mFailed init_port fastrtps_port7030: open_and_lock_file failed[34;1m -> Function [36mopen_port_internal[m
[robot_state_publisher-2] [37;1m2026-04-08 18:46:25.781 [31;1m[[37;1mRTPS_TRANSPORT_SHM[31;1m Error] [37mFailed init_port fastrtps_port7031: open_and_lock_file failed[34;1m -> Function [36mopen_port_internal[m
[robot_state_publisher-2] [37;1m2026-04-08 18:46:25.785 [31;1m[[37;1mRTPS_TRANSPORT_SHM[31;1m Error] [37mFailed init_port fastrtps_port7032: open_and_lock_file failed[34;1m -> Function [36mopen_port_internal[m
[robot_state_publisher-2] [37;1m2026-04-08 18:46:25.785 [31;1m[[37;1mRTPS_TRANSPORT_SHM[31;1m Error] [37mFailed init_port fastrtps_port7033: open_and_lock_file failed[34;1m -> Function [36mopen_port_internal[m
[robot_state_publisher-2] [37;1m2026-04-08 18:46:25.786 [31;1m[[37;1mRTPS_TRANSPORT_SHM[31;1m Error] [37mFailed init_port fastrtps_port7034: open_and_lock_file failed[34;1m -> Function [36mopen_port_internal[m
[robot_state_publisher-2] [37;1m2026-04-08 18:46:25.786 [31;1m[[37;1mRTPS_TRANSPORT_SHM[31;1m Error] [37mFailed init_port fastrtps_port7035: open_and_lock_file failed[34;1m -> Function [36mopen_port_internal[m
[robot_state_publisher-2] [37;1m2026-04-08 18:46:25.787 [31;1m[[37;1mRTPS_TRANSPORT_SHM[31;1m Error] [37mFailed init_port fastrtps_port7036: open_and_lock_file failed[34;1m -> Function [36mopen_port_internal[m
[robot_state_publisher-2] [37;1m2026-04-08 18:46:25.787 [31;1m[[37;1mRTPS_TRANSPORT_SHM[31;1m Error] [37mFailed init_port fastrtps_port7037: open_and_lock_file failed[34;1m -> Function [36mopen_port_internal[m
[robot_state_publisher-2] [37;1m2026-04-08 18:46:25.788 [31;1m[[37;1mRTPS_TRANSPORT_SHM[31;1m Error] [37mFailed init_port fastrtps_port7038: open_and_lock_file failed[34;1m -> Function [36mopen_port_internal[m
[robot_state_publisher-2] [37;1m2026-04-08 18:46:25.788 [31;1m[[37;1mRTPS_TRANSPORT_SHM[31;1m Error] [37mFailed init_port fastrtps_port7039: open_and_lock_file failed[34;1m -> Function [36mopen_port_internal[m
[ros2_control_node-1] [37;1m2026-04-08 18:46:25.789 [31;1m[[37;1mRTPS_TRANSPORT_SHM[31;1m Error] [37mFailed init_port fastrtps_port7028: open_and_lock_file failed[34;1m -> Function [36mopen_port_internal[m
[ros2_control_node-1] [37;1m2026-04-08 18:46:25.790 [31;1m[[37;1mRTPS_TRANSPORT_SHM[31;1m Error] [37mFailed init_port fastrtps_port7029: open_and_lock_file failed[34;1m -> Function [36mopen_port_internal[m
[ros2_control_node-1] [37;1m2026-04-08 18:46:25.790 [31;1m[[37;1mRTPS_TRANSPORT_SHM[31;1m Error] [37mFailed init_port fastrtps_port7030: open_and_lock_file failed[34;1m -> Function [36mopen_port_internal[m
[ros2_control_node-1] [37;1m2026-04-08 18:46:25.791 [31;1m[[37;1mRTPS_TRANSPORT_SHM[31;1m Error] [37mFailed init_port fastrtps_port7031: open_and_lock_file failed[34;1m -> Function [36mopen_port_internal[m
[ros2_control_node-1] [37;1m2026-04-08 18:46:25.792 [31;1m[[37;1mRTPS_TRANSPORT_SHM[31;1m Error] [37mFailed init_port fastrtps_port7032: open_and_lock_file failed[34;1m -> Function [36mopen_port_internal[m
[ros2_control_node-1] [37;1m2026-04-08 18:46:25.793 [31;1m[[37;1mRTPS_TRANSPORT_SHM[31;1m Error] [37mFailed init_port fastrtps_port7033: open_and_lock_file failed[34;1m -> Function [36mopen_port_internal[m
[ros2_control_node-1] [37;1m2026-04-08 18:46:25.794 [31;1m[[37;1mRTPS_TRANSPORT_SHM[31;1m Error] [37mFailed init_port fastrtps_port7034: open_and_lock_file failed[34;1m -> Function [36mopen_port_internal[m
[ros2_control_node-1] [37;1m2026-04-08 18:46:25.795 [31;1m[[37;1mRTPS_TRANSPORT_SHM[31;1m Error] [37mFailed init_port fastrtps_port7035: open_and_lock_file failed[34;1m -> Function [36mopen_port_internal[m
[ros2_control_node-1] [37;1m2026-04-08 18:46:25.795 [31;1m[[37;1mRTPS_TRANSPORT_SHM[31;1m Error] [37mFailed init_port fastrtps_port7036: open_and_lock_file failed[34;1m -> Function [36mopen_port_internal[m
[ros2_control_node-1] [37;1m2026-04-08 18:46:25.798 [31;1m[[37;1mRTPS_TRANSPORT_SHM[31;1m Error] [37mFailed init_port fastrtps_port7037: open_and_lock_file failed[34;1m -> Function [36mopen_port_internal[m
[ros2_control_node-1] [37;1m2026-04-08 18:46:25.802 [31;1m[[37;1mRTPS_TRANSPORT_SHM[31;1m Error] [37mFailed init_port fastrtps_port7038: open_and_lock_file failed[34;1m -> Function [36mopen_port_internal[m
[ros2_control_node-1] [37;1m2026-04-08 18:46:25.803 [31;1m[[37;1mRTPS_TRANSPORT_SHM[31;1m Error] [37mFailed init_port fastrtps_port7039: open_and_lock_file failed[34;1m -> Function [36mopen_port_internal[m
[static_transform_publisher-5] [INFO] [1775688385.859976204] [static_transform_publisher]: Spinning until stopped - publishing transform
[static_transform_publisher-5] translation: ('0.000000', '0.000000', '0.000000')
[static_transform_publisher-5] rotation: ('0.000000', '0.000000', '0.000000', '1.000000')
[static_transform_publisher-5] from 'world' to 'base_link'
[ros2_control_node-1] [INFO] [1775688385.869571727] [controller_manager]: Using Steady (Monotonic) clock for triggering controller manager cycles.
[ros2_control_node-1] [INFO] [1775688385.904840577] [controller_manager]: Subscribing to '/robot_description' topic for robot description.
[ros2_control_node-1] [INFO] [1775688385.921786301] [controller_manager]: update rate is 50 Hz
[ros2_control_node-1] [INFO] [1775688385.921831389] [controller_manager]: Overruns handling is : enabled
[ros2_control_node-1] [INFO] [1775688385.922107173] [controller_manager]: Spawning controller_manager RT thread with scheduler priority: 50
[ros2_control_node-1] [INFO] [1775688385.925128096] [controller_manager]: Successful set up FIFO RT scheduling policy with priority 50.
[static_transform_publisher-6] [INFO] [1775688385.929833148] [camera_color_optical_bridge_tf_pub]: Spinning until stopped - publishing transform
[static_transform_publisher-6] translation: ('0.000000', '0.000000', '0.000000')
[static_transform_publisher-6] rotation: ('0.000000', '0.000000', '0.000000', '1.000000')
[static_transform_publisher-6] from 'camera_color_frame' to 'wrist_mounted_camera_color_optical_frame'
[robot_state_publisher-2] [INFO] [1775688385.955202912] [robot_state_publisher]: Robot initialized
[ros2_control_node-1] [INFO] [1775688386.064432158] [controller_manager]: Received robot description from topic.
[ros2_control_node-1] [INFO] [1775688386.064499828] [controller_manager]: Enforcing command limits is disabled. Command limits from URDF will be ignored.
[ros2_control_node-1] [INFO] [1775688386.098979364] [controller_manager]: Loading hardware 'KortexMultiInterfaceHardware' 
[ros2_control_node-1] [INFO] [1775688386.156610342] [KortexMultiInterfaceHardware]: Setting severity threshold to DEBUG
[ros2_control_node-1] [INFO] [1775688386.162010070] [controller_manager]: Loaded hardware 'KortexMultiInterfaceHardware' from plugin 'kortex_driver/KortexMultiInterfaceHardware'
[ros2_control_node-1] [INFO] [1775688386.162629923] [controller_manager]: Initialize hardware 'KortexMultiInterfaceHardware' 
[ros2_control_node-1] [INFO] [1775688386.220122334] [KortexMultiInterfaceHardware]: Configuring Hardware Interface
[ros2_control_node-1] [INFO] [1775688386.221234726] [KortexMultiInterfaceHardware]: Robot ip is '192.168.0.10'
[ros2_control_node-1] [INFO] [1775688386.221255413] [KortexMultiInterfaceHardware]: Username is 'admin'
[ros2_control_node-1] [INFO] [1775688386.221270854] [KortexMultiInterfaceHardware]: Port used '10000'
[ros2_control_node-1] [INFO] [1775688386.221276776] [KortexMultiInterfaceHardware]: Realtime port used '10001'
[ros2_control_node-1] [INFO] [1775688386.221282296] [KortexMultiInterfaceHardware]: Session inactivity timeout is '60000'
[ros2_control_node-1] [INFO] [1775688386.221288765] [KortexMultiInterfaceHardware]: Connection inactivity timeout is '2000'
[ros2_control_node-1] [INFO] [1775688386.221302472] [KortexMultiInterfaceHardware]: Gripper joint name is 'robotiq_85_left_knuckle_joint'
[ros2_control_node-1] [INFO] [1775688386.221876583] [KortexMultiInterfaceHardware]: Connecting to robot at 192.168.0.10
[ros2_control_node-1] [INFO] [1775688386.226454697] [KortexMultiInterfaceHardware]: Creating session for communication
[joint_state_sanitizer-3] [37;1m2026-04-08 18:46:26.560 [31;1m[[37;1mRTPS_TRANSPORT_SHM[31;1m Error] [37mFailed init_port fastrtps_port7007: open_and_lock_file failed[34;1m -> Function [36mopen_port_internal[m
[joint_state_sanitizer-3] [37;1m2026-04-08 18:46:26.563 [31;1m[[37;1mRTPS_TRANSPORT_SHM[31;1m Error] [37mFailed init_port fastrtps_port7024: open_and_lock_file failed[34;1m -> Function [36mopen_port_internal[m
[joint_state_sanitizer-3] [37;1m2026-04-08 18:46:26.564 [31;1m[[37;1mRTPS_TRANSPORT_SHM[31;1m Error] [37mFailed init_port fastrtps_port7026: open_and_lock_file failed[34;1m -> Function [36mopen_port_internal[m
[joint_state_sanitizer-3] [37;1m2026-04-08 18:46:26.564 [31;1m[[37;1mRTPS_TRANSPORT_SHM[31;1m Error] [37mFailed init_port fastrtps_port7027: open_and_lock_file failed[34;1m -> Function [36mopen_port_internal[m
[joint_state_sanitizer-3] [37;1m2026-04-08 18:46:26.564 [31;1m[[37;1mRTPS_TRANSPORT_SHM[31;1m Error] [37mFailed init_port fastrtps_port7028: open_and_lock_file failed[34;1m -> Function [36mopen_port_internal[m
[joint_state_sanitizer-3] [37;1m2026-04-08 18:46:26.565 [31;1m[[37;1mRTPS_TRANSPORT_SHM[31;1m Error] [37mFailed init_port fastrtps_port7029: open_and_lock_file failed[34;1m -> Function [36mopen_port_internal[m
[joint_state_sanitizer-3] [37;1m2026-04-08 18:46:26.565 [31;1m[[37;1mRTPS_TRANSPORT_SHM[31;1m Error] [37mFailed init_port fastrtps_port7030: open_and_lock_file failed[34;1m -> Function [36mopen_port_internal[m
[joint_state_sanitizer-3] [37;1m2026-04-08 18:46:26.566 [31;1m[[37;1mRTPS_TRANSPORT_SHM[31;1m Error] [37mFailed init_port fastrtps_port7031: open_and_lock_file failed[34;1m -> Function [36mopen_port_internal[m
[joint_state_sanitizer-3] [37;1m2026-04-08 18:46:26.566 [31;1m[[37;1mRTPS_TRANSPORT_SHM[31;1m Error] [37mFailed init_port fastrtps_port7032: open_and_lock_file failed[34;1m -> Function [36mopen_port_internal[m
[joint_state_sanitizer-3] [37;1m2026-04-08 18:46:26.566 [31;1m[[37;1mRTPS_TRANSPORT_SHM[31;1m Error] [37mFailed init_port fastrtps_port7033: open_and_lock_file failed[34;1m -> Function [36mopen_port_internal[m
[joint_state_sanitizer-3] [37;1m2026-04-08 18:46:26.566 [31;1m[[37;1mRTPS_TRANSPORT_SHM[31;1m Error] [37mFailed init_port fastrtps_port7034: open_and_lock_file failed[34;1m -> Function [36mopen_port_internal[m
[joint_state_sanitizer-3] [37;1m2026-04-08 18:46:26.567 [31;1m[[37;1mRTPS_TRANSPORT_SHM[31;1m Error] [37mFailed init_port fastrtps_port7035: open_and_lock_file failed[34;1m -> Function [36mopen_port_internal[m
[joint_state_sanitizer-3] [37;1m2026-04-08 18:46:26.567 [31;1m[[37;1mRTPS_TRANSPORT_SHM[31;1m Error] [37mFailed init_port fastrtps_port7036: open_and_lock_file failed[34;1m -> Function [36mopen_port_internal[m
[joint_state_sanitizer-3] [37;1m2026-04-08 18:46:26.568 [31;1m[[37;1mRTPS_TRANSPORT_SHM[31;1m Error] [37mFailed init_port fastrtps_port7037: open_and_lock_file failed[34;1m -> Function [36mopen_port_internal[m
[joint_state_sanitizer-3] [37;1m2026-04-08 18:46:26.568 [31;1m[[37;1mRTPS_TRANSPORT_SHM[31;1m Error] [37mFailed init_port fastrtps_port7038: open_and_lock_file failed[34;1m -> Function [36mopen_port_internal[m
[joint_state_sanitizer-3] [37;1m2026-04-08 18:46:26.568 [31;1m[[37;1mRTPS_TRANSPORT_SHM[31;1m Error] [37mFailed init_port fastrtps_port7039: open_and_lock_file failed[34;1m -> Function [36mopen_port_internal[m
[ros2_control_node-1] [INFO] [1775688386.606640210] [KortexMultiInterfaceHardware]: Session created
[joint_state_sanitizer-3] [INFO] [1775688386.763366285] [joint_state_sanitizer_node]: joint_state_sanitizer started. raw=/joint_states -> sanitized=/joint_states_sanitized
[joint_state_sanitizer-3] [WARN] [1775688387.243407423] [joint_state_sanitizer_node]: [joint_state_sanitizer] Published sanitized joint state: joint_3:+3.140->+3.132
[ros2_control_node-1] [INFO] [1775688387.375280564] [KortexMultiInterfaceHardware]: Actuator count reported by robot is '7'
[ros2_control_node-1] [INFO] [1775688387.375502241] [KortexMultiInterfaceHardware]: Using internal bus communication for gripper!
[ros2_control_node-1] [INFO] [1775688387.375510683] [KortexMultiInterfaceHardware]: Hardware Interface successfully configured
[ros2_control_node-1] [INFO] [1775688387.375600918] [controller_manager]: Successful initialization of hardware 'KortexMultiInterfaceHardware'
[ros2_control_node-1] [DEBUG] [1775688387.375683865] [KortexMultiInterfaceHardware]: export_state_interfaces for joint: joint_1
[ros2_control_node-1] [DEBUG] [1775688387.375713054] [KortexMultiInterfaceHardware]: export_state_interfaces for joint: joint_2
[ros2_control_node-1] [DEBUG] [1775688387.375719629] [KortexMultiInterfaceHardware]: export_state_interfaces for joint: joint_3
[ros2_control_node-1] [DEBUG] [1775688387.375724634] [KortexMultiInterfaceHardware]: export_state_interfaces for joint: joint_4
[ros2_control_node-1] [DEBUG] [1775688387.375729262] [KortexMultiInterfaceHardware]: export_state_interfaces for joint: joint_5
[ros2_control_node-1] [DEBUG] [1775688387.375734470] [KortexMultiInterfaceHardware]: export_state_interfaces for joint: joint_6
[ros2_control_node-1] [DEBUG] [1775688387.375738927] [KortexMultiInterfaceHardware]: export_state_interfaces for joint: joint_7
[ros2_control_node-1] [DEBUG] [1775688387.375742957] [KortexMultiInterfaceHardware]: export_state_interfaces for joint: robotiq_85_left_knuckle_joint
[ros2_control_node-1] [INFO] [1775688387.377680857] [resource_manager]: 'configure' hardware 'KortexMultiInterfaceHardware' 
[ros2_control_node-1] [INFO] [1775688387.377723587] [resource_manager]: Successful 'configure' of hardware 'KortexMultiInterfaceHardware'
[ros2_control_node-1] [INFO] [1775688387.377817152] [resource_manager]: 'activate' hardware 'KortexMultiInterfaceHardware' 
[ros2_control_node-1] [INFO] [1775688387.377845156] [KortexMultiInterfaceHardware]: Activating KortexMultiInterfaceHardware...
[ros2_control_node-1] [INFO] [1775688387.382343953] [KortexMultiInterfaceHardware]: Gripper initial position is '14.410482'.
[ros2_control_node-1] [INFO] [1775688387.387142081] [KortexMultiInterfaceHardware]: KortexMultiInterfaceHardware successfully activated!
[ros2_control_node-1] [INFO] [1775688387.387201778] [resource_manager]: Successful 'activate' of hardware 'KortexMultiInterfaceHardware'
[ros2_control_node-1] [INFO] [1775688387.387794739] [controller_manager]: Registering statistics for : KortexMultiInterfaceHardware
[ros2_control_node-1] [INFO] [1775688387.388015343] [controller_manager]: Resource Manager has been successfully initialized. Starting Controller Manager services...
[ros2_control_node-1] [INFO] [1775688387.457641914] [controller_manager]: Received robot description from topic.
[ros2_control_node-1] [WARN] [1775688387.457684961] [controller_manager]: ResourceManager has already loaded a urdf. Ignoring attempt to reload a robot description.
[joint_state_sanitizer-3] [WARN] [1775688392.244931147] [joint_state_sanitizer_node]: [joint_state_sanitizer] Published sanitized joint state: joint_3:+3.140->+3.132
[joint_state_sanitizer-3] [WARN] [1775688397.265242224] [joint_state_sanitizer_node]: [joint_state_sanitizer] Published sanitized joint state: joint_3:+3.140->+3.132
[joint_state_sanitizer-3] [WARN] [1775688402.282524276] [joint_state_sanitizer_node]: [joint_state_sanitizer] Published sanitized joint state: joint_3:+3.140->+3.132
[spawner-4] [WARN] [1775688406.394689603] [ros2_control_controller_spawner_joint_state_broadcaster]: Failed to acquire lock in 20 seconds. Attempt 1 of 5 failed. Retrying in 3 seconds...
[joint_state_sanitizer-3] [WARN] [1775688407.285298098] [joint_state_sanitizer_node]: [joint_state_sanitizer] Published sanitized joint state: joint_3:+3.140->+3.132
[joint_state_sanitizer-3] [WARN] [1775688412.284190705] [joint_state_sanitizer_node]: [joint_state_sanitizer] Published sanitized joint state: joint_3:+3.140->+3.132
[joint_state_sanitizer-3] [WARN] [1775688417.304060601] [joint_state_sanitizer_node]: [joint_state_sanitizer] Published sanitized joint state: joint_3:+3.140->+3.132
[joint_state_sanitizer-3] [WARN] [1775688422.305990197] [joint_state_sanitizer_node]: [joint_state_sanitizer] Published sanitized joint state: joint_3:+3.140->+3.132
[joint_state_sanitizer-3] [WARN] [1775688427.325197062] [joint_state_sanitizer_node]: [joint_state_sanitizer] Published sanitized joint state: joint_3:+3.140->+3.132
[spawner-4] [WARN] [1775688429.436311208] [ros2_control_controller_spawner_joint_state_broadcaster]: Failed to acquire lock in 20 seconds. Attempt 2 of 5 failed. Retrying in 3 seconds...
[joint_state_sanitizer-3] [WARN] [1775688432.343208245] [joint_state_sanitizer_node]: [joint_state_sanitizer] Published sanitized joint state: joint_3:+3.140->+3.132
[joint_state_sanitizer-3] [WARN] [1775688437.354366198] [joint_state_sanitizer_node]: [joint_state_sanitizer] Published sanitized joint state: joint_3:+3.140->+3.132
[joint_state_sanitizer-3] [WARN] [1775688442.365225514] [joint_state_sanitizer_node]: [joint_state_sanitizer] Published sanitized joint state: joint_3:+3.140->+3.132
[ros2_control_node-1] [WARN] [1775688443.749571572] [controller_manager]: Overrun might occur, Total time : 24264.208 us (Expected < 20000.000 us) --> Read time : 56.362 us, Update time : 28.522 us, Write time : 24179.324 us
[ros2_control_node-1] [WARN] [1775688443.749673662] [controller_manager]: Overrun detected! The controller manager missed its desired rate of 50 Hz. The loop took 24.400820 ms (missed cycles : 2).
[joint_state_sanitizer-3] [WARN] [1775688447.365430035] [joint_state_sanitizer_node]: [joint_state_sanitizer] Published sanitized joint state: joint_3:+3.140->+3.132
[joint_state_sanitizer-3] [WARN] [1775688452.375230128] [joint_state_sanitizer_node]: [joint_state_sanitizer] Published sanitized joint state: joint_3:+3.140->+3.132
[spawner-4] [WARN] [1775688452.459156850] [ros2_control_controller_spawner_joint_state_broadcaster]: Failed to acquire lock in 20 seconds. Attempt 3 of 5 failed. Retrying in 3 seconds...
[joint_state_sanitizer-3] [WARN] [1775688457.384438581] [joint_state_sanitizer_node]: [joint_state_sanitizer] Published sanitized joint state: joint_3:+3.140->+3.132
[ros2_control_node-1] [WARN] [1775688461.849321820] [controller_manager]: Overrun might occur, Total time : 24016.051 us (Expected < 20000.000 us) --> Read time : 53.780 us, Update time : 23.724 us, Write time : 23938.547 us
[ros2_control_node-1] [WARN] [1775688461.849404340] [controller_manager]: Overrun detected! The controller manager missed its desired rate of 50 Hz. The loop took 24.131940 ms (missed cycles : 2).
[joint_state_sanitizer-3] [WARN] [1775688462.404913989] [joint_state_sanitizer_node]: [joint_state_sanitizer] Published sanitized joint state: joint_3:+3.140->+3.132
[joint_state_sanitizer-3] [WARN] [1775688467.423198895] [joint_state_sanitizer_node]: [joint_state_sanitizer] Published sanitized joint state: joint_3:+3.140->+3.132
