
===== 2026-04-08T18:47:25-04:00 | T5_scene_from_vision =====
cwd=/home/carrt-cse-project/workspace/ros2_kortex_ws
cmd=ros2 run adl_tasks scene_from_vision --ros-args -p scan_prune_unseen_objects:=true -p scan_duration_s:=10.0 

[37;1m2026-04-08 18:47:28.032 [31;1m[[37;1mRTPS_TRANSPORT_SHM[31;1m Error] [37mFailed init_port fastrtps_port7007: open_and_lock_file failed[34;1m -> Function [36mopen_port_internal[m
[37;1m2026-04-08 18:47:28.042 [31;1m[[37;1mRTPS_TRANSPORT_SHM[31;1m Error] [37mFailed init_port fastrtps_port7024: open_and_lock_file failed[34;1m -> Function [36mopen_port_internal[m
[37;1m2026-04-08 18:47:28.044 [31;1m[[37;1mRTPS_TRANSPORT_SHM[31;1m Error] [37mFailed init_port fastrtps_port7026: open_and_lock_file failed[34;1m -> Function [36mopen_port_internal[m
[37;1m2026-04-08 18:47:28.044 [31;1m[[37;1mRTPS_TRANSPORT_SHM[31;1m Error] [37mFailed init_port fastrtps_port7027: open_and_lock_file failed[34;1m -> Function [36mopen_port_internal[m
[37;1m2026-04-08 18:47:28.044 [31;1m[[37;1mRTPS_TRANSPORT_SHM[31;1m Error] [37mFailed init_port fastrtps_port7028: open_and_lock_file failed[34;1m -> Function [36mopen_port_internal[m
[37;1m2026-04-08 18:47:28.048 [31;1m[[37;1mRTPS_TRANSPORT_SHM[31;1m Error] [37mFailed init_port fastrtps_port7029: open_and_lock_file failed[34;1m -> Function [36mopen_port_internal[m
[37;1m2026-04-08 18:47:28.048 [31;1m[[37;1mRTPS_TRANSPORT_SHM[31;1m Error] [37mFailed init_port fastrtps_port7030: open_and_lock_file failed[34;1m -> Function [36mopen_port_internal[m
[37;1m2026-04-08 18:47:28.049 [31;1m[[37;1mRTPS_TRANSPORT_SHM[31;1m Error] [37mFailed init_port fastrtps_port7031: open_and_lock_file failed[34;1m -> Function [36mopen_port_internal[m
[37;1m2026-04-08 18:47:28.049 [31;1m[[37;1mRTPS_TRANSPORT_SHM[31;1m Error] [37mFailed init_port fastrtps_port7032: open_and_lock_file failed[34;1m -> Function [36mopen_port_internal[m
[37;1m2026-04-08 18:47:28.049 [31;1m[[37;1mRTPS_TRANSPORT_SHM[31;1m Error] [37mFailed init_port fastrtps_port7033: open_and_lock_file failed[34;1m -> Function [36mopen_port_internal[m
[37;1m2026-04-08 18:47:28.049 [31;1m[[37;1mRTPS_TRANSPORT_SHM[31;1m Error] [37mFailed init_port fastrtps_port7034: open_and_lock_file failed[34;1m -> Function [36mopen_port_internal[m
[37;1m2026-04-08 18:47:28.050 [31;1m[[37;1mRTPS_TRANSPORT_SHM[31;1m Error] [37mFailed init_port fastrtps_port7035: open_and_lock_file failed[34;1m -> Function [36mopen_port_internal[m
[37;1m2026-04-08 18:47:28.050 [31;1m[[37;1mRTPS_TRANSPORT_SHM[31;1m Error] [37mFailed init_port fastrtps_port7036: open_and_lock_file failed[34;1m -> Function [36mopen_port_internal[m
[37;1m2026-04-08 18:47:28.050 [31;1m[[37;1mRTPS_TRANSPORT_SHM[31;1m Error] [37mFailed init_port fastrtps_port7037: open_and_lock_file failed[34;1m -> Function [36mopen_port_internal[m
[37;1m2026-04-08 18:47:28.050 [31;1m[[37;1mRTPS_TRANSPORT_SHM[31;1m Error] [37mFailed init_port fastrtps_port7038: open_and_lock_file failed[34;1m -> Function [36mopen_port_internal[m
[37;1m2026-04-08 18:47:28.051 [31;1m[[37;1mRTPS_TRANSPORT_SHM[31;1m Error] [37mFailed init_port fastrtps_port7039: open_and_lock_file failed[34;1m -> Function [36mopen_port_internal[m
[INFO] [1775688448.407880800] [scene_from_vision_node]: Scene From Vision Node Started
[INFO] [1775688448.582394610] [scene_from_vision_node]: SceneFromVision: Updating planning scene. Tracking 5 object shape(s). memory_mode=True, scan_duration_s=10.0, scan_min_samples=3, scan_prune_unseen_objects=True, continuous_scene_updates=False, latch_first_detection_updates=True, log_object_pose_debug=False, apply_planning_scene_service_updates=True, publish_monitored_planning_scene_updates=True, side_viewpoint=wrist_mounted_camera_color_optical_frame->base_link, reject_table_objects_outside_bounds=False.
[INFO] [1775688448.594457337] [scene_from_vision_node]: SceneFromVision calibration: xy_offset=(-0.228, 0.004), z_offset=0.000, yaw_deg=4.00, xy_scale=1.3370, clamp_table_objects_to_table_bounds=False, table_bounds_margin_m=0.030.
[INFO] [1775688448.596438645] [scene_from_vision_node]: SceneFromVision object offsets: remote_axis=y, remote_tag_to_center_sign=-1.0, remote_tag_from_end_m=0.020, cube_tag_to_center=(0.000, 0.000), cube_world_offset=(0.000, -0.022), cube_yaw_offset_deg=0.0, medication_face_to_center_m=0.030, cup_face_to_center_m=0.037.
