
===== 2026-04-08T18:05:37-04:00 | T1_adl_start =====
cwd=/home/carrt-cse-project/workspace/ros2_kortex_ws
cmd=ros2 launch adl_tasks adl_start.launch.py start_arm:=true arm_robot_ip:=192.168.0.10 arm_use_fake_hardware:=false arm_use_joint_state_sanitizer:=true use_stub:=false start_usb_camera_publisher:=true launch_ui:=true 

[INFO] [launch]: All log files can be found below /home/carrt-cse-project/.ros/log/2026-04-08-18-05-38-116057-carrt-cse-project-OptiPlex-5050-60356
[INFO] [launch]: Default logging verbosity is set to INFO
[INFO] [launch.user]: [arm_vbox.launch] MoveIt current state source: /joint_states_sanitized. Use use_joint_state_sanitizer:=false for raw-state viewer debugging.
[INFO] [launch.user]: [arm_vbox.launch] Using ADL VBox controller config (share/adl_tasks/config/ros2_controllers_vbox.yaml, update_rate:=50 Hz).
[INFO] [ros2_control_node-1]: process started with pid [60360]
[INFO] [robot_state_publisher-2]: process started with pid [60361]
[INFO] [joint_state_sanitizer-3]: process started with pid [60362]
[INFO] [spawner-4]: process started with pid [60363]
[INFO] [static_transform_publisher-5]: process started with pid [60364]
[INFO] [static_transform_publisher-6]: process started with pid [60365]
[INFO] [scene_static-7]: process started with pid [60366]
[INFO] [wrist_camera_usb_publisher-8]: process started with pid [60367]
[INFO] [vision_apriltag-9]: process started with pid [60368]
[INFO] [scene_from_vision-10]: process started with pid [60369]
[INFO] [adl_controller-11]: process started with pid [60370]
[INFO] [pick_dropped_bottle-12]: process started with pid [60371]
[INFO] [clear_table-13]: process started with pid [60372]
[INFO] [give_medication-14]: process started with pid [60373]
[INFO] [adl_ui-15]: process started with pid [60374]
[static_transform_publisher-5] [INFO] [1775685938.450741652] [static_transform_publisher]: Spinning until stopped - publishing transform
[static_transform_publisher-5] translation: ('0.000000', '0.000000', '0.000000')
[static_transform_publisher-5] rotation: ('0.000000', '0.000000', '0.000000', '1.000000')
[static_transform_publisher-5] from 'world' to 'base_link'
[robot_state_publisher-2] [INFO] [1775685938.516514554] [robot_state_publisher]: Robot initialized
[static_transform_publisher-6] [INFO] [1775685938.547063577] [camera_color_optical_bridge_tf_pub]: Spinning until stopped - publishing transform
[static_transform_publisher-6] translation: ('0.000000', '0.000000', '0.000000')
[static_transform_publisher-6] rotation: ('0.000000', '0.000000', '0.000000', '1.000000')
[static_transform_publisher-6] from 'camera_color_frame' to 'wrist_mounted_camera_color_optical_frame'
[ros2_control_node-1] [INFO] [1775685938.595389603] [controller_manager]: Using Steady (Monotonic) clock for triggering controller manager cycles.
[ros2_control_node-1] [INFO] [1775685938.636587067] [controller_manager]: Subscribing to '/robot_description' topic for robot description.
[ros2_control_node-1] [INFO] [1775685938.647575698] [controller_manager]: update rate is 50 Hz
[ros2_control_node-1] [INFO] [1775685938.647611369] [controller_manager]: Overruns handling is : enabled
[ros2_control_node-1] [INFO] [1775685938.647621348] [controller_manager]: Spawning controller_manager RT thread with scheduler priority: 50
[ros2_control_node-1] [INFO] [1775685938.647717072] [controller_manager]: Successful set up FIFO RT scheduling policy with priority 50.
[ros2_control_node-1] [INFO] [1775685938.785343281] [controller_manager]: Received robot description from topic.
[ros2_control_node-1] [INFO] [1775685938.785407622] [controller_manager]: Enforcing command limits is disabled. Command limits from URDF will be ignored.
[ros2_control_node-1] [INFO] [1775685938.799629361] [controller_manager]: Loading hardware 'KortexMultiInterfaceHardware' 
[ros2_control_node-1] [INFO] [1775685938.831343298] [KortexMultiInterfaceHardware]: Setting severity threshold to DEBUG
[ros2_control_node-1] [INFO] [1775685938.831422609] [controller_manager]: Loaded hardware 'KortexMultiInterfaceHardware' from plugin 'kortex_driver/KortexMultiInterfaceHardware'
[ros2_control_node-1] [INFO] [1775685938.832116409] [controller_manager]: Initialize hardware 'KortexMultiInterfaceHardware' 
[ros2_control_node-1] [INFO] [1775685938.863038535] [KortexMultiInterfaceHardware]: Configuring Hardware Interface
[ros2_control_node-1] [INFO] [1775685938.863366107] [KortexMultiInterfaceHardware]: Robot ip is '192.168.0.10'
[ros2_control_node-1] [INFO] [1775685938.863375392] [KortexMultiInterfaceHardware]: Username is 'admin'
[ros2_control_node-1] [INFO] [1775685938.863388390] [KortexMultiInterfaceHardware]: Port used '10000'
[ros2_control_node-1] [INFO] [1775685938.863393715] [KortexMultiInterfaceHardware]: Realtime port used '10001'
[ros2_control_node-1] [INFO] [1775685938.863398840] [KortexMultiInterfaceHardware]: Session inactivity timeout is '60000'
[ros2_control_node-1] [INFO] [1775685938.863404417] [KortexMultiInterfaceHardware]: Connection inactivity timeout is '2000'
[ros2_control_node-1] [INFO] [1775685938.863410560] [KortexMultiInterfaceHardware]: Gripper joint name is 'robotiq_85_left_knuckle_joint'
[ros2_control_node-1] [INFO] [1775685938.863441071] [KortexMultiInterfaceHardware]: Connecting to robot at 192.168.0.10
[ros2_control_node-1] [INFO] [1775685938.872584859] [KortexMultiInterfaceHardware]: Creating session for communication
[spawner-4] [INFO] [1775685939.146695461] [spawner_joint_state_broadcaster]: waiting for service /controller_manager/list_controllers to become available...
[joint_state_sanitizer-3] [INFO] [1775685939.218933407] [joint_state_sanitizer_node]: joint_state_sanitizer started. raw=/joint_states -> sanitized=/joint_states_sanitized
[adl_ui-15] [INFO] [1775685939.268680235] [adl_ui_node]: ADL UI Node started.
[adl_ui-15] [INFO] [1775685939.269380174] [adl_ui_node]: Automatic retract on UI load is disabled; startup sends no motion.
[adl_ui-15]  * Serving Flask app 'adl_tasks.adl_ui'
[adl_ui-15]  * Debug mode: off
[adl_ui-15] [INFO] [1775685939.274953698] [adl_ui_node]: Web UI available at http://localhost:5000
[adl_ui-15] WARNING: This is a development server. Do not use it in a production deployment. Use a production WSGI server instead.
[adl_ui-15]  * Running on all addresses (0.0.0.0)
[adl_ui-15]  * Running on http://127.0.0.1:5000
[adl_ui-15]  * Running on http://192.168.0.231:5000
[adl_ui-15] Press CTRL+C to quit
[ros2_control_node-1] [INFO] [1775685939.334852630] [KortexMultiInterfaceHardware]: Session created
[scene_static-7] [INFO] [1775685939.769600902] [scene_static_node]: Static Scene Node started.
[scene_static-7] [INFO] [1775685939.771918977] [scene_static_node]: WHEELCHAIR_BASE_HEIGHT = 0.36195m  |  Table surface at z = 0.088m | Table center at x = 0.681m | include_wheelchair_wall=True | include_left_desk_wall=True
[adl_ui-15] 127.0.0.1 - - [08/Apr/2026 18:05:40] "GET /status_json HTTP/1.1" 200 -
[ros2_control_node-1] [INFO] [1775685940.014931064] [KortexMultiInterfaceHardware]: Actuator count reported by robot is '7'
[ros2_control_node-1] [INFO] [1775685940.015125012] [KortexMultiInterfaceHardware]: Using internal bus communication for gripper!
[ros2_control_node-1] [INFO] [1775685940.015134395] [KortexMultiInterfaceHardware]: Hardware Interface successfully configured
[ros2_control_node-1] [INFO] [1775685940.015218932] [controller_manager]: Successful initialization of hardware 'KortexMultiInterfaceHardware'
[ros2_control_node-1] [DEBUG] [1775685940.015283993] [KortexMultiInterfaceHardware]: export_state_interfaces for joint: joint_1
[ros2_control_node-1] [DEBUG] [1775685940.015310182] [KortexMultiInterfaceHardware]: export_state_interfaces for joint: joint_2
[ros2_control_node-1] [DEBUG] [1775685940.015316595] [KortexMultiInterfaceHardware]: export_state_interfaces for joint: joint_3
[ros2_control_node-1] [DEBUG] [1775685940.015320984] [KortexMultiInterfaceHardware]: export_state_interfaces for joint: joint_4
[ros2_control_node-1] [DEBUG] [1775685940.015325169] [KortexMultiInterfaceHardware]: export_state_interfaces for joint: joint_5
[ros2_control_node-1] [DEBUG] [1775685940.015329406] [KortexMultiInterfaceHardware]: export_state_interfaces for joint: joint_6
[ros2_control_node-1] [DEBUG] [1775685940.015334157] [KortexMultiInterfaceHardware]: export_state_interfaces for joint: joint_7
[ros2_control_node-1] [DEBUG] [1775685940.015338862] [KortexMultiInterfaceHardware]: export_state_interfaces for joint: robotiq_85_left_knuckle_joint
[ros2_control_node-1] [INFO] [1775685940.017062178] [resource_manager]: 'configure' hardware 'KortexMultiInterfaceHardware' 
[ros2_control_node-1] [INFO] [1775685940.017099191] [resource_manager]: Successful 'configure' of hardware 'KortexMultiInterfaceHardware'
[ros2_control_node-1] [INFO] [1775685940.017165030] [resource_manager]: 'activate' hardware 'KortexMultiInterfaceHardware' 
[ros2_control_node-1] [INFO] [1775685940.017188930] [KortexMultiInterfaceHardware]: Activating KortexMultiInterfaceHardware...
[ros2_control_node-1] [INFO] [1775685940.023980694] [KortexMultiInterfaceHardware]: Gripper initial position is '0.873365'.
[ros2_control_node-1] [INFO] [1775685940.028069777] [KortexMultiInterfaceHardware]: KortexMultiInterfaceHardware successfully activated!
[ros2_control_node-1] [INFO] [1775685940.028112715] [resource_manager]: Successful 'activate' of hardware 'KortexMultiInterfaceHardware'
[ros2_control_node-1] [INFO] [1775685940.028372436] [controller_manager]: Registering statistics for : KortexMultiInterfaceHardware
[ros2_control_node-1] [INFO] [1775685940.028543652] [controller_manager]: Resource Manager has been successfully initialized. Starting Controller Manager services...
[ros2_control_node-1] [INFO] [1775685940.164311663] [controller_manager]: Loading controller : 'joint_state_broadcaster' of type 'joint_state_broadcaster/JointStateBroadcaster'
[ros2_control_node-1] [INFO] [1775685940.164364733] [controller_manager]: Loading controller 'joint_state_broadcaster'
[ros2_control_node-1] [INFO] [1775685940.185742488] [controller_manager]: Controller 'joint_state_broadcaster' node arguments: --ros-args --params-file /home/carrt-cse-project/workspace/ros2_kortex_ws/install/adl_tasks/share/adl_tasks/config/ros2_controllers_vbox.yaml --params-file /tmp/launch_params_nknah4a6 
[give_medication-14] [INFO] [1775685940.194916050] [give_medication_node]: give_medication starting...
[wrist_camera_usb_publisher-8] [INFO] [1775685940.220112251] [wrist_camera_usb_publisher_node]: USB camera publisher: trying camera source index 2.
[wrist_camera_usb_publisher-8] [INFO] [1775685940.234792324] [wrist_camera_usb_publisher_node]: USB camera publisher: opened camera source index 2.
[wrist_camera_usb_publisher-8] [INFO] [1775685940.238040817] [wrist_camera_usb_publisher_node]: Wrist Camera USB Publisher started.
[wrist_camera_usb_publisher-8] [INFO] [1775685940.240305753] [wrist_camera_usb_publisher_node]: Publishing USB camera frames on /wrist_mounted_camera/image with frame_id=wrist_mounted_camera_color_optical_frame.
[wrist_camera_usb_publisher-8] [INFO] [1775685940.243441754] [wrist_camera_usb_publisher_node]: Publishing camera info on /wrist_mounted_camera/camera_info from reference intrinsics [554.25, 554.25, 320.0, 240.0] @ 640x480.
[wrist_camera_usb_publisher-8] [INFO] [1775685940.244636600] [wrist_camera_usb_publisher_node]: Using explicit camera_matrix for CameraInfo. matrix_size=1280x720, K=[920.874267578125, 0.0, 644.7646484375, 0.0, 921.5654907226562, 343.1528625488281, 0.0, 0.0, 1.0], d=[0.0, 0.0, 0.0, 0.0, 0.0]
[wrist_camera_usb_publisher-8] [INFO] [1775685940.249066861] [wrist_camera_usb_publisher_node]: Requested source=2 size=1280x720 fps=10.0
[spawner-4] [INFO] [1775685940.269960353] [spawner_joint_state_broadcaster]: Loaded joint_state_broadcaster
[vision_apriltag-9] [INFO] [1775685940.274035675] [vision_apriltag_node]: Vision AprilTag Node Started
[ros2_control_node-1] [INFO] [1775685940.277049103] [controller_manager]: Configuring controller: 'joint_state_broadcaster'
[ros2_control_node-1] [INFO] [1775685940.277273265] [joint_state_broadcaster]: 'joints' or 'interfaces' parameter is empty. All available state interfaces will be published
[vision_apriltag-9] [INFO] [1775685940.277580012] [vision_apriltag_node]: Subscribing to camera topic: /wrist_mounted_camera/image
[vision_apriltag-9] [INFO] [1775685940.279555508] [vision_apriltag_node]: Subscribing to camera info topic: /wrist_mounted_camera/camera_info
[vision_apriltag-9] [INFO] [1775685940.281368753] [vision_apriltag_node]: Camera frame: wrist_mounted_camera_color_optical_frame | use_image_header_frame=True
[vision_apriltag-9] [INFO] [1775685940.284237738] [vision_apriltag_node]: Tag size: 0.025m | pose_cache_retention_s=20.0 | get_pose_wait_timeout_s=5.0 | max_returned_pose_age_s=20.0 | camera_params=[554.25, 554.25, 320.0, 240.0] | families=tag36h11 | quad_decimate=1.0 | requested_backend=opencv | backend=cv2.aruco | opencv_pose_solver=ippe_square | use_image_timestamp_for_tf=False
[vision_apriltag-9] [INFO] [1775685940.286898052] [vision_apriltag_node]: Top-tag known-plane projection: enabled=True, planes={3: 0.10995, 4: 0.14505}
[vision_apriltag-9] [INFO] [1775685940.289950323] [vision_apriltag_node]: pupil_apriltags tuning: nthreads=1, quad_sigma=0.0, refine_edges=1, decode_sharpening=0.25, debug=0, preprocess_variants=['raw', 'clahe', 'adaptive', 'clahe_sharp', 'clahe_up2', 'sharp_up2'], tile_search_if_empty=True, tile_search_grid=3x2, tile_search_scale=2.0, tile_search_overlap=0.25
[vision_apriltag-9] [WARN] [1775685940.292935848] [vision_apriltag_node]: pupil_apriltags is not importable by this node, so detection is using OpenCV fallback only. python=/usr/bin/python3, import_error=No module named 'pupil_apriltags'. If .venv contains pupil_apriltags, rebuild adl_tasks with that venv active or run the module with the venv Python.
[vision_apriltag-9] [INFO] [1775685940.295677710] [vision_apriltag_node]: Publishing AprilTag debug images on /vision_apriltag/debug_image at up to 1.0 Hz.
[clear_table-13] [INFO] [1775685940.297084864] [clear_table_node]: Clear Table Node Started
[ros2_control_node-1] [INFO] [1775685940.316389645] [controller_manager]: Activating controllers: [ joint_state_broadcaster ]
[give_medication-14] [INFO] [1775685940.318180694] [give_medication_node]: MoveItHelper initialized. joint_state_topic=/joint_states_sanitized (sanitized_expected=True)
[scene_from_vision-10] [INFO] [1775685940.325300555] [scene_from_vision_node]: Scene From Vision Node Started
[ros2_control_node-1] [INFO] [1775685940.329488875] [controller_manager]: Successfully switched controllers!
[give_medication-14] [INFO] [1775685940.348082282] [give_medication_node]: Vision Client initialized, waiting for service...
[give_medication-14] [INFO] [1775685940.349237177] [give_medication_node]: Vision service is ready.
[spawner-4] [INFO] [1775685940.350990856] [spawner_joint_state_broadcaster]: Configured and activated joint_state_broadcaster
[give_medication-14] [INFO] [1775685940.378147876] [give_medication_node]: give_medication ready.
[scene_from_vision-10] [INFO] [1775685940.430292889] [scene_from_vision_node]: SceneFromVision: Updating planning scene. Tracking 5 object shape(s). memory_mode=True, scan_duration_s=3.0, scan_min_samples=3, scan_prune_unseen_objects=False, continuous_scene_updates=False, latch_first_detection_updates=True, log_object_pose_debug=False, apply_planning_scene_service_updates=True, publish_monitored_planning_scene_updates=True, side_viewpoint=wrist_mounted_camera_color_optical_frame->base_link, reject_table_objects_outside_bounds=False.
[scene_from_vision-10] [INFO] [1775685940.436228911] [scene_from_vision_node]: SceneFromVision calibration: xy_offset=(-0.228, 0.004), z_offset=0.000, yaw_deg=4.00, xy_scale=1.3370, clamp_table_objects_to_table_bounds=False, table_bounds_margin_m=0.030.
[scene_from_vision-10] [INFO] [1775685940.438301150] [scene_from_vision_node]: SceneFromVision object offsets: remote_axis=y, remote_tag_to_center_sign=-1.0, remote_tag_from_end_m=0.020, cube_tag_to_center=(0.000, 0.000), cube_world_offset=(0.000, -0.022), cube_yaw_offset_deg=0.0, medication_face_to_center_m=0.030, cup_face_to_center_m=0.037.
[clear_table-13] [INFO] [1775685940.440956916] [clear_table_node]: MoveItHelper initialized. joint_state_topic=/joint_states_sanitized (sanitized_expected=True)
[adl_controller-11] [INFO] [1775685940.448860756] [adl_controller_node]: MoveItHelper initialized. joint_state_topic=/joint_states_sanitized (sanitized_expected=True)
[clear_table-13] [INFO] [1775685940.464706625] [clear_table_node]: Vision Client initialized, waiting for service...
[adl_controller-11] [INFO] [1775685940.466048591] [adl_controller_node]: ADL controller ready. Waiting for UI/system commands.
[pick_dropped_bottle-12] [INFO] [1775685940.467463553] [pick_dropped_bottle_node]: PickDroppedBottle starting...
[INFO] [spawner-4]: process has finished cleanly [pid 60363]
[clear_table-13] [INFO] [1775685940.717142504] [clear_table_node]: Vision service is ready.
[clear_table-13] [INFO] [1775685940.748322608] [clear_table_node]: Clear Table Node ready. Waiting for command.
[clear_table-13] [INFO] [1775685940.751554815] [clear_table_node]: Startup motion disabled at node load; motion begins only after clear_table command.
[pick_dropped_bottle-12] [INFO] [1775685940.887534440] [pick_dropped_bottle_node]: MoveItHelper initialized. joint_state_topic=/joint_states_sanitized (sanitized_expected=True)
[pick_dropped_bottle-12] [INFO] [1775685940.899721166] [pick_dropped_bottle_node]: Vision Client initialized, waiting for service...
[pick_dropped_bottle-12] [INFO] [1775685940.900186591] [pick_dropped_bottle_node]: Vision service is ready.
[pick_dropped_bottle-12] [INFO] [1775685940.904788673] [pick_dropped_bottle_node]: PickDroppedBottle ready. Waiting for command.
[pick_dropped_bottle-12] [INFO] [1775685940.905185816] [pick_dropped_bottle_node]: Startup motion disabled at node load; motion begins only after pick_dropped_bottle command.
[adl_ui-15] 127.0.0.1 - - [08/Apr/2026 18:05:41] "GET /status_json HTTP/1.1" 200 -
[wrist_camera_usb_publisher-8] [INFO] [1775685941.061595258] [wrist_camera_usb_publisher_node]: USB camera info active intrinsics: size=1280x720, fx=920.87, fy=921.57, cx=644.76, cy=343.15, d=array('d', [0.0, 0.0, 0.0, 0.0, 0.0])
[wrist_camera_usb_publisher-8] [INFO] [1775685941.062858349] [wrist_camera_usb_publisher_node]: USB camera publisher heartbeat: publishing 1280x720 frames on /wrist_mounted_camera/image; camera_info fx=920.87, fy=921.57, cx=644.76, cy=343.15.
[vision_apriltag-9] [INFO] [1775685941.078371595] [vision_apriltag_node]: Vision AprilTag camera model updated from CameraInfo: size=1280x720, fx=920.87, fy=921.57, cx=644.76, cy=343.15, d=[0.0, 0.0, 0.0, 0.0, 0.0]
[INFO] [spawner-16]: process started with pid [60621]
[INFO] [spawner-17]: process started with pid [60622]
[INFO] [spawner-18]: process started with pid [60623]
[INFO] [spawner-19]: process started with pid [60624]
[vision_apriltag-9] [INFO] [1775685941.567501597] [vision_apriltag_node]: Vision AprilTag detection debug: no tags found after raw/CLAHE/sharp/adaptive/upscaled/tiled passes.
[spawner-17] [INFO] [1775685941.974235916] [spawner_twist_controller]: waiting for service /controller_manager/list_controllers to become available...
[scene_static-7] [WARN] [1775685941.993027224] [scene_static_node]: Planning scene service not available, waiting...
[adl_ui-15] 127.0.0.1 - - [08/Apr/2026 18:05:42] "GET /status_json HTTP/1.1" 200 -
[vision_apriltag-9] [INFO] [1775685942.174074296] [vision_apriltag_node]: Vision AprilTag: images are arriving on /wrist_mounted_camera/image, but no AprilTags have been detected yet.
[ros2_control_node-1] [INFO] [1775685942.523116683] [controller_manager]: Loading controller : 'twist_controller' of type 'picknik_twist_controller/PicknikTwistController'
[ros2_control_node-1] [INFO] [1775685942.523148576] [controller_manager]: Loading controller 'twist_controller'
[ros2_control_node-1] [INFO] [1775685942.526102709] [controller_manager]: Controller 'twist_controller' node arguments: --ros-args --params-file /home/carrt-cse-project/workspace/ros2_kortex_ws/install/adl_tasks/share/adl_tasks/config/ros2_controllers_vbox.yaml --params-file /tmp/launch_params_nknah4a6 
[vision_apriltag-9] [INFO] [1775685942.547281876] [vision_apriltag_node]: Vision AprilTag visible IDs: [2]
[vision_apriltag-9] [INFO] [1775685942.557773888] [vision_apriltag_node]: Vision AprilTag visible IDs: [0, 2]
[spawner-17] [INFO] [1775685942.569813516] [spawner_twist_controller]: Loaded twist_controller
[ros2_control_node-1] [INFO] [1775685942.570912137] [controller_manager]: Configuring controller: 'twist_controller'
[ros2_control_node-1] [INFO] [1775685942.573216287] [twist_controller]: configure successful
[spawner-19] [INFO] [1775685942.686229623] [spawner_fault_controller]: waiting for service /controller_manager/list_controllers to become available...
[INFO] [spawner-17]: process has finished cleanly [pid 60622]
[vision_apriltag-9] [INFO] [1775685942.959299466] [vision_apriltag_node]: Vision AprilTag visible IDs: [0, 2, 3, 4]
[adl_ui-15] 127.0.0.1 - - [08/Apr/2026 18:05:43] "GET /status_json HTTP/1.1" 200 -
[vision_apriltag-9] [INFO] [1775685943.231066903] [vision_apriltag_node]: Vision AprilTag visible IDs: [3]
[vision_apriltag-9] [INFO] [1775685943.432302725] [vision_apriltag_node]: Service: Tag 2 found and base-frame pose returned.
[vision_apriltag-9] [INFO] [1775685943.433338787] [vision_apriltag_node]: Service: Tag 3 found and base-frame pose returned.
[vision_apriltag-9] [INFO] [1775685943.435387432] [vision_apriltag_node]: Service: Tag 0 found and base-frame pose returned.
[vision_apriltag-9] [INFO] [1775685943.438075719] [vision_apriltag_node]: Service: Tag 4 found and base-frame pose returned.
[scene_from_vision-10] [INFO] [1775685943.446299916] [scene_from_vision_node]: Latched first detection for tag ID 3 into scene memory.
[scene_from_vision-10] [INFO] [1775685943.446440892] [scene_from_vision_node]: Latched first detection for tag ID 2 into scene memory.
[scene_from_vision-10] [INFO] [1775685943.457813887] [scene_from_vision_node]: Latched first detection for tag ID 4 into scene memory.
[scene_from_vision-10] [INFO] [1775685943.458118282] [scene_from_vision_node]: Latched first detection for tag ID 0 into scene memory.
[vision_apriltag-9] [INFO] [1775685943.587065519] [vision_apriltag_node]: Vision AprilTag visible IDs: [2, 3]
[scene_from_vision-10] [INFO] [1775685943.930732563] [scene_from_vision_node]: Published obj_0 (new) at x=0.986, y=-0.181, z=-0.332, yaw=+172.9deg
[scene_from_vision-10] [INFO] [1775685943.932400105] [scene_from_vision_node]: Published obj_2 (new) at x=0.784, y=-0.249, z=0.141, yaw=-175.5deg
[scene_from_vision-10] [INFO] [1775685943.933946006] [scene_from_vision_node]: Published obj_3 (new) at x=0.574, y=-0.081, z=0.099, yaw=+86.6deg
[scene_from_vision-10] [INFO] [1775685943.935365149] [scene_from_vision_node]: Published obj_4 (new) at x=0.626, y=-0.042, z=0.117, yaw=-4.5deg
[scene_from_vision-10] [WARN] [1775685943.937011691] [scene_from_vision_node]: /apply_planning_scene is not ready; published vision object update on /planning_scene only.
[scene_static-7] [WARN] [1775685944.001173447] [scene_static_node]: Planning scene service not available, waiting...
[adl_ui-15] 127.0.0.1 - - [08/Apr/2026 18:05:44] "GET /status_json HTTP/1.1" 200 -
[vision_apriltag-9] [INFO] [1775685944.083333845] [vision_apriltag_node]: Vision AprilTag visible IDs: [3]
[vision_apriltag-9] [INFO] [1775685944.653428786] [vision_apriltag_node]: Vision AprilTag visible IDs: [2, 3]
[vision_apriltag-9] [INFO] [1775685944.820531375] [vision_apriltag_node]: Vision AprilTag visible IDs: [3]
[adl_ui-15] 127.0.0.1 - - [08/Apr/2026 18:05:45] "GET /status_json HTTP/1.1" 200 -
[vision_apriltag-9] [INFO] [1775685945.286735904] [vision_apriltag_node]: Vision AprilTag visible IDs: [0, 3]
[ros2_control_node-1] [INFO] [1775685945.320931117] [controller_manager]: Loading controller : 'fault_controller' of type 'picknik_reset_fault_controller/PicknikResetFaultController'
[ros2_control_node-1] [INFO] [1775685945.320978968] [controller_manager]: Loading controller 'fault_controller'
[ros2_control_node-1] [INFO] [1775685945.324609462] [controller_manager]: Controller 'fault_controller' node arguments: --ros-args --params-file /home/carrt-cse-project/workspace/ros2_kortex_ws/install/adl_tasks/share/adl_tasks/config/ros2_controllers_vbox.yaml --params-file /tmp/launch_params_nknah4a6 
[spawner-19] [INFO] [1775685945.371391507] [spawner_fault_controller]: Loaded fault_controller
[ros2_control_node-1] [INFO] [1775685945.375087164] [controller_manager]: Configuring controller: 'fault_controller'
[ros2_control_node-1] [INFO] [1775685945.394175393] [controller_manager]: Activating controllers: [ fault_controller ]
[vision_apriltag-9] [INFO] [1775685945.437945767] [vision_apriltag_node]: Vision AprilTag visible IDs: [3]
[ros2_control_node-1] [INFO] [1775685945.612383045] [controller_manager]: Successfully switched controllers!
[spawner-19] [INFO] [1775685945.629431394] [spawner_fault_controller]: Configured and activated fault_controller
[spawner-16] [INFO] [1775685945.767247953] [spawner_joint_trajectory_controller]: waiting for service /controller_manager/list_controllers to become available...
[INFO] [spawner-19]: process has finished cleanly [pid 60624]
[scene_static-7] [WARN] [1775685946.003030141] [scene_static_node]: Planning scene service not available, waiting...
[ros2_control_node-1] [INFO] [1775685946.020113881] [controller_manager]: Loading controller : 'joint_trajectory_controller' of type 'joint_trajectory_controller/JointTrajectoryController'
[ros2_control_node-1] [INFO] [1775685946.020184427] [controller_manager]: Loading controller 'joint_trajectory_controller'
[ros2_control_node-1] [INFO] [1775685946.026388988] [controller_manager]: Controller 'joint_trajectory_controller' node arguments: --ros-args --params-file /home/carrt-cse-project/workspace/ros2_kortex_ws/install/adl_tasks/share/adl_tasks/config/ros2_controllers_vbox.yaml --params-file /tmp/launch_params_nknah4a6 
[adl_ui-15] 127.0.0.1 - - [08/Apr/2026 18:05:46] "GET /status_json HTTP/1.1" 200 -
[spawner-16] [INFO] [1775685946.090311582] [spawner_joint_trajectory_controller]: Loaded joint_trajectory_controller
[ros2_control_node-1] [INFO] [1775685946.091979470] [controller_manager]: Configuring controller: 'joint_trajectory_controller'
[ros2_control_node-1] [INFO] [1775685946.092683391] [joint_trajectory_controller]: No specific joint names are used for command interfaces. Using 'joints' parameter.
[ros2_control_node-1] [INFO] [1775685946.092991338] [joint_trajectory_controller]: Command interfaces are [position] and state interfaces are [position velocity].
[ros2_control_node-1] [INFO] [1775685946.093240050] [joint_trajectory_controller]: Using 'splines' interpolation method.
[ros2_control_node-1] [INFO] [1775685946.098867303] [joint_trajectory_controller]: Action status changes will be monitored at 10.00 Hz.
[ros2_control_node-1] [INFO] [1775685946.130005393] [controller_manager]: Activating controllers: [ joint_trajectory_controller ]
[wrist_camera_usb_publisher-8] [INFO] [1775685946.196665395] [wrist_camera_usb_publisher_node]: USB camera publisher heartbeat: publishing 1280x720 frames on /wrist_mounted_camera/image; camera_info fx=920.87, fy=921.57, cx=644.76, cy=343.15.
[ros2_control_node-1] [INFO] [1775685946.367489840] [controller_manager]: Successfully switched controllers!
[ros2_control_node-1] [WARN] [1775685946.369836398] [controller_manager]: Overrun might occur, Total time : 21958.201 us (Expected < 20000.000 us) --> Read time : 59.739 us, Update time : 19524.002 us (Switch time : 19416.520 us (Switch chained mode time : 4.090 us, perform mode change time : 18492.639 us, Activation time : 911.976 us, Deactivation time : 1.014 us)), Write time : 2374.460 us
[ros2_control_node-1] [WARN] [1775685946.369925159] [controller_manager]: Overrun detected! The controller manager missed its desired rate of 50 Hz. The loop took 22.081425 ms (missed cycles : 2).
[spawner-16] [INFO] [1775685946.390077629] [spawner_joint_trajectory_controller]: Configured and activated joint_trajectory_controller
[scene_from_vision-10] [INFO] [1775685946.431742430] [scene_from_vision_node]: Published obj_0 (heartbeat) at x=0.986, y=-0.181, z=-0.332, yaw=+172.9deg
[scene_from_vision-10] [INFO] [1775685946.433496699] [scene_from_vision_node]: Published obj_2 (heartbeat) at x=0.784, y=-0.249, z=0.141, yaw=-175.5deg
[scene_from_vision-10] [INFO] [1775685946.435699598] [scene_from_vision_node]: Published obj_3 (heartbeat) at x=0.574, y=-0.081, z=0.099, yaw=+86.6deg
[scene_from_vision-10] [INFO] [1775685946.437854691] [scene_from_vision_node]: Published obj_4 (heartbeat) at x=0.626, y=-0.042, z=0.117, yaw=-4.5deg
[INFO] [spawner-16]: process has finished cleanly [pid 60621]
[spawner-18] [INFO] [1775685946.599649963] [spawner_robotiq_gripper_controller]: waiting for service /controller_manager/list_controllers to become available...
[vision_apriltag-9] [INFO] [1775685946.608399041] [vision_apriltag_node]: Vision AprilTag detection debug: 3:cv2.solvePnP_ippe_square:raw@(681,346), 2:cv2.solvePnP_ippe_square:clahe_up2@(901,169)
[vision_apriltag-9] [INFO] [1775685946.610434019] [vision_apriltag_node]: Vision AprilTag visible IDs: [2, 3]
[ros2_control_node-1] [INFO] [1775685946.937156526] [controller_manager]: Loading controller : 'robotiq_gripper_controller' of type 'position_controllers/GripperActionController'
[ros2_control_node-1] [INFO] [1775685946.937221065] [controller_manager]: Loading controller 'robotiq_gripper_controller'
[ros2_control_node-1] [INFO] [1775685946.943337139] [controller_manager]: Controller 'robotiq_gripper_controller' node arguments: --ros-args --params-file /home/carrt-cse-project/workspace/ros2_kortex_ws/install/adl_tasks/share/adl_tasks/config/ros2_controllers_vbox.yaml --params-file /tmp/launch_params_nknah4a6 
[ros2_control_node-1] [WARN] [1775685946.988126761] [robotiq_gripper_controller]: [Deprecated]: the `position_controllers/GripperActionController` and `effort_controllers::GripperActionController` controllers are replaced by 'parallel_gripper_controllers/GripperActionController' controller
[spawner-18] [INFO] [1775685947.011320797] [spawner_robotiq_gripper_controller]: Loaded robotiq_gripper_controller
[ros2_control_node-1] [INFO] [1775685947.019504491] [controller_manager]: Configuring controller: 'robotiq_gripper_controller'
[ros2_control_node-1] [INFO] [1775685947.019642258] [robotiq_gripper_controller]: Action status changes will be monitored at 20.000000 Hz.
[ros2_control_node-1] [INFO] [1775685947.040319373] [controller_manager]: Activating controllers: [ robotiq_gripper_controller ]
[adl_ui-15] 127.0.0.1 - - [08/Apr/2026 18:05:47] "GET /status_json HTTP/1.1" 200 -
[vision_apriltag-9] [INFO] [1775685947.186092065] [vision_apriltag_node]: Vision AprilTag visible IDs: [0, 3]
[ros2_control_node-1] [INFO] [1775685947.255921695] [controller_manager]: Successfully switched controllers!
[spawner-18] [INFO] [1775685947.270074690] [spawner_robotiq_gripper_controller]: Configured and activated robotiq_gripper_controller
[INFO] [spawner-18]: process has finished cleanly [pid 60623]
[vision_apriltag-9] [INFO] [1775685947.972612966] [vision_apriltag_node]: Vision AprilTag visible IDs: [0]
[vision_apriltag-9] [INFO] [1775685947.985103748] [vision_apriltag_node]: Vision AprilTag visible IDs: [3]
[scene_static-7] [WARN] [1775685948.006171053] [scene_static_node]: Planning scene service not available, waiting...
[adl_ui-15] 127.0.0.1 - - [08/Apr/2026 18:05:48] "GET /status_json HTTP/1.1" 200 -
[INFO] [move_group-20]: process started with pid [60770]
[INFO] [rviz2-21]: process started with pid [60771]
[move_group-20] [INFO] [1775685948.495424507] [move_group.moveit.moveit.ros.rdf_loader]: Loaded robot model in 0.0251086 seconds
[move_group-20] [INFO] [1775685948.495601716] [move_group.moveit.moveit.core.robot_model]: Loading robot model 'gen3'...
[move_group-20] [INFO] [1775685948.495629116] [move_group.moveit.moveit.core.robot_model]: No root/virtual joint specified in SRDF. Assuming fixed joint
[vision_apriltag-9] [INFO] [1775685948.597213997] [vision_apriltag_node]: Vision AprilTag visible IDs: [0, 3]
[move_group-20] [INFO] [1775685948.676660888] [move_group.moveit.moveit.kinematics.kdl_kinematics_plugin]: Joint weights for group 'manipulator': 1 1 1 1 1 1 1
[rviz2-21] [INFO] [1775685948.679240314] [rviz2]: Stereo is NOT SUPPORTED
[rviz2-21] [INFO] [1775685948.679360532] [rviz2]: OpenGl version: 4.6 (GLSL 4.6)
[rviz2-21] [INFO] [1775685948.718908827] [rviz2]: Stereo is NOT SUPPORTED
[ros2_control_node-1] [INFO] [1775685948.864386774] [joint_trajectory_controller]: Received new action goal
[ros2_control_node-1] [INFO] [1775685948.864455307] [joint_trajectory_controller]: Accepted new action goal
[scene_from_vision-10] [INFO] [1775685948.930767832] [scene_from_vision_node]: Published obj_0 (heartbeat) at x=0.986, y=-0.181, z=-0.332, yaw=+172.9deg
[scene_from_vision-10] [INFO] [1775685948.932595527] [scene_from_vision_node]: Published obj_2 (heartbeat) at x=0.784, y=-0.249, z=0.141, yaw=-175.5deg
[scene_from_vision-10] [INFO] [1775685948.934142206] [scene_from_vision_node]: Published obj_3 (heartbeat) at x=0.574, y=-0.081, z=0.099, yaw=+86.6deg
[scene_from_vision-10] [INFO] [1775685948.935468975] [scene_from_vision_node]: Published obj_4 (heartbeat) at x=0.626, y=-0.042, z=0.117, yaw=-4.5deg
[scene_from_vision-10] [WARN] [1775685948.936998581] [scene_from_vision_node]: /apply_planning_scene is not ready; published vision object update on /planning_scene only.
[rviz2-21] Warning: class_loader.impl: SEVERE WARNING!!! A namespace collision has occurred with plugin factory for class rviz_default_plugins::displays::InteractiveMarkerDisplay. New factory will OVERWRITE existing one. This situation occurs when libraries containing plugins are directly linked against an executable (the one running right now generating this message). Please separate plugins out into their own library or just don't link against the library and use either class_loader::ClassLoader/MultiLibraryClassLoader to open.
[rviz2-21]          at line 321 in /opt/ros/jazzy/include/class_loader/class_loader/class_loader_core.hpp
[rviz2-21] [WARN] [1775685948.966263611] [rcl.logging_rosout]: Publisher already registered for node name: 'rviz2_moveit'. If this is due to multiple nodes with the same name then all logs for the logger named 'rviz2_moveit' will go out over the existing publisher. As soon as any node with that name is destructed it will unregister the publisher, preventing any further logs for that name from being published on the rosout topic.
[adl_ui-15] 127.0.0.1 - - [08/Apr/2026 18:05:49] "GET /status_json HTTP/1.1" 200 -
[move_group-20] [INFO] [1775685949.086466791] [move_group.moveit.moveit.ros.planning_scene_monitor]: Publishing maintained planning scene on 'monitored_planning_scene'
[move_group-20] [INFO] [1775685949.086655557] [move_group.moveit.moveit.ros.moveit_cpp]: Listening to 'joint_states' for joint states
[INFO] [launch.user]: [arm_vbox.launch] move_group subscribed to raw /joint_states while sanitizer mode is active. Treating this as a launch failure for motion runs. move_group output: [INFO] [1775685949.086655557] [move_group.moveit.moveit.ros.moveit_cpp]: Listening to 'joint_states' for joint states
[INFO] [rviz2-21]: sending signal 'SIGINT' to process[rviz2-21]
[INFO] [move_group-20]: sending signal 'SIGINT' to process[move_group-20]
[INFO] [adl_ui-15]: sending signal 'SIGINT' to process[adl_ui-15]
[INFO] [give_medication-14]: sending signal 'SIGINT' to process[give_medication-14]
[INFO] [clear_table-13]: sending signal 'SIGINT' to process[clear_table-13]
[INFO] [pick_dropped_bottle-12]: sending signal 'SIGINT' to process[pick_dropped_bottle-12]
[INFO] [adl_controller-11]: sending signal 'SIGINT' to process[adl_controller-11]
[INFO] [scene_from_vision-10]: sending signal 'SIGINT' to process[scene_from_vision-10]
[INFO] [vision_apriltag-9]: sending signal 'SIGINT' to process[vision_apriltag-9]
[INFO] [wrist_camera_usb_publisher-8]: sending signal 'SIGINT' to process[wrist_camera_usb_publisher-8]
[INFO] [scene_static-7]: sending signal 'SIGINT' to process[scene_static-7]
[INFO] [static_transform_publisher-6]: sending signal 'SIGINT' to process[static_transform_publisher-6]
[INFO] [static_transform_publisher-5]: sending signal 'SIGINT' to process[static_transform_publisher-5]
[INFO] [joint_state_sanitizer-3]: sending signal 'SIGINT' to process[joint_state_sanitizer-3]
[INFO] [robot_state_publisher-2]: sending signal 'SIGINT' to process[robot_state_publisher-2]
[INFO] [ros2_control_node-1]: sending signal 'SIGINT' to process[ros2_control_node-1]
[move_group-20] [INFO] [1775685949.088182957] [move_group.moveit.moveit.ros.current_state_monitor]: Listening to joint states on topic 'joint_states'
[move_group-20] [INFO] [1775685949.089254941] [move_group.moveit.moveit.ros.planning_scene_monitor]: Listening to '/attached_collision_object' for attached collision objects
[move_group-20] [INFO] [1775685949.089279953] [move_group.moveit.moveit.ros.planning_scene_monitor]: Stopping existing planning scene publisher.
[move_group-20] [INFO] [1775685949.089423678] [move_group.moveit.moveit.ros.planning_scene_monitor]: Stopped publishing maintained planning scene.
[move_group-20] [INFO] [1775685949.090467515] [move_group.moveit.moveit.ros.planning_scene_monitor]: Publishing maintained planning scene on 'monitored_planning_scene'
[move_group-20] [INFO] [1775685949.090582400] [move_group.moveit.moveit.ros.planning_scene_monitor]: Starting planning scene monitor
[move_group-20] [INFO] [1775685949.091669606] [move_group.moveit.moveit.ros.planning_scene_monitor]: Listening to '/planning_scene'
[move_group-20] [INFO] [1775685949.091699243] [move_group.moveit.moveit.ros.planning_scene_monitor]: Starting world geometry update monitor for collision objects, attached objects, octomap updates.
[move_group-20] [INFO] [1775685949.092497962] [move_group.moveit.moveit.ros.planning_scene_monitor]: Listening to 'collision_object'
[move_group-20] [INFO] [1775685949.093278436] [move_group.moveit.moveit.ros.planning_scene_monitor]: Listening to 'planning_scene_world' for planning scene world geometry
[move_group-20] [WARN] [1775685949.094307616] [move_group.moveit.moveit.ros.occupancy_map_monitor]: Resolution not specified for Octomap. Assuming resolution = 0.1 instead
[move_group-20] [ERROR] [1775685949.094335848] [move_group.moveit.moveit.ros.occupancy_map_monitor]: No 3D sensor plugin(s) defined for octomap updates
[rviz2-21] [INFO] [1775685949.102419300] [rclcpp]: signal_handler(SIGINT/SIGTERM)
[rviz2-21] [ERROR] [1775685949.102622262] [rviz2_moveit.moveit.ros.motion_planning_frame]: Action server: /recognize_objects not available
[rviz2-21] 
[rviz2-21] >>> [rcutils|error_handling.c:108] rcutils_set_error_state()
[rviz2-21] This error state is being overwritten:
[rviz2-21] 
[rviz2-21]   'rcl node's context is invalid, at ./src/rcl/node.c:404'
[rviz2-21] 
[rviz2-21] with this new error message:
[rviz2-21] 
[rviz2-21]   'publisher's context is invalid, at ./src/rcl/publisher.c:423'
[rviz2-21] 
[rviz2-21] rcutils_reset_error() should be called after error handling to avoid this.
[rviz2-21] <<<
[rviz2-21] Failed to publish log message to rosout: publisher's context is invalid, at ./src/rcl/publisher.c:423
[move_group-20] [INFO] [1775685949.109059163] [rclcpp]: signal_handler(SIGINT/SIGTERM)
[rviz2-21] [ERROR] [1775685949.137310926] [rviz2]: Could not load display config: failed to create guard condition: the given context is not valid, either rcl_init() was not called or rcl_shutdown() was called., at ./src/rcl/guard_condition.c:67
[scene_static-7] Traceback (most recent call last):
[scene_static-7]   File "/home/carrt-cse-project/workspace/ros2_kortex_ws/install/adl_tasks/lib/adl_tasks/scene_static", line 33, in <module>
[scene_static-7]     sys.exit(load_entry_point('adl-tasks', 'console_scripts', 'scene_static')())
[scene_static-7]              ^^^^^^^^^^^^^^^^^^^^^^^^^^^^^^^^^^^^^^^^^^^^^^^^^^^^^^^^^^^^^^^^^^
[scene_static-7]   File "/home/carrt-cse-project/workspace/ros2_kortex_ws/build/adl_tasks/adl_tasks/scene_static.py", line 245, in main
[scene_static-7]     node = StaticSceneNode()
[scene_static-7]            ^^^^^^^^^^^^^^^^^
[scene_static-7]   File "/home/carrt-cse-project/workspace/ros2_kortex_ws/build/adl_tasks/adl_tasks/scene_static.py", line 94, in __init__
[scene_static-7]     while not self.scene_client.wait_for_service(timeout_sec=2.0):
[scene_static-7]               ^^^^^^^^^^^^^^^^^^^^^^^^^^^^^^^^^^^^^^^^^^^^^^^^^^^
[scene_static-7]   File "/opt/ros/jazzy/lib/python3.12/site-packages/rclpy/client.py", line 188, in wait_for_service
[scene_static-7]     time.sleep(sleep_time)
[scene_static-7] KeyboardInterrupt
[static_transform_publisher-6] [INFO] [1775685949.183528176] [rclcpp]: signal_handler(SIGINT/SIGTERM)
[static_transform_publisher-5] [INFO] [1775685949.197921367] [rclcpp]: signal_handler(SIGINT/SIGTERM)
[robot_state_publisher-2] [INFO] [1775685949.221280459] [rclcpp]: signal_handler(SIGINT/SIGTERM)
[ros2_control_node-1] [INFO] [1775685949.299654164] [rclcpp]: signal_handler(SIGINT/SIGTERM)
[ros2_control_node-1] [INFO] [1775685949.299699279] [controller_manager]: Shutdown request received....
[ros2_control_node-1] [INFO] [1775685949.299735955] [controller_manager]: Shutting down all controllers in the controller manager.
[ros2_control_node-1] [INFO] [1775685949.299789744] [controller_manager]: Deactivating controller 'robotiq_gripper_controller'
[ros2_control_node-1] [INFO] [1775685949.299951708] [controller_manager]: Shutting down controller 'robotiq_gripper_controller'
[ros2_control_node-1] [INFO] [1775685949.300407790] [controller_manager]: Deactivating controller 'joint_trajectory_controller'
[ros2_control_node-1] [INFO] [1775685949.300648403] [controller_manager]: Shutting down controller 'joint_trajectory_controller'
[ros2_control_node-1] [INFO] [1775685949.301537346] [controller_manager]: Deactivating controller 'fault_controller'
[ros2_control_node-1] [INFO] [1775685949.313334340] [controller_manager]: Shutting down controller 'fault_controller'
[ros2_control_node-1] [INFO] [1775685949.313497385] [controller_manager]: Shutting down controller 'twist_controller'
[ros2_control_node-1] [INFO] [1775685949.313544888] [controller_manager]: Deactivating controller 'joint_state_broadcaster'
[ros2_control_node-1] [INFO] [1775685949.313688724] [controller_manager]: Shutting down controller 'joint_state_broadcaster'
[ros2_control_node-1] [INFO] [1775685949.313779216] [resource_manager]: 'deactivate' hardware 'KortexMultiInterfaceHardware' 
[ros2_control_node-1] [INFO] [1775685949.313795377] [KortexMultiInterfaceHardware]: Deactivating KortexMultiInterfaceHardware...
[INFO] [static_transform_publisher-6]: process has finished cleanly [pid 60365]
[INFO] [robot_state_publisher-2]: process has finished cleanly [pid 60361]
[INFO] [static_transform_publisher-5]: process has finished cleanly [pid 60364]
[ERROR] [scene_static-7]: process has died [pid 60366, exit code -2, cmd '/home/carrt-cse-project/workspace/ros2_kortex_ws/install/adl_tasks/lib/adl_tasks/scene_static --ros-args -r __node:=scene_static_node'].
[INFO] [adl_ui-15]: process has finished cleanly [pid 60374]
[INFO] [wrist_camera_usb_publisher-8]: process has finished cleanly [pid 60367]
[INFO] [adl_controller-11]: process has finished cleanly [pid 60370]
[INFO] [joint_state_sanitizer-3]: process has finished cleanly [pid 60362]
[INFO] [give_medication-14]: process has finished cleanly [pid 60373]
[INFO] [clear_table-13]: process has finished cleanly [pid 60372]
[INFO] [pick_dropped_bottle-12]: process has finished cleanly [pid 60371]
[INFO] [scene_from_vision-10]: process has finished cleanly [pid 60369]
[INFO] [vision_apriltag-9]: process has finished cleanly [pid 60368]
[ros2_control_node-1] [INFO] [1775685949.973097507] [KortexMultiInterfaceHardware]: KortexMultiInterfaceHardware successfully deactivated!
[ros2_control_node-1] [INFO] [1775685949.973191300] [resource_manager]: Successful 'deactivate' of hardware 'KortexMultiInterfaceHardware'
[ros2_control_node-1] [INFO] [1775685949.973226114] [resource_manager]: 'shutdown' hardware 'KortexMultiInterfaceHardware' 
[ros2_control_node-1] [INFO] [1775685949.973263123] [resource_manager]: Successful 'shutdown' of hardware 'KortexMultiInterfaceHardware'
[ros2_control_node-1] [INFO] [1775685949.973754348] [controller_manager]: Shutting down the controller manager.
[ros2_control_node-1] [ERROR] [1775685949.974077555] [controller_manager.pal_statistics]: Exception in publisher thread: context cannot be slept with because it's invalid!. Aborting!
[ros2_control_node-1] [ERROR] [1775685949.974077583] [controller_manager.pal_statistics]: Exception in publisher thread: context cannot be slept with because it's invalid!. Aborting!
[ros2_control_node-1] [INFO] [1775685949.988546822] [controller_manager.pal_statistics]: Async messages lost 0
[ros2_control_node-1] [INFO] [1775685949.988583704] [controller_manager.pal_statistics]: publish_async_failures_ 0
[ros2_control_node-1] [INFO] [1775685949.992746597] [controller_manager.pal_statistics]: Async messages lost 0
[ros2_control_node-1] [INFO] [1775685949.992771884] [controller_manager.pal_statistics]: publish_async_failures_ 0
[ERROR] [rviz2-21]: process[rviz2-21] failed to terminate '5' seconds after receiving 'SIGINT', escalating to 'SIGTERM'
[ERROR] [move_group-20]: process[move_group-20] failed to terminate '5' seconds after receiving 'SIGINT', escalating to 'SIGTERM'
[ERROR] [ros2_control_node-1]: process[ros2_control_node-1] failed to terminate '5' seconds after receiving 'SIGINT', escalating to 'SIGTERM'
[INFO] [rviz2-21]: sending signal 'SIGTERM' to process[rviz2-21]
[INFO] [move_group-20]: sending signal 'SIGTERM' to process[move_group-20]
[INFO] [ros2_control_node-1]: sending signal 'SIGTERM' to process[ros2_control_node-1]
[move_group-20] [INFO] [1775685954.124994041] [rclcpp]: signal_handler(SIGINT/SIGTERM)
[ERROR] [rviz2-21]: process has died [pid 60771, exit code -11, cmd '/opt/ros/jazzy/lib/rviz2/rviz2 -d /home/carrt-cse-project/workspace/ros2_kortex_ws/install/kinova_gen3_7dof_robotiq_2f_85_moveit_config/share/kinova_gen3_7dof_robotiq_2f_85_moveit_config/config/moveit.rviz --ros-args -r __node:=rviz2_moveit --params-file /tmp/launch_params_y5y115yk --params-file /tmp/launch_params_ejlsa4s3 --params-file /tmp/launch_params_oiofs7vc --params-file /tmp/launch_params_hoc2tc73 --params-file /tmp/launch_params_v0htf9xb'].
[ERROR] [ros2_control_node-1]: process has died [pid 60360, exit code -11, cmd '/home/carrt-cse-project/workspace/ros2_kortex_ws/install/controller_manager/lib/controller_manager/ros2_control_node --ros-args --params-file /home/carrt-cse-project/workspace/ros2_kortex_ws/install/adl_tasks/share/adl_tasks/config/ros2_controllers_vbox.yaml --params-file /tmp/launch_params_nknah4a6 -r /controller_manager/robot_description:=/robot_description'].
[ERROR] [move_group-20]: process[move_group-20] failed to terminate '10.0' seconds after receiving 'SIGTERM', escalating to 'SIGKILL'
[INFO] [move_group-20]: sending signal 'SIGKILL' to process[move_group-20]
[ERROR] [move_group-20]: process has died [pid 60770, exit code -9, cmd '/opt/ros/jazzy/lib/moveit_ros_move_group/move_group --ros-args --params-file /tmp/launch_params_maf4f210 --params-file /tmp/launch_params_ltn4mduh -r /joint_states:=/joint_states_sanitized'].
