
===== 2026-04-22T12:43:58-04:00 | T1_full =====
cwd=/home/carrt-cse-project/workspace/ros2_kortex_ws
cmd=ros2 launch adl_tasks adl_start.launch.py launch_rviz:=true 

[INFO] [launch]: All log files can be found below /home/carrt-cse-project/.ros/log/2026-04-22-12-43-58-612579-carrt-cse-project-OptiPlex-5050-170836
[INFO] [launch]: Default logging verbosity is set to INFO
[INFO] [launch.user]: [arm_start.launch] MoveIt current state source: /joint_states_sanitized. Use use_joint_state_sanitizer:=false for raw-state viewer debugging.
[INFO] [launch.user]: [arm_start.launch] Using ADL controller config (share/adl_tasks/config/ros2_controllers_vbox.yaml, update_rate:=1000 Hz).
[INFO] [ros2_control_node-1]: process started with pid [170949]
[INFO] [robot_state_publisher-2]: process started with pid [170950]
[INFO] [joint_state_sanitizer-3]: process started with pid [170951]
[INFO] [spawner-4]: process started with pid [170952]
[INFO] [static_transform_publisher-5]: process started with pid [170953]
[INFO] [static_transform_publisher-6]: process started with pid [170954]
[INFO] [scene_static-7]: process started with pid [170955]
[INFO] [wrist_camera_usb_publisher-8]: process started with pid [170956]
[INFO] [vision_apriltag-9]: process started with pid [170957]
[INFO] [scene_from_vision-10]: process started with pid [170958]
[INFO] [adl_controller-11]: process started with pid [170959]
[INFO] [pick_dropped_bottle-12]: process started with pid [170960]
[INFO] [clear_table-13]: process started with pid [170961]
[INFO] [give_medication-14]: process started with pid [170962]
[INFO] [adl_ui-15]: process started with pid [170963]
[static_transform_publisher-5] [INFO] [1776876239.088124448] [static_transform_publisher]: Spinning until stopped - publishing transform
[static_transform_publisher-5] translation: ('0.000000', '0.000000', '0.000000')
[static_transform_publisher-5] rotation: ('0.000000', '0.000000', '0.000000', '1.000000')
[static_transform_publisher-5] from 'world' to 'base_link'
[robot_state_publisher-2] [INFO] [1776876239.128536622] [robot_state_publisher]: Robot initialized
[static_transform_publisher-6] [INFO] [1776876239.191420986] [camera_color_optical_bridge_tf_pub]: Spinning until stopped - publishing transform
[static_transform_publisher-6] translation: ('0.000000', '0.000000', '0.000000')
[static_transform_publisher-6] rotation: ('0.000000', '0.000000', '0.000000', '1.000000')
[static_transform_publisher-6] from 'camera_color_frame' to 'wrist_mounted_camera_color_optical_frame'
[ros2_control_node-1] [INFO] [1776876239.230291558] [controller_manager]: Using Steady (Monotonic) clock for triggering controller manager cycles.
[ros2_control_node-1] [INFO] [1776876239.286213359] [controller_manager]: Subscribing to '/robot_description' topic for robot description.
[ros2_control_node-1] [INFO] [1776876239.305241003] [controller_manager]: update rate is 1000 Hz
[ros2_control_node-1] [INFO] [1776876239.305286065] [controller_manager]: Overruns handling is : enabled
[ros2_control_node-1] [INFO] [1776876239.305302004] [controller_manager]: Spawning controller_manager RT thread with scheduler priority: 50
[ros2_control_node-1] [INFO] [1776876239.305527099] [controller_manager]: Successful set up FIFO RT scheduling policy with priority 50.
[ros2_control_node-1] [INFO] [1776876239.374881714] [controller_manager]: Received robot description from topic.
[ros2_control_node-1] [INFO] [1776876239.374961259] [controller_manager]: Enforcing command limits is disabled. Command limits from URDF will be ignored.
[ros2_control_node-1] [INFO] [1776876239.403448483] [controller_manager]: Loading hardware 'KortexMultiInterfaceHardware' 
[ros2_control_node-1] [INFO] [1776876239.427021501] [KortexMultiInterfaceHardware]: Setting severity threshold to DEBUG
[ros2_control_node-1] [INFO] [1776876239.427082697] [controller_manager]: Loaded hardware 'KortexMultiInterfaceHardware' from plugin 'kortex_driver/KortexMultiInterfaceHardware'
[ros2_control_node-1] [INFO] [1776876239.427620768] [controller_manager]: Initialize hardware 'KortexMultiInterfaceHardware' 
[ros2_control_node-1] [INFO] [1776876239.473497464] [KortexMultiInterfaceHardware]: Configuring Hardware Interface
[ros2_control_node-1] [INFO] [1776876239.473899875] [KortexMultiInterfaceHardware]: Robot ip is '192.168.0.10'
[ros2_control_node-1] [INFO] [1776876239.473915346] [KortexMultiInterfaceHardware]: Username is 'admin'
[ros2_control_node-1] [INFO] [1776876239.473928642] [KortexMultiInterfaceHardware]: Port used '10000'
[ros2_control_node-1] [INFO] [1776876239.473934099] [KortexMultiInterfaceHardware]: Realtime port used '10001'
[ros2_control_node-1] [INFO] [1776876239.473938733] [KortexMultiInterfaceHardware]: Session inactivity timeout is '60000'
[ros2_control_node-1] [INFO] [1776876239.473943877] [KortexMultiInterfaceHardware]: Connection inactivity timeout is '2000'
[ros2_control_node-1] [INFO] [1776876239.473949860] [KortexMultiInterfaceHardware]: Gripper joint name is 'robotiq_85_left_knuckle_joint'
[ros2_control_node-1] [INFO] [1776876239.473981367] [KortexMultiInterfaceHardware]: Connecting to robot at 192.168.0.10
[ros2_control_node-1] [INFO] [1776876239.484953562] [KortexMultiInterfaceHardware]: Creating session for communication
[ros2_control_node-1] [INFO] [1776876239.697896307] [KortexMultiInterfaceHardware]: Session created
[spawner-4] [INFO] [1776876240.166841461] [spawner_joint_state_broadcaster]: waiting for service /controller_manager/list_controllers to become available...
[adl_ui-15] [INFO] [1776876240.191590709] [adl_ui_node]: ADL UI Node started.
[adl_ui-15] [INFO] [1776876240.193075934] [adl_ui_node]: Automatic retract on UI load is disabled; startup sends no motion.
[adl_ui-15]  * Serving Flask app 'adl_tasks.adl_ui'
[adl_ui-15]  * Debug mode: off
[adl_ui-15] [INFO] [1776876240.206604123] [adl_ui_node]: Web UI available at http://localhost:5000
[adl_ui-15] WARNING: This is a development server. Do not use it in a production deployment. Use a production WSGI server instead.
[adl_ui-15]  * Running on all addresses (0.0.0.0)
[adl_ui-15]  * Running on http://127.0.0.1:5000
[adl_ui-15]  * Running on http://192.168.0.231:5000
[adl_ui-15] Press CTRL+C to quit
[joint_state_sanitizer-3] [INFO] [1776876240.342603988] [joint_state_sanitizer_node]: joint_state_sanitizer started. raw=/joint_states -> sanitized=/joint_states_sanitized
[scene_static-7] [INFO] [1776876240.373803170] [scene_static_node]: Static Scene Node started.
[scene_static-7] [INFO] [1776876240.374754046] [scene_static_node]: WHEELCHAIR_BASE_HEIGHT = 0.36195m  |  Table surface at z = 0.118m | Table front-edge-from-base = 0.406m | Table center at x = 0.681m | table_edge_lip_margin=0.0127m | table_edge_lip_thickness=0.0127m | table_edge_lip_height=0.480m | include_wheelchair_wall=True | include_left_desk_wall=True | include_right_desk_wall=True | include_arm_base_under_block=True | include_arm_base_side_lips=True | include_arm_base_left_back_block=True | include_arm_base_right_back_half_block=True
[scene_static-7] [INFO] [1776876240.375585512] [scene_static_node]: Wheelchair wall geometry: center=(-0.465, 0.000, 0.482) size=(0.450, 0.700, 1.688)
[scene_static-7] [INFO] [1776876240.376599219] [scene_static_node]: Arm-base under-block geometry: center=(0.000, 0.000, -0.212) size=(0.302, 0.378, 0.300) | platform=(0.200, 0.200) | margins(front/back=0.051, left/right=0.089)
[scene_static-7] [INFO] [1776876240.377854185] [scene_static_node]: Arm-base side-lip geometry: left_y=0.198, right_y=-0.198, center_z=-0.047, size=(0.314, 0.006, 0.030) | x_offset=-0.076, outset=0.006, front/back_margin=0.006
[scene_static-7] [INFO] [1776876240.379188015] [scene_static_node]: Arm-base left-back block geometry: center=(-0.177, 0.312, 0.482) size=(0.100, 0.408, 1.688) | inner_faces(x=-0.127, y=0.108) | left_wall_inner_face_y=0.504 | into_left_wall=0.013
[scene_static-7] [INFO] [1776876240.380826423] [scene_static_node]: Arm-base right-back half block geometry: center=(-0.177, -0.312, 0.060) size=(0.100, 0.408, 0.844) | inner_faces(x=-0.127, y=-0.108) | right_wall_inner_face_y=-0.504 | into_right_wall=0.013
[ros2_control_node-1] [WARN] [1776876240.479169970] [controller_manager]: Overrun detected! The controller manager missed its desired rate of 1000 Hz. The loop took 1.537512 ms (missed cycles : 2).
[ros2_control_node-1] [INFO] [1776876240.499800755] [KortexMultiInterfaceHardware]: Actuator count reported by robot is '7'
[ros2_control_node-1] [INFO] [1776876240.500026496] [KortexMultiInterfaceHardware]: Using internal bus communication for gripper!
[ros2_control_node-1] [INFO] [1776876240.500035705] [KortexMultiInterfaceHardware]: Hardware Interface successfully configured
[ros2_control_node-1] [INFO] [1776876240.500124901] [controller_manager]: Successful initialization of hardware 'KortexMultiInterfaceHardware'
[ros2_control_node-1] [DEBUG] [1776876240.500201124] [KortexMultiInterfaceHardware]: export_state_interfaces for joint: joint_1
[ros2_control_node-1] [DEBUG] [1776876240.500227549] [KortexMultiInterfaceHardware]: export_state_interfaces for joint: joint_2
[ros2_control_node-1] [DEBUG] [1776876240.500234536] [KortexMultiInterfaceHardware]: export_state_interfaces for joint: joint_3
[ros2_control_node-1] [DEBUG] [1776876240.500239110] [KortexMultiInterfaceHardware]: export_state_interfaces for joint: joint_4
[ros2_control_node-1] [DEBUG] [1776876240.500242735] [KortexMultiInterfaceHardware]: export_state_interfaces for joint: joint_5
[ros2_control_node-1] [DEBUG] [1776876240.500247871] [KortexMultiInterfaceHardware]: export_state_interfaces for joint: joint_6
[ros2_control_node-1] [DEBUG] [1776876240.500253871] [KortexMultiInterfaceHardware]: export_state_interfaces for joint: joint_7
[ros2_control_node-1] [DEBUG] [1776876240.500259429] [KortexMultiInterfaceHardware]: export_state_interfaces for joint: robotiq_85_left_knuckle_joint
[ros2_control_node-1] [INFO] [1776876240.502447030] [resource_manager]: 'configure' hardware 'KortexMultiInterfaceHardware' 
[ros2_control_node-1] [INFO] [1776876240.502486011] [resource_manager]: Successful 'configure' of hardware 'KortexMultiInterfaceHardware'
[ros2_control_node-1] [INFO] [1776876240.502556511] [resource_manager]: 'activate' hardware 'KortexMultiInterfaceHardware' 
[ros2_control_node-1] [INFO] [1776876240.502609812] [KortexMultiInterfaceHardware]: Activating KortexMultiInterfaceHardware...
[ros2_control_node-1] [INFO] [1776876240.508644002] [KortexMultiInterfaceHardware]: Gripper initial position is '14.741034'.
[ros2_control_node-1] [INFO] [1776876240.514823979] [KortexMultiInterfaceHardware]: KortexMultiInterfaceHardware successfully activated!
[ros2_control_node-1] [INFO] [1776876240.514884613] [resource_manager]: Successful 'activate' of hardware 'KortexMultiInterfaceHardware'
[ros2_control_node-1] [INFO] [1776876240.515313174] [controller_manager]: Registering statistics for : KortexMultiInterfaceHardware
[ros2_control_node-1] [INFO] [1776876240.515554159] [controller_manager]: Resource Manager has been successfully initialized. Starting Controller Manager services...
[ros2_control_node-1] [WARN] [1776876240.524277833] [controller_manager]: Overrun might occur, Total time : 8584.066 us (Expected < 1000.000 us) --> Read time : 4475.653 us, Update time : 49.495 us, Write time : 4058.918 us
[scene_from_vision-10] [INFO] [1776876240.652007935] [scene_from_vision_node]: Scene From Vision Node Started
[ros2_control_node-1] [INFO] [1776876240.675413413] [controller_manager]: Loading controller : 'joint_state_broadcaster' of type 'joint_state_broadcaster/JointStateBroadcaster'
[ros2_control_node-1] [INFO] [1776876240.675463083] [controller_manager]: Loading controller 'joint_state_broadcaster'
[ros2_control_node-1] [INFO] [1776876240.688666427] [controller_manager]: Controller 'joint_state_broadcaster' node arguments: --ros-args --params-file /home/carrt-cse-project/workspace/ros2_kortex_ws/install/adl_tasks/share/adl_tasks/config/ros2_controllers_vbox.yaml --params-file /tmp/launch_params_bn9domu3 
[wrist_camera_usb_publisher-8] [INFO] [1776876240.699362162] [wrist_camera_usb_publisher_node]: USB camera publisher: trying camera source index 2.
[spawner-4] [INFO] [1776876240.752125404] [spawner_joint_state_broadcaster]: Loaded joint_state_broadcaster
[scene_from_vision-10] [INFO] [1776876240.756907302] [scene_from_vision_node]: SceneFromVision: Updating planning scene. Tracking 5 object shape(s). memory_mode=True, scan_duration_s=5.0, scan_min_samples=3, scan_target_samples=8, scan_extend_step_s=0.0, scan_max_extensions=0, scan_prune_unseen_objects=False, continuous_scene_updates=False, latch_first_detection_updates=True, log_object_pose_debug=False, apply_planning_scene_service_updates=True, publish_monitored_planning_scene_updates=True, side_viewpoint=wrist_mounted_camera_color_optical_frame->base_link, reject_table_objects_outside_bounds=False.
[scene_from_vision-10] [INFO] [1776876240.758558089] [scene_from_vision_node]: SceneFromVision calibration: xy_offset=(0.000, 0.000), z_offset=0.000, yaw_deg=0.00, xy_scale=1.0000, clamp_table_objects_to_table_bounds=False, table_bounds_margin_m=0.030.
[scene_from_vision-10] [INFO] [1776876240.760049612] [scene_from_vision_node]: SceneFromVision object offsets: remote_axis=y, remote_tag_to_center_sign=-1.0, remote_tag_from_end_m=0.020, remote_world_offset=(-0.040, 0.000), cube_tag_to_center=(0.000, 0.000), cube_world_offset=(-0.020, -0.006), cube_yaw_offset_deg=0.0, medication_world_offset=(-0.090, -0.030), medication_face_to_center_m=0.030, cup_world_offset=(-0.085, -0.040), cup_face_to_center_m=0.037, cup_scene_scan_pose_xy_offsets={'side_right': (-0.02, -0.019), 'side_left': (-0.128, 0.003), 'side_fallback_center': (0.0, 0.0), 'side_unknown': (0.0, 0.0)}.
[wrist_camera_usb_publisher-8] [INFO] [1776876240.802951220] [wrist_camera_usb_publisher_node]: USB camera publisher: opened camera source index 2.
[wrist_camera_usb_publisher-8] [INFO] [1776876240.804098910] [wrist_camera_usb_publisher_node]: Wrist Camera USB Publisher started.
[wrist_camera_usb_publisher-8] [INFO] [1776876240.805252435] [wrist_camera_usb_publisher_node]: Publishing USB camera frames on /wrist_mounted_camera/image with frame_id=wrist_mounted_camera_color_optical_frame.
[wrist_camera_usb_publisher-8] [INFO] [1776876240.806328674] [wrist_camera_usb_publisher_node]: Publishing camera info on /wrist_mounted_camera/camera_info from reference intrinsics [554.25, 554.25, 320.0, 240.0] @ 640x480.
[wrist_camera_usb_publisher-8] [INFO] [1776876240.807507496] [wrist_camera_usb_publisher_node]: Using explicit camera_matrix for CameraInfo. matrix_size=1280x720, K=[920.874267578125, 0.0, 644.7646484375, 0.0, 921.5654907226562, 343.1528625488281, 0.0, 0.0, 1.0], d=[0.0, 0.0, 0.0, 0.0, 0.0]
[wrist_camera_usb_publisher-8] [INFO] [1776876240.808774163] [wrist_camera_usb_publisher_node]: Requested source=2 size=1280x720 fps=10.0
[vision_apriltag-9] [INFO] [1776876240.810284679] [vision_apriltag_node]: Vision AprilTag Node Started
[vision_apriltag-9] [INFO] [1776876240.812184330] [vision_apriltag_node]: Subscribing to camera topic: /wrist_mounted_camera/image
[vision_apriltag-9] [INFO] [1776876240.814101869] [vision_apriltag_node]: Subscribing to camera info topic: /wrist_mounted_camera/camera_info
[vision_apriltag-9] [INFO] [1776876240.816335356] [vision_apriltag_node]: Camera frame: wrist_mounted_camera_color_optical_frame | use_image_header_frame=True
[vision_apriltag-9] [INFO] [1776876240.819052683] [vision_apriltag_node]: Tag size: 0.025m | pose_cache_retention_s=20.0 | get_pose_wait_timeout_s=5.0 | max_returned_pose_age_s=20.0 | camera_params=[554.25, 554.25, 320.0, 240.0] | families=tag36h11 | quad_decimate=1.0 | requested_backend=opencv | backend=cv2.aruco | opencv_pose_solver=ippe_square | use_image_timestamp_for_tf=False
[vision_apriltag-9] [INFO] [1776876240.821288141] [vision_apriltag_node]: Top-tag known-plane projection: enabled=True, planes={3: 0.13995, 4: 0.1752}
[vision_apriltag-9] [INFO] [1776876240.823534619] [vision_apriltag_node]: pupil_apriltags tuning: nthreads=1, quad_sigma=0.0, refine_edges=1, decode_sharpening=0.25, debug=0, preprocess_variants=['raw', 'clahe', 'adaptive', 'clahe_sharp', 'clahe_up2', 'sharp_up2'], tile_search_if_empty=True, tile_search_grid=3x2, tile_search_scale=2.0, tile_search_overlap=0.25
[vision_apriltag-9] [WARN] [1776876240.825851660] [vision_apriltag_node]: pupil_apriltags is not importable by this node, so detection is using OpenCV fallback only. python=/usr/bin/python3, import_error=No module named 'pupil_apriltags'. If .venv contains pupil_apriltags, rebuild adl_tasks with that venv active or run the module with the venv Python.
[vision_apriltag-9] [INFO] [1776876240.828096502] [vision_apriltag_node]: Publishing AprilTag debug images on /vision_apriltag/debug_image at up to 1.0 Hz.
[ros2_control_node-1] [INFO] [1776876240.836786705] [controller_manager]: Configuring controller: 'joint_state_broadcaster'
[ros2_control_node-1] [INFO] [1776876240.837063360] [joint_state_broadcaster]: 'joints' or 'interfaces' parameter is empty. All available state interfaces will be published
[ros2_control_node-1] [INFO] [1776876240.862348583] [controller_manager]: Activating controllers: [ joint_state_broadcaster ]
[ros2_control_node-1] [INFO] [1776876240.866542054] [controller_manager]: Successfully switched controllers!
[ros2_control_node-1] [WARN] [1776876240.870645613] [controller_manager]: Overrun might occur, Total time : 5988.672 us (Expected < 1000.000 us) --> Read time : 55.003 us, Update time : 1747.928 us (Switch time : 1707.091 us (Switch chained mode time : 2.100 us, perform mode change time : 4.351 us, Activation time : 1690.786 us, Deactivation time : 2.270 us)), Write time : 4185.741 us
[spawner-4] [INFO] [1776876240.874217998] [spawner_joint_state_broadcaster]: Configured and activated joint_state_broadcaster
[adl_ui-15] 127.0.0.1 - - [22/Apr/2026 12:44:00] "GET /status_json HTTP/1.1" 200 -
[give_medication-14] [INFO] [1776876240.991462442] [give_medication_node]: give_medication starting...
[INFO] [spawner-4]: process has finished cleanly [pid 170952]
[ros2_control_node-1] [WARN] [1776876241.481893373] [controller_manager]: Overrun detected! The controller manager missed its desired rate of 1000 Hz. The loop took 4.262457 ms (missed cycles : 5).
[give_medication-14] [INFO] [1776876241.516910398] [give_medication_node]: MoveItHelper initialized. joint_state_topic=/joint_states_sanitized (sanitized_expected=True) real_hardware_mode=True short_cartesian_mode=hybrid
[give_medication-14] [INFO] [1776876241.517953385] [give_medication_node]: ADL_DIRECT_FIXED_JOINTS is unset; defaulting fixed-joint direct trajectories to disabled on real hardware (collision-aware MoveIt path first).
[ros2_control_node-1] [WARN] [1776876241.524887614] [controller_manager]: Overrun might occur, Total time : 4226.002 us (Expected < 1000.000 us) --> Read time : 57.413 us, Update time : 105.150 us, Write time : 4063.439 us
[give_medication-14] [INFO] [1776876241.534403356] [give_medication_node]: Vision Client initialized, waiting for service...
[give_medication-14] [INFO] [1776876241.535288646] [give_medication_node]: Vision service is ready.
[give_medication-14] [INFO] [1776876241.544508786] [give_medication_node]: give_medication ready.
[INFO] [spawner-16]: process started with pid [171231]
[INFO] [spawner-17]: process started with pid [171232]
[INFO] [spawner-18]: process started with pid [171233]
[INFO] [spawner-19]: process started with pid [171234]
[adl_controller-11] [INFO] [1776876241.609873543] [adl_controller_node]: MoveItHelper initialized. joint_state_topic=/joint_states_sanitized (sanitized_expected=True) real_hardware_mode=True short_cartesian_mode=hybrid
[adl_controller-11] [INFO] [1776876241.610817835] [adl_controller_node]: ADL_DIRECT_FIXED_JOINTS is unset; defaulting fixed-joint direct trajectories to disabled on real hardware (collision-aware MoveIt path first).
[wrist_camera_usb_publisher-8] [INFO] [1776876241.622544566] [wrist_camera_usb_publisher_node]: USB camera info active intrinsics: size=1280x720, fx=920.87, fy=921.57, cx=644.76, cy=343.15, d=array('d', [0.0, 0.0, 0.0, 0.0, 0.0])
[wrist_camera_usb_publisher-8] [INFO] [1776876241.623505161] [wrist_camera_usb_publisher_node]: USB camera publisher heartbeat: publishing 1280x720 frames on /wrist_mounted_camera/image; camera_info fx=920.87, fy=921.57, cx=644.76, cy=343.15.
[vision_apriltag-9] [INFO] [1776876241.631719608] [vision_apriltag_node]: Vision AprilTag camera model updated from CameraInfo: size=1280x720, fx=920.87, fy=921.57, cx=644.76, cy=343.15, d=[0.0, 0.0, 0.0, 0.0, 0.0]
[pick_dropped_bottle-12] [INFO] [1776876241.632825833] [pick_dropped_bottle_node]: PickDroppedBottle starting...
[adl_ui-15] 127.0.0.1 - - [22/Apr/2026 12:44:01] "GET /status_json HTTP/1.1" 200 -
[clear_table-13] [INFO] [1776876241.652547710] [clear_table_node]: Clear Table Node Started
[pick_dropped_bottle-12] [INFO] [1776876241.745803657] [pick_dropped_bottle_node]: MoveItHelper initialized. joint_state_topic=/joint_states_sanitized (sanitized_expected=True) real_hardware_mode=True short_cartesian_mode=hybrid
[pick_dropped_bottle-12] [INFO] [1776876241.746723438] [pick_dropped_bottle_node]: ADL_DIRECT_FIXED_JOINTS is unset; defaulting fixed-joint direct trajectories to disabled on real hardware (collision-aware MoveIt path first).
[clear_table-13] [INFO] [1776876241.758393494] [clear_table_node]: MoveItHelper initialized. joint_state_topic=/joint_states_sanitized (sanitized_expected=True) real_hardware_mode=True short_cartesian_mode=hybrid
[clear_table-13] [INFO] [1776876241.759307274] [clear_table_node]: ADL_DIRECT_FIXED_JOINTS is unset; defaulting fixed-joint direct trajectories to disabled on real hardware (collision-aware MoveIt path first).
[pick_dropped_bottle-12] [INFO] [1776876241.763422961] [pick_dropped_bottle_node]: Vision Client initialized, waiting for service...
[pick_dropped_bottle-12] [INFO] [1776876241.764200226] [pick_dropped_bottle_node]: Vision service is ready.
[pick_dropped_bottle-12] [INFO] [1776876241.774494516] [pick_dropped_bottle_node]: [Bottle] Assumptions: tag0 is bottle, bottle lies horizontally on floor, AprilTag is on side midsection with tag +Y oriented upward toward camera, and grasp target is bottle midsection near the QR/tag centerline.
[pick_dropped_bottle-12] [INFO] [1776876241.775475290] [pick_dropped_bottle_node]: [Bottle] Geometry: height=0.200m diameter=0.060m radius=0.030m; gripper_force=16.0N.
[pick_dropped_bottle-12] [INFO] [1776876241.776129622] [pick_dropped_bottle_node]: PickDroppedBottle ready. Waiting for command.
[pick_dropped_bottle-12] [INFO] [1776876241.776844244] [pick_dropped_bottle_node]: Startup motion disabled at node load; motion begins only after pick_dropped_bottle command.
[clear_table-13] [INFO] [1776876241.777500872] [clear_table_node]: Vision Client initialized, waiting for service...
[clear_table-13] [INFO] [1776876241.778327078] [clear_table_node]: Vision service is ready.
[clear_table-13] [INFO] [1776876241.786450423] [clear_table_node]: Clear Table Node ready. Waiting for command.
[clear_table-13] [INFO] [1776876241.787106661] [clear_table_node]: Startup motion disabled at node load; motion begins only after clear_table command.
[clear_table-13] [INFO] [1776876241.787909416] [clear_table_node]: clear_table scan flags: top_only_scan_mode=False (ADL_CLEAR_TABLE_TOP_ONLY_SCAN='false'), two_phase_require_side_sweep_before_priority_exit=True (ADL_CLEAR_TABLE_REQUIRE_SIDE_SWEEP='true'), two_phase_top_full_sweep_before_priority_exit=True.
[clear_table-13] [INFO] [1776876241.788743729] [clear_table_node]: clear_table planned scan sequence: top_center (standard top view over the table) -> top_downturned (downward top view for flat tags and back-right table coverage) -> side_right (right-shifted side view for cup/side tags) -> side_left (left-shifted side view for cup/side tags).
[adl_controller-11] [INFO] [1776876242.008271093] [adl_controller_node]: ADL controller ready. Waiting for UI/system commands.
[vision_apriltag-9] [INFO] [1776876242.184421324] [vision_apriltag_node]: Vision AprilTag detection debug: no tags found after raw/CLAHE/sharp/adaptive/upscaled/tiled passes.
[spawner-18] [INFO] [1776876242.190700084] [spawner_robotiq_gripper_controller]: waiting for service /controller_manager/list_controllers to become available...
[adl_ui-15] 127.0.0.1 - - [22/Apr/2026 12:44:02] "GET /status_json HTTP/1.1" 200 -
[ros2_control_node-1] [WARN] [1776876242.485041994] [controller_manager]: Overrun detected! The controller manager missed its desired rate of 1000 Hz. The loop took 3.412544 ms (missed cycles : 4).
[ros2_control_node-1] [WARN] [1776876242.525053017] [controller_manager]: Overrun might occur, Total time : 3397.728 us (Expected < 1000.000 us) --> Read time : 35.758 us, Update time : 96.673 us, Write time : 3265.297 us
[scene_static-7] [WARN] [1776876242.560883288] [scene_static_node]: Planning scene service not available, waiting...
[vision_apriltag-9] [INFO] [1776876242.751665212] [vision_apriltag_node]: Vision AprilTag: images are arriving on /wrist_mounted_camera/image, but no AprilTags have been detected yet.
[adl_ui-15] 127.0.0.1 - - [22/Apr/2026 12:44:03] "GET /status_json HTTP/1.1" 200 -
[ros2_control_node-1] [WARN] [1776876243.485681195] [controller_manager]: Overrun detected! The controller manager missed its desired rate of 1000 Hz. The loop took 3.051864 ms (missed cycles : 4).
[ros2_control_node-1] [WARN] [1776876243.525651105] [controller_manager]: Overrun might occur, Total time : 3003.355 us (Expected < 1000.000 us) --> Read time : 51.617 us, Update time : 109.359 us, Write time : 2842.379 us
[adl_ui-15] 127.0.0.1 - - [22/Apr/2026 12:44:03] "GET /status_json HTTP/1.1" 200 -
[ros2_control_node-1] [INFO] [1776876244.461272196] [controller_manager]: Loading controller : 'robotiq_gripper_controller' of type 'position_controllers/GripperActionController'
[ros2_control_node-1] [INFO] [1776876244.461339112] [controller_manager]: Loading controller 'robotiq_gripper_controller'
[ros2_control_node-1] [INFO] [1776876244.468122926] [controller_manager]: Controller 'robotiq_gripper_controller' node arguments: --ros-args --params-file /home/carrt-cse-project/workspace/ros2_kortex_ws/install/adl_tasks/share/adl_tasks/config/ros2_controllers_vbox.yaml --params-file /tmp/launch_params_bn9domu3 
[ros2_control_node-1] [WARN] [1776876244.488067563] [controller_manager]: Overrun detected! The controller manager missed its desired rate of 1000 Hz. The loop took 2.437711 ms (missed cycles : 3).
[ros2_control_node-1] [WARN] [1776876244.526977122] [controller_manager]: Overrun might occur, Total time : 3312.585 us (Expected < 1000.000 us) --> Read time : 71.066 us, Update time : 131.850 us, Write time : 3109.669 us
[ros2_control_node-1] [WARN] [1776876244.534715347] [robotiq_gripper_controller]: [Deprecated]: the `position_controllers/GripperActionController` and `effort_controllers::GripperActionController` controllers are replaced by 'parallel_gripper_controllers/GripperActionController' controller
[spawner-18] [INFO] [1776876244.544901958] [spawner_robotiq_gripper_controller]: Loaded robotiq_gripper_controller
[scene_static-7] [WARN] [1776876244.573182085] [scene_static_node]: Planning scene service not available, waiting...
[ros2_control_node-1] [INFO] [1776876244.628689197] [controller_manager]: Configuring controller: 'robotiq_gripper_controller'
[ros2_control_node-1] [INFO] [1776876244.628848157] [robotiq_gripper_controller]: Action status changes will be monitored at 20.000000 Hz.
[ros2_control_node-1] [INFO] [1776876244.639605246] [controller_manager]: Activating controllers: [ robotiq_gripper_controller ]
[adl_ui-15] 127.0.0.1 - - [22/Apr/2026 12:44:04] "GET /status_json HTTP/1.1" 200 -
[vision_apriltag-9] [INFO] [1776876244.751275233] [vision_apriltag_node]: Vision AprilTag: images are arriving on /wrist_mounted_camera/image, but no AprilTags have been detected yet.
[ros2_control_node-1] [INFO] [1776876244.850333399] [controller_manager]: Successfully switched controllers!
[ros2_control_node-1] [WARN] [1776876244.853125243] [controller_manager]: Overrun might occur, Total time : 11473.165 us (Expected < 1000.000 us) --> Read time : 40.261 us, Update time : 8600.739 us (Switch time : 8495.991 us (Switch chained mode time : 1.560 us, perform mode change time : 29.045 us, Activation time : 8457.030 us, Deactivation time : 0.980 us)), Write time : 2832.165 us
[spawner-18] [INFO] [1776876244.857138369] [spawner_robotiq_gripper_controller]: Configured and activated robotiq_gripper_controller
[spawner-16] [INFO] [1776876244.989497419] [spawner_joint_trajectory_controller]: waiting for service /controller_manager/list_controllers to become available...
[INFO] [spawner-18]: process has finished cleanly [pid 171233]
[adl_ui-15] 127.0.0.1 - - [22/Apr/2026 12:44:05] "GET /status_json HTTP/1.1" 200 -
[ros2_control_node-1] [WARN] [1776876245.488613420] [controller_manager]: Overrun detected! The controller manager missed its desired rate of 1000 Hz. The loop took 1.984816 ms (missed cycles : 2).
[ros2_control_node-1] [WARN] [1776876245.528652579] [controller_manager]: Overrun might occur, Total time : 3004.020 us (Expected < 1000.000 us) --> Read time : 37.920 us, Update time : 115.623 us, Write time : 2850.477 us
[adl_ui-15] 127.0.0.1 - - [22/Apr/2026 12:44:06] "GET /status_json HTTP/1.1" 200 -
[ros2_control_node-1] [INFO] [1776876246.245748706] [controller_manager]: Loading controller : 'joint_trajectory_controller' of type 'joint_trajectory_controller/JointTrajectoryController'
[ros2_control_node-1] [INFO] [1776876246.245791409] [controller_manager]: Loading controller 'joint_trajectory_controller'
[ros2_control_node-1] [INFO] [1776876246.250891685] [controller_manager]: Controller 'joint_trajectory_controller' node arguments: --ros-args --params-file /home/carrt-cse-project/workspace/ros2_kortex_ws/install/adl_tasks/share/adl_tasks/config/ros2_controllers_vbox.yaml --params-file /tmp/launch_params_bn9domu3 
[spawner-16] [INFO] [1776876246.302611042] [spawner_joint_trajectory_controller]: Loaded joint_trajectory_controller
[ros2_control_node-1] [INFO] [1776876246.385391276] [controller_manager]: Configuring controller: 'joint_trajectory_controller'
[ros2_control_node-1] [INFO] [1776876246.386074033] [joint_trajectory_controller]: No specific joint names are used for command interfaces. Using 'joints' parameter.
[ros2_control_node-1] [INFO] [1776876246.386374060] [joint_trajectory_controller]: Command interfaces are [position] and state interfaces are [position velocity].
[ros2_control_node-1] [INFO] [1776876246.386589598] [joint_trajectory_controller]: Using 'splines' interpolation method.
[ros2_control_node-1] [INFO] [1776876246.396259480] [joint_trajectory_controller]: Action status changes will be monitored at 10.00 Hz.
[ros2_control_node-1] [INFO] [1776876246.417381322] [controller_manager]: Activating controllers: [ joint_trajectory_controller ]
[ros2_control_node-1] [WARN] [1776876246.489567021] [controller_manager]: Overrun detected! The controller manager missed its desired rate of 1000 Hz. The loop took 2.937806 ms (missed cycles : 3).
[ros2_control_node-1] [WARN] [1776876246.528678699] [controller_manager]: Overrun might occur, Total time : 3031.183 us (Expected < 1000.000 us) --> Read time : 62.509 us, Update time : 126.600 us, Write time : 2842.074 us
[scene_static-7] [WARN] [1776876246.578487414] [scene_static_node]: Planning scene service not available, waiting...
[ros2_control_node-1] [INFO] [1776876246.652855497] [controller_manager]: Successfully switched controllers!
[ros2_control_node-1] [WARN] [1776876246.655528155] [controller_manager]: Overrun might occur, Total time : 36878.751 us (Expected < 1000.000 us) --> Read time : 33.782 us, Update time : 34154.454 us (Switch time : 34048.322 us (Switch chained mode time : 3.616 us, perform mode change time : 32724.587 us, Activation time : 1312.603 us, Deactivation time : 1.111 us)), Write time : 2690.515 us
[spawner-16] [INFO] [1776876246.659659784] [spawner_joint_trajectory_controller]: Configured and activated joint_trajectory_controller
[vision_apriltag-9] [INFO] [1776876246.752820689] [vision_apriltag_node]: Vision AprilTag: images are arriving on /wrist_mounted_camera/image, but no AprilTags have been detected yet.
[wrist_camera_usb_publisher-8] [INFO] [1776876246.758995260] [wrist_camera_usb_publisher_node]: USB camera publisher heartbeat: publishing 1280x720 frames on /wrist_mounted_camera/image; camera_info fx=920.87, fy=921.57, cx=644.76, cy=343.15.
[spawner-17] [INFO] [1776876246.795060598] [spawner_twist_controller]: waiting for service /controller_manager/list_controllers to become available...
[INFO] [spawner-16]: process has finished cleanly [pid 171231]
[adl_ui-15] 127.0.0.1 - - [22/Apr/2026 12:44:06] "GET /status_json HTTP/1.1" 200 -
[vision_apriltag-9] [INFO] [1776876247.300162378] [vision_apriltag_node]: Vision AprilTag detection debug: no tags found after raw/CLAHE/sharp/adaptive/upscaled/tiled passes.
[ros2_control_node-1] [WARN] [1776876247.491614478] [controller_manager]: Overrun detected! The controller manager missed its desired rate of 1000 Hz. The loop took 2.985726 ms (missed cycles : 3).
[ros2_control_node-1] [WARN] [1776876247.531069477] [controller_manager]: Overrun might occur, Total time : 2399.767 us (Expected < 1000.000 us) --> Read time : 21.200 us, Update time : 123.806 us, Write time : 2254.761 us
[adl_ui-15] 127.0.0.1 - - [22/Apr/2026 12:44:07] "GET /status_json HTTP/1.1" 200 -
[adl_ui-15] 127.0.0.1 - - [22/Apr/2026 12:44:08] "GET /status_json HTTP/1.1" 200 -
[ros2_control_node-1] [WARN] [1776876248.492828483] [controller_manager]: Overrun detected! The controller manager missed its desired rate of 1000 Hz. The loop took 3.199431 ms (missed cycles : 4).
[INFO] [move_group-20]: process started with pid [171393]
[INFO] [rviz2-21]: process started with pid [171394]
[ros2_control_node-1] [WARN] [1776876248.531718738] [controller_manager]: Overrun might occur, Total time : 3064.939 us (Expected < 1000.000 us) --> Read time : 49.156 us, Update time : 214.745 us, Write time : 2801.038 us
[scene_static-7] [WARN] [1776876248.582629159] [scene_static_node]: Planning scene service not available, waiting...
[move_group-20] [INFO] [1776876248.679651962] [move_group.moveit.moveit.ros.rdf_loader]: Loaded robot model in 0.0100355 seconds
[move_group-20] [INFO] [1776876248.679839035] [move_group.moveit.moveit.core.robot_model]: Loading robot model 'gen3'...
[move_group-20] [INFO] [1776876248.679861301] [move_group.moveit.moveit.core.robot_model]: No root/virtual joint specified in SRDF. Assuming fixed joint
[vision_apriltag-9] [INFO] [1776876248.757000134] [vision_apriltag_node]: Vision AprilTag: images are arriving on /wrist_mounted_camera/image, but no AprilTags have been detected yet.
[move_group-20] [INFO] [1776876248.861333563] [move_group.moveit.moveit.kinematics.kdl_kinematics_plugin]: Joint weights for group 'manipulator': 1 1 1 1 1 1 1
[rviz2-21] [INFO] [1776876248.996922997] [rviz2]: Stereo is NOT SUPPORTED
[rviz2-21] [INFO] [1776876248.997020602] [rviz2]: OpenGl version: 4.6 (GLSL 4.6)
[rviz2-21] [INFO] [1776876249.019353748] [rviz2]: Stereo is NOT SUPPORTED
[adl_ui-15] 127.0.0.1 - - [22/Apr/2026 12:44:09] "GET /status_json HTTP/1.1" 200 -
[move_group-20] [INFO] [1776876249.215550842] [move_group.moveit.moveit.ros.planning_scene_monitor]: Publishing maintained planning scene on 'monitored_planning_scene'
[move_group-20] [INFO] [1776876249.215710217] [move_group.moveit.moveit.ros.moveit_cpp]: Listening to 'joint_states' for joint states
[move_group-20] [INFO] [1776876249.216852408] [move_group.moveit.moveit.ros.current_state_monitor]: Listening to joint states on topic 'joint_states'
[move_group-20] [INFO] [1776876249.217576606] [move_group.moveit.moveit.ros.planning_scene_monitor]: Listening to '/attached_collision_object' for attached collision objects
[move_group-20] [INFO] [1776876249.217605119] [move_group.moveit.moveit.ros.planning_scene_monitor]: Stopping existing planning scene publisher.
[move_group-20] [INFO] [1776876249.217794766] [move_group.moveit.moveit.ros.planning_scene_monitor]: Stopped publishing maintained planning scene.
[move_group-20] [INFO] [1776876249.218356472] [move_group.moveit.moveit.ros.planning_scene_monitor]: Publishing maintained planning scene on 'monitored_planning_scene'
[move_group-20] [INFO] [1776876249.218456996] [move_group.moveit.moveit.ros.planning_scene_monitor]: Starting planning scene monitor
[move_group-20] [INFO] [1776876249.218955832] [move_group.moveit.moveit.ros.planning_scene_monitor]: Listening to '/planning_scene'
[move_group-20] [INFO] [1776876249.218977471] [move_group.moveit.moveit.ros.planning_scene_monitor]: Starting world geometry update monitor for collision objects, attached objects, octomap updates.
[move_group-20] [INFO] [1776876249.220363282] [move_group.moveit.moveit.ros.planning_scene_monitor]: Listening to 'collision_object'
[move_group-20] [INFO] [1776876249.221840293] [move_group.moveit.moveit.ros.planning_scene_monitor]: Listening to 'planning_scene_world' for planning scene world geometry
[move_group-20] [WARN] [1776876249.222600119] [move_group.moveit.moveit.ros.occupancy_map_monitor]: Resolution not specified for Octomap. Assuming resolution = 0.1 instead
[move_group-20] [ERROR] [1776876249.222621229] [move_group.moveit.moveit.ros.occupancy_map_monitor]: No 3D sensor plugin(s) defined for octomap updates
[ros2_control_node-1] [WARN] [1776876249.493841912] [controller_manager]: Overrun detected! The controller manager missed its desired rate of 1000 Hz. The loop took 3.211680 ms (missed cycles : 4).
[ros2_control_node-1] [WARN] [1776876249.532774968] [controller_manager]: Overrun might occur, Total time : 5049.825 us (Expected < 1000.000 us) --> Read time : 96.888 us, Update time : 624.368 us, Write time : 4328.569 us
[move_group-20] [INFO] [1776876249.593614666] [move_group.moveit.moveit.ros.planning_pipeline]: Successfully loaded planner 'OMPL'
[move_group-20] [INFO] [1776876249.599757652] [move_group]: Try loading adapter 'default_planning_request_adapters/ResolveConstraintFrames'
[move_group-20] [INFO] [1776876249.601640993] [move_group]: Loaded adapter 'default_planning_request_adapters/ResolveConstraintFrames'
[move_group-20] [INFO] [1776876249.601678861] [move_group]: Try loading adapter 'default_planning_request_adapters/ValidateWorkspaceBounds'
[move_group-20] [INFO] [1776876249.601996605] [move_group]: Loaded adapter 'default_planning_request_adapters/ValidateWorkspaceBounds'
[move_group-20] [INFO] [1776876249.602013290] [move_group]: Try loading adapter 'default_planning_request_adapters/CheckStartStateBounds'
[move_group-20] [INFO] [1776876249.602063002] [move_group]: Loaded adapter 'default_planning_request_adapters/CheckStartStateBounds'
[move_group-20] [INFO] [1776876249.602075672] [move_group]: Try loading adapter 'default_planning_request_adapters/CheckStartStateCollision'
[move_group-20] [INFO] [1776876249.602103132] [move_group]: Loaded adapter 'default_planning_request_adapters/CheckStartStateCollision'
[move_group-20] [INFO] [1776876249.607353606] [move_group]: Try loading adapter 'default_planning_response_adapters/AddTimeOptimalParameterization'
[move_group-20] [INFO] [1776876249.611228243] [move_group]: Loaded adapter 'default_planning_response_adapters/AddTimeOptimalParameterization'
[move_group-20] [INFO] [1776876249.611254305] [move_group]: Try loading adapter 'default_planning_response_adapters/ValidateSolution'
[move_group-20] [INFO] [1776876249.614619131] [move_group]: Loaded adapter 'default_planning_response_adapters/ValidateSolution'
[move_group-20] [INFO] [1776876249.614650499] [move_group]: Try loading adapter 'default_planning_response_adapters/DisplayMotionPath'
[move_group-20] [INFO] [1776876249.615711095] [move_group]: Loaded adapter 'default_planning_response_adapters/DisplayMotionPath'
[ros2_control_node-1] [INFO] [1776876249.641877563] [controller_manager]: Received robot description from topic.
[ros2_control_node-1] [WARN] [1776876249.641913076] [controller_manager]: ResourceManager has already loaded a urdf. Ignoring attempt to reload a robot description.
[rviz2-21] Warning: class_loader.impl: SEVERE WARNING!!! A namespace collision has occurred with plugin factory for class rviz_default_plugins::displays::InteractiveMarkerDisplay. New factory will OVERWRITE existing one. This situation occurs when libraries containing plugins are directly linked against an executable (the one running right now generating this message). Please separate plugins out into their own library or just don't link against the library and use either class_loader::ClassLoader/MultiLibraryClassLoader to open.
[rviz2-21]          at line 321 in /opt/ros/jazzy/include/class_loader/class_loader/class_loader_core.hpp
[rviz2-21] [WARN] [1776876249.712779515] [rcl.logging_rosout]: Publisher already registered for node name: 'rviz2_moveit'. If this is due to multiple nodes with the same name then all logs for the logger named 'rviz2_moveit' will go out over the existing publisher. As soon as any node with that name is destructed it will unregister the publisher, preventing any further logs for that name from being published on the rosout topic.
[move_group-20] [INFO] [1776876249.727421272] [move_group.moveit.moveit.plugins.simple_controller_manager]: Added FollowJointTrajectory controller for joint_trajectory_controller
[move_group-20] [INFO] [1776876249.727493718] [move_group.moveit.moveit.plugins.simple_controller_manager]: robotiq_gripper_controller will command a max effort of: 0
[move_group-20] [INFO] [1776876249.744542027] [move_group.moveit.moveit.plugins.simple_controller_manager]: Added GripperCommand controller for robotiq_gripper_controller
[move_group-20] [INFO] [1776876249.744788615] [move_group.moveit.moveit.plugins.simple_controller_manager]: Returned 2 controllers in list
[move_group-20] [INFO] [1776876249.744833745] [move_group.moveit.moveit.plugins.simple_controller_manager]: Returned 2 controllers in list
[move_group-20] [INFO] [1776876249.746876154] [move_group.moveit.moveit.ros.trajectory_execution_manager]: Trajectory execution is managing controllers
[move_group-20] [INFO] [1776876249.746918202] [move_group]: MoveGroup debug mode is ON
[move_group-20] [INFO] [1776876249.798066246] [move_group.moveit.moveit.ros.move_group.executable]: 
[move_group-20] 
[move_group-20] ********************************************************
[move_group-20] * MoveGroup using: 
[move_group-20] *     - apply_planning_scene_service
[move_group-20] *     - clear_octomap_service
[move_group-20] *     - get_group_urdf
[move_group-20] *     - load_geometry_from_file
[move_group-20] *     - CartesianPathService
[move_group-20] *     - execute_trajectory_action
[move_group-20] *     - get_planning_scene_service
[move_group-20] *     - kinematics_service
[move_group-20] *     - move_action
[move_group-20] *     - motion_plan_service
[move_group-20] *     - query_planners_service
[move_group-20] *     - state_validation_service
[move_group-20] *     - save_geometry_to_file
[move_group-20] ********************************************************
[move_group-20] 
[move_group-20] [INFO] [1776876249.798139256] [move_group.moveit.moveit.ros.move_group.context]: MoveGroup context using pipeline ompl
[move_group-20] [INFO] [1776876249.798156470] [move_group.moveit.moveit.ros.move_group.context]: MoveGroup context initialization complete
[move_group-20] [96mLoading 'move_group/ApplyPlanningSceneService'...[0m
[move_group-20] [96mLoading 'move_group/ClearOctomapService'...[0m
[move_group-20] [96mLoading 'move_group/GetUrdfService'...[0m
[move_group-20] [96mLoading 'move_group/LoadGeometryFromFileService'...[0m
[move_group-20] [96mLoading 'move_group/MoveGroupCartesianPathService'...[0m
[move_group-20] [96mLoading 'move_group/MoveGroupExecuteTrajectoryAction'...[0m
[move_group-20] [96mLoading 'move_group/MoveGroupGetPlanningSceneService'...[0m
[move_group-20] [96mLoading 'move_group/MoveGroupKinematicsService'...[0m
[move_group-20] [96mLoading 'move_group/MoveGroupMoveAction'...[0m
[move_group-20] [96mLoading 'move_group/MoveGroupPlanService'...[0m
[move_group-20] [96mLoading 'move_group/MoveGroupQueryPlannersService'...[0m
[move_group-20] [96mLoading 'move_group/MoveGroupStateValidationService'...[0m
[move_group-20] [96mLoading 'move_group/SaveGeometryToFileService'...[0m
[move_group-20] 
[move_group-20] [92mYou can start planning now![0m
[move_group-20] 
[ros2_control_node-1] [INFO] [1776876249.816997465] [controller_manager]: Loading controller : 'twist_controller' of type 'picknik_twist_controller/PicknikTwistController'
[ros2_control_node-1] [INFO] [1776876249.817047460] [controller_manager]: Loading controller 'twist_controller'
[ros2_control_node-1] [INFO] [1776876249.822843650] [controller_manager]: Controller 'twist_controller' node arguments: --ros-args --params-file /home/carrt-cse-project/workspace/ros2_kortex_ws/install/adl_tasks/share/adl_tasks/config/ros2_controllers_vbox.yaml --params-file /tmp/launch_params_bn9domu3 
[scene_static-7] [INFO] [1776876249.836019900] [scene_static_node]: Planning scene service available. Building static scene...
[scene_static-7] [INFO] [1776876249.843208576] [scene_static_node]: Static scene built: 25 objects added to MoveIt planning scene.
[spawner-17] [INFO] [1776876249.881561202] [spawner_twist_controller]: Loaded twist_controller
[ros2_control_node-1] [INFO] [1776876249.884504245] [controller_manager]: Configuring controller: 'twist_controller'
[ros2_control_node-1] [INFO] [1776876249.888604315] [twist_controller]: configure successful
[adl_ui-15] 127.0.0.1 - - [22/Apr/2026 12:44:09] "GET /status_json HTTP/1.1" 200 -
[spawner-19] [INFO] [1776876250.067710781] [spawner_fault_controller]: waiting for service /controller_manager/list_controllers to become available...
[INFO] [spawner-17]: process has finished cleanly [pid 171232]
[ros2_control_node-1] [WARN] [1776876250.494111242] [controller_manager]: Overrun detected! The controller manager missed its desired rate of 1000 Hz. The loop took 2.481654 ms (missed cycles : 3).
[ros2_control_node-1] [WARN] [1776876250.534294405] [controller_manager]: Overrun might occur, Total time : 2649.232 us (Expected < 1000.000 us) --> Read time : 15.400 us, Update time : 138.215 us, Write time : 2495.617 us
[adl_ui-15] 127.0.0.1 - - [22/Apr/2026 12:44:10] "GET /status_json HTTP/1.1" 200 -
[vision_apriltag-9] [INFO] [1776876250.760335576] [vision_apriltag_node]: Vision AprilTag: images are arriving on /wrist_mounted_camera/image, but no AprilTags have been detected yet.
[adl_ui-15] 127.0.0.1 - - [22/Apr/2026 12:44:11] "GET /status_json HTTP/1.1" 200 -
[ros2_control_node-1] [WARN] [1776876251.497853073] [controller_manager]: Overrun detected! The controller manager missed its desired rate of 1000 Hz. The loop took 4.223919 ms (missed cycles : 5).
[ros2_control_node-1] [WARN] [1776876251.535954904] [controller_manager]: Overrun might occur, Total time : 2308.567 us (Expected < 1000.000 us) --> Read time : 43.453 us, Update time : 190.070 us, Write time : 2075.044 us
[wrist_camera_usb_publisher-8] [INFO] [1776876251.916678949] [wrist_camera_usb_publisher_node]: USB camera publisher heartbeat: publishing 1280x720 frames on /wrist_mounted_camera/image; camera_info fx=920.87, fy=921.57, cx=644.76, cy=343.15.
[adl_ui-15] 127.0.0.1 - - [22/Apr/2026 12:44:12] "GET /status_json HTTP/1.1" 200 -
[ros2_control_node-1] [INFO] [1776876252.322666304] [controller_manager]: Loading controller : 'fault_controller' of type 'picknik_reset_fault_controller/PicknikResetFaultController'
[ros2_control_node-1] [INFO] [1776876252.322703861] [controller_manager]: Loading controller 'fault_controller'
[ros2_control_node-1] [INFO] [1776876252.325334398] [controller_manager]: Controller 'fault_controller' node arguments: --ros-args --params-file /home/carrt-cse-project/workspace/ros2_kortex_ws/install/adl_tasks/share/adl_tasks/config/ros2_controllers_vbox.yaml --params-file /tmp/launch_params_bn9domu3 
[spawner-19] [INFO] [1776876252.366029825] [spawner_fault_controller]: Loaded fault_controller
[ros2_control_node-1] [INFO] [1776876252.368549563] [controller_manager]: Configuring controller: 'fault_controller'
[ros2_control_node-1] [INFO] [1776876252.379452260] [controller_manager]: Activating controllers: [ fault_controller ]
[ros2_control_node-1] [WARN] [1776876252.501328495] [controller_manager]: Overrun detected! The controller manager missed its desired rate of 1000 Hz. The loop took 2.699279 ms (missed cycles : 3).
[ros2_control_node-1] [WARN] [1776876252.537395482] [controller_manager]: Overrun might occur, Total time : 2731.743 us (Expected < 1000.000 us) --> Read time : 73.223 us, Update time : 354.340 us, Write time : 2304.180 us
[ros2_control_node-1] [INFO] [1776876252.587963829] [controller_manager]: Successfully switched controllers!
[ros2_control_node-1] [WARN] [1776876252.589978081] [controller_manager]: Overrun might occur, Total time : 8318.818 us (Expected < 1000.000 us) --> Read time : 69.644 us, Update time : 5760.246 us (Switch time : 5497.274 us (Switch chained mode time : 1.510 us, perform mode change time : 27.108 us, Activation time : 5456.521 us, Deactivation time : 0.746 us)), Write time : 2488.928 us
[spawner-19] [INFO] [1776876252.595051121] [spawner_fault_controller]: Configured and activated fault_controller
[INFO] [spawner-19]: process has finished cleanly [pid 171234]
[rviz2-21] [ERROR] [1776876252.826195863] [rviz2_moveit.moveit.ros.motion_planning_frame]: Action server: /recognize_objects not available
[rviz2-21] [INFO] [1776876252.870290900] [rviz2_moveit.moveit.ros.motion_planning_frame]: MoveGroup namespace changed: / -> . Reloading params.
[vision_apriltag-9] [INFO] [1776876252.938070890] [vision_apriltag_node]: Vision AprilTag detection debug: no tags found after raw/CLAHE/sharp/adaptive/upscaled/tiled passes.
[adl_ui-15] 127.0.0.1 - - [22/Apr/2026 12:44:12] "GET /status_json HTTP/1.1" 200 -
[rviz2-21] [INFO] [1776876252.940330665] [rviz2_moveit.moveit.ros.rdf_loader]: Loaded robot model in 0.0140561 seconds
[rviz2-21] [INFO] [1776876252.940531796] [rviz2_moveit.moveit.core.robot_model]: Loading robot model 'gen3'...
[rviz2-21] [INFO] [1776876252.940614460] [rviz2_moveit.moveit.core.robot_model]: No root/virtual joint specified in SRDF. Assuming fixed joint
[vision_apriltag-9] [INFO] [1776876252.951101053] [vision_apriltag_node]: Vision AprilTag: images are arriving on /wrist_mounted_camera/image, but no AprilTags have been detected yet.
[rviz2-21] [INFO] [1776876253.145583818] [rviz2_moveit.moveit.kinematics.kdl_kinematics_plugin]: Joint weights for group 'manipulator': 1 1 1 1 1 1 1
[ros2_control_node-1] [WARN] [1776876253.502793046] [controller_manager]: Overrun detected! The controller manager missed its desired rate of 1000 Hz. The loop took 3.163299 ms (missed cycles : 4).
[rviz2-21] [INFO] [1776876253.532734334] [rviz2_moveit.moveit.ros.planning_scene_monitor]: Starting planning scene monitor
[rviz2-21] [INFO] [1776876253.533812743] [rviz2_moveit.moveit.ros.planning_scene_monitor]: Listening to '/monitored_planning_scene'
[ros2_control_node-1] [WARN] [1776876253.540468425] [controller_manager]: Overrun might occur, Total time : 2788.501 us (Expected < 1000.000 us) --> Read time : 34.165 us, Update time : 176.354 us, Write time : 2577.982 us
[adl_ui-15] 127.0.0.1 - - [22/Apr/2026 12:44:13] "GET /status_json HTTP/1.1" 200 -
[rviz2-21] [INFO] [1776876253.813171608] [interactive_marker_display_107922848350640]: Connected on namespace: /rviz_moveit_motion_planning_display/robot_interaction_interactive_marker_topic
[rviz2-21] [INFO] [1776876253.820568747] [rviz2_moveit.moveit.ros.robot_interaction]: No active joints or end effectors found for group 'gripper'. Make sure that kinematics.yaml is loaded in this node's namespace.
[rviz2-21] [INFO] [1776876253.821368775] [rviz2_moveit.moveit.ros.robot_interaction]: No active joints or end effectors found for group 'gripper'. Make sure that kinematics.yaml is loaded in this node's namespace.
[rviz2-21] [INFO] [1776876253.828324068] [rviz2_moveit.moveit.ros.motion_planning_frame]: group gripper
[rviz2-21] [INFO] [1776876253.828368105] [rviz2_moveit.moveit.ros.motion_planning_frame]: Constructing new MoveGroup connection for group 'gripper' in namespace ''
[rviz2-21] [INFO] [1776876253.842142119] [interactive_marker_display_107922848350640]: Sending request for interactive markers
[rviz2-21] [INFO] [1776876253.875977145] [interactive_marker_display_107922848350640]: Service response received for initialization
[rviz2-21] [INFO] [1776876253.878297853] [rviz2_moveit.moveit.ros.move_group_interface]: Ready to take commands for planning group gripper.
[rviz2-21] [INFO] [1776876253.883837911] [rviz2_moveit.moveit.ros.motion_planning_frame]: group gripper
[adl_ui-15] 127.0.0.1 - - [22/Apr/2026 12:44:14] "GET /status_json HTTP/1.1" 200 -
[ros2_control_node-1] [WARN] [1776876254.503811137] [controller_manager]: Overrun detected! The controller manager missed its desired rate of 1000 Hz. The loop took 3.182709 ms (missed cycles : 4).
[ros2_control_node-1] [WARN] [1776876254.540835883] [controller_manager]: Overrun might occur, Total time : 3179.404 us (Expected < 1000.000 us) --> Read time : 53.399 us, Update time : 244.547 us, Write time : 2881.458 us
[vision_apriltag-9] [INFO] [1776876254.752551842] [vision_apriltag_node]: Vision AprilTag: images are arriving on /wrist_mounted_camera/image, but no AprilTags have been detected yet.
[adl_ui-15] 127.0.0.1 - - [22/Apr/2026 12:44:15] "GET /status_json HTTP/1.1" 200 -
[ros2_control_node-1] [WARN] [1776876255.505279036] [controller_manager]: Overrun detected! The controller manager missed its desired rate of 1000 Hz. The loop took 2.649521 ms (missed cycles : 3).
[ros2_control_node-1] [WARN] [1776876255.542141867] [controller_manager]: Overrun might occur, Total time : 2496.166 us (Expected < 1000.000 us) --> Read time : 16.618 us, Update time : 127.977 us, Write time : 2351.571 us
[adl_ui-15] 127.0.0.1 - - [22/Apr/2026 12:44:15] "GET /status_json HTTP/1.1" 200 -
[ros2_control_node-1] [WARN] [1776876256.507723926] [controller_manager]: Overrun detected! The controller manager missed its desired rate of 1000 Hz. The loop took 3.094927 ms (missed cycles : 4).
[ros2_control_node-1] [WARN] [1776876256.545203341] [controller_manager]: Overrun might occur, Total time : 2537.136 us (Expected < 1000.000 us) --> Read time : 80.732 us, Update time : 336.726 us, Write time : 2119.678 us
[adl_ui-15] 127.0.0.1 - - [22/Apr/2026 12:44:16] "GET /status_json HTTP/1.1" 200 -
[vision_apriltag-9] [INFO] [1776876256.752370637] [vision_apriltag_node]: Vision AprilTag: images are arriving on /wrist_mounted_camera/image, but no AprilTags have been detected yet.
[wrist_camera_usb_publisher-8] [INFO] [1776876257.076360124] [wrist_camera_usb_publisher_node]: USB camera publisher heartbeat: publishing 1280x720 frames on /wrist_mounted_camera/image; camera_info fx=920.87, fy=921.57, cx=644.76, cy=343.15.
[adl_ui-15] 127.0.0.1 - - [22/Apr/2026 12:44:17] "GET /status_json HTTP/1.1" 200 -
[ros2_control_node-1] [WARN] [1776876257.512032658] [controller_manager]: Overrun detected! The controller manager missed its desired rate of 1000 Hz. The loop took 3.402212 ms (missed cycles : 4).
[ros2_control_node-1] [WARN] [1776876257.546416175] [controller_manager]: Overrun might occur, Total time : 2765.090 us (Expected < 1000.000 us) --> Read time : 38.568 us, Update time : 224.866 us, Write time : 2501.656 us
[adl_ui-15] 127.0.0.1 - - [22/Apr/2026 12:44:18] "GET /status_json HTTP/1.1" 200 -
[vision_apriltag-9] [INFO] [1776876258.380672335] [vision_apriltag_node]: Vision AprilTag detection debug: no tags found after raw/CLAHE/sharp/adaptive/upscaled/tiled passes.
[ros2_control_node-1] [WARN] [1776876258.514721387] [controller_manager]: Overrun detected! The controller manager missed its desired rate of 1000 Hz. The loop took 3.092247 ms (missed cycles : 4).
[ros2_control_node-1] [WARN] [1776876258.548717230] [controller_manager]: Overrun might occur, Total time : 3057.670 us (Expected < 1000.000 us) --> Read time : 97.188 us, Update time : 268.564 us, Write time : 2691.918 us
[adl_ui-15] 127.0.0.1 - - [22/Apr/2026 12:44:18] "GET /status_json HTTP/1.1" 200 -
[vision_apriltag-9] [INFO] [1776876259.032672462] [vision_apriltag_node]: Vision AprilTag: images are arriving on /wrist_mounted_camera/image, but no AprilTags have been detected yet.
[ros2_control_node-1] [WARN] [1776876259.515975089] [controller_manager]: Overrun detected! The controller manager missed its desired rate of 1000 Hz. The loop took 3.346086 ms (missed cycles : 4).
[ros2_control_node-1] [WARN] [1776876259.549264751] [controller_manager]: Overrun might occur, Total time : 3562.469 us (Expected < 1000.000 us) --> Read time : 75.868 us, Update time : 595.876 us, Write time : 2890.725 us
[adl_ui-15] 127.0.0.1 - - [22/Apr/2026 12:44:19] "GET /status_json HTTP/1.1" 200 -
[adl_ui-15] 127.0.0.1 - - [22/Apr/2026 12:44:20] "GET /status_json HTTP/1.1" 200 -
[ros2_control_node-1] [WARN] [1776876260.516715606] [controller_manager]: Overrun detected! The controller manager missed its desired rate of 1000 Hz. The loop took 3.086394 ms (missed cycles : 4).
[ros2_control_node-1] [WARN] [1776876260.550203573] [controller_manager]: Overrun might occur, Total time : 2530.550 us (Expected < 1000.000 us) --> Read time : 36.809 us, Update time : 196.287 us, Write time : 2297.454 us
[vision_apriltag-9] [INFO] [1776876260.754427892] [vision_apriltag_node]: Vision AprilTag: images are arriving on /wrist_mounted_camera/image, but no AprilTags have been detected yet.
[adl_ui-15] 127.0.0.1 - - [22/Apr/2026 12:44:21] "GET /status_json HTTP/1.1" 200 -
[ros2_control_node-1] [WARN] [1776876261.517614374] [controller_manager]: Overrun detected! The controller manager missed its desired rate of 1000 Hz. The loop took 2.982544 ms (missed cycles : 3).
[ros2_control_node-1] [WARN] [1776876261.552617171] [controller_manager]: Overrun might occur, Total time : 2963.877 us (Expected < 1000.000 us) --> Read time : 53.451 us, Update time : 351.397 us, Write time : 2559.029 us
[adl_ui-15] 127.0.0.1 - - [22/Apr/2026 12:44:21] "GET /status_json HTTP/1.1" 200 -
[wrist_camera_usb_publisher-8] [INFO] [1776876262.238262631] [wrist_camera_usb_publisher_node]: USB camera publisher heartbeat: publishing 1280x720 frames on /wrist_mounted_camera/image; camera_info fx=920.87, fy=921.57, cx=644.76, cy=343.15.
[ros2_control_node-1] [WARN] [1776876262.520548365] [controller_manager]: Overrun detected! The controller manager missed its desired rate of 1000 Hz. The loop took 2.918748 ms (missed cycles : 3).
[ros2_control_node-1] [WARN] [1776876262.554153634] [controller_manager]: Overrun might occur, Total time : 3491.156 us (Expected < 1000.000 us) --> Read time : 45.523 us, Update time : 254.178 us, Write time : 3191.455 us
[adl_ui-15] 127.0.0.1 - - [22/Apr/2026 12:44:22] "GET /status_json HTTP/1.1" 200 -
[vision_apriltag-9] [INFO] [1776876263.036480998] [vision_apriltag_node]: Vision AprilTag: images are arriving on /wrist_mounted_camera/image, but no AprilTags have been detected yet.
[vision_apriltag-9] [INFO] [1776876263.434367123] [vision_apriltag_node]: Vision AprilTag detection debug: no tags found after raw/CLAHE/sharp/adaptive/upscaled/tiled passes.
[adl_ui-15] 127.0.0.1 - - [22/Apr/2026 12:44:23] "GET /status_json HTTP/1.1" 200 -
[ros2_control_node-1] [WARN] [1776876263.522208477] [controller_manager]: Overrun detected! The controller manager missed its desired rate of 1000 Hz. The loop took 2.578913 ms (missed cycles : 3).
[ros2_control_node-1] [WARN] [1776876263.555186201] [controller_manager]: Overrun might occur, Total time : 2518.916 us (Expected < 1000.000 us) --> Read time : 48.680 us, Update time : 227.476 us, Write time : 2242.760 us
[adl_ui-15] 127.0.0.1 - - [22/Apr/2026 12:44:24] "GET /status_json HTTP/1.1" 200 -
[ros2_control_node-1] [WARN] [1776876264.522586766] [controller_manager]: Overrun detected! The controller manager missed its desired rate of 1000 Hz. The loop took 2.957729 ms (missed cycles : 3).
[ros2_control_node-1] [WARN] [1776876264.555643215] [controller_manager]: Overrun might occur, Total time : 2989.103 us (Expected < 1000.000 us) --> Read time : 56.412 us, Update time : 251.688 us, Write time : 2681.003 us
[vision_apriltag-9] [INFO] [1776876264.763922753] [vision_apriltag_node]: Vision AprilTag: images are arriving on /wrist_mounted_camera/image, but no AprilTags have been detected yet.
[adl_ui-15] 127.0.0.1 - - [22/Apr/2026 12:44:24] "GET /status_json HTTP/1.1" 200 -
[ros2_control_node-1] [WARN] [1776876265.523488815] [controller_manager]: Overrun detected! The controller manager missed its desired rate of 1000 Hz. The loop took 2.859544 ms (missed cycles : 3).
[ros2_control_node-1] [WARN] [1776876265.557581957] [controller_manager]: Overrun might occur, Total time : 2933.980 us (Expected < 1000.000 us) --> Read time : 51.012 us, Update time : 226.888 us, Write time : 2656.080 us
[adl_ui-15] 127.0.0.1 - - [22/Apr/2026 12:44:25] "GET /status_json HTTP/1.1" 200 -
[adl_ui-15] 127.0.0.1 - - [22/Apr/2026 12:44:26] "GET /status_json HTTP/1.1" 200 -
[ros2_control_node-1] [WARN] [1776876266.524775342] [controller_manager]: Overrun detected! The controller manager missed its desired rate of 1000 Hz. The loop took 3.144807 ms (missed cycles : 4).
[ros2_control_node-1] [WARN] [1776876266.558038536] [controller_manager]: Overrun might occur, Total time : 2390.020 us (Expected < 1000.000 us) --> Read time : 47.095 us, Update time : 246.587 us, Write time : 2096.338 us
[vision_apriltag-9] [INFO] [1776876266.751895559] [vision_apriltag_node]: Vision AprilTag: images are arriving on /wrist_mounted_camera/image, but no AprilTags have been detected yet.
[adl_ui-15] 127.0.0.1 - - [22/Apr/2026 12:44:27] "GET /status_json HTTP/1.1" 200 -
[wrist_camera_usb_publisher-8] [INFO] [1776876267.404669405] [wrist_camera_usb_publisher_node]: USB camera publisher heartbeat: publishing 1280x720 frames on /wrist_mounted_camera/image; camera_info fx=920.87, fy=921.57, cx=644.76, cy=343.15.
[ros2_control_node-1] [WARN] [1776876267.526727140] [controller_manager]: Overrun detected! The controller manager missed its desired rate of 1000 Hz. The loop took 3.097535 ms (missed cycles : 4).
[ros2_control_node-1] [WARN] [1776876267.558671605] [controller_manager]: Overrun might occur, Total time : 3013.006 us (Expected < 1000.000 us) --> Read time : 95.666 us, Update time : 327.730 us, Write time : 2589.610 us
[adl_ui-15] 127.0.0.1 - - [22/Apr/2026 12:44:27] "GET /status_json HTTP/1.1" 200 -
[ros2_control_node-1] [WARN] [1776876268.529232367] [controller_manager]: Overrun detected! The controller manager missed its desired rate of 1000 Hz. The loop took 2.603091 ms (missed cycles : 3).
[ros2_control_node-1] [WARN] [1776876268.559513976] [controller_manager]: Overrun might occur, Total time : 2855.442 us (Expected < 1000.000 us) --> Read time : 67.418 us, Update time : 353.735 us, Write time : 2434.289 us
[adl_ui-15] 127.0.0.1 - - [22/Apr/2026 12:44:28] "GET /status_json HTTP/1.1" 200 -
[vision_apriltag-9] [INFO] [1776876268.806149323] [vision_apriltag_node]: Vision AprilTag detection debug: no tags found after raw/CLAHE/sharp/adaptive/upscaled/tiled passes.
[vision_apriltag-9] [INFO] [1776876268.811319854] [vision_apriltag_node]: Vision AprilTag: images are arriving on /wrist_mounted_camera/image, but no AprilTags have been detected yet.
[adl_ui-15] 127.0.0.1 - - [22/Apr/2026 12:44:29] "GET /status_json HTTP/1.1" 200 -
[ros2_control_node-1] [WARN] [1776876269.530866451] [controller_manager]: Overrun detected! The controller manager missed its desired rate of 1000 Hz. The loop took 3.237494 ms (missed cycles : 4).
[ros2_control_node-1] [WARN] [1776876269.560789462] [controller_manager]: Overrun might occur, Total time : 3116.345 us (Expected < 1000.000 us) --> Read time : 79.606 us, Update time : 320.495 us, Write time : 2716.244 us
[adl_ui-15] 127.0.0.1 - - [22/Apr/2026 12:44:30] "GET /status_json HTTP/1.1" 200 -
[ros2_control_node-1] [WARN] [1776876270.531713709] [controller_manager]: Overrun detected! The controller manager missed its desired rate of 1000 Hz. The loop took 3.085201 ms (missed cycles : 4).
[ros2_control_node-1] [WARN] [1776876270.562651859] [controller_manager]: Overrun might occur, Total time : 2989.191 us (Expected < 1000.000 us) --> Read time : 74.499 us, Update time : 233.913 us, Write time : 2680.779 us
[vision_apriltag-9] [INFO] [1776876270.751611331] [vision_apriltag_node]: Vision AprilTag: images are arriving on /wrist_mounted_camera/image, but no AprilTags have been detected yet.
[adl_ui-15] 127.0.0.1 - - [22/Apr/2026 12:44:30] "GET /status_json HTTP/1.1" 200 -
[ros2_control_node-1] [WARN] [1776876271.533806098] [controller_manager]: Overrun detected! The controller manager missed its desired rate of 1000 Hz. The loop took 3.176847 ms (missed cycles : 4).
[ros2_control_node-1] [WARN] [1776876271.567336901] [controller_manager]: Overrun might occur, Total time : 5652.146 us (Expected < 1000.000 us) --> Read time : 96.127 us, Update time : 448.779 us, Write time : 5107.240 us
[adl_ui-15] 127.0.0.1 - - [22/Apr/2026 12:44:31] "GET /status_json HTTP/1.1" 200 -
[adl_ui-15] 127.0.0.1 - - [22/Apr/2026 12:44:32] "GET /status_json HTTP/1.1" 200 -
[adl_ui-15] [INFO] [1776876272.524470002] [adl_ui_node]: UI command published: pick_dropped_bottle
[adl_ui-15] 127.0.0.1 - - [22/Apr/2026 12:44:32] "POST /command HTTP/1.1" 200 -
[pick_dropped_bottle-12] [INFO] [1776876272.535390738] [pick_dropped_bottle_node]: Received bottle pick command. Starting task...
[ros2_control_node-1] [WARN] [1776876272.538606695] [controller_manager]: Overrun detected! The controller manager missed its desired rate of 1000 Hz. The loop took 6.976441 ms (missed cycles : 7).
[scene_from_vision-10] [INFO] [1776876272.542324750] [scene_from_vision_node]: Scene memory cleared. Removed remembered IDs: []
[wrist_camera_usb_publisher-8] [INFO] [1776876272.563687198] [wrist_camera_usb_publisher_node]: USB camera publisher heartbeat: publishing 1280x720 frames on /wrist_mounted_camera/image; camera_info fx=920.87, fy=921.57, cx=644.76, cy=343.15.
[ros2_control_node-1] [WARN] [1776876272.568151640] [controller_manager]: Overrun might occur, Total time : 4488.984 us (Expected < 1000.000 us) --> Read time : 78.278 us, Update time : 266.704 us, Write time : 4144.002 us
[pick_dropped_bottle-12] [INFO] [1776876272.587870866] [pick_dropped_bottle_node]: Scene memory cleared. Removed remembered IDs: []
[pick_dropped_bottle-12] [INFO] [1776876272.588752159] [pick_dropped_bottle_node]: [Bottle] Pre-task snapshot joints: joint_1=+0.021, joint_2=+0.962, joint_3=+3.033, joint_4=-2.456, joint_5=-0.070, joint_6=+0.402, joint_7=+1.665
[pick_dropped_bottle-12] [INFO] [1776876272.600602291] [pick_dropped_bottle_node]: [Bottle] Pre-task snapshot ee: pos=(0.279, 0.028, 0.059), ori=(0.683, 0.727, 0.067, 0.023)
[pick_dropped_bottle-12] [INFO] [1776876272.601441708] [pick_dropped_bottle_node]: Scene LOCKED.
[scene_from_vision-10] [INFO] [1776876272.606918924] [scene_from_vision_node]: Scene LOCKED - updates paused.
[adl_ui-15] 127.0.0.1 - - [22/Apr/2026 12:44:32] "GET /status_json HTTP/1.1" 200 -
[vision_apriltag-9] [INFO] [1776876272.751342751] [vision_apriltag_node]: Vision AprilTag: scene is locked; detection publishing is paused.
[pick_dropped_bottle-12] [INFO] [1776876272.751982689] [pick_dropped_bottle_node]: look_at_ground: planning to LOOK_AT_GROUND_JOINTS...
[move_group-20] [ERROR] [1776876272.753318160] [move_group.moveit.moveit.core.conversions]: Found empty JointState message
[INFO] [launch.user]: [arm_start.launch] move_group reported an empty JointState while sanitizer mode is active. Keeping the launch alive, but this still indicates a planning-state problem. move_group output: [ERROR] [1776876272.753318160] [move_group.moveit.moveit.core.conversions]: Found empty JointState message
[pick_dropped_bottle-12] [INFO] [1776876272.758048251] [pick_dropped_bottle_node]: Start state: collision-valid — no collisions (not a joint-bounds check).
[move_group-20] [INFO] [1776876272.761993672] [move_group.moveit.moveit.ros.move_group.move_action]: MoveGroupMoveAction: Received request
[move_group-20] [INFO] [1776876272.762737754] [move_group.moveit.moveit.ros.move_group.move_action]: executing..
[move_group-20] [INFO] [1776876272.777827624] [move_group.moveit.moveit.ros.move_group.move_action]: Combined planning and execution request received for MoveGroup action. Forwarding to planning and execution pipeline.
[move_group-20] [WARN] [1776876272.777910474] [move_group.moveit.moveit.ros.move_group.capability]: Execution of motions should always start at the robot's current state. Ignoring the state supplied as start state in the motion planning request
[move_group-20] [WARN] [1776876272.777933840] [move_group.moveit.moveit.ros.move_group.capability]: Execution of motions should always start at the robot's current state. Ignoring the state supplied as difference in the planning scene diff
[move_group-20] [INFO] [1776876272.777955603] [move_group.moveit.moveit.ros.plan_execution]: Planning attempt 1 of at most 1
[move_group-20] [INFO] [1776876272.778660502] [move_group]: Calling PlanningRequestAdapter 'ResolveConstraintFrames'
[move_group-20] [INFO] [1776876272.778726003] [move_group]: Calling PlanningRequestAdapter 'ValidateWorkspaceBounds'
[move_group-20] [INFO] [1776876272.778745671] [move_group]: Calling PlanningRequestAdapter 'CheckStartStateBounds'
[move_group-20] [INFO] [1776876272.778783288] [move_group]: Calling PlanningRequestAdapter 'CheckStartStateCollision'
[move_group-20] [INFO] [1776876272.780214185] [move_group.moveit.moveit.planners.ompl.model_based_planning_context]: Planner configuration 'manipulator' will use planner 'geometric::RRTConnect'. Additional configuration parameters will be set when the planner is constructed.
[move_group-20] [INFO] [1776876272.780520707] [move_group]: Calling Planner 'OMPL'
[move_group-20] [INFO] [1776876272.837836478] [move_group]: Calling PlanningResponseAdapter 'AddTimeOptimalParameterization'
[move_group-20] [INFO] [1776876272.838217779] [move_group]: Calling PlanningResponseAdapter 'ValidateSolution'
[move_group-20] [INFO] [1776876272.838475076] [move_group]: Calling PlanningResponseAdapter 'DisplayMotionPath'
[move_group-20] [WARN] [1776876272.838597699] [move_group.moveit.moveit.ros.planning_pipeline]: The planner plugin did not fill out the 'planner_id' field of the MotionPlanResponse. Setting it to the planner ID name of the MotionPlanRequest assuming that the planner plugin does warn you if it does not use the requested planner.
[move_group-20] [INFO] [1776876272.838849868] [move_group.moveit.moveit.plugins.simple_controller_manager]: Returned 2 controllers in list
[move_group-20] [INFO] [1776876272.838891813] [move_group.moveit.moveit.plugins.simple_controller_manager]: Returned 2 controllers in list
[move_group-20] [INFO] [1776876272.839009621] [move_group.moveit.moveit.ros.trajectory_execution_manager]: Validating trajectory with allowed_start_tolerance 0.01
[move_group-20] [INFO] [1776876272.853794018] [move_group.moveit.moveit.ros.trajectory_execution_manager]: Starting trajectory execution ...
[move_group-20] [INFO] [1776876272.853863751] [move_group.moveit.moveit.plugins.simple_controller_manager]: Returned 2 controllers in list
[move_group-20] [INFO] [1776876272.853893909] [move_group.moveit.moveit.plugins.simple_controller_manager]: Returned 2 controllers in list
[move_group-20] [INFO] [1776876272.854120336] [moveit.simple_controller_manager.follow_joint_trajectory_controller_handle]: sending trajectory to joint_trajectory_controller
[ros2_control_node-1] [INFO] [1776876272.858808059] [joint_trajectory_controller]: Received new action goal
[ros2_control_node-1] [INFO] [1776876272.858908498] [joint_trajectory_controller]: Accepted new action goal
[move_group-20] [INFO] [1776876272.860247397] [moveit.simple_controller_manager.follow_joint_trajectory_controller_handle]: joint_trajectory_controller started execution
[move_group-20] [INFO] [1776876272.860313313] [moveit.simple_controller_manager.follow_joint_trajectory_controller_handle]: Goal request accepted!
[ros2_control_node-1] [INFO] [1776876273.259831338] [joint_trajectory_controller]: Goal reached, success!
[move_group-20] [INFO] [1776876273.261426339] [moveit.simple_controller_manager.follow_joint_trajectory_controller_handle]: Controller 'joint_trajectory_controller' successfully finished
[move_group-20] [INFO] [1776876273.312783955] [move_group.moveit.moveit.ros.trajectory_execution_manager]: Completed trajectory execution with status SUCCEEDED ...
[move_group-20] [INFO] [1776876273.313919408] [move_group.moveit.moveit.ros.move_group.move_action]: Solution was found and executed.
[adl_ui-15] 127.0.0.1 - - [22/Apr/2026 12:44:33] "GET /status_json HTTP/1.1" 200 -
[pick_dropped_bottle-12] [INFO] [1776876273.419788498] [pick_dropped_bottle_node]: Scene UNLOCKED.
[scene_from_vision-10] [INFO] [1776876273.421581731] [scene_from_vision_node]: Scene UNLOCKED - updates resuming.
[ros2_control_node-1] [WARN] [1776876273.538662488] [controller_manager]: Overrun detected! The controller manager missed its desired rate of 1000 Hz. The loop took 3.033358 ms (missed cycles : 4).
[ros2_control_node-1] [WARN] [1776876273.568731561] [controller_manager]: Overrun might occur, Total time : 3031.472 us (Expected < 1000.000 us) --> Read time : 56.741 us, Update time : 276.316 us, Write time : 2698.415 us
[pick_dropped_bottle-12] [INFO] [1776876273.571074871] [pick_dropped_bottle_node]: Vision ENABLED.
[pick_dropped_bottle-12] [WARN] [1776876273.573404373] [pick_dropped_bottle_node]: [Bottle] Baseline scan missed bottle. Running robust floor-scan sweep passes.
[pick_dropped_bottle-12] [INFO] [1776876273.581954743] [pick_dropped_bottle_node]: [Bottle] Floor-scan sweep configured with passes ['named_left_facing_candidate', 'named_right_facing_candidate', 'right', 'left', 'right_outer', 'left_outer', 'center_down', 'right_down', 'left_down'].
[pick_dropped_bottle-12] [WARN] [1776876273.594479119] [pick_dropped_bottle_node]: Scene memory pose for tag ID 0 unavailable. Response: Tag ID 0 is not in scene memory.. Falling back to live vision.
[vision_apriltag-9] [INFO] [1776876273.792231361] [vision_apriltag_node]: Vision AprilTag detection debug: 0:cv2.solvePnP_ippe_square:clahe_sharp@(596,499)
[vision_apriltag-9] [INFO] [1776876273.795706816] [vision_apriltag_node]: Vision AprilTag visible IDs: [0]
[vision_apriltag-9] [INFO] [1776876273.803573283] [vision_apriltag_node]: Service: Tag 0 found and base-frame pose returned.
[pick_dropped_bottle-12] [INFO] [1776876273.810938528] [pick_dropped_bottle_node]: [Bottle] Detected pose for tag 0: pos=(0.281, 0.041, -0.521), ori=(0.068, 0.007, 0.044, 0.997)
[pick_dropped_bottle-12] [INFO] [1776876273.811570597] [pick_dropped_bottle_node]: [Bottle] Floor scan summary: duration=0.24s attempted=['baseline'] skipped_or_failed=[] selected=baseline detected_pose=[0.281, 0.041, -0.521].
[pick_dropped_bottle-12] [ERROR] [1776876273.812683960] [pick_dropped_bottle_node]: [Bottle] Failed to add bottle to scene: 'MoveItHelper' object has no attribute 'get_planning_scene'
[pick_dropped_bottle-12] [ERROR] [1776876273.814616092] [pick_dropped_bottle_node]: [Bottle] Failed to add bottle to planning scene. Aborting pick.
[move_group-20] [WARN] [1776876273.819066704] [move_group.moveit.moveit.core.planning_scene]: Tried to remove world object 'obj_0', but it does not exist in this scene.
[pick_dropped_bottle-12] [INFO] [1776876273.821464516] [pick_dropped_bottle_node]: Removed collision object obj_0 from planning scene.
[adl_controller-11] [INFO] [1776876273.949111994] [adl_controller_node]: is_near_retract: current arm is not at target (worst=joint_2:1.305 rad > 0.100).
[adl_controller-11] [INFO] [1776876273.950069762] [adl_controller_node]: is_near_home: current arm is not at target (worst=joint_2:0.695 rad > 0.100).
[adl_controller-11] [INFO] [1776876273.950803383] [adl_controller_node]: go_retract: planning to RETRACT_JOINTS...
[move_group-20] [ERROR] [1776876273.951718821] [move_group.moveit.moveit.core.conversions]: Found empty JointState message
[adl_controller-11] [INFO] [1776876273.955016399] [adl_controller_node]: Start state: collision-valid — no collisions (not a joint-bounds check).
[move_group-20] [INFO] [1776876273.956339665] [move_group.moveit.moveit.ros.move_group.move_action]: MoveGroupMoveAction: Received request
[move_group-20] [INFO] [1776876273.956596066] [move_group.moveit.moveit.ros.move_group.move_action]: executing..
[move_group-20] [INFO] [1776876273.972971839] [move_group.moveit.moveit.ros.move_group.move_action]: Combined planning and execution request received for MoveGroup action. Forwarding to planning and execution pipeline.
[move_group-20] [WARN] [1776876273.973027704] [move_group.moveit.moveit.ros.move_group.capability]: Execution of motions should always start at the robot's current state. Ignoring the state supplied as start state in the motion planning request
[move_group-20] [WARN] [1776876273.973045668] [move_group.moveit.moveit.ros.move_group.capability]: Execution of motions should always start at the robot's current state. Ignoring the state supplied as difference in the planning scene diff
[move_group-20] [INFO] [1776876273.973055796] [move_group.moveit.moveit.ros.plan_execution]: Planning attempt 1 of at most 1
[move_group-20] [INFO] [1776876273.973358165] [move_group]: Calling PlanningRequestAdapter 'ResolveConstraintFrames'
[move_group-20] [INFO] [1776876273.973382484] [move_group]: Calling PlanningRequestAdapter 'ValidateWorkspaceBounds'
[move_group-20] [INFO] [1776876273.973394754] [move_group]: Calling PlanningRequestAdapter 'CheckStartStateBounds'
[move_group-20] [INFO] [1776876273.973423262] [move_group]: Calling PlanningRequestAdapter 'CheckStartStateCollision'
[move_group-20] [INFO] [1776876273.973957601] [move_group.moveit.moveit.planners.ompl.model_based_planning_context]: Planner configuration 'manipulator' will use planner 'geometric::RRTConnect'. Additional configuration parameters will be set when the planner is constructed.
[move_group-20] [INFO] [1776876273.974063308] [move_group]: Calling Planner 'OMPL'
[move_group-20] [INFO] [1776876274.060094359] [move_group]: Calling PlanningResponseAdapter 'AddTimeOptimalParameterization'
[move_group-20] [INFO] [1776876274.066681969] [move_group]: Calling PlanningResponseAdapter 'ValidateSolution'
[move_group-20] [INFO] [1776876274.068257566] [move_group]: Calling PlanningResponseAdapter 'DisplayMotionPath'
[move_group-20] [WARN] [1776876274.068429867] [move_group.moveit.moveit.ros.planning_pipeline]: The planner plugin did not fill out the 'planner_id' field of the MotionPlanResponse. Setting it to the planner ID name of the MotionPlanRequest assuming that the planner plugin does warn you if it does not use the requested planner.
[move_group-20] [INFO] [1776876274.068703846] [move_group.moveit.moveit.plugins.simple_controller_manager]: Returned 2 controllers in list
[move_group-20] [INFO] [1776876274.068732773] [move_group.moveit.moveit.plugins.simple_controller_manager]: Returned 2 controllers in list
[move_group-20] [INFO] [1776876274.068822042] [move_group.moveit.moveit.ros.trajectory_execution_manager]: Validating trajectory with allowed_start_tolerance 0.01
[move_group-20] [INFO] [1776876274.076247623] [move_group.moveit.moveit.ros.trajectory_execution_manager]: Starting trajectory execution ...
[move_group-20] [INFO] [1776876274.076330944] [move_group.moveit.moveit.plugins.simple_controller_manager]: Returned 2 controllers in list
[move_group-20] [INFO] [1776876274.076364401] [move_group.moveit.moveit.plugins.simple_controller_manager]: Returned 2 controllers in list
[move_group-20] [INFO] [1776876274.076580678] [moveit.simple_controller_manager.follow_joint_trajectory_controller_handle]: sending trajectory to joint_trajectory_controller
[ros2_control_node-1] [INFO] [1776876274.078566073] [joint_trajectory_controller]: Received new action goal
[ros2_control_node-1] [INFO] [1776876274.079568536] [joint_trajectory_controller]: Accepted new action goal
[move_group-20] [INFO] [1776876274.082810549] [moveit.simple_controller_manager.follow_joint_trajectory_controller_handle]: joint_trajectory_controller started execution
[move_group-20] [INFO] [1776876274.082848572] [moveit.simple_controller_manager.follow_joint_trajectory_controller_handle]: Goal request accepted!
[adl_ui-15] 127.0.0.1 - - [22/Apr/2026 12:44:34] "GET /status_json HTTP/1.1" 200 -
[pick_dropped_bottle-12] [INFO] [1776876274.172304546] [pick_dropped_bottle_node]: Parking arm to retract pose (scene setup failure).
[ros2_control_node-1] [WARN] [1776876274.539095774] [controller_manager]: Overrun detected! The controller manager missed its desired rate of 1000 Hz. The loop took 2.466634 ms (missed cycles : 3).
[ros2_control_node-1] [WARN] [1776876274.569594579] [controller_manager]: Overrun might occur, Total time : 2950.949 us (Expected < 1000.000 us) --> Read time : 34.881 us, Update time : 199.611 us, Write time : 2716.457 us
[adl_ui-15] 127.0.0.1 - - [22/Apr/2026 12:44:34] "GET /status_json HTTP/1.1" 200 -
[vision_apriltag-9] [INFO] [1776876274.895919003] [vision_apriltag_node]: Service: Tag 0 found and base-frame pose returned.
[ros2_control_node-1] [WARN] [1776876275.541350493] [controller_manager]: Overrun detected! The controller manager missed its desired rate of 1000 Hz. The loop took 2.721681 ms (missed cycles : 3).
[ros2_control_node-1] [WARN] [1776876275.572537305] [controller_manager]: Overrun might occur, Total time : 2885.444 us (Expected < 1000.000 us) --> Read time : 38.010 us, Update time : 247.083 us, Write time : 2600.351 us
[adl_ui-15] 127.0.0.1 - - [22/Apr/2026 12:44:35] "GET /status_json HTTP/1.1" 200 -
[vision_apriltag-9] [INFO] [1776876276.051253811] [vision_apriltag_node]: Service: Tag 0 found and base-frame pose returned.
[pick_dropped_bottle-12] [WARN] [1776876276.221463696] [pick_dropped_bottle_node]: wait_for_settle: timed out; arm may still be moving.
[pick_dropped_bottle-12] [INFO] [1776876276.222134455] [pick_dropped_bottle_node]: go_retract: planning to RETRACT_JOINTS...
[move_group-20] [ERROR] [1776876276.224786056] [move_group.moveit.moveit.core.conversions]: Found empty JointState message
[pick_dropped_bottle-12] [INFO] [1776876276.231107525] [pick_dropped_bottle_node]: Start state: collision-valid — no collisions (not a joint-bounds check).
[move_group-20] [INFO] [1776876276.232380270] [move_group.moveit.moveit.ros.move_group.move_action]: MoveGroupMoveAction: Received request
[move_group-20] [INFO] [1776876276.234193761] [move_group.moveit.moveit.ros.move_group.move_action]: executing..
[move_group-20] [INFO] [1776876276.256811066] [move_group.moveit.moveit.ros.move_group.move_action]: Combined planning and execution request received for MoveGroup action. Forwarding to planning and execution pipeline.
[move_group-20] [WARN] [1776876276.256880373] [move_group.moveit.moveit.ros.move_group.capability]: Execution of motions should always start at the robot's current state. Ignoring the state supplied as start state in the motion planning request
[move_group-20] [WARN] [1776876276.256904391] [move_group.moveit.moveit.ros.move_group.capability]: Execution of motions should always start at the robot's current state. Ignoring the state supplied as difference in the planning scene diff
[move_group-20] [INFO] [1776876276.256916920] [move_group.moveit.moveit.ros.plan_execution]: Planning attempt 1 of at most 1
[move_group-20] [INFO] [1776876276.257262100] [move_group]: Calling PlanningRequestAdapter 'ResolveConstraintFrames'
[move_group-20] [INFO] [1776876276.257293659] [move_group]: Calling PlanningRequestAdapter 'ValidateWorkspaceBounds'
[move_group-20] [INFO] [1776876276.257311793] [move_group]: Calling PlanningRequestAdapter 'CheckStartStateBounds'
[move_group-20] [INFO] [1776876276.257333651] [move_group]: Calling PlanningRequestAdapter 'CheckStartStateCollision'
[move_group-20] [INFO] [1776876276.257961871] [move_group.moveit.moveit.planners.ompl.model_based_planning_context]: Planner configuration 'manipulator' will use planner 'geometric::RRTConnect'. Additional configuration parameters will be set when the planner is constructed.
[move_group-20] [INFO] [1776876276.258067657] [move_group]: Calling Planner 'OMPL'
[move_group-20] [INFO] [1776876276.321358902] [move_group]: Calling PlanningResponseAdapter 'AddTimeOptimalParameterization'
[move_group-20] [INFO] [1776876276.324494447] [move_group]: Calling PlanningResponseAdapter 'ValidateSolution'
[move_group-20] [INFO] [1776876276.325594900] [move_group]: Calling PlanningResponseAdapter 'DisplayMotionPath'
[move_group-20] [WARN] [1776876276.325749847] [move_group.moveit.moveit.ros.planning_pipeline]: The planner plugin did not fill out the 'planner_id' field of the MotionPlanResponse. Setting it to the planner ID name of the MotionPlanRequest assuming that the planner plugin does warn you if it does not use the requested planner.
[move_group-20] [ERROR] [1776876276.325897525] [move_group.moveit.moveit.ros.trajectory_execution_manager]: Cannot push a new trajectory while another is being executed
[move_group-20] [ERROR] [1776876276.325941895] [move_group.moveit.moveit.ros.plan_execution]: Apparently trajectory initialization failed
[move_group-20] [INFO] [1776876276.326006740] [move_group.moveit.moveit.ros.move_group.move_action]: CONTROL_FAILED
[move_group-20] [INFO] [1776876276.326408406] [move_group.moveit.moveit.ros.move_group.move_action]: Solution was found and executed.
[pick_dropped_bottle-12] [ERROR] [1776876276.334966965] [pick_dropped_bottle_node]: MoveGroup execution failed.
[pick_dropped_bottle-12]   error_code.val = -4
[pick_dropped_bottle-12]   group_name      = manipulator
[pick_dropped_bottle-12]   num_attempts    = 10
[pick_dropped_bottle-12]   allowed_time    = 15.0
[pick_dropped_bottle-12]   vel_scale       = 0.25
[pick_dropped_bottle-12]   accel_scale     = 0.25
[pick_dropped_bottle-12] If this persists, check move_group / controller logs for the meaning of this code (often control abort, invalid start state, or planning pipeline failure).
[pick_dropped_bottle-12] [WARN] [1776876276.338739352] [pick_dropped_bottle_node]: _recover_after_failure(): MoveGroup error_code=-4
[adl_ui-15] 127.0.0.1 - - [22/Apr/2026 12:44:36] "GET /status_json HTTP/1.1" 200 -
[ros2_control_node-1] [WARN] [1776876276.542606071] [controller_manager]: Overrun detected! The controller manager missed its desired rate of 1000 Hz. The loop took 2.976891 ms (missed cycles : 3).
[ros2_control_node-1] [WARN] [1776876276.573652691] [controller_manager]: Overrun might occur, Total time : 3002.662 us (Expected < 1000.000 us) --> Read time : 41.319 us, Update time : 310.012 us, Write time : 2651.331 us
[vision_apriltag-9] [INFO] [1776876276.850884299] [vision_apriltag_node]: Service: Tag 0 found and base-frame pose returned.
[adl_ui-15] 127.0.0.1 - - [22/Apr/2026 12:44:37] "GET /status_json HTTP/1.1" 200 -
[ros2_control_node-1] [WARN] [1776876277.543180779] [controller_manager]: Overrun detected! The controller manager missed its desired rate of 1000 Hz. The loop took 2.551672 ms (missed cycles : 3).
[ros2_control_node-1] [WARN] [1776876277.574176535] [controller_manager]: Overrun might occur, Total time : 2505.279 us (Expected < 1000.000 us) --> Read time : 38.828 us, Update time : 193.614 us, Write time : 2272.837 us
[wrist_camera_usb_publisher-8] [INFO] [1776876277.723674577] [wrist_camera_usb_publisher_node]: USB camera publisher heartbeat: publishing 1280x720 frames on /wrist_mounted_camera/image; camera_info fx=920.87, fy=921.57, cx=644.76, cy=343.15.
[vision_apriltag-9] [INFO] [1776876277.761200580] [vision_apriltag_node]: Service: Tag 0 found and base-frame pose returned.
[adl_ui-15] 127.0.0.1 - - [22/Apr/2026 12:44:37] "GET /status_json HTTP/1.1" 200 -
[ros2_control_node-1] [INFO] [1776876278.406832370] [joint_trajectory_controller]: Goal reached, success!
[move_group-20] [INFO] [1776876278.480577350] [moveit.simple_controller_manager.follow_joint_trajectory_controller_handle]: Controller 'joint_trajectory_controller' successfully finished
[move_group-20] Stack trace (most recent call last) in thread 171743:
[move_group-20] #5    Object "/usr/lib/x86_64-linux-gnu/ld-linux-x86-64.so.2", at 0xffffffffffffffff, in 
[ros2_control_node-1] [WARN] [1776876278.545101847] [controller_manager]: Overrun detected! The controller manager missed its desired rate of 1000 Hz. The loop took 5.472380 ms (missed cycles : 6).
[move_group-20] #4    Source "../sysdeps/unix/sysv/linux/x86_64/clone3.S", line 78, in clone3 [0x72ea84b29c6b]
[move_group-20] #3    Source "./nptl/pthread_create.c", line 447, in start_thread [0x72ea84a9caa3]
[ros2_control_node-1] [WARN] [1776876278.574519156] [controller_manager]: Overrun might occur, Total time : 2866.434 us (Expected < 1000.000 us) --> Read time : 59.165 us, Update time : 227.281 us, Write time : 2579.988 us
[move_group-20] #2    Object "/usr/lib/x86_64-linux-gnu/libstdc++.so.6.0.33", at 0x72ea84eecdb3, in 
[move_group-20] #1    Object "/opt/ros/jazzy/lib/libmoveit_trajectory_execution_manager.so.2.12.4", at 0x72ea84c98429, in trajectory_execution_manager::TrajectoryExecutionManager::executeThread(std::function<void (moveit_controller_manager::ExecutionStatus const&)> const&, std::function<void (unsigned long)> const&, bool)
[move_group-20] #0    Object "/opt/ros/jazzy/lib/libmoveit_plan_execution.so.2.12.4", at 0x72ea8547d79a, in plan_execution::PlanExecution::successfulTrajectorySegmentExecution(plan_execution::ExecutableMotionPlan const&, unsigned long)
[move_group-20] Segmentation fault (Address not mapped to object [0x2d])
[adl_ui-15] 127.0.0.1 - - [22/Apr/2026 12:44:38] "GET /status_json HTTP/1.1" 200 -
[scene_from_vision-10] [INFO] [1776876278.662128691] [scene_from_vision_node]: Scene memory cleared. Removed remembered IDs: []
[vision_apriltag-9] [INFO] [1776876278.751492511] [vision_apriltag_node]: Vision AprilTag: images are arriving, but no AprilTag has been seen for 3.3s.
[vision_apriltag-9] [INFO] [1776876278.758475525] [vision_apriltag_node]: Service: Tag 0 found and base-frame pose returned.
[vision_apriltag-9] [INFO] [1776876279.325524295] [vision_apriltag_node]: Vision AprilTag detection debug: no tags found after raw/CLAHE/sharp/adaptive/upscaled/tiled passes.
[adl_ui-15] 127.0.0.1 - - [22/Apr/2026 12:44:39] "GET /status_json HTTP/1.1" 200 -
[ros2_control_node-1] [WARN] [1776876279.547825711] [controller_manager]: Overrun detected! The controller manager missed its desired rate of 1000 Hz. The loop took 3.195552 ms (missed cycles : 4).
[ros2_control_node-1] [WARN] [1776876279.575686352] [controller_manager]: Overrun might occur, Total time : 3032.924 us (Expected < 1000.000 us) --> Read time : 45.850 us, Update time : 220.657 us, Write time : 2766.417 us
[pick_dropped_bottle-12] [WARN] [1776876279.661215196] [pick_dropped_bottle_node]: go_retract failed; trying go_home fallback.
[pick_dropped_bottle-12] [INFO] [1776876279.661836621] [pick_dropped_bottle_node]: go_home: planning to HOME_JOINTS...
[vision_apriltag-9] [INFO] [1776876279.759588503] [vision_apriltag_node]: Service: Tag 0 found and base-frame pose returned.
[ERROR] [move_group-20]: process has died [pid 171393, exit code -11, cmd '/opt/ros/jazzy/lib/moveit_ros_move_group/move_group --ros-args --params-file /tmp/launch_params_7krn60in --params-file /tmp/launch_params_kk2wclo9 -r /joint_states:=/joint_states_sanitized'].
[adl_ui-15] 127.0.0.1 - - [22/Apr/2026 12:44:40] "GET /status_json HTTP/1.1" 200 -
[ros2_control_node-1] [WARN] [1776876280.549780320] [controller_manager]: Overrun detected! The controller manager missed its desired rate of 1000 Hz. The loop took 3.150512 ms (missed cycles : 4).
[ros2_control_node-1] [WARN] [1776876280.576013213] [controller_manager]: Overrun might occur, Total time : 3324.094 us (Expected < 1000.000 us) --> Read time : 111.620 us, Update time : 457.348 us, Write time : 2755.126 us
[vision_apriltag-9] [INFO] [1776876280.757483730] [vision_apriltag_node]: Service: Tag 0 found and base-frame pose returned.
[adl_ui-15] 127.0.0.1 - - [22/Apr/2026 12:44:40] "GET /status_json HTTP/1.1" 200 -
[ros2_control_node-1] [WARN] [1776876281.554309522] [controller_manager]: Overrun detected! The controller manager missed its desired rate of 1000 Hz. The loop took 4.680416 ms (missed cycles : 5).
[ros2_control_node-1] [WARN] [1776876281.579915375] [controller_manager]: Overrun might occur, Total time : 3266.701 us (Expected < 1000.000 us) --> Read time : 38.996 us, Update time : 211.693 us, Write time : 3016.012 us
[adl_ui-15] 127.0.0.1 - - [22/Apr/2026 12:44:41] "GET /status_json HTTP/1.1" 200 -
[vision_apriltag-9] [INFO] [1776876281.759454489] [vision_apriltag_node]: Service: Tag 0 found and base-frame pose returned.
[adl_ui-15] 127.0.0.1 - - [22/Apr/2026 12:44:42] "GET /status_json HTTP/1.1" 200 -
[ros2_control_node-1] [WARN] [1776876282.555708467] [controller_manager]: Overrun detected! The controller manager missed its desired rate of 1000 Hz. The loop took 4.078482 ms (missed cycles : 5).
[ros2_control_node-1] [WARN] [1776876282.580031435] [controller_manager]: Overrun might occur, Total time : 2385.785 us (Expected < 1000.000 us) --> Read time : 36.529 us, Update time : 181.154 us, Write time : 2168.102 us
[vision_apriltag-9] [INFO] [1776876282.761606628] [vision_apriltag_node]: Service: Tag 0 found and base-frame pose returned.
[wrist_camera_usb_publisher-8] [INFO] [1776876282.880580394] [wrist_camera_usb_publisher_node]: USB camera publisher heartbeat: publishing 1280x720 frames on /wrist_mounted_camera/image; camera_info fx=920.87, fy=921.57, cx=644.76, cy=343.15.
[adl_ui-15] 127.0.0.1 - - [22/Apr/2026 12:44:43] "GET /status_json HTTP/1.1" 200 -
[ros2_control_node-1] [WARN] [1776876283.555889166] [controller_manager]: Overrun detected! The controller manager missed its desired rate of 1000 Hz. The loop took 3.257046 ms (missed cycles : 4).
[ros2_control_node-1] [WARN] [1776876283.581524663] [controller_manager]: Overrun might occur, Total time : 2860.795 us (Expected < 1000.000 us) --> Read time : 75.724 us, Update time : 328.334 us, Write time : 2456.737 us
[adl_ui-15] [INFO] [1776876283.620755412] [adl_ui_node]: UI command published: pick_dropped_bottle
[pick_dropped_bottle-12] [WARN] [1776876283.622200201] [pick_dropped_bottle_node]: Ignoring bottle pick command: task is already running.
[adl_ui-15] 127.0.0.1 - - [22/Apr/2026 12:44:43] "POST /command HTTP/1.1" 200 -
[adl_controller-11] [WARN] [1776876283.667513893] [adl_controller_node]: Scene clear timed out after pick_dropped_bottle terminal transition.
[adl_ui-15] 127.0.0.1 - - [22/Apr/2026 12:44:43] "GET /status_json HTTP/1.1" 200 -
[vision_apriltag-9] [INFO] [1776876283.758549768] [vision_apriltag_node]: Service: Tag 0 found and base-frame pose returned.
[adl_ui-15] 127.0.0.1 - - [22/Apr/2026 12:44:44] "GET /status_json HTTP/1.1" 200 -
[vision_apriltag-9] [INFO] [1776876284.474004678] [vision_apriltag_node]: Vision AprilTag detection debug: no tags found after raw/CLAHE/sharp/adaptive/upscaled/tiled passes.
[ros2_control_node-1] [WARN] [1776876284.557937466] [controller_manager]: Overrun detected! The controller manager missed its desired rate of 1000 Hz. The loop took 3.308245 ms (missed cycles : 4).
[ros2_control_node-1] [WARN] [1776876284.583914235] [controller_manager]: Overrun might occur, Total time : 3259.141 us (Expected < 1000.000 us) --> Read time : 55.849 us, Update time : 224.826 us, Write time : 2978.466 us
[adl_ui-15] 127.0.0.1 - - [22/Apr/2026 12:44:45] "GET /status_json HTTP/1.1" 200 -
[vision_apriltag-9] [INFO] [1776876285.487943159] [vision_apriltag_node]: Vision AprilTag: images are arriving, but no AprilTag has been seen for 3.8s.
[vision_apriltag-9] [INFO] [1776876285.489135522] [vision_apriltag_node]: Service: Tag 0 found and base-frame pose returned.
[ros2_control_node-1] [WARN] [1776876285.558911694] [controller_manager]: Overrun detected! The controller manager missed its desired rate of 1000 Hz. The loop took 5.282594 ms (missed cycles : 6).
[ros2_control_node-1] [WARN] [1776876285.586632741] [controller_manager]: Overrun might occur, Total time : 3980.016 us (Expected < 1000.000 us) --> Read time : 60.374 us, Update time : 239.292 us, Write time : 3680.350 us
[adl_ui-15] 127.0.0.1 - - [22/Apr/2026 12:44:45] "GET /status_json HTTP/1.1" 200 -
[vision_apriltag-9] [INFO] [1776876286.474892420] [vision_apriltag_node]: Service: Tag 0 found and base-frame pose returned.
[ros2_control_node-1] [WARN] [1776876286.559613244] [controller_manager]: Overrun detected! The controller manager missed its desired rate of 1000 Hz. The loop took 2.983401 ms (missed cycles : 3).
[ros2_control_node-1] [WARN] [1776876286.587246276] [controller_manager]: Overrun might occur, Total time : 2584.242 us (Expected < 1000.000 us) --> Read time : 91.993 us, Update time : 299.473 us, Write time : 2192.776 us
[adl_ui-15] 127.0.0.1 - - [22/Apr/2026 12:44:46] "GET /status_json HTTP/1.1" 200 -
[vision_apriltag-9] [INFO] [1776876287.259990970] [vision_apriltag_node]: Vision AprilTag: images are arriving, but no AprilTag has been seen for 5.6s.
[vision_apriltag-9] [INFO] [1776876287.261184548] [vision_apriltag_node]: Service: Tag 0 found and base-frame pose returned.
[adl_ui-15] 127.0.0.1 - - [22/Apr/2026 12:44:47] "GET /status_json HTTP/1.1" 200 -
[ros2_control_node-1] [WARN] [1776876287.559726729] [controller_manager]: Overrun detected! The controller manager missed its desired rate of 1000 Hz. The loop took 3.096942 ms (missed cycles : 4).
[ros2_control_node-1] [WARN] [1776876287.589908510] [controller_manager]: Overrun might occur, Total time : 3229.580 us (Expected < 1000.000 us) --> Read time : 60.305 us, Update time : 259.840 us, Write time : 2909.435 us
[vision_apriltag-9] [INFO] [1776876287.756970622] [vision_apriltag_node]: Service: Tag 0 found and base-frame pose returned.
[wrist_camera_usb_publisher-8] [INFO] [1776876288.040993473] [wrist_camera_usb_publisher_node]: USB camera publisher heartbeat: publishing 1280x720 frames on /wrist_mounted_camera/image; camera_info fx=920.87, fy=921.57, cx=644.76, cy=343.15.
[adl_ui-15] 127.0.0.1 - - [22/Apr/2026 12:44:48] "GET /status_json HTTP/1.1" 200 -
