
===== 2026-04-07T11:47:47-04:00 | T1_arm_moveit_rviz =====
cwd=/home/carrt-cse-project/workspace/ros2_kortex_ws
cmd=ros2 launch adl_tasks arm_vbox.launch.py robot_ip:=192.168.0.10 use_fake_hardware:=false vision:=true 

[INFO] [launch]: All log files can be found below /home/carrt-cse-project/.ros/log/2026-04-07-11-47-47-430613-carrt-cse-project-OptiPlex-5050-9239
[INFO] [launch]: Default logging verbosity is set to INFO
[INFO] [launch.user]: [arm_vbox.launch] MoveIt current state source: /joint_states_sanitized. Use use_joint_state_sanitizer:=false for raw-state viewer debugging.
[INFO] [launch.user]: [arm_vbox.launch] Using ADL VBox controller config (share/adl_tasks/config/ros2_controllers_vbox.yaml, update_rate:=125 Hz).
[INFO] [ros2_control_node-1]: process started with pid [9243]
[INFO] [robot_state_publisher-2]: process started with pid [9244]
[INFO] [joint_state_sanitizer-3]: process started with pid [9245]
[INFO] [spawner-4]: process started with pid [9246]
[INFO] [static_transform_publisher-5]: process started with pid [9247]
[INFO] [static_transform_publisher-6]: process started with pid [9248]
[static_transform_publisher-5] [INFO] [1775576867.679755926] [static_transform_publisher]: Spinning until stopped - publishing transform
[static_transform_publisher-5] translation: ('0.000000', '0.000000', '0.000000')
[static_transform_publisher-5] rotation: ('0.000000', '0.000000', '0.000000', '1.000000')
[static_transform_publisher-5] from 'world' to 'base_link'
[static_transform_publisher-6] [INFO] [1775576867.682438425] [camera_color_optical_bridge_tf_pub]: Spinning until stopped - publishing transform
[static_transform_publisher-6] translation: ('0.000000', '0.000000', '0.000000')
[static_transform_publisher-6] rotation: ('0.000000', '0.000000', '0.000000', '1.000000')
[static_transform_publisher-6] from 'camera_color_frame' to 'wrist_mounted_camera_color_optical_frame'
[robot_state_publisher-2] [INFO] [1775576867.690789770] [robot_state_publisher]: Robot initialized
[ros2_control_node-1] [INFO] [1775576867.706954429] [controller_manager]: Using Steady (Monotonic) clock for triggering controller manager cycles.
[ros2_control_node-1] [INFO] [1775576867.715812072] [controller_manager]: Subscribing to '/robot_description' topic for robot description.
[ros2_control_node-1] [INFO] [1775576867.718384084] [controller_manager]: update rate is 125 Hz
[ros2_control_node-1] [INFO] [1775576867.718408583] [controller_manager]: Overruns handling is : enabled
[ros2_control_node-1] [INFO] [1775576867.718415163] [controller_manager]: Spawning controller_manager RT thread with scheduler priority: 50
[ros2_control_node-1] [INFO] [1775576867.718475399] [controller_manager]: Successful set up FIFO RT scheduling policy with priority 50.
[ros2_control_node-1] [INFO] [1775576867.951002179] [controller_manager]: Received robot description from topic.
[ros2_control_node-1] [INFO] [1775576867.951063982] [controller_manager]: Enforcing command limits is disabled. Command limits from URDF will be ignored.
[ros2_control_node-1] [INFO] [1775576867.957633082] [controller_manager]: Loading hardware 'KortexMultiInterfaceHardware' 
[ros2_control_node-1] [INFO] [1775576867.968472715] [KortexMultiInterfaceHardware]: Setting severity threshold to DEBUG
[ros2_control_node-1] [INFO] [1775576867.968529669] [controller_manager]: Loaded hardware 'KortexMultiInterfaceHardware' from plugin 'kortex_driver/KortexMultiInterfaceHardware'
[ros2_control_node-1] [INFO] [1775576867.968970989] [controller_manager]: Initialize hardware 'KortexMultiInterfaceHardware' 
[ros2_control_node-1] [INFO] [1775576867.977500629] [KortexMultiInterfaceHardware]: Configuring Hardware Interface
[ros2_control_node-1] [INFO] [1775576867.977957073] [KortexMultiInterfaceHardware]: Robot ip is '192.168.0.10'
[ros2_control_node-1] [INFO] [1775576867.977967785] [KortexMultiInterfaceHardware]: Username is 'admin'
[ros2_control_node-1] [INFO] [1775576867.977979693] [KortexMultiInterfaceHardware]: Port used '10000'
[ros2_control_node-1] [INFO] [1775576867.977985713] [KortexMultiInterfaceHardware]: Realtime port used '10001'
[ros2_control_node-1] [INFO] [1775576867.977991394] [KortexMultiInterfaceHardware]: Session inactivity timeout is '60000'
[ros2_control_node-1] [INFO] [1775576867.977997257] [KortexMultiInterfaceHardware]: Connection inactivity timeout is '2000'
[ros2_control_node-1] [INFO] [1775576867.978004431] [KortexMultiInterfaceHardware]: Gripper joint name is 'robotiq_85_left_knuckle_joint'
[ros2_control_node-1] [INFO] [1775576867.978029651] [KortexMultiInterfaceHardware]: Connecting to robot at 192.168.0.10
[ros2_control_node-1] [INFO] [1775576867.986307904] [KortexMultiInterfaceHardware]: Creating session for communication
[spawner-4] [INFO] [1775576868.040512997] [spawner_joint_state_broadcaster]: waiting for service /controller_manager/list_controllers to become available...
[joint_state_sanitizer-3] [INFO] [1775576868.094998805] [joint_state_sanitizer_node]: joint_state_sanitizer started. raw=/joint_states -> sanitized=/joint_states_sanitized
[ros2_control_node-1] [INFO] [1775576868.200078305] [KortexMultiInterfaceHardware]: Session created
[ros2_control_node-1] [INFO] [1775576868.977981162] [KortexMultiInterfaceHardware]: Actuator count reported by robot is '7'
[ros2_control_node-1] [INFO] [1775576868.978123013] [KortexMultiInterfaceHardware]: Using internal bus communication for gripper!
[ros2_control_node-1] [INFO] [1775576868.978127135] [KortexMultiInterfaceHardware]: Hardware Interface successfully configured
[ros2_control_node-1] [INFO] [1775576868.978192066] [controller_manager]: Successful initialization of hardware 'KortexMultiInterfaceHardware'
[ros2_control_node-1] [DEBUG] [1775576868.978238307] [KortexMultiInterfaceHardware]: export_state_interfaces for joint: joint_1
[ros2_control_node-1] [DEBUG] [1775576868.978263105] [KortexMultiInterfaceHardware]: export_state_interfaces for joint: joint_2
[ros2_control_node-1] [DEBUG] [1775576868.978266936] [KortexMultiInterfaceHardware]: export_state_interfaces for joint: joint_3
[ros2_control_node-1] [DEBUG] [1775576868.978269599] [KortexMultiInterfaceHardware]: export_state_interfaces for joint: joint_4
[ros2_control_node-1] [DEBUG] [1775576868.978271958] [KortexMultiInterfaceHardware]: export_state_interfaces for joint: joint_5
[ros2_control_node-1] [DEBUG] [1775576868.978298541] [KortexMultiInterfaceHardware]: export_state_interfaces for joint: joint_6
[ros2_control_node-1] [DEBUG] [1775576868.978304737] [KortexMultiInterfaceHardware]: export_state_interfaces for joint: joint_7
[ros2_control_node-1] [DEBUG] [1775576868.978309217] [KortexMultiInterfaceHardware]: export_state_interfaces for joint: robotiq_85_left_knuckle_joint
[ros2_control_node-1] [INFO] [1775576868.980504684] [resource_manager]: 'configure' hardware 'KortexMultiInterfaceHardware' 
[ros2_control_node-1] [INFO] [1775576868.980539260] [resource_manager]: Successful 'configure' of hardware 'KortexMultiInterfaceHardware'
[ros2_control_node-1] [INFO] [1775576868.980656257] [resource_manager]: 'activate' hardware 'KortexMultiInterfaceHardware' 
[ros2_control_node-1] [INFO] [1775576868.980676486] [KortexMultiInterfaceHardware]: Activating KortexMultiInterfaceHardware...
[ros2_control_node-1] [INFO] [1775576868.986051298] [KortexMultiInterfaceHardware]: Gripper initial position is '0.438597'.
[ros2_control_node-1] [INFO] [1775576868.990613327] [KortexMultiInterfaceHardware]: KortexMultiInterfaceHardware successfully activated!
[ros2_control_node-1] [INFO] [1775576868.990636776] [resource_manager]: Successful 'activate' of hardware 'KortexMultiInterfaceHardware'
[ros2_control_node-1] [INFO] [1775576868.990848188] [controller_manager]: Registering statistics for : KortexMultiInterfaceHardware
[ros2_control_node-1] [INFO] [1775576868.991004120] [controller_manager]: Resource Manager has been successfully initialized. Starting Controller Manager services...
[ros2_control_node-1] [WARN] [1775576869.007155209] [controller_manager]: Overrun might occur, Total time : 8596.802 us (Expected < 8000.000 us) --> Read time : 4181.056 us, Update time : 18.214 us, Write time : 4397.532 us
[ros2_control_node-1] [WARN] [1775576869.007205480] [controller_manager]: Overrun detected! The controller manager missed its desired rate of 125 Hz. The loop took 8.669770 ms (missed cycles : 2).
[ros2_control_node-1] [INFO] [1775576869.043213756] [controller_manager]: Loading controller : 'joint_state_broadcaster' of type 'joint_state_broadcaster/JointStateBroadcaster'
[ros2_control_node-1] [INFO] [1775576869.043241583] [controller_manager]: Loading controller 'joint_state_broadcaster'
[ros2_control_node-1] [INFO] [1775576869.048585644] [controller_manager]: Controller 'joint_state_broadcaster' node arguments: --ros-args --params-file /home/carrt-cse-project/workspace/ros2_kortex_ws/install/adl_tasks/share/adl_tasks/config/ros2_controllers_vbox.yaml --params-file /tmp/launch_params_vc7v_yit 
[spawner-4] [INFO] [1775576869.064244875] [spawner_joint_state_broadcaster]: Loaded joint_state_broadcaster
[ros2_control_node-1] [INFO] [1775576869.065438934] [controller_manager]: Configuring controller: 'joint_state_broadcaster'
[ros2_control_node-1] [INFO] [1775576869.065650890] [joint_state_broadcaster]: 'joints' or 'interfaces' parameter is empty. All available state interfaces will be published
[ros2_control_node-1] [INFO] [1775576869.080561349] [controller_manager]: Activating controllers: [ joint_state_broadcaster ]
[ros2_control_node-1] [INFO] [1775576869.087502038] [controller_manager]: Successfully switched controllers!
[spawner-4] [INFO] [1775576869.096084065] [spawner_joint_state_broadcaster]: Configured and activated joint_state_broadcaster
[INFO] [spawner-4]: process has finished cleanly [pid 9246]
[INFO] [spawner-7]: process started with pid [9349]
[INFO] [spawner-8]: process started with pid [9350]
[INFO] [spawner-9]: process started with pid [9351]
[INFO] [spawner-10]: process started with pid [9352]
[spawner-7] [INFO] [1775576870.161196951] [spawner_joint_trajectory_controller]: waiting for service /controller_manager/list_controllers to become available...
[ros2_control_node-1] [WARN] [1775576870.255767208] [controller_manager]: Overrun might occur, Total time : 9174.377 us (Expected < 8000.000 us) --> Read time : 13.986 us, Update time : 45.074 us, Write time : 9115.317 us
[ros2_control_node-1] [WARN] [1775576870.255819784] [controller_manager]: Overrun detected! The controller manager missed its desired rate of 125 Hz. The loop took 9.284303 ms (missed cycles : 2).
[ros2_control_node-1] [INFO] [1775576870.413241273] [controller_manager]: Loading controller : 'joint_trajectory_controller' of type 'joint_trajectory_controller/JointTrajectoryController'
[ros2_control_node-1] [INFO] [1775576870.413284178] [controller_manager]: Loading controller 'joint_trajectory_controller'
[ros2_control_node-1] [INFO] [1775576870.417863705] [controller_manager]: Controller 'joint_trajectory_controller' node arguments: --ros-args --params-file /home/carrt-cse-project/workspace/ros2_kortex_ws/install/adl_tasks/share/adl_tasks/config/ros2_controllers_vbox.yaml --params-file /tmp/launch_params_vc7v_yit 
[spawner-7] [INFO] [1775576870.440206898] [spawner_joint_trajectory_controller]: Loaded joint_trajectory_controller
[ros2_control_node-1] [INFO] [1775576870.441449835] [controller_manager]: Configuring controller: 'joint_trajectory_controller'
[ros2_control_node-1] [INFO] [1775576870.442121010] [joint_trajectory_controller]: No specific joint names are used for command interfaces. Using 'joints' parameter.
[ros2_control_node-1] [INFO] [1775576870.442373321] [joint_trajectory_controller]: Command interfaces are [position] and state interfaces are [position velocity].
[ros2_control_node-1] [INFO] [1775576870.442551252] [joint_trajectory_controller]: Using 'splines' interpolation method.
[ros2_control_node-1] [INFO] [1775576870.445900623] [joint_trajectory_controller]: Action status changes will be monitored at 20.00 Hz.
[ros2_control_node-1] [INFO] [1775576870.456378123] [controller_manager]: Activating controllers: [ joint_trajectory_controller ]
[ros2_control_node-1] [INFO] [1775576870.685314969] [controller_manager]: Successfully switched controllers!
[ros2_control_node-1] [WARN] [1775576870.689127876] [controller_manager]: Overrun might occur, Total time : 26574.747 us (Expected < 8000.000 us) --> Read time : 24.431 us, Update time : 22727.280 us (Switch time : 22628.375 us (Switch chained mode time : 3.090 us, perform mode change time : 21813.642 us, Activation time : 805.932 us, Deactivation time : 0.928 us)), Write time : 3823.036 us
[spawner-7] [INFO] [1775576870.696507430] [spawner_joint_trajectory_controller]: Configured and activated joint_trajectory_controller
[spawner-10] [INFO] [1775576870.793368721] [spawner_fault_controller]: waiting for service /controller_manager/list_controllers to become available...
[INFO] [spawner-7]: process has finished cleanly [pid 9349]
[ros2_control_node-1] [INFO] [1775576871.048335346] [controller_manager]: Loading controller : 'fault_controller' of type 'picknik_reset_fault_controller/PicknikResetFaultController'
[ros2_control_node-1] [INFO] [1775576871.048389707] [controller_manager]: Loading controller 'fault_controller'
[ros2_control_node-1] [INFO] [1775576871.051087906] [controller_manager]: Controller 'fault_controller' node arguments: --ros-args --params-file /home/carrt-cse-project/workspace/ros2_kortex_ws/install/adl_tasks/share/adl_tasks/config/ros2_controllers_vbox.yaml --params-file /tmp/launch_params_vc7v_yit 
[spawner-10] [INFO] [1775576871.072795637] [spawner_fault_controller]: Loaded fault_controller
[ros2_control_node-1] [INFO] [1775576871.155225799] [controller_manager]: Configuring controller: 'fault_controller'
[ros2_control_node-1] [INFO] [1775576871.162144754] [controller_manager]: Activating controllers: [ fault_controller ]
[ros2_control_node-1] [INFO] [1775576871.370381809] [controller_manager]: Successfully switched controllers!
[spawner-10] [INFO] [1775576871.376649413] [spawner_fault_controller]: Configured and activated fault_controller
[spawner-9] [INFO] [1775576871.484787457] [spawner_robotiq_gripper_controller]: waiting for service /controller_manager/list_controllers to become available...
[INFO] [spawner-10]: process has finished cleanly [pid 9352]
[ros2_control_node-1] [INFO] [1775576871.736941979] [controller_manager]: Loading controller : 'robotiq_gripper_controller' of type 'position_controllers/GripperActionController'
[ros2_control_node-1] [INFO] [1775576871.736976797] [controller_manager]: Loading controller 'robotiq_gripper_controller'
[ros2_control_node-1] [INFO] [1775576871.738920381] [controller_manager]: Controller 'robotiq_gripper_controller' node arguments: --ros-args --params-file /home/carrt-cse-project/workspace/ros2_kortex_ws/install/adl_tasks/share/adl_tasks/config/ros2_controllers_vbox.yaml --params-file /tmp/launch_params_vc7v_yit 
[ros2_control_node-1] [WARN] [1775576871.750207146] [robotiq_gripper_controller]: [Deprecated]: the `position_controllers/GripperActionController` and `effort_controllers::GripperActionController` controllers are replaced by 'parallel_gripper_controllers/GripperActionController' controller
[spawner-9] [INFO] [1775576871.760597589] [spawner_robotiq_gripper_controller]: Loaded robotiq_gripper_controller
[ros2_control_node-1] [INFO] [1775576871.761689578] [controller_manager]: Configuring controller: 'robotiq_gripper_controller'
[ros2_control_node-1] [INFO] [1775576871.761819908] [robotiq_gripper_controller]: Action status changes will be monitored at 20.000000 Hz.
[ros2_control_node-1] [INFO] [1775576871.768195165] [controller_manager]: Activating controllers: [ robotiq_gripper_controller ]
[INFO] [move_group-11]: process started with pid [9401]
[INFO] [rviz2-12]: process started with pid [9402]
[ros2_control_node-1] [INFO] [1775576871.980812583] [controller_manager]: Successfully switched controllers!
[ros2_control_node-1] [WARN] [1775576871.983444736] [controller_manager]: Overrun might occur, Total time : 8872.998 us (Expected < 8000.000 us) --> Read time : 56.607 us, Update time : 6145.290 us (Switch time : 5743.197 us (Switch chained mode time : 1.847 us, perform mode change time : 53.996 us, Activation time : 5679.546 us, Deactivation time : 1.607 us)), Write time : 2671.101 us
[ros2_control_node-1] [WARN] [1775576871.983539275] [controller_manager]: Overrun detected! The controller manager missed its desired rate of 125 Hz. The loop took 9.002064 ms (missed cycles : 2).
[spawner-9] [INFO] [1775576871.993078119] [spawner_robotiq_gripper_controller]: Configured and activated robotiq_gripper_controller
[move_group-11] [INFO] [1775576872.105772290] [move_group.moveit.moveit.ros.rdf_loader]: Loaded robot model in 0.00912292 seconds
[move_group-11] [INFO] [1775576872.105893116] [move_group.moveit.moveit.core.robot_model]: Loading robot model 'gen3'...
[move_group-11] [INFO] [1775576872.105907751] [move_group.moveit.moveit.core.robot_model]: No root/virtual joint specified in SRDF. Assuming fixed joint
[spawner-8] [INFO] [1775576872.138686518] [spawner_twist_controller]: waiting for service /controller_manager/list_controllers to become available...
[INFO] [spawner-9]: process has finished cleanly [pid 9351]
[rviz2-12] [INFO] [1775576872.337753871] [rviz2]: Stereo is NOT SUPPORTED
[rviz2-12] [INFO] [1775576872.337809732] [rviz2]: OpenGl version: 4.6 (GLSL 4.6)
[rviz2-12] [INFO] [1775576872.358442773] [rviz2]: Stereo is NOT SUPPORTED
[rviz2-12] Warning: class_loader.impl: SEVERE WARNING!!! A namespace collision has occurred with plugin factory for class rviz_default_plugins::displays::InteractiveMarkerDisplay. New factory will OVERWRITE existing one. This situation occurs when libraries containing plugins are directly linked against an executable (the one running right now generating this message). Please separate plugins out into their own library or just don't link against the library and use either class_loader::ClassLoader/MultiLibraryClassLoader to open.
[rviz2-12]          at line 321 in /opt/ros/jazzy/include/class_loader/class_loader/class_loader_core.hpp
[rviz2-12] [WARN] [1775576872.482832027] [rcl.logging_rosout]: Publisher already registered for node name: 'rviz2_moveit'. If this is due to multiple nodes with the same name then all logs for the logger named 'rviz2_moveit' will go out over the existing publisher. As soon as any node with that name is destructed it will unregister the publisher, preventing any further logs for that name from being published on the rosout topic.
[ros2_control_node-1] [INFO] [1775576872.483793261] [controller_manager]: Received robot description from topic.
[ros2_control_node-1] [WARN] [1775576872.483835656] [controller_manager]: ResourceManager has already loaded a urdf. Ignoring attempt to reload a robot description.
[move_group-11] [INFO] [1775576872.485715786] [move_group.moveit.moveit.kinematics.kdl_kinematics_plugin]: Joint weights for group 'manipulator': 1 1 1 1 1 1 1
[move_group-11] [INFO] [1775576872.802117791] [move_group.moveit.moveit.ros.planning_scene_monitor]: Publishing maintained planning scene on 'monitored_planning_scene'
[move_group-11] [INFO] [1775576872.802273787] [move_group.moveit.moveit.ros.moveit_cpp]: Listening to 'joint_states' for joint states
[move_group-11] [INFO] [1775576872.803620640] [move_group.moveit.moveit.ros.current_state_monitor]: Listening to joint states on topic 'joint_states'
[move_group-11] [INFO] [1775576872.804471426] [move_group.moveit.moveit.ros.planning_scene_monitor]: Listening to '/attached_collision_object' for attached collision objects
[move_group-11] [INFO] [1775576872.804505994] [move_group.moveit.moveit.ros.planning_scene_monitor]: Stopping existing planning scene publisher.
[move_group-11] [INFO] [1775576872.804735066] [move_group.moveit.moveit.ros.planning_scene_monitor]: Stopped publishing maintained planning scene.
[move_group-11] [INFO] [1775576872.805349013] [move_group.moveit.moveit.ros.planning_scene_monitor]: Publishing maintained planning scene on 'monitored_planning_scene'
[move_group-11] [INFO] [1775576872.805484894] [move_group.moveit.moveit.ros.planning_scene_monitor]: Starting planning scene monitor
[move_group-11] [INFO] [1775576872.806226553] [move_group.moveit.moveit.ros.planning_scene_monitor]: Listening to '/planning_scene'
[move_group-11] [INFO] [1775576872.806271847] [move_group.moveit.moveit.ros.planning_scene_monitor]: Starting world geometry update monitor for collision objects, attached objects, octomap updates.
[move_group-11] [INFO] [1775576872.807379769] [move_group.moveit.moveit.ros.planning_scene_monitor]: Listening to 'collision_object'
[move_group-11] [INFO] [1775576872.808132629] [move_group.moveit.moveit.ros.planning_scene_monitor]: Listening to 'planning_scene_world' for planning scene world geometry
[move_group-11] [WARN] [1775576872.808996699] [move_group.moveit.moveit.ros.occupancy_map_monitor]: Resolution not specified for Octomap. Assuming resolution = 0.1 instead
[move_group-11] [ERROR] [1775576872.809030924] [move_group.moveit.moveit.ros.occupancy_map_monitor]: No 3D sensor plugin(s) defined for octomap updates
[ros2_control_node-1] [INFO] [1775576872.891201429] [controller_manager]: Loading controller : 'twist_controller' of type 'picknik_twist_controller/PicknikTwistController'
[ros2_control_node-1] [INFO] [1775576872.891232147] [controller_manager]: Loading controller 'twist_controller'
[ros2_control_node-1] [INFO] [1775576872.893710879] [controller_manager]: Controller 'twist_controller' node arguments: --ros-args --params-file /home/carrt-cse-project/workspace/ros2_kortex_ws/install/adl_tasks/share/adl_tasks/config/ros2_controllers_vbox.yaml --params-file /tmp/launch_params_vc7v_yit 
[spawner-8] [INFO] [1775576872.911952731] [spawner_twist_controller]: Loaded twist_controller
[ros2_control_node-1] [INFO] [1775576872.913260060] [controller_manager]: Configuring controller: 'twist_controller'
[ros2_control_node-1] [INFO] [1775576872.914955262] [twist_controller]: configure successful
[move_group-11] [INFO] [1775576873.016128669] [move_group.moveit.moveit.ros.planning_pipeline]: Successfully loaded planner 'OMPL'
[move_group-11] [INFO] [1775576873.019601072] [move_group]: Try loading adapter 'default_planning_request_adapters/ResolveConstraintFrames'
[move_group-11] [INFO] [1775576873.020913462] [move_group]: Loaded adapter 'default_planning_request_adapters/ResolveConstraintFrames'
[move_group-11] [INFO] [1775576873.020929599] [move_group]: Try loading adapter 'default_planning_request_adapters/ValidateWorkspaceBounds'
[move_group-11] [INFO] [1775576873.021217393] [move_group]: Loaded adapter 'default_planning_request_adapters/ValidateWorkspaceBounds'
[move_group-11] [INFO] [1775576873.021233594] [move_group]: Try loading adapter 'default_planning_request_adapters/CheckStartStateBounds'
[move_group-11] [INFO] [1775576873.021276620] [move_group]: Loaded adapter 'default_planning_request_adapters/CheckStartStateBounds'
[move_group-11] [INFO] [1775576873.021288246] [move_group]: Try loading adapter 'default_planning_request_adapters/CheckStartStateCollision'
[move_group-11] [INFO] [1775576873.021308638] [move_group]: Loaded adapter 'default_planning_request_adapters/CheckStartStateCollision'
[move_group-11] [INFO] [1775576873.025575291] [move_group]: Try loading adapter 'default_planning_response_adapters/AddTimeOptimalParameterization'
[move_group-11] [INFO] [1775576873.028592533] [move_group]: Loaded adapter 'default_planning_response_adapters/AddTimeOptimalParameterization'
[move_group-11] [INFO] [1775576873.028642671] [move_group]: Try loading adapter 'default_planning_response_adapters/ValidateSolution'
[move_group-11] [INFO] [1775576873.031206447] [move_group]: Loaded adapter 'default_planning_response_adapters/ValidateSolution'
[move_group-11] [INFO] [1775576873.031233415] [move_group]: Try loading adapter 'default_planning_response_adapters/DisplayMotionPath'
[move_group-11] [INFO] [1775576873.032043217] [move_group]: Loaded adapter 'default_planning_response_adapters/DisplayMotionPath'
[INFO] [spawner-8]: process has finished cleanly [pid 9350]
[move_group-11] [INFO] [1775576873.087452166] [move_group.moveit.moveit.plugins.simple_controller_manager]: Added FollowJointTrajectory controller for joint_trajectory_controller
[move_group-11] [INFO] [1775576873.087509940] [move_group.moveit.moveit.plugins.simple_controller_manager]: robotiq_gripper_controller will command a max effort of: 0
[move_group-11] [INFO] [1775576873.092203892] [move_group.moveit.moveit.plugins.simple_controller_manager]: Added GripperCommand controller for robotiq_gripper_controller
[move_group-11] [INFO] [1775576873.092474191] [move_group.moveit.moveit.plugins.simple_controller_manager]: Returned 2 controllers in list
[move_group-11] [INFO] [1775576873.092515794] [move_group.moveit.moveit.plugins.simple_controller_manager]: Returned 2 controllers in list
[move_group-11] [INFO] [1775576873.093122432] [move_group.moveit.moveit.ros.trajectory_execution_manager]: Trajectory execution is managing controllers
[move_group-11] [INFO] [1775576873.093150120] [move_group]: MoveGroup debug mode is ON
[move_group-11] [INFO] [1775576873.119428580] [move_group.moveit.moveit.ros.move_group.executable]: 
[move_group-11] 
[move_group-11] ********************************************************
[move_group-11] * MoveGroup using: 
[move_group-11] *     - apply_planning_scene_service
[move_group-11] *     - clear_octomap_service
[move_group-11] *     - get_group_urdf
[move_group-11] *     - load_geometry_from_file
[move_group-11] *     - CartesianPathService
[move_group-11] *     - execute_trajectory_action
[move_group-11] *     - get_planning_scene_service
[move_group-11] *     - kinematics_service
[move_group-11] *     - move_action
[move_group-11] *     - motion_plan_service
[move_group-11] *     - query_planners_service
[move_group-11] *     - state_validation_service
[move_group-11] *     - save_geometry_to_file
[move_group-11] ********************************************************
[move_group-11] 
[move_group-11] [INFO] [1775576873.119492710] [move_group.moveit.moveit.ros.move_group.context]: MoveGroup context using pipeline ompl
[move_group-11] [INFO] [1775576873.119513995] [move_group.moveit.moveit.ros.move_group.context]: MoveGroup context initialization complete
[move_group-11] [96mLoading 'move_group/ApplyPlanningSceneService'...[0m
[move_group-11] [96mLoading 'move_group/ClearOctomapService'...[0m
[move_group-11] [96mLoading 'move_group/GetUrdfService'...[0m
[move_group-11] [96mLoading 'move_group/LoadGeometryFromFileService'...[0m
[move_group-11] [96mLoading 'move_group/MoveGroupCartesianPathService'...[0m
[move_group-11] [96mLoading 'move_group/MoveGroupExecuteTrajectoryAction'...[0m
[move_group-11] [96mLoading 'move_group/MoveGroupGetPlanningSceneService'...[0m
[move_group-11] [96mLoading 'move_group/MoveGroupKinematicsService'...[0m
[move_group-11] [96mLoading 'move_group/MoveGroupMoveAction'...[0m
[move_group-11] [96mLoading 'move_group/MoveGroupPlanService'...[0m
[move_group-11] [96mLoading 'move_group/MoveGroupQueryPlannersService'...[0m
[move_group-11] [96mLoading 'move_group/MoveGroupStateValidationService'...[0m
[move_group-11] [96mLoading 'move_group/SaveGeometryToFileService'...[0m
[move_group-11] 
[move_group-11] [92mYou can start planning now![0m
[move_group-11] 
[rviz2-12] [ERROR] [1775576875.525965353] [rviz2_moveit.moveit.ros.motion_planning_frame]: Action server: /recognize_objects not available
[rviz2-12] [INFO] [1775576875.546218053] [rviz2_moveit.moveit.ros.motion_planning_frame]: MoveGroup namespace changed: / -> . Reloading params.
[rviz2-12] [INFO] [1775576875.609328839] [rviz2_moveit.moveit.ros.rdf_loader]: Loaded robot model in 0.00611978 seconds
[rviz2-12] [INFO] [1775576875.609399275] [rviz2_moveit.moveit.core.robot_model]: Loading robot model 'gen3'...
[rviz2-12] [INFO] [1775576875.609416718] [rviz2_moveit.moveit.core.robot_model]: No root/virtual joint specified in SRDF. Assuming fixed joint
[rviz2-12] [INFO] [1775576875.747820544] [rviz2_moveit.moveit.kinematics.kdl_kinematics_plugin]: Joint weights for group 'manipulator': 1 1 1 1 1 1 1
[rviz2-12] [INFO] [1775576876.068434962] [rviz2_moveit.moveit.ros.planning_scene_monitor]: Starting planning scene monitor
[rviz2-12] [INFO] [1775576876.069326411] [rviz2_moveit.moveit.ros.planning_scene_monitor]: Listening to '/monitored_planning_scene'
[rviz2-12] [INFO] [1775576876.331405640] [interactive_marker_display_108587889755856]: Connected on namespace: /rviz_moveit_motion_planning_display/robot_interaction_interactive_marker_topic
[rviz2-12] [INFO] [1775576876.336946611] [rviz2_moveit.moveit.ros.robot_interaction]: No active joints or end effectors found for group 'gripper'. Make sure that kinematics.yaml is loaded in this node's namespace.
[rviz2-12] [INFO] [1775576876.337614317] [rviz2_moveit.moveit.ros.robot_interaction]: No active joints or end effectors found for group 'gripper'. Make sure that kinematics.yaml is loaded in this node's namespace.
[rviz2-12] [INFO] [1775576876.343193235] [rviz2_moveit.moveit.ros.motion_planning_frame]: group gripper
[rviz2-12] [INFO] [1775576876.343221018] [rviz2_moveit.moveit.ros.motion_planning_frame]: Constructing new MoveGroup connection for group 'gripper' in namespace ''
[rviz2-12] [INFO] [1775576876.355140982] [interactive_marker_display_108587889755856]: Sending request for interactive markers
[rviz2-12] [INFO] [1775576876.361857857] [rviz2_moveit.moveit.ros.move_group_interface]: Ready to take commands for planning group gripper.
[rviz2-12] [INFO] [1775576876.362523631] [rviz2_moveit.moveit.ros.motion_planning_frame]: group gripper
[rviz2-12] [INFO] [1775576876.388113455] [interactive_marker_display_108587889755856]: Service response received for initialization
[ros2_control_node-1] [WARN] [1775576887.453769165] [controller_manager]: Overrun might occur, Total time : 15208.534 us (Expected < 8000.000 us) --> Read time : 45.484 us, Update time : 195.163 us, Write time : 14967.887 us
[ros2_control_node-1] [WARN] [1775576887.453837221] [controller_manager]: Overrun detected! The controller manager missed its desired rate of 125 Hz. The loop took 15.301070 ms (missed cycles : 2).
[ros2_control_node-1] [WARN] [1775576904.734863456] [controller_manager]: Overrun might occur, Total time : 8290.466 us (Expected < 8000.000 us) --> Read time : 60.227 us, Update time : 247.419 us, Write time : 7982.820 us
[ros2_control_node-1] [WARN] [1775576904.734960850] [controller_manager]: Overrun detected! The controller manager missed its desired rate of 125 Hz. The loop took 8.423301 ms (missed cycles : 2).
[ros2_control_node-1] [WARN] [1775576922.497772559] [controller_manager]: Overrun might occur, Total time : 11206.711 us (Expected < 8000.000 us) --> Read time : 52.037 us, Update time : 240.839 us, Write time : 10913.835 us
[ros2_control_node-1] [WARN] [1775576922.497850391] [controller_manager]: Overrun detected! The controller manager missed its desired rate of 125 Hz. The loop took 11.313711 ms (missed cycles : 2).
[ros2_control_node-1] [WARN] [1775576927.193956036] [controller_manager]: Overrun might occur, Total time : 11391.626 us (Expected < 8000.000 us) --> Read time : 48.573 us, Update time : 207.322 us, Write time : 11135.731 us
[ros2_control_node-1] [WARN] [1775576927.194038099] [controller_manager]: Overrun detected! The controller manager missed its desired rate of 125 Hz. The loop took 11.501604 ms (missed cycles : 2).
[ros2_control_node-1] [WARN] [1775576928.331430316] [controller_manager]: Overrun might occur, Total time : 12847.169 us (Expected < 8000.000 us) --> Read time : 71.450 us, Update time : 257.571 us, Write time : 12518.148 us
[ros2_control_node-1] [WARN] [1775576928.331555589] [controller_manager]: Overrun detected! The controller manager missed its desired rate of 125 Hz. The loop took 13.017933 ms (missed cycles : 2).
[ros2_control_node-1] [WARN] [1775576929.383942509] [controller_manager]: Overrun might occur, Total time : 9373.101 us (Expected < 8000.000 us) --> Read time : 51.984 us, Update time : 221.816 us, Write time : 9099.301 us
[ros2_control_node-1] [WARN] [1775576929.384024078] [controller_manager]: Overrun detected! The controller manager missed its desired rate of 125 Hz. The loop took 9.487077 ms (missed cycles : 2).
[ros2_control_node-1] [WARN] [1775576939.463152805] [controller_manager]: Overrun might occur, Total time : 16584.825 us (Expected < 8000.000 us) --> Read time : 50.392 us, Update time : 243.069 us, Write time : 16291.364 us
[ros2_control_node-1] [WARN] [1775576939.463268620] [controller_manager]: Overrun detected! The controller manager missed its desired rate of 125 Hz. The loop took 16.731499 ms (missed cycles : 3).
[ros2_control_node-1] [WARN] [1775576943.489779766] [controller_manager]: Overrun might occur, Total time : 11217.166 us (Expected < 8000.000 us) --> Read time : 47.861 us, Update time : 220.750 us, Write time : 10948.555 us
[ros2_control_node-1] [WARN] [1775576943.489882105] [controller_manager]: Overrun detected! The controller manager missed its desired rate of 125 Hz. The loop took 11.345224 ms (missed cycles : 2).
[ros2_control_node-1] [WARN] [1775576947.442026796] [controller_manager]: Overrun might occur, Total time : 19457.690 us (Expected < 8000.000 us) --> Read time : 63.190 us, Update time : 267.981 us, Write time : 19126.519 us
[ros2_control_node-1] [WARN] [1775576947.442097803] [controller_manager]: Overrun detected! The controller manager missed its desired rate of 125 Hz. The loop took 19.560881 ms (missed cycles : 3).
[ros2_control_node-1] [WARN] [1775576948.876519446] [controller_manager]: Overrun might occur, Total time : 13955.386 us (Expected < 8000.000 us) --> Read time : 51.484 us, Update time : 261.229 us, Write time : 13642.673 us
[ros2_control_node-1] [WARN] [1775576948.876583718] [controller_manager]: Overrun detected! The controller manager missed its desired rate of 125 Hz. The loop took 14.047921 ms (missed cycles : 2).
[ros2_control_node-1] [WARN] [1775576959.641508276] [controller_manager]: Overrun might occur, Total time : 10923.540 us (Expected < 8000.000 us) --> Read time : 61.719 us, Update time : 257.401 us, Write time : 10604.420 us
[ros2_control_node-1] [WARN] [1775576959.641639301] [controller_manager]: Overrun detected! The controller manager missed its desired rate of 125 Hz. The loop took 11.101953 ms (missed cycles : 2).
[ros2_control_node-1] [WARN] [1775576965.538304060] [controller_manager]: Overrun might occur, Total time : 11741.598 us (Expected < 8000.000 us) --> Read time : 49.451 us, Update time : 213.130 us, Write time : 11479.017 us
[ros2_control_node-1] [WARN] [1775576965.538405201] [controller_manager]: Overrun detected! The controller manager missed its desired rate of 125 Hz. The loop took 11.868562 ms (missed cycles : 2).
[ros2_control_node-1] [WARN] [1775576969.226778070] [controller_manager]: Overrun might occur, Total time : 12206.784 us (Expected < 8000.000 us) --> Read time : 59.750 us, Update time : 363.737 us, Write time : 11783.297 us
[ros2_control_node-1] [WARN] [1775576969.226908755] [controller_manager]: Overrun detected! The controller manager missed its desired rate of 125 Hz. The loop took 12.366056 ms (missed cycles : 2).
[ros2_control_node-1] [WARN] [1775576980.990954220] [controller_manager]: Overrun might occur, Total time : 8381.173 us (Expected < 8000.000 us) --> Read time : 55.870 us, Update time : 251.831 us, Write time : 8073.472 us
[ros2_control_node-1] [WARN] [1775576980.991072800] [controller_manager]: Overrun detected! The controller manager missed its desired rate of 125 Hz. The loop took 8.536211 ms (missed cycles : 2).
[ros2_control_node-1] [WARN] [1775576986.563609082] [controller_manager]: Overrun might occur, Total time : 13048.530 us (Expected < 8000.000 us) --> Read time : 57.696 us, Update time : 230.259 us, Write time : 12760.575 us
[ros2_control_node-1] [WARN] [1775576986.563670271] [controller_manager]: Overrun detected! The controller manager missed its desired rate of 125 Hz. The loop took 13.133921 ms (missed cycles : 2).
[ros2_control_node-1] [WARN] [1775576997.872423252] [controller_manager]: Overrun might occur, Total time : 9828.992 us (Expected < 8000.000 us) --> Read time : 119.099 us, Update time : 389.491 us, Write time : 9320.402 us
[ros2_control_node-1] [WARN] [1775576997.872513912] [controller_manager]: Overrun detected! The controller manager missed its desired rate of 125 Hz. The loop took 9.977350 ms (missed cycles : 2).
[ros2_control_node-1] [WARN] [1775576999.442692617] [controller_manager]: Overrun might occur, Total time : 12113.284 us (Expected < 8000.000 us) --> Read time : 58.405 us, Update time : 255.616 us, Write time : 11799.263 us
[ros2_control_node-1] [WARN] [1775576999.442791550] [controller_manager]: Overrun detected! The controller manager missed its desired rate of 125 Hz. The loop took 12.254690 ms (missed cycles : 2).
[ros2_control_node-1] [WARN] [1775577007.440082928] [controller_manager]: Overrun might occur, Total time : 9502.207 us (Expected < 8000.000 us) --> Read time : 94.618 us, Update time : 391.992 us, Write time : 9015.597 us
[ros2_control_node-1] [WARN] [1775577007.440179878] [controller_manager]: Overrun detected! The controller manager missed its desired rate of 125 Hz. The loop took 9.642631 ms (missed cycles : 2).
[ros2_control_node-1] [WARN] [1775577009.746809607] [controller_manager]: Overrun might occur, Total time : 12203.679 us (Expected < 8000.000 us) --> Read time : 120.302 us, Update time : 379.618 us, Write time : 11703.759 us
[ros2_control_node-1] [WARN] [1775577009.746886606] [controller_manager]: Overrun detected! The controller manager missed its desired rate of 125 Hz. The loop took 12.350401 ms (missed cycles : 2).
[ros2_control_node-1] [WARN] [1775577017.513098462] [controller_manager]: Overrun might occur, Total time : 10526.760 us (Expected < 8000.000 us) --> Read time : 62.431 us, Update time : 323.909 us, Write time : 10140.420 us
[ros2_control_node-1] [WARN] [1775577017.513178425] [controller_manager]: Overrun detected! The controller manager missed its desired rate of 125 Hz. The loop took 10.642069 ms (missed cycles : 2).
[ros2_control_node-1] [WARN] [1775577026.591083524] [controller_manager]: Overrun might occur, Total time : 8514.299 us (Expected < 8000.000 us) --> Read time : 50.815 us, Update time : 228.041 us, Write time : 8235.443 us
[ros2_control_node-1] [WARN] [1775577026.591200111] [controller_manager]: Overrun detected! The controller manager missed its desired rate of 125 Hz. The loop took 8.661806 ms (missed cycles : 2).
[ros2_control_node-1] [WARN] [1775577037.039446989] [controller_manager]: Overrun might occur, Total time : 8857.145 us (Expected < 8000.000 us) --> Read time : 99.039 us, Update time : 502.458 us, Write time : 8255.648 us
[ros2_control_node-1] [WARN] [1775577037.039542397] [controller_manager]: Overrun detected! The controller manager missed its desired rate of 125 Hz. The loop took 9.005442 ms (missed cycles : 2).
[ros2_control_node-1] [WARN] [1775577043.831443407] [controller_manager]: Overrun might occur, Total time : 8849.016 us (Expected < 8000.000 us) --> Read time : 112.208 us, Update time : 331.508 us, Write time : 8405.300 us
[ros2_control_node-1] [WARN] [1775577043.831525134] [controller_manager]: Overrun detected! The controller manager missed its desired rate of 125 Hz. The loop took 8.988505 ms (missed cycles : 2).
[ros2_control_node-1] [WARN] [1775577044.920452748] [controller_manager]: Overrun might occur, Total time : 9854.940 us (Expected < 8000.000 us) --> Read time : 75.674 us, Update time : 318.261 us, Write time : 9461.005 us
[ros2_control_node-1] [WARN] [1775577044.920577961] [controller_manager]: Overrun detected! The controller manager missed its desired rate of 125 Hz. The loop took 10.040441 ms (missed cycles : 2).
[ros2_control_node-1] [WARN] [1775577046.543030346] [controller_manager]: Overrun might occur, Total time : 8461.092 us (Expected < 8000.000 us) --> Read time : 52.403 us, Update time : 240.815 us, Write time : 8167.874 us
[ros2_control_node-1] [WARN] [1775577046.543128002] [controller_manager]: Overrun detected! The controller manager missed its desired rate of 125 Hz. The loop took 8.590721 ms (missed cycles : 2).
[ros2_control_node-1] [WARN] [1775577047.808422392] [controller_manager]: Overrun might occur, Total time : 9852.057 us (Expected < 8000.000 us) --> Read time : 53.344 us, Update time : 233.832 us, Write time : 9564.881 us
[ros2_control_node-1] [WARN] [1775577047.808526521] [controller_manager]: Overrun detected! The controller manager missed its desired rate of 125 Hz. The loop took 9.989086 ms (missed cycles : 2).
[ros2_control_node-1] [WARN] [1775577048.888370454] [controller_manager]: Overrun might occur, Total time : 9796.180 us (Expected < 8000.000 us) --> Read time : 70.625 us, Update time : 350.042 us, Write time : 9375.513 us
[ros2_control_node-1] [WARN] [1775577048.888451674] [controller_manager]: Overrun detected! The controller manager missed its desired rate of 125 Hz. The loop took 9.915165 ms (missed cycles : 2).
[ros2_control_node-1] [WARN] [1775577050.256822312] [controller_manager]: Overrun might occur, Total time : 10243.937 us (Expected < 8000.000 us) --> Read time : 83.495 us, Update time : 375.168 us, Write time : 9785.274 us
[ros2_control_node-1] [WARN] [1775577050.256901868] [controller_manager]: Overrun detected! The controller manager missed its desired rate of 125 Hz. The loop took 10.365276 ms (missed cycles : 2).
[ros2_control_node-1] [WARN] [1775577051.343884732] [controller_manager]: Overrun might occur, Total time : 9294.634 us (Expected < 8000.000 us) --> Read time : 80.248 us, Update time : 304.005 us, Write time : 8910.381 us
[ros2_control_node-1] [WARN] [1775577051.344031057] [controller_manager]: Overrun detected! The controller manager missed its desired rate of 125 Hz. The loop took 9.493386 ms (missed cycles : 2).
[ros2_control_node-1] [WARN] [1775577053.039420579] [controller_manager]: Overrun might occur, Total time : 8835.345 us (Expected < 8000.000 us) --> Read time : 91.183 us, Update time : 331.903 us, Write time : 8412.259 us
[ros2_control_node-1] [WARN] [1775577053.039505377] [controller_manager]: Overrun detected! The controller manager missed its desired rate of 125 Hz. The loop took 8.967883 ms (missed cycles : 2).
[ros2_control_node-1] [WARN] [1775577054.175106837] [controller_manager]: Overrun might occur, Total time : 8532.482 us (Expected < 8000.000 us) --> Read time : 63.787 us, Update time : 302.282 us, Write time : 8166.413 us
[ros2_control_node-1] [WARN] [1775577054.175193351] [controller_manager]: Overrun detected! The controller manager missed its desired rate of 125 Hz. The loop took 8.655611 ms (missed cycles : 2).
[ros2_control_node-1] [WARN] [1775577055.418108192] [controller_manager]: Overrun might occur, Total time : 11522.764 us (Expected < 8000.000 us) --> Read time : 91.672 us, Update time : 291.775 us, Write time : 11139.317 us
[ros2_control_node-1] [WARN] [1775577055.418183592] [controller_manager]: Overrun detected! The controller manager missed its desired rate of 125 Hz. The loop took 11.647319 ms (missed cycles : 2).
[ros2_control_node-1] [WARN] [1775577056.832531180] [controller_manager]: Overrun might occur, Total time : 9943.077 us (Expected < 8000.000 us) --> Read time : 75.453 us, Update time : 307.734 us, Write time : 9559.890 us
[ros2_control_node-1] [WARN] [1775577056.832647874] [controller_manager]: Overrun detected! The controller manager missed its desired rate of 125 Hz. The loop took 10.110729 ms (missed cycles : 2).
[ros2_control_node-1] [WARN] [1775577057.847630100] [controller_manager]: Overrun might occur, Total time : 9028.568 us (Expected < 8000.000 us) --> Read time : 94.124 us, Update time : 359.858 us, Write time : 8574.586 us
[ros2_control_node-1] [WARN] [1775577057.847750816] [controller_manager]: Overrun detected! The controller manager missed its desired rate of 125 Hz. The loop took 9.212069 ms (missed cycles : 2).
[ros2_control_node-1] [WARN] [1775577058.855630925] [controller_manager]: Overrun might occur, Total time : 9067.422 us (Expected < 8000.000 us) --> Read time : 43.365 us, Update time : 252.510 us, Write time : 8771.547 us
[ros2_control_node-1] [WARN] [1775577058.855709367] [controller_manager]: Overrun detected! The controller manager missed its desired rate of 125 Hz. The loop took 9.172050 ms (missed cycles : 2).
[ros2_control_node-1] [WARN] [1775577060.439763483] [controller_manager]: Overrun might occur, Total time : 9195.679 us (Expected < 8000.000 us) --> Read time : 72.551 us, Update time : 390.757 us, Write time : 8732.371 us
[ros2_control_node-1] [WARN] [1775577060.439841465] [controller_manager]: Overrun detected! The controller manager missed its desired rate of 125 Hz. The loop took 9.304903 ms (missed cycles : 2).
[ros2_control_node-1] [WARN] [1775577062.247969103] [controller_manager]: Overrun might occur, Total time : 9388.519 us (Expected < 8000.000 us) --> Read time : 81.391 us, Update time : 333.818 us, Write time : 8973.310 us
[ros2_control_node-1] [WARN] [1775577062.248056903] [controller_manager]: Overrun detected! The controller manager missed its desired rate of 125 Hz. The loop took 9.519530 ms (missed cycles : 2).
[ros2_control_node-1] [WARN] [1775577063.511363493] [controller_manager]: Overrun might occur, Total time : 8776.442 us (Expected < 8000.000 us) --> Read time : 124.646 us, Update time : 502.426 us, Write time : 8149.370 us
[ros2_control_node-1] [WARN] [1775577063.511444431] [controller_manager]: Overrun detected! The controller manager missed its desired rate of 125 Hz. The loop took 8.907828 ms (missed cycles : 2).
[ros2_control_node-1] [WARN] [1775577064.831430921] [controller_manager]: Overrun might occur, Total time : 8859.582 us (Expected < 8000.000 us) --> Read time : 44.148 us, Update time : 216.421 us, Write time : 8599.013 us
[ros2_control_node-1] [WARN] [1775577064.831551694] [controller_manager]: Overrun detected! The controller manager missed its desired rate of 125 Hz. The loop took 9.015086 ms (missed cycles : 2).
[ros2_control_node-1] [WARN] [1775577067.345368221] [controller_manager]: Overrun might occur, Total time : 10800.182 us (Expected < 8000.000 us) --> Read time : 64.775 us, Update time : 249.369 us, Write time : 10486.038 us
[ros2_control_node-1] [WARN] [1775577067.345457282] [controller_manager]: Overrun detected! The controller manager missed its desired rate of 125 Hz. The loop took 10.919662 ms (missed cycles : 2).
[ros2_control_node-1] [WARN] [1775577069.655931280] [controller_manager]: Overrun might occur, Total time : 9351.378 us (Expected < 8000.000 us) --> Read time : 77.931 us, Update time : 280.893 us, Write time : 8992.554 us
[ros2_control_node-1] [WARN] [1775577069.656023762] [controller_manager]: Overrun detected! The controller manager missed its desired rate of 125 Hz. The loop took 9.487171 ms (missed cycles : 2).
[ros2_control_node-1] [WARN] [1775577072.089129310] [controller_manager]: Overrun might occur, Total time : 10549.378 us (Expected < 8000.000 us) --> Read time : 64.535 us, Update time : 366.396 us, Write time : 10118.447 us
[ros2_control_node-1] [WARN] [1775577072.089249143] [controller_manager]: Overrun detected! The controller manager missed its desired rate of 125 Hz. The loop took 10.711761 ms (missed cycles : 2).
[ros2_control_node-1] [WARN] [1775577073.335603076] [controller_manager]: Overrun might occur, Total time : 9017.396 us (Expected < 8000.000 us) --> Read time : 101.858 us, Update time : 377.204 us, Write time : 8538.334 us
[ros2_control_node-1] [WARN] [1775577073.335678840] [controller_manager]: Overrun detected! The controller manager missed its desired rate of 125 Hz. The loop took 9.142327 ms (missed cycles : 2).
[ros2_control_node-1] [WARN] [1775577074.447274276] [controller_manager]: Overrun might occur, Total time : 8702.145 us (Expected < 8000.000 us) --> Read time : 59.920 us, Update time : 228.875 us, Write time : 8413.350 us
[ros2_control_node-1] [WARN] [1775577074.447371003] [controller_manager]: Overrun detected! The controller manager missed its desired rate of 125 Hz. The loop took 8.833856 ms (missed cycles : 2).
[ros2_control_node-1] [WARN] [1775577075.775367858] [controller_manager]: Overrun might occur, Total time : 8791.740 us (Expected < 8000.000 us) --> Read time : 69.665 us, Update time : 338.064 us, Write time : 8384.011 us
[ros2_control_node-1] [WARN] [1775577075.775451822] [controller_manager]: Overrun detected! The controller manager missed its desired rate of 125 Hz. The loop took 8.914799 ms (missed cycles : 2).
[ros2_control_node-1] [WARN] [1775577077.187573486] [controller_manager]: Overrun might occur, Total time : 20979.879 us (Expected < 8000.000 us) --> Read time : 99.410 us, Update time : 381.510 us, Write time : 20498.959 us
[ros2_control_node-1] [WARN] [1775577077.187663433] [controller_manager]: Overrun detected! The controller manager missed its desired rate of 125 Hz. The loop took 21.126927 ms (missed cycles : 3).
[ros2_control_node-1] [WARN] [1775577078.673426837] [controller_manager]: Overrun might occur, Total time : 10861.333 us (Expected < 8000.000 us) --> Read time : 48.713 us, Update time : 221.553 us, Write time : 10591.067 us
[ros2_control_node-1] [WARN] [1775577078.673503846] [controller_manager]: Overrun detected! The controller manager missed its desired rate of 125 Hz. The loop took 10.967516 ms (missed cycles : 2).
[ros2_control_node-1] [WARN] [1775577079.735326589] [controller_manager]: Overrun might occur, Total time : 8734.645 us (Expected < 8000.000 us) --> Read time : 83.559 us, Update time : 326.949 us, Write time : 8324.137 us
[ros2_control_node-1] [WARN] [1775577079.735413045] [controller_manager]: Overrun detected! The controller manager missed its desired rate of 125 Hz. The loop took 8.875456 ms (missed cycles : 2).
[ros2_control_node-1] [WARN] [1775577083.551400907] [controller_manager]: Overrun might occur, Total time : 8820.852 us (Expected < 8000.000 us) --> Read time : 67.724 us, Update time : 278.042 us, Write time : 8475.086 us
[ros2_control_node-1] [WARN] [1775577083.551493790] [controller_manager]: Overrun detected! The controller manager missed its desired rate of 125 Hz. The loop took 8.956847 ms (missed cycles : 2).
[ros2_control_node-1] [WARN] [1775577085.111362759] [controller_manager]: Overrun might occur, Total time : 8780.358 us (Expected < 8000.000 us) --> Read time : 76.473 us, Update time : 547.268 us, Write time : 8156.617 us
[ros2_control_node-1] [WARN] [1775577085.111446567] [controller_manager]: Overrun detected! The controller manager missed its desired rate of 125 Hz. The loop took 8.909782 ms (missed cycles : 2).
[ros2_control_node-1] [WARN] [1775577086.353391680] [controller_manager]: Overrun might occur, Total time : 10823.651 us (Expected < 8000.000 us) --> Read time : 61.387 us, Update time : 282.464 us, Write time : 10479.800 us
[ros2_control_node-1] [WARN] [1775577086.353471244] [controller_manager]: Overrun detected! The controller manager missed its desired rate of 125 Hz. The loop took 10.934617 ms (missed cycles : 2).
[ros2_control_node-1] [WARN] [1775577087.543049373] [controller_manager]: Overrun might occur, Total time : 16482.368 us (Expected < 8000.000 us) --> Read time : 54.441 us, Update time : 272.594 us, Write time : 16155.333 us
[ros2_control_node-1] [WARN] [1775577087.543124265] [controller_manager]: Overrun detected! The controller manager missed its desired rate of 125 Hz. The loop took 16.587933 ms (missed cycles : 3).
[ros2_control_node-1] [WARN] [1775577088.584443309] [controller_manager]: Overrun might occur, Total time : 9867.014 us (Expected < 8000.000 us) --> Read time : 57.106 us, Update time : 256.177 us, Write time : 9553.731 us
[ros2_control_node-1] [WARN] [1775577088.584527416] [controller_manager]: Overrun detected! The controller manager missed its desired rate of 125 Hz. The loop took 9.990217 ms (missed cycles : 2).
