
===== 2026-04-07T11:48:07-04:00 | T4_apriltag_vision =====
cwd=/home/carrt-cse-project/workspace/ros2_kortex_ws
cmd=ros2 run adl_tasks vision_apriltag --ros-args -p detector_backend:=opencv 

[INFO] [1775576888.986836435] [vision_apriltag_node]: Vision AprilTag Node Started
[INFO] [1775576888.988160016] [vision_apriltag_node]: Subscribing to camera topic: /wrist_mounted_camera/image
[INFO] [1775576888.989180474] [vision_apriltag_node]: Subscribing to camera info topic: /wrist_mounted_camera/camera_info
[INFO] [1775576888.990210952] [vision_apriltag_node]: Camera frame: wrist_mounted_camera_color_optical_frame | use_image_header_frame=True
[INFO] [1775576888.991800167] [vision_apriltag_node]: Tag size: 0.025m | Timeout: 5.0s | camera_params=[554.25, 554.25, 320.0, 240.0] | families=tag36h11 | quad_decimate=1.0 | requested_backend=opencv | backend=cv2.aruco | use_image_timestamp_for_tf=False
[INFO] [1775576888.993479368] [vision_apriltag_node]: pupil_apriltags tuning: nthreads=1, quad_sigma=0.0, refine_edges=1, decode_sharpening=0.25, debug=0, preprocess_variants=['raw', 'clahe', 'adaptive', 'clahe_sharp', 'clahe_up2', 'sharp_up2']
[INFO] [1775576888.994749916] [vision_apriltag_node]: Publishing AprilTag debug images on /vision_apriltag/debug_image at up to 1.0 Hz.
[WARN] [1775576890.948549291] [vision_apriltag_node]: Vision AprilTag: no images received yet on /wrist_mounted_camera/image.
[INFO] [1775576891.997951359] [vision_apriltag_node]: Vision AprilTag camera model updated from CameraInfo: size=1280x720, fx=920.87, fy=921.57, cx=644.76, cy=343.15, d=[0.0, 0.0, 0.0, 0.0, 0.0]
[INFO] [1775576892.246603869] [vision_apriltag_node]: Vision AprilTag detection debug: 4:cv2.aruco:sharp_up2@(786,293)
[INFO] [1775576892.252236511] [vision_apriltag_node]: Vision AprilTag visible IDs: [4]
[INFO] [1775576897.296919683] [vision_apriltag_node]: Vision AprilTag detection debug: no tags found after raw/CLAHE/sharp/adaptive/upscaled passes.
[INFO] [1775576902.378198029] [vision_apriltag_node]: Vision AprilTag detection debug: no tags found after raw/CLAHE/sharp/adaptive/upscaled passes.
[INFO] [1775576907.585970295] [vision_apriltag_node]: Vision AprilTag detection debug: no tags found after raw/CLAHE/sharp/adaptive/upscaled passes.
[INFO] [1775576912.573477394] [vision_apriltag_node]: Vision AprilTag detection debug: no tags found after raw/CLAHE/sharp/adaptive/upscaled passes.
[INFO] [1775576917.577841164] [vision_apriltag_node]: Vision AprilTag detection debug: 4:cv2.aruco:clahe_sharp@(787,292)
[INFO] [1775576922.673383610] [vision_apriltag_node]: Vision AprilTag detection debug: no tags found after raw/CLAHE/sharp/adaptive/upscaled passes.
[INFO] [1775576925.054138302] [vision_apriltag_node]: Vision AprilTag: images are arriving, but no AprilTag has been seen for 2.1s.
[INFO] [1775576927.925996185] [vision_apriltag_node]: Vision AprilTag detection debug: no tags found after raw/CLAHE/sharp/adaptive/upscaled passes.
[INFO] [1775576928.918122097] [vision_apriltag_node]: Service: Tag 4 found and base-frame pose returned.
[INFO] [1775576928.948464068] [vision_apriltag_node]: Vision AprilTag: images are arriving, but no AprilTag has been seen for 2.3s.
[INFO] [1775576929.022381739] [vision_apriltag_node]: Service: Tag 4 found and base-frame pose returned.
[INFO] [1775576929.120730042] [vision_apriltag_node]: Service: Tag 4 found and base-frame pose returned.
[INFO] [1775576929.301979318] [vision_apriltag_node]: Service: Tag 4 found and base-frame pose returned.
[INFO] [1775576929.323365363] [vision_apriltag_node]: Service: Tag 4 found and base-frame pose returned.
[INFO] [1775576929.392849868] [vision_apriltag_node]: Service: Tag 4 found and base-frame pose returned.
[INFO] [1775576929.423248366] [vision_apriltag_node]: Service: Tag 4 found and base-frame pose returned.
[INFO] [1775576929.523513108] [vision_apriltag_node]: Service: Tag 4 found and base-frame pose returned.
[INFO] [1775576929.624163193] [vision_apriltag_node]: Service: Tag 4 found and base-frame pose returned.
[INFO] [1775576929.724302577] [vision_apriltag_node]: Service: Tag 4 found and base-frame pose returned.
[INFO] [1775576929.826234710] [vision_apriltag_node]: Service: Tag 4 found and base-frame pose returned.
[INFO] [1775576929.927033809] [vision_apriltag_node]: Service: Tag 4 found and base-frame pose returned.
[INFO] [1775576930.229444235] [vision_apriltag_node]: Service: Tag 4 found and base-frame pose returned.
[INFO] [1775576930.327480887] [vision_apriltag_node]: Service: Tag 4 found and base-frame pose returned.
[INFO] [1775576930.585981181] [vision_apriltag_node]: Service: Tag 4 found and base-frame pose returned.
[INFO] [1775576930.635275432] [vision_apriltag_node]: Service: Tag 4 found and base-frame pose returned.
[INFO] [1775576930.796772038] [vision_apriltag_node]: Service: Tag 4 found and base-frame pose returned.
[INFO] [1775576930.830131194] [vision_apriltag_node]: Service: Tag 4 found and base-frame pose returned.
[INFO] [1775576930.930922309] [vision_apriltag_node]: Service: Tag 4 found and base-frame pose returned.
[INFO] [1775576931.031476550] [vision_apriltag_node]: Service: Tag 4 found and base-frame pose returned.
[INFO] [1775576931.144944037] [vision_apriltag_node]: Service: Tag 4 found and base-frame pose returned.
[INFO] [1775576931.232317247] [vision_apriltag_node]: Service: Tag 4 found and base-frame pose returned.
[INFO] [1775576931.348497681] [vision_apriltag_node]: Service: Tag 4 found and base-frame pose returned.
[INFO] [1775576931.363467902] [vision_apriltag_node]: Service: Tag 4 found and base-frame pose returned.
[INFO] [1775576931.435192385] [vision_apriltag_node]: Service: Tag 4 found and base-frame pose returned.
[INFO] [1775576931.535380715] [vision_apriltag_node]: Service: Tag 4 found and base-frame pose returned.
[INFO] [1775576931.635180318] [vision_apriltag_node]: Service: Tag 4 found and base-frame pose returned.
[INFO] [1775576931.748017077] [vision_apriltag_node]: Service: Tag 4 found and base-frame pose returned.
[INFO] [1775576931.836081086] [vision_apriltag_node]: Service: Tag 4 found and base-frame pose returned.
[INFO] [1775576931.937239354] [vision_apriltag_node]: Service: Tag 4 found and base-frame pose returned.
[INFO] [1775576932.037212933] [vision_apriltag_node]: Service: Tag 4 found and base-frame pose returned.
[INFO] [1775576932.138665178] [vision_apriltag_node]: Service: Tag 4 found and base-frame pose returned.
[INFO] [1775576932.238073306] [vision_apriltag_node]: Service: Tag 4 found and base-frame pose returned.
[INFO] [1775576932.338671668] [vision_apriltag_node]: Service: Tag 4 found and base-frame pose returned.
[INFO] [1775576932.364099847] [vision_apriltag_node]: Service: Tag 4 found and base-frame pose returned.
[INFO] [1775576932.439274093] [vision_apriltag_node]: Service: Tag 4 found and base-frame pose returned.
[INFO] [1775576932.539243505] [vision_apriltag_node]: Service: Tag 4 found and base-frame pose returned.
[INFO] [1775576932.640217262] [vision_apriltag_node]: Service: Tag 4 found and base-frame pose returned.
[INFO] [1775576932.740058106] [vision_apriltag_node]: Service: Tag 4 found and base-frame pose returned.
[INFO] [1775576932.841056124] [vision_apriltag_node]: Service: Tag 4 found and base-frame pose returned.
[INFO] [1775576932.909493254] [vision_apriltag_node]: Vision AprilTag detection debug: no tags found after raw/CLAHE/sharp/adaptive/upscaled passes.
[INFO] [1775576932.940997877] [vision_apriltag_node]: Service: Tag 4 found and base-frame pose returned.
[INFO] [1775576933.041492316] [vision_apriltag_node]: Service: Tag 4 found and base-frame pose returned.
[INFO] [1775576933.141567388] [vision_apriltag_node]: Service: Tag 4 found and base-frame pose returned.
[INFO] [1775576933.242002492] [vision_apriltag_node]: Service: Tag 4 found and base-frame pose returned.
[INFO] [1775576933.344746163] [vision_apriltag_node]: Service: Tag 4 found and base-frame pose returned.
[INFO] [1775576933.363206121] [vision_apriltag_node]: Service: Tag 4 found and base-frame pose returned.
[INFO] [1775576933.445619867] [vision_apriltag_node]: Service: Tag 4 found and base-frame pose returned.
[INFO] [1775576933.545350101] [vision_apriltag_node]: Service: Tag 4 found and base-frame pose returned.
[INFO] [1775576933.645342297] [vision_apriltag_node]: Service: Tag 4 found and base-frame pose returned.
[INFO] [1775576933.745206131] [vision_apriltag_node]: Service: Tag 4 found and base-frame pose returned.
[INFO] [1775576933.846203224] [vision_apriltag_node]: Service: Tag 4 found and base-frame pose returned.
[INFO] [1775576938.165418211] [vision_apriltag_node]: Vision AprilTag detection debug: no tags found after raw/CLAHE/sharp/adaptive/upscaled passes.
[INFO] [1775576941.118863426] [vision_apriltag_node]: Vision AprilTag: images are arriving, but no AprilTag has been seen for 2.5s.
[INFO] [1775576943.212964706] [vision_apriltag_node]: Vision AprilTag detection debug: no tags found after raw/CLAHE/sharp/adaptive/upscaled passes.
[INFO] [1775576947.149436964] [vision_apriltag_node]: Vision AprilTag: images are arriving, but no AprilTag has been seen for 3.4s.
[INFO] [1775576948.342752601] [vision_apriltag_node]: Vision AprilTag detection debug: no tags found after raw/CLAHE/sharp/adaptive/upscaled passes.
[INFO] [1775576951.268664429] [vision_apriltag_node]: Vision AprilTag: images are arriving, but no AprilTag has been seen for 2.4s.
[INFO] [1775576953.429262170] [vision_apriltag_node]: Vision AprilTag detection debug: no tags found after raw/CLAHE/sharp/adaptive/upscaled passes.
[INFO] [1775576958.457358506] [vision_apriltag_node]: Vision AprilTag detection debug: no tags found after raw/CLAHE/sharp/adaptive/upscaled passes.
[INFO] [1775576959.131585006] [vision_apriltag_node]: Vision AprilTag: images are arriving, but no AprilTag has been seen for 3.7s.
[INFO] [1775576963.496640597] [vision_apriltag_node]: Vision AprilTag detection debug: no tags found after raw/CLAHE/sharp/adaptive/upscaled passes.
[INFO] [1775576968.717778812] [vision_apriltag_node]: Vision AprilTag detection debug: no tags found after raw/CLAHE/sharp/adaptive/upscaled passes.
[INFO] [1775576968.995182262] [vision_apriltag_node]: Vision AprilTag: images are arriving, but no AprilTag has been seen for 3.2s.
[INFO] [1775576970.849461016] [vision_apriltag_node]: Removed stale tag ID 4 from detected tags
[INFO] [1775576971.009565847] [vision_apriltag_node]: Vision AprilTag: images are arriving, but no AprilTag has been seen for 5.3s.
[INFO] [1775576972.949866627] [vision_apriltag_node]: Vision AprilTag: images are arriving, but no AprilTag has been seen for 7.2s.
[INFO] [1775576973.735218985] [vision_apriltag_node]: Vision AprilTag detection debug: no tags found after raw/CLAHE/sharp/adaptive/upscaled passes.
[INFO] [1775576974.536816035] [vision_apriltag_node]: Vision AprilTag visible IDs: [4]
[INFO] [1775576976.961230543] [vision_apriltag_node]: Vision AprilTag: images are arriving, but no AprilTag has been seen for 2.4s.
[INFO] [1775576978.805618197] [vision_apriltag_node]: Vision AprilTag detection debug: no tags found after raw/CLAHE/sharp/adaptive/upscaled passes.
[INFO] [1775576979.140211798] [vision_apriltag_node]: Vision AprilTag: images are arriving, but no AprilTag has been seen for 4.6s.
[INFO] [1775576979.721027598] [vision_apriltag_node]: Removed stale tag ID 4 from detected tags
[INFO] [1775576981.001707756] [vision_apriltag_node]: Vision AprilTag: images are arriving, but no AprilTag has been seen for 6.5s.
[INFO] [1775576982.609349648] [vision_apriltag_node]: Vision AprilTag visible IDs: [4]
[INFO] [1775576983.797559652] [vision_apriltag_node]: Vision AprilTag detection debug: no tags found after raw/CLAHE/sharp/adaptive/upscaled passes.
[INFO] [1775576984.949874491] [vision_apriltag_node]: Vision AprilTag: images are arriving, but no AprilTag has been seen for 2.3s.
[INFO] [1775576988.848755971] [vision_apriltag_node]: Vision AprilTag detection debug: no tags found after raw/CLAHE/sharp/adaptive/upscaled passes.
[INFO] [1775576988.949370979] [vision_apriltag_node]: Vision AprilTag: images are arriving, but no AprilTag has been seen for 3.4s.
[INFO] [1775576990.648542849] [vision_apriltag_node]: Removed stale tag ID 4 from detected tags
[INFO] [1775576990.966102660] [vision_apriltag_node]: Vision AprilTag: images are arriving, but no AprilTag has been seen for 5.4s.
[INFO] [1775576992.949000637] [vision_apriltag_node]: Vision AprilTag: images are arriving, but no AprilTag has been seen for 7.4s.
[INFO] [1775576993.896894359] [vision_apriltag_node]: Vision AprilTag detection debug: no tags found after raw/CLAHE/sharp/adaptive/upscaled passes.
[INFO] [1775576994.950090428] [vision_apriltag_node]: Vision AprilTag: images are arriving, but no AprilTag has been seen for 9.4s.
[INFO] [1775576997.197972703] [vision_apriltag_node]: Vision AprilTag: images are arriving, but no AprilTag has been seen for 11.6s.
[INFO] [1775576998.958995574] [vision_apriltag_node]: Vision AprilTag detection debug: no tags found after raw/CLAHE/sharp/adaptive/upscaled passes.
[INFO] [1775576998.961356505] [vision_apriltag_node]: Vision AprilTag: images are arriving, but no AprilTag has been seen for 13.4s.
[INFO] [1775577001.063767128] [vision_apriltag_node]: Vision AprilTag: images are arriving, but no AprilTag has been seen for 15.5s.
[INFO] [1775577002.946281608] [vision_apriltag_node]: Vision AprilTag visible IDs: [4]
[INFO] [1775577004.177498659] [vision_apriltag_node]: Vision AprilTag detection debug: no tags found after raw/CLAHE/sharp/adaptive/upscaled passes.
[INFO] [1775577004.951290875] [vision_apriltag_node]: Vision AprilTag: images are arriving, but no AprilTag has been seen for 2.0s.
[INFO] [1775577009.298215989] [vision_apriltag_node]: Vision AprilTag detection debug: no tags found after raw/CLAHE/sharp/adaptive/upscaled passes.
[INFO] [1775577014.335839788] [vision_apriltag_node]: Vision AprilTag detection debug: no tags found after raw/CLAHE/sharp/adaptive/upscaled passes.
[INFO] [1775577018.950180556] [vision_apriltag_node]: Vision AprilTag: images are arriving, but no AprilTag has been seen for 2.5s.
[INFO] [1775577019.466959756] [vision_apriltag_node]: Vision AprilTag detection debug: no tags found after raw/CLAHE/sharp/adaptive/upscaled passes.
[INFO] [1775577021.026012579] [vision_apriltag_node]: Vision AprilTag: images are arriving, but no AprilTag has been seen for 4.5s.
[INFO] [1775577021.556076051] [vision_apriltag_node]: Removed stale tag ID 4 from detected tags
[INFO] [1775577023.160467553] [vision_apriltag_node]: Vision AprilTag: images are arriving, but no AprilTag has been seen for 6.7s.
[INFO] [1775577023.258293988] [vision_apriltag_node]: Vision AprilTag visible IDs: [4]
[INFO] [1775577024.545616833] [vision_apriltag_node]: Vision AprilTag detection debug: no tags found after raw/CLAHE/sharp/adaptive/upscaled passes.
[INFO] [1775577028.948937519] [vision_apriltag_node]: Vision AprilTag: images are arriving, but no AprilTag has been seen for 3.0s.
[INFO] [1775577029.688833633] [vision_apriltag_node]: Vision AprilTag detection debug: no tags found after raw/CLAHE/sharp/adaptive/upscaled passes.
[INFO] [1775577030.920549094] [vision_apriltag_node]: Removed stale tag ID 4 from detected tags
[INFO] [1775577031.002438096] [vision_apriltag_node]: Vision AprilTag: images are arriving, but no AprilTag has been seen for 5.1s.
[INFO] [1775577032.340353168] [vision_apriltag_node]: Vision AprilTag visible IDs: [4]
[INFO] [1775577035.062324870] [vision_apriltag_node]: Vision AprilTag detection debug: no tags found after raw/CLAHE/sharp/adaptive/upscaled passes.
[INFO] [1775577037.095026561] [vision_apriltag_node]: Vision AprilTag: images are arriving, but no AprilTag has been seen for 3.0s.
[INFO] [1775577040.105962790] [vision_apriltag_node]: Vision AprilTag detection debug: no tags found after raw/CLAHE/sharp/adaptive/upscaled passes.
[INFO] [1775577043.078137654] [vision_apriltag_node]: Vision AprilTag: images are arriving, but no AprilTag has been seen for 3.7s.
[INFO] [1775577045.672465078] [vision_apriltag_node]: Vision AprilTag detection debug: no tags found after raw/CLAHE/sharp/adaptive/upscaled passes.
[INFO] [1775577046.949699358] [vision_apriltag_node]: Vision AprilTag: images are arriving, but no AprilTag has been seen for 2.8s.
[INFO] [1775577050.714166047] [vision_apriltag_node]: Vision AprilTag detection debug: no tags found after raw/CLAHE/sharp/adaptive/upscaled passes.
[INFO] [1775577053.351589697] [vision_apriltag_node]: Vision AprilTag: images are arriving, but no AprilTag has been seen for 2.7s.
[INFO] [1775577055.953556801] [vision_apriltag_node]: Vision AprilTag detection debug: 4:cv2.aruco:sharp_up2@(787,294)
[INFO] [1775577061.221601893] [vision_apriltag_node]: Vision AprilTag detection debug: no tags found after raw/CLAHE/sharp/adaptive/upscaled passes.
[INFO] [1775577066.227069917] [vision_apriltag_node]: Vision AprilTag detection debug: no tags found after raw/CLAHE/sharp/adaptive/upscaled passes.
[INFO] [1775577066.955269838] [vision_apriltag_node]: Vision AprilTag: images are arriving, but no AprilTag has been seen for 3.1s.
[INFO] [1775577071.580762560] [vision_apriltag_node]: Vision AprilTag detection debug: no tags found after raw/CLAHE/sharp/adaptive/upscaled passes.
[INFO] [1775577076.910072057] [vision_apriltag_node]: Vision AprilTag detection debug: no tags found after raw/CLAHE/sharp/adaptive/upscaled passes.
[INFO] [1775577081.959490770] [vision_apriltag_node]: Vision AprilTag detection debug: no tags found after raw/CLAHE/sharp/adaptive/upscaled passes.
[INFO] [1775577086.987444913] [vision_apriltag_node]: Vision AprilTag detection debug: no tags found after raw/CLAHE/sharp/adaptive/upscaled passes.
