
===== 2026-04-07T11:48:16-04:00 | T5_scene_from_vision =====
cwd=/home/carrt-cse-project/workspace/ros2_kortex_ws
cmd=ros2 run adl_tasks scene_from_vision --ros-args -p scan_prune_unseen_objects:=true -p cube_world_x_offset_m:=0.0 -p cube_world_y_offset_m:=0.0 

[INFO] [1775576897.285692974] [scene_from_vision_node]: Scene From Vision Node Started
[INFO] [1775576897.362727171] [scene_from_vision_node]: SceneFromVision: Updating planning scene. Tracking 5 object shape(s). memory_mode=True, scan_duration_s=5.0, scan_min_samples=3, scan_prune_unseen_objects=True, continuous_scene_updates=False, side_viewpoint=wrist_mounted_camera_color_optical_frame->base_link, reject_table_objects_outside_bounds=False.
[INFO] [1775576897.364693795] [scene_from_vision_node]: SceneFromVision calibration: xy_offset=(0.000, 0.000), z_offset=0.000, yaw_deg=0.00, xy_scale=1.0000, clamp_table_objects_to_table_bounds=False, table_bounds_margin_m=0.030.
[INFO] [1775576897.366598681] [scene_from_vision_node]: SceneFromVision object offsets: remote_axis=y, remote_tag_to_center_sign=1.0, remote_tag_from_end_m=0.020, cube_tag_to_center=(0.000, 0.000), cube_world_offset=(0.000, 0.000), medication_face_to_center_m=0.030, cup_face_to_center_m=0.037.
[INFO] [1775576928.915939135] [scene_from_vision_node]: Scene scan started for 5.0s. Visible detections will be sampled, filtered, and committed at scan end.
[INFO] [1775576933.949620498] [scene_from_vision_node]: Scan committed tag 4: raw=51, accepted=51, rejected=0, median tag pose x=0.802, y=-0.156, z=-0.039. object center x=0.802, y=-0.156, z=0.117. table_delta x=+0.121, y=-0.156.
[INFO] [1775576933.954045962] [scene_from_vision_node]: Published obj_4 (new) at x=0.802, y=-0.156, z=0.117
[INFO] [1775576933.959009068] [scene_from_vision_node]: Scene scan complete. Remembered object IDs: [4]
[INFO] [1775576936.365186844] [scene_from_vision_node]: Published obj_4 (heartbeat) at x=0.802, y=-0.156, z=0.117
[INFO] [1775576938.864160623] [scene_from_vision_node]: Published obj_4 (heartbeat) at x=0.802, y=-0.156, z=0.117
[INFO] [1775576941.366578666] [scene_from_vision_node]: Published obj_4 (heartbeat) at x=0.802, y=-0.156, z=0.117
[INFO] [1775576943.863588048] [scene_from_vision_node]: Published obj_4 (heartbeat) at x=0.802, y=-0.156, z=0.117
[INFO] [1775576946.363765833] [scene_from_vision_node]: Published obj_4 (heartbeat) at x=0.802, y=-0.156, z=0.117
[INFO] [1775576948.364750073] [scene_from_vision_node]: Published obj_4 (heartbeat) at x=0.802, y=-0.156, z=0.117
[INFO] [1775576950.863934855] [scene_from_vision_node]: Published obj_4 (heartbeat) at x=0.802, y=-0.156, z=0.117
[INFO] [1775576953.366599414] [scene_from_vision_node]: Published obj_4 (heartbeat) at x=0.802, y=-0.156, z=0.117
[INFO] [1775576955.864942211] [scene_from_vision_node]: Published obj_4 (heartbeat) at x=0.802, y=-0.156, z=0.117
[INFO] [1775576958.364585080] [scene_from_vision_node]: Published obj_4 (heartbeat) at x=0.802, y=-0.156, z=0.117
[INFO] [1775576960.369450395] [scene_from_vision_node]: Published obj_4 (heartbeat) at x=0.802, y=-0.156, z=0.117
[INFO] [1775576962.864050990] [scene_from_vision_node]: Published obj_4 (heartbeat) at x=0.802, y=-0.156, z=0.117
[INFO] [1775576965.364181896] [scene_from_vision_node]: Published obj_4 (heartbeat) at x=0.802, y=-0.156, z=0.117
[INFO] [1775576967.365024694] [scene_from_vision_node]: Published obj_4 (heartbeat) at x=0.802, y=-0.156, z=0.117
[INFO] [1775576969.864142837] [scene_from_vision_node]: Published obj_4 (heartbeat) at x=0.802, y=-0.156, z=0.117
[INFO] [1775576972.364239619] [scene_from_vision_node]: Published obj_4 (heartbeat) at x=0.802, y=-0.156, z=0.117
[INFO] [1775576974.369145420] [scene_from_vision_node]: Published obj_4 (heartbeat) at x=0.802, y=-0.156, z=0.117
[INFO] [1775576976.864032118] [scene_from_vision_node]: Published obj_4 (heartbeat) at x=0.802, y=-0.156, z=0.117
[INFO] [1775576978.864215504] [scene_from_vision_node]: Published obj_4 (heartbeat) at x=0.802, y=-0.156, z=0.117
[INFO] [1775576980.869565309] [scene_from_vision_node]: Published obj_4 (heartbeat) at x=0.802, y=-0.156, z=0.117
[INFO] [1775576983.364160528] [scene_from_vision_node]: Published obj_4 (heartbeat) at x=0.802, y=-0.156, z=0.117
[INFO] [1775576985.364220376] [scene_from_vision_node]: Published obj_4 (heartbeat) at x=0.802, y=-0.156, z=0.117
[INFO] [1775576987.863251011] [scene_from_vision_node]: Published obj_4 (heartbeat) at x=0.802, y=-0.156, z=0.117
[INFO] [1775576989.869107761] [scene_from_vision_node]: Published obj_4 (heartbeat) at x=0.802, y=-0.156, z=0.117
[INFO] [1775576992.364859117] [scene_from_vision_node]: Published obj_4 (heartbeat) at x=0.802, y=-0.156, z=0.117
[INFO] [1775576994.863509448] [scene_from_vision_node]: Published obj_4 (heartbeat) at x=0.802, y=-0.156, z=0.117
[INFO] [1775576997.364429034] [scene_from_vision_node]: Published obj_4 (heartbeat) at x=0.802, y=-0.156, z=0.117
[INFO] [1775576999.364086015] [scene_from_vision_node]: Published obj_4 (heartbeat) at x=0.802, y=-0.156, z=0.117
[INFO] [1775577001.365607375] [scene_from_vision_node]: Published obj_4 (heartbeat) at x=0.802, y=-0.156, z=0.117
[INFO] [1775577003.863859059] [scene_from_vision_node]: Published obj_4 (heartbeat) at x=0.802, y=-0.156, z=0.117
[INFO] [1775577005.864207470] [scene_from_vision_node]: Published obj_4 (heartbeat) at x=0.802, y=-0.156, z=0.117
[INFO] [1775577008.366518854] [scene_from_vision_node]: Published obj_4 (heartbeat) at x=0.802, y=-0.156, z=0.117
[INFO] [1775577010.863654195] [scene_from_vision_node]: Published obj_4 (heartbeat) at x=0.802, y=-0.156, z=0.117
[INFO] [1775577012.864652293] [scene_from_vision_node]: Published obj_4 (heartbeat) at x=0.802, y=-0.156, z=0.117
[INFO] [1775577015.373269564] [scene_from_vision_node]: Published obj_4 (heartbeat) at x=0.802, y=-0.156, z=0.117
[INFO] [1775577017.868992477] [scene_from_vision_node]: Published obj_4 (heartbeat) at x=0.802, y=-0.156, z=0.117
[INFO] [1775577020.363869575] [scene_from_vision_node]: Published obj_4 (heartbeat) at x=0.802, y=-0.156, z=0.117
[INFO] [1775577022.867135531] [scene_from_vision_node]: Published obj_4 (heartbeat) at x=0.802, y=-0.156, z=0.117
[INFO] [1775577025.364201773] [scene_from_vision_node]: Published obj_4 (heartbeat) at x=0.802, y=-0.156, z=0.117
[INFO] [1775577027.864631285] [scene_from_vision_node]: Published obj_4 (heartbeat) at x=0.802, y=-0.156, z=0.117
[INFO] [1775577029.864440488] [scene_from_vision_node]: Published obj_4 (heartbeat) at x=0.802, y=-0.156, z=0.117
[INFO] [1775577031.864093149] [scene_from_vision_node]: Published obj_4 (heartbeat) at x=0.802, y=-0.156, z=0.117
[INFO] [1775577033.868005191] [scene_from_vision_node]: Published obj_4 (heartbeat) at x=0.802, y=-0.156, z=0.117
[INFO] [1775577036.367882514] [scene_from_vision_node]: Published obj_4 (heartbeat) at x=0.802, y=-0.156, z=0.117
[INFO] [1775577038.868203505] [scene_from_vision_node]: Published obj_4 (heartbeat) at x=0.802, y=-0.156, z=0.117
[INFO] [1775577041.363904001] [scene_from_vision_node]: Published obj_4 (heartbeat) at x=0.802, y=-0.156, z=0.117
[INFO] [1775577043.365045612] [scene_from_vision_node]: Published obj_4 (heartbeat) at x=0.802, y=-0.156, z=0.117
[INFO] [1775577045.864244377] [scene_from_vision_node]: Published obj_4 (heartbeat) at x=0.802, y=-0.156, z=0.117
[INFO] [1775577047.868260660] [scene_from_vision_node]: Published obj_4 (heartbeat) at x=0.802, y=-0.156, z=0.117
[INFO] [1775577050.376336304] [scene_from_vision_node]: Published obj_4 (heartbeat) at x=0.802, y=-0.156, z=0.117
[INFO] [1775577052.373524214] [scene_from_vision_node]: Published obj_4 (heartbeat) at x=0.802, y=-0.156, z=0.117
[INFO] [1775577054.867206404] [scene_from_vision_node]: Published obj_4 (heartbeat) at x=0.802, y=-0.156, z=0.117
[INFO] [1775577056.868006263] [scene_from_vision_node]: Published obj_4 (heartbeat) at x=0.802, y=-0.156, z=0.117
[INFO] [1775577059.366080992] [scene_from_vision_node]: Published obj_4 (heartbeat) at x=0.802, y=-0.156, z=0.117
[INFO] [1775577061.868156108] [scene_from_vision_node]: Published obj_4 (heartbeat) at x=0.802, y=-0.156, z=0.117
[INFO] [1775577064.364787153] [scene_from_vision_node]: Published obj_4 (heartbeat) at x=0.802, y=-0.156, z=0.117
[INFO] [1775577066.366061102] [scene_from_vision_node]: Published obj_4 (heartbeat) at x=0.802, y=-0.156, z=0.117
[INFO] [1775577068.865761495] [scene_from_vision_node]: Published obj_4 (heartbeat) at x=0.802, y=-0.156, z=0.117
[INFO] [1775577070.867559708] [scene_from_vision_node]: Published obj_4 (heartbeat) at x=0.802, y=-0.156, z=0.117
[INFO] [1775577073.366671028] [scene_from_vision_node]: Published obj_4 (heartbeat) at x=0.802, y=-0.156, z=0.117
[INFO] [1775577075.374791827] [scene_from_vision_node]: Published obj_4 (heartbeat) at x=0.802, y=-0.156, z=0.117
[INFO] [1775577077.865444183] [scene_from_vision_node]: Published obj_4 (heartbeat) at x=0.802, y=-0.156, z=0.117
[INFO] [1775577080.378168458] [scene_from_vision_node]: Published obj_4 (heartbeat) at x=0.802, y=-0.156, z=0.117
[INFO] [1775577082.868927961] [scene_from_vision_node]: Published obj_4 (heartbeat) at x=0.802, y=-0.156, z=0.117
[INFO] [1775577085.363890337] [scene_from_vision_node]: Published obj_4 (heartbeat) at x=0.802, y=-0.156, z=0.117
[INFO] [1775577087.368075318] [scene_from_vision_node]: Published obj_4 (heartbeat) at x=0.802, y=-0.156, z=0.117
