
===== 2026-04-29T20:59:23-04:00 | T1_full =====
cwd=/home/carrt-cse-project/workspace/ros2_kortex_ws
cmd=ros2 launch adl_tasks adl_start.launch.py controller_update_rate:=1000 arm_use_fake_hardware:=false arm_robot_ip:=192.168.0.10 clear_table_cup_alignment_enable:=true launch_rviz:=true 

[INFO] [launch]: All log files can be found below /home/carrt-cse-project/.ros/log/2026-04-29-20-59-24-014358-carrt-cse-project-OptiPlex-5050-183316
[INFO] [launch]: Default logging verbosity is set to INFO
[arm_start.launch] controller_update_rate was explicitly overridden above 125 Hz for real hardware (1000 Hz); honoring the override for operator tuning even though recent logs showed overruns at that rate.
[INFO] [launch.user]: [arm_start.launch] MoveIt current state source: /joint_states_sanitized. Use use_joint_state_sanitizer:=false for raw-state viewer debugging.
[INFO] [launch.user]: [arm_start.launch] Using ADL controller config (share/adl_tasks/config/ros2_controllers_vbox.yaml, update_rate:=1000 Hz).
[INFO] [ros2_control_node-1]: process started with pid [183320]
[INFO] [robot_state_publisher-2]: process started with pid [183321]
[INFO] [joint_state_sanitizer-3]: process started with pid [183322]
[INFO] [spawner-4]: process started with pid [183323]
[INFO] [static_transform_publisher-5]: process started with pid [183324]
[INFO] [static_transform_publisher-6]: process started with pid [183325]
[INFO] [scene_static-7]: process started with pid [183326]
[INFO] [wrist_camera_usb_publisher-8]: process started with pid [183327]
[INFO] [vision_apriltag-9]: process started with pid [183328]
[INFO] [scene_from_vision-10]: process started with pid [183329]
[INFO] [adl_controller-11]: process started with pid [183330]
[INFO] [pick_dropped_bottle-12]: process started with pid [183331]
[INFO] [clear_table-13]: process started with pid [183332]
[INFO] [give_medication-14]: process started with pid [183333]
[INFO] [adl_ui-15]: process started with pid [183334]
[static_transform_publisher-6] [INFO] [1777510764.337394468] [camera_color_optical_bridge_tf_pub]: Spinning until stopped - publishing transform
[static_transform_publisher-6] translation: ('0.000000', '0.000000', '0.000000')
[static_transform_publisher-6] rotation: ('0.000000', '0.000000', '0.000000', '1.000000')
[static_transform_publisher-6] from 'camera_color_frame' to 'wrist_mounted_camera_color_optical_frame'
[static_transform_publisher-5] [INFO] [1777510764.391603416] [static_transform_publisher]: Spinning until stopped - publishing transform
[static_transform_publisher-5] translation: ('0.000000', '0.000000', '0.000000')
[static_transform_publisher-5] rotation: ('0.000000', '0.000000', '0.000000', '1.000000')
[static_transform_publisher-5] from 'world' to 'base_link'
[robot_state_publisher-2] [INFO] [1777510764.413822383] [robot_state_publisher]: Robot initialized
[ros2_control_node-1] [INFO] [1777510764.432659438] [controller_manager]: Using Steady (Monotonic) clock for triggering controller manager cycles.
[ros2_control_node-1] [INFO] [1777510764.449645672] [controller_manager]: Subscribing to '/robot_description' topic for robot description.
[ros2_control_node-1] [INFO] [1777510764.463295091] [controller_manager]: update rate is 1000 Hz
[ros2_control_node-1] [INFO] [1777510764.463350199] [controller_manager]: Overruns handling is : enabled
[ros2_control_node-1] [INFO] [1777510764.463361970] [controller_manager]: Spawning controller_manager RT thread with scheduler priority: 50
[ros2_control_node-1] [INFO] [1777510764.464377585] [controller_manager]: Successful set up FIFO RT scheduling policy with priority 50.
[ros2_control_node-1] [INFO] [1777510764.465398775] [controller_manager]: Received robot description from topic.
[ros2_control_node-1] [INFO] [1777510764.465463231] [controller_manager]: Enforcing command limits is disabled. Command limits from URDF will be ignored.
[ros2_control_node-1] [INFO] [1777510764.479157820] [controller_manager]: Loading hardware 'KortexMultiInterfaceHardware' 
[ros2_control_node-1] [INFO] [1777510764.498213521] [KortexMultiInterfaceHardware]: Setting severity threshold to DEBUG
[ros2_control_node-1] [INFO] [1777510764.499081001] [controller_manager]: Loaded hardware 'KortexMultiInterfaceHardware' from plugin 'kortex_driver/KortexMultiInterfaceHardware'
[ros2_control_node-1] [INFO] [1777510764.500512660] [controller_manager]: Initialize hardware 'KortexMultiInterfaceHardware' 
[ros2_control_node-1] [INFO] [1777510764.529632588] [KortexMultiInterfaceHardware]: Configuring Hardware Interface
[ros2_control_node-1] [INFO] [1777510764.530024623] [KortexMultiInterfaceHardware]: Robot ip is '192.168.0.10'
[ros2_control_node-1] [INFO] [1777510764.530036565] [KortexMultiInterfaceHardware]: Username is 'admin'
[ros2_control_node-1] [INFO] [1777510764.530050086] [KortexMultiInterfaceHardware]: Port used '10000'
[ros2_control_node-1] [INFO] [1777510764.530055837] [KortexMultiInterfaceHardware]: Realtime port used '10001'
[ros2_control_node-1] [INFO] [1777510764.530061075] [KortexMultiInterfaceHardware]: Session inactivity timeout is '60000'
[ros2_control_node-1] [INFO] [1777510764.530066429] [KortexMultiInterfaceHardware]: Connection inactivity timeout is '2000'
[ros2_control_node-1] [INFO] [1777510764.530073075] [KortexMultiInterfaceHardware]: Gripper joint name is 'robotiq_85_left_knuckle_joint'
[ros2_control_node-1] [INFO] [1777510764.530102581] [KortexMultiInterfaceHardware]: Connecting to robot at 192.168.0.10
[ros2_control_node-1] [INFO] [1777510764.539613735] [KortexMultiInterfaceHardware]: Creating session for communication
[ros2_control_node-1] [INFO] [1777510764.866640918] [KortexMultiInterfaceHardware]: Session created
[joint_state_sanitizer-3] [INFO] [1777510765.256873261] [joint_state_sanitizer_node]: joint_state_sanitizer started. raw=/joint_states -> sanitized=/joint_states_sanitized
[spawner-4] [INFO] [1777510765.474956922] [spawner_joint_state_broadcaster]: waiting for service /controller_manager/list_controllers to become available...
[adl_ui-15] [INFO] [1777510765.497457212] [adl_ui_node]: ADL UI Node started.
[adl_ui-15] [INFO] [1777510765.498844056] [adl_ui_node]: Automatic retract on UI load is disabled; startup sends no motion.
[adl_ui-15]  * Serving Flask app 'adl_tasks.adl_ui'
[adl_ui-15]  * Debug mode: off
[adl_ui-15] Address already in use
[adl_ui-15] Port 5000 is in use by another program. Either identify and stop that program, or start the server with a different port.
[adl_ui-15] [INFO] [1777510765.506478367] [adl_ui_node]: Web UI available at http://localhost:5000
[ros2_control_node-1] [INFO] [1777510765.566076791] [KortexMultiInterfaceHardware]: Actuator count reported by robot is '7'
[ros2_control_node-1] [INFO] [1777510765.566374604] [KortexMultiInterfaceHardware]: Using internal bus communication for gripper!
[ros2_control_node-1] [INFO] [1777510765.566387329] [KortexMultiInterfaceHardware]: Hardware Interface successfully configured
[ros2_control_node-1] [INFO] [1777510765.566507606] [controller_manager]: Successful initialization of hardware 'KortexMultiInterfaceHardware'
[ros2_control_node-1] [DEBUG] [1777510765.566604394] [KortexMultiInterfaceHardware]: export_state_interfaces for joint: joint_1
[ros2_control_node-1] [DEBUG] [1777510765.566645654] [KortexMultiInterfaceHardware]: export_state_interfaces for joint: joint_2
[ros2_control_node-1] [DEBUG] [1777510765.566655216] [KortexMultiInterfaceHardware]: export_state_interfaces for joint: joint_3
[ros2_control_node-1] [DEBUG] [1777510765.566663309] [KortexMultiInterfaceHardware]: export_state_interfaces for joint: joint_4
[ros2_control_node-1] [DEBUG] [1777510765.566669659] [KortexMultiInterfaceHardware]: export_state_interfaces for joint: joint_5
[ros2_control_node-1] [DEBUG] [1777510765.566677686] [KortexMultiInterfaceHardware]: export_state_interfaces for joint: joint_6
[ros2_control_node-1] [DEBUG] [1777510765.566683952] [KortexMultiInterfaceHardware]: export_state_interfaces for joint: joint_7
[ros2_control_node-1] [DEBUG] [1777510765.566690693] [KortexMultiInterfaceHardware]: export_state_interfaces for joint: robotiq_85_left_knuckle_joint
[ros2_control_node-1] [INFO] [1777510765.571428310] [resource_manager]: 'configure' hardware 'KortexMultiInterfaceHardware' 
[ros2_control_node-1] [INFO] [1777510765.571493942] [resource_manager]: Successful 'configure' of hardware 'KortexMultiInterfaceHardware'
[ros2_control_node-1] [INFO] [1777510765.571636684] [resource_manager]: 'activate' hardware 'KortexMultiInterfaceHardware' 
[ros2_control_node-1] [INFO] [1777510765.571674358] [KortexMultiInterfaceHardware]: Activating KortexMultiInterfaceHardware...
[ros2_control_node-1] [INFO] [1777510765.578469544] [KortexMultiInterfaceHardware]: Gripper initial position is '0.438597'.
[ros2_control_node-1] [INFO] [1777510765.583303595] [KortexMultiInterfaceHardware]: KortexMultiInterfaceHardware successfully activated!
[ros2_control_node-1] [INFO] [1777510765.583363077] [resource_manager]: Successful 'activate' of hardware 'KortexMultiInterfaceHardware'
[ros2_control_node-1] [INFO] [1777510765.583707337] [controller_manager]: Registering statistics for : KortexMultiInterfaceHardware
[ros2_control_node-1] [INFO] [1777510765.583951363] [controller_manager]: Resource Manager has been successfully initialized. Starting Controller Manager services...
[ros2_control_node-1] [WARN] [1777510765.600557814] [controller_manager]: Overrun might occur, Total time : 16004.936 us (Expected < 1000.000 us) --> Read time : 10150.101 us, Update time : 36.384 us, Write time : 5818.451 us
[ros2_control_node-1] [WARN] [1777510765.600646728] [controller_manager]: Overrun detected! The controller manager missed its desired rate of 1000 Hz. The loop took 16.127397 ms (missed cycles : 17).
[wrist_camera_usb_publisher-8] [INFO] [1777510765.644893454] [wrist_camera_usb_publisher_node]: USB camera publisher: trying camera source index 2.
[wrist_camera_usb_publisher-8] [ WARN:0@0.778] global ./modules/videoio/src/cap_v4l.cpp (902) open VIDEOIO(V4L2:/dev/video2): can't open camera by index
[wrist_camera_usb_publisher-8] [INFO] [1777510765.652748191] [wrist_camera_usb_publisher_node]: USB camera publisher: trying camera source index 0.
[wrist_camera_usb_publisher-8] [ WARN:0@0.784] global ./modules/videoio/src/cap_v4l.cpp (902) open VIDEOIO(V4L2:/dev/video0): can't open camera by index
[wrist_camera_usb_publisher-8] [INFO] [1777510765.657853982] [wrist_camera_usb_publisher_node]: USB camera publisher: trying camera source index 1.
[wrist_camera_usb_publisher-8] [ WARN:0@0.785] global ./modules/videoio/src/cap_v4l.cpp (902) open VIDEOIO(V4L2:/dev/video1): can't open camera by index
[wrist_camera_usb_publisher-8] [INFO] [1777510765.658658091] [wrist_camera_usb_publisher_node]: USB camera publisher: trying camera source index 3.
[wrist_camera_usb_publisher-8] [ WARN:0@0.786] global ./modules/videoio/src/cap_v4l.cpp (902) open VIDEOIO(V4L2:/dev/video3): can't open camera by index
[wrist_camera_usb_publisher-8] [INFO] [1777510765.659421981] [wrist_camera_usb_publisher_node]: USB camera publisher: trying camera source index 4.
[wrist_camera_usb_publisher-8] [INFO] [1777510765.675493467] [wrist_camera_usb_publisher_node]: USB camera publisher: opened camera source index 4.
[wrist_camera_usb_publisher-8] [INFO] [1777510765.676589117] [wrist_camera_usb_publisher_node]: Wrist Camera USB Publisher started.
[wrist_camera_usb_publisher-8] [INFO] [1777510765.679980830] [wrist_camera_usb_publisher_node]: Publishing USB camera frames on /wrist_mounted_camera/image with frame_id=wrist_mounted_camera_color_optical_frame.
[wrist_camera_usb_publisher-8] [INFO] [1777510765.683548460] [wrist_camera_usb_publisher_node]: Publishing camera info on /wrist_mounted_camera/camera_info from reference intrinsics [554.25, 554.25, 320.0, 240.0] @ 640x480.
[wrist_camera_usb_publisher-8] [INFO] [1777510765.685907475] [wrist_camera_usb_publisher_node]: Using explicit camera_matrix for CameraInfo. matrix_size=1280x720, K=[920.874267578125, 0.0, 644.7646484375, 0.0, 921.5654907226562, 343.1528625488281, 0.0, 0.0, 1.0], d=[0.0, 0.0, 0.0, 0.0, 0.0]
[wrist_camera_usb_publisher-8] [INFO] [1777510765.688564723] [wrist_camera_usb_publisher_node]: Requested source=2 size=1280x720 fps=10.0
[scene_static-7] [INFO] [1777510765.755483614] [scene_static_node]: Static Scene Node started.
[scene_static-7] [INFO] [1777510765.756384188] [scene_static_node]: WHEELCHAIR_BASE_HEIGHT = 0.36195m  |  Table surface at z = 0.098m | Table front-edge-from-base = 0.406m | Table center at x = 0.681m | table_edge_lip_margin=0.0127m | table_edge_lip_thickness=0.0127m | table_edge_lip_height=0.460m | include_wheelchair_wall=True | include_left_desk_wall=True | include_right_desk_wall=True | include_arm_base_under_block=True | include_arm_base_side_lips=True | include_arm_base_left_back_block=True | include_arm_base_right_back_half_block=True
[scene_static-7] [INFO] [1777510765.757266089] [scene_static_node]: Wheelchair wall geometry: center=(-0.465, 0.000, 0.482) size=(0.450, 0.700, 1.688)
[scene_static-7] [INFO] [1777510765.758311355] [scene_static_node]: Arm-base under-block geometry: center=(0.000, 0.000, -0.212) size=(0.302, 0.378, 0.300) | platform=(0.200, 0.200) | margins(front/back=0.051, left/right=0.089)
[scene_static-7] [INFO] [1777510765.759542657] [scene_static_node]: Arm-base side-lip geometry: left_y=0.198, right_y=-0.198, center_z=-0.047, size=(0.314, 0.006, 0.030) | x_offset=-0.076, outset=0.006, front/back_margin=0.006
[scene_static-7] [INFO] [1777510765.760945881] [scene_static_node]: Arm-base left-back block geometry: center=(-0.177, 0.312, 0.482) size=(0.100, 0.408, 1.688) | inner_faces(x=-0.127, y=0.108) | left_wall_inner_face_y=0.504 | into_left_wall=0.013
[scene_static-7] [INFO] [1777510765.762890676] [scene_static_node]: Arm-base right-back half block geometry: center=(-0.177, -0.312, 0.060) size=(0.100, 0.408, 0.844) | inner_faces(x=-0.127, y=-0.108) | right_wall_inner_face_y=-0.504 | into_right_wall=0.013
[scene_from_vision-10] [INFO] [1777510765.849615141] [scene_from_vision_node]: Scene From Vision Node Started
[scene_from_vision-10] [INFO] [1777510765.953456764] [scene_from_vision_node]: SceneFromVision: Updating planning scene. Tracking 5 object shape(s). memory_mode=True, scan_duration_s=5.0, scan_min_samples=3, scan_target_samples=8, scan_extend_step_s=1.5, scan_max_extensions=2, scan_prune_unseen_objects=False, continuous_scene_updates=False, latch_first_detection_updates=True, log_object_pose_debug=False, apply_planning_scene_service_updates=True, publish_monitored_planning_scene_updates=True, side_viewpoint=wrist_mounted_camera_color_optical_frame->base_link, reject_table_objects_outside_bounds=False.
[scene_from_vision-10] [INFO] [1777510765.956187770] [scene_from_vision_node]: SceneFromVision calibration: xy_offset=(0.000, 0.000), z_offset=0.000, yaw_deg=0.00, xy_scale=1.0000, clamp_table_objects_to_table_bounds=False, table_bounds_margin_m=0.030.
[scene_from_vision-10] [INFO] [1777510765.958856941] [scene_from_vision_node]: SceneFromVision object offsets: remote_axis=y, remote_tag_to_center_sign=-1.0, remote_tag_from_end_m=0.020, remote_world_offset=(-0.040, 0.000), cube_tag_to_center=(0.000, 0.000), cube_world_offset=(0.000, -0.006), cube_yaw_offset_deg=0.0, medication_world_offset=(-0.150, -0.030), medication_face_to_center_m=0.027, cup_world_offset=(-0.085, -0.040), cup_face_to_center_m=0.031.
[give_medication-14] [INFO] [1777510766.059569475] [give_medication_node]: give_medication starting...
[clear_table-13] [INFO] [1777510766.076691028] [clear_table_node]: Clear Table Node Started
[give_medication-14] [INFO] [1777510766.137300048] [give_medication_node]: MoveItHelper initialized. joint_state_topic=/joint_states_sanitized (sanitized_expected=True) real_hardware_mode=True short_cartesian_mode=hybrid
[give_medication-14] [INFO] [1777510766.138388818] [give_medication_node]: ADL_DIRECT_FIXED_JOINTS is unset; defaulting fixed-joint direct trajectories to disabled on real hardware (collision-aware MoveIt path first).
[give_medication-14] [INFO] [1777510766.152816524] [give_medication_node]: Vision Client initialized, waiting for service...
[clear_table-13] [INFO] [1777510766.159429091] [clear_table_node]: MoveItHelper initialized. joint_state_topic=/joint_states_sanitized (sanitized_expected=True) real_hardware_mode=True short_cartesian_mode=hybrid
[clear_table-13] [INFO] [1777510766.160534458] [clear_table_node]: ADL_DIRECT_FIXED_JOINTS is unset; defaulting fixed-joint direct trajectories to disabled on real hardware (collision-aware MoveIt path first).
[clear_table-13] [INFO] [1777510766.171797078] [clear_table_node]: Vision Client initialized, waiting for service...
[adl_controller-11] [INFO] [1777510766.256231595] [adl_controller_node]: MoveItHelper initialized. joint_state_topic=/joint_states_sanitized (sanitized_expected=True) real_hardware_mode=True short_cartesian_mode=hybrid
[adl_controller-11] [INFO] [1777510766.257274498] [adl_controller_node]: ADL_DIRECT_FIXED_JOINTS is unset; defaulting fixed-joint direct trajectories to disabled on real hardware (collision-aware MoveIt path first).
[pick_dropped_bottle-12] [INFO] [1777510766.265508508] [pick_dropped_bottle_node]: PickDroppedBottle starting...
[adl_controller-11] [INFO] [1777510766.268615941] [adl_controller_node]: ADL controller ready. Waiting for UI/system commands.
[pick_dropped_bottle-12] [INFO] [1777510766.325701870] [pick_dropped_bottle_node]: MoveItHelper initialized. joint_state_topic=/joint_states_sanitized (sanitized_expected=True) real_hardware_mode=True short_cartesian_mode=hybrid
[pick_dropped_bottle-12] [INFO] [1777510766.326222937] [pick_dropped_bottle_node]: ADL_DIRECT_FIXED_JOINTS is unset; defaulting fixed-joint direct trajectories to disabled on real hardware (collision-aware MoveIt path first).
[pick_dropped_bottle-12] [INFO] [1777510766.335469667] [pick_dropped_bottle_node]: Vision Client initialized, waiting for service...
[vision_apriltag-9] [INFO] [1777510766.342609574] [vision_apriltag_node]: Vision AprilTag Node Started
[vision_apriltag-9] [INFO] [1777510766.344514859] [vision_apriltag_node]: Subscribing to camera topic: /wrist_mounted_camera/image
[vision_apriltag-9] [INFO] [1777510766.345657295] [vision_apriltag_node]: Subscribing to camera info topic: /wrist_mounted_camera/camera_info
[vision_apriltag-9] [INFO] [1777510766.346988875] [vision_apriltag_node]: Camera frame: wrist_mounted_camera_color_optical_frame | use_image_header_frame=True
[vision_apriltag-9] [INFO] [1777510766.348074980] [vision_apriltag_node]: Tag size: 0.025m | pose_cache_retention_s=20.0 | get_pose_wait_timeout_s=5.0 | max_returned_pose_age_s=20.0 | camera_params=[554.25, 554.25, 320.0, 240.0] | families=tag36h11 | quad_decimate=1.0 | requested_backend=opencv | backend=cv2.aruco | opencv_pose_solver=ippe_square | use_image_timestamp_for_tf=False
[vision_apriltag-9] [INFO] [1777510766.349194274] [vision_apriltag_node]: Top-tag known-plane projection: enabled=True, planes={3: 0.11995, 4: 0.154438}
[vision_apriltag-9] [INFO] [1777510766.350413213] [vision_apriltag_node]: pupil_apriltags tuning: nthreads=1, quad_sigma=0.0, refine_edges=1, decode_sharpening=0.25, debug=0, preprocess_variants=['raw', 'clahe', 'adaptive', 'clahe_sharp', 'clahe_up2', 'sharp_up2'], tile_search_if_empty=True, tile_search_grid=3x2, tile_search_scale=2.0, tile_search_overlap=0.25
[vision_apriltag-9] [WARN] [1777510766.351825901] [vision_apriltag_node]: pupil_apriltags is not importable by this node, so detection is using OpenCV fallback only. python=/usr/bin/python3, import_error=No module named 'pupil_apriltags'. If .venv contains pupil_apriltags, rebuild adl_tasks with that venv active or run the module with the venv Python.
[vision_apriltag-9] [INFO] [1777510766.353223675] [vision_apriltag_node]: Publishing AprilTag debug images on /vision_apriltag/debug_image at up to 1.0 Hz.
[wrist_camera_usb_publisher-8] [INFO] [1777510766.568158859] [wrist_camera_usb_publisher_node]: USB camera info active intrinsics: size=1280x720, fx=920.87, fy=921.57, cx=644.76, cy=343.15, d=array('d', [0.0, 0.0, 0.0, 0.0, 0.0])
[wrist_camera_usb_publisher-8] [INFO] [1777510766.570894910] [wrist_camera_usb_publisher_node]: USB camera publisher heartbeat: publishing 1280x720 frames on /wrist_mounted_camera/image; camera_info fx=920.87, fy=921.57, cx=644.76, cy=343.15.
[ros2_control_node-1] [WARN] [1777510766.602036241] [controller_manager]: Overrun might occur, Total time : 3479.164 us (Expected < 1000.000 us) --> Read time : 43.511 us, Update time : 24.902 us, Write time : 3410.751 us
[ros2_control_node-1] [WARN] [1777510766.602167657] [controller_manager]: Overrun detected! The controller manager missed its desired rate of 1000 Hz. The loop took 3.647147 ms (missed cycles : 4).
[clear_table-13] [INFO] [1777510766.674239164] [clear_table_node]: Vision service is ready.
[clear_table-13] [INFO] [1777510766.703087454] [clear_table_node]: Clear Table Node ready. Waiting for command.
[clear_table-13] [INFO] [1777510766.705770048] [clear_table_node]: Startup motion disabled at node load; motion begins only after clear_table command.
[clear_table-13] [INFO] [1777510766.709012133] [clear_table_node]: clear_table scan flags: top_only_scan_mode=False (ADL_CLEAR_TABLE_TOP_ONLY_SCAN='false'), cup_stage1_alignment_enable=True (ADL_CLEAR_TABLE_CUP_ALIGNMENT_ENABLE='true'), two_phase_require_side_sweep_before_priority_exit=True (ADL_CLEAR_TABLE_REQUIRE_SIDE_SWEEP='true'), two_phase_top_full_sweep_before_priority_exit=True.
[pick_dropped_bottle-12] [INFO] [1777510766.838151632] [pick_dropped_bottle_node]: Vision service is ready.
[pick_dropped_bottle-12] [INFO] [1777510766.855141341] [pick_dropped_bottle_node]: PickDroppedBottle ready. Waiting for command.
[pick_dropped_bottle-12] [INFO] [1777510766.857341662] [pick_dropped_bottle_node]: Startup motion disabled at node load; motion begins only after pick_dropped_bottle command.
[give_medication-14] [INFO] [1777510766.906148282] [give_medication_node]: Vision service is ready.
[give_medication-14] [INFO] [1777510766.930286765] [give_medication_node]: give_medication ready.
[ros2_control_node-1] [WARN] [1777510767.604614249] [controller_manager]: Overrun might occur, Total time : 3047.750 us (Expected < 1000.000 us) --> Read time : 50.859 us, Update time : 27.540 us, Write time : 2969.351 us
[ros2_control_node-1] [WARN] [1777510767.604811970] [controller_manager]: Overrun detected! The controller manager missed its desired rate of 1000 Hz. The loop took 3.287136 ms (missed cycles : 4).
[scene_static-7] [WARN] [1777510767.919019907] [scene_static_node]: Planning scene service not available, waiting...
[vision_apriltag-9] [WARN] [1777510768.305589320] [vision_apriltag_node]: Vision AprilTag: no images received yet on /wrist_mounted_camera/image.
[ros2_control_node-1] [WARN] [1777510768.607257572] [controller_manager]: Overrun might occur, Total time : 2686.303 us (Expected < 1000.000 us) --> Read time : 63.563 us, Update time : 45.031 us, Write time : 2577.709 us
[ros2_control_node-1] [WARN] [1777510768.607441591] [controller_manager]: Overrun detected! The controller manager missed its desired rate of 1000 Hz. The loop took 2.917546 ms (missed cycles : 3).
[ros2_control_node-1] [INFO] [1777510768.740545532] [controller_manager]: Loading controller : 'joint_state_broadcaster' of type 'joint_state_broadcaster/JointStateBroadcaster'
[ros2_control_node-1] [INFO] [1777510768.740649652] [controller_manager]: Loading controller 'joint_state_broadcaster'
[ros2_control_node-1] [INFO] [1777510768.758440601] [controller_manager]: Controller 'joint_state_broadcaster' node arguments: --ros-args --params-file /home/carrt-cse-project/workspace/ros2_kortex_ws/install/adl_tasks/share/adl_tasks/config/ros2_controllers_vbox.yaml --params-file /tmp/launch_params_oay3a9ts 
[spawner-4] [INFO] [1777510768.797105433] [spawner_joint_state_broadcaster]: Loaded joint_state_broadcaster
[ros2_control_node-1] [INFO] [1777510768.799379234] [controller_manager]: Configuring controller: 'joint_state_broadcaster'
[ros2_control_node-1] [INFO] [1777510768.799664838] [joint_state_broadcaster]: 'joints' or 'interfaces' parameter is empty. All available state interfaces will be published
[ros2_control_node-1] [INFO] [1777510768.816476136] [controller_manager]: Activating controllers: [ joint_state_broadcaster ]
[ros2_control_node-1] [INFO] [1777510768.820656393] [controller_manager]: Successfully switched controllers!
[ros2_control_node-1] [WARN] [1777510768.823434137] [controller_manager]: Overrun might occur, Total time : 3903.065 us (Expected < 1000.000 us) --> Read time : 22.423 us, Update time : 1066.924 us (Switch time : 1037.640 us (Switch chained mode time : 1.142 us, perform mode change time : 2.520 us, Activation time : 1027.165 us, Deactivation time : 1.630 us)), Write time : 2813.718 us
[spawner-4] [INFO] [1777510768.825703160] [spawner_joint_state_broadcaster]: Configured and activated joint_state_broadcaster
[joint_state_sanitizer-3] [WARN] [1777510768.898647323] [joint_state_sanitizer_node]: [joint_state_sanitizer] Published sanitized joint state: joint_3:-3.141->-3.132
[INFO] [spawner-4]: process has finished cleanly [pid 183323]
[vision_apriltag-9] [INFO] [1777510769.154248734] [vision_apriltag_node]: Vision AprilTag camera model updated from CameraInfo: size=1280x720, fx=920.87, fy=921.57, cx=644.76, cy=343.15, d=[0.0, 0.0, 0.0, 0.0, 0.0]
[INFO] [spawner-16]: process started with pid [183590]
[INFO] [spawner-17]: process started with pid [183591]
[INFO] [spawner-18]: process started with pid [183592]
[INFO] [spawner-19]: process started with pid [183593]
[ros2_control_node-1] [WARN] [1777510769.608418115] [controller_manager]: Overrun might occur, Total time : 2878.425 us (Expected < 1000.000 us) --> Read time : 36.806 us, Update time : 116.090 us, Write time : 2725.529 us
[ros2_control_node-1] [WARN] [1777510769.608501941] [controller_manager]: Overrun detected! The controller manager missed its desired rate of 1000 Hz. The loop took 2.982487 ms (missed cycles : 3).
[vision_apriltag-9] [INFO] [1777510769.785480587] [vision_apriltag_node]: Vision AprilTag detection debug: 0:cv2.solvePnP_ippe_square:raw@(628,252)
[vision_apriltag-9] [INFO] [1777510769.790551170] [vision_apriltag_node]: Vision AprilTag visible IDs: [0]
[scene_static-7] [WARN] [1777510769.926029792] [scene_static_node]: Planning scene service not available, waiting...
[vision_apriltag-9] [INFO] [1777510769.954957395] [vision_apriltag_node]: Service: Tag 0 found and base-frame pose returned.
[scene_from_vision-10] [INFO] [1777510769.965574702] [scene_from_vision_node]: Latched first detection for tag ID 0 into scene memory.
[spawner-19] [INFO] [1777510770.130775500] [spawner_fault_controller]: waiting for service /controller_manager/list_controllers to become available...
[scene_from_vision-10] [INFO] [1777510770.453242291] [scene_from_vision_node]: Published obj_0 (new) at x=0.314, y=0.016, z=-0.332, yaw=+0.0deg
[scene_from_vision-10] [WARN] [1777510770.458366208] [scene_from_vision_node]: /apply_planning_scene is not ready; published vision object update on /planning_scene only.
[ros2_control_node-1] [WARN] [1777510770.610921025] [controller_manager]: Overrun might occur, Total time : 4379.299 us (Expected < 1000.000 us) --> Read time : 35.746 us, Update time : 88.751 us, Write time : 4254.802 us
[ros2_control_node-1] [WARN] [1777510770.610996186] [controller_manager]: Overrun detected! The controller manager missed its desired rate of 1000 Hz. The loop took 4.477460 ms (missed cycles : 5).
[ros2_control_node-1] [WARN] [1777510771.611380159] [controller_manager]: Overrun might occur, Total time : 1847.045 us (Expected < 1000.000 us) --> Read time : 22.099 us, Update time : 59.616 us, Write time : 1765.330 us
[ros2_control_node-1] [WARN] [1777510771.611434265] [controller_manager]: Overrun detected! The controller manager missed its desired rate of 1000 Hz. The loop took 1.915653 ms (missed cycles : 2).
[wrist_camera_usb_publisher-8] [INFO] [1777510771.632043626] [wrist_camera_usb_publisher_node]: USB camera publisher heartbeat: publishing 1280x720 frames on /wrist_mounted_camera/image; camera_info fx=920.87, fy=921.57, cx=644.76, cy=343.15.
[ros2_control_node-1] [INFO] [1777510771.639377228] [controller_manager]: Loading controller : 'fault_controller' of type 'picknik_reset_fault_controller/PicknikResetFaultController'
[ros2_control_node-1] [INFO] [1777510771.639422571] [controller_manager]: Loading controller 'fault_controller'
[ros2_control_node-1] [INFO] [1777510771.642602725] [controller_manager]: Controller 'fault_controller' node arguments: --ros-args --params-file /home/carrt-cse-project/workspace/ros2_kortex_ws/install/adl_tasks/share/adl_tasks/config/ros2_controllers_vbox.yaml --params-file /tmp/launch_params_oay3a9ts 
[spawner-19] [INFO] [1777510771.666668393] [spawner_fault_controller]: Loaded fault_controller
[ros2_control_node-1] [INFO] [1777510771.669091430] [controller_manager]: Configuring controller: 'fault_controller'
[ros2_control_node-1] [INFO] [1777510771.672374506] [controller_manager]: Activating controllers: [ fault_controller ]
[ros2_control_node-1] [INFO] [1777510771.879686170] [controller_manager]: Successfully switched controllers!
[ros2_control_node-1] [WARN] [1777510771.881962237] [controller_manager]: Overrun might occur, Total time : 7427.223 us (Expected < 1000.000 us) --> Read time : 15.055 us, Update time : 5058.153 us (Switch time : 4999.678 us (Switch chained mode time : 0.961 us, perform mode change time : 22.914 us, Activation time : 4967.348 us, Deactivation time : 0.624 us)), Write time : 2354.015 us
[scene_static-7] [WARN] [1777510771.928429904] [scene_static_node]: Planning scene service not available, waiting...
[spawner-19] [INFO] [1777510772.156319983] [spawner_fault_controller]: Configured and activated fault_controller
[spawner-18] [INFO] [1777510772.326456265] [spawner_robotiq_gripper_controller]: waiting for service /controller_manager/list_controllers to become available...
[INFO] [spawner-19]: process has finished cleanly [pid 183593]
[scene_from_vision-10] [INFO] [1777510772.455543516] [scene_from_vision_node]: Published obj_0 (heartbeat) at x=0.314, y=0.016, z=-0.332, yaw=+0.0deg
[ros2_control_node-1] [WARN] [1777510772.613436215] [controller_manager]: Overrun might occur, Total time : 1888.552 us (Expected < 1000.000 us) --> Read time : 29.580 us, Update time : 78.616 us, Write time : 1780.356 us
[ros2_control_node-1] [WARN] [1777510772.613489963] [controller_manager]: Overrun detected! The controller manager missed its desired rate of 1000 Hz. The loop took 1.971728 ms (missed cycles : 2).
[ros2_control_node-1] [WARN] [1777510773.615794195] [controller_manager]: Overrun might occur, Total time : 2250.285 us (Expected < 1000.000 us) --> Read time : 18.395 us, Update time : 54.765 us, Write time : 2177.125 us
[ros2_control_node-1] [WARN] [1777510773.615846632] [controller_manager]: Overrun detected! The controller manager missed its desired rate of 1000 Hz. The loop took 2.328580 ms (missed cycles : 3).
[joint_state_sanitizer-3] [WARN] [1777510773.901007164] [joint_state_sanitizer_node]: [joint_state_sanitizer] Published sanitized joint state: joint_3:-3.141->-3.132
[scene_static-7] [WARN] [1777510773.933226047] [scene_static_node]: Planning scene service not available, waiting...
[ros2_control_node-1] [WARN] [1777510774.617849145] [controller_manager]: Overrun might occur, Total time : 2317.283 us (Expected < 1000.000 us) --> Read time : 16.785 us, Update time : 59.553 us, Write time : 2240.945 us
[ros2_control_node-1] [WARN] [1777510774.617910302] [controller_manager]: Overrun detected! The controller manager missed its desired rate of 1000 Hz. The loop took 2.391858 ms (missed cycles : 3).
[scene_from_vision-10] [INFO] [1777510774.956123498] [scene_from_vision_node]: Published obj_0 (heartbeat) at x=0.314, y=0.016, z=-0.332, yaw=+0.0deg
[vision_apriltag-9] [INFO] [1777510775.151459345] [vision_apriltag_node]: Vision AprilTag detection debug: 0:cv2.solvePnP_ippe_square:raw@(628,252)
[ros2_control_node-1] [INFO] [1777510775.587138882] [controller_manager]: Loading controller : 'robotiq_gripper_controller' of type 'position_controllers/GripperActionController'
[ros2_control_node-1] [INFO] [1777510775.587174601] [controller_manager]: Loading controller 'robotiq_gripper_controller'
[ros2_control_node-1] [INFO] [1777510775.594168804] [controller_manager]: Controller 'robotiq_gripper_controller' node arguments: --ros-args --params-file /home/carrt-cse-project/workspace/ros2_kortex_ws/install/adl_tasks/share/adl_tasks/config/ros2_controllers_vbox.yaml --params-file /tmp/launch_params_oay3a9ts 
[ros2_control_node-1] [WARN] [1777510775.618215354] [controller_manager]: Overrun might occur, Total time : 2662.059 us (Expected < 1000.000 us) --> Read time : 51.242 us, Update time : 115.903 us, Write time : 2494.914 us
[ros2_control_node-1] [WARN] [1777510775.618328751] [controller_manager]: Overrun detected! The controller manager missed its desired rate of 1000 Hz. The loop took 2.809649 ms (missed cycles : 3).
[ros2_control_node-1] [WARN] [1777510775.620747645] [robotiq_gripper_controller]: [Deprecated]: the `position_controllers/GripperActionController` and `effort_controllers::GripperActionController` controllers are replaced by 'parallel_gripper_controllers/GripperActionController' controller
[spawner-18] [INFO] [1777510775.627724473] [spawner_robotiq_gripper_controller]: Loaded robotiq_gripper_controller
[ros2_control_node-1] [INFO] [1777510775.634697656] [controller_manager]: Configuring controller: 'robotiq_gripper_controller'
[ros2_control_node-1] [INFO] [1777510775.635044517] [robotiq_gripper_controller]: Action status changes will be monitored at 20.000000 Hz.
[ros2_control_node-1] [INFO] [1777510775.644191489] [controller_manager]: Activating controllers: [ robotiq_gripper_controller ]
[ros2_control_node-1] [INFO] [1777510775.854593013] [controller_manager]: Successfully switched controllers!
[ros2_control_node-1] [WARN] [1777510775.856847397] [controller_manager]: Overrun might occur, Total time : 10310.492 us (Expected < 1000.000 us) --> Read time : 23.086 us, Update time : 7997.785 us (Switch time : 7903.714 us (Switch chained mode time : 1.187 us, perform mode change time : 13.013 us, Activation time : 7879.254 us, Deactivation time : 0.592 us)), Write time : 2289.621 us
[spawner-18] [INFO] [1777510775.863197213] [spawner_robotiq_gripper_controller]: Configured and activated robotiq_gripper_controller
[scene_static-7] [WARN] [1777510775.937192022] [scene_static_node]: Planning scene service not available, waiting...
[INFO] [spawner-18]: process has finished cleanly [pid 183592]
[ros2_control_node-1] [WARN] [1777510776.618424221] [controller_manager]: Overrun might occur, Total time : 1895.921 us (Expected < 1000.000 us) --> Read time : 16.598 us, Update time : 62.291 us, Write time : 1817.032 us
[ros2_control_node-1] [WARN] [1777510776.618475545] [controller_manager]: Overrun detected! The controller manager missed its desired rate of 1000 Hz. The loop took 1.957519 ms (missed cycles : 2).
[wrist_camera_usb_publisher-8] [INFO] [1777510776.635905206] [wrist_camera_usb_publisher_node]: USB camera publisher heartbeat: publishing 1280x720 frames on /wrist_mounted_camera/image; camera_info fx=920.87, fy=921.57, cx=644.76, cy=343.15.
[spawner-17] [INFO] [1777510776.715614705] [spawner_twist_controller]: waiting for service /controller_manager/list_controllers to become available...
[scene_from_vision-10] [INFO] [1777510777.454299309] [scene_from_vision_node]: Published obj_0 (heartbeat) at x=0.314, y=0.016, z=-0.332, yaw=+0.0deg
[scene_from_vision-10] [WARN] [1777510777.456003915] [scene_from_vision_node]: /apply_planning_scene is not ready; published vision object update on /planning_scene only.
[ros2_control_node-1] [WARN] [1777510777.620992070] [controller_manager]: Overrun might occur, Total time : 2454.075 us (Expected < 1000.000 us) --> Read time : 37.086 us, Update time : 128.983 us, Write time : 2288.006 us
[ros2_control_node-1] [WARN] [1777510777.621059802] [controller_manager]: Overrun detected! The controller manager missed its desired rate of 1000 Hz. The loop took 2.540987 ms (missed cycles : 3).
[scene_static-7] [WARN] [1777510777.941524801] [scene_static_node]: Planning scene service not available, waiting...
[ros2_control_node-1] [WARN] [1777510778.621928797] [controller_manager]: Overrun might occur, Total time : 2390.452 us (Expected < 1000.000 us) --> Read time : 17.062 us, Update time : 62.341 us, Write time : 2311.049 us
[ros2_control_node-1] [WARN] [1777510778.622038358] [controller_manager]: Overrun detected! The controller manager missed its desired rate of 1000 Hz. The loop took 2.518531 ms (missed cycles : 3).
[joint_state_sanitizer-3] [WARN] [1777510778.901525488] [joint_state_sanitizer_node]: [joint_state_sanitizer] Published sanitized joint state: joint_3:-3.141->-3.132
[ros2_control_node-1] [INFO] [1777510779.192024643] [controller_manager]: Loading controller : 'twist_controller' of type 'picknik_twist_controller/PicknikTwistController'
[ros2_control_node-1] [INFO] [1777510779.192068241] [controller_manager]: Loading controller 'twist_controller'
[ros2_control_node-1] [INFO] [1777510779.197145924] [controller_manager]: Controller 'twist_controller' node arguments: --ros-args --params-file /home/carrt-cse-project/workspace/ros2_kortex_ws/install/adl_tasks/share/adl_tasks/config/ros2_controllers_vbox.yaml --params-file /tmp/launch_params_oay3a9ts 
[spawner-17] [INFO] [1777510779.230043215] [spawner_twist_controller]: Loaded twist_controller
[ros2_control_node-1] [INFO] [1777510779.238497038] [controller_manager]: Configuring controller: 'twist_controller'
[ros2_control_node-1] [INFO] [1777510779.243146312] [twist_controller]: configure successful
[INFO] [spawner-17]: process has finished cleanly [pid 183591]
[scene_from_vision-10] [INFO] [1777510779.457675791] [scene_from_vision_node]: Published obj_0 (heartbeat) at x=0.314, y=0.016, z=-0.332, yaw=+0.0deg
[ros2_control_node-1] [WARN] [1777510779.624669308] [controller_manager]: Overrun might occur, Total time : 2137.840 us (Expected < 1000.000 us) --> Read time : 18.398 us, Update time : 74.055 us, Write time : 2045.387 us
[ros2_control_node-1] [WARN] [1777510779.624728020] [controller_manager]: Overrun detected! The controller manager missed its desired rate of 1000 Hz. The loop took 2.209676 ms (missed cycles : 3).
[spawner-16] [INFO] [1777510779.798255830] [spawner_joint_trajectory_controller]: waiting for service /controller_manager/list_controllers to become available...
[scene_static-7] [WARN] [1777510779.947339129] [scene_static_node]: Planning scene service not available, waiting...
[vision_apriltag-9] [INFO] [1777510780.352195302] [vision_apriltag_node]: Vision AprilTag detection debug: 0:cv2.solvePnP_ippe_square:raw@(628,252)
[ros2_control_node-1] [WARN] [1777510780.624778303] [controller_manager]: Overrun might occur, Total time : 2243.796 us (Expected < 1000.000 us) --> Read time : 25.187 us, Update time : 92.440 us, Write time : 2126.169 us
[ros2_control_node-1] [WARN] [1777510780.624836366] [controller_manager]: Overrun detected! The controller manager missed its desired rate of 1000 Hz. The loop took 2.317768 ms (missed cycles : 3).
[ros2_control_node-1] [INFO] [1777510780.809015641] [controller_manager]: Loading controller : 'joint_trajectory_controller' of type 'joint_trajectory_controller/JointTrajectoryController'
[ros2_control_node-1] [INFO] [1777510780.809058965] [controller_manager]: Loading controller 'joint_trajectory_controller'
[ros2_control_node-1] [INFO] [1777510780.815844836] [controller_manager]: Controller 'joint_trajectory_controller' node arguments: --ros-args --params-file /home/carrt-cse-project/workspace/ros2_kortex_ws/install/adl_tasks/share/adl_tasks/config/ros2_controllers_vbox.yaml --params-file /tmp/launch_params_oay3a9ts 
[spawner-16] [INFO] [1777510780.877304878] [spawner_joint_trajectory_controller]: Loaded joint_trajectory_controller
[ros2_control_node-1] [INFO] [1777510780.882218082] [controller_manager]: Configuring controller: 'joint_trajectory_controller'
[ros2_control_node-1] [INFO] [1777510780.890421378] [joint_trajectory_controller]: No specific joint names are used for command interfaces. Using 'joints' parameter.
[ros2_control_node-1] [INFO] [1777510780.890793547] [joint_trajectory_controller]: Command interfaces are [position] and state interfaces are [position velocity].
[ros2_control_node-1] [INFO] [1777510780.891049164] [joint_trajectory_controller]: Using 'splines' interpolation method.
[ros2_control_node-1] [INFO] [1777510780.898821558] [joint_trajectory_controller]: Action status changes will be monitored at 10.00 Hz.
[ros2_control_node-1] [INFO] [1777510780.925282748] [controller_manager]: Activating controllers: [ joint_trajectory_controller ]
[ros2_control_node-1] [INFO] [1777510781.144481797] [controller_manager]: Successfully switched controllers!
[ros2_control_node-1] [WARN] [1777510781.146852384] [controller_manager]: Overrun might occur, Total time : 17315.715 us (Expected < 1000.000 us) --> Read time : 28.340 us, Update time : 14881.640 us (Switch time : 14741.707 us (Switch chained mode time : 3.849 us, perform mode change time : 13531.488 us, Activation time : 1198.212 us, Deactivation time : 1.279 us)), Write time : 2405.735 us
[spawner-16] [INFO] [1777510781.152085451] [spawner_joint_trajectory_controller]: Configured and activated joint_trajectory_controller
[INFO] [spawner-16]: process has finished cleanly [pid 183590]
[ros2_control_node-1] [WARN] [1777510781.627140350] [controller_manager]: Overrun might occur, Total time : 3602.373 us (Expected < 1000.000 us) --> Read time : 31.046 us, Update time : 250.059 us, Write time : 3321.268 us
[ros2_control_node-1] [WARN] [1777510781.627227004] [controller_manager]: Overrun detected! The controller manager missed its desired rate of 1000 Hz. The loop took 3.707907 ms (missed cycles : 4).
[wrist_camera_usb_publisher-8] [INFO] [1777510781.641547610] [wrist_camera_usb_publisher_node]: USB camera publisher heartbeat: publishing 1280x720 frames on /wrist_mounted_camera/image; camera_info fx=920.87, fy=921.57, cx=644.76, cy=343.15.
[scene_static-7] [WARN] [1777510781.950619690] [scene_static_node]: Planning scene service not available, waiting...
[scene_from_vision-10] [INFO] [1777510781.955002167] [scene_from_vision_node]: Published obj_0 (heartbeat) at x=0.314, y=0.016, z=-0.332, yaw=+0.0deg
[ros2_control_node-1] [WARN] [1777510782.630113267] [controller_manager]: Overrun might occur, Total time : 2574.056 us (Expected < 1000.000 us) --> Read time : 29.354 us, Update time : 213.128 us, Write time : 2331.574 us
[ros2_control_node-1] [WARN] [1777510782.630187084] [controller_manager]: Overrun detected! The controller manager missed its desired rate of 1000 Hz. The loop took 2.667932 ms (missed cycles : 3).
[INFO] [move_group-20]: process started with pid [183666]
[INFO] [rviz2-21]: process started with pid [183667]
[move_group-20] [INFO] [1777510783.257274209] [move_group.moveit.moveit.ros.rdf_loader]: Loaded robot model in 0.0118313 seconds
[move_group-20] [INFO] [1777510783.257429896] [move_group.moveit.moveit.core.robot_model]: Loading robot model 'gen3'...
[move_group-20] [INFO] [1777510783.257459070] [move_group.moveit.moveit.core.robot_model]: No root/virtual joint specified in SRDF. Assuming fixed joint
[move_group-20] [INFO] [1777510783.463591861] [move_group.moveit.moveit.kinematics.kdl_kinematics_plugin]: Joint weights for group 'manipulator': 1 1 1 1 1 1 1
[ros2_control_node-1] [WARN] [1777510783.632336751] [controller_manager]: Overrun might occur, Total time : 2797.332 us (Expected < 1000.000 us) --> Read time : 32.186 us, Update time : 228.049 us, Write time : 2537.097 us
[ros2_control_node-1] [WARN] [1777510783.632415017] [controller_manager]: Overrun detected! The controller manager missed its desired rate of 1000 Hz. The loop took 2.895858 ms (missed cycles : 3).
[ros2_control_node-1] [INFO] [1777510783.650928004] [controller_manager]: Received robot description from topic.
[ros2_control_node-1] [WARN] [1777510783.650969479] [controller_manager]: ResourceManager has already loaded a urdf. Ignoring attempt to reload a robot description.
[joint_state_sanitizer-3] [WARN] [1777510783.903022131] [joint_state_sanitizer_node]: [joint_state_sanitizer] Published sanitized joint state: joint_3:-3.141->-3.132
[scene_static-7] [WARN] [1777510783.957331613] [scene_static_node]: Planning scene service not available, waiting...
[move_group-20] [INFO] [1777510784.118795887] [move_group.moveit.moveit.ros.planning_scene_monitor]: Publishing maintained planning scene on 'monitored_planning_scene'
[move_group-20] [INFO] [1777510784.118997680] [move_group.moveit.moveit.ros.moveit_cpp]: Listening to 'joint_states' for joint states
[move_group-20] [INFO] [1777510784.121440026] [move_group.moveit.moveit.ros.current_state_monitor]: Listening to joint states on topic 'joint_states'
[move_group-20] [INFO] [1777510784.123485153] [move_group.moveit.moveit.ros.planning_scene_monitor]: Listening to '/attached_collision_object' for attached collision objects
[move_group-20] [INFO] [1777510784.123523080] [move_group.moveit.moveit.ros.planning_scene_monitor]: Stopping existing planning scene publisher.
[move_group-20] [INFO] [1777510784.126470898] [move_group.moveit.moveit.ros.planning_scene_monitor]: Stopped publishing maintained planning scene.
[move_group-20] [INFO] [1777510784.128701014] [move_group.moveit.moveit.ros.planning_scene_monitor]: Publishing maintained planning scene on 'monitored_planning_scene'
[move_group-20] [INFO] [1777510784.128822842] [move_group.moveit.moveit.ros.planning_scene_monitor]: Starting planning scene monitor
[move_group-20] [INFO] [1777510784.129299489] [move_group.moveit.moveit.ros.planning_scene_monitor]: Listening to '/planning_scene'
[move_group-20] [INFO] [1777510784.129327632] [move_group.moveit.moveit.ros.planning_scene_monitor]: Starting world geometry update monitor for collision objects, attached objects, octomap updates.
[move_group-20] [INFO] [1777510784.129791591] [move_group.moveit.moveit.ros.planning_scene_monitor]: Listening to 'collision_object'
[move_group-20] [INFO] [1777510784.130181371] [move_group.moveit.moveit.ros.planning_scene_monitor]: Listening to 'planning_scene_world' for planning scene world geometry
[move_group-20] [WARN] [1777510784.131281597] [move_group.moveit.moveit.ros.occupancy_map_monitor]: Resolution not specified for Octomap. Assuming resolution = 0.1 instead
[move_group-20] [ERROR] [1777510784.131312267] [move_group.moveit.moveit.ros.occupancy_map_monitor]: No 3D sensor plugin(s) defined for octomap updates
[scene_from_vision-10] [INFO] [1777510784.456027887] [scene_from_vision_node]: Published obj_0 (heartbeat) at x=0.314, y=0.016, z=-0.332, yaw=+0.0deg
[scene_from_vision-10] [WARN] [1777510784.462266443] [scene_from_vision_node]: /apply_planning_scene is not ready; published vision object update on /planning_scene only.
[move_group-20] [INFO] [1777510784.486434629] [move_group.moveit.moveit.ros.planning_pipeline]: Successfully loaded planner 'OMPL'
[move_group-20] [INFO] [1777510784.492828684] [move_group]: Try loading adapter 'default_planning_request_adapters/ResolveConstraintFrames'
[move_group-20] [INFO] [1777510784.495395021] [move_group]: Loaded adapter 'default_planning_request_adapters/ResolveConstraintFrames'
[move_group-20] [INFO] [1777510784.495438457] [move_group]: Try loading adapter 'default_planning_request_adapters/ValidateWorkspaceBounds'
[move_group-20] [INFO] [1777510784.496040933] [move_group]: Loaded adapter 'default_planning_request_adapters/ValidateWorkspaceBounds'
[move_group-20] [INFO] [1777510784.496058358] [move_group]: Try loading adapter 'default_planning_request_adapters/CheckStartStateBounds'
[move_group-20] [INFO] [1777510784.496098953] [move_group]: Loaded adapter 'default_planning_request_adapters/CheckStartStateBounds'
[move_group-20] [INFO] [1777510784.496108500] [move_group]: Try loading adapter 'default_planning_request_adapters/CheckStartStateCollision'
[move_group-20] [INFO] [1777510784.496129734] [move_group]: Loaded adapter 'default_planning_request_adapters/CheckStartStateCollision'
[move_group-20] [INFO] [1777510784.502240032] [move_group]: Try loading adapter 'default_planning_response_adapters/AddTimeOptimalParameterization'
[move_group-20] [INFO] [1777510784.507307070] [move_group]: Loaded adapter 'default_planning_response_adapters/AddTimeOptimalParameterization'
[move_group-20] [INFO] [1777510784.507379214] [move_group]: Try loading adapter 'default_planning_response_adapters/ValidateSolution'
[move_group-20] [INFO] [1777510784.512104082] [move_group]: Loaded adapter 'default_planning_response_adapters/ValidateSolution'
[move_group-20] [INFO] [1777510784.512141619] [move_group]: Try loading adapter 'default_planning_response_adapters/DisplayMotionPath'
[move_group-20] [INFO] [1777510784.513367964] [move_group]: Loaded adapter 'default_planning_response_adapters/DisplayMotionPath'
[rviz2-21] [INFO] [1777510784.522347412] [rviz2]: Stereo is NOT SUPPORTED
[rviz2-21] [INFO] [1777510784.522440381] [rviz2]: OpenGl version: 4.6 (GLSL 4.6)
[rviz2-21] [INFO] [1777510784.580645372] [rviz2]: Stereo is NOT SUPPORTED
[ros2_control_node-1] [WARN] [1777510784.636461827] [controller_manager]: Overrun might occur, Total time : 7913.842 us (Expected < 1000.000 us) --> Read time : 49.317 us, Update time : 278.232 us, Write time : 7586.293 us
[ros2_control_node-1] [WARN] [1777510784.636553089] [controller_manager]: Overrun detected! The controller manager missed its desired rate of 1000 Hz. The loop took 8.033659 ms (missed cycles : 9).
[move_group-20] [INFO] [1777510784.728167551] [move_group.moveit.moveit.plugins.simple_controller_manager]: Added FollowJointTrajectory controller for joint_trajectory_controller
[move_group-20] [INFO] [1777510784.728241119] [move_group.moveit.moveit.plugins.simple_controller_manager]: robotiq_gripper_controller will command a max effort of: 0
[move_group-20] [INFO] [1777510784.740633382] [move_group.moveit.moveit.plugins.simple_controller_manager]: Added GripperCommand controller for robotiq_gripper_controller
[move_group-20] [INFO] [1777510784.740949309] [move_group.moveit.moveit.plugins.simple_controller_manager]: Returned 2 controllers in list
[move_group-20] [INFO] [1777510784.741001509] [move_group.moveit.moveit.plugins.simple_controller_manager]: Returned 2 controllers in list
[move_group-20] [INFO] [1777510784.745144838] [move_group.moveit.moveit.ros.trajectory_execution_manager]: Trajectory execution is managing controllers
[move_group-20] [INFO] [1777510784.745192517] [move_group]: MoveGroup debug mode is ON
[move_group-20] [INFO] [1777510784.833517587] [move_group.moveit.moveit.ros.move_group.executable]: 
[move_group-20] 
[move_group-20] ********************************************************
[move_group-20] * MoveGroup using: 
[move_group-20] *     - apply_planning_scene_service
[move_group-20] *     - clear_octomap_service
[move_group-20] *     - get_group_urdf
[move_group-20] *     - load_geometry_from_file
[move_group-20] *     - CartesianPathService
[move_group-20] *     - execute_trajectory_action
[move_group-20] *     - get_planning_scene_service
[move_group-20] *     - kinematics_service
[move_group-20] *     - move_action
[move_group-20] *     - motion_plan_service
[move_group-20] *     - query_planners_service
[move_group-20] *     - state_validation_service
[move_group-20] *     - save_geometry_to_file
[move_group-20] ********************************************************
[move_group-20] 
[move_group-20] [INFO] [1777510784.833598165] [move_group.moveit.moveit.ros.move_group.context]: MoveGroup context using pipeline ompl
[move_group-20] [INFO] [1777510784.833632202] [move_group.moveit.moveit.ros.move_group.context]: MoveGroup context initialization complete
[move_group-20] [96mLoading 'move_group/ApplyPlanningSceneService'...[0m
[move_group-20] [96mLoading 'move_group/ClearOctomapService'...[0m
[move_group-20] [96mLoading 'move_group/GetUrdfService'...[0m
[move_group-20] [96mLoading 'move_group/LoadGeometryFromFileService'...[0m
[move_group-20] [96mLoading 'move_group/MoveGroupCartesianPathService'...[0m
[move_group-20] [96mLoading 'move_group/MoveGroupExecuteTrajectoryAction'...[0m
[move_group-20] [96mLoading 'move_group/MoveGroupGetPlanningSceneService'...[0m
[move_group-20] [96mLoading 'move_group/MoveGroupKinematicsService'...[0m
[move_group-20] [96mLoading 'move_group/MoveGroupMoveAction'...[0m
[move_group-20] [96mLoading 'move_group/MoveGroupPlanService'...[0m
[move_group-20] [96mLoading 'move_group/MoveGroupQueryPlannersService'...[0m
[move_group-20] [96mLoading 'move_group/MoveGroupStateValidationService'...[0m
[move_group-20] [96mLoading 'move_group/SaveGeometryToFileService'...[0m
[move_group-20] 
[move_group-20] [92mYou can start planning now![0m
[move_group-20] 
[scene_static-7] [INFO] [1777510784.961426221] [scene_static_node]: Planning scene service available. Building static scene...
[scene_static-7] [INFO] [1777510784.968437437] [scene_static_node]: Static scene built: 25 objects added to MoveIt planning scene.
[rviz2-21] Warning: class_loader.impl: SEVERE WARNING!!! A namespace collision has occurred with plugin factory for class rviz_default_plugins::displays::InteractiveMarkerDisplay. New factory will OVERWRITE existing one. This situation occurs when libraries containing plugins are directly linked against an executable (the one running right now generating this message). Please separate plugins out into their own library or just don't link against the library and use either class_loader::ClassLoader/MultiLibraryClassLoader to open.
[rviz2-21]          at line 321 in /opt/ros/jazzy/include/class_loader/class_loader/class_loader_core.hpp
[rviz2-21] [WARN] [1777510785.124463639] [rcl.logging_rosout]: Publisher already registered for node name: 'rviz2_moveit'. If this is due to multiple nodes with the same name then all logs for the logger named 'rviz2_moveit' will go out over the existing publisher. As soon as any node with that name is destructed it will unregister the publisher, preventing any further logs for that name from being published on the rosout topic.
[vision_apriltag-9] [INFO] [1777510785.553299858] [vision_apriltag_node]: Vision AprilTag detection debug: 0:cv2.solvePnP_ippe_square:raw@(628,252)
[ros2_control_node-1] [WARN] [1777510785.636797915] [controller_manager]: Overrun might occur, Total time : 4255.230 us (Expected < 1000.000 us) --> Read time : 41.026 us, Update time : 259.250 us, Write time : 3954.954 us
[ros2_control_node-1] [WARN] [1777510785.636874223] [controller_manager]: Overrun detected! The controller manager missed its desired rate of 1000 Hz. The loop took 4.354427 ms (missed cycles : 5).
[ros2_control_node-1] [WARN] [1777510786.638420896] [controller_manager]: Overrun might occur, Total time : 2879.483 us (Expected < 1000.000 us) --> Read time : 45.023 us, Update time : 282.656 us, Write time : 2551.804 us
[ros2_control_node-1] [WARN] [1777510786.638483819] [controller_manager]: Overrun detected! The controller manager missed its desired rate of 1000 Hz. The loop took 2.965321 ms (missed cycles : 3).
[wrist_camera_usb_publisher-8] [INFO] [1777510786.644224067] [wrist_camera_usb_publisher_node]: USB camera publisher heartbeat: publishing 1280x720 frames on /wrist_mounted_camera/image; camera_info fx=920.87, fy=921.57, cx=644.76, cy=343.15.
[scene_from_vision-10] [INFO] [1777510786.954978585] [scene_from_vision_node]: Published obj_0 (heartbeat) at x=0.314, y=0.016, z=-0.332, yaw=+0.0deg
[scene_from_vision-10] [INFO] [1777510786.968864606] [scene_from_vision_node]: /apply_planning_scene accepted dynamic scene updates; MoveIt should mirror these objects to RViz.
[ros2_control_node-1] [WARN] [1777510787.640834238] [controller_manager]: Overrun might occur, Total time : 2294.620 us (Expected < 1000.000 us) --> Read time : 18.136 us, Update time : 147.181 us, Write time : 2129.303 us
[ros2_control_node-1] [WARN] [1777510787.640937645] [controller_manager]: Overrun detected! The controller manager missed its desired rate of 1000 Hz. The loop took 2.418158 ms (missed cycles : 3).
[rviz2-21] [ERROR] [1777510788.249405359] [rviz2_moveit.moveit.ros.motion_planning_frame]: Action server: /recognize_objects not available
[rviz2-21] [INFO] [1777510788.319095953] [rviz2_moveit.moveit.ros.motion_planning_frame]: MoveGroup namespace changed: / -> . Reloading params.
[rviz2-21] [INFO] [1777510788.420288360] [rviz2_moveit.moveit.ros.rdf_loader]: Loaded robot model in 0.0140213 seconds
[rviz2-21] [INFO] [1777510788.421055942] [rviz2_moveit.moveit.core.robot_model]: Loading robot model 'gen3'...
[rviz2-21] [INFO] [1777510788.421099117] [rviz2_moveit.moveit.core.robot_model]: No root/virtual joint specified in SRDF. Assuming fixed joint
[ros2_control_node-1] [WARN] [1777510788.643252417] [controller_manager]: Overrun might occur, Total time : 2709.638 us (Expected < 1000.000 us) --> Read time : 44.306 us, Update time : 255.086 us, Write time : 2410.246 us
[ros2_control_node-1] [WARN] [1777510788.643331556] [controller_manager]: Overrun detected! The controller manager missed its desired rate of 1000 Hz. The loop took 2.812928 ms (missed cycles : 3).
[rviz2-21] [INFO] [1777510788.659659282] [rviz2_moveit.moveit.kinematics.kdl_kinematics_plugin]: Joint weights for group 'manipulator': 1 1 1 1 1 1 1
[joint_state_sanitizer-3] [WARN] [1777510788.904021579] [joint_state_sanitizer_node]: [joint_state_sanitizer] Published sanitized joint state: joint_3:-3.141->-3.132
[scene_from_vision-10] [INFO] [1777510788.956488684] [scene_from_vision_node]: Published obj_0 (heartbeat) at x=0.314, y=0.016, z=-0.332, yaw=+0.0deg
[rviz2-21] [INFO] [1777510789.134035688] [rviz2_moveit.moveit.ros.planning_scene_monitor]: Starting planning scene monitor
[rviz2-21] [INFO] [1777510789.135243744] [rviz2_moveit.moveit.ros.planning_scene_monitor]: Listening to '/monitored_planning_scene'
[rviz2-21] [INFO] [1777510789.535669955] [interactive_marker_display_101081342775584]: Connected on namespace: /rviz_moveit_motion_planning_display/robot_interaction_interactive_marker_topic
[rviz2-21] [INFO] [1777510789.545893228] [rviz2_moveit.moveit.ros.robot_interaction]: No active joints or end effectors found for group 'gripper'. Make sure that kinematics.yaml is loaded in this node's namespace.
[rviz2-21] [INFO] [1777510789.547007792] [rviz2_moveit.moveit.ros.robot_interaction]: No active joints or end effectors found for group 'gripper'. Make sure that kinematics.yaml is loaded in this node's namespace.
[rviz2-21] [INFO] [1777510789.559802160] [rviz2_moveit.moveit.ros.motion_planning_frame]: group gripper
[rviz2-21] [INFO] [1777510789.559886059] [rviz2_moveit.moveit.ros.motion_planning_frame]: Constructing new MoveGroup connection for group 'gripper' in namespace ''
[rviz2-21] [INFO] [1777510789.575196235] [interactive_marker_display_101081342775584]: Sending request for interactive markers
[rviz2-21] [INFO] [1777510789.608192622] [interactive_marker_display_101081342775584]: Service response received for initialization
[rviz2-21] [INFO] [1777510789.618612080] [rviz2_moveit.moveit.ros.move_group_interface]: Ready to take commands for planning group gripper.
[rviz2-21] [INFO] [1777510789.623857121] [rviz2_moveit.moveit.ros.motion_planning_frame]: group gripper
[ros2_control_node-1] [WARN] [1777510789.644468636] [controller_manager]: Overrun might occur, Total time : 6920.794 us (Expected < 1000.000 us) --> Read time : 30.486 us, Update time : 202.400 us, Write time : 6687.908 us
[ros2_control_node-1] [WARN] [1777510789.644585606] [controller_manager]: Overrun detected! The controller manager missed its desired rate of 1000 Hz. The loop took 7.065644 ms (missed cycles : 8).
[ros2_control_node-1] [WARN] [1777510790.646695602] [controller_manager]: Overrun might occur, Total time : 3149.328 us (Expected < 1000.000 us) --> Read time : 48.414 us, Update time : 326.221 us, Write time : 2774.693 us
[ros2_control_node-1] [WARN] [1777510790.646780023] [controller_manager]: Overrun detected! The controller manager missed its desired rate of 1000 Hz. The loop took 3.261196 ms (missed cycles : 4).
[vision_apriltag-9] [INFO] [1777510790.730043230] [vision_apriltag_node]: Vision AprilTag detection debug: 0:cv2.solvePnP_ippe_square:raw@(628,252)
[scene_from_vision-10] [INFO] [1777510790.958039866] [scene_from_vision_node]: Published obj_0 (heartbeat) at x=0.314, y=0.016, z=-0.332, yaw=+0.0deg
[ros2_control_node-1] [WARN] [1777510791.647052495] [controller_manager]: Overrun might occur, Total time : 5513.405 us (Expected < 1000.000 us) --> Read time : 26.576 us, Update time : 211.496 us, Write time : 5275.333 us
[ros2_control_node-1] [WARN] [1777510791.647125722] [controller_manager]: Overrun detected! The controller manager missed its desired rate of 1000 Hz. The loop took 5.606593 ms (missed cycles : 6).
[wrist_camera_usb_publisher-8] [INFO] [1777510791.647507134] [wrist_camera_usb_publisher_node]: USB camera publisher heartbeat: publishing 1280x720 frames on /wrist_mounted_camera/image; camera_info fx=920.87, fy=921.57, cx=644.76, cy=343.15.
[ros2_control_node-1] [WARN] [1777510792.647186593] [controller_manager]: Overrun might occur, Total time : 2644.902 us (Expected < 1000.000 us) --> Read time : 49.067 us, Update time : 323.392 us, Write time : 2272.443 us
[ros2_control_node-1] [WARN] [1777510792.647258000] [controller_manager]: Overrun detected! The controller manager missed its desired rate of 1000 Hz. The loop took 2.739183 ms (missed cycles : 3).
[scene_from_vision-10] [INFO] [1777510792.957580834] [scene_from_vision_node]: Published obj_0 (heartbeat) at x=0.314, y=0.016, z=-0.332, yaw=+0.0deg
[ros2_control_node-1] [WARN] [1777510793.648390744] [controller_manager]: Overrun might occur, Total time : 2828.210 us (Expected < 1000.000 us) --> Read time : 74.605 us, Update time : 344.933 us, Write time : 2408.672 us
[ros2_control_node-1] [WARN] [1777510793.648467676] [controller_manager]: Overrun detected! The controller manager missed its desired rate of 1000 Hz. The loop took 2.948621 ms (missed cycles : 3).
[joint_state_sanitizer-3] [WARN] [1777510793.908899291] [joint_state_sanitizer_node]: [joint_state_sanitizer] Published sanitized joint state: joint_3:-3.141->-3.132
[ros2_control_node-1] [WARN] [1777510794.649209817] [controller_manager]: Overrun might occur, Total time : 2661.958 us (Expected < 1000.000 us) --> Read time : 56.597 us, Update time : 352.934 us, Write time : 2252.427 us
[ros2_control_node-1] [WARN] [1777510794.649308430] [controller_manager]: Overrun detected! The controller manager missed its desired rate of 1000 Hz. The loop took 2.788678 ms (missed cycles : 3).
[scene_from_vision-10] [INFO] [1777510795.453824108] [scene_from_vision_node]: Published obj_0 (heartbeat) at x=0.314, y=0.016, z=-0.332, yaw=+0.0deg
[ros2_control_node-1] [WARN] [1777510795.650062660] [controller_manager]: Overrun might occur, Total time : 2519.588 us (Expected < 1000.000 us) --> Read time : 41.680 us, Update time : 259.785 us, Write time : 2218.123 us
[ros2_control_node-1] [WARN] [1777510795.650153750] [controller_manager]: Overrun detected! The controller manager missed its desired rate of 1000 Hz. The loop took 2.634622 ms (missed cycles : 3).
[vision_apriltag-9] [INFO] [1777510795.865768909] [vision_apriltag_node]: Vision AprilTag detection debug: 0:cv2.solvePnP_ippe_square:raw@(628,252)
[wrist_camera_usb_publisher-8] [INFO] [1777510796.650595745] [wrist_camera_usb_publisher_node]: USB camera publisher heartbeat: publishing 1280x720 frames on /wrist_mounted_camera/image; camera_info fx=920.87, fy=921.57, cx=644.76, cy=343.15.
[ros2_control_node-1] [WARN] [1777510796.652500080] [controller_manager]: Overrun might occur, Total time : 2953.902 us (Expected < 1000.000 us) --> Read time : 45.186 us, Update time : 299.464 us, Write time : 2609.252 us
[ros2_control_node-1] [WARN] [1777510796.652602179] [controller_manager]: Overrun detected! The controller manager missed its desired rate of 1000 Hz. The loop took 3.082980 ms (missed cycles : 4).
[scene_from_vision-10] [INFO] [1777510797.455171301] [scene_from_vision_node]: Published obj_0 (heartbeat) at x=0.314, y=0.016, z=-0.332, yaw=+0.0deg
[ros2_control_node-1] [WARN] [1777510797.653823815] [controller_manager]: Overrun might occur, Total time : 3282.595 us (Expected < 1000.000 us) --> Read time : 42.960 us, Update time : 299.338 us, Write time : 2940.297 us
[ros2_control_node-1] [WARN] [1777510797.653884255] [controller_manager]: Overrun detected! The controller manager missed its desired rate of 1000 Hz. The loop took 3.365448 ms (missed cycles : 4).
[ros2_control_node-1] [WARN] [1777510798.655972198] [controller_manager]: Overrun might occur, Total time : 2427.777 us (Expected < 1000.000 us) --> Read time : 45.842 us, Update time : 191.726 us, Write time : 2190.209 us
[ros2_control_node-1] [WARN] [1777510798.656026207] [controller_manager]: Overrun detected! The controller manager missed its desired rate of 1000 Hz. The loop took 2.508172 ms (missed cycles : 3).
[joint_state_sanitizer-3] [WARN] [1777510798.912291126] [joint_state_sanitizer_node]: [joint_state_sanitizer] Published sanitized joint state: joint_3:-3.141->-3.132
[scene_from_vision-10] [INFO] [1777510799.458651530] [scene_from_vision_node]: Published obj_0 (heartbeat) at x=0.314, y=0.016, z=-0.332, yaw=+0.0deg
[ros2_control_node-1] [WARN] [1777510799.658853401] [controller_manager]: Overrun might occur, Total time : 3266.817 us (Expected < 1000.000 us) --> Read time : 83.748 us, Update time : 561.377 us, Write time : 2621.692 us
[ros2_control_node-1] [WARN] [1777510799.658973633] [controller_manager]: Overrun detected! The controller manager missed its desired rate of 1000 Hz. The loop took 3.452841 ms (missed cycles : 4).
[ros2_control_node-1] [WARN] [1777510800.662299863] [controller_manager]: Overrun might occur, Total time : 2758.881 us (Expected < 1000.000 us) --> Read time : 67.710 us, Update time : 346.205 us, Write time : 2344.966 us
[ros2_control_node-1] [WARN] [1777510800.662379112] [controller_manager]: Overrun detected! The controller manager missed its desired rate of 1000 Hz. The loop took 2.860789 ms (missed cycles : 3).
[vision_apriltag-9] [INFO] [1777510800.888615862] [vision_apriltag_node]: Vision AprilTag detection debug: 0:cv2.solvePnP_ippe_square:raw@(628,252)
[scene_from_vision-10] [INFO] [1777510801.457014112] [scene_from_vision_node]: Published obj_0 (heartbeat) at x=0.314, y=0.016, z=-0.332, yaw=+0.0deg
[wrist_camera_usb_publisher-8] [INFO] [1777510801.663694761] [wrist_camera_usb_publisher_node]: USB camera publisher heartbeat: publishing 1280x720 frames on /wrist_mounted_camera/image; camera_info fx=920.87, fy=921.57, cx=644.76, cy=343.15.
[ros2_control_node-1] [WARN] [1777510801.665963353] [controller_manager]: Overrun might occur, Total time : 3383.634 us (Expected < 1000.000 us) --> Read time : 91.756 us, Update time : 481.951 us, Write time : 2809.927 us
[ros2_control_node-1] [WARN] [1777510801.666115065] [controller_manager]: Overrun detected! The controller manager missed its desired rate of 1000 Hz. The loop took 3.590891 ms (missed cycles : 4).
[ros2_control_node-1] [WARN] [1777510802.666977264] [controller_manager]: Overrun might occur, Total time : 2423.196 us (Expected < 1000.000 us) --> Read time : 31.524 us, Update time : 225.936 us, Write time : 2165.736 us
[ros2_control_node-1] [WARN] [1777510802.667059098] [controller_manager]: Overrun detected! The controller manager missed its desired rate of 1000 Hz. The loop took 2.540503 ms (missed cycles : 3).
[scene_from_vision-10] [INFO] [1777510803.462879368] [scene_from_vision_node]: Published obj_0 (heartbeat) at x=0.314, y=0.016, z=-0.332, yaw=+0.0deg
[ros2_control_node-1] [WARN] [1777510803.668981122] [controller_manager]: Overrun might occur, Total time : 3445.383 us (Expected < 1000.000 us) --> Read time : 25.814 us, Update time : 260.702 us, Write time : 3158.867 us
[ros2_control_node-1] [WARN] [1777510803.669056633] [controller_manager]: Overrun detected! The controller manager missed its desired rate of 1000 Hz. The loop took 3.537943 ms (missed cycles : 4).
[joint_state_sanitizer-3] [WARN] [1777510803.912989645] [joint_state_sanitizer_node]: [joint_state_sanitizer] Published sanitized joint state: joint_3:-3.141->-3.132
[ros2_control_node-1] [WARN] [1777510804.671378526] [controller_manager]: Overrun might occur, Total time : 2839.033 us (Expected < 1000.000 us) --> Read time : 44.858 us, Update time : 252.079 us, Write time : 2542.096 us
[ros2_control_node-1] [WARN] [1777510804.671440448] [controller_manager]: Overrun detected! The controller manager missed its desired rate of 1000 Hz. The loop took 2.921816 ms (missed cycles : 3).
[ros2_control_node-1] [WARN] [1777510805.672928971] [controller_manager]: Overrun might occur, Total time : 2394.902 us (Expected < 1000.000 us) --> Read time : 32.430 us, Update time : 191.503 us, Write time : 2170.969 us
[ros2_control_node-1] [WARN] [1777510805.672978938] [controller_manager]: Overrun detected! The controller manager missed its desired rate of 1000 Hz. The loop took 2.461106 ms (missed cycles : 3).
[vision_apriltag-9] [INFO] [1777510805.930595515] [vision_apriltag_node]: Vision AprilTag detection debug: 0:cv2.solvePnP_ippe_square:raw@(628,252)
[scene_from_vision-10] [INFO] [1777510805.956921971] [scene_from_vision_node]: Published obj_0 (heartbeat) at x=0.314, y=0.016, z=-0.332, yaw=+0.0deg
[ros2_control_node-1] [WARN] [1777510806.675125874] [controller_manager]: Overrun might occur, Total time : 2583.516 us (Expected < 1000.000 us) --> Read time : 49.661 us, Update time : 328.181 us, Write time : 2205.674 us
[ros2_control_node-1] [WARN] [1777510806.675224916] [controller_manager]: Overrun detected! The controller manager missed its desired rate of 1000 Hz. The loop took 2.705378 ms (missed cycles : 3).
[wrist_camera_usb_publisher-8] [INFO] [1777510806.757910006] [wrist_camera_usb_publisher_node]: USB camera publisher heartbeat: publishing 1280x720 frames on /wrist_mounted_camera/image; camera_info fx=920.87, fy=921.57, cx=644.76, cy=343.15.
[ros2_control_node-1] [WARN] [1777510807.676650542] [controller_manager]: Overrun might occur, Total time : 3111.704 us (Expected < 1000.000 us) --> Read time : 32.889 us, Update time : 228.359 us, Write time : 2850.456 us
[ros2_control_node-1] [WARN] [1777510807.676725648] [controller_manager]: Overrun detected! The controller manager missed its desired rate of 1000 Hz. The loop took 3.207156 ms (missed cycles : 4).
[scene_from_vision-10] [INFO] [1777510807.955553390] [scene_from_vision_node]: Published obj_0 (heartbeat) at x=0.314, y=0.016, z=-0.332, yaw=+0.0deg
[ros2_control_node-1] [WARN] [1777510808.677592458] [controller_manager]: Overrun might occur, Total time : 3049.988 us (Expected < 1000.000 us) --> Read time : 44.602 us, Update time : 308.293 us, Write time : 2697.093 us
[ros2_control_node-1] [WARN] [1777510808.677662026] [controller_manager]: Overrun detected! The controller manager missed its desired rate of 1000 Hz. The loop took 3.143421 ms (missed cycles : 4).
[joint_state_sanitizer-3] [WARN] [1777510808.914361454] [joint_state_sanitizer_node]: [joint_state_sanitizer] Published sanitized joint state: joint_3:-3.141->-3.132
[ros2_control_node-1] [WARN] [1777510809.680559683] [controller_manager]: Overrun might occur, Total time : 3002.714 us (Expected < 1000.000 us) --> Read time : 116.195 us, Update time : 540.199 us, Write time : 2346.320 us
[ros2_control_node-1] [WARN] [1777510809.680653182] [controller_manager]: Overrun detected! The controller manager missed its desired rate of 1000 Hz. The loop took 3.134118 ms (missed cycles : 4).
[scene_from_vision-10] [INFO] [1777510810.454288041] [scene_from_vision_node]: Published obj_0 (heartbeat) at x=0.314, y=0.016, z=-0.332, yaw=+0.0deg
[ros2_control_node-1] [WARN] [1777510810.681459385] [controller_manager]: Overrun might occur, Total time : 2917.341 us (Expected < 1000.000 us) --> Read time : 43.065 us, Update time : 257.562 us, Write time : 2616.714 us
[ros2_control_node-1] [WARN] [1777510810.681570476] [controller_manager]: Overrun detected! The controller manager missed its desired rate of 1000 Hz. The loop took 3.051419 ms (missed cycles : 4).
[vision_apriltag-9] [INFO] [1777510811.384743575] [vision_apriltag_node]: Vision AprilTag detection debug: 0:cv2.solvePnP_ippe_square:raw@(628,252)
[ros2_control_node-1] [WARN] [1777510811.683241082] [controller_manager]: Overrun might occur, Total time : 2698.287 us (Expected < 1000.000 us) --> Read time : 42.556 us, Update time : 274.182 us, Write time : 2381.549 us
[ros2_control_node-1] [WARN] [1777510811.683352259] [controller_manager]: Overrun detected! The controller manager missed its desired rate of 1000 Hz. The loop took 2.831159 ms (missed cycles : 3).
[wrist_camera_usb_publisher-8] [INFO] [1777510811.764148809] [wrist_camera_usb_publisher_node]: USB camera publisher heartbeat: publishing 1280x720 frames on /wrist_mounted_camera/image; camera_info fx=920.87, fy=921.57, cx=644.76, cy=343.15.
[ros2_control_node-1] [WARN] [1777510812.683475187] [controller_manager]: Overrun might occur, Total time : 2929.426 us (Expected < 1000.000 us) --> Read time : 41.662 us, Update time : 275.789 us, Write time : 2611.975 us
[ros2_control_node-1] [WARN] [1777510812.683575486] [controller_manager]: Overrun detected! The controller manager missed its desired rate of 1000 Hz. The loop took 3.056382 ms (missed cycles : 4).
[scene_from_vision-10] [INFO] [1777510812.960776557] [scene_from_vision_node]: Published obj_0 (heartbeat) at x=0.314, y=0.016, z=-0.332, yaw=+0.0deg
[ros2_control_node-1] [WARN] [1777510813.686252984] [controller_manager]: Overrun might occur, Total time : 2713.437 us (Expected < 1000.000 us) --> Read time : 35.230 us, Update time : 260.753 us, Write time : 2417.454 us
[ros2_control_node-1] [WARN] [1777510813.686341884] [controller_manager]: Overrun detected! The controller manager missed its desired rate of 1000 Hz. The loop took 2.822663 ms (missed cycles : 3).
[joint_state_sanitizer-3] [WARN] [1777510813.917968317] [joint_state_sanitizer_node]: [joint_state_sanitizer] Published sanitized joint state: joint_3:-3.141->-3.132
[ros2_control_node-1] [WARN] [1777510814.686261263] [controller_manager]: Overrun might occur, Total time : 2721.388 us (Expected < 1000.000 us) --> Read time : 34.692 us, Update time : 275.065 us, Write time : 2411.631 us
[ros2_control_node-1] [WARN] [1777510814.686342587] [controller_manager]: Overrun detected! The controller manager missed its desired rate of 1000 Hz. The loop took 2.823356 ms (missed cycles : 3).
[scene_from_vision-10] [INFO] [1777510815.456183328] [scene_from_vision_node]: Published obj_0 (heartbeat) at x=0.314, y=0.016, z=-0.332, yaw=+0.0deg
[ros2_control_node-1] [WARN] [1777510815.688310018] [controller_manager]: Overrun might occur, Total time : 2768.160 us (Expected < 1000.000 us) --> Read time : 37.554 us, Update time : 248.285 us, Write time : 2482.321 us
[ros2_control_node-1] [WARN] [1777510815.688400149] [controller_manager]: Overrun detected! The controller manager missed its desired rate of 1000 Hz. The loop took 2.881251 ms (missed cycles : 3).
[vision_apriltag-9] [INFO] [1777510816.380608909] [vision_apriltag_node]: Vision AprilTag detection debug: 0:cv2.solvePnP_ippe_square:raw@(628,252)
[ros2_control_node-1] [WARN] [1777510816.689473143] [controller_manager]: Overrun might occur, Total time : 5925.803 us (Expected < 1000.000 us) --> Read time : 37.444 us, Update time : 231.290 us, Write time : 5657.069 us
[ros2_control_node-1] [WARN] [1777510816.689576424] [controller_manager]: Overrun detected! The controller manager missed its desired rate of 1000 Hz. The loop took 6.056921 ms (missed cycles : 7).
[wrist_camera_usb_publisher-8] [INFO] [1777510816.769263571] [wrist_camera_usb_publisher_node]: USB camera publisher heartbeat: publishing 1280x720 frames on /wrist_mounted_camera/image; camera_info fx=920.87, fy=921.57, cx=644.76, cy=343.15.
[ros2_control_node-1] [WARN] [1777510817.690554253] [controller_manager]: Overrun might occur, Total time : 4012.990 us (Expected < 1000.000 us) --> Read time : 35.725 us, Update time : 235.302 us, Write time : 3741.963 us
[ros2_control_node-1] [WARN] [1777510817.690641438] [controller_manager]: Overrun detected! The controller manager missed its desired rate of 1000 Hz. The loop took 4.121951 ms (missed cycles : 5).
[scene_from_vision-10] [INFO] [1777510817.966508656] [scene_from_vision_node]: Published obj_0 (heartbeat) at x=0.314, y=0.016, z=-0.332, yaw=+0.0deg
[ros2_control_node-1] [WARN] [1777510818.691419818] [controller_manager]: Overrun might occur, Total time : 2881.020 us (Expected < 1000.000 us) --> Read time : 29.698 us, Update time : 211.031 us, Write time : 2640.291 us
[ros2_control_node-1] [WARN] [1777510818.691495384] [controller_manager]: Overrun detected! The controller manager missed its desired rate of 1000 Hz. The loop took 2.976569 ms (missed cycles : 3).
[joint_state_sanitizer-3] [WARN] [1777510818.918212474] [joint_state_sanitizer_node]: [joint_state_sanitizer] Published sanitized joint state: joint_3:-3.141->-3.132
[ros2_control_node-1] [WARN] [1777510819.693757196] [controller_manager]: Overrun might occur, Total time : 3207.443 us (Expected < 1000.000 us) --> Read time : 41.167 us, Update time : 256.385 us, Write time : 2909.891 us
[ros2_control_node-1] [WARN] [1777510819.693847220] [controller_manager]: Overrun detected! The controller manager missed its desired rate of 1000 Hz. The loop took 3.328171 ms (missed cycles : 4).
[scene_from_vision-10] [INFO] [1777510820.453646557] [scene_from_vision_node]: Published obj_0 (heartbeat) at x=0.314, y=0.016, z=-0.332, yaw=+0.0deg
