
===== 2026-04-22T13:13:23-04:00 | T1_full =====
cwd=/home/carrt-cse-project/workspace/ros2_kortex_ws
cmd=ros2 launch adl_tasks adl_start.launch.py launch_rviz:=true 

[INFO] [launch]: All log files can be found below /home/carrt-cse-project/.ros/log/2026-04-22-13-13-23-836102-carrt-cse-project-OptiPlex-5050-185196
[INFO] [launch]: Default logging verbosity is set to INFO
[INFO] [launch.user]: [arm_start.launch] MoveIt current state source: /joint_states_sanitized. Use use_joint_state_sanitizer:=false for raw-state viewer debugging.
[INFO] [launch.user]: [arm_start.launch] Using ADL controller config (share/adl_tasks/config/ros2_controllers_vbox.yaml, update_rate:=1000 Hz).
[INFO] [ros2_control_node-1]: process started with pid [185200]
[INFO] [robot_state_publisher-2]: process started with pid [185201]
[INFO] [joint_state_sanitizer-3]: process started with pid [185202]
[INFO] [spawner-4]: process started with pid [185203]
[INFO] [static_transform_publisher-5]: process started with pid [185204]
[INFO] [static_transform_publisher-6]: process started with pid [185205]
[INFO] [scene_static-7]: process started with pid [185206]
[INFO] [wrist_camera_usb_publisher-8]: process started with pid [185207]
[INFO] [vision_apriltag-9]: process started with pid [185208]
[INFO] [scene_from_vision-10]: process started with pid [185209]
[INFO] [adl_controller-11]: process started with pid [185210]
[INFO] [pick_dropped_bottle-12]: process started with pid [185211]
[INFO] [clear_table-13]: process started with pid [185212]
[INFO] [give_medication-14]: process started with pid [185213]
[INFO] [adl_ui-15]: process started with pid [185215]
[robot_state_publisher-2] [INFO] [1776878004.125867036] [robot_state_publisher]: Robot initialized
[static_transform_publisher-5] [INFO] [1776878004.154861997] [static_transform_publisher]: Spinning until stopped - publishing transform
[static_transform_publisher-5] translation: ('0.000000', '0.000000', '0.000000')
[static_transform_publisher-5] rotation: ('0.000000', '0.000000', '0.000000', '1.000000')
[static_transform_publisher-5] from 'world' to 'base_link'
[static_transform_publisher-6] [INFO] [1776878004.313051968] [camera_color_optical_bridge_tf_pub]: Spinning until stopped - publishing transform
[static_transform_publisher-6] translation: ('0.000000', '0.000000', '0.000000')
[static_transform_publisher-6] rotation: ('0.000000', '0.000000', '0.000000', '1.000000')
[static_transform_publisher-6] from 'camera_color_frame' to 'wrist_mounted_camera_color_optical_frame'
[ros2_control_node-1] [INFO] [1776878004.334475287] [controller_manager]: Using Steady (Monotonic) clock for triggering controller manager cycles.
[ros2_control_node-1] [INFO] [1776878004.382826240] [controller_manager]: Subscribing to '/robot_description' topic for robot description.
[ros2_control_node-1] [INFO] [1776878004.401471951] [controller_manager]: update rate is 1000 Hz
[ros2_control_node-1] [INFO] [1776878004.402437259] [controller_manager]: Overruns handling is : enabled
[ros2_control_node-1] [INFO] [1776878004.402456901] [controller_manager]: Spawning controller_manager RT thread with scheduler priority: 50
[ros2_control_node-1] [INFO] [1776878004.402855520] [controller_manager]: Successful set up FIFO RT scheduling policy with priority 50.
[ros2_control_node-1] [INFO] [1776878004.403107499] [controller_manager]: Received robot description from topic.
[ros2_control_node-1] [INFO] [1776878004.403149135] [controller_manager]: Enforcing command limits is disabled. Command limits from URDF will be ignored.
[ros2_control_node-1] [INFO] [1776878004.436263581] [controller_manager]: Loading hardware 'KortexMultiInterfaceHardware' 
[ros2_control_node-1] [INFO] [1776878004.513804180] [KortexMultiInterfaceHardware]: Setting severity threshold to DEBUG
[ros2_control_node-1] [INFO] [1776878004.513877167] [controller_manager]: Loaded hardware 'KortexMultiInterfaceHardware' from plugin 'kortex_driver/KortexMultiInterfaceHardware'
[ros2_control_node-1] [INFO] [1776878004.514438825] [controller_manager]: Initialize hardware 'KortexMultiInterfaceHardware' 
[ros2_control_node-1] [INFO] [1776878004.555514047] [KortexMultiInterfaceHardware]: Configuring Hardware Interface
[ros2_control_node-1] [INFO] [1776878004.557885012] [KortexMultiInterfaceHardware]: Robot ip is '192.168.0.10'
[ros2_control_node-1] [INFO] [1776878004.557913454] [KortexMultiInterfaceHardware]: Username is 'admin'
[ros2_control_node-1] [INFO] [1776878004.557931353] [KortexMultiInterfaceHardware]: Port used '10000'
[ros2_control_node-1] [INFO] [1776878004.557937131] [KortexMultiInterfaceHardware]: Realtime port used '10001'
[ros2_control_node-1] [INFO] [1776878004.557942350] [KortexMultiInterfaceHardware]: Session inactivity timeout is '60000'
[ros2_control_node-1] [INFO] [1776878004.557949481] [KortexMultiInterfaceHardware]: Connection inactivity timeout is '2000'
[ros2_control_node-1] [INFO] [1776878004.557959628] [KortexMultiInterfaceHardware]: Gripper joint name is 'robotiq_85_left_knuckle_joint'
[ros2_control_node-1] [INFO] [1776878004.558001539] [KortexMultiInterfaceHardware]: Connecting to robot at 192.168.0.10
[ros2_control_node-1] [INFO] [1776878004.565896576] [KortexMultiInterfaceHardware]: Creating session for communication
[ros2_control_node-1] [INFO] [1776878004.718800396] [KortexMultiInterfaceHardware]: Session created
[joint_state_sanitizer-3] [INFO] [1776878004.819647606] [joint_state_sanitizer_node]: joint_state_sanitizer started. raw=/joint_states -> sanitized=/joint_states_sanitized
[spawner-4] [INFO] [1776878004.988823919] [spawner_joint_state_broadcaster]: waiting for service /controller_manager/list_controllers to become available...
[adl_ui-15] [INFO] [1776878005.133852980] [adl_ui_node]: ADL UI Node started.
[adl_ui-15] [INFO] [1776878005.135087151] [adl_ui_node]: Automatic retract on UI load is disabled; startup sends no motion.
[adl_ui-15]  * Serving Flask app 'adl_tasks.adl_ui'
[adl_ui-15]  * Debug mode: off
[adl_ui-15] [INFO] [1776878005.147588135] [adl_ui_node]: Web UI available at http://localhost:5000
[adl_ui-15] WARNING: This is a development server. Do not use it in a production deployment. Use a production WSGI server instead.
[adl_ui-15]  * Running on all addresses (0.0.0.0)
[adl_ui-15]  * Running on http://127.0.0.1:5000
[adl_ui-15]  * Running on http://192.168.0.231:5000
[adl_ui-15] Press CTRL+C to quit
[adl_ui-15] 127.0.0.1 - - [22/Apr/2026 13:13:25] "GET /status_json HTTP/1.1" 200 -
[ros2_control_node-1] [INFO] [1776878005.421397148] [KortexMultiInterfaceHardware]: Actuator count reported by robot is '7'
[ros2_control_node-1] [INFO] [1776878005.421603675] [KortexMultiInterfaceHardware]: Using internal bus communication for gripper!
[ros2_control_node-1] [INFO] [1776878005.421612776] [KortexMultiInterfaceHardware]: Hardware Interface successfully configured
[ros2_control_node-1] [INFO] [1776878005.421708087] [controller_manager]: Successful initialization of hardware 'KortexMultiInterfaceHardware'
[ros2_control_node-1] [DEBUG] [1776878005.421796903] [KortexMultiInterfaceHardware]: export_state_interfaces for joint: joint_1
[ros2_control_node-1] [DEBUG] [1776878005.421825867] [KortexMultiInterfaceHardware]: export_state_interfaces for joint: joint_2
[ros2_control_node-1] [DEBUG] [1776878005.421834316] [KortexMultiInterfaceHardware]: export_state_interfaces for joint: joint_3
[ros2_control_node-1] [DEBUG] [1776878005.421838738] [KortexMultiInterfaceHardware]: export_state_interfaces for joint: joint_4
[ros2_control_node-1] [DEBUG] [1776878005.421842213] [KortexMultiInterfaceHardware]: export_state_interfaces for joint: joint_5
[ros2_control_node-1] [DEBUG] [1776878005.421846501] [KortexMultiInterfaceHardware]: export_state_interfaces for joint: joint_6
[ros2_control_node-1] [DEBUG] [1776878005.421850770] [KortexMultiInterfaceHardware]: export_state_interfaces for joint: joint_7
[ros2_control_node-1] [DEBUG] [1776878005.421855164] [KortexMultiInterfaceHardware]: export_state_interfaces for joint: robotiq_85_left_knuckle_joint
[ros2_control_node-1] [INFO] [1776878005.423799756] [resource_manager]: 'configure' hardware 'KortexMultiInterfaceHardware' 
[ros2_control_node-1] [INFO] [1776878005.423842280] [resource_manager]: Successful 'configure' of hardware 'KortexMultiInterfaceHardware'
[ros2_control_node-1] [INFO] [1776878005.423908734] [resource_manager]: 'activate' hardware 'KortexMultiInterfaceHardware' 
[ros2_control_node-1] [INFO] [1776878005.423934040] [KortexMultiInterfaceHardware]: Activating KortexMultiInterfaceHardware...
[ros2_control_node-1] [INFO] [1776878005.428892023] [KortexMultiInterfaceHardware]: Gripper initial position is '14.410482'.
[ros2_control_node-1] [INFO] [1776878005.434080620] [KortexMultiInterfaceHardware]: KortexMultiInterfaceHardware successfully activated!
[ros2_control_node-1] [INFO] [1776878005.434126111] [resource_manager]: Successful 'activate' of hardware 'KortexMultiInterfaceHardware'
[ros2_control_node-1] [INFO] [1776878005.434415987] [controller_manager]: Registering statistics for : KortexMultiInterfaceHardware
[ros2_control_node-1] [INFO] [1776878005.434582550] [controller_manager]: Resource Manager has been successfully initialized. Starting Controller Manager services...
[ros2_control_node-1] [WARN] [1776878005.443928803] [controller_manager]: Overrun might occur, Total time : 8941.239 us (Expected < 1000.000 us) --> Read time : 4460.900 us, Update time : 32.677 us, Write time : 4447.662 us
[ros2_control_node-1] [WARN] [1776878005.444010696] [controller_manager]: Overrun detected! The controller manager missed its desired rate of 1000 Hz. The loop took 9.055999 ms (missed cycles : 10).
[clear_table-13] [INFO] [1776878005.647402542] [clear_table_node]: Clear Table Node Started
[scene_static-7] [INFO] [1776878005.649735667] [scene_static_node]: Static Scene Node started.
[scene_static-7] [INFO] [1776878005.650622905] [scene_static_node]: WHEELCHAIR_BASE_HEIGHT = 0.36195m  |  Table surface at z = 0.118m | Table front-edge-from-base = 0.406m | Table center at x = 0.681m | table_edge_lip_margin=0.0127m | table_edge_lip_thickness=0.0127m | table_edge_lip_height=0.480m | include_wheelchair_wall=True | include_left_desk_wall=True | include_right_desk_wall=True | include_arm_base_under_block=True | include_arm_base_side_lips=True | include_arm_base_left_back_block=True | include_arm_base_right_back_half_block=True
[scene_static-7] [INFO] [1776878005.651445891] [scene_static_node]: Wheelchair wall geometry: center=(-0.465, 0.000, 0.482) size=(0.450, 0.700, 1.688)
[scene_static-7] [INFO] [1776878005.652338932] [scene_static_node]: Arm-base under-block geometry: center=(0.000, 0.000, -0.212) size=(0.302, 0.378, 0.300) | platform=(0.200, 0.200) | margins(front/back=0.051, left/right=0.089)
[scene_static-7] [INFO] [1776878005.653344494] [scene_static_node]: Arm-base side-lip geometry: left_y=0.198, right_y=-0.198, center_z=-0.047, size=(0.314, 0.006, 0.030) | x_offset=-0.076, outset=0.006, front/back_margin=0.006
[scene_static-7] [INFO] [1776878005.654599564] [scene_static_node]: Arm-base left-back block geometry: center=(-0.177, 0.312, 0.482) size=(0.100, 0.408, 1.688) | inner_faces(x=-0.127, y=0.108) | left_wall_inner_face_y=0.504 | into_left_wall=0.013
[scene_static-7] [INFO] [1776878005.656111218] [scene_static_node]: Arm-base right-back half block geometry: center=(-0.177, -0.312, 0.060) size=(0.100, 0.408, 0.844) | inner_faces(x=-0.127, y=-0.108) | right_wall_inner_face_y=-0.504 | into_right_wall=0.013
[clear_table-13] [INFO] [1776878005.718676076] [clear_table_node]: MoveItHelper initialized. joint_state_topic=/joint_states_sanitized (sanitized_expected=True) real_hardware_mode=True short_cartesian_mode=hybrid
[clear_table-13] [INFO] [1776878005.719614886] [clear_table_node]: ADL_DIRECT_FIXED_JOINTS is unset; defaulting fixed-joint direct trajectories to disabled on real hardware (collision-aware MoveIt path first).
[clear_table-13] [INFO] [1776878005.727933738] [clear_table_node]: Vision Client initialized, waiting for service...
[wrist_camera_usb_publisher-8] [INFO] [1776878005.798577105] [wrist_camera_usb_publisher_node]: USB camera publisher: trying camera source index 2.
[wrist_camera_usb_publisher-8] [INFO] [1776878005.900056699] [wrist_camera_usb_publisher_node]: USB camera publisher: opened camera source index 2.
[wrist_camera_usb_publisher-8] [INFO] [1776878005.900874334] [wrist_camera_usb_publisher_node]: Wrist Camera USB Publisher started.
[wrist_camera_usb_publisher-8] [INFO] [1776878005.902146714] [wrist_camera_usb_publisher_node]: Publishing USB camera frames on /wrist_mounted_camera/image with frame_id=wrist_mounted_camera_color_optical_frame.
[wrist_camera_usb_publisher-8] [INFO] [1776878005.903257372] [wrist_camera_usb_publisher_node]: Publishing camera info on /wrist_mounted_camera/camera_info from reference intrinsics [554.25, 554.25, 320.0, 240.0] @ 640x480.
[wrist_camera_usb_publisher-8] [INFO] [1776878005.904199345] [wrist_camera_usb_publisher_node]: Using explicit camera_matrix for CameraInfo. matrix_size=1280x720, K=[920.874267578125, 0.0, 644.7646484375, 0.0, 921.5654907226562, 343.1528625488281, 0.0, 0.0, 1.0], d=[0.0, 0.0, 0.0, 0.0, 0.0]
[wrist_camera_usb_publisher-8] [INFO] [1776878005.904964100] [wrist_camera_usb_publisher_node]: Requested source=2 size=1280x720 fps=10.0
[adl_ui-15] 127.0.0.1 - - [22/Apr/2026 13:13:26] "GET /status_json HTTP/1.1" 200 -
[ros2_control_node-1] [WARN] [1776878006.444078022] [controller_manager]: Overrun might occur, Total time : 4099.067 us (Expected < 1000.000 us) --> Read time : 39.307 us, Update time : 19.163 us, Write time : 4040.597 us
[ros2_control_node-1] [WARN] [1776878006.444151407] [controller_manager]: Overrun detected! The controller manager missed its desired rate of 1000 Hz. The loop took 4.196494 ms (missed cycles : 5).
[give_medication-14] [INFO] [1776878006.509303510] [give_medication_node]: give_medication starting...
[wrist_camera_usb_publisher-8] [INFO] [1776878006.542207300] [wrist_camera_usb_publisher_node]: USB camera info active intrinsics: size=1280x720, fx=920.87, fy=921.57, cx=644.76, cy=343.15, d=array('d', [0.0, 0.0, 0.0, 0.0, 0.0])
[wrist_camera_usb_publisher-8] [INFO] [1776878006.543305313] [wrist_camera_usb_publisher_node]: USB camera publisher heartbeat: publishing 1280x720 frames on /wrist_mounted_camera/image; camera_info fx=920.87, fy=921.57, cx=644.76, cy=343.15.
[scene_from_vision-10] [INFO] [1776878006.544732208] [scene_from_vision_node]: Scene From Vision Node Started
[pick_dropped_bottle-12] [INFO] [1776878006.549022974] [pick_dropped_bottle_node]: PickDroppedBottle starting...
[vision_apriltag-9] [INFO] [1776878006.550500594] [vision_apriltag_node]: Vision AprilTag Node Started
[vision_apriltag-9] [INFO] [1776878006.552501598] [vision_apriltag_node]: Subscribing to camera topic: /wrist_mounted_camera/image
[vision_apriltag-9] [INFO] [1776878006.554829696] [vision_apriltag_node]: Subscribing to camera info topic: /wrist_mounted_camera/camera_info
[vision_apriltag-9] [INFO] [1776878006.556720692] [vision_apriltag_node]: Camera frame: wrist_mounted_camera_color_optical_frame | use_image_header_frame=True
[vision_apriltag-9] [INFO] [1776878006.558552373] [vision_apriltag_node]: Tag size: 0.025m | pose_cache_retention_s=20.0 | get_pose_wait_timeout_s=5.0 | max_returned_pose_age_s=20.0 | camera_params=[554.25, 554.25, 320.0, 240.0] | families=tag36h11 | quad_decimate=1.0 | requested_backend=opencv | backend=cv2.aruco | opencv_pose_solver=ippe_square | use_image_timestamp_for_tf=False
[vision_apriltag-9] [INFO] [1776878006.559948300] [vision_apriltag_node]: Top-tag known-plane projection: enabled=True, planes={3: 0.13995, 4: 0.1752}
[vision_apriltag-9] [INFO] [1776878006.562134298] [vision_apriltag_node]: pupil_apriltags tuning: nthreads=1, quad_sigma=0.0, refine_edges=1, decode_sharpening=0.25, debug=0, preprocess_variants=['raw', 'clahe', 'adaptive', 'clahe_sharp', 'clahe_up2', 'sharp_up2'], tile_search_if_empty=True, tile_search_grid=3x2, tile_search_scale=2.0, tile_search_overlap=0.25
[vision_apriltag-9] [WARN] [1776878006.563872170] [vision_apriltag_node]: pupil_apriltags is not importable by this node, so detection is using OpenCV fallback only. python=/usr/bin/python3, import_error=No module named 'pupil_apriltags'. If .venv contains pupil_apriltags, rebuild adl_tasks with that venv active or run the module with the venv Python.
[vision_apriltag-9] [INFO] [1776878006.566437635] [vision_apriltag_node]: Publishing AprilTag debug images on /vision_apriltag/debug_image at up to 1.0 Hz.
[vision_apriltag-9] [INFO] [1776878006.570146927] [vision_apriltag_node]: Vision AprilTag camera model updated from CameraInfo: size=1280x720, fx=920.87, fy=921.57, cx=644.76, cy=343.15, d=[0.0, 0.0, 0.0, 0.0, 0.0]
[give_medication-14] [INFO] [1776878006.596919907] [give_medication_node]: MoveItHelper initialized. joint_state_topic=/joint_states_sanitized (sanitized_expected=True) real_hardware_mode=True short_cartesian_mode=hybrid
[give_medication-14] [INFO] [1776878006.598030732] [give_medication_node]: ADL_DIRECT_FIXED_JOINTS is unset; defaulting fixed-joint direct trajectories to disabled on real hardware (collision-aware MoveIt path first).
[give_medication-14] [INFO] [1776878006.614211131] [give_medication_node]: Vision Client initialized, waiting for service...
[give_medication-14] [INFO] [1776878006.614856985] [give_medication_node]: Vision service is ready.
[give_medication-14] [INFO] [1776878006.625330716] [give_medication_node]: give_medication ready.
[scene_from_vision-10] [INFO] [1776878006.658180091] [scene_from_vision_node]: SceneFromVision: Updating planning scene. Tracking 5 object shape(s). memory_mode=True, scan_duration_s=5.0, scan_min_samples=3, scan_target_samples=8, scan_extend_step_s=0.0, scan_max_extensions=0, scan_prune_unseen_objects=False, continuous_scene_updates=False, latch_first_detection_updates=True, log_object_pose_debug=False, apply_planning_scene_service_updates=True, publish_monitored_planning_scene_updates=True, side_viewpoint=wrist_mounted_camera_color_optical_frame->base_link, reject_table_objects_outside_bounds=False.
[scene_from_vision-10] [INFO] [1776878006.660754893] [scene_from_vision_node]: SceneFromVision calibration: xy_offset=(0.000, 0.000), z_offset=0.000, yaw_deg=0.00, xy_scale=1.0000, clamp_table_objects_to_table_bounds=False, table_bounds_margin_m=0.030.
[pick_dropped_bottle-12] [INFO] [1776878006.661982917] [pick_dropped_bottle_node]: MoveItHelper initialized. joint_state_topic=/joint_states_sanitized (sanitized_expected=True) real_hardware_mode=True short_cartesian_mode=hybrid
[pick_dropped_bottle-12] [INFO] [1776878006.662626768] [pick_dropped_bottle_node]: ADL_DIRECT_FIXED_JOINTS is unset; defaulting fixed-joint direct trajectories to disabled on real hardware (collision-aware MoveIt path first).
[scene_from_vision-10] [INFO] [1776878006.663892814] [scene_from_vision_node]: SceneFromVision object offsets: remote_axis=y, remote_tag_to_center_sign=-1.0, remote_tag_from_end_m=0.020, remote_world_offset=(-0.040, 0.000), cube_tag_to_center=(0.000, 0.000), cube_world_offset=(-0.020, -0.006), cube_yaw_offset_deg=0.0, medication_world_offset=(-0.090, -0.030), medication_face_to_center_m=0.030, cup_world_offset=(-0.085, -0.040), cup_face_to_center_m=0.037, cup_scene_scan_pose_xy_offsets={'side_right': (-0.02, -0.019), 'side_left': (-0.128, 0.003), 'side_fallback_center': (0.0, 0.0), 'side_unknown': (0.0, 0.0)}.
[pick_dropped_bottle-12] [INFO] [1776878006.678750746] [pick_dropped_bottle_node]: Vision Client initialized, waiting for service...
[pick_dropped_bottle-12] [INFO] [1776878006.679406346] [pick_dropped_bottle_node]: Vision service is ready.
[pick_dropped_bottle-12] [INFO] [1776878006.685510027] [pick_dropped_bottle_node]: [Bottle] Assumptions: tag0 is bottle, bottle lies horizontally on floor, AprilTag is on side midsection with tag +Y oriented upward toward camera, and grasp target is bottle midsection near the QR/tag centerline.
[pick_dropped_bottle-12] [INFO] [1776878006.686458354] [pick_dropped_bottle_node]: [Bottle] Geometry: height=0.200m diameter=0.060m radius=0.030m; gripper_force=16.0N.
[pick_dropped_bottle-12] [INFO] [1776878006.687121467] [pick_dropped_bottle_node]: PickDroppedBottle ready. Waiting for command.
[pick_dropped_bottle-12] [INFO] [1776878006.687861736] [pick_dropped_bottle_node]: Startup motion disabled at node load; motion begins only after pick_dropped_bottle command.
[clear_table-13] [INFO] [1776878006.730462598] [clear_table_node]: Vision service is ready.
[clear_table-13] [INFO] [1776878006.740047189] [clear_table_node]: Clear Table Node ready. Waiting for command.
[clear_table-13] [INFO] [1776878006.740798837] [clear_table_node]: Startup motion disabled at node load; motion begins only after clear_table command.
[clear_table-13] [INFO] [1776878006.741594507] [clear_table_node]: clear_table scan flags: top_only_scan_mode=False (ADL_CLEAR_TABLE_TOP_ONLY_SCAN='false'), two_phase_require_side_sweep_before_priority_exit=True (ADL_CLEAR_TABLE_REQUIRE_SIDE_SWEEP='true'), two_phase_top_full_sweep_before_priority_exit=True.
[clear_table-13] [INFO] [1776878006.742409842] [clear_table_node]: clear_table planned scan sequence: top_center (standard top view over the table) -> top_downturned (downward top view for flat tags and back-right table coverage) -> side_right (right-shifted side view for cup/side tags) -> side_left (left-shifted side view for cup/side tags).
[vision_apriltag-9] [INFO] [1776878006.833564090] [vision_apriltag_node]: Vision AprilTag detection debug: no tags found after raw/CLAHE/sharp/adaptive/upscaled/tiled passes.
[adl_ui-15] 127.0.0.1 - - [22/Apr/2026 13:13:26] "GET /status_json HTTP/1.1" 200 -
[adl_controller-11] [INFO] [1776878007.420569986] [adl_controller_node]: MoveItHelper initialized. joint_state_topic=/joint_states_sanitized (sanitized_expected=True) real_hardware_mode=True short_cartesian_mode=hybrid
[adl_controller-11] [INFO] [1776878007.421549353] [adl_controller_node]: ADL_DIRECT_FIXED_JOINTS is unset; defaulting fixed-joint direct trajectories to disabled on real hardware (collision-aware MoveIt path first).
[adl_controller-11] [INFO] [1776878007.436770747] [adl_controller_node]: ADL controller ready. Waiting for UI/system commands.
[ros2_control_node-1] [WARN] [1776878007.446348196] [controller_manager]: Overrun might occur, Total time : 3367.588 us (Expected < 1000.000 us) --> Read time : 39.985 us, Update time : 23.422 us, Write time : 3304.181 us
[ros2_control_node-1] [WARN] [1776878007.446423454] [controller_manager]: Overrun detected! The controller manager missed its desired rate of 1000 Hz. The loop took 3.468874 ms (missed cycles : 4).
[adl_ui-15] 127.0.0.1 - - [22/Apr/2026 13:13:27] "GET /status_json HTTP/1.1" 200 -
[scene_static-7] [WARN] [1776878007.976433466] [scene_static_node]: Planning scene service not available, waiting...
[adl_ui-15] 127.0.0.1 - - [22/Apr/2026 13:13:28] "GET /status_json HTTP/1.1" 200 -
[ros2_control_node-1] [WARN] [1776878008.448727917] [controller_manager]: Overrun might occur, Total time : 3752.024 us (Expected < 1000.000 us) --> Read time : 38.909 us, Update time : 34.339 us, Write time : 3678.776 us
[ros2_control_node-1] [WARN] [1776878008.448792726] [controller_manager]: Overrun detected! The controller manager missed its desired rate of 1000 Hz. The loop took 3.838107 ms (missed cycles : 4).
[ros2_control_node-1] [INFO] [1776878008.498258003] [controller_manager]: Loading controller : 'joint_state_broadcaster' of type 'joint_state_broadcaster/JointStateBroadcaster'
[ros2_control_node-1] [INFO] [1776878008.498306948] [controller_manager]: Loading controller 'joint_state_broadcaster'
[vision_apriltag-9] [INFO] [1776878008.499848919] [vision_apriltag_node]: Vision AprilTag: images are arriving on /wrist_mounted_camera/image, but no AprilTags have been detected yet.
[ros2_control_node-1] [INFO] [1776878008.507179009] [controller_manager]: Controller 'joint_state_broadcaster' node arguments: --ros-args --params-file /home/carrt-cse-project/workspace/ros2_kortex_ws/install/adl_tasks/share/adl_tasks/config/ros2_controllers_vbox.yaml --params-file /tmp/launch_params_iot9ne23 
[spawner-4] [INFO] [1776878008.548128459] [spawner_joint_state_broadcaster]: Loaded joint_state_broadcaster
[ros2_control_node-1] [INFO] [1776878008.552717699] [controller_manager]: Configuring controller: 'joint_state_broadcaster'
[ros2_control_node-1] [INFO] [1776878008.552977096] [joint_state_broadcaster]: 'joints' or 'interfaces' parameter is empty. All available state interfaces will be published
[ros2_control_node-1] [INFO] [1776878008.585805616] [controller_manager]: Activating controllers: [ joint_state_broadcaster ]
[ros2_control_node-1] [INFO] [1776878008.588360474] [controller_manager]: Successfully switched controllers!
[ros2_control_node-1] [WARN] [1776878008.591329848] [controller_manager]: Overrun might occur, Total time : 4356.759 us (Expected < 1000.000 us) --> Read time : 28.129 us, Update time : 1345.805 us (Switch time : 1320.768 us (Switch chained mode time : 2.023 us, perform mode change time : 2.559 us, Activation time : 1308.777 us, Deactivation time : 2.099 us)), Write time : 2982.825 us
[spawner-4] [INFO] [1776878008.594685984] [spawner_joint_state_broadcaster]: Configured and activated joint_state_broadcaster
[INFO] [spawner-4]: process has finished cleanly [pid 185203]
[adl_ui-15] 127.0.0.1 - - [22/Apr/2026 13:13:29] "GET /status_json HTTP/1.1" 200 -
[INFO] [spawner-16]: process started with pid [185477]
[INFO] [spawner-17]: process started with pid [185478]
[INFO] [spawner-18]: process started with pid [185479]
[INFO] [spawner-19]: process started with pid [185480]
[ros2_control_node-1] [WARN] [1776878009.451558170] [controller_manager]: Overrun might occur, Total time : 2575.642 us (Expected < 1000.000 us) --> Read time : 55.375 us, Update time : 127.919 us, Write time : 2392.348 us
[ros2_control_node-1] [WARN] [1776878009.451631070] [controller_manager]: Overrun detected! The controller manager missed its desired rate of 1000 Hz. The loop took 2.675746 ms (missed cycles : 3).
[adl_ui-15] 127.0.0.1 - - [22/Apr/2026 13:13:29] "GET /status_json HTTP/1.1" 200 -
[spawner-18] [INFO] [1776878009.965679492] [spawner_robotiq_gripper_controller]: waiting for service /controller_manager/list_controllers to become available...
[scene_static-7] [WARN] [1776878009.983437286] [scene_static_node]: Planning scene service not available, waiting...
[ros2_control_node-1] [WARN] [1776878010.452532576] [controller_manager]: Overrun might occur, Total time : 2565.230 us (Expected < 1000.000 us) --> Read time : 20.929 us, Update time : 70.195 us, Write time : 2474.106 us
[ros2_control_node-1] [WARN] [1776878010.452588252] [controller_manager]: Overrun detected! The controller manager missed its desired rate of 1000 Hz. The loop took 2.633851 ms (missed cycles : 3).
[vision_apriltag-9] [INFO] [1776878010.619926578] [vision_apriltag_node]: Vision AprilTag: images are arriving on /wrist_mounted_camera/image, but no AprilTags have been detected yet.
[adl_ui-15] 127.0.0.1 - - [22/Apr/2026 13:13:30] "GET /status_json HTTP/1.1" 200 -
[adl_ui-15] 127.0.0.1 - - [22/Apr/2026 13:13:31] "GET /status_json HTTP/1.1" 200 -
[ros2_control_node-1] [WARN] [1776878011.454972128] [controller_manager]: Overrun might occur, Total time : 2001.626 us (Expected < 1000.000 us) --> Read time : 30.179 us, Update time : 76.956 us, Write time : 1894.491 us
[ros2_control_node-1] [WARN] [1776878011.455041848] [controller_manager]: Overrun detected! The controller manager missed its desired rate of 1000 Hz. The loop took 2.086802 ms (missed cycles : 3).
[ros2_control_node-1] [INFO] [1776878011.477719795] [controller_manager]: Loading controller : 'robotiq_gripper_controller' of type 'position_controllers/GripperActionController'
[ros2_control_node-1] [INFO] [1776878011.477789606] [controller_manager]: Loading controller 'robotiq_gripper_controller'
[ros2_control_node-1] [INFO] [1776878011.482435645] [controller_manager]: Controller 'robotiq_gripper_controller' node arguments: --ros-args --params-file /home/carrt-cse-project/workspace/ros2_kortex_ws/install/adl_tasks/share/adl_tasks/config/ros2_controllers_vbox.yaml --params-file /tmp/launch_params_iot9ne23 
[ros2_control_node-1] [WARN] [1776878011.533169214] [robotiq_gripper_controller]: [Deprecated]: the `position_controllers/GripperActionController` and `effort_controllers::GripperActionController` controllers are replaced by 'parallel_gripper_controllers/GripperActionController' controller
[spawner-18] [INFO] [1776878011.538807546] [spawner_robotiq_gripper_controller]: Loaded robotiq_gripper_controller
[ros2_control_node-1] [INFO] [1776878011.623599455] [controller_manager]: Configuring controller: 'robotiq_gripper_controller'
[ros2_control_node-1] [INFO] [1776878011.623766205] [robotiq_gripper_controller]: Action status changes will be monitored at 20.000000 Hz.
[ros2_control_node-1] [INFO] [1776878011.627416791] [controller_manager]: Activating controllers: [ robotiq_gripper_controller ]
[wrist_camera_usb_publisher-8] [INFO] [1776878011.685848190] [wrist_camera_usb_publisher_node]: USB camera publisher heartbeat: publishing 1280x720 frames on /wrist_mounted_camera/image; camera_info fx=920.87, fy=921.57, cx=644.76, cy=343.15.
[ros2_control_node-1] [INFO] [1776878011.837049507] [controller_manager]: Successfully switched controllers!
[ros2_control_node-1] [WARN] [1776878011.838819056] [controller_manager]: Overrun might occur, Total time : 9846.885 us (Expected < 1000.000 us) --> Read time : 24.502 us, Update time : 7922.531 us (Switch time : 7838.688 us (Switch chained mode time : 1.227 us, perform mode change time : 32.494 us, Activation time : 7795.504 us, Deactivation time : 0.663 us)), Write time : 1899.852 us
[scene_static-7] [WARN] [1776878011.988931276] [scene_static_node]: Planning scene service not available, waiting...
[spawner-18] [INFO] [1776878012.023389189] [spawner_robotiq_gripper_controller]: Configured and activated robotiq_gripper_controller
[vision_apriltag-9] [INFO] [1776878012.086417133] [vision_apriltag_node]: Vision AprilTag detection debug: no tags found after raw/CLAHE/sharp/adaptive/upscaled/tiled passes.
[adl_ui-15] 127.0.0.1 - - [22/Apr/2026 13:13:32] "GET /status_json HTTP/1.1" 200 -
[INFO] [spawner-18]: process has finished cleanly [pid 185479]
[spawner-19] [INFO] [1776878012.224319377] [spawner_fault_controller]: waiting for service /controller_manager/list_controllers to become available...
[ros2_control_node-1] [WARN] [1776878012.454989258] [controller_manager]: Overrun might occur, Total time : 2020.249 us (Expected < 1000.000 us) --> Read time : 18.529 us, Update time : 84.977 us, Write time : 1916.743 us
[ros2_control_node-1] [WARN] [1776878012.455049616] [controller_manager]: Overrun detected! The controller manager missed its desired rate of 1000 Hz. The loop took 2.095060 ms (missed cycles : 3).
[vision_apriltag-9] [INFO] [1776878012.500282975] [vision_apriltag_node]: Vision AprilTag: images are arriving on /wrist_mounted_camera/image, but no AprilTags have been detected yet.
[adl_ui-15] 127.0.0.1 - - [22/Apr/2026 13:13:32] "GET /status_json HTTP/1.1" 200 -
[ros2_control_node-1] [WARN] [1776878013.456251524] [controller_manager]: Overrun might occur, Total time : 2279.015 us (Expected < 1000.000 us) --> Read time : 27.706 us, Update time : 95.369 us, Write time : 2155.940 us
[ros2_control_node-1] [WARN] [1776878013.456346915] [controller_manager]: Overrun detected! The controller manager missed its desired rate of 1000 Hz. The loop took 2.392306 ms (missed cycles : 3).
[ros2_control_node-1] [INFO] [1776878013.565526001] [controller_manager]: Loading controller : 'fault_controller' of type 'picknik_reset_fault_controller/PicknikResetFaultController'
[ros2_control_node-1] [INFO] [1776878013.565555383] [controller_manager]: Loading controller 'fault_controller'
[ros2_control_node-1] [INFO] [1776878013.568215090] [controller_manager]: Controller 'fault_controller' node arguments: --ros-args --params-file /home/carrt-cse-project/workspace/ros2_kortex_ws/install/adl_tasks/share/adl_tasks/config/ros2_controllers_vbox.yaml --params-file /tmp/launch_params_iot9ne23 
[spawner-19] [INFO] [1776878013.604509276] [spawner_fault_controller]: Loaded fault_controller
[ros2_control_node-1] [INFO] [1776878013.606595203] [controller_manager]: Configuring controller: 'fault_controller'
[ros2_control_node-1] [INFO] [1776878013.610113390] [controller_manager]: Activating controllers: [ fault_controller ]
[adl_ui-15] 127.0.0.1 - - [22/Apr/2026 13:13:33] "GET /status_json HTTP/1.1" 200 -
[ros2_control_node-1] [INFO] [1776878013.816608620] [controller_manager]: Successfully switched controllers!
[ros2_control_node-1] [WARN] [1776878013.818599148] [controller_manager]: Overrun might occur, Total time : 6624.386 us (Expected < 1000.000 us) --> Read time : 30.617 us, Update time : 4403.977 us (Switch time : 4292.766 us (Switch chained mode time : 1.085 us, perform mode change time : 18.012 us, Activation time : 4263.162 us, Deactivation time : 0.695 us)), Write time : 2189.792 us
[spawner-19] [INFO] [1776878013.821596195] [spawner_fault_controller]: Configured and activated fault_controller
[scene_static-7] [WARN] [1776878013.992693002] [scene_static_node]: Planning scene service not available, waiting...
[spawner-16] [INFO] [1776878014.000820611] [spawner_joint_trajectory_controller]: waiting for service /controller_manager/list_controllers to become available...
[INFO] [spawner-19]: process has finished cleanly [pid 185480]
[adl_ui-15] 127.0.0.1 - - [22/Apr/2026 13:13:34] "GET /status_json HTTP/1.1" 200 -
[ros2_control_node-1] [WARN] [1776878014.458511238] [controller_manager]: Overrun might occur, Total time : 2542.713 us (Expected < 1000.000 us) --> Read time : 19.475 us, Update time : 82.479 us, Write time : 2440.759 us
[ros2_control_node-1] [WARN] [1776878014.458567219] [controller_manager]: Overrun detected! The controller manager missed its desired rate of 1000 Hz. The loop took 2.612630 ms (missed cycles : 3).
[vision_apriltag-9] [INFO] [1776878014.499748888] [vision_apriltag_node]: Vision AprilTag: images are arriving on /wrist_mounted_camera/image, but no AprilTags have been detected yet.
[adl_ui-15] 127.0.0.1 - - [22/Apr/2026 13:13:35] "GET /status_json HTTP/1.1" 200 -
[ros2_control_node-1] [WARN] [1776878015.459923572] [controller_manager]: Overrun might occur, Total time : 1950.097 us (Expected < 1000.000 us) --> Read time : 36.382 us, Update time : 129.643 us, Write time : 1784.072 us
[ros2_control_node-1] [WARN] [1776878015.459985023] [controller_manager]: Overrun detected! The controller manager missed its desired rate of 1000 Hz. The loop took 2.030603 ms (missed cycles : 3).
[adl_ui-15] 127.0.0.1 - - [22/Apr/2026 13:13:35] "GET /status_json HTTP/1.1" 200 -
[scene_static-7] [WARN] [1776878015.997224174] [scene_static_node]: Planning scene service not available, waiting...
[ros2_control_node-1] [WARN] [1776878016.461384798] [controller_manager]: Overrun might occur, Total time : 2418.322 us (Expected < 1000.000 us) --> Read time : 23.676 us, Update time : 96.687 us, Write time : 2297.959 us
[ros2_control_node-1] [WARN] [1776878016.461436359] [controller_manager]: Overrun detected! The controller manager missed its desired rate of 1000 Hz. The loop took 2.482136 ms (missed cycles : 3).
[adl_ui-15] 127.0.0.1 - - [22/Apr/2026 13:13:36] "GET /status_json HTTP/1.1" 200 -
[vision_apriltag-9] [INFO] [1776878016.723727808] [vision_apriltag_node]: Vision AprilTag: images are arriving on /wrist_mounted_camera/image, but no AprilTags have been detected yet.
[wrist_camera_usb_publisher-8] [INFO] [1776878016.848012615] [wrist_camera_usb_publisher_node]: USB camera publisher heartbeat: publishing 1280x720 frames on /wrist_mounted_camera/image; camera_info fx=920.87, fy=921.57, cx=644.76, cy=343.15.
[adl_ui-15] 127.0.0.1 - - [22/Apr/2026 13:13:37] "GET /status_json HTTP/1.1" 200 -
[vision_apriltag-9] [INFO] [1776878017.458929537] [vision_apriltag_node]: Vision AprilTag detection debug: no tags found after raw/CLAHE/sharp/adaptive/upscaled/tiled passes.
[ros2_control_node-1] [WARN] [1776878017.462455913] [controller_manager]: Overrun might occur, Total time : 2470.953 us (Expected < 1000.000 us) --> Read time : 70.538 us, Update time : 227.653 us, Write time : 2172.762 us
[ros2_control_node-1] [WARN] [1776878017.462524385] [controller_manager]: Overrun detected! The controller manager missed its desired rate of 1000 Hz. The loop took 2.569843 ms (missed cycles : 3).
[ros2_control_node-1] [INFO] [1776878017.767771717] [controller_manager]: Loading controller : 'joint_trajectory_controller' of type 'joint_trajectory_controller/JointTrajectoryController'
[ros2_control_node-1] [INFO] [1776878017.768445278] [controller_manager]: Loading controller 'joint_trajectory_controller'
[ros2_control_node-1] [INFO] [1776878017.781390995] [controller_manager]: Controller 'joint_trajectory_controller' node arguments: --ros-args --params-file /home/carrt-cse-project/workspace/ros2_kortex_ws/install/adl_tasks/share/adl_tasks/config/ros2_controllers_vbox.yaml --params-file /tmp/launch_params_iot9ne23 
[spawner-16] [INFO] [1776878017.837114619] [spawner_joint_trajectory_controller]: Loaded joint_trajectory_controller
[ros2_control_node-1] [INFO] [1776878017.848411464] [controller_manager]: Configuring controller: 'joint_trajectory_controller'
[ros2_control_node-1] [INFO] [1776878017.849225208] [joint_trajectory_controller]: No specific joint names are used for command interfaces. Using 'joints' parameter.
[ros2_control_node-1] [INFO] [1776878017.849547156] [joint_trajectory_controller]: Command interfaces are [position] and state interfaces are [position velocity].
[ros2_control_node-1] [INFO] [1776878017.849793810] [joint_trajectory_controller]: Using 'splines' interpolation method.
[ros2_control_node-1] [INFO] [1776878017.861640712] [joint_trajectory_controller]: Action status changes will be monitored at 10.00 Hz.
[ros2_control_node-1] [INFO] [1776878017.887503538] [controller_manager]: Activating controllers: [ joint_trajectory_controller ]
[scene_static-7] [WARN] [1776878018.005932340] [scene_static_node]: Planning scene service not available, waiting...
[ros2_control_node-1] [INFO] [1776878018.100803701] [controller_manager]: Successfully switched controllers!
[ros2_control_node-1] [WARN] [1776878018.103599412] [controller_manager]: Overrun might occur, Total time : 13628.745 us (Expected < 1000.000 us) --> Read time : 21.171 us, Update time : 10765.990 us (Switch time : 10645.874 us (Switch chained mode time : 3.065 us, perform mode change time : 9523.532 us, Activation time : 1113.234 us, Deactivation time : 0.938 us)), Write time : 2841.584 us
[spawner-16] [INFO] [1776878018.107118938] [spawner_joint_trajectory_controller]: Configured and activated joint_trajectory_controller
[adl_ui-15] 127.0.0.1 - - [22/Apr/2026 13:13:38] "GET /status_json HTTP/1.1" 200 -
[spawner-17] [INFO] [1776878018.321246230] [spawner_twist_controller]: waiting for service /controller_manager/list_controllers to become available...
[INFO] [spawner-16]: process has finished cleanly [pid 185477]
[ros2_control_node-1] [WARN] [1776878018.463589859] [controller_manager]: Overrun might occur, Total time : 2615.499 us (Expected < 1000.000 us) --> Read time : 50.149 us, Update time : 257.749 us, Write time : 2307.601 us
[ros2_control_node-1] [WARN] [1776878018.463651827] [controller_manager]: Overrun detected! The controller manager missed its desired rate of 1000 Hz. The loop took 2.696826 ms (missed cycles : 3).
[ros2_control_node-1] [INFO] [1776878018.574850709] [controller_manager]: Loading controller : 'twist_controller' of type 'picknik_twist_controller/PicknikTwistController'
[ros2_control_node-1] [INFO] [1776878018.574893479] [controller_manager]: Loading controller 'twist_controller'
[ros2_control_node-1] [INFO] [1776878018.578263455] [controller_manager]: Controller 'twist_controller' node arguments: --ros-args --params-file /home/carrt-cse-project/workspace/ros2_kortex_ws/install/adl_tasks/share/adl_tasks/config/ros2_controllers_vbox.yaml --params-file /tmp/launch_params_iot9ne23 
[spawner-17] [INFO] [1776878018.620113693] [spawner_twist_controller]: Loaded twist_controller
[ros2_control_node-1] [INFO] [1776878018.623526716] [controller_manager]: Configuring controller: 'twist_controller'
[ros2_control_node-1] [INFO] [1776878018.631415355] [twist_controller]: configure successful
[INFO] [spawner-17]: process has finished cleanly [pid 185478]
[adl_ui-15] 127.0.0.1 - - [22/Apr/2026 13:13:38] "GET /status_json HTTP/1.1" 200 -
[vision_apriltag-9] [INFO] [1776878019.195074548] [vision_apriltag_node]: Vision AprilTag: images are arriving on /wrist_mounted_camera/image, but no AprilTags have been detected yet.
[ros2_control_node-1] [WARN] [1776878019.464868557] [controller_manager]: Overrun might occur, Total time : 2887.786 us (Expected < 1000.000 us) --> Read time : 25.420 us, Update time : 165.328 us, Write time : 2697.038 us
[ros2_control_node-1] [WARN] [1776878019.465014390] [controller_manager]: Overrun detected! The controller manager missed its desired rate of 1000 Hz. The loop took 3.059078 ms (missed cycles : 4).
[adl_ui-15] 127.0.0.1 - - [22/Apr/2026 13:13:39] "GET /status_json HTTP/1.1" 200 -
[INFO] [move_group-20]: process started with pid [185567]
[INFO] [rviz2-21]: process started with pid [185568]
[scene_static-7] [WARN] [1776878020.017707587] [scene_static_node]: Planning scene service not available, waiting...
[move_group-20] [INFO] [1776878020.179454041] [move_group.moveit.moveit.ros.rdf_loader]: Loaded robot model in 0.00839755 seconds
[move_group-20] [INFO] [1776878020.179602854] [move_group.moveit.moveit.core.robot_model]: Loading robot model 'gen3'...
[move_group-20] [INFO] [1776878020.179625275] [move_group.moveit.moveit.core.robot_model]: No root/virtual joint specified in SRDF. Assuming fixed joint
[move_group-20] [INFO] [1776878020.314021781] [move_group.moveit.moveit.kinematics.kdl_kinematics_plugin]: Joint weights for group 'manipulator': 1 1 1 1 1 1 1
[adl_ui-15] 127.0.0.1 - - [22/Apr/2026 13:13:40] "GET /status_json HTTP/1.1" 200 -
[ros2_control_node-1] [WARN] [1776878020.465584310] [controller_manager]: Overrun might occur, Total time : 2615.345 us (Expected < 1000.000 us) --> Read time : 21.331 us, Update time : 193.809 us, Write time : 2400.205 us
[ros2_control_node-1] [WARN] [1776878020.465669021] [controller_manager]: Overrun detected! The controller manager missed its desired rate of 1000 Hz. The loop took 2.714029 ms (missed cycles : 3).
[vision_apriltag-9] [INFO] [1776878020.499842498] [vision_apriltag_node]: Vision AprilTag: images are arriving on /wrist_mounted_camera/image, but no AprilTags have been detected yet.
[rviz2-21] [INFO] [1776878020.871975310] [rviz2]: Stereo is NOT SUPPORTED
[rviz2-21] [INFO] [1776878020.872048795] [rviz2]: OpenGl version: 4.6 (GLSL 4.6)
[rviz2-21] [INFO] [1776878020.899385608] [rviz2]: Stereo is NOT SUPPORTED
[move_group-20] [INFO] [1776878020.995356586] [move_group.moveit.moveit.ros.planning_scene_monitor]: Publishing maintained planning scene on 'monitored_planning_scene'
[move_group-20] [INFO] [1776878020.995889272] [move_group.moveit.moveit.ros.moveit_cpp]: Listening to 'joint_states' for joint states
[move_group-20] [INFO] [1776878020.997630061] [move_group.moveit.moveit.ros.current_state_monitor]: Listening to joint states on topic 'joint_states'
[move_group-20] [INFO] [1776878020.998802372] [move_group.moveit.moveit.ros.planning_scene_monitor]: Listening to '/attached_collision_object' for attached collision objects
[move_group-20] [INFO] [1776878020.998835252] [move_group.moveit.moveit.ros.planning_scene_monitor]: Stopping existing planning scene publisher.
[move_group-20] [INFO] [1776878020.999833398] [move_group.moveit.moveit.ros.planning_scene_monitor]: Stopped publishing maintained planning scene.
[move_group-20] [INFO] [1776878021.000361110] [move_group.moveit.moveit.ros.planning_scene_monitor]: Publishing maintained planning scene on 'monitored_planning_scene'
[move_group-20] [INFO] [1776878021.000463715] [move_group.moveit.moveit.ros.planning_scene_monitor]: Starting planning scene monitor
[move_group-20] [INFO] [1776878021.001932254] [move_group.moveit.moveit.ros.planning_scene_monitor]: Listening to '/planning_scene'
[move_group-20] [INFO] [1776878021.001963061] [move_group.moveit.moveit.ros.planning_scene_monitor]: Starting world geometry update monitor for collision objects, attached objects, octomap updates.
[move_group-20] [INFO] [1776878021.002889730] [move_group.moveit.moveit.ros.planning_scene_monitor]: Listening to 'collision_object'
[move_group-20] [INFO] [1776878021.003966984] [move_group.moveit.moveit.ros.planning_scene_monitor]: Listening to 'planning_scene_world' for planning scene world geometry
[move_group-20] [WARN] [1776878021.005180759] [move_group.moveit.moveit.ros.occupancy_map_monitor]: Resolution not specified for Octomap. Assuming resolution = 0.1 instead
[move_group-20] [ERROR] [1776878021.005219333] [move_group.moveit.moveit.ros.occupancy_map_monitor]: No 3D sensor plugin(s) defined for octomap updates
[adl_ui-15] 127.0.0.1 - - [22/Apr/2026 13:13:41] "GET /status_json HTTP/1.1" 200 -
[rviz2-21] Warning: class_loader.impl: SEVERE WARNING!!! A namespace collision has occurred with plugin factory for class rviz_default_plugins::displays::InteractiveMarkerDisplay. New factory will OVERWRITE existing one. This situation occurs when libraries containing plugins are directly linked against an executable (the one running right now generating this message). Please separate plugins out into their own library or just don't link against the library and use either class_loader::ClassLoader/MultiLibraryClassLoader to open.
[rviz2-21]          at line 321 in /opt/ros/jazzy/include/class_loader/class_loader/class_loader_core.hpp
[rviz2-21] [WARN] [1776878021.167354119] [rcl.logging_rosout]: Publisher already registered for node name: 'rviz2_moveit'. If this is due to multiple nodes with the same name then all logs for the logger named 'rviz2_moveit' will go out over the existing publisher. As soon as any node with that name is destructed it will unregister the publisher, preventing any further logs for that name from being published on the rosout topic.
[ros2_control_node-1] [WARN] [1776878021.467437998] [controller_manager]: Overrun might occur, Total time : 2467.269 us (Expected < 1000.000 us) --> Read time : 36.425 us, Update time : 217.473 us, Write time : 2213.371 us
[ros2_control_node-1] [WARN] [1776878021.467495272] [controller_manager]: Overrun detected! The controller manager missed its desired rate of 1000 Hz. The loop took 2.540953 ms (missed cycles : 3).
[adl_ui-15] 127.0.0.1 - - [22/Apr/2026 13:13:41] "GET /status_json HTTP/1.1" 200 -
[wrist_camera_usb_publisher-8] [INFO] [1776878022.007227989] [wrist_camera_usb_publisher_node]: USB camera publisher heartbeat: publishing 1280x720 frames on /wrist_mounted_camera/image; camera_info fx=920.87, fy=921.57, cx=644.76, cy=343.15.
[scene_static-7] [WARN] [1776878022.024799068] [scene_static_node]: Planning scene service not available, waiting...
[ros2_control_node-1] [WARN] [1776878022.470769951] [controller_manager]: Overrun might occur, Total time : 2796.758 us (Expected < 1000.000 us) --> Read time : 29.350 us, Update time : 193.247 us, Write time : 2574.161 us
[ros2_control_node-1] [WARN] [1776878022.470831242] [controller_manager]: Overrun detected! The controller manager missed its desired rate of 1000 Hz. The loop took 2.876438 ms (missed cycles : 3).
[vision_apriltag-9] [INFO] [1776878022.612884797] [vision_apriltag_node]: Vision AprilTag detection debug: no tags found after raw/CLAHE/sharp/adaptive/upscaled/tiled passes.
[vision_apriltag-9] [INFO] [1776878022.625130868] [vision_apriltag_node]: Vision AprilTag: images are arriving on /wrist_mounted_camera/image, but no AprilTags have been detected yet.
[adl_ui-15] 127.0.0.1 - - [22/Apr/2026 13:13:42] "GET /status_json HTTP/1.1" 200 -
[ros2_control_node-1] [INFO] [1776878023.230896678] [controller_manager]: Received robot description from topic.
[ros2_control_node-1] [WARN] [1776878023.230947329] [controller_manager]: ResourceManager has already loaded a urdf. Ignoring attempt to reload a robot description.
[adl_ui-15] 127.0.0.1 - - [22/Apr/2026 13:13:43] "GET /status_json HTTP/1.1" 200 -
[move_group-20] [INFO] [1776878023.418543521] [move_group.moveit.moveit.ros.planning_pipeline]: Successfully loaded planner 'OMPL'
[move_group-20] [INFO] [1776878023.423713565] [move_group]: Try loading adapter 'default_planning_request_adapters/ResolveConstraintFrames'
[move_group-20] [INFO] [1776878023.425560454] [move_group]: Loaded adapter 'default_planning_request_adapters/ResolveConstraintFrames'
[move_group-20] [INFO] [1776878023.425587705] [move_group]: Try loading adapter 'default_planning_request_adapters/ValidateWorkspaceBounds'
[move_group-20] [INFO] [1776878023.426181995] [move_group]: Loaded adapter 'default_planning_request_adapters/ValidateWorkspaceBounds'
[move_group-20] [INFO] [1776878023.426200001] [move_group]: Try loading adapter 'default_planning_request_adapters/CheckStartStateBounds'
[move_group-20] [INFO] [1776878023.426238898] [move_group]: Loaded adapter 'default_planning_request_adapters/CheckStartStateBounds'
[move_group-20] [INFO] [1776878023.426248981] [move_group]: Try loading adapter 'default_planning_request_adapters/CheckStartStateCollision'
[move_group-20] [INFO] [1776878023.426267528] [move_group]: Loaded adapter 'default_planning_request_adapters/CheckStartStateCollision'
[move_group-20] [INFO] [1776878023.432001682] [move_group]: Try loading adapter 'default_planning_response_adapters/AddTimeOptimalParameterization'
[move_group-20] [INFO] [1776878023.441898069] [move_group]: Loaded adapter 'default_planning_response_adapters/AddTimeOptimalParameterization'
[move_group-20] [INFO] [1776878023.441927643] [move_group]: Try loading adapter 'default_planning_response_adapters/ValidateSolution'
[move_group-20] [INFO] [1776878023.449163146] [move_group]: Loaded adapter 'default_planning_response_adapters/ValidateSolution'
[move_group-20] [INFO] [1776878023.449269151] [move_group]: Try loading adapter 'default_planning_response_adapters/DisplayMotionPath'
[move_group-20] [INFO] [1776878023.455082851] [move_group]: Loaded adapter 'default_planning_response_adapters/DisplayMotionPath'
[ros2_control_node-1] [WARN] [1776878023.474776329] [controller_manager]: Overrun might occur, Total time : 4791.259 us (Expected < 1000.000 us) --> Read time : 49.349 us, Update time : 265.253 us, Write time : 4476.657 us
[ros2_control_node-1] [WARN] [1776878023.474849811] [controller_manager]: Overrun detected! The controller manager missed its desired rate of 1000 Hz. The loop took 4.894120 ms (missed cycles : 5).
[move_group-20] [INFO] [1776878023.563326134] [move_group.moveit.moveit.plugins.simple_controller_manager]: Added FollowJointTrajectory controller for joint_trajectory_controller
[move_group-20] [INFO] [1776878023.563400603] [move_group.moveit.moveit.plugins.simple_controller_manager]: robotiq_gripper_controller will command a max effort of: 0
[move_group-20] [INFO] [1776878023.577859394] [move_group.moveit.moveit.plugins.simple_controller_manager]: Added GripperCommand controller for robotiq_gripper_controller
[move_group-20] [INFO] [1776878023.578078997] [move_group.moveit.moveit.plugins.simple_controller_manager]: Returned 2 controllers in list
[move_group-20] [INFO] [1776878023.578115168] [move_group.moveit.moveit.plugins.simple_controller_manager]: Returned 2 controllers in list
[move_group-20] [INFO] [1776878023.578782870] [move_group.moveit.moveit.ros.trajectory_execution_manager]: Trajectory execution is managing controllers
[move_group-20] [INFO] [1776878023.578804523] [move_group]: MoveGroup debug mode is ON
[move_group-20] [INFO] [1776878023.625491608] [move_group.moveit.moveit.ros.move_group.executable]: 
[move_group-20] 
[move_group-20] ********************************************************
[move_group-20] * MoveGroup using: 
[move_group-20] *     - apply_planning_scene_service
[move_group-20] *     - clear_octomap_service
[move_group-20] *     - get_group_urdf
[move_group-20] *     - load_geometry_from_file
[move_group-20] *     - CartesianPathService
[move_group-20] *     - execute_trajectory_action
[move_group-20] *     - get_planning_scene_service
[move_group-20] *     - kinematics_service
[move_group-20] *     - move_action
[move_group-20] *     - motion_plan_service
[move_group-20] *     - query_planners_service
[move_group-20] *     - state_validation_service
[move_group-20] *     - save_geometry_to_file
[move_group-20] ********************************************************
[move_group-20] 
[move_group-20] [INFO] [1776878023.625572178] [move_group.moveit.moveit.ros.move_group.context]: MoveGroup context using pipeline ompl
[move_group-20] [INFO] [1776878023.625591538] [move_group.moveit.moveit.ros.move_group.context]: MoveGroup context initialization complete
[move_group-20] [96mLoading 'move_group/ApplyPlanningSceneService'...[0m
[move_group-20] [96mLoading 'move_group/ClearOctomapService'...[0m
[move_group-20] [96mLoading 'move_group/GetUrdfService'...[0m
[move_group-20] [96mLoading 'move_group/LoadGeometryFromFileService'...[0m
[move_group-20] [96mLoading 'move_group/MoveGroupCartesianPathService'...[0m
[move_group-20] [96mLoading 'move_group/MoveGroupExecuteTrajectoryAction'...[0m
[move_group-20] [96mLoading 'move_group/MoveGroupGetPlanningSceneService'...[0m
[move_group-20] [96mLoading 'move_group/MoveGroupKinematicsService'...[0m
[move_group-20] [96mLoading 'move_group/MoveGroupMoveAction'...[0m
[move_group-20] [96mLoading 'move_group/MoveGroupPlanService'...[0m
[move_group-20] [96mLoading 'move_group/MoveGroupQueryPlannersService'...[0m
[move_group-20] [96mLoading 'move_group/MoveGroupStateValidationService'...[0m
[move_group-20] [96mLoading 'move_group/SaveGeometryToFileService'...[0m
[move_group-20] 
[move_group-20] [92mYou can start planning now![0m
[move_group-20] 
[scene_static-7] [INFO] [1776878023.779793460] [scene_static_node]: Planning scene service available. Building static scene...
[scene_static-7] [INFO] [1776878023.785867176] [scene_static_node]: Static scene built: 25 objects added to MoveIt planning scene.
[adl_ui-15] 127.0.0.1 - - [22/Apr/2026 13:13:44] "GET /status_json HTTP/1.1" 200 -
[rviz2-21] [ERROR] [1776878024.291726795] [rviz2_moveit.moveit.ros.motion_planning_frame]: Action server: /recognize_objects not available
[rviz2-21] [INFO] [1776878024.322479755] [rviz2_moveit.moveit.ros.motion_planning_frame]: MoveGroup namespace changed: / -> . Reloading params.
[rviz2-21] [INFO] [1776878024.388180603] [rviz2_moveit.moveit.ros.rdf_loader]: Loaded robot model in 0.0195503 seconds
[rviz2-21] [INFO] [1776878024.388259694] [rviz2_moveit.moveit.core.robot_model]: Loading robot model 'gen3'...
[rviz2-21] [INFO] [1776878024.388304840] [rviz2_moveit.moveit.core.robot_model]: No root/virtual joint specified in SRDF. Assuming fixed joint
[ros2_control_node-1] [WARN] [1776878024.478393404] [controller_manager]: Overrun might occur, Total time : 6407.674 us (Expected < 1000.000 us) --> Read time : 58.229 us, Update time : 271.897 us, Write time : 6077.548 us
[ros2_control_node-1] [WARN] [1776878024.478472519] [controller_manager]: Overrun detected! The controller manager missed its desired rate of 1000 Hz. The loop took 6.516925 ms (missed cycles : 7).
[vision_apriltag-9] [INFO] [1776878024.504131338] [vision_apriltag_node]: Vision AprilTag: images are arriving on /wrist_mounted_camera/image, but no AprilTags have been detected yet.
[rviz2-21] [INFO] [1776878024.579596665] [rviz2_moveit.moveit.kinematics.kdl_kinematics_plugin]: Joint weights for group 'manipulator': 1 1 1 1 1 1 1
[adl_ui-15] 127.0.0.1 - - [22/Apr/2026 13:13:44] "GET /status_json HTTP/1.1" 200 -
[rviz2-21] [INFO] [1776878024.976369650] [rviz2_moveit.moveit.ros.planning_scene_monitor]: Starting planning scene monitor
[rviz2-21] [INFO] [1776878024.977599613] [rviz2_moveit.moveit.ros.planning_scene_monitor]: Listening to '/monitored_planning_scene'
[rviz2-21] [INFO] [1776878025.250281773] [interactive_marker_display_99552535979088]: Connected on namespace: /rviz_moveit_motion_planning_display/robot_interaction_interactive_marker_topic
[rviz2-21] [INFO] [1776878025.258287080] [rviz2_moveit.moveit.ros.robot_interaction]: No active joints or end effectors found for group 'gripper'. Make sure that kinematics.yaml is loaded in this node's namespace.
[rviz2-21] [INFO] [1776878025.259129978] [rviz2_moveit.moveit.ros.robot_interaction]: No active joints or end effectors found for group 'gripper'. Make sure that kinematics.yaml is loaded in this node's namespace.
[rviz2-21] [INFO] [1776878025.265549974] [rviz2_moveit.moveit.ros.motion_planning_frame]: group gripper
[rviz2-21] [INFO] [1776878025.265581044] [rviz2_moveit.moveit.ros.motion_planning_frame]: Constructing new MoveGroup connection for group 'gripper' in namespace ''
[rviz2-21] [INFO] [1776878025.282677578] [interactive_marker_display_99552535979088]: Sending request for interactive markers
[rviz2-21] [INFO] [1776878025.307338466] [rviz2_moveit.moveit.ros.move_group_interface]: Ready to take commands for planning group gripper.
[rviz2-21] [INFO] [1776878025.310991122] [rviz2_moveit.moveit.ros.motion_planning_frame]: group gripper
[rviz2-21] [INFO] [1776878025.314198668] [interactive_marker_display_99552535979088]: Service response received for initialization
[ros2_control_node-1] [WARN] [1776878025.480503559] [controller_manager]: Overrun might occur, Total time : 2527.100 us (Expected < 1000.000 us) --> Read time : 32.783 us, Update time : 216.729 us, Write time : 2277.588 us
[ros2_control_node-1] [WARN] [1776878025.480581524] [controller_manager]: Overrun detected! The controller manager missed its desired rate of 1000 Hz. The loop took 2.626606 ms (missed cycles : 3).
[adl_ui-15] 127.0.0.1 - - [22/Apr/2026 13:13:45] "GET /status_json HTTP/1.1" 200 -
[adl_ui-15] 127.0.0.1 - - [22/Apr/2026 13:13:46] "GET /status_json HTTP/1.1" 200 -
[ros2_control_node-1] [WARN] [1776878026.483803165] [controller_manager]: Overrun might occur, Total time : 3819.846 us (Expected < 1000.000 us) --> Read time : 61.546 us, Update time : 249.443 us, Write time : 3508.857 us
[ros2_control_node-1] [WARN] [1776878026.483913987] [controller_manager]: Overrun detected! The controller manager missed its desired rate of 1000 Hz. The loop took 3.959218 ms (missed cycles : 4).
[vision_apriltag-9] [INFO] [1776878026.810346366] [vision_apriltag_node]: Vision AprilTag: images are arriving on /wrist_mounted_camera/image, but no AprilTags have been detected yet.
[wrist_camera_usb_publisher-8] [INFO] [1776878027.010149015] [wrist_camera_usb_publisher_node]: USB camera publisher heartbeat: publishing 1280x720 frames on /wrist_mounted_camera/image; camera_info fx=920.87, fy=921.57, cx=644.76, cy=343.15.
[adl_ui-15] [INFO] [1776878027.043762569] [adl_ui_node]: UI command published: pick_dropped_bottle
[adl_ui-15] 127.0.0.1 - - [22/Apr/2026 13:13:47] "POST /command HTTP/1.1" 200 -
[pick_dropped_bottle-12] [INFO] [1776878027.060554528] [pick_dropped_bottle_node]: Received bottle pick command. Starting task...
[scene_from_vision-10] [INFO] [1776878027.066186607] [scene_from_vision_node]: Scene memory cleared. Removed remembered IDs: []
[pick_dropped_bottle-12] [INFO] [1776878027.121794079] [pick_dropped_bottle_node]: Scene memory cleared. Removed remembered IDs: []
[pick_dropped_bottle-12] [INFO] [1776878027.123209638] [pick_dropped_bottle_node]: [Bottle] Pre-task snapshot joints: joint_1=+0.065, joint_2=+0.534, joint_3=+3.061, joint_4=-2.512, joint_5=-0.040, joint_6=+0.000, joint_7=+1.665
[pick_dropped_bottle-12] [INFO] [1776878027.134442168] [pick_dropped_bottle_node]: [Bottle] Pre-task snapshot ee: pos=(0.260, 0.007, 0.169), ori=(0.686, 0.726, 0.049, 0.021)
[pick_dropped_bottle-12] [INFO] [1776878027.135331492] [pick_dropped_bottle_node]: Scene LOCKED.
[scene_from_vision-10] [INFO] [1776878027.137059617] [scene_from_vision_node]: Scene LOCKED - updates paused.
[adl_ui-15] 127.0.0.1 - - [22/Apr/2026 13:13:47] "GET /status_json HTTP/1.1" 200 -
[pick_dropped_bottle-12] [INFO] [1776878027.286074383] [pick_dropped_bottle_node]: look_at_ground: planning to LOOK_AT_GROUND_JOINTS...
[move_group-20] [ERROR] [1776878027.288086407] [move_group.moveit.moveit.core.conversions]: Found empty JointState message
[INFO] [launch.user]: [arm_start.launch] move_group reported an empty JointState while sanitizer mode is active. Keeping the launch alive, but this still indicates a planning-state problem. move_group output: [ERROR] [1776878027.288086407] [move_group.moveit.moveit.core.conversions]: Found empty JointState message
[pick_dropped_bottle-12] [INFO] [1776878027.291708582] [pick_dropped_bottle_node]: Start state: collision-valid — no collisions (not a joint-bounds check).
[move_group-20] [INFO] [1776878027.294515481] [move_group.moveit.moveit.ros.move_group.move_action]: MoveGroupMoveAction: Received request
[move_group-20] [INFO] [1776878027.294966136] [move_group.moveit.moveit.ros.move_group.move_action]: executing..
[move_group-20] [INFO] [1776878027.315873653] [move_group.moveit.moveit.ros.move_group.move_action]: Combined planning and execution request received for MoveGroup action. Forwarding to planning and execution pipeline.
[move_group-20] [WARN] [1776878027.316104555] [move_group.moveit.moveit.ros.move_group.capability]: Execution of motions should always start at the robot's current state. Ignoring the state supplied as start state in the motion planning request
[move_group-20] [WARN] [1776878027.316135584] [move_group.moveit.moveit.ros.move_group.capability]: Execution of motions should always start at the robot's current state. Ignoring the state supplied as difference in the planning scene diff
[move_group-20] [INFO] [1776878027.316158978] [move_group.moveit.moveit.ros.plan_execution]: Planning attempt 1 of at most 1
[move_group-20] [INFO] [1776878027.316725875] [move_group]: Calling PlanningRequestAdapter 'ResolveConstraintFrames'
[move_group-20] [INFO] [1776878027.316791463] [move_group]: Calling PlanningRequestAdapter 'ValidateWorkspaceBounds'
[move_group-20] [INFO] [1776878027.316809275] [move_group]: Calling PlanningRequestAdapter 'CheckStartStateBounds'
[move_group-20] [INFO] [1776878027.316851009] [move_group]: Calling PlanningRequestAdapter 'CheckStartStateCollision'
[move_group-20] [INFO] [1776878027.318025945] [move_group.moveit.moveit.planners.ompl.model_based_planning_context]: Planner configuration 'manipulator' will use planner 'geometric::RRTConnect'. Additional configuration parameters will be set when the planner is constructed.
[move_group-20] [INFO] [1776878027.318246232] [move_group]: Calling Planner 'OMPL'
[move_group-20] [INFO] [1776878027.381514967] [move_group]: Calling PlanningResponseAdapter 'AddTimeOptimalParameterization'
[move_group-20] [INFO] [1776878027.385822229] [move_group]: Calling PlanningResponseAdapter 'ValidateSolution'
[move_group-20] [INFO] [1776878027.386867300] [move_group]: Calling PlanningResponseAdapter 'DisplayMotionPath'
[move_group-20] [WARN] [1776878027.387088717] [move_group.moveit.moveit.ros.planning_pipeline]: The planner plugin did not fill out the 'planner_id' field of the MotionPlanResponse. Setting it to the planner ID name of the MotionPlanRequest assuming that the planner plugin does warn you if it does not use the requested planner.
[move_group-20] [INFO] [1776878027.387305128] [move_group.moveit.moveit.plugins.simple_controller_manager]: Returned 2 controllers in list
[move_group-20] [INFO] [1776878027.387337830] [move_group.moveit.moveit.plugins.simple_controller_manager]: Returned 2 controllers in list
[move_group-20] [INFO] [1776878027.387428356] [move_group.moveit.moveit.ros.trajectory_execution_manager]: Validating trajectory with allowed_start_tolerance 0.01
[move_group-20] [INFO] [1776878027.394781679] [move_group.moveit.moveit.ros.trajectory_execution_manager]: Starting trajectory execution ...
[move_group-20] [INFO] [1776878027.394863834] [move_group.moveit.moveit.plugins.simple_controller_manager]: Returned 2 controllers in list
[move_group-20] [INFO] [1776878027.394903350] [move_group.moveit.moveit.plugins.simple_controller_manager]: Returned 2 controllers in list
[move_group-20] [INFO] [1776878027.395141626] [moveit.simple_controller_manager.follow_joint_trajectory_controller_handle]: sending trajectory to joint_trajectory_controller
[ros2_control_node-1] [INFO] [1776878027.396395999] [joint_trajectory_controller]: Received new action goal
[ros2_control_node-1] [INFO] [1776878027.396482470] [joint_trajectory_controller]: Accepted new action goal
[move_group-20] [INFO] [1776878027.398906597] [moveit.simple_controller_manager.follow_joint_trajectory_controller_handle]: joint_trajectory_controller started execution
[move_group-20] [INFO] [1776878027.398949217] [moveit.simple_controller_manager.follow_joint_trajectory_controller_handle]: Goal request accepted!
[ros2_control_node-1] [WARN] [1776878027.483834266] [controller_manager]: Overrun might occur, Total time : 3855.728 us (Expected < 1000.000 us) --> Read time : 50.471 us, Update time : 260.037 us, Write time : 3545.220 us
[ros2_control_node-1] [WARN] [1776878027.483927664] [controller_manager]: Overrun detected! The controller manager missed its desired rate of 1000 Hz. The loop took 3.972600 ms (missed cycles : 4).
[vision_apriltag-9] [INFO] [1776878027.723703176] [vision_apriltag_node]: Vision AprilTag detection debug: no tags found after raw/CLAHE/sharp/adaptive/upscaled/tiled passes.
[adl_ui-15] 127.0.0.1 - - [22/Apr/2026 13:13:47] "GET /status_json HTTP/1.1" 200 -
[ros2_control_node-1] [ERROR] [1776878028.168305112] [tolerances]: State tolerances failed for joint 5:
[ros2_control_node-1] [ERROR] [1776878028.168395165] [tolerances]: Position Error: 0.100420, Position Tolerance: 0.100000
[ros2_control_node-1] [WARN] [1776878028.168742779] [joint_trajectory_controller]: Aborted due to state tolerance violation
[move_group-20] [WARN] [1776878028.200620666] [moveit.simple_controller_manager.follow_joint_trajectory_controller_handle]: Controller 'joint_trajectory_controller' failed with error PATH_TOLERANCE_VIOLATED: Aborted due to path tolerance violation
[move_group-20] [WARN] [1776878028.200734593] [move_group.moveit.moveit.ros.trajectory_execution_manager]: Controller handle joint_trajectory_controller reports status ABORTED
[move_group-20] [INFO] [1776878028.200800977] [move_group.moveit.moveit.ros.trajectory_execution_manager]: Completed trajectory execution with status ABORTED ...
[move_group-20] [INFO] [1776878028.205089181] [move_group.moveit.moveit.ros.move_group.move_action]: CONTROL_FAILED
[pick_dropped_bottle-12] [ERROR] [1776878028.226260574] [pick_dropped_bottle_node]: MoveGroup execution failed.
[pick_dropped_bottle-12]   error_code.val = -4
[pick_dropped_bottle-12]   group_name      = manipulator
[pick_dropped_bottle-12]   num_attempts    = 10
[pick_dropped_bottle-12]   allowed_time    = 25.0
[pick_dropped_bottle-12]   vel_scale       = 0.12
[pick_dropped_bottle-12]   accel_scale     = 0.12
[pick_dropped_bottle-12] If this persists, check move_group / controller logs for the meaning of this code (often control abort, invalid start state, or planning pipeline failure).
[pick_dropped_bottle-12] [WARN] [1776878028.228259809] [pick_dropped_bottle_node]: _recover_after_failure(): MoveGroup error_code=-4
[ros2_control_node-1] [WARN] [1776878028.485435606] [controller_manager]: Overrun might occur, Total time : 2453.130 us (Expected < 1000.000 us) --> Read time : 40.292 us, Update time : 295.845 us, Write time : 2116.993 us
[ros2_control_node-1] [WARN] [1776878028.485529469] [controller_manager]: Overrun detected! The controller manager missed its desired rate of 1000 Hz. The loop took 2.573625 ms (missed cycles : 3).
[vision_apriltag-9] [INFO] [1776878028.528992560] [vision_apriltag_node]: Vision AprilTag: scene is locked; detection publishing is paused.
[adl_ui-15] 127.0.0.1 - - [22/Apr/2026 13:13:48] "GET /status_json HTTP/1.1" 200 -
[adl_ui-15] 127.0.0.1 - - [22/Apr/2026 13:13:49] "GET /status_json HTTP/1.1" 200 -
[pick_dropped_bottle-12] [ERROR] [1776878029.443156792] [pick_dropped_bottle_node]: look_at_ground failed. Not falling back to look_at_table for dropped-bottle scan; a floor task should stop here so recovery does not stack another MoveIt goal onto a possibly unhealthy controller state.
[pick_dropped_bottle-12] [INFO] [1776878029.444344516] [pick_dropped_bottle_node]: Scene UNLOCKED.
[scene_from_vision-10] [INFO] [1776878029.447245773] [scene_from_vision_node]: Scene UNLOCKED - updates resuming.
[ros2_control_node-1] [WARN] [1776878029.487680112] [controller_manager]: Overrun might occur, Total time : 2657.540 us (Expected < 1000.000 us) --> Read time : 75.935 us, Update time : 440.963 us, Write time : 2140.642 us
[ros2_control_node-1] [WARN] [1776878029.487871118] [controller_manager]: Overrun detected! The controller manager missed its desired rate of 1000 Hz. The loop took 2.912239 ms (missed cycles : 3).
[adl_controller-11] [INFO] [1776878029.730674897] [adl_controller_node]: is_near_retract: current arm is not at target (worst=joint_2:0.887 rad > 0.100).
[adl_controller-11] [INFO] [1776878029.731246238] [adl_controller_node]: go_retract: planning to RETRACT_JOINTS...
[move_group-20] [ERROR] [1776878029.732817127] [move_group.moveit.moveit.core.conversions]: Found empty JointState message
[adl_controller-11] [INFO] [1776878029.741462469] [adl_controller_node]: Start state: collision-valid — no collisions (not a joint-bounds check).
[move_group-20] [INFO] [1776878029.744361112] [move_group.moveit.moveit.ros.move_group.move_action]: MoveGroupMoveAction: Received request
[move_group-20] [INFO] [1776878029.745769604] [move_group.moveit.moveit.ros.move_group.move_action]: executing..
[move_group-20] [INFO] [1776878029.755038463] [move_group.moveit.moveit.ros.move_group.move_action]: Combined planning and execution request received for MoveGroup action. Forwarding to planning and execution pipeline.
[move_group-20] [WARN] [1776878029.755119647] [move_group.moveit.moveit.ros.move_group.capability]: Execution of motions should always start at the robot's current state. Ignoring the state supplied as start state in the motion planning request
[move_group-20] [WARN] [1776878029.755143588] [move_group.moveit.moveit.ros.move_group.capability]: Execution of motions should always start at the robot's current state. Ignoring the state supplied as difference in the planning scene diff
[move_group-20] [INFO] [1776878029.755156613] [move_group.moveit.moveit.ros.plan_execution]: Planning attempt 1 of at most 1
[move_group-20] [INFO] [1776878029.755447899] [move_group]: Calling PlanningRequestAdapter 'ResolveConstraintFrames'
[move_group-20] [INFO] [1776878029.755486585] [move_group]: Calling PlanningRequestAdapter 'ValidateWorkspaceBounds'
[move_group-20] [INFO] [1776878029.755505257] [move_group]: Calling PlanningRequestAdapter 'CheckStartStateBounds'
[move_group-20] [INFO] [1776878029.755537520] [move_group]: Calling PlanningRequestAdapter 'CheckStartStateCollision'
[move_group-20] [INFO] [1776878029.757092626] [move_group.moveit.moveit.planners.ompl.model_based_planning_context]: Planner configuration 'manipulator' will use planner 'geometric::RRTConnect'. Additional configuration parameters will be set when the planner is constructed.
[move_group-20] [INFO] [1776878029.757184180] [move_group]: Calling Planner 'OMPL'
[move_group-20] [INFO] [1776878029.807622864] [move_group]: Calling PlanningResponseAdapter 'AddTimeOptimalParameterization'
[move_group-20] [INFO] [1776878029.813802874] [move_group]: Calling PlanningResponseAdapter 'ValidateSolution'
[move_group-20] [INFO] [1776878029.816214303] [move_group]: Calling PlanningResponseAdapter 'DisplayMotionPath'
[move_group-20] [WARN] [1776878029.816451771] [move_group.moveit.moveit.ros.planning_pipeline]: The planner plugin did not fill out the 'planner_id' field of the MotionPlanResponse. Setting it to the planner ID name of the MotionPlanRequest assuming that the planner plugin does warn you if it does not use the requested planner.
[move_group-20] [INFO] [1776878029.816802889] [move_group.moveit.moveit.plugins.simple_controller_manager]: Returned 2 controllers in list
[move_group-20] [INFO] [1776878029.816845757] [move_group.moveit.moveit.plugins.simple_controller_manager]: Returned 2 controllers in list
[move_group-20] [INFO] [1776878029.816959282] [move_group.moveit.moveit.ros.trajectory_execution_manager]: Validating trajectory with allowed_start_tolerance 0.01
[move_group-20] [INFO] [1776878029.835896029] [move_group.moveit.moveit.ros.trajectory_execution_manager]: Starting trajectory execution ...
[move_group-20] [INFO] [1776878029.835976086] [move_group.moveit.moveit.plugins.simple_controller_manager]: Returned 2 controllers in list
[move_group-20] [INFO] [1776878029.836010538] [move_group.moveit.moveit.plugins.simple_controller_manager]: Returned 2 controllers in list
[move_group-20] [INFO] [1776878029.836205268] [moveit.simple_controller_manager.follow_joint_trajectory_controller_handle]: sending trajectory to joint_trajectory_controller
[ros2_control_node-1] [INFO] [1776878029.839241566] [joint_trajectory_controller]: Received new action goal
[ros2_control_node-1] [INFO] [1776878029.839342981] [joint_trajectory_controller]: Accepted new action goal
[move_group-20] [INFO] [1776878029.842806115] [moveit.simple_controller_manager.follow_joint_trajectory_controller_handle]: joint_trajectory_controller started execution
[move_group-20] [INFO] [1776878029.842841586] [moveit.simple_controller_manager.follow_joint_trajectory_controller_handle]: Goal request accepted!
[adl_ui-15] 127.0.0.1 - - [22/Apr/2026 13:13:50] "GET /status_json HTTP/1.1" 200 -
[ros2_control_node-1] [WARN] [1776878030.490490084] [controller_manager]: Overrun might occur, Total time : 2494.934 us (Expected < 1000.000 us) --> Read time : 22.406 us, Update time : 189.671 us, Write time : 2282.857 us
[ros2_control_node-1] [WARN] [1776878030.490545562] [controller_manager]: Overrun detected! The controller manager missed its desired rate of 1000 Hz. The loop took 2.590789 ms (missed cycles : 3).
[vision_apriltag-9] [INFO] [1776878030.500529680] [vision_apriltag_node]: Vision AprilTag: images are arriving on /wrist_mounted_camera/image, but no AprilTags have been detected yet.
[ros2_control_node-1] [ERROR] [1776878030.569151457] [tolerances]: State tolerances failed for joint 1:
[ros2_control_node-1] [ERROR] [1776878030.569197377] [tolerances]: Position Error: -0.100025, Position Tolerance: 0.100000
[ros2_control_node-1] [WARN] [1776878030.569260923] [joint_trajectory_controller]: Aborted due to state tolerance violation
[move_group-20] [WARN] [1776878030.641359900] [moveit.simple_controller_manager.follow_joint_trajectory_controller_handle]: Controller 'joint_trajectory_controller' failed with error PATH_TOLERANCE_VIOLATED: Aborted due to path tolerance violation
[move_group-20] [WARN] [1776878030.641423261] [move_group.moveit.moveit.ros.trajectory_execution_manager]: Controller handle joint_trajectory_controller reports status ABORTED
[move_group-20] [INFO] [1776878030.641444408] [move_group.moveit.moveit.ros.trajectory_execution_manager]: Completed trajectory execution with status ABORTED ...
[move_group-20] [INFO] [1776878030.646121994] [move_group.moveit.moveit.ros.move_group.move_action]: CONTROL_FAILED
[adl_controller-11] [ERROR] [1776878030.652801461] [adl_controller_node]: MoveGroup execution failed.
[adl_controller-11]   error_code.val = -4
[adl_controller-11]   group_name      = manipulator
[adl_controller-11]   num_attempts    = 10
[adl_controller-11]   allowed_time    = 25.0
[adl_controller-11]   vel_scale       = 0.12
[adl_controller-11]   accel_scale     = 0.12
[adl_controller-11] If this persists, check move_group / controller logs for the meaning of this code (often control abort, invalid start state, or planning pipeline failure).
[adl_controller-11] [WARN] [1776878030.654906465] [adl_controller_node]: _recover_after_failure(): MoveGroup error_code=-4
[adl_ui-15] 127.0.0.1 - - [22/Apr/2026 13:13:50] "GET /status_json HTTP/1.1" 200 -
[ros2_control_node-1] [WARN] [1776878031.491670763] [controller_manager]: Overrun might occur, Total time : 2699.830 us (Expected < 1000.000 us) --> Read time : 30.893 us, Update time : 231.783 us, Write time : 2437.154 us
[ros2_control_node-1] [WARN] [1776878031.491769377] [controller_manager]: Overrun detected! The controller manager missed its desired rate of 1000 Hz. The loop took 2.814198 ms (missed cycles : 3).
[adl_ui-15] 127.0.0.1 - - [22/Apr/2026 13:13:51] "GET /status_json HTTP/1.1" 200 -
[adl_controller-11] [INFO] [1776878031.978630693] [adl_controller_node]: is_near_retract: current arm is not at target (worst=joint_2:0.887 rad > 0.100).
[adl_controller-11] [INFO] [1776878031.979678743] [adl_controller_node]: is_near_retract: current arm is not at target (worst=joint_2:0.887 rad > 0.100).
[wrist_camera_usb_publisher-8] [INFO] [1776878032.164175147] [wrist_camera_usb_publisher_node]: USB camera publisher heartbeat: publishing 1280x720 frames on /wrist_mounted_camera/image; camera_info fx=920.87, fy=921.57, cx=644.76, cy=343.15.
[adl_controller-11] [INFO] [1776878032.230610482] [adl_controller_node]: is_near_retract: current arm is not at target (worst=joint_2:0.887 rad > 0.100).
[adl_ui-15] 127.0.0.1 - - [22/Apr/2026 13:13:52] "GET /status_json HTTP/1.1" 200 -
[adl_controller-11] [INFO] [1776878032.481187656] [adl_controller_node]: is_near_retract: current arm is not at target (worst=joint_2:0.887 rad > 0.100).
[ros2_control_node-1] [WARN] [1776878032.494948307] [controller_manager]: Overrun might occur, Total time : 2920.051 us (Expected < 1000.000 us) --> Read time : 158.708 us, Update time : 529.987 us, Write time : 2231.356 us
[ros2_control_node-1] [WARN] [1776878032.495074111] [controller_manager]: Overrun detected! The controller manager missed its desired rate of 1000 Hz. The loop took 3.118642 ms (missed cycles : 4).
[vision_apriltag-9] [INFO] [1776878032.502974939] [vision_apriltag_node]: Vision AprilTag: images are arriving on /wrist_mounted_camera/image, but no AprilTags have been detected yet.
[adl_ui-15] [INFO] [1776878032.728674916] [adl_ui_node]: UI command published: emergency_stop_retract
[adl_controller-11] [INFO] [1776878032.732240075] [adl_controller_node]: is_near_retract: current arm is not at target (worst=joint_2:0.887 rad > 0.100).
[adl_ui-15] 127.0.0.1 - - [22/Apr/2026 13:13:52] "POST /command HTTP/1.1" 200 -
[adl_ui-15] 127.0.0.1 - - [22/Apr/2026 13:13:52] "GET /status_json HTTP/1.1" 200 -
[adl_controller-11] [INFO] [1776878032.984510955] [adl_controller_node]: is_near_retract: current arm is not at target (worst=joint_2:0.887 rad > 0.100).
[vision_apriltag-9] [INFO] [1776878032.996183547] [vision_apriltag_node]: Vision AprilTag detection debug: no tags found after raw/CLAHE/sharp/adaptive/upscaled/tiled passes.
[adl_controller-11] [INFO] [1776878033.240108582] [adl_controller_node]: is_near_retract: current arm is not at target (worst=joint_2:0.887 rad > 0.100).
[adl_controller-11] [INFO] [1776878033.490969404] [adl_controller_node]: is_near_retract: current arm is not at target (worst=joint_2:0.887 rad > 0.100).
[ros2_control_node-1] [WARN] [1776878033.496450824] [controller_manager]: Overrun might occur, Total time : 3469.460 us (Expected < 1000.000 us) --> Read time : 64.685 us, Update time : 327.793 us, Write time : 3076.982 us
[ros2_control_node-1] [WARN] [1776878033.496528195] [controller_manager]: Overrun detected! The controller manager missed its desired rate of 1000 Hz. The loop took 3.573169 ms (missed cycles : 4).
[adl_ui-15] 127.0.0.1 - - [22/Apr/2026 13:13:53] "GET /status_json HTTP/1.1" 200 -
[adl_controller-11] [INFO] [1776878033.746697436] [adl_controller_node]: is_near_retract: current arm is not at target (worst=joint_2:0.887 rad > 0.100).
[adl_controller-11] [INFO] [1776878033.997736629] [adl_controller_node]: is_near_retract: current arm is not at target (worst=joint_2:0.887 rad > 0.100).
[adl_controller-11] [INFO] [1776878034.248806420] [adl_controller_node]: is_near_retract: current arm is not at target (worst=joint_2:0.887 rad > 0.100).
[adl_ui-15] 127.0.0.1 - - [22/Apr/2026 13:13:54] "GET /status_json HTTP/1.1" 200 -
[adl_controller-11] [INFO] [1776878034.499713505] [adl_controller_node]: is_near_retract: current arm is not at target (worst=joint_2:0.887 rad > 0.100).
[ros2_control_node-1] [WARN] [1776878034.500139153] [controller_manager]: Overrun might occur, Total time : 3164.129 us (Expected < 1000.000 us) --> Read time : 31.894 us, Update time : 203.491 us, Write time : 2928.744 us
[ros2_control_node-1] [WARN] [1776878034.500193676] [controller_manager]: Overrun detected! The controller manager missed its desired rate of 1000 Hz. The loop took 3.238650 ms (missed cycles : 4).
[vision_apriltag-9] [INFO] [1776878034.515062770] [vision_apriltag_node]: Vision AprilTag: images are arriving on /wrist_mounted_camera/image, but no AprilTags have been detected yet.
[adl_controller-11] [INFO] [1776878034.750435903] [adl_controller_node]: is_near_retract: current arm is not at target (worst=joint_2:0.887 rad > 0.100).
[adl_controller-11] [INFO] [1776878035.004462570] [adl_controller_node]: is_near_retract: current arm is not at target (worst=joint_2:0.887 rad > 0.100).
[adl_ui-15] 127.0.0.1 - - [22/Apr/2026 13:13:55] "GET /status_json HTTP/1.1" 200 -
[adl_controller-11] [INFO] [1776878035.256679197] [adl_controller_node]: is_near_retract: current arm is not at target (worst=joint_2:0.887 rad > 0.100).
[ros2_control_node-1] [WARN] [1776878035.502630106] [controller_manager]: Overrun might occur, Total time : 2655.722 us (Expected < 1000.000 us) --> Read time : 34.454 us, Update time : 227.713 us, Write time : 2393.555 us
[ros2_control_node-1] [WARN] [1776878035.502711238] [controller_manager]: Overrun detected! The controller manager missed its desired rate of 1000 Hz. The loop took 2.756379 ms (missed cycles : 3).
[adl_controller-11] [INFO] [1776878035.508441378] [adl_controller_node]: is_near_retract: current arm is not at target (worst=joint_2:0.887 rad > 0.100).
[adl_controller-11] [INFO] [1776878035.759222263] [adl_controller_node]: is_near_retract: current arm is not at target (worst=joint_2:0.887 rad > 0.100).
[adl_ui-15] 127.0.0.1 - - [22/Apr/2026 13:13:55] "GET /status_json HTTP/1.1" 200 -
[adl_controller-11] [INFO] [1776878036.010304287] [adl_controller_node]: is_near_retract: current arm is not at target (worst=joint_2:0.887 rad > 0.100).
