
===== 2026-04-07T20:53:34-04:00 | T1_adl_start =====
cwd=/home/carrt-cse-project/workspace/ros2_kortex_ws
cmd=ros2 launch adl_tasks adl_start.launch.py start_arm:=true arm_robot_ip:=192.168.0.10 arm_use_fake_hardware:=false arm_use_joint_state_sanitizer:=true use_stub:=false start_usb_camera_publisher:=true launch_ui:=true 

[INFO] [launch]: All log files can be found below /home/carrt-cse-project/.ros/log/2026-04-07-20-53-35-629221-carrt-cse-project-OptiPlex-5050-60730
[INFO] [launch]: Default logging verbosity is set to INFO
[INFO] [launch.user]: [arm_vbox.launch] MoveIt current state source: /joint_states_sanitized. Use use_joint_state_sanitizer:=false for raw-state viewer debugging.
[INFO] [launch.user]: [arm_vbox.launch] Using ADL VBox controller config (share/adl_tasks/config/ros2_controllers_vbox.yaml, update_rate:=125 Hz).
[INFO] [ros2_control_node-1]: process started with pid [60734]
[INFO] [robot_state_publisher-2]: process started with pid [60735]
[INFO] [joint_state_sanitizer-3]: process started with pid [60736]
[INFO] [spawner-4]: process started with pid [60737]
[INFO] [static_transform_publisher-5]: process started with pid [60738]
[INFO] [static_transform_publisher-6]: process started with pid [60739]
[INFO] [scene_static-7]: process started with pid [60740]
[INFO] [wrist_camera_usb_publisher-8]: process started with pid [60741]
[INFO] [vision_apriltag-9]: process started with pid [60742]
[INFO] [scene_from_vision-10]: process started with pid [60743]
[INFO] [adl_controller-11]: process started with pid [60744]
[INFO] [pick_dropped_bottle-12]: process started with pid [60745]
[INFO] [clear_table-13]: process started with pid [60746]
[INFO] [give_medication-14]: process started with pid [60747]
[INFO] [adl_ui-15]: process started with pid [60748]
[robot_state_publisher-2] [INFO] [1775609616.217129628] [robot_state_publisher]: Robot initialized
[static_transform_publisher-6] [INFO] [1775609617.072800573] [camera_color_optical_bridge_tf_pub]: Spinning until stopped - publishing transform
[static_transform_publisher-6] translation: ('0.000000', '0.000000', '0.000000')
[static_transform_publisher-6] rotation: ('0.000000', '0.000000', '0.000000', '1.000000')
[static_transform_publisher-6] from 'camera_color_frame' to 'wrist_mounted_camera_color_optical_frame'
[static_transform_publisher-5] [INFO] [1775609617.121043774] [static_transform_publisher]: Spinning until stopped - publishing transform
[static_transform_publisher-5] translation: ('0.000000', '0.000000', '0.000000')
[static_transform_publisher-5] rotation: ('0.000000', '0.000000', '0.000000', '1.000000')
[static_transform_publisher-5] from 'world' to 'base_link'
