
===== 2026-04-06T19:13:23-04:00 | T1_arm_moveit_rviz =====
cwd=/home/carrt-cse-project/workspace/ros2_kortex_ws
cmd=ros2 launch adl_tasks arm_vbox.launch.py robot_ip:=192.168.0.10 use_fake_hardware:=false 

[INFO] [launch]: All log files can be found below /home/carrt-cse-project/.ros/log/2026-04-06-19-13-23-927775-carrt-cse-project-OptiPlex-5050-17470
[INFO] [launch]: Default logging verbosity is set to INFO
[INFO] [launch.user]: [arm_vbox.launch] MoveIt current state source: /joint_states_sanitized. Use use_joint_state_sanitizer:=false for raw-state viewer debugging.
[INFO] [launch.user]: [arm_vbox.launch] Using ADL VBox controller config (share/adl_tasks/config/ros2_controllers_vbox.yaml, update_rate:=125 Hz).
[INFO] [ros2_control_node-1]: process started with pid [17474]
[INFO] [robot_state_publisher-2]: process started with pid [17475]
[INFO] [joint_state_sanitizer-3]: process started with pid [17476]
[INFO] [spawner-4]: process started with pid [17477]
[INFO] [static_transform_publisher-5]: process started with pid [17478]
[INFO] [static_transform_publisher-6]: process started with pid [17479]
[static_transform_publisher-5] [INFO] [1775517204.218621188] [static_transform_publisher]: Spinning until stopped - publishing transform
[static_transform_publisher-5] translation: ('0.000000', '0.000000', '0.000000')
[static_transform_publisher-5] rotation: ('0.000000', '0.000000', '0.000000', '1.000000')
[static_transform_publisher-5] from 'world' to 'base_link'
[robot_state_publisher-2] [INFO] [1775517204.219315156] [robot_state_publisher]: Robot initialized
[static_transform_publisher-6] [INFO] [1775517204.221645881] [camera_color_optical_bridge_tf_pub]: Spinning until stopped - publishing transform
[static_transform_publisher-6] translation: ('0.000000', '0.000000', '0.000000')
[static_transform_publisher-6] rotation: ('0.000000', '0.000000', '0.000000', '1.000000')
[static_transform_publisher-6] from 'camera_color_frame' to 'wrist_mounted_camera_color_optical_frame'
[ros2_control_node-1] [INFO] [1775517204.261835249] [controller_manager]: Using Steady (Monotonic) clock for triggering controller manager cycles.
[ros2_control_node-1] [INFO] [1775517204.277034319] [controller_manager]: Subscribing to '/robot_description' topic for robot description.
[ros2_control_node-1] [INFO] [1775517204.281466662] [controller_manager]: update rate is 125 Hz
[ros2_control_node-1] [INFO] [1775517204.282094474] [controller_manager]: Overruns handling is : enabled
[ros2_control_node-1] [INFO] [1775517204.282111504] [controller_manager]: Spawning controller_manager RT thread with scheduler priority: 50
[ros2_control_node-1] [INFO] [1775517204.282267444] [controller_manager]: Successful set up FIFO RT scheduling policy with priority 50.
[ros2_control_node-1] [INFO] [1775517204.385233178] [controller_manager]: Received robot description from topic.
[ros2_control_node-1] [INFO] [1775517204.385306759] [controller_manager]: Enforcing command limits is disabled. Command limits from URDF will be ignored.
[ros2_control_node-1] [INFO] [1775517204.393454119] [controller_manager]: Loading hardware 'KortexMultiInterfaceHardware' 
[ros2_control_node-1] [INFO] [1775517204.405017349] [KortexMultiInterfaceHardware]: Setting severity threshold to DEBUG
[ros2_control_node-1] [INFO] [1775517204.405067167] [controller_manager]: Loaded hardware 'KortexMultiInterfaceHardware' from plugin 'kortex_driver/KortexMultiInterfaceHardware'
[ros2_control_node-1] [INFO] [1775517204.405532275] [controller_manager]: Initialize hardware 'KortexMultiInterfaceHardware' 
[ros2_control_node-1] [INFO] [1775517204.416441253] [KortexMultiInterfaceHardware]: Configuring Hardware Interface
[ros2_control_node-1] [INFO] [1775517204.416916485] [KortexMultiInterfaceHardware]: Robot ip is '192.168.0.10'
[ros2_control_node-1] [INFO] [1775517204.416927417] [KortexMultiInterfaceHardware]: Username is 'admin'
[ros2_control_node-1] [INFO] [1775517204.416939473] [KortexMultiInterfaceHardware]: Port used '10000'
[ros2_control_node-1] [INFO] [1775517204.416945696] [KortexMultiInterfaceHardware]: Realtime port used '10001'
[ros2_control_node-1] [INFO] [1775517204.416951430] [KortexMultiInterfaceHardware]: Session inactivity timeout is '60000'
[ros2_control_node-1] [INFO] [1775517204.416957406] [KortexMultiInterfaceHardware]: Connection inactivity timeout is '2000'
[ros2_control_node-1] [INFO] [1775517204.416964247] [KortexMultiInterfaceHardware]: Gripper joint name is 'robotiq_85_left_knuckle_joint'
[ros2_control_node-1] [INFO] [1775517204.416989801] [KortexMultiInterfaceHardware]: Connecting to robot at 192.168.0.10
[ros2_control_node-1] [INFO] [1775517204.424936279] [KortexMultiInterfaceHardware]: Creating session for communication
[ros2_control_node-1] [INFO] [1775517204.533510201] [KortexMultiInterfaceHardware]: Session created
[spawner-4] [INFO] [1775517204.706346300] [spawner_joint_state_broadcaster]: waiting for service /controller_manager/list_controllers to become available...
[joint_state_sanitizer-3] [INFO] [1775517204.725592625] [joint_state_sanitizer_node]: joint_state_sanitizer started. raw=/joint_states -> sanitized=/joint_states_sanitized
[ros2_control_node-1] [INFO] [1775517205.235445266] [KortexMultiInterfaceHardware]: Actuator count reported by robot is '7'
[ros2_control_node-1] [INFO] [1775517205.235598075] [KortexMultiInterfaceHardware]: Using internal bus communication for gripper!
[ros2_control_node-1] [INFO] [1775517205.235604648] [KortexMultiInterfaceHardware]: Hardware Interface successfully configured
[ros2_control_node-1] [INFO] [1775517205.235685249] [controller_manager]: Successful initialization of hardware 'KortexMultiInterfaceHardware'
[ros2_control_node-1] [DEBUG] [1775517205.235766754] [KortexMultiInterfaceHardware]: export_state_interfaces for joint: joint_1
[ros2_control_node-1] [DEBUG] [1775517205.235792275] [KortexMultiInterfaceHardware]: export_state_interfaces for joint: joint_2
[ros2_control_node-1] [DEBUG] [1775517205.235797726] [KortexMultiInterfaceHardware]: export_state_interfaces for joint: joint_3
[ros2_control_node-1] [DEBUG] [1775517205.235802129] [KortexMultiInterfaceHardware]: export_state_interfaces for joint: joint_4
[ros2_control_node-1] [DEBUG] [1775517205.235806001] [KortexMultiInterfaceHardware]: export_state_interfaces for joint: joint_5
[ros2_control_node-1] [DEBUG] [1775517205.235810277] [KortexMultiInterfaceHardware]: export_state_interfaces for joint: joint_6
[ros2_control_node-1] [DEBUG] [1775517205.235814027] [KortexMultiInterfaceHardware]: export_state_interfaces for joint: joint_7
[ros2_control_node-1] [DEBUG] [1775517205.235817820] [KortexMultiInterfaceHardware]: export_state_interfaces for joint: robotiq_85_left_knuckle_joint
[ros2_control_node-1] [INFO] [1775517205.237443554] [resource_manager]: 'configure' hardware 'KortexMultiInterfaceHardware' 
[ros2_control_node-1] [INFO] [1775517205.237485292] [resource_manager]: Successful 'configure' of hardware 'KortexMultiInterfaceHardware'
[ros2_control_node-1] [INFO] [1775517205.237529635] [resource_manager]: 'activate' hardware 'KortexMultiInterfaceHardware' 
[ros2_control_node-1] [INFO] [1775517205.237549963] [KortexMultiInterfaceHardware]: Activating KortexMultiInterfaceHardware...
[ros2_control_node-1] [INFO] [1775517205.242881842] [KortexMultiInterfaceHardware]: Gripper initial position is '0.873365'.
[ros2_control_node-1] [INFO] [1775517205.247700122] [KortexMultiInterfaceHardware]: KortexMultiInterfaceHardware successfully activated!
[ros2_control_node-1] [INFO] [1775517205.247775739] [resource_manager]: Successful 'activate' of hardware 'KortexMultiInterfaceHardware'
[ros2_control_node-1] [INFO] [1775517205.248160776] [controller_manager]: Registering statistics for : KortexMultiInterfaceHardware
[ros2_control_node-1] [INFO] [1775517205.248354993] [controller_manager]: Resource Manager has been successfully initialized. Starting Controller Manager services...
[ros2_control_node-1] [WARN] [1775517205.259765034] [controller_manager]: Overrun might occur, Total time : 8426.687 us (Expected < 8000.000 us) --> Read time : 3930.083 us, Update time : 32.952 us, Write time : 4463.652 us
[ros2_control_node-1] [WARN] [1775517205.259854109] [controller_manager]: Overrun detected! The controller manager missed its desired rate of 125 Hz. The loop took 8.547754 ms (missed cycles : 2).
[ros2_control_node-1] [INFO] [1775517205.458966536] [controller_manager]: Loading controller : 'joint_state_broadcaster' of type 'joint_state_broadcaster/JointStateBroadcaster'
[ros2_control_node-1] [INFO] [1775517205.459012078] [controller_manager]: Loading controller 'joint_state_broadcaster'
[ros2_control_node-1] [INFO] [1775517205.465165386] [controller_manager]: Controller 'joint_state_broadcaster' node arguments: --ros-args --params-file /home/carrt-cse-project/workspace/ros2_kortex_ws/install/adl_tasks/share/adl_tasks/config/ros2_controllers_vbox.yaml --params-file /tmp/launch_params_4yjwfr74 
[spawner-4] [INFO] [1775517205.485125712] [spawner_joint_state_broadcaster]: Loaded joint_state_broadcaster
[ros2_control_node-1] [INFO] [1775517205.486581684] [controller_manager]: Configuring controller: 'joint_state_broadcaster'
[ros2_control_node-1] [INFO] [1775517205.486851198] [joint_state_broadcaster]: 'joints' or 'interfaces' parameter is empty. All available state interfaces will be published
[ros2_control_node-1] [INFO] [1775517205.501635799] [controller_manager]: Activating controllers: [ joint_state_broadcaster ]
[ros2_control_node-1] [INFO] [1775517205.508441119] [controller_manager]: Successfully switched controllers!
[spawner-4] [INFO] [1775517205.517068664] [spawner_joint_state_broadcaster]: Configured and activated joint_state_broadcaster
[INFO] [spawner-4]: process has finished cleanly [pid 17477]
[INFO] [spawner-7]: process started with pid [17580]
[INFO] [spawner-8]: process started with pid [17581]
[INFO] [spawner-9]: process started with pid [17582]
[INFO] [spawner-10]: process started with pid [17583]
[spawner-10] [INFO] [1775517206.721911733] [spawner_fault_controller]: waiting for service /controller_manager/list_controllers to become available...
[ros2_control_node-1] [INFO] [1775517206.982909191] [controller_manager]: Loading controller : 'fault_controller' of type 'picknik_reset_fault_controller/PicknikResetFaultController'
[ros2_control_node-1] [INFO] [1775517206.982944331] [controller_manager]: Loading controller 'fault_controller'
[ros2_control_node-1] [INFO] [1775517206.986657427] [controller_manager]: Controller 'fault_controller' node arguments: --ros-args --params-file /home/carrt-cse-project/workspace/ros2_kortex_ws/install/adl_tasks/share/adl_tasks/config/ros2_controllers_vbox.yaml --params-file /tmp/launch_params_4yjwfr74 
[spawner-10] [INFO] [1775517207.005564420] [spawner_fault_controller]: Loaded fault_controller
[ros2_control_node-1] [INFO] [1775517207.006653585] [controller_manager]: Configuring controller: 'fault_controller'
[ros2_control_node-1] [INFO] [1775517207.013175594] [controller_manager]: Activating controllers: [ fault_controller ]
[ros2_control_node-1] [INFO] [1775517207.224740153] [controller_manager]: Successfully switched controllers!
[ros2_control_node-1] [WARN] [1775517207.228008318] [controller_manager]: Overrun might occur, Total time : 8665.984 us (Expected < 8000.000 us) --> Read time : 59.904 us, Update time : 5323.029 us (Switch time : 5223.189 us (Switch chained mode time : 1.913 us, perform mode change time : 34.609 us, Activation time : 5179.549 us, Deactivation time : 0.640 us)), Write time : 3283.051 us
[ros2_control_node-1] [WARN] [1775517207.228134638] [controller_manager]: Overrun detected! The controller manager missed its desired rate of 125 Hz. The loop took 8.826423 ms (missed cycles : 2).
[spawner-10] [INFO] [1775517207.237103731] [spawner_fault_controller]: Configured and activated fault_controller
[spawner-7] [INFO] [1775517207.355964118] [spawner_joint_trajectory_controller]: waiting for service /controller_manager/list_controllers to become available...
[INFO] [spawner-10]: process has finished cleanly [pid 17583]
[ros2_control_node-1] [WARN] [1775517207.467357788] [controller_manager]: Overrun might occur, Total time : 8020.004 us (Expected < 8000.000 us) --> Read time : 93.167 us, Update time : 190.619 us, Write time : 7736.218 us
[ros2_control_node-1] [INFO] [1775517207.608576575] [controller_manager]: Loading controller : 'joint_trajectory_controller' of type 'joint_trajectory_controller/JointTrajectoryController'
[ros2_control_node-1] [INFO] [1775517207.608608263] [controller_manager]: Loading controller 'joint_trajectory_controller'
[ros2_control_node-1] [INFO] [1775517207.614407871] [controller_manager]: Controller 'joint_trajectory_controller' node arguments: --ros-args --params-file /home/carrt-cse-project/workspace/ros2_kortex_ws/install/adl_tasks/share/adl_tasks/config/ros2_controllers_vbox.yaml --params-file /tmp/launch_params_4yjwfr74 
[spawner-7] [INFO] [1775517207.645352543] [spawner_joint_trajectory_controller]: Loaded joint_trajectory_controller
[ros2_control_node-1] [INFO] [1775517207.646997977] [controller_manager]: Configuring controller: 'joint_trajectory_controller'
[ros2_control_node-1] [INFO] [1775517207.647825445] [joint_trajectory_controller]: No specific joint names are used for command interfaces. Using 'joints' parameter.
[ros2_control_node-1] [INFO] [1775517207.648165106] [joint_trajectory_controller]: Command interfaces are [position] and state interfaces are [position velocity].
[ros2_control_node-1] [INFO] [1775517207.648440488] [joint_trajectory_controller]: Using 'splines' interpolation method.
[ros2_control_node-1] [INFO] [1775517207.653055117] [joint_trajectory_controller]: Action status changes will be monitored at 20.00 Hz.
[ros2_control_node-1] [INFO] [1775517207.677825699] [controller_manager]: Activating controllers: [ joint_trajectory_controller ]
[ros2_control_node-1] [INFO] [1775517207.914554086] [controller_manager]: Successfully switched controllers!
[spawner-7] [INFO] [1775517207.925495558] [spawner_joint_trajectory_controller]: Configured and activated joint_trajectory_controller
[spawner-9] [INFO] [1775517208.033762187] [spawner_robotiq_gripper_controller]: waiting for service /controller_manager/list_controllers to become available...
[INFO] [spawner-7]: process has finished cleanly [pid 17580]
[INFO] [move_group-11]: process started with pid [17633]
[INFO] [rviz2-12]: process started with pid [17634]
[move_group-11] [INFO] [1775517209.340543957] [move_group.moveit.moveit.ros.rdf_loader]: Loaded robot model in 0.00736764 seconds
[move_group-11] [INFO] [1775517209.340693738] [move_group.moveit.moveit.core.robot_model]: Loading robot model 'gen3'...
[move_group-11] [INFO] [1775517209.340715848] [move_group.moveit.moveit.core.robot_model]: No root/virtual joint specified in SRDF. Assuming fixed joint
[move_group-11] [INFO] [1775517209.465698125] [move_group.moveit.moveit.kinematics.kdl_kinematics_plugin]: Joint weights for group 'manipulator': 1 1 1 1 1 1 1
[rviz2-12] [INFO] [1775517209.622121012] [rviz2]: Stereo is NOT SUPPORTED
[rviz2-12] [INFO] [1775517209.622198846] [rviz2]: OpenGl version: 4.6 (GLSL 4.6)
[rviz2-12] [INFO] [1775517209.646073126] [rviz2]: Stereo is NOT SUPPORTED
[rviz2-12] Warning: class_loader.impl: SEVERE WARNING!!! A namespace collision has occurred with plugin factory for class rviz_default_plugins::displays::InteractiveMarkerDisplay. New factory will OVERWRITE existing one. This situation occurs when libraries containing plugins are directly linked against an executable (the one running right now generating this message). Please separate plugins out into their own library or just don't link against the library and use either class_loader::ClassLoader/MultiLibraryClassLoader to open.
[rviz2-12]          at line 321 in /opt/ros/jazzy/include/class_loader/class_loader/class_loader_core.hpp
[rviz2-12] [WARN] [1775517209.803295480] [rcl.logging_rosout]: Publisher already registered for node name: 'rviz2_moveit'. If this is due to multiple nodes with the same name then all logs for the logger named 'rviz2_moveit' will go out over the existing publisher. As soon as any node with that name is destructed it will unregister the publisher, preventing any further logs for that name from being published on the rosout topic.
[move_group-11] [INFO] [1775517209.840424545] [move_group.moveit.moveit.ros.planning_scene_monitor]: Publishing maintained planning scene on 'monitored_planning_scene'
[move_group-11] [INFO] [1775517209.840604090] [move_group.moveit.moveit.ros.moveit_cpp]: Listening to 'joint_states' for joint states
[move_group-11] [INFO] [1775517209.841854870] [move_group.moveit.moveit.ros.current_state_monitor]: Listening to joint states on topic 'joint_states'
[move_group-11] [INFO] [1775517209.842517898] [move_group.moveit.moveit.ros.planning_scene_monitor]: Listening to '/attached_collision_object' for attached collision objects
[move_group-11] [INFO] [1775517209.842549817] [move_group.moveit.moveit.ros.planning_scene_monitor]: Stopping existing planning scene publisher.
[move_group-11] [INFO] [1775517209.842737734] [move_group.moveit.moveit.ros.planning_scene_monitor]: Stopped publishing maintained planning scene.
[move_group-11] [INFO] [1775517209.843326004] [move_group.moveit.moveit.ros.planning_scene_monitor]: Publishing maintained planning scene on 'monitored_planning_scene'
[move_group-11] [INFO] [1775517209.843429052] [move_group.moveit.moveit.ros.planning_scene_monitor]: Starting planning scene monitor
[move_group-11] [INFO] [1775517209.845020344] [move_group.moveit.moveit.ros.planning_scene_monitor]: Listening to '/planning_scene'
[move_group-11] [INFO] [1775517209.845056080] [move_group.moveit.moveit.ros.planning_scene_monitor]: Starting world geometry update monitor for collision objects, attached objects, octomap updates.
[move_group-11] [INFO] [1775517209.845588838] [move_group.moveit.moveit.ros.planning_scene_monitor]: Listening to 'collision_object'
[move_group-11] [INFO] [1775517209.846024125] [move_group.moveit.moveit.ros.planning_scene_monitor]: Listening to 'planning_scene_world' for planning scene world geometry
[move_group-11] [WARN] [1775517209.847657593] [move_group.moveit.moveit.ros.occupancy_map_monitor]: Resolution not specified for Octomap. Assuming resolution = 0.1 instead
[move_group-11] [ERROR] [1775517209.847705901] [move_group.moveit.moveit.ros.occupancy_map_monitor]: No 3D sensor plugin(s) defined for octomap updates
[move_group-11] [INFO] [1775517210.059627967] [move_group.moveit.moveit.ros.planning_pipeline]: Successfully loaded planner 'OMPL'
[move_group-11] [INFO] [1775517210.064016242] [move_group]: Try loading adapter 'default_planning_request_adapters/ResolveConstraintFrames'
[move_group-11] [INFO] [1775517210.065676721] [move_group]: Loaded adapter 'default_planning_request_adapters/ResolveConstraintFrames'
[move_group-11] [INFO] [1775517210.065706915] [move_group]: Try loading adapter 'default_planning_request_adapters/ValidateWorkspaceBounds'
[move_group-11] [INFO] [1775517210.065928026] [move_group]: Loaded adapter 'default_planning_request_adapters/ValidateWorkspaceBounds'
[move_group-11] [INFO] [1775517210.065943995] [move_group]: Try loading adapter 'default_planning_request_adapters/CheckStartStateBounds'
[move_group-11] [INFO] [1775517210.065981496] [move_group]: Loaded adapter 'default_planning_request_adapters/CheckStartStateBounds'
[move_group-11] [INFO] [1775517210.065993145] [move_group]: Try loading adapter 'default_planning_request_adapters/CheckStartStateCollision'
[move_group-11] [INFO] [1775517210.066019989] [move_group]: Loaded adapter 'default_planning_request_adapters/CheckStartStateCollision'
[move_group-11] [INFO] [1775517210.070269675] [move_group]: Try loading adapter 'default_planning_response_adapters/AddTimeOptimalParameterization'
[move_group-11] [INFO] [1775517210.073632429] [move_group]: Loaded adapter 'default_planning_response_adapters/AddTimeOptimalParameterization'
[move_group-11] [INFO] [1775517210.073656481] [move_group]: Try loading adapter 'default_planning_response_adapters/ValidateSolution'
[move_group-11] [INFO] [1775517210.076554396] [move_group]: Loaded adapter 'default_planning_response_adapters/ValidateSolution'
[move_group-11] [INFO] [1775517210.076584563] [move_group]: Try loading adapter 'default_planning_response_adapters/DisplayMotionPath'
[move_group-11] [INFO] [1775517210.077570557] [move_group]: Loaded adapter 'default_planning_response_adapters/DisplayMotionPath'
[move_group-11] [INFO] [1775517210.121567914] [move_group.moveit.moveit.plugins.simple_controller_manager]: Added FollowJointTrajectory controller for joint_trajectory_controller
[move_group-11] [INFO] [1775517210.121615230] [move_group.moveit.moveit.plugins.simple_controller_manager]: robotiq_gripper_controller will command a max effort of: 0
[move_group-11] [INFO] [1775517210.124458320] [move_group.moveit.moveit.plugins.simple_controller_manager]: Added GripperCommand controller for robotiq_gripper_controller
[move_group-11] [INFO] [1775517210.124648421] [move_group.moveit.moveit.plugins.simple_controller_manager]: Returned 2 controllers in list
[move_group-11] [INFO] [1775517210.124685364] [move_group.moveit.moveit.plugins.simple_controller_manager]: Returned 2 controllers in list
[move_group-11] [INFO] [1775517210.125148881] [move_group.moveit.moveit.ros.trajectory_execution_manager]: Trajectory execution is managing controllers
[move_group-11] [INFO] [1775517210.125172769] [move_group]: MoveGroup debug mode is ON
[move_group-11] [INFO] [1775517210.150063384] [move_group.moveit.moveit.ros.move_group.executable]: 
[move_group-11] 
[move_group-11] ********************************************************
[move_group-11] * MoveGroup using: 
[move_group-11] *     - apply_planning_scene_service
[move_group-11] *     - clear_octomap_service
[move_group-11] *     - get_group_urdf
[move_group-11] *     - load_geometry_from_file
[move_group-11] *     - CartesianPathService
[move_group-11] *     - execute_trajectory_action
[move_group-11] *     - get_planning_scene_service
[move_group-11] *     - kinematics_service
[move_group-11] *     - move_action
[move_group-11] *     - motion_plan_service
[move_group-11] *     - query_planners_service
[move_group-11] *     - state_validation_service
[move_group-11] *     - save_geometry_to_file
[move_group-11] ********************************************************
[move_group-11] 
[move_group-11] [INFO] [1775517210.150119409] [move_group.moveit.moveit.ros.move_group.context]: MoveGroup context using pipeline ompl
[move_group-11] [INFO] [1775517210.150139004] [move_group.moveit.moveit.ros.move_group.context]: MoveGroup context initialization complete
[move_group-11] [96mLoading 'move_group/ApplyPlanningSceneService'...[0m
[move_group-11] [96mLoading 'move_group/ClearOctomapService'...[0m
[move_group-11] [96mLoading 'move_group/GetUrdfService'...[0m
[move_group-11] [96mLoading 'move_group/LoadGeometryFromFileService'...[0m
[move_group-11] [96mLoading 'move_group/MoveGroupCartesianPathService'...[0m
[move_group-11] [96mLoading 'move_group/MoveGroupExecuteTrajectoryAction'...[0m
[move_group-11] [96mLoading 'move_group/MoveGroupGetPlanningSceneService'...[0m
[move_group-11] [96mLoading 'move_group/MoveGroupKinematicsService'...[0m
[move_group-11] [96mLoading 'move_group/MoveGroupMoveAction'...[0m
[move_group-11] [96mLoading 'move_group/MoveGroupPlanService'...[0m
[move_group-11] [96mLoading 'move_group/MoveGroupQueryPlannersService'...[0m
[move_group-11] [96mLoading 'move_group/MoveGroupStateValidationService'...[0m
[move_group-11] [96mLoading 'move_group/SaveGeometryToFileService'...[0m
[move_group-11] 
[move_group-11] [92mYou can start planning now![0m
[move_group-11] 
[ros2_control_node-1] [INFO] [1775517210.908044335] [controller_manager]: Received robot description from topic.
[ros2_control_node-1] [WARN] [1775517210.908101968] [controller_manager]: ResourceManager has already loaded a urdf. Ignoring attempt to reload a robot description.
[ros2_control_node-1] [INFO] [1775517211.038259937] [controller_manager]: Loading controller : 'robotiq_gripper_controller' of type 'position_controllers/GripperActionController'
[ros2_control_node-1] [INFO] [1775517211.038308679] [controller_manager]: Loading controller 'robotiq_gripper_controller'
[ros2_control_node-1] [INFO] [1775517211.040690814] [controller_manager]: Controller 'robotiq_gripper_controller' node arguments: --ros-args --params-file /home/carrt-cse-project/workspace/ros2_kortex_ws/install/adl_tasks/share/adl_tasks/config/ros2_controllers_vbox.yaml --params-file /tmp/launch_params_4yjwfr74 
[ros2_control_node-1] [WARN] [1775517211.059693660] [robotiq_gripper_controller]: [Deprecated]: the `position_controllers/GripperActionController` and `effort_controllers::GripperActionController` controllers are replaced by 'parallel_gripper_controllers/GripperActionController' controller
[spawner-9] [INFO] [1775517211.069740071] [spawner_robotiq_gripper_controller]: Loaded robotiq_gripper_controller
[ros2_control_node-1] [INFO] [1775517211.071305543] [controller_manager]: Configuring controller: 'robotiq_gripper_controller'
[ros2_control_node-1] [INFO] [1775517211.071455845] [robotiq_gripper_controller]: Action status changes will be monitored at 20.000000 Hz.
[ros2_control_node-1] [INFO] [1775517211.160634878] [controller_manager]: Activating controllers: [ robotiq_gripper_controller ]
[ros2_control_node-1] [INFO] [1775517211.538672917] [controller_manager]: Successfully switched controllers!
[ros2_control_node-1] [WARN] [1775517211.540079294] [controller_manager]: Overrun might occur, Total time : 176737.319 us (Expected < 8000.000 us) --> Read time : 53.858 us, Update time : 175081.176 us (Switch time : 174845.666 us (Switch chained mode time : 1.271 us, perform mode change time : 16.475 us, Activation time : 174815.673 us, Deactivation time : 0.684 us)), Write time : 1602.285 us
[ros2_control_node-1] [WARN] [1775517211.540162780] [controller_manager]: Overrun detected! The controller manager missed its desired rate of 125 Hz. The loop took 176.856052 ms (missed cycles : 23).
[spawner-9] [INFO] [1775517211.549745190] [spawner_robotiq_gripper_controller]: Configured and activated robotiq_gripper_controller
[spawner-8] [INFO] [1775517211.694414431] [spawner_twist_controller]: waiting for service /controller_manager/list_controllers to become available...
[INFO] [spawner-9]: process has finished cleanly [pid 17582]
[rviz2-12] [ERROR] [1775517212.856840540] [rviz2_moveit.moveit.ros.motion_planning_frame]: Action server: /recognize_objects not available
[rviz2-12] [INFO] [1775517212.880235610] [rviz2_moveit.moveit.ros.motion_planning_frame]: MoveGroup namespace changed: / -> . Reloading params.
[rviz2-12] [INFO] [1775517212.960075778] [rviz2_moveit.moveit.ros.rdf_loader]: Loaded robot model in 0.0104255 seconds
[rviz2-12] [INFO] [1775517212.960174182] [rviz2_moveit.moveit.core.robot_model]: Loading robot model 'gen3'...
[rviz2-12] [INFO] [1775517212.960212303] [rviz2_moveit.moveit.core.robot_model]: No root/virtual joint specified in SRDF. Assuming fixed joint
[rviz2-12] [INFO] [1775517213.130700177] [rviz2_moveit.moveit.kinematics.kdl_kinematics_plugin]: Joint weights for group 'manipulator': 1 1 1 1 1 1 1
[rviz2-12] [INFO] [1775517213.472176234] [rviz2_moveit.moveit.ros.planning_scene_monitor]: Starting planning scene monitor
[rviz2-12] [INFO] [1775517213.473246496] [rviz2_moveit.moveit.ros.planning_scene_monitor]: Listening to '/monitored_planning_scene'
[rviz2-12] [INFO] [1775517213.728286864] [interactive_marker_display_106830460417136]: Connected on namespace: /rviz_moveit_motion_planning_display/robot_interaction_interactive_marker_topic
[rviz2-12] [INFO] [1775517213.736374347] [rviz2_moveit.moveit.ros.robot_interaction]: No active joints or end effectors found for group 'gripper'. Make sure that kinematics.yaml is loaded in this node's namespace.
[rviz2-12] [INFO] [1775517213.737165907] [rviz2_moveit.moveit.ros.robot_interaction]: No active joints or end effectors found for group 'gripper'. Make sure that kinematics.yaml is loaded in this node's namespace.
[rviz2-12] [INFO] [1775517213.743398420] [rviz2_moveit.moveit.ros.motion_planning_frame]: group gripper
[rviz2-12] [INFO] [1775517213.743427983] [rviz2_moveit.moveit.ros.motion_planning_frame]: Constructing new MoveGroup connection for group 'gripper' in namespace ''
[rviz2-12] [INFO] [1775517213.755976285] [interactive_marker_display_106830460417136]: Sending request for interactive markers
[rviz2-12] [INFO] [1775517213.773147262] [rviz2_moveit.moveit.ros.move_group_interface]: Ready to take commands for planning group gripper.
[rviz2-12] [INFO] [1775517213.774039397] [rviz2_moveit.moveit.ros.motion_planning_frame]: group gripper
[rviz2-12] [INFO] [1775517213.788250539] [interactive_marker_display_106830460417136]: Service response received for initialization
[ros2_control_node-1] [INFO] [1775517214.048391048] [controller_manager]: Loading controller : 'twist_controller' of type 'picknik_twist_controller/PicknikTwistController'
[ros2_control_node-1] [INFO] [1775517214.048442551] [controller_manager]: Loading controller 'twist_controller'
[ros2_control_node-1] [INFO] [1775517214.051160181] [controller_manager]: Controller 'twist_controller' node arguments: --ros-args --params-file /home/carrt-cse-project/workspace/ros2_kortex_ws/install/adl_tasks/share/adl_tasks/config/ros2_controllers_vbox.yaml --params-file /tmp/launch_params_4yjwfr74 
[spawner-8] [INFO] [1775517214.086173127] [spawner_twist_controller]: Loaded twist_controller
[ros2_control_node-1] [INFO] [1775517214.088771241] [controller_manager]: Configuring controller: 'twist_controller'
[ros2_control_node-1] [INFO] [1775517214.090758916] [twist_controller]: configure successful
[INFO] [spawner-8]: process has finished cleanly [pid 17581]
[ros2_control_node-1] [WARN] [1775517215.141856047] [controller_manager]: Overrun might occur, Total time : 10504.795 us (Expected < 8000.000 us) --> Read time : 50.798 us, Update time : 283.259 us, Write time : 10170.738 us
[ros2_control_node-1] [WARN] [1775517215.141928921] [controller_manager]: Overrun detected! The controller manager missed its desired rate of 125 Hz. The loop took 10.622410 ms (missed cycles : 2).
[ros2_control_node-1] [WARN] [1775517225.251546248] [controller_manager]: Overrun might occur, Total time : 8206.649 us (Expected < 8000.000 us) --> Read time : 53.853 us, Update time : 266.684 us, Write time : 7886.112 us
[ros2_control_node-1] [WARN] [1775517225.251659237] [controller_manager]: Overrun detected! The controller manager missed its desired rate of 125 Hz. The loop took 8.351721 ms (missed cycles : 2).
[ros2_control_node-1] [WARN] [1775517264.307486419] [controller_manager]: Overrun might occur, Total time : 16137.864 us (Expected < 8000.000 us) --> Read time : 56.116 us, Update time : 264.460 us, Write time : 15817.288 us
[ros2_control_node-1] [WARN] [1775517264.307612692] [controller_manager]: Overrun detected! The controller manager missed its desired rate of 125 Hz. The loop took 16.306006 ms (missed cycles : 3).
[ros2_control_node-1] [WARN] [1775517267.678219671] [controller_manager]: Overrun might occur, Total time : 10861.111 us (Expected < 8000.000 us) --> Read time : 70.477 us, Update time : 256.980 us, Write time : 10533.654 us
[ros2_control_node-1] [WARN] [1775517267.678333133] [controller_manager]: Overrun detected! The controller manager missed its desired rate of 125 Hz. The loop took 11.010317 ms (missed cycles : 2).
[ros2_control_node-1] [WARN] [1775517270.992247753] [controller_manager]: Overrun might occur, Total time : 12893.474 us (Expected < 8000.000 us) --> Read time : 54.743 us, Update time : 257.624 us, Write time : 12581.107 us
[ros2_control_node-1] [WARN] [1775517270.992343382] [controller_manager]: Overrun detected! The controller manager missed its desired rate of 125 Hz. The loop took 13.037716 ms (missed cycles : 2).
[ros2_control_node-1] [WARN] [1775517280.731395158] [controller_manager]: Overrun might occur, Total time : 8018.213 us (Expected < 8000.000 us) --> Read time : 72.382 us, Update time : 413.626 us, Write time : 7532.205 us
[ros2_control_node-1] [WARN] [1775517280.731474456] [controller_manager]: Overrun detected! The controller manager missed its desired rate of 125 Hz. The loop took 8.167794 ms (missed cycles : 2).
[ros2_control_node-1] [WARN] [1775517283.987389600] [controller_manager]: Overrun might occur, Total time : 8053.261 us (Expected < 8000.000 us) --> Read time : 50.896 us, Update time : 313.222 us, Write time : 7689.143 us
[ros2_control_node-1] [WARN] [1775517283.987474731] [controller_manager]: Overrun detected! The controller manager missed its desired rate of 125 Hz. The loop took 8.168302 ms (missed cycles : 2).
[ros2_control_node-1] [WARN] [1775517288.483411447] [controller_manager]: Overrun might occur, Total time : 8067.383 us (Expected < 8000.000 us) --> Read time : 63.512 us, Update time : 276.129 us, Write time : 7727.742 us
[ros2_control_node-1] [WARN] [1775517288.483502508] [controller_manager]: Overrun detected! The controller manager missed its desired rate of 125 Hz. The loop took 8.196137 ms (missed cycles : 2).
[ros2_control_node-1] [WARN] [1775517289.694640048] [controller_manager]: Overrun might occur, Total time : 11293.137 us (Expected < 8000.000 us) --> Read time : 51.156 us, Update time : 255.762 us, Write time : 10986.219 us
[ros2_control_node-1] [WARN] [1775517289.694706674] [controller_manager]: Overrun detected! The controller manager missed its desired rate of 125 Hz. The loop took 11.400665 ms (missed cycles : 2).
[ros2_control_node-1] [WARN] [1775517290.717046189] [controller_manager]: Overrun might occur, Total time : 9710.715 us (Expected < 8000.000 us) --> Read time : 62.277 us, Update time : 233.118 us, Write time : 9415.320 us
[ros2_control_node-1] [WARN] [1775517290.717134849] [controller_manager]: Overrun detected! The controller manager missed its desired rate of 125 Hz. The loop took 9.828154 ms (missed cycles : 2).
[ros2_control_node-1] [WARN] [1775517292.763775534] [controller_manager]: Overrun might occur, Total time : 8431.859 us (Expected < 8000.000 us) --> Read time : 103.976 us, Update time : 243.339 us, Write time : 8084.544 us
[ros2_control_node-1] [WARN] [1775517292.763860232] [controller_manager]: Overrun detected! The controller manager missed its desired rate of 125 Hz. The loop took 8.553053 ms (missed cycles : 2).
[ros2_control_node-1] [WARN] [1775517327.684988697] [controller_manager]: Overrun might occur, Total time : 9642.845 us (Expected < 8000.000 us) --> Read time : 49.760 us, Update time : 250.317 us, Write time : 9342.768 us
[ros2_control_node-1] [WARN] [1775517327.685075308] [controller_manager]: Overrun detected! The controller manager missed its desired rate of 125 Hz. The loop took 9.768901 ms (missed cycles : 2).
[ros2_control_node-1] [WARN] [1775517341.213390292] [controller_manager]: Overrun might occur, Total time : 10053.187 us (Expected < 8000.000 us) --> Read time : 55.492 us, Update time : 232.287 us, Write time : 9765.408 us
[ros2_control_node-1] [WARN] [1775517341.213475779] [controller_manager]: Overrun detected! The controller manager missed its desired rate of 125 Hz. The loop took 10.169389 ms (missed cycles : 2).
[ros2_control_node-1] [WARN] [1775517376.086385664] [controller_manager]: Overrun might occur, Total time : 11033.423 us (Expected < 8000.000 us) --> Read time : 54.930 us, Update time : 264.910 us, Write time : 10713.583 us
[ros2_control_node-1] [WARN] [1775517376.086467677] [controller_manager]: Overrun detected! The controller manager missed its desired rate of 125 Hz. The loop took 11.160795 ms (missed cycles : 2).
[ros2_control_node-1] [WARN] [1775517382.388556275] [controller_manager]: Overrun might occur, Total time : 9207.449 us (Expected < 8000.000 us) --> Read time : 62.395 us, Update time : 275.551 us, Write time : 8869.503 us
[ros2_control_node-1] [WARN] [1775517382.388633227] [controller_manager]: Overrun detected! The controller manager missed its desired rate of 125 Hz. The loop took 9.326777 ms (missed cycles : 2).
[ros2_control_node-1] [WARN] [1775517387.871103807] [controller_manager]: Overrun might occur, Total time : 19771.672 us (Expected < 8000.000 us) --> Read time : 58.393 us, Update time : 210.379 us, Write time : 19502.900 us
[ros2_control_node-1] [WARN] [1775517387.871170711] [controller_manager]: Overrun detected! The controller manager missed its desired rate of 125 Hz. The loop took 19.863949 ms (missed cycles : 3).
[ros2_control_node-1] [WARN] [1775517389.803402901] [controller_manager]: Overrun might occur, Total time : 8050.799 us (Expected < 8000.000 us) --> Read time : 77.211 us, Update time : 399.694 us, Write time : 7573.894 us
[ros2_control_node-1] [WARN] [1775517389.803489972] [controller_manager]: Overrun detected! The controller manager missed its desired rate of 125 Hz. The loop took 8.183252 ms (missed cycles : 2).
[ros2_control_node-1] [WARN] [1775517395.177016798] [controller_manager]: Overrun might occur, Total time : 13671.087 us (Expected < 8000.000 us) --> Read time : 74.061 us, Update time : 275.568 us, Write time : 13321.458 us
[ros2_control_node-1] [WARN] [1775517395.177107102] [controller_manager]: Overrun detected! The controller manager missed its desired rate of 125 Hz. The loop took 13.800244 ms (missed cycles : 2).
[ros2_control_node-1] [WARN] [1775517398.428123024] [controller_manager]: Overrun might occur, Total time : 8779.712 us (Expected < 8000.000 us) --> Read time : 61.770 us, Update time : 320.479 us, Write time : 8397.463 us
[ros2_control_node-1] [WARN] [1775517398.428217205] [controller_manager]: Overrun detected! The controller manager missed its desired rate of 125 Hz. The loop took 8.910834 ms (missed cycles : 2).
[ros2_control_node-1] [WARN] [1775517427.349387568] [controller_manager]: Overrun might occur, Total time : 10046.628 us (Expected < 8000.000 us) --> Read time : 59.796 us, Update time : 290.165 us, Write time : 9696.667 us
[ros2_control_node-1] [WARN] [1775517427.349471531] [controller_manager]: Overrun detected! The controller manager missed its desired rate of 125 Hz. The loop took 10.165235 ms (missed cycles : 2).
[ros2_control_node-1] [WARN] [1775517431.828624688] [controller_manager]: Overrun might occur, Total time : 9275.686 us (Expected < 8000.000 us) --> Read time : 55.504 us, Update time : 266.843 us, Write time : 8953.339 us
[ros2_control_node-1] [WARN] [1775517431.828776644] [controller_manager]: Overrun detected! The controller manager missed its desired rate of 125 Hz. The loop took 9.469656 ms (missed cycles : 2).
[ros2_control_node-1] [WARN] [1775517444.112383919] [controller_manager]: Overrun might occur, Total time : 13038.374 us (Expected < 8000.000 us) --> Read time : 60.712 us, Update time : 296.515 us, Write time : 12681.147 us
[ros2_control_node-1] [WARN] [1775517444.112470362] [controller_manager]: Overrun detected! The controller manager missed its desired rate of 125 Hz. The loop took 13.163399 ms (missed cycles : 2).
