
===== 2026-04-06T19:14:33-04:00 | T6_scan_scene =====
cwd=/home/carrt-cse-project/workspace/ros2_kortex_ws
cmd=ros2 service call /scan_scene std_srvs/srv/Trigger \{\} 

waiting for service to become available...
requester: making request: std_srvs.srv.Trigger_Request()

response:
std_srvs.srv.Trigger_Response(success=True, message='Scene scan complete. Remembered object IDs: []')


===== 2026-04-06T19:15:06-04:00 | T6_scan_scene =====
cwd=/home/carrt-cse-project/workspace/ros2_kortex_ws
cmd=ros2 service call /scan_scene std_srvs/srv/Trigger \{\} 

waiting for service to become available...
requester: making request: std_srvs.srv.Trigger_Request()

response:
std_srvs.srv.Trigger_Response(success=True, message='Scene scan complete. Remembered object IDs: [3, 4]')


===== 2026-04-06T19:16:07-04:00 | T6_scan_scene =====
cwd=/home/carrt-cse-project/workspace/ros2_kortex_ws
cmd=ros2 service call /scan_scene std_srvs/srv/Trigger \{\} 

waiting for service to become available...
requester: making request: std_srvs.srv.Trigger_Request()

response:
std_srvs.srv.Trigger_Response(success=True, message='Scene scan complete. Remembered object IDs: [3, 4]')

