
===== 2026-04-08T12:15:14-04:00 | T1_arm =====
cwd=/home/carrt-cse-project/workspace/ros2_kortex_ws
cmd=ros2 launch adl_tasks arm_vbox.launch.py robot_ip:=192.168.0.10 use_fake_hardware:=false 

[INFO] [launch]: All log files can be found below /home/carrt-cse-project/.ros/log/2026-04-08-12-15-15-057261-carrt-cse-project-OptiPlex-5050-16345
[INFO] [launch]: Default logging verbosity is set to INFO
[INFO] [launch.user]: [arm_vbox.launch] MoveIt current state source: /joint_states_sanitized. Use use_joint_state_sanitizer:=false for raw-state viewer debugging.
[INFO] [launch.user]: [arm_vbox.launch] Using ADL VBox controller config (share/adl_tasks/config/ros2_controllers_vbox.yaml, update_rate:=125 Hz).
[INFO] [ros2_control_node-1]: process started with pid [16351]
[INFO] [robot_state_publisher-2]: process started with pid [16352]
[INFO] [joint_state_sanitizer-3]: process started with pid [16353]
[INFO] [spawner-4]: process started with pid [16354]
[INFO] [static_transform_publisher-5]: process started with pid [16355]
[INFO] [static_transform_publisher-6]: process started with pid [16356]
[static_transform_publisher-6] [INFO] [1775664915.423400341] [camera_color_optical_bridge_tf_pub]: Spinning until stopped - publishing transform
[static_transform_publisher-6] translation: ('0.000000', '0.000000', '0.000000')
[static_transform_publisher-6] rotation: ('0.000000', '0.000000', '0.000000', '1.000000')
[static_transform_publisher-6] from 'camera_color_frame' to 'wrist_mounted_camera_color_optical_frame'
[static_transform_publisher-5] [INFO] [1775664915.468874896] [static_transform_publisher]: Spinning until stopped - publishing transform
[static_transform_publisher-5] translation: ('0.000000', '0.000000', '0.000000')
[static_transform_publisher-5] rotation: ('0.000000', '0.000000', '0.000000', '1.000000')
[static_transform_publisher-5] from 'world' to 'base_link'
[robot_state_publisher-2] [INFO] [1775664915.472324374] [robot_state_publisher]: Robot initialized
[ros2_control_node-1] [INFO] [1775664915.493690295] [controller_manager]: Using Steady (Monotonic) clock for triggering controller manager cycles.
[ros2_control_node-1] [INFO] [1775664915.509654184] [controller_manager]: Subscribing to '/robot_description' topic for robot description.
[ros2_control_node-1] [INFO] [1775664915.513915371] [controller_manager]: update rate is 125 Hz
[ros2_control_node-1] [INFO] [1775664915.513949573] [controller_manager]: Overruns handling is : enabled
[ros2_control_node-1] [INFO] [1775664915.513960894] [controller_manager]: Spawning controller_manager RT thread with scheduler priority: 50
[ros2_control_node-1] [INFO] [1775664915.514065127] [controller_manager]: Successful set up FIFO RT scheduling policy with priority 50.
[ros2_control_node-1] [INFO] [1775664915.857974476] [controller_manager]: Received robot description from topic.
[ros2_control_node-1] [INFO] [1775664915.861570782] [controller_manager]: Enforcing command limits is disabled. Command limits from URDF will be ignored.
[ros2_control_node-1] [INFO] [1775664915.873745690] [controller_manager]: Loading hardware 'KortexMultiInterfaceHardware' 
[ros2_control_node-1] [INFO] [1775664915.911698082] [KortexMultiInterfaceHardware]: Setting severity threshold to DEBUG
[ros2_control_node-1] [INFO] [1775664915.911753253] [controller_manager]: Loaded hardware 'KortexMultiInterfaceHardware' from plugin 'kortex_driver/KortexMultiInterfaceHardware'
[ros2_control_node-1] [INFO] [1775664915.912324966] [controller_manager]: Initialize hardware 'KortexMultiInterfaceHardware' 
[ros2_control_node-1] [INFO] [1775664915.937379567] [KortexMultiInterfaceHardware]: Configuring Hardware Interface
[ros2_control_node-1] [INFO] [1775664915.937891151] [KortexMultiInterfaceHardware]: Robot ip is '192.168.0.10'
[ros2_control_node-1] [INFO] [1775664915.937908602] [KortexMultiInterfaceHardware]: Username is 'admin'
[ros2_control_node-1] [INFO] [1775664915.937926027] [KortexMultiInterfaceHardware]: Port used '10000'
[ros2_control_node-1] [INFO] [1775664915.937934728] [KortexMultiInterfaceHardware]: Realtime port used '10001'
[ros2_control_node-1] [INFO] [1775664915.937941725] [KortexMultiInterfaceHardware]: Session inactivity timeout is '60000'
[ros2_control_node-1] [INFO] [1775664915.937949971] [KortexMultiInterfaceHardware]: Connection inactivity timeout is '2000'
[ros2_control_node-1] [INFO] [1775664915.937959923] [KortexMultiInterfaceHardware]: Gripper joint name is 'robotiq_85_left_knuckle_joint'
[ros2_control_node-1] [INFO] [1775664915.937998763] [KortexMultiInterfaceHardware]: Connecting to robot at 192.168.0.10
[ros2_control_node-1] [INFO] [1775664915.940726276] [KortexMultiInterfaceHardware]: Creating session for communication
[spawner-4] [INFO] [1775664916.056845595] [spawner_joint_state_broadcaster]: waiting for service /controller_manager/list_controllers to become available...
[spawner-4] [WARN] [1775664916.059695927] [spawner_joint_state_broadcaster]: Controller already loaded, skipping load_controller
[spawner-4] [ERROR] [1775664916.064829779] [spawner_joint_state_broadcaster]: Failed to configure controller
[joint_state_sanitizer-3] [INFO] [1775664916.071262562] [joint_state_sanitizer_node]: joint_state_sanitizer started. raw=/joint_states -> sanitized=/joint_states_sanitized
[ERROR] [spawner-4]: process has died [pid 16354, exit code 1, cmd '/home/carrt-cse-project/workspace/ros2_kortex_ws/install/controller_manager/lib/controller_manager/spawner joint_state_broadcaster --controller-manager /controller_manager --ros-args'].
[ros2_control_node-1] [INFO] [1775664916.271787892] [KortexMultiInterfaceHardware]: Session created
[INFO] [spawner-7]: process started with pid [16504]
[INFO] [spawner-8]: process started with pid [16505]
[INFO] [spawner-9]: process started with pid [16506]
[INFO] [spawner-10]: process started with pid [16507]
[ros2_control_node-1] [INFO] [1775664917.007672905] [KortexMultiInterfaceHardware]: Actuator count reported by robot is '7'
[ros2_control_node-1] [INFO] [1775664917.007833008] [KortexMultiInterfaceHardware]: Using internal bus communication for gripper!
[ros2_control_node-1] [INFO] [1775664917.007839490] [KortexMultiInterfaceHardware]: Hardware Interface successfully configured
[ros2_control_node-1] [INFO] [1775664917.007925540] [controller_manager]: Successful initialization of hardware 'KortexMultiInterfaceHardware'
[ros2_control_node-1] [DEBUG] [1775664917.007993438] [KortexMultiInterfaceHardware]: export_state_interfaces for joint: joint_1
[ros2_control_node-1] [DEBUG] [1775664917.008020823] [KortexMultiInterfaceHardware]: export_state_interfaces for joint: joint_2
[ros2_control_node-1] [DEBUG] [1775664917.008030072] [KortexMultiInterfaceHardware]: export_state_interfaces for joint: joint_3
[ros2_control_node-1] [DEBUG] [1775664917.008035888] [KortexMultiInterfaceHardware]: export_state_interfaces for joint: joint_4
[ros2_control_node-1] [DEBUG] [1775664917.008040518] [KortexMultiInterfaceHardware]: export_state_interfaces for joint: joint_5
[ros2_control_node-1] [DEBUG] [1775664917.008045833] [KortexMultiInterfaceHardware]: export_state_interfaces for joint: joint_6
[ros2_control_node-1] [DEBUG] [1775664917.008050385] [KortexMultiInterfaceHardware]: export_state_interfaces for joint: joint_7
[ros2_control_node-1] [DEBUG] [1775664917.008054916] [KortexMultiInterfaceHardware]: export_state_interfaces for joint: robotiq_85_left_knuckle_joint
[ros2_control_node-1] [INFO] [1775664917.010229186] [resource_manager]: 'configure' hardware 'KortexMultiInterfaceHardware' 
[ros2_control_node-1] [INFO] [1775664917.010272827] [resource_manager]: Successful 'configure' of hardware 'KortexMultiInterfaceHardware'
[ros2_control_node-1] [INFO] [1775664917.010394422] [resource_manager]: 'activate' hardware 'KortexMultiInterfaceHardware' 
[ros2_control_node-1] [INFO] [1775664917.010419514] [KortexMultiInterfaceHardware]: Activating KortexMultiInterfaceHardware...
[ros2_control_node-1] [INFO] [1775664917.013558130] [KortexMultiInterfaceHardware]: Gripper initial position is '0.873365'.
[ros2_control_node-1] [INFO] [1775664917.015962007] [KortexMultiInterfaceHardware]: KortexMultiInterfaceHardware successfully activated!
[ros2_control_node-1] [INFO] [1775664917.016010418] [resource_manager]: Successful 'activate' of hardware 'KortexMultiInterfaceHardware'
[ros2_control_node-1] [INFO] [1775664917.016301591] [controller_manager]: Registering statistics for : KortexMultiInterfaceHardware
[ros2_control_node-1] [INFO] [1775664917.016655550] [controller_manager]: Resource Manager has been successfully initialized. Starting Controller Manager services...
[ros2_control_node-1] [INFO] [1775664917.048020023] [controller_manager]: Received robot description from topic.
[ros2_control_node-1] [WARN] [1775664917.048062986] [controller_manager]: ResourceManager has already loaded a urdf. Ignoring attempt to reload a robot description.
[spawner-7] [INFO] [1775664917.440549612] [spawner_joint_trajectory_controller]: waiting for service /controller_manager/list_controllers to become available...
[ros2_control_node-1] [INFO] [1775664917.702511375] [controller_manager]: Loading controller : 'joint_trajectory_controller' of type 'joint_trajectory_controller/JointTrajectoryController'
[ros2_control_node-1] [INFO] [1775664917.702568990] [controller_manager]: Loading controller 'joint_trajectory_controller'
[ros2_control_node-1] [INFO] [1775664917.715980437] [controller_manager]: Controller 'joint_trajectory_controller' node arguments: --ros-args --params-file /home/carrt-cse-project/workspace/ros2_kortex_ws/install/adl_tasks/share/adl_tasks/config/ros2_controllers_vbox.yaml --params-file /tmp/launch_params_jhy_92m2 
[spawner-7] [INFO] [1775664917.780458124] [spawner_joint_trajectory_controller]: Loaded joint_trajectory_controller
[ros2_control_node-1] [INFO] [1775664917.783819866] [controller_manager]: Configuring controller: 'joint_trajectory_controller'
[ros2_control_node-1] [INFO] [1775664917.784905711] [joint_trajectory_controller]: No specific joint names are used for command interfaces. Using 'joints' parameter.
[ros2_control_node-1] [INFO] [1775664917.785294079] [joint_trajectory_controller]: Command interfaces are [position] and state interfaces are [position velocity].
[ros2_control_node-1] [INFO] [1775664917.785561656] [joint_trajectory_controller]: Using 'splines' interpolation method.
[spawner-7] [ERROR] [1775664917.788565812] [spawner_joint_trajectory_controller]: Failed to configure controller
[ros2_control_node-1] [INFO] [1775664917.800946529] [joint_trajectory_controller]: Action status changes will be monitored at 20.00 Hz.
[spawner-8] [INFO] [1775664917.928579353] [spawner_twist_controller]: waiting for service /controller_manager/list_controllers to become available...
[ERROR] [spawner-7]: process has died [pid 16504, exit code 1, cmd '/home/carrt-cse-project/workspace/ros2_kortex_ws/install/controller_manager/lib/controller_manager/spawner joint_trajectory_controller -c /controller_manager --ros-args'].
[ros2_control_node-1] [WARN] [1775664918.427588738] [controller_manager]: Overrun might occur, Total time : 9408.493 us (Expected < 8000.000 us) --> Read time : 48.681 us, Update time : 21.181 us, Write time : 9338.631 us
[ros2_control_node-1] [WARN] [1775664918.427669472] [controller_manager]: Overrun detected! The controller manager missed its desired rate of 125 Hz. The loop took 9.515946 ms (missed cycles : 2).
[INFO] [move_group-11]: process started with pid [16569]
[INFO] [rviz2-12]: process started with pid [16570]
[spawner-8] [WARN] [1775664919.326073671] [spawner_twist_controller]: Controller already loaded, skipping load_controller
[move_group-11] [INFO] [1775664919.381572395] [move_group.moveit.moveit.ros.rdf_loader]: Loaded robot model in 0.0112062 seconds
[move_group-11] [INFO] [1775664919.381756062] [move_group.moveit.moveit.core.robot_model]: Loading robot model 'gen3'...
[move_group-11] [INFO] [1775664919.381783113] [move_group.moveit.moveit.core.robot_model]: No root/virtual joint specified in SRDF. Assuming fixed joint
[ros2_control_node-1] [WARN] [1775664919.446769727] [controller_manager]: Overrun might occur, Total time : 20587.739 us (Expected < 8000.000 us) --> Read time : 56.431 us, Update time : 33.801 us, Write time : 20497.507 us
[ros2_control_node-1] [WARN] [1775664919.446836394] [controller_manager]: Overrun detected! The controller manager missed its desired rate of 125 Hz. The loop took 20.683625 ms (missed cycles : 3).
[INFO] [spawner-8]: process has finished cleanly [pid 16505]
[spawner-10] [INFO] [1775664919.641673599] [spawner_fault_controller]: waiting for service /controller_manager/list_controllers to become available...
[rviz2-12] [INFO] [1775664919.752682137] [rviz2]: Stereo is NOT SUPPORTED
[rviz2-12] [INFO] [1775664919.752772236] [rviz2]: OpenGl version: 4.6 (GLSL 4.6)
[move_group-11] [INFO] [1775664919.753702175] [move_group.moveit.moveit.kinematics.kdl_kinematics_plugin]: Joint weights for group 'manipulator': 1 1 1 1 1 1 1
[rviz2-12] [INFO] [1775664919.811812508] [rviz2]: Stereo is NOT SUPPORTED
[ros2_control_node-1] [INFO] [1775664919.826179587] [controller_manager]: Received robot description from topic.
[ros2_control_node-1] [WARN] [1775664919.826946607] [controller_manager]: ResourceManager has already loaded a urdf. Ignoring attempt to reload a robot description.
[spawner-10] [WARN] [1775664920.096387693] [spawner_fault_controller]: Controller already loaded, skipping load_controller
[spawner-10] [ERROR] [1775664920.109282592] [spawner_fault_controller]: Failed to configure controller
[rviz2-12] Warning: class_loader.impl: SEVERE WARNING!!! A namespace collision has occurred with plugin factory for class rviz_default_plugins::displays::InteractiveMarkerDisplay. New factory will OVERWRITE existing one. This situation occurs when libraries containing plugins are directly linked against an executable (the one running right now generating this message). Please separate plugins out into their own library or just don't link against the library and use either class_loader::ClassLoader/MultiLibraryClassLoader to open.
[rviz2-12]          at line 321 in /opt/ros/jazzy/include/class_loader/class_loader/class_loader_core.hpp
[rviz2-12] [WARN] [1775664920.127001048] [rcl.logging_rosout]: Publisher already registered for node name: 'rviz2_moveit'. If this is due to multiple nodes with the same name then all logs for the logger named 'rviz2_moveit' will go out over the existing publisher. As soon as any node with that name is destructed it will unregister the publisher, preventing any further logs for that name from being published on the rosout topic.
[move_group-11] [INFO] [1775664920.238233276] [move_group.moveit.moveit.ros.planning_scene_monitor]: Publishing maintained planning scene on 'monitored_planning_scene'
[move_group-11] [INFO] [1775664920.238503560] [move_group.moveit.moveit.ros.moveit_cpp]: Listening to 'joint_states' for joint states
[move_group-11] [INFO] [1775664920.241820563] [move_group.moveit.moveit.ros.current_state_monitor]: Listening to joint states on topic 'joint_states'
[move_group-11] [INFO] [1775664920.245306623] [move_group.moveit.moveit.ros.planning_scene_monitor]: Listening to '/attached_collision_object' for attached collision objects
[move_group-11] [INFO] [1775664920.245346437] [move_group.moveit.moveit.ros.planning_scene_monitor]: Stopping existing planning scene publisher.
[spawner-9] [INFO] [1775664920.341236808] [spawner_robotiq_gripper_controller]: waiting for service /controller_manager/list_controllers to become available...
[ERROR] [spawner-10]: process has died [pid 16507, exit code 1, cmd '/home/carrt-cse-project/workspace/ros2_kortex_ws/install/controller_manager/lib/controller_manager/spawner fault_controller -c /controller_manager --ros-args'].
[move_group-11] [INFO] [1775664920.489427293] [move_group.moveit.moveit.ros.planning_scene_monitor]: Stopped publishing maintained planning scene.
[move_group-11] [INFO] [1775664920.491262198] [move_group.moveit.moveit.ros.planning_scene_monitor]: Publishing maintained planning scene on 'monitored_planning_scene'
[move_group-11] [INFO] [1775664920.491600996] [move_group.moveit.moveit.ros.planning_scene_monitor]: Starting planning scene monitor
[move_group-11] [INFO] [1775664920.492937974] [move_group.moveit.moveit.ros.planning_scene_monitor]: Listening to '/planning_scene'
[move_group-11] [INFO] [1775664920.492979062] [move_group.moveit.moveit.ros.planning_scene_monitor]: Starting world geometry update monitor for collision objects, attached objects, octomap updates.
[move_group-11] [INFO] [1775664920.493864821] [move_group.moveit.moveit.ros.planning_scene_monitor]: Listening to 'collision_object'
[move_group-11] [INFO] [1775664920.495398273] [move_group.moveit.moveit.ros.planning_scene_monitor]: Listening to 'planning_scene_world' for planning scene world geometry
[move_group-11] [WARN] [1775664920.496421432] [move_group.moveit.moveit.ros.occupancy_map_monitor]: Resolution not specified for Octomap. Assuming resolution = 0.1 instead
[move_group-11] [ERROR] [1775664920.496468446] [move_group.moveit.moveit.ros.occupancy_map_monitor]: No 3D sensor plugin(s) defined for octomap updates
[ros2_control_node-1] [INFO] [1775664920.594615544] [controller_manager]: Loading controller : 'robotiq_gripper_controller' of type 'position_controllers/GripperActionController'
[ros2_control_node-1] [INFO] [1775664920.594665241] [controller_manager]: Loading controller 'robotiq_gripper_controller'
[ros2_control_node-1] [INFO] [1775664920.599303001] [controller_manager]: Controller 'robotiq_gripper_controller' node arguments: --ros-args --params-file /home/carrt-cse-project/workspace/ros2_kortex_ws/install/adl_tasks/share/adl_tasks/config/ros2_controllers_vbox.yaml --params-file /tmp/launch_params_jhy_92m2 
[ros2_control_node-1] [WARN] [1775664920.640203324] [robotiq_gripper_controller]: [Deprecated]: the `position_controllers/GripperActionController` and `effort_controllers::GripperActionController` controllers are replaced by 'parallel_gripper_controllers/GripperActionController' controller
[spawner-9] [INFO] [1775664920.645439844] [spawner_robotiq_gripper_controller]: Loaded robotiq_gripper_controller
[ros2_control_node-1] [INFO] [1775664920.649577279] [controller_manager]: Configuring controller: 'robotiq_gripper_controller'
[ros2_control_node-1] [INFO] [1775664920.649787304] [robotiq_gripper_controller]: Action status changes will be monitored at 20.000000 Hz.
[ros2_control_node-1] [INFO] [1775664920.655063920] [controller_manager]: Activating controllers: [ robotiq_gripper_controller ]
[move_group-11] [INFO] [1775664920.726992798] [move_group.moveit.moveit.ros.planning_pipeline]: Successfully loaded planner 'OMPL'
[move_group-11] [INFO] [1775664920.732070682] [move_group]: Try loading adapter 'default_planning_request_adapters/ResolveConstraintFrames'
[move_group-11] [INFO] [1775664920.733828155] [move_group]: Loaded adapter 'default_planning_request_adapters/ResolveConstraintFrames'
[move_group-11] [INFO] [1775664920.733866595] [move_group]: Try loading adapter 'default_planning_request_adapters/ValidateWorkspaceBounds'
[move_group-11] [INFO] [1775664920.734297435] [move_group]: Loaded adapter 'default_planning_request_adapters/ValidateWorkspaceBounds'
[move_group-11] [INFO] [1775664920.734315213] [move_group]: Try loading adapter 'default_planning_request_adapters/CheckStartStateBounds'
[move_group-11] [INFO] [1775664920.734356388] [move_group]: Loaded adapter 'default_planning_request_adapters/CheckStartStateBounds'
[move_group-11] [INFO] [1775664920.734366729] [move_group]: Try loading adapter 'default_planning_request_adapters/CheckStartStateCollision'
[move_group-11] [INFO] [1775664920.734388352] [move_group]: Loaded adapter 'default_planning_request_adapters/CheckStartStateCollision'
[move_group-11] [INFO] [1775664920.738401055] [move_group]: Try loading adapter 'default_planning_response_adapters/AddTimeOptimalParameterization'
[move_group-11] [INFO] [1775664920.741770953] [move_group]: Loaded adapter 'default_planning_response_adapters/AddTimeOptimalParameterization'
[move_group-11] [INFO] [1775664920.741801311] [move_group]: Try loading adapter 'default_planning_response_adapters/ValidateSolution'
[move_group-11] [INFO] [1775664920.745431341] [move_group]: Loaded adapter 'default_planning_response_adapters/ValidateSolution'
[move_group-11] [INFO] [1775664920.745463449] [move_group]: Try loading adapter 'default_planning_response_adapters/DisplayMotionPath'
[move_group-11] [INFO] [1775664920.746506665] [move_group]: Loaded adapter 'default_planning_response_adapters/DisplayMotionPath'
[ros2_control_node-1] [WARN] [1775664920.850770609] [controller_manager]: Overrun might occur, Total time : 8549.544 us (Expected < 8000.000 us) --> Read time : 115.348 us, Update time : 70.261 us, Write time : 8363.935 us
[ros2_control_node-1] [WARN] [1775664920.850822853] [controller_manager]: Overrun detected! The controller manager missed its desired rate of 125 Hz. The loop took 8.670817 ms (missed cycles : 2).
[ros2_control_node-1] [INFO] [1775664920.867657736] [controller_manager]: Successfully switched controllers!
[ros2_control_node-1] [WARN] [1775664920.869975512] [controller_manager]: Overrun might occur, Total time : 11774.936 us (Expected < 8000.000 us) --> Read time : 60.299 us, Update time : 8786.816 us (Switch time : 8734.813 us (Switch chained mode time : 3.931 us, perform mode change time : 90.922 us, Activation time : 8627.906 us, Deactivation time : 2.291 us)), Write time : 2927.821 us
[move_group-11] [INFO] [1775664920.879713860] [move_group.moveit.moveit.plugins.simple_controller_manager]: Added FollowJointTrajectory controller for joint_trajectory_controller
[move_group-11] [INFO] [1775664920.879795453] [move_group.moveit.moveit.plugins.simple_controller_manager]: robotiq_gripper_controller will command a max effort of: 0
[move_group-11] [INFO] [1775664920.886081630] [move_group.moveit.moveit.plugins.simple_controller_manager]: Added GripperCommand controller for robotiq_gripper_controller
[move_group-11] [INFO] [1775664920.886286796] [move_group.moveit.moveit.plugins.simple_controller_manager]: Returned 2 controllers in list
[move_group-11] [INFO] [1775664920.886325880] [move_group.moveit.moveit.plugins.simple_controller_manager]: Returned 2 controllers in list
[move_group-11] [INFO] [1775664920.887131273] [move_group.moveit.moveit.ros.trajectory_execution_manager]: Trajectory execution is managing controllers
[move_group-11] [INFO] [1775664920.887159103] [move_group]: MoveGroup debug mode is ON
[spawner-9] [INFO] [1775664920.888224811] [spawner_robotiq_gripper_controller]: Configured and activated robotiq_gripper_controller
[move_group-11] [INFO] [1775664920.941962639] [move_group.moveit.moveit.ros.move_group.executable]: 
[move_group-11] 
[move_group-11] ********************************************************
[move_group-11] * MoveGroup using: 
[move_group-11] *     - apply_planning_scene_service
[move_group-11] *     - clear_octomap_service
[move_group-11] *     - get_group_urdf
[move_group-11] *     - load_geometry_from_file
[move_group-11] *     - CartesianPathService
[move_group-11] *     - execute_trajectory_action
[move_group-11] *     - get_planning_scene_service
[move_group-11] *     - kinematics_service
[move_group-11] *     - move_action
[move_group-11] *     - motion_plan_service
[move_group-11] *     - query_planners_service
[move_group-11] *     - state_validation_service
[move_group-11] *     - save_geometry_to_file
[move_group-11] ********************************************************
[move_group-11] 
[move_group-11] [INFO] [1775664920.942037257] [move_group.moveit.moveit.ros.move_group.context]: MoveGroup context using pipeline ompl
[move_group-11] [INFO] [1775664920.942077608] [move_group.moveit.moveit.ros.move_group.context]: MoveGroup context initialization complete
[move_group-11] [96mLoading 'move_group/ApplyPlanningSceneService'...[0m
[move_group-11] [96mLoading 'move_group/ClearOctomapService'...[0m
[move_group-11] [96mLoading 'move_group/GetUrdfService'...[0m
[move_group-11] [96mLoading 'move_group/LoadGeometryFromFileService'...[0m
[move_group-11] [96mLoading 'move_group/MoveGroupCartesianPathService'...[0m
[move_group-11] [96mLoading 'move_group/MoveGroupExecuteTrajectoryAction'...[0m
[move_group-11] [96mLoading 'move_group/MoveGroupGetPlanningSceneService'...[0m
[move_group-11] [96mLoading 'move_group/MoveGroupKinematicsService'...[0m
[move_group-11] [96mLoading 'move_group/MoveGroupMoveAction'...[0m
[move_group-11] [96mLoading 'move_group/MoveGroupPlanService'...[0m
[move_group-11] [96mLoading 'move_group/MoveGroupQueryPlannersService'...[0m
[move_group-11] [96mLoading 'move_group/MoveGroupStateValidationService'...[0m
[move_group-11] [96mLoading 'move_group/SaveGeometryToFileService'...[0m
[move_group-11] 
[move_group-11] [92mYou can start planning now![0m
[move_group-11] 
[INFO] [spawner-9]: process has finished cleanly [pid 16506]
[rviz2-12] [ERROR] [1775664923.214596493] [rviz2_moveit.moveit.ros.motion_planning_frame]: Action server: /recognize_objects not available
[rviz2-12] [INFO] [1775664923.249534145] [rviz2_moveit.moveit.ros.motion_planning_frame]: MoveGroup namespace changed: / -> . Reloading params.
[rviz2-12] [INFO] [1775664923.328480870] [rviz2_moveit.moveit.ros.rdf_loader]: Loaded robot model in 0.0118053 seconds
[rviz2-12] [INFO] [1775664923.328616365] [rviz2_moveit.moveit.core.robot_model]: Loading robot model 'gen3'...
[rviz2-12] [INFO] [1775664923.328646756] [rviz2_moveit.moveit.core.robot_model]: No root/virtual joint specified in SRDF. Assuming fixed joint
[rviz2-12] [INFO] [1775664923.529986178] [rviz2_moveit.moveit.kinematics.kdl_kinematics_plugin]: Joint weights for group 'manipulator': 1 1 1 1 1 1 1
[ros2_control_node-1] [WARN] [1775664923.684804678] [controller_manager]: Overrun might occur, Total time : 10611.220 us (Expected < 8000.000 us) --> Read time : 60.416 us, Update time : 62.055 us, Write time : 10488.749 us
[ros2_control_node-1] [WARN] [1775664923.684869708] [controller_manager]: Overrun detected! The controller manager missed its desired rate of 125 Hz. The loop took 10.717344 ms (missed cycles : 2).
[rviz2-12] [INFO] [1775664923.921051605] [rviz2_moveit.moveit.ros.planning_scene_monitor]: Starting planning scene monitor
[rviz2-12] [INFO] [1775664923.922386909] [rviz2_moveit.moveit.ros.planning_scene_monitor]: Listening to '/monitored_planning_scene'
[rviz2-12] [INFO] [1775664924.219770567] [interactive_marker_display_93884396376400]: Connected on namespace: /rviz_moveit_motion_planning_display/robot_interaction_interactive_marker_topic
[rviz2-12] [INFO] [1775664924.227913686] [rviz2_moveit.moveit.ros.robot_interaction]: No active joints or end effectors found for group 'gripper'. Make sure that kinematics.yaml is loaded in this node's namespace.
[rviz2-12] [INFO] [1775664924.228767994] [rviz2_moveit.moveit.ros.robot_interaction]: No active joints or end effectors found for group 'gripper'. Make sure that kinematics.yaml is loaded in this node's namespace.
[rviz2-12] [INFO] [1775664924.248364744] [rviz2_moveit.moveit.ros.motion_planning_frame]: group gripper
[rviz2-12] [INFO] [1775664924.251553389] [rviz2_moveit.moveit.ros.motion_planning_frame]: Constructing new MoveGroup connection for group 'gripper' in namespace ''
[rviz2-12] [INFO] [1775664924.265253878] [interactive_marker_display_93884396376400]: Sending request for interactive markers
[rviz2-12] [INFO] [1775664924.277737462] [interactive_marker_display_93884396376400]: Service response received for initialization
[rviz2-12] [INFO] [1775664924.320516406] [rviz2_moveit.moveit.ros.move_group_interface]: Ready to take commands for planning group gripper.
[rviz2-12] [INFO] [1775664924.321176985] [rviz2_moveit.moveit.ros.motion_planning_frame]: group gripper
[ros2_control_node-1] [WARN] [1775664928.204868076] [controller_manager]: Overrun might occur, Total time : 26686.006 us (Expected < 8000.000 us) --> Read time : 49.828 us, Update time : 53.717 us, Write time : 26582.461 us
[ros2_control_node-1] [WARN] [1775664928.204991388] [controller_manager]: Overrun detected! The controller manager missed its desired rate of 125 Hz. The loop took 26.838505 ms (missed cycles : 4).
[ros2_control_node-1] [WARN] [1775664933.170606219] [controller_manager]: Overrun might occur, Total time : 8409.932 us (Expected < 8000.000 us) --> Read time : 60.395 us, Update time : 82.728 us, Write time : 8266.809 us
[ros2_control_node-1] [WARN] [1775664933.170680340] [controller_manager]: Overrun detected! The controller manager missed its desired rate of 125 Hz. The loop took 8.527242 ms (missed cycles : 2).
[ros2_control_node-1] [WARN] [1775664936.074929085] [controller_manager]: Overrun might occur, Total time : 8744.893 us (Expected < 8000.000 us) --> Read time : 55.068 us, Update time : 64.670 us, Write time : 8625.155 us
[ros2_control_node-1] [WARN] [1775664936.075003750] [controller_manager]: Overrun detected! The controller manager missed its desired rate of 125 Hz. The loop took 8.850991 ms (missed cycles : 2).
