
===== 2026-04-08T13:32:21-04:00 | T1_arm =====
cwd=/home/carrt-cse-project/workspace/ros2_kortex_ws
cmd=ros2 launch adl_tasks arm_vbox.launch.py robot_ip:=192.168.0.10 use_fake_hardware:=false 

[INFO] [launch]: All log files can be found below /home/carrt-cse-project/.ros/log/2026-04-08-13-32-21-497055-carrt-cse-project-OptiPlex-5050-29640
[INFO] [launch]: Default logging verbosity is set to INFO
[INFO] [launch.user]: [arm_vbox.launch] MoveIt current state source: /joint_states_sanitized. Use use_joint_state_sanitizer:=false for raw-state viewer debugging.
[INFO] [launch.user]: [arm_vbox.launch] Using ADL VBox controller config (share/adl_tasks/config/ros2_controllers_vbox.yaml, update_rate:=125 Hz).
[INFO] [ros2_control_node-1]: process started with pid [29644]
[INFO] [robot_state_publisher-2]: process started with pid [29645]
[INFO] [joint_state_sanitizer-3]: process started with pid [29646]
[INFO] [spawner-4]: process started with pid [29647]
[INFO] [static_transform_publisher-5]: process started with pid [29648]
[INFO] [static_transform_publisher-6]: process started with pid [29649]
[static_transform_publisher-6] [INFO] [1775669541.777325134] [camera_color_optical_bridge_tf_pub]: Spinning until stopped - publishing transform
[static_transform_publisher-6] translation: ('0.000000', '0.000000', '0.000000')
[static_transform_publisher-6] rotation: ('0.000000', '0.000000', '0.000000', '1.000000')
[static_transform_publisher-6] from 'camera_color_frame' to 'wrist_mounted_camera_color_optical_frame'
[robot_state_publisher-2] [INFO] [1775669541.778760590] [robot_state_publisher]: Robot initialized
[static_transform_publisher-5] [INFO] [1775669541.787320957] [static_transform_publisher]: Spinning until stopped - publishing transform
[static_transform_publisher-5] translation: ('0.000000', '0.000000', '0.000000')
[static_transform_publisher-5] rotation: ('0.000000', '0.000000', '0.000000', '1.000000')
[static_transform_publisher-5] from 'world' to 'base_link'
[ros2_control_node-1] [INFO] [1775669541.816200461] [controller_manager]: Using Steady (Monotonic) clock for triggering controller manager cycles.
[ros2_control_node-1] [INFO] [1775669541.830522897] [controller_manager]: Subscribing to '/robot_description' topic for robot description.
[ros2_control_node-1] [INFO] [1775669541.835366296] [controller_manager]: update rate is 125 Hz
[ros2_control_node-1] [INFO] [1775669541.836120881] [controller_manager]: Overruns handling is : enabled
[ros2_control_node-1] [INFO] [1775669541.836587413] [controller_manager]: Spawning controller_manager RT thread with scheduler priority: 50
[ros2_control_node-1] [INFO] [1775669541.837522203] [controller_manager]: Successful set up FIFO RT scheduling policy with priority 50.
[ros2_control_node-1] [INFO] [1775669542.111620323] [controller_manager]: Received robot description from topic.
[ros2_control_node-1] [INFO] [1775669542.111676185] [controller_manager]: Enforcing command limits is disabled. Command limits from URDF will be ignored.
[ros2_control_node-1] [INFO] [1775669542.120963963] [controller_manager]: Loading hardware 'KortexMultiInterfaceHardware' 
[ros2_control_node-1] [INFO] [1775669542.136744528] [KortexMultiInterfaceHardware]: Setting severity threshold to DEBUG
[ros2_control_node-1] [INFO] [1775669542.136794979] [controller_manager]: Loaded hardware 'KortexMultiInterfaceHardware' from plugin 'kortex_driver/KortexMultiInterfaceHardware'
[ros2_control_node-1] [INFO] [1775669542.137317603] [controller_manager]: Initialize hardware 'KortexMultiInterfaceHardware' 
[ros2_control_node-1] [INFO] [1775669542.150538761] [KortexMultiInterfaceHardware]: Configuring Hardware Interface
[ros2_control_node-1] [INFO] [1775669542.150921633] [KortexMultiInterfaceHardware]: Robot ip is '192.168.0.10'
[ros2_control_node-1] [INFO] [1775669542.150933231] [KortexMultiInterfaceHardware]: Username is 'admin'
[ros2_control_node-1] [INFO] [1775669542.150946406] [KortexMultiInterfaceHardware]: Port used '10000'
[ros2_control_node-1] [INFO] [1775669542.150952527] [KortexMultiInterfaceHardware]: Realtime port used '10001'
[ros2_control_node-1] [INFO] [1775669542.150958375] [KortexMultiInterfaceHardware]: Session inactivity timeout is '60000'
[ros2_control_node-1] [INFO] [1775669542.150964645] [KortexMultiInterfaceHardware]: Connection inactivity timeout is '2000'
[ros2_control_node-1] [INFO] [1775669542.150971688] [KortexMultiInterfaceHardware]: Gripper joint name is 'robotiq_85_left_knuckle_joint'
[ros2_control_node-1] [INFO] [1775669542.151002477] [KortexMultiInterfaceHardware]: Connecting to robot at 192.168.0.10
[ros2_control_node-1] [INFO] [1775669542.159769831] [KortexMultiInterfaceHardware]: Creating session for communication
[spawner-4] [INFO] [1775669542.230801087] [spawner_joint_state_broadcaster]: waiting for service /controller_manager/list_controllers to become available...
[joint_state_sanitizer-3] [INFO] [1775669542.279623974] [joint_state_sanitizer_node]: joint_state_sanitizer started. raw=/joint_states -> sanitized=/joint_states_sanitized
[ros2_control_node-1] [INFO] [1775669542.491681618] [KortexMultiInterfaceHardware]: Session created
[ros2_control_node-1] [INFO] [1775669543.270449954] [KortexMultiInterfaceHardware]: Actuator count reported by robot is '7'
[ros2_control_node-1] [INFO] [1775669543.270657513] [KortexMultiInterfaceHardware]: Using internal bus communication for gripper!
[ros2_control_node-1] [INFO] [1775669543.270667555] [KortexMultiInterfaceHardware]: Hardware Interface successfully configured
[ros2_control_node-1] [INFO] [1775669543.270763263] [controller_manager]: Successful initialization of hardware 'KortexMultiInterfaceHardware'
[ros2_control_node-1] [DEBUG] [1775669543.270836317] [KortexMultiInterfaceHardware]: export_state_interfaces for joint: joint_1
[ros2_control_node-1] [DEBUG] [1775669543.270859503] [KortexMultiInterfaceHardware]: export_state_interfaces for joint: joint_2
[ros2_control_node-1] [DEBUG] [1775669543.270863597] [KortexMultiInterfaceHardware]: export_state_interfaces for joint: joint_3
[ros2_control_node-1] [DEBUG] [1775669543.270866412] [KortexMultiInterfaceHardware]: export_state_interfaces for joint: joint_4
[ros2_control_node-1] [DEBUG] [1775669543.270869105] [KortexMultiInterfaceHardware]: export_state_interfaces for joint: joint_5
[ros2_control_node-1] [DEBUG] [1775669543.270871939] [KortexMultiInterfaceHardware]: export_state_interfaces for joint: joint_6
[ros2_control_node-1] [DEBUG] [1775669543.270874373] [KortexMultiInterfaceHardware]: export_state_interfaces for joint: joint_7
[ros2_control_node-1] [DEBUG] [1775669543.270876785] [KortexMultiInterfaceHardware]: export_state_interfaces for joint: robotiq_85_left_knuckle_joint
[ros2_control_node-1] [INFO] [1775669543.272793731] [resource_manager]: 'configure' hardware 'KortexMultiInterfaceHardware' 
[ros2_control_node-1] [INFO] [1775669543.272858736] [resource_manager]: Successful 'configure' of hardware 'KortexMultiInterfaceHardware'
[ros2_control_node-1] [INFO] [1775669543.272933889] [resource_manager]: 'activate' hardware 'KortexMultiInterfaceHardware' 
[ros2_control_node-1] [INFO] [1775669543.272964739] [KortexMultiInterfaceHardware]: Activating KortexMultiInterfaceHardware...
[ros2_control_node-1] [INFO] [1775669543.277671597] [KortexMultiInterfaceHardware]: Gripper initial position is '0.873365'.
[ros2_control_node-1] [INFO] [1775669543.282311543] [KortexMultiInterfaceHardware]: KortexMultiInterfaceHardware successfully activated!
[ros2_control_node-1] [INFO] [1775669543.282351608] [resource_manager]: Successful 'activate' of hardware 'KortexMultiInterfaceHardware'
[ros2_control_node-1] [INFO] [1775669543.282655151] [controller_manager]: Registering statistics for : KortexMultiInterfaceHardware
[ros2_control_node-1] [INFO] [1775669543.282869729] [controller_manager]: Resource Manager has been successfully initialized. Starting Controller Manager services...
[ros2_control_node-1] [WARN] [1775669543.294272957] [controller_manager]: Overrun might occur, Total time : 8621.057 us (Expected < 8000.000 us) --> Read time : 4207.172 us, Update time : 34.220 us, Write time : 4379.665 us
[ros2_control_node-1] [WARN] [1775669543.294346242] [controller_manager]: Overrun detected! The controller manager missed its desired rate of 125 Hz. The loop took 8.726273 ms (missed cycles : 2).
[ros2_control_node-1] [INFO] [1775669543.483893596] [controller_manager]: Loading controller : 'joint_state_broadcaster' of type 'joint_state_broadcaster/JointStateBroadcaster'
[ros2_control_node-1] [INFO] [1775669543.483948594] [controller_manager]: Loading controller 'joint_state_broadcaster'
[ros2_control_node-1] [INFO] [1775669543.492733352] [controller_manager]: Controller 'joint_state_broadcaster' node arguments: --ros-args --params-file /home/carrt-cse-project/workspace/ros2_kortex_ws/install/adl_tasks/share/adl_tasks/config/ros2_controllers_vbox.yaml --params-file /tmp/launch_params_s07cam37 
[spawner-4] [INFO] [1775669543.512116687] [spawner_joint_state_broadcaster]: Loaded joint_state_broadcaster
[ros2_control_node-1] [INFO] [1775669543.513678862] [controller_manager]: Configuring controller: 'joint_state_broadcaster'
[ros2_control_node-1] [INFO] [1775669543.513929592] [joint_state_broadcaster]: 'joints' or 'interfaces' parameter is empty. All available state interfaces will be published
[ros2_control_node-1] [INFO] [1775669543.527944481] [controller_manager]: Activating controllers: [ joint_state_broadcaster ]
[ros2_control_node-1] [INFO] [1775669543.534906387] [controller_manager]: Successfully switched controllers!
[spawner-4] [INFO] [1775669543.544055451] [spawner_joint_state_broadcaster]: Configured and activated joint_state_broadcaster
[INFO] [spawner-4]: process has finished cleanly [pid 29647]
[INFO] [spawner-7]: process started with pid [29780]
[INFO] [spawner-8]: process started with pid [29782]
[INFO] [spawner-9]: process started with pid [29784]
[INFO] [spawner-10]: process started with pid [29786]
[ros2_control_node-1] [WARN] [1775669544.303623454] [controller_manager]: Overrun might occur, Total time : 9964.465 us (Expected < 8000.000 us) --> Read time : 57.976 us, Update time : 116.718 us, Write time : 9789.771 us
[ros2_control_node-1] [WARN] [1775669544.303717304] [controller_manager]: Overrun detected! The controller manager missed its desired rate of 125 Hz. The loop took 10.097601 ms (missed cycles : 2).
[spawner-9] [INFO] [1775669545.050804433] [spawner_robotiq_gripper_controller]: waiting for service /controller_manager/list_controllers to become available...
[ros2_control_node-1] [WARN] [1775669545.309623530] [controller_manager]: Overrun detected! The controller manager missed its desired rate of 125 Hz. The loop took 8.000665 ms (missed cycles : 2).
[ros2_control_node-1] [INFO] [1775669545.563804861] [controller_manager]: Loading controller : 'robotiq_gripper_controller' of type 'position_controllers/GripperActionController'
[ros2_control_node-1] [INFO] [1775669545.563859773] [controller_manager]: Loading controller 'robotiq_gripper_controller'
[ros2_control_node-1] [INFO] [1775669545.573184168] [controller_manager]: Controller 'robotiq_gripper_controller' node arguments: --ros-args --params-file /home/carrt-cse-project/workspace/ros2_kortex_ws/install/adl_tasks/share/adl_tasks/config/ros2_controllers_vbox.yaml --params-file /tmp/launch_params_s07cam37 
[ros2_control_node-1] [WARN] [1775669545.637027238] [robotiq_gripper_controller]: [Deprecated]: the `position_controllers/GripperActionController` and `effort_controllers::GripperActionController` controllers are replaced by 'parallel_gripper_controllers/GripperActionController' controller
[ros2_control_node-1] [WARN] [1775669545.646777536] [controller_manager]: Overrun might occur, Total time : 9125.090 us (Expected < 8000.000 us) --> Read time : 54.066 us, Update time : 96.726 us, Write time : 8974.298 us
[spawner-9] [INFO] [1775669545.661691713] [spawner_robotiq_gripper_controller]: Loaded robotiq_gripper_controller
[ros2_control_node-1] [INFO] [1775669545.669092954] [controller_manager]: Configuring controller: 'robotiq_gripper_controller'
[ros2_control_node-1] [INFO] [1775669545.669235346] [robotiq_gripper_controller]: Action status changes will be monitored at 20.000000 Hz.
[ros2_control_node-1] [INFO] [1775669545.674303464] [controller_manager]: Activating controllers: [ robotiq_gripper_controller ]
[ros2_control_node-1] [INFO] [1775669545.885791563] [controller_manager]: Successfully switched controllers!
[ros2_control_node-1] [WARN] [1775669545.888042208] [controller_manager]: Overrun might occur, Total time : 10380.986 us (Expected < 8000.000 us) --> Read time : 79.988 us, Update time : 7482.572 us (Switch time : 7354.921 us (Switch chained mode time : 1.763 us, perform mode change time : 38.267 us, Activation time : 7305.002 us, Deactivation time : 0.694 us)), Write time : 2818.426 us
[spawner-9] [INFO] [1775669546.162829926] [spawner_robotiq_gripper_controller]: Configured and activated robotiq_gripper_controller
[INFO] [spawner-9]: process has finished cleanly [pid 29784]
[ros2_control_node-1] [WARN] [1775669546.479679685] [controller_manager]: Overrun detected! The controller manager missed its desired rate of 125 Hz. The loop took 10.060217 ms (missed cycles : 2).
[ros2_control_node-1] [WARN] [1775669546.685908504] [controller_manager]: Overrun might occur, Total time : 8245.934 us (Expected < 8000.000 us) --> Read time : 77.068 us, Update time : 139.671 us, Write time : 8029.195 us
[spawner-8] [INFO] [1775669546.811610799] [spawner_twist_controller]: waiting for service /controller_manager/list_controllers to become available...
[ros2_control_node-1] [WARN] [1775669549.021810791] [controller_manager]: Overrun might occur, Total time : 8159.852 us (Expected < 8000.000 us) --> Read time : 60.535 us, Update time : 114.735 us, Write time : 7984.582 us
[ros2_control_node-1] [WARN] [1775669549.021887558] [controller_manager]: Overrun detected! The controller manager missed its desired rate of 125 Hz. The loop took 8.267920 ms (missed cycles : 2).
[ros2_control_node-1] [INFO] [1775669549.375018016] [controller_manager]: Loading controller : 'twist_controller' of type 'picknik_twist_controller/PicknikTwistController'
[ros2_control_node-1] [INFO] [1775669549.375058823] [controller_manager]: Loading controller 'twist_controller'
[ros2_control_node-1] [INFO] [1775669549.378854129] [controller_manager]: Controller 'twist_controller' node arguments: --ros-args --params-file /home/carrt-cse-project/workspace/ros2_kortex_ws/install/adl_tasks/share/adl_tasks/config/ros2_controllers_vbox.yaml --params-file /tmp/launch_params_s07cam37 
[spawner-8] [INFO] [1775669549.431166263] [spawner_twist_controller]: Loaded twist_controller
[ros2_control_node-1] [INFO] [1775669549.435726462] [controller_manager]: Configuring controller: 'twist_controller'
[ros2_control_node-1] [INFO] [1775669549.438391883] [twist_controller]: configure successful
[spawner-10] [INFO] [1775669549.605861221] [spawner_fault_controller]: waiting for service /controller_manager/list_controllers to become available...
[INFO] [spawner-8]: process has finished cleanly [pid 29782]
[ros2_control_node-1] [WARN] [1775669550.087652059] [controller_manager]: Overrun might occur, Total time : 9997.633 us (Expected < 8000.000 us) --> Read time : 64.426 us, Update time : 133.769 us, Write time : 9799.438 us
[ros2_control_node-1] [WARN] [1775669550.087732426] [controller_manager]: Overrun detected! The controller manager missed its desired rate of 125 Hz. The loop took 10.112844 ms (missed cycles : 2).
[ros2_control_node-1] [INFO] [1775669551.953589321] [controller_manager]: Loading controller : 'fault_controller' of type 'picknik_reset_fault_controller/PicknikResetFaultController'
[ros2_control_node-1] [INFO] [1775669551.953654727] [controller_manager]: Loading controller 'fault_controller'
[ros2_control_node-1] [INFO] [1775669551.956928981] [controller_manager]: Controller 'fault_controller' node arguments: --ros-args --params-file /home/carrt-cse-project/workspace/ros2_kortex_ws/install/adl_tasks/share/adl_tasks/config/ros2_controllers_vbox.yaml --params-file /tmp/launch_params_s07cam37 
[spawner-10] [INFO] [1775669551.991948022] [spawner_fault_controller]: Loaded fault_controller
[ros2_control_node-1] [INFO] [1775669551.994760151] [controller_manager]: Configuring controller: 'fault_controller'
[ros2_control_node-1] [INFO] [1775669552.001980587] [controller_manager]: Activating controllers: [ fault_controller ]
[ros2_control_node-1] [INFO] [1775669552.211785151] [controller_manager]: Successfully switched controllers!
[spawner-10] [INFO] [1775669552.216305461] [spawner_fault_controller]: Configured and activated fault_controller
[spawner-7] [INFO] [1775669552.372101764] [spawner_joint_trajectory_controller]: waiting for service /controller_manager/list_controllers to become available...
[INFO] [spawner-10]: process has finished cleanly [pid 29786]
[ros2_control_node-1] [WARN] [1775669554.065411733] [controller_manager]: Overrun might occur, Total time : 19757.709 us (Expected < 8000.000 us) --> Read time : 56.890 us, Update time : 150.403 us, Write time : 19550.416 us
[ros2_control_node-1] [WARN] [1775669554.065495947] [controller_manager]: Overrun detected! The controller manager missed its desired rate of 125 Hz. The loop took 19.875951 ms (missed cycles : 3).
[ros2_control_node-1] [INFO] [1775669554.717099114] [controller_manager]: Loading controller : 'joint_trajectory_controller' of type 'joint_trajectory_controller/JointTrajectoryController'
[ros2_control_node-1] [INFO] [1775669554.717141865] [controller_manager]: Loading controller 'joint_trajectory_controller'
[ros2_control_node-1] [INFO] [1775669554.723655060] [controller_manager]: Controller 'joint_trajectory_controller' node arguments: --ros-args --params-file /home/carrt-cse-project/workspace/ros2_kortex_ws/install/adl_tasks/share/adl_tasks/config/ros2_controllers_vbox.yaml --params-file /tmp/launch_params_s07cam37 
[spawner-7] [INFO] [1775669554.800494120] [spawner_joint_trajectory_controller]: Loaded joint_trajectory_controller
[ros2_control_node-1] [INFO] [1775669554.802947596] [controller_manager]: Configuring controller: 'joint_trajectory_controller'
[ros2_control_node-1] [INFO] [1775669554.806180394] [joint_trajectory_controller]: No specific joint names are used for command interfaces. Using 'joints' parameter.
[ros2_control_node-1] [INFO] [1775669554.806550387] [joint_trajectory_controller]: Command interfaces are [position] and state interfaces are [position velocity].
[ros2_control_node-1] [INFO] [1775669554.806795772] [joint_trajectory_controller]: Using 'splines' interpolation method.
[ros2_control_node-1] [INFO] [1775669554.816986610] [joint_trajectory_controller]: Action status changes will be monitored at 20.00 Hz.
[ros2_control_node-1] [INFO] [1775669554.840941812] [controller_manager]: Activating controllers: [ joint_trajectory_controller ]
[ros2_control_node-1] [INFO] [1775669555.074308764] [controller_manager]: Successfully switched controllers!
[ros2_control_node-1] [WARN] [1775669555.077293359] [controller_manager]: Overrun might occur, Total time : 31647.596 us (Expected < 8000.000 us) --> Read time : 47.062 us, Update time : 28586.973 us (Switch time : 28467.457 us (Switch chained mode time : 3.838 us, perform mode change time : 27660.065 us, Activation time : 797.150 us, Deactivation time : 1.059 us)), Write time : 3013.561 us
[ros2_control_node-1] [WARN] [1775669555.077399507] [controller_manager]: Overrun detected! The controller manager missed its desired rate of 125 Hz. The loop took 31.779639 ms (missed cycles : 4).
[spawner-7] [INFO] [1775669555.080116142] [spawner_joint_trajectory_controller]: Configured and activated joint_trajectory_controller
[INFO] [spawner-7]: process has finished cleanly [pid 29780]
[ros2_control_node-1] [WARN] [1775669555.950013522] [controller_manager]: Overrun might occur, Total time : 8360.855 us (Expected < 8000.000 us) --> Read time : 59.169 us, Update time : 265.807 us, Write time : 8035.879 us
[ros2_control_node-1] [WARN] [1775669556.416496189] [controller_manager]: Overrun detected! The controller manager missed its desired rate of 125 Hz. The loop took 10.876208 ms (missed cycles : 2).
[INFO] [move_group-11]: process started with pid [30073]
[INFO] [rviz2-12]: process started with pid [30074]
[move_group-11] [INFO] [1775669556.674430710] [move_group.moveit.moveit.ros.rdf_loader]: Loaded robot model in 0.00962642 seconds
[move_group-11] [INFO] [1775669556.674660979] [move_group.moveit.moveit.core.robot_model]: Loading robot model 'gen3'...
[move_group-11] [INFO] [1775669556.674685675] [move_group.moveit.moveit.core.robot_model]: No root/virtual joint specified in SRDF. Assuming fixed joint
[move_group-11] [INFO] [1775669556.834888775] [move_group.moveit.moveit.kinematics.kdl_kinematics_plugin]: Joint weights for group 'manipulator': 1 1 1 1 1 1 1
[rviz2-12] [INFO] [1775669557.054443618] [rviz2]: Stereo is NOT SUPPORTED
[rviz2-12] [INFO] [1775669557.054539182] [rviz2]: OpenGl version: 4.6 (GLSL 4.6)
[rviz2-12] [INFO] [1775669557.089939053] [rviz2]: Stereo is NOT SUPPORTED
[ros2_control_node-1] [WARN] [1775669557.174968352] [controller_manager]: Overrun might occur, Total time : 9319.451 us (Expected < 8000.000 us) --> Read time : 46.664 us, Update time : 259.199 us, Write time : 9013.588 us
[move_group-11] [INFO] [1775669557.228115483] [move_group.moveit.moveit.ros.planning_scene_monitor]: Publishing maintained planning scene on 'monitored_planning_scene'
[move_group-11] [INFO] [1775669557.228298518] [move_group.moveit.moveit.ros.moveit_cpp]: Listening to 'joint_states' for joint states
[move_group-11] [INFO] [1775669557.229536407] [move_group.moveit.moveit.ros.current_state_monitor]: Listening to joint states on topic 'joint_states'
[move_group-11] [INFO] [1775669557.230634291] [move_group.moveit.moveit.ros.planning_scene_monitor]: Listening to '/attached_collision_object' for attached collision objects
[move_group-11] [INFO] [1775669557.230668862] [move_group.moveit.moveit.ros.planning_scene_monitor]: Stopping existing planning scene publisher.
[move_group-11] [INFO] [1775669557.230844826] [move_group.moveit.moveit.ros.planning_scene_monitor]: Stopped publishing maintained planning scene.
[move_group-11] [INFO] [1775669557.231741809] [move_group.moveit.moveit.ros.planning_scene_monitor]: Publishing maintained planning scene on 'monitored_planning_scene'
[move_group-11] [INFO] [1775669557.231836788] [move_group.moveit.moveit.ros.planning_scene_monitor]: Starting planning scene monitor
[move_group-11] [INFO] [1775669557.232562037] [move_group.moveit.moveit.ros.planning_scene_monitor]: Listening to '/planning_scene'
[move_group-11] [INFO] [1775669557.232602304] [move_group.moveit.moveit.ros.planning_scene_monitor]: Starting world geometry update monitor for collision objects, attached objects, octomap updates.
[move_group-11] [INFO] [1775669557.233051218] [move_group.moveit.moveit.ros.planning_scene_monitor]: Listening to 'collision_object'
[move_group-11] [INFO] [1775669557.234492424] [move_group.moveit.moveit.ros.planning_scene_monitor]: Listening to 'planning_scene_world' for planning scene world geometry
[move_group-11] [WARN] [1775669557.235579213] [move_group.moveit.moveit.ros.occupancy_map_monitor]: Resolution not specified for Octomap. Assuming resolution = 0.1 instead
[move_group-11] [ERROR] [1775669557.235629343] [move_group.moveit.moveit.ros.occupancy_map_monitor]: No 3D sensor plugin(s) defined for octomap updates
[rviz2-12] Warning: class_loader.impl: SEVERE WARNING!!! A namespace collision has occurred with plugin factory for class rviz_default_plugins::displays::InteractiveMarkerDisplay. New factory will OVERWRITE existing one. This situation occurs when libraries containing plugins are directly linked against an executable (the one running right now generating this message). Please separate plugins out into their own library or just don't link against the library and use either class_loader::ClassLoader/MultiLibraryClassLoader to open.
[rviz2-12]          at line 321 in /opt/ros/jazzy/include/class_loader/class_loader/class_loader_core.hpp
[rviz2-12] [WARN] [1775669557.251395806] [rcl.logging_rosout]: Publisher already registered for node name: 'rviz2_moveit'. If this is due to multiple nodes with the same name then all logs for the logger named 'rviz2_moveit' will go out over the existing publisher. As soon as any node with that name is destructed it will unregister the publisher, preventing any further logs for that name from being published on the rosout topic.
[ros2_control_node-1] [WARN] [1775669557.660091594] [controller_manager]: Overrun detected! The controller manager missed its desired rate of 125 Hz. The loop took 14.471637 ms (missed cycles : 2).
[move_group-11] [INFO] [1775669557.696713623] [move_group.moveit.moveit.ros.planning_pipeline]: Successfully loaded planner 'OMPL'
[move_group-11] [INFO] [1775669557.710337612] [move_group]: Try loading adapter 'default_planning_request_adapters/ResolveConstraintFrames'
[move_group-11] [INFO] [1775669557.712211938] [move_group]: Loaded adapter 'default_planning_request_adapters/ResolveConstraintFrames'
[move_group-11] [INFO] [1775669557.712250623] [move_group]: Try loading adapter 'default_planning_request_adapters/ValidateWorkspaceBounds'
[move_group-11] [INFO] [1775669557.714109451] [move_group]: Loaded adapter 'default_planning_request_adapters/ValidateWorkspaceBounds'
[move_group-11] [INFO] [1775669557.714137506] [move_group]: Try loading adapter 'default_planning_request_adapters/CheckStartStateBounds'
[move_group-11] [INFO] [1775669557.714182773] [move_group]: Loaded adapter 'default_planning_request_adapters/CheckStartStateBounds'
[move_group-11] [INFO] [1775669557.714192861] [move_group]: Try loading adapter 'default_planning_request_adapters/CheckStartStateCollision'
[move_group-11] [INFO] [1775669557.714212018] [move_group]: Loaded adapter 'default_planning_request_adapters/CheckStartStateCollision'
[move_group-11] [INFO] [1775669557.725146201] [move_group]: Try loading adapter 'default_planning_response_adapters/AddTimeOptimalParameterization'
[move_group-11] [INFO] [1775669557.732657100] [move_group]: Loaded adapter 'default_planning_response_adapters/AddTimeOptimalParameterization'
[move_group-11] [INFO] [1775669557.732685289] [move_group]: Try loading adapter 'default_planning_response_adapters/ValidateSolution'
[move_group-11] [INFO] [1775669557.737153581] [move_group]: Loaded adapter 'default_planning_response_adapters/ValidateSolution'
[move_group-11] [INFO] [1775669557.737190509] [move_group]: Try loading adapter 'default_planning_response_adapters/DisplayMotionPath'
[move_group-11] [INFO] [1775669557.738984728] [move_group]: Loaded adapter 'default_planning_response_adapters/DisplayMotionPath'
[move_group-11] [INFO] [1775669558.243316022] [move_group.moveit.moveit.plugins.simple_controller_manager]: Added FollowJointTrajectory controller for joint_trajectory_controller
[move_group-11] [INFO] [1775669558.243391067] [move_group.moveit.moveit.plugins.simple_controller_manager]: robotiq_gripper_controller will command a max effort of: 0
[move_group-11] [INFO] [1775669558.255649875] [move_group.moveit.moveit.plugins.simple_controller_manager]: Added GripperCommand controller for robotiq_gripper_controller
[move_group-11] [INFO] [1775669558.255908933] [move_group.moveit.moveit.plugins.simple_controller_manager]: Returned 2 controllers in list
[move_group-11] [INFO] [1775669558.255952297] [move_group.moveit.moveit.plugins.simple_controller_manager]: Returned 2 controllers in list
[move_group-11] [INFO] [1775669558.257990022] [move_group.moveit.moveit.ros.trajectory_execution_manager]: Trajectory execution is managing controllers
[move_group-11] [INFO] [1775669558.258032812] [move_group]: MoveGroup debug mode is ON
[move_group-11] [INFO] [1775669558.310079728] [move_group.moveit.moveit.ros.move_group.executable]: 
[move_group-11] 
[move_group-11] ********************************************************
[move_group-11] * MoveGroup using: 
[move_group-11] *     - apply_planning_scene_service
[move_group-11] *     - clear_octomap_service
[move_group-11] *     - get_group_urdf
[move_group-11] *     - load_geometry_from_file
[move_group-11] *     - CartesianPathService
[move_group-11] *     - execute_trajectory_action
[move_group-11] *     - get_planning_scene_service
[move_group-11] *     - kinematics_service
[move_group-11] *     - move_action
[move_group-11] *     - motion_plan_service
[move_group-11] *     - query_planners_service
[move_group-11] *     - state_validation_service
[move_group-11] *     - save_geometry_to_file
[move_group-11] ********************************************************
[move_group-11] 
[move_group-11] [INFO] [1775669558.310163902] [move_group.moveit.moveit.ros.move_group.context]: MoveGroup context using pipeline ompl
[move_group-11] [INFO] [1775669558.310185443] [move_group.moveit.moveit.ros.move_group.context]: MoveGroup context initialization complete
[move_group-11] [96mLoading 'move_group/ApplyPlanningSceneService'...[0m
[move_group-11] [96mLoading 'move_group/ClearOctomapService'...[0m
[move_group-11] [96mLoading 'move_group/GetUrdfService'...[0m
[move_group-11] [96mLoading 'move_group/LoadGeometryFromFileService'...[0m
[move_group-11] [96mLoading 'move_group/MoveGroupCartesianPathService'...[0m
[move_group-11] [96mLoading 'move_group/MoveGroupExecuteTrajectoryAction'...[0m
[move_group-11] [96mLoading 'move_group/MoveGroupGetPlanningSceneService'...[0m
[move_group-11] [96mLoading 'move_group/MoveGroupKinematicsService'...[0m
[move_group-11] [96mLoading 'move_group/MoveGroupMoveAction'...[0m
[move_group-11] [96mLoading 'move_group/MoveGroupPlanService'...[0m
[move_group-11] [96mLoading 'move_group/MoveGroupQueryPlannersService'...[0m
[move_group-11] [96mLoading 'move_group/MoveGroupStateValidationService'...[0m
[move_group-11] [96mLoading 'move_group/SaveGeometryToFileService'...[0m
[move_group-11] 
[move_group-11] [92mYou can start planning now![0m
[move_group-11] 
[ros2_control_node-1] [INFO] [1775669558.782174148] [controller_manager]: Received robot description from topic.
[ros2_control_node-1] [WARN] [1775669558.782214658] [controller_manager]: ResourceManager has already loaded a urdf. Ignoring attempt to reload a robot description.
[ros2_control_node-1] [WARN] [1775669559.750443705] [controller_manager]: Overrun might occur, Total time : 8790.404 us (Expected < 8000.000 us) --> Read time : 55.785 us, Update time : 240.685 us, Write time : 8493.934 us
[ros2_control_node-1] [WARN] [1775669559.750525519] [controller_manager]: Overrun detected! The controller manager missed its desired rate of 125 Hz. The loop took 8.905700 ms (missed cycles : 2).
[rviz2-12] [ERROR] [1775669560.304668408] [rviz2_moveit.moveit.ros.motion_planning_frame]: Action server: /recognize_objects not available
[rviz2-12] [INFO] [1775669560.345746534] [rviz2_moveit.moveit.ros.motion_planning_frame]: MoveGroup namespace changed: / -> . Reloading params.
[rviz2-12] [INFO] [1775669560.492161991] [rviz2_moveit.moveit.ros.rdf_loader]: Loaded robot model in 0.050555 seconds
[rviz2-12] [INFO] [1775669560.492265037] [rviz2_moveit.moveit.core.robot_model]: Loading robot model 'gen3'...
[rviz2-12] [INFO] [1775669560.492296839] [rviz2_moveit.moveit.core.robot_model]: No root/virtual joint specified in SRDF. Assuming fixed joint
[rviz2-12] [INFO] [1775669560.719196610] [rviz2_moveit.moveit.kinematics.kdl_kinematics_plugin]: Joint weights for group 'manipulator': 1 1 1 1 1 1 1
[rviz2-12] [INFO] [1775669561.157292260] [rviz2_moveit.moveit.ros.planning_scene_monitor]: Starting planning scene monitor
[rviz2-12] [INFO] [1775669561.159074644] [rviz2_moveit.moveit.ros.planning_scene_monitor]: Listening to '/monitored_planning_scene'
[rviz2-12] [INFO] [1775669561.488039163] [interactive_marker_display_96396126280720]: Connected on namespace: /rviz_moveit_motion_planning_display/robot_interaction_interactive_marker_topic
[rviz2-12] [INFO] [1775669561.497160845] [rviz2_moveit.moveit.ros.robot_interaction]: No active joints or end effectors found for group 'gripper'. Make sure that kinematics.yaml is loaded in this node's namespace.
[rviz2-12] [INFO] [1775669561.499306980] [rviz2_moveit.moveit.ros.robot_interaction]: No active joints or end effectors found for group 'gripper'. Make sure that kinematics.yaml is loaded in this node's namespace.
[rviz2-12] [INFO] [1775669561.533028550] [interactive_marker_display_96396126280720]: Sending request for interactive markers
[rviz2-12] [INFO] [1775669561.567894507] [interactive_marker_display_96396126280720]: Service response received for initialization
[rviz2-12] [INFO] [1775669561.601441342] [rviz2_moveit.moveit.ros.motion_planning_frame]: group gripper
[rviz2-12] [INFO] [1775669561.601524632] [rviz2_moveit.moveit.ros.motion_planning_frame]: Constructing new MoveGroup connection for group 'gripper' in namespace ''
[rviz2-12] [INFO] [1775669561.650380070] [rviz2_moveit.moveit.ros.move_group_interface]: Ready to take commands for planning group gripper.
[rviz2-12] [INFO] [1775669561.654929656] [rviz2_moveit.moveit.ros.motion_planning_frame]: group gripper
[ros2_control_node-1] [WARN] [1775669561.752516587] [controller_manager]: Overrun might occur, Total time : 10859.114 us (Expected < 8000.000 us) --> Read time : 80.252 us, Update time : 308.888 us, Write time : 10469.974 us
[ros2_control_node-1] [WARN] [1775669561.752610502] [controller_manager]: Overrun detected! The controller manager missed its desired rate of 125 Hz. The loop took 10.990383 ms (missed cycles : 2).
[ros2_control_node-1] [WARN] [1775669563.189623570] [controller_manager]: Overrun detected! The controller manager missed its desired rate of 125 Hz. The loop took 8.001897 ms (missed cycles : 2).
[ros2_control_node-1] [WARN] [1775669565.760200905] [controller_manager]: Overrun might occur, Total time : 10539.464 us (Expected < 8000.000 us) --> Read time : 81.639 us, Update time : 302.257 us, Write time : 10155.568 us
[ros2_control_node-1] [WARN] [1775669565.760278496] [controller_manager]: Overrun detected! The controller manager missed its desired rate of 125 Hz. The loop took 10.658635 ms (missed cycles : 2).
[ros2_control_node-1] [WARN] [1775669567.230327159] [controller_manager]: Overrun might occur, Total time : 8675.987 us (Expected < 8000.000 us) --> Read time : 57.345 us, Update time : 242.201 us, Write time : 8376.441 us
[ros2_control_node-1] [WARN] [1775669567.230395831] [controller_manager]: Overrun detected! The controller manager missed its desired rate of 125 Hz. The loop took 8.775885 ms (missed cycles : 2).
[ros2_control_node-1] [WARN] [1775669575.087602331] [controller_manager]: Overrun might occur, Total time : 9923.126 us (Expected < 8000.000 us) --> Read time : 51.437 us, Update time : 265.057 us, Write time : 9606.632 us
[ros2_control_node-1] [WARN] [1775669575.087698710] [controller_manager]: Overrun detected! The controller manager missed its desired rate of 125 Hz. The loop took 10.079289 ms (missed cycles : 2).
[ros2_control_node-1] [WARN] [1775669578.854036326] [controller_manager]: Overrun might occur, Total time : 16368.691 us (Expected < 8000.000 us) --> Read time : 51.490 us, Update time : 227.580 us, Write time : 16089.621 us
[ros2_control_node-1] [WARN] [1775669578.854139979] [controller_manager]: Overrun detected! The controller manager missed its desired rate of 125 Hz. The loop took 16.520114 ms (missed cycles : 3).
[ros2_control_node-1] [WARN] [1775669583.565630739] [controller_manager]: Overrun detected! The controller manager missed its desired rate of 125 Hz. The loop took 8.008157 ms (missed cycles : 2).
[ros2_control_node-1] [WARN] [1775669585.767108980] [controller_manager]: Overrun might occur, Total time : 9456.797 us (Expected < 8000.000 us) --> Read time : 54.359 us, Update time : 254.667 us, Write time : 9147.771 us
[ros2_control_node-1] [WARN] [1775669585.767203671] [controller_manager]: Overrun detected! The controller manager missed its desired rate of 125 Hz. The loop took 9.583194 ms (missed cycles : 2).
[ros2_control_node-1] [WARN] [1775669588.430332223] [controller_manager]: Overrun might occur, Total time : 8674.183 us (Expected < 8000.000 us) --> Read time : 63.104 us, Update time : 267.228 us, Write time : 8343.851 us
[ros2_control_node-1] [WARN] [1775669588.430417188] [controller_manager]: Overrun detected! The controller manager missed its desired rate of 125 Hz. The loop took 8.797704 ms (missed cycles : 2).
[ros2_control_node-1] [WARN] [1775669591.125881434] [controller_manager]: Overrun might occur, Total time : 8227.207 us (Expected < 8000.000 us) --> Read time : 53.212 us, Update time : 242.581 us, Write time : 7931.414 us
[ros2_control_node-1] [WARN] [1775669591.125962990] [controller_manager]: Overrun detected! The controller manager missed its desired rate of 125 Hz. The loop took 8.343256 ms (missed cycles : 2).
[ros2_control_node-1] [WARN] [1775669592.151204222] [controller_manager]: Overrun might occur, Total time : 9553.244 us (Expected < 8000.000 us) --> Read time : 54.295 us, Update time : 220.224 us, Write time : 9278.725 us
[ros2_control_node-1] [WARN] [1775669592.151283218] [controller_manager]: Overrun detected! The controller manager missed its desired rate of 125 Hz. The loop took 9.663602 ms (missed cycles : 2).
[ros2_control_node-1] [WARN] [1775669594.821639738] [controller_manager]: Overrun detected! The controller manager missed its desired rate of 125 Hz. The loop took 8.017772 ms (missed cycles : 2).
[ros2_control_node-1] [WARN] [1775669594.854618690] [controller_manager]: Overrun might occur, Total time : 8973.786 us (Expected < 8000.000 us) --> Read time : 40.652 us, Update time : 237.071 us, Write time : 8696.063 us
[ros2_control_node-1] [WARN] [1775669596.214678129] [controller_manager]: Overrun might occur, Total time : 9025.349 us (Expected < 8000.000 us) --> Read time : 55.822 us, Update time : 225.896 us, Write time : 8743.631 us
[ros2_control_node-1] [WARN] [1775669596.214766706] [controller_manager]: Overrun detected! The controller manager missed its desired rate of 125 Hz. The loop took 9.146271 ms (missed cycles : 2).
[ros2_control_node-1] [WARN] [1775669597.437645476] [controller_manager]: Overrun detected! The controller manager missed its desired rate of 125 Hz. The loop took 8.023259 ms (missed cycles : 2).
[ros2_control_node-1] [WARN] [1775669597.637663837] [controller_manager]: Overrun might occur, Total time : 8009.046 us (Expected < 8000.000 us) --> Read time : 76.522 us, Update time : 303.187 us, Write time : 7629.337 us
[ros2_control_node-1] [WARN] [1775669598.725647658] [controller_manager]: Overrun detected! The controller manager missed its desired rate of 125 Hz. The loop took 8.025356 ms (missed cycles : 2).
[ros2_control_node-1] [WARN] [1775669599.045770499] [controller_manager]: Overrun might occur, Total time : 8117.212 us (Expected < 8000.000 us) --> Read time : 57.031 us, Update time : 265.746 us, Write time : 7794.435 us
[ros2_control_node-1] [WARN] [1775669600.086602010] [controller_manager]: Overrun might occur, Total time : 8948.130 us (Expected < 8000.000 us) --> Read time : 61.606 us, Update time : 259.946 us, Write time : 8626.578 us
[ros2_control_node-1] [WARN] [1775669600.086673108] [controller_manager]: Overrun detected! The controller manager missed its desired rate of 125 Hz. The loop took 9.053565 ms (missed cycles : 2).
[ros2_control_node-1] [WARN] [1775669602.207450986] [controller_manager]: Overrun might occur, Total time : 9792.722 us (Expected < 8000.000 us) --> Read time : 60.028 us, Update time : 268.141 us, Write time : 9464.553 us
[ros2_control_node-1] [WARN] [1775669602.207536489] [controller_manager]: Overrun detected! The controller manager missed its desired rate of 125 Hz. The loop took 9.916695 ms (missed cycles : 2).
[ros2_control_node-1] [WARN] [1775669610.672640086] [controller_manager]: Overrun might occur, Total time : 10983.307 us (Expected < 8000.000 us) --> Read time : 57.838 us, Update time : 254.888 us, Write time : 10670.581 us
[ros2_control_node-1] [WARN] [1775669610.672724044] [controller_manager]: Overrun detected! The controller manager missed its desired rate of 125 Hz. The loop took 11.104058 ms (missed cycles : 2).
[ros2_control_node-1] [WARN] [1775669612.949998752] [controller_manager]: Overrun might occur, Total time : 8336.996 us (Expected < 8000.000 us) --> Read time : 59.574 us, Update time : 249.494 us, Write time : 8027.928 us
[ros2_control_node-1] [WARN] [1775669612.950074986] [controller_manager]: Overrun detected! The controller manager missed its desired rate of 125 Hz. The loop took 8.455184 ms (missed cycles : 2).
[ros2_control_node-1] [WARN] [1775669614.860153002] [controller_manager]: Overrun might occur, Total time : 22497.322 us (Expected < 8000.000 us) --> Read time : 54.499 us, Update time : 265.581 us, Write time : 22177.242 us
[ros2_control_node-1] [WARN] [1775669614.860240929] [controller_manager]: Overrun detected! The controller manager missed its desired rate of 125 Hz. The loop took 22.620856 ms (missed cycles : 3).
[ros2_control_node-1] [WARN] [1775669620.189660422] [controller_manager]: Overrun detected! The controller manager missed its desired rate of 125 Hz. The loop took 8.037794 ms (missed cycles : 2).
[ros2_control_node-1] [WARN] [1775669621.107604875] [controller_manager]: Overrun might occur, Total time : 13956.266 us (Expected < 8000.000 us) --> Read time : 41.065 us, Update time : 257.745 us, Write time : 13657.456 us
[ros2_control_node-1] [WARN] [1775669626.633825020] [controller_manager]: Overrun might occur, Total time : 12173.631 us (Expected < 8000.000 us) --> Read time : 56.962 us, Update time : 225.606 us, Write time : 11891.063 us
[ros2_control_node-1] [WARN] [1775669626.633901671] [controller_manager]: Overrun detected! The controller manager missed its desired rate of 125 Hz. The loop took 12.281876 ms (missed cycles : 2).
[ros2_control_node-1] [WARN] [1775669628.121553864] [controller_manager]: Overrun might occur, Total time : 11905.067 us (Expected < 8000.000 us) --> Read time : 52.927 us, Update time : 268.262 us, Write time : 11583.878 us
[ros2_control_node-1] [WARN] [1775669628.121637316] [controller_manager]: Overrun detected! The controller manager missed its desired rate of 125 Hz. The loop took 12.017432 ms (missed cycles : 2).
[ros2_control_node-1] [WARN] [1775669629.231436318] [controller_manager]: Overrun might occur, Total time : 9767.439 us (Expected < 8000.000 us) --> Read time : 64.049 us, Update time : 296.653 us, Write time : 9406.737 us
[ros2_control_node-1] [WARN] [1775669629.231536538] [controller_manager]: Overrun detected! The controller manager missed its desired rate of 125 Hz. The loop took 9.916067 ms (missed cycles : 2).
[ros2_control_node-1] [WARN] [1775669631.197636380] [controller_manager]: Overrun detected! The controller manager missed its desired rate of 125 Hz. The loop took 8.014952 ms (missed cycles : 2).
[ros2_control_node-1] [WARN] [1775669632.217603162] [controller_manager]: Overrun might occur, Total time : 11948.193 us (Expected < 8000.000 us) --> Read time : 57.060 us, Update time : 238.714 us, Write time : 11652.419 us
[ros2_control_node-1] [WARN] [1775669632.217682027] [controller_manager]: Overrun detected! The controller manager missed its desired rate of 125 Hz. The loop took 12.062554 ms (missed cycles : 2).
[ros2_control_node-1] [WARN] [1775669634.806965991] [controller_manager]: Overrun might occur, Total time : 9307.970 us (Expected < 8000.000 us) --> Read time : 61.754 us, Update time : 272.010 us, Write time : 8974.206 us
[ros2_control_node-1] [WARN] [1775669634.807045906] [controller_manager]: Overrun detected! The controller manager missed its desired rate of 125 Hz. The loop took 9.426058 ms (missed cycles : 2).
[ros2_control_node-1] [WARN] [1775669638.859995841] [controller_manager]: Overrun might occur, Total time : 22349.839 us (Expected < 8000.000 us) --> Read time : 44.097 us, Update time : 268.196 us, Write time : 22037.546 us
[ros2_control_node-1] [WARN] [1775669638.860058989] [controller_manager]: Overrun detected! The controller manager missed its desired rate of 125 Hz. The loop took 22.439677 ms (missed cycles : 3).
[ros2_control_node-1] [WARN] [1775669642.198631896] [controller_manager]: Overrun might occur, Total time : 8975.235 us (Expected < 8000.000 us) --> Read time : 53.833 us, Update time : 238.281 us, Write time : 8683.121 us
[ros2_control_node-1] [WARN] [1775669642.198753573] [controller_manager]: Overrun detected! The controller manager missed its desired rate of 125 Hz. The loop took 9.133411 ms (missed cycles : 2).
[ros2_control_node-1] [WARN] [1775669643.773729593] [controller_manager]: Overrun might occur, Total time : 8067.464 us (Expected < 8000.000 us) --> Read time : 75.547 us, Update time : 331.372 us, Write time : 7660.545 us
[ros2_control_node-1] [WARN] [1775669643.773790316] [controller_manager]: Overrun detected! The controller manager missed its desired rate of 125 Hz. The loop took 8.170941 ms (missed cycles : 2).
[ros2_control_node-1] [WARN] [1775669644.776474269] [controller_manager]: Overrun might occur, Total time : 10820.297 us (Expected < 8000.000 us) --> Read time : 55.667 us, Update time : 238.971 us, Write time : 10525.659 us
[ros2_control_node-1] [WARN] [1775669644.776565941] [controller_manager]: Overrun detected! The controller manager missed its desired rate of 125 Hz. The loop took 10.946266 ms (missed cycles : 2).
[ros2_control_node-1] [WARN] [1775669650.989642763] [controller_manager]: Overrun detected! The controller manager missed its desired rate of 125 Hz. The loop took 8.018322 ms (missed cycles : 2).
[ros2_control_node-1] [WARN] [1775669651.047600059] [controller_manager]: Overrun might occur, Total time : 9937.692 us (Expected < 8000.000 us) --> Read time : 64.845 us, Update time : 306.735 us, Write time : 9566.112 us
[ros2_control_node-1] [WARN] [1775669653.206625937] [controller_manager]: Overrun might occur, Total time : 8975.295 us (Expected < 8000.000 us) --> Read time : 52.873 us, Update time : 227.177 us, Write time : 8695.245 us
[ros2_control_node-1] [WARN] [1775669653.206712380] [controller_manager]: Overrun detected! The controller manager missed its desired rate of 125 Hz. The loop took 9.092227 ms (missed cycles : 2).
[ros2_control_node-1] [WARN] [1775669655.085664699] [controller_manager]: Overrun detected! The controller manager missed its desired rate of 125 Hz. The loop took 8.041822 ms (missed cycles : 2).
[ros2_control_node-1] [WARN] [1775669655.261895007] [controller_manager]: Overrun might occur, Total time : 8237.630 us (Expected < 8000.000 us) --> Read time : 72.447 us, Update time : 268.336 us, Write time : 7896.847 us
[ros2_control_node-1] [WARN] [1775669657.607672435] [controller_manager]: Overrun might occur, Total time : 9992.651 us (Expected < 8000.000 us) --> Read time : 82.099 us, Update time : 372.916 us, Write time : 9537.636 us
[ros2_control_node-1] [WARN] [1775669657.607774165] [controller_manager]: Overrun detected! The controller manager missed its desired rate of 125 Hz. The loop took 10.153728 ms (missed cycles : 2).
[ros2_control_node-1] [WARN] [1775669658.829779287] [controller_manager]: Overrun might occur, Total time : 8092.503 us (Expected < 8000.000 us) --> Read time : 87.404 us, Update time : 328.768 us, Write time : 7676.331 us
[ros2_control_node-1] [WARN] [1775669658.829871848] [controller_manager]: Overrun detected! The controller manager missed its desired rate of 125 Hz. The loop took 8.251766 ms (missed cycles : 2).
[ros2_control_node-1] [WARN] [1775669659.967500358] [controller_manager]: Overrun might occur, Total time : 9840.229 us (Expected < 8000.000 us) --> Read time : 67.382 us, Update time : 263.998 us, Write time : 9508.849 us
[ros2_control_node-1] [WARN] [1775669659.967591795] [controller_manager]: Overrun detected! The controller manager missed its desired rate of 125 Hz. The loop took 9.971689 ms (missed cycles : 2).
[ros2_control_node-1] [WARN] [1775669661.016859532] [controller_manager]: Overrun might occur, Total time : 11208.015 us (Expected < 8000.000 us) --> Read time : 55.627 us, Update time : 236.089 us, Write time : 10916.299 us
[ros2_control_node-1] [WARN] [1775669661.016951554] [controller_manager]: Overrun detected! The controller manager missed its desired rate of 125 Hz. The loop took 11.331765 ms (missed cycles : 2).
[ros2_control_node-1] [ERROR] [1775669666.832133128] [KortexMultiInterfaceHardware]: Runtime error: timeout detected: BaseCyclicClient::Refresh
[ros2_control_node-1] 
[ros2_control_node-1] [WARN] [1775669666.832230981] [controller_manager]: Overrun might occur, Total time : 3002578.730 us (Expected < 8000.000 us) --> Read time : 59.019 us, Update time : 278.736 us, Write time : 3002240.975 us
[ros2_control_node-1] [WARN] [1775669666.832289685] [controller_manager]: Overrun detected! The controller manager missed its desired rate of 125 Hz. The loop took 3002.670354 ms (missed cycles : 376).
[ros2_control_node-1] [WARN] [1775669670.087518348] [controller_manager]: Overrun might occur, Total time : 9861.990 us (Expected < 8000.000 us) --> Read time : 59.196 us, Update time : 258.922 us, Write time : 9543.872 us
[ros2_control_node-1] [WARN] [1775669670.087613461] [controller_manager]: Overrun detected! The controller manager missed its desired rate of 125 Hz. The loop took 9.980893 ms (missed cycles : 2).
[ros2_control_node-1] [WARN] [1775669672.805791784] [controller_manager]: Overrun might occur, Total time : 8142.497 us (Expected < 8000.000 us) --> Read time : 50.855 us, Update time : 227.785 us, Write time : 7863.857 us
[ros2_control_node-1] [WARN] [1775669672.805858712] [controller_manager]: Overrun detected! The controller manager missed its desired rate of 125 Hz. The loop took 8.238895 ms (missed cycles : 2).
[ros2_control_node-1] [WARN] [1775669674.077999481] [controller_manager]: Overrun might occur, Total time : 24345.575 us (Expected < 8000.000 us) --> Read time : 75.131 us, Update time : 312.472 us, Write time : 23957.972 us
[ros2_control_node-1] [WARN] [1775669674.078078304] [controller_manager]: Overrun detected! The controller manager missed its desired rate of 125 Hz. The loop took 24.458155 ms (missed cycles : 4).
[ros2_control_node-1] [WARN] [1775669677.622612065] [controller_manager]: Overrun might occur, Total time : 8965.619 us (Expected < 8000.000 us) --> Read time : 43.207 us, Update time : 253.634 us, Write time : 8668.778 us
[ros2_control_node-1] [WARN] [1775669677.622693436] [controller_manager]: Overrun detected! The controller manager missed its desired rate of 125 Hz. The loop took 9.073399 ms (missed cycles : 2).
[ros2_control_node-1] [WARN] [1775669679.469195371] [controller_manager]: Overrun might occur, Total time : 15542.100 us (Expected < 8000.000 us) --> Read time : 66.210 us, Update time : 273.314 us, Write time : 15202.576 us
[ros2_control_node-1] [WARN] [1775669679.469281396] [controller_manager]: Overrun detected! The controller manager missed its desired rate of 125 Hz. The loop took 15.661316 ms (missed cycles : 2).
[ros2_control_node-1] [WARN] [1775669680.888192294] [controller_manager]: Overrun might occur, Total time : 10540.217 us (Expected < 8000.000 us) --> Read time : 56.167 us, Update time : 232.548 us, Write time : 10251.502 us
[ros2_control_node-1] [WARN] [1775669680.888276797] [controller_manager]: Overrun detected! The controller manager missed its desired rate of 125 Hz. The loop took 10.656722 ms (missed cycles : 2).
[ros2_control_node-1] [WARN] [1775669682.086686421] [controller_manager]: Overrun might occur, Total time : 9028.395 us (Expected < 8000.000 us) --> Read time : 66.165 us, Update time : 260.433 us, Write time : 8701.797 us
[ros2_control_node-1] [WARN] [1775669682.086767503] [controller_manager]: Overrun detected! The controller manager missed its desired rate of 125 Hz. The loop took 9.146622 ms (missed cycles : 2).
[ros2_control_node-1] [WARN] [1775669683.880994514] [controller_manager]: Overrun might occur, Total time : 11336.397 us (Expected < 8000.000 us) --> Read time : 60.250 us, Update time : 255.192 us, Write time : 11020.955 us
[ros2_control_node-1] [WARN] [1775669683.881127651] [controller_manager]: Overrun detected! The controller manager missed its desired rate of 125 Hz. The loop took 11.506224 ms (missed cycles : 2).
[ros2_control_node-1] [WARN] [1775669686.470489446] [controller_manager]: Overrun might occur, Total time : 8827.262 us (Expected < 8000.000 us) --> Read time : 63.754 us, Update time : 280.041 us, Write time : 8483.467 us
[ros2_control_node-1] [WARN] [1775669686.470567169] [controller_manager]: Overrun detected! The controller manager missed its desired rate of 125 Hz. The loop took 8.947078 ms (missed cycles : 2).
[ros2_control_node-1] [WARN] [1775669687.621698337] [controller_manager]: Overrun might occur, Total time : 8043.324 us (Expected < 8000.000 us) --> Read time : 62.071 us, Update time : 253.543 us, Write time : 7727.710 us
[ros2_control_node-1] [WARN] [1775669687.621778468] [controller_manager]: Overrun detected! The controller manager missed its desired rate of 125 Hz. The loop took 8.158897 ms (missed cycles : 2).
[ros2_control_node-1] [WARN] [1775669688.685761064] [controller_manager]: Overrun might occur, Total time : 8089.159 us (Expected < 8000.000 us) --> Read time : 56.821 us, Update time : 261.037 us, Write time : 7771.301 us
[ros2_control_node-1] [WARN] [1775669688.685856908] [controller_manager]: Overrun detected! The controller manager missed its desired rate of 125 Hz. The loop took 8.236142 ms (missed cycles : 2).
[ros2_control_node-1] [WARN] [1775669692.592494266] [controller_manager]: Overrun might occur, Total time : 10818.868 us (Expected < 8000.000 us) --> Read time : 83.917 us, Update time : 328.417 us, Write time : 10406.534 us
[ros2_control_node-1] [WARN] [1775669692.592587484] [controller_manager]: Overrun detected! The controller manager missed its desired rate of 125 Hz. The loop took 10.967380 ms (missed cycles : 2).
[ros2_control_node-1] [WARN] [1775669694.118681677] [controller_manager]: Overrun might occur, Total time : 9029.558 us (Expected < 8000.000 us) --> Read time : 54.952 us, Update time : 257.523 us, Write time : 8717.083 us
[ros2_control_node-1] [WARN] [1775669694.118758953] [controller_manager]: Overrun detected! The controller manager missed its desired rate of 125 Hz. The loop took 9.138779 ms (missed cycles : 2).
[ros2_control_node-1] [WARN] [1775669696.085759937] [controller_manager]: Overrun might occur, Total time : 8098.740 us (Expected < 8000.000 us) --> Read time : 80.752 us, Update time : 357.010 us, Write time : 7660.978 us
[ros2_control_node-1] [WARN] [1775669696.085828336] [controller_manager]: Overrun detected! The controller manager missed its desired rate of 125 Hz. The loop took 8.208699 ms (missed cycles : 2).
[ros2_control_node-1] [WARN] [1775669698.565665473] [controller_manager]: Overrun might occur, Total time : 8009.056 us (Expected < 8000.000 us) --> Read time : 61.907 us, Update time : 283.000 us, Write time : 7664.149 us
[ros2_control_node-1] [WARN] [1775669698.565764541] [controller_manager]: Overrun detected! The controller manager missed its desired rate of 125 Hz. The loop took 8.144203 ms (missed cycles : 2).
[ros2_control_node-1] [WARN] [1775669700.149663284] [controller_manager]: Overrun detected! The controller manager missed its desired rate of 125 Hz. The loop took 8.041890 ms (missed cycles : 2).
[ros2_control_node-1] [WARN] [1775669701.911508731] [controller_manager]: Overrun might occur, Total time : 9857.953 us (Expected < 8000.000 us) --> Read time : 67.780 us, Update time : 235.174 us, Write time : 9554.999 us
[ros2_control_node-1] [WARN] [1775669701.911574965] [controller_manager]: Overrun detected! The controller manager missed its desired rate of 125 Hz. The loop took 9.955188 ms (missed cycles : 2).
[ros2_control_node-1] [WARN] [1775669703.526449114] [controller_manager]: Overrun might occur, Total time : 8790.706 us (Expected < 8000.000 us) --> Read time : 68.323 us, Update time : 258.620 us, Write time : 8463.763 us
[ros2_control_node-1] [WARN] [1775669703.526523641] [controller_manager]: Overrun detected! The controller manager missed its desired rate of 125 Hz. The loop took 8.903887 ms (missed cycles : 2).
[ros2_control_node-1] [WARN] [1775669706.016061164] [controller_manager]: Overrun might occur, Total time : 10406.999 us (Expected < 8000.000 us) --> Read time : 57.741 us, Update time : 260.207 us, Write time : 10089.051 us
[ros2_control_node-1] [WARN] [1775669706.016137314] [controller_manager]: Overrun detected! The controller manager missed its desired rate of 125 Hz. The loop took 10.517747 ms (missed cycles : 2).
[ros2_control_node-1] [WARN] [1775669708.070107141] [controller_manager]: Overrun might occur, Total time : 8454.531 us (Expected < 8000.000 us) --> Read time : 59.452 us, Update time : 257.308 us, Write time : 8137.771 us
[ros2_control_node-1] [WARN] [1775669708.070186417] [controller_manager]: Overrun detected! The controller manager missed its desired rate of 125 Hz. The loop took 8.565957 ms (missed cycles : 2).
[ros2_control_node-1] [WARN] [1775669713.477755617] [controller_manager]: Overrun might occur, Total time : 8094.534 us (Expected < 8000.000 us) --> Read time : 61.025 us, Update time : 271.247 us, Write time : 7762.262 us
[ros2_control_node-1] [WARN] [1775669713.477884243] [controller_manager]: Overrun detected! The controller manager missed its desired rate of 125 Hz. The loop took 8.263173 ms (missed cycles : 2).
[ros2_control_node-1] [WARN] [1775669714.502759677] [controller_manager]: Overrun might occur, Total time : 9109.078 us (Expected < 8000.000 us) --> Read time : 52.989 us, Update time : 245.620 us, Write time : 8810.469 us
[ros2_control_node-1] [WARN] [1775669714.502829882] [controller_manager]: Overrun detected! The controller manager missed its desired rate of 125 Hz. The loop took 9.210046 ms (missed cycles : 2).
[ros2_control_node-1] [WARN] [1775669715.637791752] [controller_manager]: Overrun might occur, Total time : 8144.307 us (Expected < 8000.000 us) --> Read time : 44.663 us, Update time : 235.078 us, Write time : 7864.566 us
[ros2_control_node-1] [WARN] [1775669715.637867827] [controller_manager]: Overrun detected! The controller manager missed its desired rate of 125 Hz. The loop took 8.248132 ms (missed cycles : 2).
[ros2_control_node-1] [WARN] [1775669717.726947991] [controller_manager]: Overrun might occur, Total time : 9284.463 us (Expected < 8000.000 us) --> Read time : 64.913 us, Update time : 290.760 us, Write time : 8928.790 us
[ros2_control_node-1] [WARN] [1775669717.727046405] [controller_manager]: Overrun detected! The controller manager missed its desired rate of 125 Hz. The loop took 9.425720 ms (missed cycles : 2).
[ros2_control_node-1] [WARN] [1775669720.869682666] [controller_manager]: Overrun might occur, Total time : 8017.920 us (Expected < 8000.000 us) --> Read time : 65.390 us, Update time : 263.176 us, Write time : 7689.354 us
[ros2_control_node-1] [WARN] [1775669720.869804776] [controller_manager]: Overrun detected! The controller manager missed its desired rate of 125 Hz. The loop took 8.184329 ms (missed cycles : 2).
[ros2_control_node-1] [WARN] [1775669723.034594520] [controller_manager]: Overrun might occur, Total time : 12948.191 us (Expected < 8000.000 us) --> Read time : 41.533 us, Update time : 258.853 us, Write time : 12647.805 us
[ros2_control_node-1] [WARN] [1775669723.034667843] [controller_manager]: Overrun detected! The controller manager missed its desired rate of 125 Hz. The loop took 13.048421 ms (missed cycles : 2).
[ros2_control_node-1] [WARN] [1775669724.967396167] [controller_manager]: Overrun might occur, Total time : 9740.710 us (Expected < 8000.000 us) --> Read time : 54.594 us, Update time : 230.355 us, Write time : 9455.761 us
[ros2_control_node-1] [WARN] [1775669724.967475780] [controller_manager]: Overrun detected! The controller manager missed its desired rate of 125 Hz. The loop took 9.855606 ms (missed cycles : 2).
[ros2_control_node-1] [WARN] [1775669726.029678505] [controller_manager]: Overrun detected! The controller manager missed its desired rate of 125 Hz. The loop took 8.056439 ms (missed cycles : 2).
[ros2_control_node-1] [WARN] [1775669727.482015484] [controller_manager]: Overrun might occur, Total time : 12351.987 us (Expected < 8000.000 us) --> Read time : 74.022 us, Update time : 295.802 us, Write time : 11982.163 us
[ros2_control_node-1] [WARN] [1775669727.482091875] [controller_manager]: Overrun detected! The controller manager missed its desired rate of 125 Hz. The loop took 12.472178 ms (missed cycles : 2).
[ros2_control_node-1] [WARN] [1775669729.477960727] [controller_manager]: Overrun might occur, Total time : 8300.946 us (Expected < 8000.000 us) --> Read time : 56.454 us, Update time : 228.490 us, Write time : 8016.002 us
[ros2_control_node-1] [WARN] [1775669729.478095541] [controller_manager]: Overrun detected! The controller manager missed its desired rate of 125 Hz. The loop took 8.474233 ms (missed cycles : 2).
[ros2_control_node-1] [WARN] [1775669731.877671659] [controller_manager]: Overrun detected! The controller manager missed its desired rate of 125 Hz. The loop took 8.049585 ms (missed cycles : 2).
[ros2_control_node-1] [WARN] [1775669732.056600273] [controller_manager]: Overrun might occur, Total time : 10943.010 us (Expected < 8000.000 us) --> Read time : 57.599 us, Update time : 259.451 us, Write time : 10625.960 us
[ros2_control_node-1] [WARN] [1775669733.256119754] [controller_manager]: Overrun might occur, Total time : 10469.489 us (Expected < 8000.000 us) --> Read time : 51.027 us, Update time : 205.037 us, Write time : 10213.425 us
[ros2_control_node-1] [WARN] [1775669733.256199720] [controller_manager]: Overrun detected! The controller manager missed its desired rate of 125 Hz. The loop took 10.579866 ms (missed cycles : 2).
[ros2_control_node-1] [WARN] [1775669738.087708190] [controller_manager]: Overrun might occur, Total time : 10061.846 us (Expected < 8000.000 us) --> Read time : 53.264 us, Update time : 279.243 us, Write time : 9729.339 us
[ros2_control_node-1] [WARN] [1775669738.087778250] [controller_manager]: Overrun detected! The controller manager missed its desired rate of 125 Hz. The loop took 10.158283 ms (missed cycles : 2).
[ros2_control_node-1] [WARN] [1775669739.214603747] [controller_manager]: Overrun might occur, Total time : 8935.074 us (Expected < 8000.000 us) --> Read time : 90.192 us, Update time : 353.326 us, Write time : 8491.556 us
[ros2_control_node-1] [WARN] [1775669739.214676357] [controller_manager]: Overrun detected! The controller manager missed its desired rate of 125 Hz. The loop took 9.056570 ms (missed cycles : 2).
[ros2_control_node-1] [WARN] [1775669740.329159621] [controller_manager]: Overrun might occur, Total time : 11502.416 us (Expected < 8000.000 us) --> Read time : 63.073 us, Update time : 279.225 us, Write time : 11160.118 us
[ros2_control_node-1] [WARN] [1775669740.329239392] [controller_manager]: Overrun detected! The controller manager missed its desired rate of 125 Hz. The loop took 11.619842 ms (missed cycles : 2).
[ros2_control_node-1] [WARN] [1775669741.445661634] [controller_manager]: Overrun might occur, Total time : 8022.404 us (Expected < 8000.000 us) --> Read time : 37.481 us, Update time : 246.041 us, Write time : 7738.882 us
[ros2_control_node-1] [WARN] [1775669741.445734074] [controller_manager]: Overrun detected! The controller manager missed its desired rate of 125 Hz. The loop took 8.114444 ms (missed cycles : 2).
[ros2_control_node-1] [WARN] [1775669742.552653634] [controller_manager]: Overrun might occur, Total time : 11000.337 us (Expected < 8000.000 us) --> Read time : 54.932 us, Update time : 233.907 us, Write time : 10711.498 us
[ros2_control_node-1] [WARN] [1775669742.552753756] [controller_manager]: Overrun detected! The controller manager missed its desired rate of 125 Hz. The loop took 11.132878 ms (missed cycles : 2).
[ros2_control_node-1] [WARN] [1775669747.375357223] [controller_manager]: Overrun might occur, Total time : 9693.330 us (Expected < 8000.000 us) --> Read time : 68.818 us, Update time : 323.576 us, Write time : 9300.936 us
[ros2_control_node-1] [WARN] [1775669747.375436880] [controller_manager]: Overrun detected! The controller manager missed its desired rate of 125 Hz. The loop took 9.816975 ms (missed cycles : 2).
[ros2_control_node-1] [WARN] [1775669748.710668967] [controller_manager]: Overrun might occur, Total time : 9010.928 us (Expected < 8000.000 us) --> Read time : 65.836 us, Update time : 305.366 us, Write time : 8639.726 us
[ros2_control_node-1] [WARN] [1775669748.710772430] [controller_manager]: Overrun detected! The controller manager missed its desired rate of 125 Hz. The loop took 9.151889 ms (missed cycles : 2).
[ros2_control_node-1] [WARN] [1775669750.127446150] [controller_manager]: Overrun might occur, Total time : 9787.144 us (Expected < 8000.000 us) --> Read time : 58.375 us, Update time : 267.653 us, Write time : 9461.116 us
[ros2_control_node-1] [WARN] [1775669750.127565221] [controller_manager]: Overrun detected! The controller manager missed its desired rate of 125 Hz. The loop took 9.944391 ms (missed cycles : 2).
[ros2_control_node-1] [WARN] [1775669751.534497252] [controller_manager]: Overrun might occur, Total time : 8835.609 us (Expected < 8000.000 us) --> Read time : 62.455 us, Update time : 273.426 us, Write time : 8499.728 us
[ros2_control_node-1] [WARN] [1775669751.534594508] [controller_manager]: Overrun detected! The controller manager missed its desired rate of 125 Hz. The loop took 8.973788 ms (missed cycles : 2).
[ros2_control_node-1] [WARN] [1775669753.166440675] [controller_manager]: Overrun might occur, Total time : 8784.403 us (Expected < 8000.000 us) --> Read time : 63.490 us, Update time : 275.216 us, Write time : 8445.697 us
[ros2_control_node-1] [WARN] [1775669753.166528118] [controller_manager]: Overrun detected! The controller manager missed its desired rate of 125 Hz. The loop took 8.908447 ms (missed cycles : 2).
[ros2_control_node-1] [WARN] [1775669754.335776654] [controller_manager]: Overrun might occur, Total time : 10121.087 us (Expected < 8000.000 us) --> Read time : 69.507 us, Update time : 225.397 us, Write time : 9826.183 us
[ros2_control_node-1] [WARN] [1775669754.335894561] [controller_manager]: Overrun detected! The controller manager missed its desired rate of 125 Hz. The loop took 10.275148 ms (missed cycles : 2).
[ros2_control_node-1] [WARN] [1775669756.517698268] [controller_manager]: Overrun might occur, Total time : 8045.610 us (Expected < 8000.000 us) --> Read time : 71.526 us, Update time : 266.479 us, Write time : 7707.605 us
[ros2_control_node-1] [WARN] [1775669756.517772234] [controller_manager]: Overrun detected! The controller manager missed its desired rate of 125 Hz. The loop took 8.152712 ms (missed cycles : 2).
[ros2_control_node-1] [WARN] [1775669758.045751011] [controller_manager]: Overrun might occur, Total time : 8094.694 us (Expected < 8000.000 us) --> Read time : 60.597 us, Update time : 260.847 us, Write time : 7773.250 us
[ros2_control_node-1] [WARN] [1775669758.045824601] [controller_manager]: Overrun detected! The controller manager missed its desired rate of 125 Hz. The loop took 8.205027 ms (missed cycles : 2).
[ros2_control_node-1] [WARN] [1775669760.038595128] [controller_manager]: Overrun might occur, Total time : 8939.613 us (Expected < 8000.000 us) --> Read time : 61.923 us, Update time : 273.268 us, Write time : 8604.422 us
[ros2_control_node-1] [WARN] [1775669760.038672262] [controller_manager]: Overrun detected! The controller manager missed its desired rate of 125 Hz. The loop took 9.052386 ms (missed cycles : 2).
[ros2_control_node-1] [WARN] [1775669761.390567745] [controller_manager]: Overrun might occur, Total time : 8910.776 us (Expected < 8000.000 us) --> Read time : 68.040 us, Update time : 305.446 us, Write time : 8537.290 us
[ros2_control_node-1] [WARN] [1775669761.390642113] [controller_manager]: Overrun detected! The controller manager missed its desired rate of 125 Hz. The loop took 9.021964 ms (missed cycles : 2).
[ros2_control_node-1] [WARN] [1775669762.951139190] [controller_manager]: Overrun might occur, Total time : 9478.840 us (Expected < 8000.000 us) --> Read time : 61.906 us, Update time : 288.529 us, Write time : 9128.405 us
[ros2_control_node-1] [WARN] [1775669762.951235213] [controller_manager]: Overrun detected! The controller manager missed its desired rate of 125 Hz. The loop took 9.615059 ms (missed cycles : 2).
[ros2_control_node-1] [WARN] [1775669764.030104253] [controller_manager]: Overrun might occur, Total time : 8458.035 us (Expected < 8000.000 us) --> Read time : 52.186 us, Update time : 243.941 us, Write time : 8161.908 us
[ros2_control_node-1] [WARN] [1775669764.030176099] [controller_manager]: Overrun detected! The controller manager missed its desired rate of 125 Hz. The loop took 8.556434 ms (missed cycles : 2).
[ros2_control_node-1] [WARN] [1775669766.045625262] [controller_manager]: Overrun detected! The controller manager missed its desired rate of 125 Hz. The loop took 8.003226 ms (missed cycles : 2).
[ros2_control_node-1] [WARN] [1775669766.076063058] [controller_manager]: Overrun might occur, Total time : 14384.598 us (Expected < 8000.000 us) --> Read time : 105.027 us, Update time : 476.731 us, Write time : 13802.840 us
[ros2_control_node-1] [WARN] [1775669767.049612801] [controller_manager]: Overrun detected! The controller manager missed its desired rate of 125 Hz. The loop took 11.992977 ms (missed cycles : 2).
[ros2_control_node-1] [WARN] [1775669769.366204071] [controller_manager]: Overrun might occur, Total time : 8559.605 us (Expected < 8000.000 us) --> Read time : 39.680 us, Update time : 247.287 us, Write time : 8272.638 us
[ros2_control_node-1] [WARN] [1775669769.366286691] [controller_manager]: Overrun detected! The controller manager missed its desired rate of 125 Hz. The loop took 8.666822 ms (missed cycles : 2).
[ros2_control_node-1] [WARN] [1775669772.231421694] [controller_manager]: Overrun might occur, Total time : 9759.690 us (Expected < 8000.000 us) --> Read time : 78.339 us, Update time : 272.480 us, Write time : 9408.871 us
[ros2_control_node-1] [WARN] [1775669772.231505469] [controller_manager]: Overrun detected! The controller manager missed its desired rate of 125 Hz. The loop took 9.885314 ms (missed cycles : 2).
[ros2_control_node-1] [WARN] [1775669774.246303455] [controller_manager]: Overrun might occur, Total time : 8651.343 us (Expected < 8000.000 us) --> Read time : 52.965 us, Update time : 222.771 us, Write time : 8375.607 us
[ros2_control_node-1] [WARN] [1775669774.246381777] [controller_manager]: Overrun detected! The controller manager missed its desired rate of 125 Hz. The loop took 8.762047 ms (missed cycles : 2).
[ros2_control_node-1] [WARN] [1775669777.110602689] [controller_manager]: Overrun might occur, Total time : 8937.494 us (Expected < 8000.000 us) --> Read time : 90.339 us, Update time : 313.040 us, Write time : 8534.115 us
[ros2_control_node-1] [WARN] [1775669777.110676269] [controller_manager]: Overrun detected! The controller manager missed its desired rate of 125 Hz. The loop took 9.056796 ms (missed cycles : 2).
[ros2_control_node-1] [WARN] [1775669778.437718884] [controller_manager]: Overrun might occur, Total time : 8051.518 us (Expected < 8000.000 us) --> Read time : 73.074 us, Update time : 274.772 us, Write time : 7703.672 us
[ros2_control_node-1] [WARN] [1775669778.437891519] [controller_manager]: Overrun detected! The controller manager missed its desired rate of 125 Hz. The loop took 8.268430 ms (missed cycles : 2).
[ros2_control_node-1] [WARN] [1775669780.614653040] [controller_manager]: Overrun might occur, Total time : 8994.907 us (Expected < 8000.000 us) --> Read time : 56.615 us, Update time : 276.351 us, Write time : 8661.941 us
[ros2_control_node-1] [WARN] [1775669780.614748191] [controller_manager]: Overrun detected! The controller manager missed its desired rate of 125 Hz. The loop took 9.128112 ms (missed cycles : 2).
[ros2_control_node-1] [WARN] [1775669784.592291766] [controller_manager]: Overrun might occur, Total time : 10644.936 us (Expected < 8000.000 us) --> Read time : 49.845 us, Update time : 260.345 us, Write time : 10334.746 us
[ros2_control_node-1] [WARN] [1775669784.592362836] [controller_manager]: Overrun detected! The controller manager missed its desired rate of 125 Hz. The loop took 10.742775 ms (missed cycles : 2).
[ros2_control_node-1] [WARN] [1775669785.871798257] [controller_manager]: Overrun might occur, Total time : 10133.004 us (Expected < 8000.000 us) --> Read time : 78.156 us, Update time : 301.270 us, Write time : 9753.578 us
[ros2_control_node-1] [WARN] [1775669785.871894544] [controller_manager]: Overrun detected! The controller manager missed its desired rate of 125 Hz. The loop took 10.272953 ms (missed cycles : 2).
[ros2_control_node-1] [WARN] [1775669787.078916082] [controller_manager]: Overrun might occur, Total time : 9265.152 us (Expected < 8000.000 us) --> Read time : 56.461 us, Update time : 250.891 us, Write time : 8957.800 us
[ros2_control_node-1] [WARN] [1775669787.078986914] [controller_manager]: Overrun detected! The controller manager missed its desired rate of 125 Hz. The loop took 9.367179 ms (missed cycles : 2).
[ros2_control_node-1] [WARN] [1775669788.221748660] [controller_manager]: Overrun might occur, Total time : 8092.027 us (Expected < 8000.000 us) --> Read time : 89.862 us, Update time : 261.002 us, Write time : 7741.163 us
[ros2_control_node-1] [WARN] [1775669788.221829772] [controller_manager]: Overrun detected! The controller manager missed its desired rate of 125 Hz. The loop took 8.209984 ms (missed cycles : 2).
[ros2_control_node-1] [WARN] [1775669791.327604586] [controller_manager]: Overrun might occur, Total time : 9956.660 us (Expected < 8000.000 us) --> Read time : 47.786 us, Update time : 262.442 us, Write time : 9646.432 us
[ros2_control_node-1] [WARN] [1775669791.327681510] [controller_manager]: Overrun detected! The controller manager missed its desired rate of 125 Hz. The loop took 10.061487 ms (missed cycles : 2).
[ros2_control_node-1] [WARN] [1775669793.280883333] [controller_manager]: Overrun might occur, Total time : 11228.998 us (Expected < 8000.000 us) --> Read time : 67.533 us, Update time : 252.047 us, Write time : 10909.418 us
[ros2_control_node-1] [WARN] [1775669793.280961533] [controller_manager]: Overrun detected! The controller manager missed its desired rate of 125 Hz. The loop took 11.341943 ms (missed cycles : 2).
[ros2_control_node-1] [WARN] [1775669794.517948360] [controller_manager]: Overrun might occur, Total time : 8294.824 us (Expected < 8000.000 us) --> Read time : 59.938 us, Update time : 263.039 us, Write time : 7971.847 us
[ros2_control_node-1] [WARN] [1775669794.518024477] [controller_manager]: Overrun detected! The controller manager missed its desired rate of 125 Hz. The loop took 8.404799 ms (missed cycles : 2).
[ros2_control_node-1] [WARN] [1775669796.951901102] [controller_manager]: Overrun might occur, Total time : 10251.404 us (Expected < 8000.000 us) --> Read time : 46.630 us, Update time : 245.853 us, Write time : 9958.921 us
[ros2_control_node-1] [WARN] [1775669796.951987607] [controller_manager]: Overrun detected! The controller manager missed its desired rate of 125 Hz. The loop took 10.367689 ms (missed cycles : 2).
[ros2_control_node-1] [WARN] [1775669798.258521038] [controller_manager]: Overrun might occur, Total time : 12868.828 us (Expected < 8000.000 us) --> Read time : 56.332 us, Update time : 252.031 us, Write time : 12560.465 us
[ros2_control_node-1] [WARN] [1775669798.258604362] [controller_manager]: Overrun detected! The controller manager missed its desired rate of 125 Hz. The loop took 12.984251 ms (missed cycles : 2).
[ros2_control_node-1] [WARN] [1775669799.302305351] [controller_manager]: Overrun might occur, Total time : 8650.638 us (Expected < 8000.000 us) --> Read time : 56.143 us, Update time : 267.647 us, Write time : 8326.848 us
[ros2_control_node-1] [WARN] [1775669799.302378875] [controller_manager]: Overrun detected! The controller manager missed its desired rate of 125 Hz. The loop took 8.758834 ms (missed cycles : 2).
[ros2_control_node-1] [WARN] [1775669801.508678955] [controller_manager]: Overrun might occur, Total time : 15014.696 us (Expected < 8000.000 us) --> Read time : 55.321 us, Update time : 256.309 us, Write time : 14703.066 us
[ros2_control_node-1] [WARN] [1775669801.508807696] [controller_manager]: Overrun detected! The controller manager missed its desired rate of 125 Hz. The loop took 15.187251 ms (missed cycles : 2).
[ros2_control_node-1] [WARN] [1775669802.669657006] [controller_manager]: Overrun detected! The controller manager missed its desired rate of 125 Hz. The loop took 8.035009 ms (missed cycles : 2).
[ros2_control_node-1] [WARN] [1775669802.751615225] [controller_manager]: Overrun might occur, Total time : 9956.973 us (Expected < 8000.000 us) --> Read time : 72.540 us, Update time : 273.362 us, Write time : 9611.071 us
[ros2_control_node-1] [WARN] [1775669805.161754720] [controller_manager]: Overrun might occur, Total time : 12098.199 us (Expected < 8000.000 us) --> Read time : 47.593 us, Update time : 249.409 us, Write time : 11801.197 us
[ros2_control_node-1] [WARN] [1775669805.161853158] [controller_manager]: Overrun detected! The controller manager missed its desired rate of 125 Hz. The loop took 12.233571 ms (missed cycles : 2).
[ros2_control_node-1] [WARN] [1775669807.206646587] [controller_manager]: Overrun might occur, Total time : 8968.346 us (Expected < 8000.000 us) --> Read time : 109.907 us, Update time : 391.105 us, Write time : 8467.334 us
[ros2_control_node-1] [WARN] [1775669807.206784734] [controller_manager]: Overrun detected! The controller manager missed its desired rate of 125 Hz. The loop took 9.164122 ms (missed cycles : 2).
