
===== 2026-04-08T14:38:58-04:00 | T1_arm =====
cwd=/home/carrt-cse-project/workspace/ros2_kortex_ws
cmd=ros2 launch adl_tasks arm_vbox.launch.py robot_ip:=192.168.0.10 use_fake_hardware:=false controller_update_rate:=50 

[INFO] [launch]: All log files can be found below /home/carrt-cse-project/.ros/log/2026-04-08-14-38-59-377837-carrt-cse-project-OptiPlex-5050-43755
[INFO] [launch]: Default logging verbosity is set to INFO
[INFO] [launch.user]: [arm_vbox.launch] MoveIt current state source: /joint_states_sanitized. Use use_joint_state_sanitizer:=false for raw-state viewer debugging.
[INFO] [launch.user]: [arm_vbox.launch] Using ADL VBox controller config (share/adl_tasks/config/ros2_controllers_vbox.yaml, update_rate:=50 Hz).
[INFO] [ros2_control_node-1]: process started with pid [43760]
[INFO] [robot_state_publisher-2]: process started with pid [43761]
[INFO] [joint_state_sanitizer-3]: process started with pid [43762]
[INFO] [spawner-4]: process started with pid [43763]
[INFO] [static_transform_publisher-5]: process started with pid [43764]
[INFO] [static_transform_publisher-6]: process started with pid [43765]
[static_transform_publisher-5] [INFO] [1775673539.680211726] [static_transform_publisher]: Spinning until stopped - publishing transform
[static_transform_publisher-5] translation: ('0.000000', '0.000000', '0.000000')
[static_transform_publisher-5] rotation: ('0.000000', '0.000000', '0.000000', '1.000000')
[static_transform_publisher-5] from 'world' to 'base_link'
[static_transform_publisher-6] [INFO] [1775673539.688168764] [camera_color_optical_bridge_tf_pub]: Spinning until stopped - publishing transform
[static_transform_publisher-6] translation: ('0.000000', '0.000000', '0.000000')
[static_transform_publisher-6] rotation: ('0.000000', '0.000000', '0.000000', '1.000000')
[static_transform_publisher-6] from 'camera_color_frame' to 'wrist_mounted_camera_color_optical_frame'
[robot_state_publisher-2] [INFO] [1775673539.693921540] [robot_state_publisher]: Robot initialized
[ros2_control_node-1] [INFO] [1775673539.728899486] [controller_manager]: Using Steady (Monotonic) clock for triggering controller manager cycles.
[ros2_control_node-1] [INFO] [1775673539.742967132] [controller_manager]: Subscribing to '/robot_description' topic for robot description.
[ros2_control_node-1] [INFO] [1775673539.746917372] [controller_manager]: update rate is 50 Hz
[ros2_control_node-1] [INFO] [1775673539.746944216] [controller_manager]: Overruns handling is : enabled
[ros2_control_node-1] [INFO] [1775673539.746951598] [controller_manager]: Spawning controller_manager RT thread with scheduler priority: 50
[ros2_control_node-1] [INFO] [1775673539.747014492] [controller_manager]: Successful set up FIFO RT scheduling policy with priority 50.
[ros2_control_node-1] [INFO] [1775673539.883750713] [controller_manager]: Received robot description from topic.
[ros2_control_node-1] [INFO] [1775673539.883809827] [controller_manager]: Enforcing command limits is disabled. Command limits from URDF will be ignored.
[ros2_control_node-1] [INFO] [1775673539.891118027] [controller_manager]: Loading hardware 'KortexMultiInterfaceHardware' 
[ros2_control_node-1] [INFO] [1775673539.902020042] [KortexMultiInterfaceHardware]: Setting severity threshold to DEBUG
[ros2_control_node-1] [INFO] [1775673539.902074235] [controller_manager]: Loaded hardware 'KortexMultiInterfaceHardware' from plugin 'kortex_driver/KortexMultiInterfaceHardware'
[ros2_control_node-1] [INFO] [1775673539.902595706] [controller_manager]: Initialize hardware 'KortexMultiInterfaceHardware' 
[ros2_control_node-1] [INFO] [1775673539.911052326] [KortexMultiInterfaceHardware]: Configuring Hardware Interface
[ros2_control_node-1] [INFO] [1775673539.911536554] [KortexMultiInterfaceHardware]: Robot ip is '192.168.0.10'
[ros2_control_node-1] [INFO] [1775673539.911549003] [KortexMultiInterfaceHardware]: Username is 'admin'
[ros2_control_node-1] [INFO] [1775673539.911561324] [KortexMultiInterfaceHardware]: Port used '10000'
[ros2_control_node-1] [INFO] [1775673539.911567466] [KortexMultiInterfaceHardware]: Realtime port used '10001'
[ros2_control_node-1] [INFO] [1775673539.911573541] [KortexMultiInterfaceHardware]: Session inactivity timeout is '60000'
[ros2_control_node-1] [INFO] [1775673539.911581111] [KortexMultiInterfaceHardware]: Connection inactivity timeout is '2000'
[ros2_control_node-1] [INFO] [1775673539.911588212] [KortexMultiInterfaceHardware]: Gripper joint name is 'robotiq_85_left_knuckle_joint'
[ros2_control_node-1] [INFO] [1775673539.911617916] [KortexMultiInterfaceHardware]: Connecting to robot at 192.168.0.10
[ros2_control_node-1] [INFO] [1775673539.920526270] [KortexMultiInterfaceHardware]: Creating session for communication
[ros2_control_node-1] [INFO] [1775673540.112978149] [KortexMultiInterfaceHardware]: Session created
[spawner-4] [INFO] [1775673540.190748375] [spawner_joint_state_broadcaster]: waiting for service /controller_manager/list_controllers to become available...
[joint_state_sanitizer-3] [INFO] [1775673540.202478823] [joint_state_sanitizer_node]: joint_state_sanitizer started. raw=/joint_states -> sanitized=/joint_states_sanitized
[ros2_control_node-1] [INFO] [1775673540.866983646] [KortexMultiInterfaceHardware]: Actuator count reported by robot is '7'
[ros2_control_node-1] [INFO] [1775673540.867209207] [KortexMultiInterfaceHardware]: Using internal bus communication for gripper!
[ros2_control_node-1] [INFO] [1775673540.867219319] [KortexMultiInterfaceHardware]: Hardware Interface successfully configured
[ros2_control_node-1] [INFO] [1775673540.867312034] [controller_manager]: Successful initialization of hardware 'KortexMultiInterfaceHardware'
[ros2_control_node-1] [DEBUG] [1775673540.867386720] [KortexMultiInterfaceHardware]: export_state_interfaces for joint: joint_1
[ros2_control_node-1] [DEBUG] [1775673540.867415339] [KortexMultiInterfaceHardware]: export_state_interfaces for joint: joint_2
[ros2_control_node-1] [DEBUG] [1775673540.867424617] [KortexMultiInterfaceHardware]: export_state_interfaces for joint: joint_3
[ros2_control_node-1] [DEBUG] [1775673540.867429570] [KortexMultiInterfaceHardware]: export_state_interfaces for joint: joint_4
[ros2_control_node-1] [DEBUG] [1775673540.867433612] [KortexMultiInterfaceHardware]: export_state_interfaces for joint: joint_5
[ros2_control_node-1] [DEBUG] [1775673540.867439359] [KortexMultiInterfaceHardware]: export_state_interfaces for joint: joint_6
[ros2_control_node-1] [DEBUG] [1775673540.867443316] [KortexMultiInterfaceHardware]: export_state_interfaces for joint: joint_7
[ros2_control_node-1] [DEBUG] [1775673540.867447324] [KortexMultiInterfaceHardware]: export_state_interfaces for joint: robotiq_85_left_knuckle_joint
[ros2_control_node-1] [INFO] [1775673540.869272847] [resource_manager]: 'configure' hardware 'KortexMultiInterfaceHardware' 
[ros2_control_node-1] [INFO] [1775673540.869313968] [resource_manager]: Successful 'configure' of hardware 'KortexMultiInterfaceHardware'
[ros2_control_node-1] [INFO] [1775673540.869391604] [resource_manager]: 'activate' hardware 'KortexMultiInterfaceHardware' 
[ros2_control_node-1] [INFO] [1775673540.869424931] [KortexMultiInterfaceHardware]: Activating KortexMultiInterfaceHardware...
[ros2_control_node-1] [INFO] [1775673540.874658647] [KortexMultiInterfaceHardware]: Gripper initial position is '0.873365'.
[ros2_control_node-1] [INFO] [1775673540.880549600] [KortexMultiInterfaceHardware]: KortexMultiInterfaceHardware successfully activated!
[ros2_control_node-1] [INFO] [1775673540.880603841] [resource_manager]: Successful 'activate' of hardware 'KortexMultiInterfaceHardware'
[ros2_control_node-1] [INFO] [1775673540.880859415] [controller_manager]: Registering statistics for : KortexMultiInterfaceHardware
[ros2_control_node-1] [INFO] [1775673540.881077659] [controller_manager]: Resource Manager has been successfully initialized. Starting Controller Manager services...
[ros2_control_node-1] [INFO] [1775673541.024196912] [controller_manager]: Loading controller : 'joint_state_broadcaster' of type 'joint_state_broadcaster/JointStateBroadcaster'
[ros2_control_node-1] [INFO] [1775673541.024238576] [controller_manager]: Loading controller 'joint_state_broadcaster'
[ros2_control_node-1] [INFO] [1775673541.032439552] [controller_manager]: Controller 'joint_state_broadcaster' node arguments: --ros-args --params-file /home/carrt-cse-project/workspace/ros2_kortex_ws/install/adl_tasks/share/adl_tasks/config/ros2_controllers_vbox.yaml --params-file /tmp/launch_params_zq3nchdg 
[spawner-4] [INFO] [1775673541.070255196] [spawner_joint_state_broadcaster]: Loaded joint_state_broadcaster
[ros2_control_node-1] [INFO] [1775673541.078825679] [controller_manager]: Configuring controller: 'joint_state_broadcaster'
[ros2_control_node-1] [INFO] [1775673541.079113108] [joint_state_broadcaster]: 'joints' or 'interfaces' parameter is empty. All available state interfaces will be published
[ros2_control_node-1] [INFO] [1775673541.195316116] [controller_manager]: Activating controllers: [ joint_state_broadcaster ]
[ros2_control_node-1] [INFO] [1775673541.209862265] [controller_manager]: Successfully switched controllers!
[spawner-4] [INFO] [1775673541.232917618] [spawner_joint_state_broadcaster]: Configured and activated joint_state_broadcaster
[INFO] [spawner-4]: process has finished cleanly [pid 43763]
[INFO] [spawner-7]: process started with pid [43938]
[INFO] [spawner-8]: process started with pid [43939]
[INFO] [spawner-9]: process started with pid [43940]
[INFO] [spawner-10]: process started with pid [43941]
[spawner-9] [INFO] [1775673543.117702476] [spawner_robotiq_gripper_controller]: waiting for service /controller_manager/list_controllers to become available...
[ros2_control_node-1] [INFO] [1775673543.874123543] [controller_manager]: Loading controller : 'robotiq_gripper_controller' of type 'position_controllers/GripperActionController'
[ros2_control_node-1] [INFO] [1775673543.874179973] [controller_manager]: Loading controller 'robotiq_gripper_controller'
[ros2_control_node-1] [INFO] [1775673543.878714131] [controller_manager]: Controller 'robotiq_gripper_controller' node arguments: --ros-args --params-file /home/carrt-cse-project/workspace/ros2_kortex_ws/install/adl_tasks/share/adl_tasks/config/ros2_controllers_vbox.yaml --params-file /tmp/launch_params_zq3nchdg 
[ros2_control_node-1] [WARN] [1775673543.916580920] [robotiq_gripper_controller]: [Deprecated]: the `position_controllers/GripperActionController` and `effort_controllers::GripperActionController` controllers are replaced by 'parallel_gripper_controllers/GripperActionController' controller
[spawner-9] [INFO] [1775673543.929012456] [spawner_robotiq_gripper_controller]: Loaded robotiq_gripper_controller
[ros2_control_node-1] [INFO] [1775673543.931633350] [controller_manager]: Configuring controller: 'robotiq_gripper_controller'
[ros2_control_node-1] [INFO] [1775673543.931776265] [robotiq_gripper_controller]: Action status changes will be monitored at 20.000000 Hz.
[ros2_control_node-1] [INFO] [1775673543.950423249] [controller_manager]: Activating controllers: [ robotiq_gripper_controller ]
[ros2_control_node-1] [INFO] [1775673544.174928246] [controller_manager]: Successfully switched controllers!
[spawner-9] [INFO] [1775673544.189648285] [spawner_robotiq_gripper_controller]: Configured and activated robotiq_gripper_controller
[spawner-8] [INFO] [1775673544.348951580] [spawner_twist_controller]: waiting for service /controller_manager/list_controllers to become available...
[INFO] [spawner-9]: process has finished cleanly [pid 43940]
[ros2_control_node-1] [INFO] [1775673547.856401017] [controller_manager]: Loading controller : 'twist_controller' of type 'picknik_twist_controller/PicknikTwistController'
[ros2_control_node-1] [INFO] [1775673547.856439835] [controller_manager]: Loading controller 'twist_controller'
[ros2_control_node-1] [INFO] [1775673547.860112630] [controller_manager]: Controller 'twist_controller' node arguments: --ros-args --params-file /home/carrt-cse-project/workspace/ros2_kortex_ws/install/adl_tasks/share/adl_tasks/config/ros2_controllers_vbox.yaml --params-file /tmp/launch_params_zq3nchdg 
[spawner-8] [INFO] [1775673547.909935073] [spawner_twist_controller]: Loaded twist_controller
[ros2_control_node-1] [INFO] [1775673547.916659718] [controller_manager]: Configuring controller: 'twist_controller'
[ros2_control_node-1] [INFO] [1775673547.920410715] [twist_controller]: configure successful
[INFO] [spawner-8]: process has finished cleanly [pid 43939]
[spawner-10] [INFO] [1775673548.210770917] [spawner_fault_controller]: waiting for service /controller_manager/list_controllers to become available...
[ros2_control_node-1] [INFO] [1775673549.975056107] [controller_manager]: Loading controller : 'fault_controller' of type 'picknik_reset_fault_controller/PicknikResetFaultController'
[ros2_control_node-1] [INFO] [1775673549.976010493] [controller_manager]: Loading controller 'fault_controller'
[ros2_control_node-1] [INFO] [1775673549.982675437] [controller_manager]: Controller 'fault_controller' node arguments: --ros-args --params-file /home/carrt-cse-project/workspace/ros2_kortex_ws/install/adl_tasks/share/adl_tasks/config/ros2_controllers_vbox.yaml --params-file /tmp/launch_params_zq3nchdg 
[spawner-10] [INFO] [1775673550.051252898] [spawner_fault_controller]: Loaded fault_controller
[ros2_control_node-1] [INFO] [1775673550.057869821] [controller_manager]: Configuring controller: 'fault_controller'
[ros2_control_node-1] [INFO] [1775673550.075144868] [controller_manager]: Activating controllers: [ fault_controller ]
[ros2_control_node-1] [INFO] [1775673550.293239634] [controller_manager]: Successfully switched controllers!
[spawner-10] [INFO] [1775673550.313787674] [spawner_fault_controller]: Configured and activated fault_controller
[spawner-7] [INFO] [1775673550.801130337] [spawner_joint_trajectory_controller]: waiting for service /controller_manager/list_controllers to become available...
[INFO] [spawner-10]: process has finished cleanly [pid 43941]
[ros2_control_node-1] [INFO] [1775673552.556824197] [controller_manager]: Loading controller : 'joint_trajectory_controller' of type 'joint_trajectory_controller/JointTrajectoryController'
[ros2_control_node-1] [INFO] [1775673552.556862213] [controller_manager]: Loading controller 'joint_trajectory_controller'
[ros2_control_node-1] [INFO] [1775673552.562141663] [controller_manager]: Controller 'joint_trajectory_controller' node arguments: --ros-args --params-file /home/carrt-cse-project/workspace/ros2_kortex_ws/install/adl_tasks/share/adl_tasks/config/ros2_controllers_vbox.yaml --params-file /tmp/launch_params_zq3nchdg 
[spawner-7] [INFO] [1775673552.629643383] [spawner_joint_trajectory_controller]: Loaded joint_trajectory_controller
[ros2_control_node-1] [INFO] [1775673552.632756185] [controller_manager]: Configuring controller: 'joint_trajectory_controller'
[ros2_control_node-1] [INFO] [1775673552.633981948] [joint_trajectory_controller]: No specific joint names are used for command interfaces. Using 'joints' parameter.
[ros2_control_node-1] [INFO] [1775673552.634316412] [joint_trajectory_controller]: Command interfaces are [position] and state interfaces are [position velocity].
[ros2_control_node-1] [INFO] [1775673552.634619583] [joint_trajectory_controller]: Using 'splines' interpolation method.
[ros2_control_node-1] [INFO] [1775673552.646576448] [joint_trajectory_controller]: Action status changes will be monitored at 10.00 Hz.
[ros2_control_node-1] [INFO] [1775673552.670909890] [controller_manager]: Activating controllers: [ joint_trajectory_controller ]
[ros2_control_node-1] [INFO] [1775673552.920030928] [controller_manager]: Successfully switched controllers!
[ros2_control_node-1] [WARN] [1775673552.922285593] [controller_manager]: Overrun might occur, Total time : 35122.974 us (Expected < 20000.000 us) --> Read time : 67.170 us, Update time : 32768.408 us (Switch time : 32611.494 us (Switch chained mode time : 3.718 us, perform mode change time : 31561.793 us, Activation time : 1038.429 us, Deactivation time : 1.040 us)), Write time : 2287.396 us
[ros2_control_node-1] [WARN] [1775673552.922360388] [controller_manager]: Overrun detected! The controller manager missed its desired rate of 50 Hz. The loop took 35.235592 ms (missed cycles : 2).
[spawner-7] [INFO] [1775673553.097239653] [spawner_joint_trajectory_controller]: Configured and activated joint_trajectory_controller
[INFO] [spawner-7]: process has finished cleanly [pid 43938]
[INFO] [move_group-11]: process started with pid [44188]
[INFO] [rviz2-12]: process started with pid [44189]
[move_group-11] [INFO] [1775673554.657938653] [move_group.moveit.moveit.ros.rdf_loader]: Loaded robot model in 0.00778927 seconds
[move_group-11] [INFO] [1775673554.658720881] [move_group.moveit.moveit.core.robot_model]: Loading robot model 'gen3'...
[move_group-11] [INFO] [1775673554.658750125] [move_group.moveit.moveit.core.robot_model]: No root/virtual joint specified in SRDF. Assuming fixed joint
[move_group-11] [INFO] [1775673554.815843390] [move_group.moveit.moveit.kinematics.kdl_kinematics_plugin]: Joint weights for group 'manipulator': 1 1 1 1 1 1 1
[rviz2-12] [INFO] [1775673554.963725656] [rviz2]: Stereo is NOT SUPPORTED
[rviz2-12] [INFO] [1775673554.963850840] [rviz2]: OpenGl version: 4.6 (GLSL 4.6)
[rviz2-12] [INFO] [1775673555.019756957] [rviz2]: Stereo is NOT SUPPORTED
[rviz2-12] Warning: class_loader.impl: SEVERE WARNING!!! A namespace collision has occurred with plugin factory for class rviz_default_plugins::displays::InteractiveMarkerDisplay. New factory will OVERWRITE existing one. This situation occurs when libraries containing plugins are directly linked against an executable (the one running right now generating this message). Please separate plugins out into their own library or just don't link against the library and use either class_loader::ClassLoader/MultiLibraryClassLoader to open.
[rviz2-12]          at line 321 in /opt/ros/jazzy/include/class_loader/class_loader/class_loader_core.hpp
[rviz2-12] [WARN] [1775673555.240282999] [rcl.logging_rosout]: Publisher already registered for node name: 'rviz2_moveit'. If this is due to multiple nodes with the same name then all logs for the logger named 'rviz2_moveit' will go out over the existing publisher. As soon as any node with that name is destructed it will unregister the publisher, preventing any further logs for that name from being published on the rosout topic.
[ros2_control_node-1] [INFO] [1775673555.396468981] [controller_manager]: Received robot description from topic.
[ros2_control_node-1] [WARN] [1775673555.396518270] [controller_manager]: ResourceManager has already loaded a urdf. Ignoring attempt to reload a robot description.
[move_group-11] [INFO] [1775673555.436079656] [move_group.moveit.moveit.ros.planning_scene_monitor]: Publishing maintained planning scene on 'monitored_planning_scene'
[move_group-11] [INFO] [1775673555.436271501] [move_group.moveit.moveit.ros.moveit_cpp]: Listening to 'joint_states' for joint states
[move_group-11] [INFO] [1775673555.438253577] [move_group.moveit.moveit.ros.current_state_monitor]: Listening to joint states on topic 'joint_states'
[move_group-11] [INFO] [1775673555.439274930] [move_group.moveit.moveit.ros.planning_scene_monitor]: Listening to '/attached_collision_object' for attached collision objects
[move_group-11] [INFO] [1775673555.439307218] [move_group.moveit.moveit.ros.planning_scene_monitor]: Stopping existing planning scene publisher.
[move_group-11] [INFO] [1775673555.439509367] [move_group.moveit.moveit.ros.planning_scene_monitor]: Stopped publishing maintained planning scene.
[move_group-11] [INFO] [1775673555.440178962] [move_group.moveit.moveit.ros.planning_scene_monitor]: Publishing maintained planning scene on 'monitored_planning_scene'
[move_group-11] [INFO] [1775673555.440274823] [move_group.moveit.moveit.ros.planning_scene_monitor]: Starting planning scene monitor
[move_group-11] [INFO] [1775673555.441586545] [move_group.moveit.moveit.ros.planning_scene_monitor]: Listening to '/planning_scene'
[move_group-11] [INFO] [1775673555.441620992] [move_group.moveit.moveit.ros.planning_scene_monitor]: Starting world geometry update monitor for collision objects, attached objects, octomap updates.
[move_group-11] [INFO] [1775673555.443718774] [move_group.moveit.moveit.ros.planning_scene_monitor]: Listening to 'collision_object'
[move_group-11] [INFO] [1775673555.444405034] [move_group.moveit.moveit.ros.planning_scene_monitor]: Listening to 'planning_scene_world' for planning scene world geometry
[move_group-11] [WARN] [1775673555.446048282] [move_group.moveit.moveit.ros.occupancy_map_monitor]: Resolution not specified for Octomap. Assuming resolution = 0.1 instead
[move_group-11] [ERROR] [1775673555.446081972] [move_group.moveit.moveit.ros.occupancy_map_monitor]: No 3D sensor plugin(s) defined for octomap updates
[move_group-11] [INFO] [1775673555.728349136] [move_group.moveit.moveit.ros.planning_pipeline]: Successfully loaded planner 'OMPL'
[move_group-11] [INFO] [1775673555.732200233] [move_group]: Try loading adapter 'default_planning_request_adapters/ResolveConstraintFrames'
[move_group-11] [INFO] [1775673555.733766922] [move_group]: Loaded adapter 'default_planning_request_adapters/ResolveConstraintFrames'
[move_group-11] [INFO] [1775673555.733802220] [move_group]: Try loading adapter 'default_planning_request_adapters/ValidateWorkspaceBounds'
[move_group-11] [INFO] [1775673555.734465500] [move_group]: Loaded adapter 'default_planning_request_adapters/ValidateWorkspaceBounds'
[move_group-11] [INFO] [1775673555.734505278] [move_group]: Try loading adapter 'default_planning_request_adapters/CheckStartStateBounds'
[move_group-11] [INFO] [1775673555.734553845] [move_group]: Loaded adapter 'default_planning_request_adapters/CheckStartStateBounds'
[move_group-11] [INFO] [1775673555.734563463] [move_group]: Try loading adapter 'default_planning_request_adapters/CheckStartStateCollision'
[move_group-11] [INFO] [1775673555.734588942] [move_group]: Loaded adapter 'default_planning_request_adapters/CheckStartStateCollision'
[move_group-11] [INFO] [1775673555.739864405] [move_group]: Try loading adapter 'default_planning_response_adapters/AddTimeOptimalParameterization'
[move_group-11] [INFO] [1775673555.743733063] [move_group]: Loaded adapter 'default_planning_response_adapters/AddTimeOptimalParameterization'
[move_group-11] [INFO] [1775673555.743775594] [move_group]: Try loading adapter 'default_planning_response_adapters/ValidateSolution'
[move_group-11] [INFO] [1775673555.748532628] [move_group]: Loaded adapter 'default_planning_response_adapters/ValidateSolution'
[move_group-11] [INFO] [1775673555.748566077] [move_group]: Try loading adapter 'default_planning_response_adapters/DisplayMotionPath'
[move_group-11] [INFO] [1775673555.750117681] [move_group]: Loaded adapter 'default_planning_response_adapters/DisplayMotionPath'
[move_group-11] [INFO] [1775673555.827118796] [move_group.moveit.moveit.plugins.simple_controller_manager]: Added FollowJointTrajectory controller for joint_trajectory_controller
[move_group-11] [INFO] [1775673555.827757496] [move_group.moveit.moveit.plugins.simple_controller_manager]: robotiq_gripper_controller will command a max effort of: 0
[move_group-11] [INFO] [1775673555.833987067] [move_group.moveit.moveit.plugins.simple_controller_manager]: Added GripperCommand controller for robotiq_gripper_controller
[move_group-11] [INFO] [1775673555.834209319] [move_group.moveit.moveit.plugins.simple_controller_manager]: Returned 2 controllers in list
[move_group-11] [INFO] [1775673555.834248821] [move_group.moveit.moveit.plugins.simple_controller_manager]: Returned 2 controllers in list
[move_group-11] [INFO] [1775673555.834955883] [move_group.moveit.moveit.ros.trajectory_execution_manager]: Trajectory execution is managing controllers
[move_group-11] [INFO] [1775673555.834982162] [move_group]: MoveGroup debug mode is ON
[move_group-11] [INFO] [1775673555.889462637] [move_group.moveit.moveit.ros.move_group.executable]: 
[move_group-11] 
[move_group-11] ********************************************************
[move_group-11] * MoveGroup using: 
[move_group-11] *     - apply_planning_scene_service
[move_group-11] *     - clear_octomap_service
[move_group-11] *     - get_group_urdf
[move_group-11] *     - load_geometry_from_file
[move_group-11] *     - CartesianPathService
[move_group-11] *     - execute_trajectory_action
[move_group-11] *     - get_planning_scene_service
[move_group-11] *     - kinematics_service
[move_group-11] *     - move_action
[move_group-11] *     - motion_plan_service
[move_group-11] *     - query_planners_service
[move_group-11] *     - state_validation_service
[move_group-11] *     - save_geometry_to_file
[move_group-11] ********************************************************
[move_group-11] 
[move_group-11] [INFO] [1775673555.889549254] [move_group.moveit.moveit.ros.move_group.context]: MoveGroup context using pipeline ompl
[move_group-11] [INFO] [1775673555.889571984] [move_group.moveit.moveit.ros.move_group.context]: MoveGroup context initialization complete
[move_group-11] [96mLoading 'move_group/ApplyPlanningSceneService'...[0m
[move_group-11] [96mLoading 'move_group/ClearOctomapService'...[0m
[move_group-11] [96mLoading 'move_group/GetUrdfService'...[0m
[move_group-11] [96mLoading 'move_group/LoadGeometryFromFileService'...[0m
[move_group-11] [96mLoading 'move_group/MoveGroupCartesianPathService'...[0m
[move_group-11] [96mLoading 'move_group/MoveGroupExecuteTrajectoryAction'...[0m
[move_group-11] [96mLoading 'move_group/MoveGroupGetPlanningSceneService'...[0m
[move_group-11] [96mLoading 'move_group/MoveGroupKinematicsService'...[0m
[move_group-11] [96mLoading 'move_group/MoveGroupMoveAction'...[0m
[move_group-11] [96mLoading 'move_group/MoveGroupPlanService'...[0m
[move_group-11] [96mLoading 'move_group/MoveGroupQueryPlannersService'...[0m
[move_group-11] [96mLoading 'move_group/MoveGroupStateValidationService'...[0m
[move_group-11] [96mLoading 'move_group/SaveGeometryToFileService'...[0m
[move_group-11] 
[move_group-11] [92mYou can start planning now![0m
[move_group-11] 
[rviz2-12] [ERROR] [1775673558.393518776] [rviz2_moveit.moveit.ros.motion_planning_frame]: Action server: /recognize_objects not available
[rviz2-12] [INFO] [1775673558.454534555] [rviz2_moveit.moveit.ros.motion_planning_frame]: MoveGroup namespace changed: / -> . Reloading params.
[rviz2-12] [INFO] [1775673558.564997165] [rviz2_moveit.moveit.ros.rdf_loader]: Loaded robot model in 0.0120846 seconds
[rviz2-12] [INFO] [1775673558.565102145] [rviz2_moveit.moveit.core.robot_model]: Loading robot model 'gen3'...
[rviz2-12] [INFO] [1775673558.565138252] [rviz2_moveit.moveit.core.robot_model]: No root/virtual joint specified in SRDF. Assuming fixed joint
[rviz2-12] [INFO] [1775673558.810236670] [rviz2_moveit.moveit.kinematics.kdl_kinematics_plugin]: Joint weights for group 'manipulator': 1 1 1 1 1 1 1
[rviz2-12] [INFO] [1775673559.257383261] [rviz2_moveit.moveit.ros.planning_scene_monitor]: Starting planning scene monitor
[rviz2-12] [INFO] [1775673559.259095046] [rviz2_moveit.moveit.ros.planning_scene_monitor]: Listening to '/monitored_planning_scene'
[rviz2-12] [INFO] [1775673559.606153252] [interactive_marker_display_97300960961408]: Connected on namespace: /rviz_moveit_motion_planning_display/robot_interaction_interactive_marker_topic
[rviz2-12] [INFO] [1775673559.614714595] [rviz2_moveit.moveit.ros.robot_interaction]: No active joints or end effectors found for group 'gripper'. Make sure that kinematics.yaml is loaded in this node's namespace.
[rviz2-12] [INFO] [1775673559.615665204] [rviz2_moveit.moveit.ros.robot_interaction]: No active joints or end effectors found for group 'gripper'. Make sure that kinematics.yaml is loaded in this node's namespace.
[rviz2-12] [INFO] [1775673559.629621431] [rviz2_moveit.moveit.ros.motion_planning_frame]: group gripper
[rviz2-12] [INFO] [1775673559.629663358] [rviz2_moveit.moveit.ros.motion_planning_frame]: Constructing new MoveGroup connection for group 'gripper' in namespace ''
[rviz2-12] [INFO] [1775673559.658998017] [interactive_marker_display_97300960961408]: Sending request for interactive markers
[rviz2-12] [INFO] [1775673559.673397569] [rviz2_moveit.moveit.ros.move_group_interface]: Ready to take commands for planning group gripper.
[rviz2-12] [INFO] [1775673559.674996155] [rviz2_moveit.moveit.ros.motion_planning_frame]: group gripper
[rviz2-12] [INFO] [1775673559.693379641] [interactive_marker_display_97300960961408]: Service response received for initialization
[ros2_control_node-1] [INFO] [1775673569.033476897] [joint_trajectory_controller]: Received new action goal
[ros2_control_node-1] [INFO] [1775673569.033602923] [joint_trajectory_controller]: Accepted new action goal
[joint_state_sanitizer-3] [WARN] [1775673569.728940538] [joint_state_sanitizer_node]: [joint_state_sanitizer] Published sanitized joint state: joint_3:+3.134->+3.132
[ros2_control_node-1] [INFO] [1775673573.027396098] [joint_trajectory_controller]: Goal reached, success!
[move_group-11] [ERROR] [1775673575.077979841] [move_group.moveit.moveit.core.conversions]: Found empty JointState message
[move_group-11] [INFO] [1775673575.140038230] [move_group.moveit.moveit.ros.move_group.move_action]: MoveGroupMoveAction: Received request
[move_group-11] [INFO] [1775673575.141072084] [move_group.moveit.moveit.ros.move_group.move_action]: executing..
[move_group-11] [INFO] [1775673575.144245970] [move_group.moveit.moveit.ros.move_group.move_action]: Combined planning and execution request received for MoveGroup action. Forwarding to planning and execution pipeline.
[move_group-11] [WARN] [1775673575.144346990] [move_group.moveit.moveit.ros.move_group.capability]: Execution of motions should always start at the robot's current state. Ignoring the state supplied as start state in the motion planning request
[move_group-11] [WARN] [1775673575.144372843] [move_group.moveit.moveit.ros.move_group.capability]: Execution of motions should always start at the robot's current state. Ignoring the state supplied as difference in the planning scene diff
[move_group-11] [INFO] [1775673575.144393956] [move_group.moveit.moveit.ros.plan_execution]: Planning attempt 1 of at most 1
[move_group-11] [INFO] [1775673575.146089703] [move_group]: Calling PlanningRequestAdapter 'ResolveConstraintFrames'
[move_group-11] [INFO] [1775673575.146163354] [move_group]: Calling PlanningRequestAdapter 'ValidateWorkspaceBounds'
[move_group-11] [INFO] [1775673575.146189951] [move_group]: Calling PlanningRequestAdapter 'CheckStartStateBounds'
[move_group-11] [INFO] [1775673575.146229719] [move_group]: Calling PlanningRequestAdapter 'CheckStartStateCollision'
[move_group-11] [ERROR] [1775673575.146386330] [move_group]: PlanningRequestAdapter 'CheckStartStateCollision' failed, because '2 contact(s) detected : forearm_link - wheelchair_wall, half_arm_2_link - wheelchair_wall, '. Aborting planning pipeline.
[move_group-11] [INFO] [1775673575.146502924] [move_group.moveit.moveit.ros.move_group.move_action]: START_STATE_IN_COLLISION
[move_group-11] [ERROR] [1775673581.894608315] [move_group.moveit.moveit.core.conversions]: Found empty JointState message
[move_group-11] [INFO] [1775673586.932646914] [move_group.moveit.moveit.ros.move_group.move_action]: MoveGroupMoveAction: Received request
[move_group-11] [INFO] [1775673586.933058315] [move_group.moveit.moveit.ros.move_group.move_action]: executing..
[move_group-11] [INFO] [1775673586.937348617] [move_group.moveit.moveit.ros.move_group.move_action]: Combined planning and execution request received for MoveGroup action. Forwarding to planning and execution pipeline.
[move_group-11] [WARN] [1775673586.937421968] [move_group.moveit.moveit.ros.move_group.capability]: Execution of motions should always start at the robot's current state. Ignoring the state supplied as start state in the motion planning request
[move_group-11] [WARN] [1775673586.937444526] [move_group.moveit.moveit.ros.move_group.capability]: Execution of motions should always start at the robot's current state. Ignoring the state supplied as difference in the planning scene diff
[move_group-11] [INFO] [1775673586.937458333] [move_group.moveit.moveit.ros.plan_execution]: Planning attempt 1 of at most 1
[move_group-11] [INFO] [1775673586.938421844] [move_group]: Calling PlanningRequestAdapter 'ResolveConstraintFrames'
[move_group-11] [INFO] [1775673586.938501841] [move_group]: Calling PlanningRequestAdapter 'ValidateWorkspaceBounds'
[move_group-11] [INFO] [1775673586.938524764] [move_group]: Calling PlanningRequestAdapter 'CheckStartStateBounds'
[move_group-11] [INFO] [1775673586.938562550] [move_group]: Calling PlanningRequestAdapter 'CheckStartStateCollision'
[move_group-11] [ERROR] [1775673586.938734291] [move_group]: PlanningRequestAdapter 'CheckStartStateCollision' failed, because '2 contact(s) detected : forearm_link - wheelchair_wall, half_arm_2_link - wheelchair_wall, '. Aborting planning pipeline.
[move_group-11] [INFO] [1775673586.938837135] [move_group.moveit.moveit.ros.move_group.move_action]: START_STATE_IN_COLLISION
[ros2_control_node-1] [WARN] [1775673593.569597866] [controller_manager]: Overrun might occur, Total time : 22432.220 us (Expected < 20000.000 us) --> Read time : 65.727 us, Update time : 259.496 us, Write time : 22106.997 us
[ros2_control_node-1] [WARN] [1775673593.569674194] [controller_manager]: Overrun detected! The controller manager missed its desired rate of 50 Hz. The loop took 22.548795 ms (missed cycles : 2).
