
===== 2026-04-07T19:26:36-04:00 | T3_joint_state =====
cwd=/home/carrt-cse-project/workspace/ros2_kortex_ws
cmd=ros2 topic echo /joint_states_sanitized --once 

header:
  stamp:
    sec: 1775604399
    nanosec: 207170709
  frame_id: adl_joint_state_sanitized
name:
- joint_1
- joint_2
- joint_3
- joint_4
- joint_5
- joint_6
- joint_7
- robotiq_85_left_knuckle_joint
position:
- -0.02686543644450179
- -0.4509115220701121
- -3.0730924219274294
- -2.015529847768243
- -0.005615541474541352
- -0.8879085600767782
- 1.6360941072464403
- 0.007074257344007493
velocity:
- 0.0
- 0.0
- 0.0
- 0.0
- 0.0
- 0.0
- 0.0
- 0.0
effort:
- -0.3234737515449524
- 11.057368278503418
- 0.6791083812713623
- -8.964447975158691
- -0.08742605894804001
- -2.0842108726501465
- -0.0015413124347105622
- .nan
---
