
===== 2026-04-08T19:55:29-04:00 | T2_look_at_table =====
cwd=/home/carrt-cse-project/workspace/ros2_kortex_ws
cmd=ros2 run adl_tasks arm_look_at_table_stub 

[INFO] [1775692531.348784586] [arm_look_at_table_stub_node]: MoveItHelper initialized. joint_state_topic=/joint_states_sanitized (sanitized_expected=True)
[INFO] [1775692531.349842534] [arm_look_at_table_stub_node]: Arm look-at-table stub ready. Waiting for joint states, then sending one motion request.
[WARN] [1775692531.553449460] [arm_look_at_table_stub_node]: Timed out waiting for complete arm joint state from /joint_states_sanitized.
[WARN] [1775692531.806750005] [arm_look_at_table_stub_node]: Timed out waiting for complete arm joint state from /joint_states_sanitized.
[WARN] [1775692532.066074524] [arm_look_at_table_stub_node]: Timed out waiting for complete arm joint state from /joint_states_sanitized.
[WARN] [1775692532.320054442] [arm_look_at_table_stub_node]: Timed out waiting for complete arm joint state from /joint_states_sanitized.
[WARN] [1775692532.577820233] [arm_look_at_table_stub_node]: Timed out waiting for complete arm joint state from /joint_states_sanitized.
[WARN] [1775692532.831324042] [arm_look_at_table_stub_node]: Timed out waiting for complete arm joint state from /joint_states_sanitized.
[WARN] [1775692533.083404536] [arm_look_at_table_stub_node]: Timed out waiting for complete arm joint state from /joint_states_sanitized.
[WARN] [1775692533.336681613] [arm_look_at_table_stub_node]: Timed out waiting for complete arm joint state from /joint_states_sanitized.
[WARN] [1775692533.596972069] [arm_look_at_table_stub_node]: Timed out waiting for complete arm joint state from /joint_states_sanitized.
[WARN] [1775692533.850980440] [arm_look_at_table_stub_node]: Timed out waiting for complete arm joint state from /joint_states_sanitized.
[INFO] [1775692533.961996593] [arm_look_at_table_stub_node]: is_near_look_at_table: current arm is not at target (worst=joint_6:0.555 rad > 0.100).
[INFO] [1775692533.962483474] [arm_look_at_table_stub_node]: is_near_look_at_table: current arm is not at target (worst=joint_6:0.555 rad > 0.080).
[INFO] [1775692533.962845370] [arm_look_at_table_stub_node]: look_at_table: planning to LOOK_AT_TABLE_JOINTS.
[INFO] [1775692533.973853078] [arm_look_at_table_stub_node]: _send_direct_joint_trajectory: sending fixed joint posture directly to /joint_trajectory_controller/follow_joint_trajectory over 5.78s.
[INFO] [1775692539.883722895] [arm_look_at_table_stub_node]: Arm look-at-table stub: motion completed successfully.
