
===== 2026-04-13T19:10:04-04:00 | T1_full =====
cwd=/home/carrt-cse-project/workspace/ros2_kortex_ws
cmd=ros2 launch adl_tasks adl_start.launch.py arm_use_fake_hardware:=false use_stub:=false 

[INFO] [launch]: All log files can be found below /home/carrt-cse-project/.ros/log/2026-04-13-19-10-04-842423-carrt-cse-project-OptiPlex-5050-36183
[INFO] [launch]: Default logging verbosity is set to INFO
[INFO] [launch.user]: [arm_start.launch] MoveIt current state source: /joint_states_sanitized. Use use_joint_state_sanitizer:=false for raw-state viewer debugging.
[INFO] [launch.user]: [arm_start.launch] Using ADL controller config (share/adl_tasks/config/ros2_controllers_vbox.yaml, update_rate:=50 Hz).
[INFO] [ros2_control_node-1]: process started with pid [36196]
[INFO] [robot_state_publisher-2]: process started with pid [36197]
[INFO] [joint_state_sanitizer-3]: process started with pid [36198]
[INFO] [spawner-4]: process started with pid [36199]
[INFO] [static_transform_publisher-5]: process started with pid [36200]
[INFO] [static_transform_publisher-6]: process started with pid [36201]
[INFO] [scene_static-7]: process started with pid [36202]
[INFO] [wrist_camera_usb_publisher-8]: process started with pid [36203]
[INFO] [vision_apriltag-9]: process started with pid [36204]
[INFO] [scene_from_vision-10]: process started with pid [36205]
[INFO] [adl_controller-11]: process started with pid [36206]
[INFO] [pick_dropped_bottle-12]: process started with pid [36207]
[INFO] [clear_table-13]: process started with pid [36208]
[INFO] [give_medication-14]: process started with pid [36209]
[INFO] [adl_ui-15]: process started with pid [36210]
[static_transform_publisher-6] [INFO] [1776121805.250623624] [camera_color_optical_bridge_tf_pub]: Spinning until stopped - publishing transform
[static_transform_publisher-6] translation: ('0.000000', '0.000000', '0.000000')
[static_transform_publisher-6] rotation: ('0.000000', '0.000000', '0.000000', '1.000000')
[static_transform_publisher-6] from 'camera_color_frame' to 'wrist_mounted_camera_color_optical_frame'
[static_transform_publisher-5] [INFO] [1776121805.257558084] [static_transform_publisher]: Spinning until stopped - publishing transform
[static_transform_publisher-5] translation: ('0.000000', '0.000000', '0.000000')
[static_transform_publisher-5] rotation: ('0.000000', '0.000000', '0.000000', '1.000000')
[static_transform_publisher-5] from 'world' to 'base_link'
[robot_state_publisher-2] [INFO] [1776121805.267051171] [robot_state_publisher]: Robot initialized
[ros2_control_node-1] [INFO] [1776121805.275938551] [controller_manager]: Using Steady (Monotonic) clock for triggering controller manager cycles.
[ros2_control_node-1] [INFO] [1776121805.309367244] [controller_manager]: Subscribing to '/robot_description' topic for robot description.
[ros2_control_node-1] [INFO] [1776121805.328672685] [controller_manager]: update rate is 50 Hz
[ros2_control_node-1] [INFO] [1776121805.328711868] [controller_manager]: Overruns handling is : enabled
[ros2_control_node-1] [INFO] [1776121805.328724687] [controller_manager]: Spawning controller_manager RT thread with scheduler priority: 50
[ros2_control_node-1] [INFO] [1776121805.331118641] [controller_manager]: Received robot description from topic.
[ros2_control_node-1] [INFO] [1776121805.331179375] [controller_manager]: Enforcing command limits is disabled. Command limits from URDF will be ignored.
[ros2_control_node-1] [INFO] [1776121805.331267449] [controller_manager]: Successful set up FIFO RT scheduling policy with priority 50.
[ros2_control_node-1] [INFO] [1776121805.346695110] [controller_manager]: Loading hardware 'KortexMultiInterfaceHardware' 
[ros2_control_node-1] [INFO] [1776121805.372183467] [KortexMultiInterfaceHardware]: Setting severity threshold to DEBUG
[ros2_control_node-1] [INFO] [1776121805.372265033] [controller_manager]: Loaded hardware 'KortexMultiInterfaceHardware' from plugin 'kortex_driver/KortexMultiInterfaceHardware'
[ros2_control_node-1] [INFO] [1776121805.373207086] [controller_manager]: Initialize hardware 'KortexMultiInterfaceHardware' 
[ros2_control_node-1] [INFO] [1776121805.431223653] [KortexMultiInterfaceHardware]: Configuring Hardware Interface
[ros2_control_node-1] [INFO] [1776121805.431926751] [KortexMultiInterfaceHardware]: Robot ip is '192.168.0.10'
[ros2_control_node-1] [INFO] [1776121805.431943902] [KortexMultiInterfaceHardware]: Username is 'admin'
[ros2_control_node-1] [INFO] [1776121805.431959482] [KortexMultiInterfaceHardware]: Port used '10000'
[ros2_control_node-1] [INFO] [1776121805.431965445] [KortexMultiInterfaceHardware]: Realtime port used '10001'
[ros2_control_node-1] [INFO] [1776121805.431970987] [KortexMultiInterfaceHardware]: Session inactivity timeout is '60000'
[ros2_control_node-1] [INFO] [1776121805.431976519] [KortexMultiInterfaceHardware]: Connection inactivity timeout is '2000'
[ros2_control_node-1] [INFO] [1776121805.431984004] [KortexMultiInterfaceHardware]: Gripper joint name is 'robotiq_85_left_knuckle_joint'
[ros2_control_node-1] [INFO] [1776121805.432019762] [KortexMultiInterfaceHardware]: Connecting to robot at 192.168.0.10
[ros2_control_node-1] [INFO] [1776121805.440448577] [KortexMultiInterfaceHardware]: Creating session for communication
[ros2_control_node-1] [INFO] [1776121805.783396857] [KortexMultiInterfaceHardware]: Session created
[spawner-4] [INFO] [1776121805.892410581] [spawner_joint_state_broadcaster]: waiting for service /controller_manager/list_controllers to become available...
[ros2_control_node-1] [INFO] [1776121806.483264178] [KortexMultiInterfaceHardware]: Actuator count reported by robot is '7'
[ros2_control_node-1] [INFO] [1776121806.483477785] [KortexMultiInterfaceHardware]: Using internal bus communication for gripper!
[ros2_control_node-1] [INFO] [1776121806.483486141] [KortexMultiInterfaceHardware]: Hardware Interface successfully configured
[ros2_control_node-1] [INFO] [1776121806.483585157] [controller_manager]: Successful initialization of hardware 'KortexMultiInterfaceHardware'
[ros2_control_node-1] [DEBUG] [1776121806.483661704] [KortexMultiInterfaceHardware]: export_state_interfaces for joint: joint_1
[ros2_control_node-1] [DEBUG] [1776121806.483690955] [KortexMultiInterfaceHardware]: export_state_interfaces for joint: joint_2
[ros2_control_node-1] [DEBUG] [1776121806.483698695] [KortexMultiInterfaceHardware]: export_state_interfaces for joint: joint_3
[ros2_control_node-1] [DEBUG] [1776121806.483704787] [KortexMultiInterfaceHardware]: export_state_interfaces for joint: joint_4
[ros2_control_node-1] [DEBUG] [1776121806.483709251] [KortexMultiInterfaceHardware]: export_state_interfaces for joint: joint_5
[ros2_control_node-1] [DEBUG] [1776121806.483714110] [KortexMultiInterfaceHardware]: export_state_interfaces for joint: joint_6
[ros2_control_node-1] [DEBUG] [1776121806.483719438] [KortexMultiInterfaceHardware]: export_state_interfaces for joint: joint_7
[ros2_control_node-1] [DEBUG] [1776121806.483723524] [KortexMultiInterfaceHardware]: export_state_interfaces for joint: robotiq_85_left_knuckle_joint
[ros2_control_node-1] [INFO] [1776121806.485742416] [resource_manager]: 'configure' hardware 'KortexMultiInterfaceHardware' 
[ros2_control_node-1] [INFO] [1776121806.485786664] [resource_manager]: Successful 'configure' of hardware 'KortexMultiInterfaceHardware'
[ros2_control_node-1] [INFO] [1776121806.485873825] [resource_manager]: 'activate' hardware 'KortexMultiInterfaceHardware' 
[ros2_control_node-1] [INFO] [1776121806.485901805] [KortexMultiInterfaceHardware]: Activating KortexMultiInterfaceHardware...
[ros2_control_node-1] [INFO] [1776121806.490819262] [KortexMultiInterfaceHardware]: Gripper initial position is '0.873365'.
[ros2_control_node-1] [INFO] [1776121806.494974646] [KortexMultiInterfaceHardware]: KortexMultiInterfaceHardware successfully activated!
[ros2_control_node-1] [INFO] [1776121806.495022064] [resource_manager]: Successful 'activate' of hardware 'KortexMultiInterfaceHardware'
[ros2_control_node-1] [INFO] [1776121806.495403795] [controller_manager]: Registering statistics for : KortexMultiInterfaceHardware
[ros2_control_node-1] [INFO] [1776121806.495635023] [controller_manager]: Resource Manager has been successfully initialized. Starting Controller Manager services...
[adl_ui-15] [INFO] [1776121806.543537787] [adl_ui_node]: ADL UI Node started.
[adl_ui-15] [INFO] [1776121806.550545524] [adl_ui_node]: Automatic retract on UI load is disabled; startup sends no motion.
[adl_ui-15]  * Serving Flask app 'adl_tasks.adl_ui'
[adl_ui-15]  * Debug mode: off
[adl_ui-15] [INFO] [1776121806.554906970] [adl_ui_node]: Web UI available at http://localhost:5000
[adl_ui-15] WARNING: This is a development server. Do not use it in a production deployment. Use a production WSGI server instead.
[adl_ui-15]  * Running on all addresses (0.0.0.0)
[adl_ui-15]  * Running on http://127.0.0.1:5000
[adl_ui-15]  * Running on http://192.168.0.231:5000
[adl_ui-15] Press CTRL+C to quit
[joint_state_sanitizer-3] [INFO] [1776121806.691697173] [joint_state_sanitizer_node]: joint_state_sanitizer started. raw=/joint_states -> sanitized=/joint_states_sanitized
[adl_ui-15] 127.0.0.1 - - [13/Apr/2026 19:10:06] "GET /status_json HTTP/1.1" 200 -
[scene_static-7] [INFO] [1776121806.804442356] [scene_static_node]: Static Scene Node started.
[scene_static-7] [INFO] [1776121806.805269968] [scene_static_node]: WHEELCHAIR_BASE_HEIGHT = 0.36195m  |  Table surface at z = 0.088m | Table center at x = 0.681m | include_wheelchair_wall=True | include_left_desk_wall=True
[clear_table-13] [INFO] [1776121807.245077894] [clear_table_node]: Clear Table Node Started
[adl_ui-15] 127.0.0.1 - - [13/Apr/2026 19:10:07] "GET /status_json HTTP/1.1" 200 -
[wrist_camera_usb_publisher-8] [INFO] [1776121807.584749645] [wrist_camera_usb_publisher_node]: USB camera publisher: trying camera source index 2.
[clear_table-13] [INFO] [1776121807.595598283] [clear_table_node]: MoveItHelper initialized. joint_state_topic=/joint_states_sanitized (sanitized_expected=True) real_hardware_mode=True short_cartesian_mode=planned
[wrist_camera_usb_publisher-8] [INFO] [1776121807.599836872] [wrist_camera_usb_publisher_node]: USB camera publisher: opened camera source index 2.
[wrist_camera_usb_publisher-8] [INFO] [1776121807.601356328] [wrist_camera_usb_publisher_node]: Wrist Camera USB Publisher started.
[wrist_camera_usb_publisher-8] [INFO] [1776121807.602157432] [wrist_camera_usb_publisher_node]: Publishing USB camera frames on /wrist_mounted_camera/image with frame_id=wrist_mounted_camera_color_optical_frame.
[wrist_camera_usb_publisher-8] [INFO] [1776121807.603838900] [wrist_camera_usb_publisher_node]: Publishing camera info on /wrist_mounted_camera/camera_info from reference intrinsics [554.25, 554.25, 320.0, 240.0] @ 640x480.
[wrist_camera_usb_publisher-8] [INFO] [1776121807.604822277] [wrist_camera_usb_publisher_node]: Using explicit camera_matrix for CameraInfo. matrix_size=1280x720, K=[920.874267578125, 0.0, 644.7646484375, 0.0, 921.5654907226562, 343.1528625488281, 0.0, 0.0, 1.0], d=[0.0, 0.0, 0.0, 0.0, 0.0]
[clear_table-13] [INFO] [1776121807.606093685] [clear_table_node]: Vision Client initialized, waiting for service...
[wrist_camera_usb_publisher-8] [INFO] [1776121807.606290400] [wrist_camera_usb_publisher_node]: Requested source=2 size=1280x720 fps=10.0
[pick_dropped_bottle-12] [INFO] [1776121807.724855902] [pick_dropped_bottle_node]: PickDroppedBottle starting...
[give_medication-14] [INFO] [1776121807.786170122] [give_medication_node]: give_medication starting...
[scene_from_vision-10] [INFO] [1776121807.816790814] [scene_from_vision_node]: Scene From Vision Node Started
[vision_apriltag-9] [INFO] [1776121807.841165030] [vision_apriltag_node]: Vision AprilTag Node Started
[vision_apriltag-9] [INFO] [1776121807.843345837] [vision_apriltag_node]: Subscribing to camera topic: /wrist_mounted_camera/image
[vision_apriltag-9] [INFO] [1776121807.845573097] [vision_apriltag_node]: Subscribing to camera info topic: /wrist_mounted_camera/camera_info
[vision_apriltag-9] [INFO] [1776121807.847833695] [vision_apriltag_node]: Camera frame: wrist_mounted_camera_color_optical_frame | use_image_header_frame=True
[vision_apriltag-9] [INFO] [1776121807.850136600] [vision_apriltag_node]: Tag size: 0.025m | pose_cache_retention_s=20.0 | get_pose_wait_timeout_s=5.0 | max_returned_pose_age_s=20.0 | camera_params=[554.25, 554.25, 320.0, 240.0] | families=tag36h11 | quad_decimate=1.0 | requested_backend=opencv | backend=cv2.aruco | opencv_pose_solver=ippe_square | use_image_timestamp_for_tf=False
[vision_apriltag-9] [INFO] [1776121807.852483895] [vision_apriltag_node]: Top-tag known-plane projection: enabled=True, planes={3: 0.10995, 4: 0.15155}
[vision_apriltag-9] [INFO] [1776121807.854804072] [vision_apriltag_node]: pupil_apriltags tuning: nthreads=1, quad_sigma=0.0, refine_edges=1, decode_sharpening=0.25, debug=0, preprocess_variants=['raw', 'clahe', 'adaptive', 'clahe_sharp', 'clahe_up2', 'sharp_up2'], tile_search_if_empty=True, tile_search_grid=3x2, tile_search_scale=2.0, tile_search_overlap=0.25
[pick_dropped_bottle-12] [INFO] [1776121807.854882489] [pick_dropped_bottle_node]: MoveItHelper initialized. joint_state_topic=/joint_states_sanitized (sanitized_expected=True) real_hardware_mode=True short_cartesian_mode=planned
[clear_table-13] [INFO] [1776121807.857820854] [clear_table_node]: Vision service is ready.
[vision_apriltag-9] [WARN] [1776121807.859170948] [vision_apriltag_node]: pupil_apriltags is not importable by this node, so detection is using OpenCV fallback only. python=/usr/bin/python3, import_error=No module named 'pupil_apriltags'. If .venv contains pupil_apriltags, rebuild adl_tasks with that venv active or run the module with the venv Python.
[vision_apriltag-9] [INFO] [1776121807.861974446] [vision_apriltag_node]: Publishing AprilTag debug images on /vision_apriltag/debug_image at up to 1.0 Hz.
[pick_dropped_bottle-12] [INFO] [1776121807.880846128] [pick_dropped_bottle_node]: Vision Client initialized, waiting for service...
[pick_dropped_bottle-12] [INFO] [1776121807.884382275] [pick_dropped_bottle_node]: Vision service is ready.
[clear_table-13] [INFO] [1776121807.885073236] [clear_table_node]: Clear Table Node ready. Waiting for command.
[clear_table-13] [INFO] [1776121807.885691339] [clear_table_node]: Startup motion disabled at node load; motion begins only after clear_table command.
[pick_dropped_bottle-12] [INFO] [1776121807.901625442] [pick_dropped_bottle_node]: PickDroppedBottle ready. Waiting for command.
[pick_dropped_bottle-12] [INFO] [1776121807.903454200] [pick_dropped_bottle_node]: Startup motion disabled at node load; motion begins only after pick_dropped_bottle command.
[give_medication-14] [INFO] [1776121807.916810689] [give_medication_node]: MoveItHelper initialized. joint_state_topic=/joint_states_sanitized (sanitized_expected=True) real_hardware_mode=True short_cartesian_mode=planned
[adl_controller-11] [INFO] [1776121807.921844420] [adl_controller_node]: MoveItHelper initialized. joint_state_topic=/joint_states_sanitized (sanitized_expected=True) real_hardware_mode=True short_cartesian_mode=planned
[give_medication-14] [INFO] [1776121807.934337419] [give_medication_node]: Vision Client initialized, waiting for service...
[give_medication-14] [INFO] [1776121807.935413353] [give_medication_node]: Vision service is ready.
[give_medication-14] [INFO] [1776121807.949570446] [give_medication_node]: give_medication ready.
[adl_controller-11] [INFO] [1776121807.952069823] [adl_controller_node]: ADL controller ready. Waiting for UI/system commands.
[scene_from_vision-10] [INFO] [1776121807.982856793] [scene_from_vision_node]: SceneFromVision: Updating planning scene. Tracking 5 object shape(s). memory_mode=True, scan_duration_s=5.0, scan_min_samples=3, scan_target_samples=8, scan_extend_step_s=1.5, scan_max_extensions=2, scan_prune_unseen_objects=False, continuous_scene_updates=False, latch_first_detection_updates=True, log_object_pose_debug=False, apply_planning_scene_service_updates=True, publish_monitored_planning_scene_updates=True, side_viewpoint=wrist_mounted_camera_color_optical_frame->base_link, reject_table_objects_outside_bounds=False.
[scene_from_vision-10] [INFO] [1776121807.984990364] [scene_from_vision_node]: SceneFromVision calibration: xy_offset=(0.000, 0.020), z_offset=0.000, yaw_deg=0.00, xy_scale=1.0000, clamp_table_objects_to_table_bounds=False, table_bounds_margin_m=0.030.
[scene_from_vision-10] [INFO] [1776121807.987205498] [scene_from_vision_node]: SceneFromVision object offsets: remote_axis=y, remote_tag_to_center_sign=-1.0, remote_tag_from_end_m=0.020, remote_world_offset=(-0.063, 0.000), remote_yaw_offset_deg=0.0, cube_tag_to_center=(0.000, 0.000), cube_world_offset=(0.000, 0.000), cube_yaw_offset_deg=0.0, medication_face_to_center_m=0.030, cup_face_to_center_m=0.037.
[adl_ui-15] 127.0.0.1 - - [13/Apr/2026 19:10:08] "GET /status_json HTTP/1.1" 200 -
[wrist_camera_usb_publisher-8] [INFO] [1776121808.247287901] [wrist_camera_usb_publisher_node]: USB camera info active intrinsics: size=1280x720, fx=920.87, fy=921.57, cx=644.76, cy=343.15, d=array('d', [0.0, 0.0, 0.0, 0.0, 0.0])
[wrist_camera_usb_publisher-8] [INFO] [1776121808.248285195] [wrist_camera_usb_publisher_node]: USB camera publisher heartbeat: publishing 1280x720 frames on /wrist_mounted_camera/image; camera_info fx=920.87, fy=921.57, cx=644.76, cy=343.15.
[vision_apriltag-9] [INFO] [1776121808.249591433] [vision_apriltag_node]: Vision AprilTag camera model updated from CameraInfo: size=1280x720, fx=920.87, fy=921.57, cx=644.76, cy=343.15, d=[0.0, 0.0, 0.0, 0.0, 0.0]
[vision_apriltag-9] [INFO] [1776121808.551321734] [vision_apriltag_node]: Vision AprilTag detection debug: no tags found after raw/CLAHE/sharp/adaptive/upscaled/tiled passes.
[adl_ui-15] 127.0.0.1 - - [13/Apr/2026 19:10:08] "GET /status_json HTTP/1.1" 200 -
[scene_static-7] [WARN] [1776121809.151673422] [scene_static_node]: Planning scene service not available, waiting...
[ros2_control_node-1] [INFO] [1776121809.488203883] [controller_manager]: Loading controller : 'joint_state_broadcaster' of type 'joint_state_broadcaster/JointStateBroadcaster'
[ros2_control_node-1] [INFO] [1776121809.488266069] [controller_manager]: Loading controller 'joint_state_broadcaster'
[ros2_control_node-1] [INFO] [1776121809.497938602] [controller_manager]: Controller 'joint_state_broadcaster' node arguments: --ros-args --params-file /home/carrt-cse-project/workspace/ros2_kortex_ws/install/adl_tasks/share/adl_tasks/config/ros2_controllers_vbox.yaml --params-file /tmp/launch_params_so0k34r4 
[spawner-4] [INFO] [1776121809.553918331] [spawner_joint_state_broadcaster]: Loaded joint_state_broadcaster
[ros2_control_node-1] [INFO] [1776121809.557758312] [controller_manager]: Configuring controller: 'joint_state_broadcaster'
[ros2_control_node-1] [INFO] [1776121809.558176293] [joint_state_broadcaster]: 'joints' or 'interfaces' parameter is empty. All available state interfaces will be published
[ros2_control_node-1] [INFO] [1776121809.676677354] [controller_manager]: Activating controllers: [ joint_state_broadcaster ]
[ros2_control_node-1] [INFO] [1776121809.693302617] [controller_manager]: Successfully switched controllers!
[spawner-4] [INFO] [1776121809.713990965] [spawner_joint_state_broadcaster]: Configured and activated joint_state_broadcaster
[adl_ui-15] 127.0.0.1 - - [13/Apr/2026 19:10:09] "GET /status_json HTTP/1.1" 200 -
[vision_apriltag-9] [INFO] [1776121809.777421773] [vision_apriltag_node]: Vision AprilTag: images are arriving on /wrist_mounted_camera/image, but no AprilTags have been detected yet.
[INFO] [spawner-4]: process has finished cleanly [pid 36199]
[INFO] [spawner-16]: process started with pid [36481]
[INFO] [spawner-17]: process started with pid [36482]
[INFO] [spawner-18]: process started with pid [36483]
[INFO] [spawner-19]: process started with pid [36484]
[spawner-19] [INFO] [1776121811.137254165] [spawner_fault_controller]: waiting for service /controller_manager/list_controllers to become available...
[scene_static-7] [WARN] [1776121811.157407753] [scene_static_node]: Planning scene service not available, waiting...
[adl_ui-15] 127.0.0.1 - - [13/Apr/2026 19:10:11] "GET /status_json HTTP/1.1" 200 -
[ros2_control_node-1] [INFO] [1776121811.486636400] [controller_manager]: Loading controller : 'fault_controller' of type 'picknik_reset_fault_controller/PicknikResetFaultController'
[ros2_control_node-1] [INFO] [1776121811.486678831] [controller_manager]: Loading controller 'fault_controller'
[ros2_control_node-1] [INFO] [1776121811.504008596] [controller_manager]: Controller 'fault_controller' node arguments: --ros-args --params-file /home/carrt-cse-project/workspace/ros2_kortex_ws/install/adl_tasks/share/adl_tasks/config/ros2_controllers_vbox.yaml --params-file /tmp/launch_params_so0k34r4 
[spawner-19] [INFO] [1776121811.597834079] [spawner_fault_controller]: Loaded fault_controller
[ros2_control_node-1] [INFO] [1776121811.609924276] [controller_manager]: Configuring controller: 'fault_controller'
[ros2_control_node-1] [INFO] [1776121811.655342349] [controller_manager]: Activating controllers: [ fault_controller ]
[ros2_control_node-1] [INFO] [1776121811.878711078] [controller_manager]: Successfully switched controllers!
[spawner-19] [INFO] [1776121811.897697752] [spawner_fault_controller]: Configured and activated fault_controller
[vision_apriltag-9] [INFO] [1776121811.932772461] [vision_apriltag_node]: Vision AprilTag: images are arriving on /wrist_mounted_camera/image, but no AprilTags have been detected yet.
[INFO] [spawner-19]: process has finished cleanly [pid 36484]
[adl_ui-15] 127.0.0.1 - - [13/Apr/2026 19:10:12] "GET /status_json HTTP/1.1" 200 -
[spawner-17] [INFO] [1776121812.490778073] [spawner_twist_controller]: waiting for service /controller_manager/list_controllers to become available...
[scene_static-7] [WARN] [1776121813.160650412] [scene_static_node]: Planning scene service not available, waiting...
[adl_ui-15] 127.0.0.1 - - [13/Apr/2026 19:10:13] "GET /status_json HTTP/1.1" 200 -
[wrist_camera_usb_publisher-8] [INFO] [1776121813.397599246] [wrist_camera_usb_publisher_node]: USB camera publisher heartbeat: publishing 1280x720 frames on /wrist_mounted_camera/image; camera_info fx=920.87, fy=921.57, cx=644.76, cy=343.15.
[vision_apriltag-9] [INFO] [1776121813.780117549] [vision_apriltag_node]: Vision AprilTag: images are arriving on /wrist_mounted_camera/image, but no AprilTags have been detected yet.
[vision_apriltag-9] [INFO] [1776121814.059026078] [vision_apriltag_node]: Vision AprilTag detection debug: no tags found after raw/CLAHE/sharp/adaptive/upscaled/tiled passes.
[adl_ui-15] 127.0.0.1 - - [13/Apr/2026 19:10:14] "GET /status_json HTTP/1.1" 200 -
[ros2_control_node-1] [INFO] [1776121815.008622850] [controller_manager]: Loading controller : 'twist_controller' of type 'picknik_twist_controller/PicknikTwistController'
[ros2_control_node-1] [INFO] [1776121815.008671900] [controller_manager]: Loading controller 'twist_controller'
[ros2_control_node-1] [INFO] [1776121815.021580038] [controller_manager]: Controller 'twist_controller' node arguments: --ros-args --params-file /home/carrt-cse-project/workspace/ros2_kortex_ws/install/adl_tasks/share/adl_tasks/config/ros2_controllers_vbox.yaml --params-file /tmp/launch_params_so0k34r4 
[spawner-17] [INFO] [1776121815.076728286] [spawner_twist_controller]: Loaded twist_controller
[ros2_control_node-1] [INFO] [1776121815.080715097] [controller_manager]: Configuring controller: 'twist_controller'
[ros2_control_node-1] [INFO] [1776121815.085133206] [twist_controller]: configure successful
[scene_static-7] [WARN] [1776121815.165951893] [scene_static_node]: Planning scene service not available, waiting...
[adl_ui-15] 127.0.0.1 - - [13/Apr/2026 19:10:15] "GET /status_json HTTP/1.1" 200 -
[spawner-18] [INFO] [1776121815.291089715] [spawner_robotiq_gripper_controller]: waiting for service /controller_manager/list_controllers to become available...
[INFO] [spawner-17]: process has finished cleanly [pid 36482]
[vision_apriltag-9] [INFO] [1776121815.776681480] [vision_apriltag_node]: Vision AprilTag: images are arriving on /wrist_mounted_camera/image, but no AprilTags have been detected yet.
[adl_ui-15] 127.0.0.1 - - [13/Apr/2026 19:10:16] "GET /status_json HTTP/1.1" 200 -
[scene_static-7] [WARN] [1776121817.172315362] [scene_static_node]: Planning scene service not available, waiting...
[adl_ui-15] 127.0.0.1 - - [13/Apr/2026 19:10:17] "GET /status_json HTTP/1.1" 200 -
[vision_apriltag-9] [INFO] [1776121817.777157513] [vision_apriltag_node]: Vision AprilTag: images are arriving on /wrist_mounted_camera/image, but no AprilTags have been detected yet.
[ros2_control_node-1] [INFO] [1776121818.058936991] [controller_manager]: Loading controller : 'robotiq_gripper_controller' of type 'position_controllers/GripperActionController'
[ros2_control_node-1] [INFO] [1776121818.059003672] [controller_manager]: Loading controller 'robotiq_gripper_controller'
[ros2_control_node-1] [INFO] [1776121818.065215848] [controller_manager]: Controller 'robotiq_gripper_controller' node arguments: --ros-args --params-file /home/carrt-cse-project/workspace/ros2_kortex_ws/install/adl_tasks/share/adl_tasks/config/ros2_controllers_vbox.yaml --params-file /tmp/launch_params_so0k34r4 
[ros2_control_node-1] [WARN] [1776121818.122849823] [robotiq_gripper_controller]: [Deprecated]: the `position_controllers/GripperActionController` and `effort_controllers::GripperActionController` controllers are replaced by 'parallel_gripper_controllers/GripperActionController' controller
[spawner-18] [INFO] [1776121818.134499432] [spawner_robotiq_gripper_controller]: Loaded robotiq_gripper_controller
[ros2_control_node-1] [INFO] [1776121818.142359438] [controller_manager]: Configuring controller: 'robotiq_gripper_controller'
[ros2_control_node-1] [INFO] [1776121818.142547668] [robotiq_gripper_controller]: Action status changes will be monitored at 20.000000 Hz.
[ros2_control_node-1] [INFO] [1776121818.160493300] [controller_manager]: Activating controllers: [ robotiq_gripper_controller ]
[adl_ui-15] 127.0.0.1 - - [13/Apr/2026 19:10:18] "GET /status_json HTTP/1.1" 200 -
[ros2_control_node-1] [INFO] [1776121818.381337322] [controller_manager]: Successfully switched controllers!
[spawner-18] [INFO] [1776121818.396620135] [spawner_robotiq_gripper_controller]: Configured and activated robotiq_gripper_controller
[wrist_camera_usb_publisher-8] [INFO] [1776121818.559791196] [wrist_camera_usb_publisher_node]: USB camera publisher heartbeat: publishing 1280x720 frames on /wrist_mounted_camera/image; camera_info fx=920.87, fy=921.57, cx=644.76, cy=343.15.
[spawner-16] [INFO] [1776121818.585025055] [spawner_joint_trajectory_controller]: waiting for service /controller_manager/list_controllers to become available...
[INFO] [spawner-18]: process has finished cleanly [pid 36483]
[scene_static-7] [WARN] [1776121819.176728326] [scene_static_node]: Planning scene service not available, waiting...
[adl_ui-15] 127.0.0.1 - - [13/Apr/2026 19:10:19] "GET /status_json HTTP/1.1" 200 -
[vision_apriltag-9] [INFO] [1776121819.356447911] [vision_apriltag_node]: Vision AprilTag detection debug: no tags found after raw/CLAHE/sharp/adaptive/upscaled/tiled passes.
[vision_apriltag-9] [INFO] [1776121819.781174113] [vision_apriltag_node]: Vision AprilTag: images are arriving on /wrist_mounted_camera/image, but no AprilTags have been detected yet.
[adl_ui-15] 127.0.0.1 - - [13/Apr/2026 19:10:20] "GET /status_json HTTP/1.1" 200 -
[scene_static-7] [WARN] [1776121821.181328991] [scene_static_node]: Planning scene service not available, waiting...
[ros2_control_node-1] [INFO] [1776121821.186961664] [controller_manager]: Loading controller : 'joint_trajectory_controller' of type 'joint_trajectory_controller/JointTrajectoryController'
[ros2_control_node-1] [INFO] [1776121821.187323766] [controller_manager]: Loading controller 'joint_trajectory_controller'
[ros2_control_node-1] [INFO] [1776121821.192455265] [controller_manager]: Controller 'joint_trajectory_controller' node arguments: --ros-args --params-file /home/carrt-cse-project/workspace/ros2_kortex_ws/install/adl_tasks/share/adl_tasks/config/ros2_controllers_vbox.yaml --params-file /tmp/launch_params_so0k34r4 
[adl_ui-15] 127.0.0.1 - - [13/Apr/2026 19:10:21] "GET /status_json HTTP/1.1" 200 -
[spawner-16] [INFO] [1776121821.273936646] [spawner_joint_trajectory_controller]: Loaded joint_trajectory_controller
[ros2_control_node-1] [INFO] [1776121821.278342500] [controller_manager]: Configuring controller: 'joint_trajectory_controller'
[ros2_control_node-1] [INFO] [1776121821.279148213] [joint_trajectory_controller]: No specific joint names are used for command interfaces. Using 'joints' parameter.
[ros2_control_node-1] [INFO] [1776121821.279474721] [joint_trajectory_controller]: Command interfaces are [position] and state interfaces are [position velocity].
[ros2_control_node-1] [INFO] [1776121821.279696439] [joint_trajectory_controller]: Using 'splines' interpolation method.
[ros2_control_node-1] [INFO] [1776121821.288917568] [joint_trajectory_controller]: Action status changes will be monitored at 10.00 Hz.
[ros2_control_node-1] [INFO] [1776121821.440126718] [controller_manager]: Activating controllers: [ joint_trajectory_controller ]
[ros2_control_node-1] [INFO] [1776121821.663997613] [controller_manager]: Successfully switched controllers!
[spawner-16] [INFO] [1776121821.675533619] [spawner_joint_trajectory_controller]: Configured and activated joint_trajectory_controller
[INFO] [spawner-16]: process has finished cleanly [pid 36481]
[vision_apriltag-9] [INFO] [1776121822.060032401] [vision_apriltag_node]: Vision AprilTag: images are arriving on /wrist_mounted_camera/image, but no AprilTags have been detected yet.
[adl_ui-15] 127.0.0.1 - - [13/Apr/2026 19:10:22] "GET /status_json HTTP/1.1" 200 -
[scene_static-7] [WARN] [1776121823.184034011] [scene_static_node]: Planning scene service not available, waiting...
[adl_ui-15] 127.0.0.1 - - [13/Apr/2026 19:10:23] "GET /status_json HTTP/1.1" 200 -
[INFO] [move_group-20]: process started with pid [36583]
[INFO] [rviz2-21]: process started with pid [36584]
[wrist_camera_usb_publisher-8] [INFO] [1776121823.724429708] [wrist_camera_usb_publisher_node]: USB camera publisher heartbeat: publishing 1280x720 frames on /wrist_mounted_camera/image; camera_info fx=920.87, fy=921.57, cx=644.76, cy=343.15.
[vision_apriltag-9] [INFO] [1776121823.782023285] [vision_apriltag_node]: Vision AprilTag: images are arriving on /wrist_mounted_camera/image, but no AprilTags have been detected yet.
[move_group-20] [INFO] [1776121823.795286416] [move_group.moveit.moveit.ros.rdf_loader]: Loaded robot model in 0.0122286 seconds
[move_group-20] [INFO] [1776121823.795455790] [move_group.moveit.moveit.core.robot_model]: Loading robot model 'gen3'...
[move_group-20] [INFO] [1776121823.795484053] [move_group.moveit.moveit.core.robot_model]: No root/virtual joint specified in SRDF. Assuming fixed joint
[move_group-20] [INFO] [1776121823.998774813] [move_group.moveit.moveit.kinematics.kdl_kinematics_plugin]: Joint weights for group 'manipulator': 1 1 1 1 1 1 1
[rviz2-21] [INFO] [1776121824.195648807] [rviz2]: Stereo is NOT SUPPORTED
[rviz2-21] [INFO] [1776121824.195727865] [rviz2]: OpenGl version: 4.6 (GLSL 4.6)
[rviz2-21] [INFO] [1776121824.227431825] [rviz2]: Stereo is NOT SUPPORTED
[adl_ui-15] 127.0.0.1 - - [13/Apr/2026 19:10:24] "GET /status_json HTTP/1.1" 200 -
[rviz2-21] Warning: class_loader.impl: SEVERE WARNING!!! A namespace collision has occurred with plugin factory for class rviz_default_plugins::displays::InteractiveMarkerDisplay. New factory will OVERWRITE existing one. This situation occurs when libraries containing plugins are directly linked against an executable (the one running right now generating this message). Please separate plugins out into their own library or just don't link against the library and use either class_loader::ClassLoader/MultiLibraryClassLoader to open.
[rviz2-21]          at line 321 in /opt/ros/jazzy/include/class_loader/class_loader/class_loader_core.hpp
[rviz2-21] [WARN] [1776121824.408850359] [rcl.logging_rosout]: Publisher already registered for node name: 'rviz2_moveit'. If this is due to multiple nodes with the same name then all logs for the logger named 'rviz2_moveit' will go out over the existing publisher. As soon as any node with that name is destructed it will unregister the publisher, preventing any further logs for that name from being published on the rosout topic.
[vision_apriltag-9] [INFO] [1776121824.427153626] [vision_apriltag_node]: Vision AprilTag detection debug: no tags found after raw/CLAHE/sharp/adaptive/upscaled/tiled passes.
[move_group-20] [INFO] [1776121824.460712964] [move_group.moveit.moveit.ros.planning_scene_monitor]: Publishing maintained planning scene on 'monitored_planning_scene'
[move_group-20] [INFO] [1776121824.460895976] [move_group.moveit.moveit.ros.moveit_cpp]: Listening to 'joint_states' for joint states
[move_group-20] [INFO] [1776121824.463556536] [move_group.moveit.moveit.ros.current_state_monitor]: Listening to joint states on topic 'joint_states'
[move_group-20] [INFO] [1776121824.464954534] [move_group.moveit.moveit.ros.planning_scene_monitor]: Listening to '/attached_collision_object' for attached collision objects
[move_group-20] [INFO] [1776121824.464987313] [move_group.moveit.moveit.ros.planning_scene_monitor]: Stopping existing planning scene publisher.
[move_group-20] [INFO] [1776121824.465365845] [move_group.moveit.moveit.ros.planning_scene_monitor]: Stopped publishing maintained planning scene.
[move_group-20] [INFO] [1776121824.466580796] [move_group.moveit.moveit.ros.planning_scene_monitor]: Publishing maintained planning scene on 'monitored_planning_scene'
[move_group-20] [INFO] [1776121824.466692220] [move_group.moveit.moveit.ros.planning_scene_monitor]: Starting planning scene monitor
[move_group-20] [INFO] [1776121824.468999352] [move_group.moveit.moveit.ros.planning_scene_monitor]: Listening to '/planning_scene'
[move_group-20] [INFO] [1776121824.469037024] [move_group.moveit.moveit.ros.planning_scene_monitor]: Starting world geometry update monitor for collision objects, attached objects, octomap updates.
[move_group-20] [INFO] [1776121824.471015293] [move_group.moveit.moveit.ros.planning_scene_monitor]: Listening to 'collision_object'
[move_group-20] [INFO] [1776121824.472883676] [move_group.moveit.moveit.ros.planning_scene_monitor]: Listening to 'planning_scene_world' for planning scene world geometry
[move_group-20] [WARN] [1776121824.474119029] [move_group.moveit.moveit.ros.occupancy_map_monitor]: Resolution not specified for Octomap. Assuming resolution = 0.1 instead
[move_group-20] [ERROR] [1776121824.474159782] [move_group.moveit.moveit.ros.occupancy_map_monitor]: No 3D sensor plugin(s) defined for octomap updates
[move_group-20] [INFO] [1776121824.737179731] [move_group.moveit.moveit.ros.planning_pipeline]: Successfully loaded planner 'OMPL'
[move_group-20] [INFO] [1776121824.743072297] [move_group]: Try loading adapter 'default_planning_request_adapters/ResolveConstraintFrames'
[move_group-20] [INFO] [1776121824.745051411] [move_group]: Loaded adapter 'default_planning_request_adapters/ResolveConstraintFrames'
[move_group-20] [INFO] [1776121824.745087323] [move_group]: Try loading adapter 'default_planning_request_adapters/ValidateWorkspaceBounds'
[move_group-20] [INFO] [1776121824.745830148] [move_group]: Loaded adapter 'default_planning_request_adapters/ValidateWorkspaceBounds'
[move_group-20] [INFO] [1776121824.745865480] [move_group]: Try loading adapter 'default_planning_request_adapters/CheckStartStateBounds'
[move_group-20] [INFO] [1776121824.745921821] [move_group]: Loaded adapter 'default_planning_request_adapters/CheckStartStateBounds'
[move_group-20] [INFO] [1776121824.745932593] [move_group]: Try loading adapter 'default_planning_request_adapters/CheckStartStateCollision'
[move_group-20] [INFO] [1776121824.745953544] [move_group]: Loaded adapter 'default_planning_request_adapters/CheckStartStateCollision'
[move_group-20] [INFO] [1776121824.750934143] [move_group]: Try loading adapter 'default_planning_response_adapters/AddTimeOptimalParameterization'
[move_group-20] [INFO] [1776121824.755201830] [move_group]: Loaded adapter 'default_planning_response_adapters/AddTimeOptimalParameterization'
[move_group-20] [INFO] [1776121824.755236736] [move_group]: Try loading adapter 'default_planning_response_adapters/ValidateSolution'
[move_group-20] [INFO] [1776121824.758994665] [move_group]: Loaded adapter 'default_planning_response_adapters/ValidateSolution'
[move_group-20] [INFO] [1776121824.759026791] [move_group]: Try loading adapter 'default_planning_response_adapters/DisplayMotionPath'
[move_group-20] [INFO] [1776121824.760097414] [move_group]: Loaded adapter 'default_planning_response_adapters/DisplayMotionPath'
[move_group-20] [INFO] [1776121824.849674448] [move_group.moveit.moveit.plugins.simple_controller_manager]: Added FollowJointTrajectory controller for joint_trajectory_controller
[move_group-20] [INFO] [1776121824.849745451] [move_group.moveit.moveit.plugins.simple_controller_manager]: robotiq_gripper_controller will command a max effort of: 0
[move_group-20] [INFO] [1776121824.859912811] [move_group.moveit.moveit.plugins.simple_controller_manager]: Added GripperCommand controller for robotiq_gripper_controller
[move_group-20] [INFO] [1776121824.860151680] [move_group.moveit.moveit.plugins.simple_controller_manager]: Returned 2 controllers in list
[move_group-20] [INFO] [1776121824.860194559] [move_group.moveit.moveit.plugins.simple_controller_manager]: Returned 2 controllers in list
[move_group-20] [INFO] [1776121824.860975243] [move_group.moveit.moveit.ros.trajectory_execution_manager]: Trajectory execution is managing controllers
[move_group-20] [INFO] [1776121824.861002065] [move_group]: MoveGroup debug mode is ON
[move_group-20] [INFO] [1776121824.906161628] [move_group.moveit.moveit.ros.move_group.executable]: 
[move_group-20] 
[move_group-20] ********************************************************
[move_group-20] * MoveGroup using: 
[move_group-20] *     - apply_planning_scene_service
[move_group-20] *     - clear_octomap_service
[move_group-20] *     - get_group_urdf
[move_group-20] *     - load_geometry_from_file
[move_group-20] *     - CartesianPathService
[move_group-20] *     - execute_trajectory_action
[move_group-20] *     - get_planning_scene_service
[move_group-20] *     - kinematics_service
[move_group-20] *     - move_action
[move_group-20] *     - motion_plan_service
[move_group-20] *     - query_planners_service
[move_group-20] *     - state_validation_service
[move_group-20] *     - save_geometry_to_file
[move_group-20] ********************************************************
[move_group-20] 
[move_group-20] [INFO] [1776121824.906242552] [move_group.moveit.moveit.ros.move_group.context]: MoveGroup context using pipeline ompl
[move_group-20] [INFO] [1776121824.906280123] [move_group.moveit.moveit.ros.move_group.context]: MoveGroup context initialization complete
[move_group-20] [96mLoading 'move_group/ApplyPlanningSceneService'...[0m
[move_group-20] [96mLoading 'move_group/ClearOctomapService'...[0m
[move_group-20] [96mLoading 'move_group/GetUrdfService'...[0m
[move_group-20] [96mLoading 'move_group/LoadGeometryFromFileService'...[0m
[move_group-20] [96mLoading 'move_group/MoveGroupCartesianPathService'...[0m
[move_group-20] [96mLoading 'move_group/MoveGroupExecuteTrajectoryAction'...[0m
[move_group-20] [96mLoading 'move_group/MoveGroupGetPlanningSceneService'...[0m
[move_group-20] [96mLoading 'move_group/MoveGroupKinematicsService'...[0m
[move_group-20] [96mLoading 'move_group/MoveGroupMoveAction'...[0m
[move_group-20] [96mLoading 'move_group/MoveGroupPlanService'...[0m
[move_group-20] [96mLoading 'move_group/MoveGroupQueryPlannersService'...[0m
[move_group-20] [96mLoading 'move_group/MoveGroupStateValidationService'...[0m
[move_group-20] [96mLoading 'move_group/SaveGeometryToFileService'...[0m
[move_group-20] 
[move_group-20] [92mYou can start planning now![0m
[move_group-20] 
[scene_static-7] [INFO] [1776121824.936668194] [scene_static_node]: Planning scene service available. Building static scene...
[scene_static-7] [INFO] [1776121824.964170485] [scene_static_node]: Static scene built: 15 objects added to MoveIt planning scene.
[adl_ui-15] 127.0.0.1 - - [13/Apr/2026 19:10:25] "GET /status_json HTTP/1.1" 200 -
[ros2_control_node-1] [INFO] [1776121825.645380031] [controller_manager]: Received robot description from topic.
[ros2_control_node-1] [WARN] [1776121825.645429434] [controller_manager]: ResourceManager has already loaded a urdf. Ignoring attempt to reload a robot description.
[vision_apriltag-9] [INFO] [1776121825.780493545] [vision_apriltag_node]: Vision AprilTag: images are arriving on /wrist_mounted_camera/image, but no AprilTags have been detected yet.
[adl_ui-15] 127.0.0.1 - - [13/Apr/2026 19:10:26] "GET /status_json HTTP/1.1" 200 -
[adl_ui-15] 127.0.0.1 - - [13/Apr/2026 19:10:27] "GET /status_json HTTP/1.1" 200 -
[rviz2-21] [ERROR] [1776121827.493490275] [rviz2_moveit.moveit.ros.motion_planning_frame]: Action server: /recognize_objects not available
[rviz2-21] [INFO] [1776121827.522294162] [rviz2_moveit.moveit.ros.motion_planning_frame]: MoveGroup namespace changed: / -> . Reloading params.
[rviz2-21] [INFO] [1776121827.580849676] [rviz2_moveit.moveit.ros.rdf_loader]: Loaded robot model in 0.0111868 seconds
[rviz2-21] [INFO] [1776121827.580951339] [rviz2_moveit.moveit.core.robot_model]: Loading robot model 'gen3'...
[rviz2-21] [INFO] [1776121827.580991038] [rviz2_moveit.moveit.core.robot_model]: No root/virtual joint specified in SRDF. Assuming fixed joint
[rviz2-21] [INFO] [1776121827.788623813] [rviz2_moveit.moveit.kinematics.kdl_kinematics_plugin]: Joint weights for group 'manipulator': 1 1 1 1 1 1 1
[vision_apriltag-9] [INFO] [1776121827.820516817] [vision_apriltag_node]: Vision AprilTag: images are arriving on /wrist_mounted_camera/image, but no AprilTags have been detected yet.
[rviz2-21] [INFO] [1776121828.227451937] [rviz2_moveit.moveit.ros.planning_scene_monitor]: Starting planning scene monitor
[rviz2-21] [INFO] [1776121828.230878666] [rviz2_moveit.moveit.ros.planning_scene_monitor]: Listening to '/monitored_planning_scene'
[adl_ui-15] 127.0.0.1 - - [13/Apr/2026 19:10:28] "GET /status_json HTTP/1.1" 200 -
[rviz2-21] [INFO] [1776121828.550601399] [interactive_marker_display_110084179569856]: Connected on namespace: /rviz_moveit_motion_planning_display/robot_interaction_interactive_marker_topic
[rviz2-21] [INFO] [1776121828.559017347] [rviz2_moveit.moveit.ros.robot_interaction]: No active joints or end effectors found for group 'gripper'. Make sure that kinematics.yaml is loaded in this node's namespace.
[rviz2-21] [INFO] [1776121828.560033394] [rviz2_moveit.moveit.ros.robot_interaction]: No active joints or end effectors found for group 'gripper'. Make sure that kinematics.yaml is loaded in this node's namespace.
[rviz2-21] [INFO] [1776121828.578437303] [interactive_marker_display_110084179569856]: Sending request for interactive markers
[rviz2-21] [INFO] [1776121828.611659135] [interactive_marker_display_110084179569856]: Service response received for initialization
[rviz2-21] [INFO] [1776121828.649221662] [rviz2_moveit.moveit.ros.motion_planning_frame]: group gripper
[rviz2-21] [INFO] [1776121828.649290783] [rviz2_moveit.moveit.ros.motion_planning_frame]: Constructing new MoveGroup connection for group 'gripper' in namespace ''
[rviz2-21] [INFO] [1776121828.680198170] [rviz2_moveit.moveit.ros.move_group_interface]: Ready to take commands for planning group gripper.
[rviz2-21] [INFO] [1776121828.683433863] [rviz2_moveit.moveit.ros.motion_planning_frame]: group gripper
[wrist_camera_usb_publisher-8] [INFO] [1776121828.880404618] [wrist_camera_usb_publisher_node]: USB camera publisher heartbeat: publishing 1280x720 frames on /wrist_mounted_camera/image; camera_info fx=920.87, fy=921.57, cx=644.76, cy=343.15.
[adl_ui-15] 127.0.0.1 - - [13/Apr/2026 19:10:29] "GET /status_json HTTP/1.1" 200 -
[vision_apriltag-9] [INFO] [1776121829.493282200] [vision_apriltag_node]: Vision AprilTag detection debug: no tags found after raw/CLAHE/sharp/adaptive/upscaled/tiled passes.
[vision_apriltag-9] [INFO] [1776121829.776273898] [vision_apriltag_node]: Vision AprilTag: images are arriving on /wrist_mounted_camera/image, but no AprilTags have been detected yet.
[adl_ui-15] 127.0.0.1 - - [13/Apr/2026 19:10:30] "GET /status_json HTTP/1.1" 200 -
[adl_ui-15] 127.0.0.1 - - [13/Apr/2026 19:10:31] "GET /status_json HTTP/1.1" 200 -
[vision_apriltag-9] [INFO] [1776121831.795061308] [vision_apriltag_node]: Vision AprilTag: images are arriving on /wrist_mounted_camera/image, but no AprilTags have been detected yet.
[adl_ui-15] 127.0.0.1 - - [13/Apr/2026 19:10:32] "GET /status_json HTTP/1.1" 200 -
[adl_ui-15] 127.0.0.1 - - [13/Apr/2026 19:10:33] "GET /status_json HTTP/1.1" 200 -
[adl_ui-15] 127.0.0.1 - - [13/Apr/2026 19:10:33] "GET /status_json HTTP/1.1" 200 -
[wrist_camera_usb_publisher-8] [INFO] [1776121833.880934648] [wrist_camera_usb_publisher_node]: USB camera publisher heartbeat: publishing 1280x720 frames on /wrist_mounted_camera/image; camera_info fx=920.87, fy=921.57, cx=644.76, cy=343.15.
[vision_apriltag-9] [INFO] [1776121834.000072211] [vision_apriltag_node]: Vision AprilTag: images are arriving on /wrist_mounted_camera/image, but no AprilTags have been detected yet.
[adl_ui-15] 127.0.0.1 - - [13/Apr/2026 19:10:34] "GET /status_json HTTP/1.1" 200 -
[vision_apriltag-9] [INFO] [1776121834.677484890] [vision_apriltag_node]: Vision AprilTag detection debug: no tags found after raw/CLAHE/sharp/adaptive/upscaled/tiled passes.
[adl_ui-15] 127.0.0.1 - - [13/Apr/2026 19:10:35] "GET /status_json HTTP/1.1" 200 -
[vision_apriltag-9] [INFO] [1776121835.775992410] [vision_apriltag_node]: Vision AprilTag: images are arriving on /wrist_mounted_camera/image, but no AprilTags have been detected yet.
[adl_ui-15] 127.0.0.1 - - [13/Apr/2026 19:10:36] "GET /status_json HTTP/1.1" 200 -
[adl_ui-15] 127.0.0.1 - - [13/Apr/2026 19:10:36] "GET /status_json HTTP/1.1" 200 -
[adl_ui-15] 127.0.0.1 - - [13/Apr/2026 19:10:37] "GET /status_json HTTP/1.1" 200 -
[vision_apriltag-9] [INFO] [1776121838.171714714] [vision_apriltag_node]: Vision AprilTag: images are arriving on /wrist_mounted_camera/image, but no AprilTags have been detected yet.
[adl_ui-15] 127.0.0.1 - - [13/Apr/2026 19:10:38] "GET /status_json HTTP/1.1" 200 -
[wrist_camera_usb_publisher-8] [INFO] [1776121839.034878895] [wrist_camera_usb_publisher_node]: USB camera publisher heartbeat: publishing 1280x720 frames on /wrist_mounted_camera/image; camera_info fx=920.87, fy=921.57, cx=644.76, cy=343.15.
[adl_ui-15] 127.0.0.1 - - [13/Apr/2026 19:10:39] "GET /status_json HTTP/1.1" 200 -
[vision_apriltag-9] [INFO] [1776121839.715176327] [vision_apriltag_node]: Vision AprilTag detection debug: no tags found after raw/CLAHE/sharp/adaptive/upscaled/tiled passes.
[adl_ui-15] 127.0.0.1 - - [13/Apr/2026 19:10:39] "GET /status_json HTTP/1.1" 200 -
[vision_apriltag-9] [INFO] [1776121840.314560294] [vision_apriltag_node]: Vision AprilTag: images are arriving on /wrist_mounted_camera/image, but no AprilTags have been detected yet.
[adl_ui-15] [INFO] [1776121840.450104588] [adl_ui_node]: UI command published: clear_table
[clear_table-13] [INFO] [1776121840.460481505] [clear_table_node]: Received clear_table command. Starting task execution.
[clear_table-13] [INFO] [1776121840.467120661] [clear_table_node]: Starting Clear Table Task...
[scene_from_vision-10] [INFO] [1776121840.479174448] [scene_from_vision_node]: Scene memory cleared. Removed remembered IDs: []
[adl_ui-15] 127.0.0.1 - - [13/Apr/2026 19:10:40] "POST /command HTTP/1.1" 200 -
[clear_table-13] [INFO] [1776121840.522731633] [clear_table_node]: Scene memory cleared. Removed remembered IDs: []
[clear_table-13] [INFO] [1776121840.523998456] [clear_table_node]: Scene LOCKED.
[scene_from_vision-10] [INFO] [1776121840.525529848] [scene_from_vision_node]: Scene LOCKED - updates paused.
[adl_ui-15] 127.0.0.1 - - [13/Apr/2026 19:10:40] "GET /status_json HTTP/1.1" 200 -
[clear_table-13] [INFO] [1776121840.675849106] [clear_table_node]: Moving to perform the initial scene scan for clear table task...
[move_group-20] [ERROR] [1776121840.719867246] [move_group.moveit.moveit.core.conversions]: Found empty JointState message
[INFO] [launch.user]: [arm_start.launch] move_group reported an empty JointState while sanitizer mode is active. Keeping the launch alive, but this still indicates a planning-state problem. move_group output: [ERROR] [1776121840.719867246] [move_group.moveit.moveit.core.conversions]: Found empty JointState message
[clear_table-13] [INFO] [1776121840.725324968] [clear_table_node]: Start state: collision-valid — no collisions (not a joint-bounds check).
[move_group-20] [INFO] [1776121840.730241817] [move_group.moveit.moveit.ros.move_group.move_action]: MoveGroupMoveAction: Received request
[move_group-20] [INFO] [1776121840.731164302] [move_group.moveit.moveit.ros.move_group.move_action]: executing..
[move_group-20] [INFO] [1776121840.753431946] [move_group.moveit.moveit.ros.move_group.move_action]: Combined planning and execution request received for MoveGroup action. Forwarding to planning and execution pipeline.
[move_group-20] [WARN] [1776121840.753559264] [move_group.moveit.moveit.ros.move_group.capability]: Execution of motions should always start at the robot's current state. Ignoring the state supplied as start state in the motion planning request
[move_group-20] [WARN] [1776121840.753592043] [move_group.moveit.moveit.ros.move_group.capability]: Execution of motions should always start at the robot's current state. Ignoring the state supplied as difference in the planning scene diff
[move_group-20] [INFO] [1776121840.753618618] [move_group.moveit.moveit.ros.plan_execution]: Planning attempt 1 of at most 1
[move_group-20] [INFO] [1776121840.754203063] [move_group]: Calling PlanningRequestAdapter 'ResolveConstraintFrames'
[move_group-20] [INFO] [1776121840.754279908] [move_group]: Calling PlanningRequestAdapter 'ValidateWorkspaceBounds'
[move_group-20] [INFO] [1776121840.754298325] [move_group]: Calling PlanningRequestAdapter 'CheckStartStateBounds'
[move_group-20] [INFO] [1776121840.754337497] [move_group]: Calling PlanningRequestAdapter 'CheckStartStateCollision'
[move_group-20] [INFO] [1776121840.757210114] [move_group.moveit.moveit.planners.ompl.model_based_planning_context]: Planner configuration 'manipulator' will use planner 'geometric::RRTConnect'. Additional configuration parameters will be set when the planner is constructed.
[move_group-20] [INFO] [1776121840.757551124] [move_group]: Calling Planner 'OMPL'
[move_group-20] [INFO] [1776121840.790670488] [move_group]: Calling PlanningResponseAdapter 'AddTimeOptimalParameterization'
[move_group-20] [INFO] [1776121840.795378259] [move_group]: Calling PlanningResponseAdapter 'ValidateSolution'
[move_group-20] [INFO] [1776121840.796382911] [move_group]: Calling PlanningResponseAdapter 'DisplayMotionPath'
[move_group-20] [WARN] [1776121840.796604442] [move_group.moveit.moveit.ros.planning_pipeline]: The planner plugin did not fill out the 'planner_id' field of the MotionPlanResponse. Setting it to the planner ID name of the MotionPlanRequest assuming that the planner plugin does warn you if it does not use the requested planner.
[move_group-20] [INFO] [1776121840.796839281] [move_group.moveit.moveit.plugins.simple_controller_manager]: Returned 2 controllers in list
[move_group-20] [INFO] [1776121840.796867751] [move_group.moveit.moveit.plugins.simple_controller_manager]: Returned 2 controllers in list
[move_group-20] [INFO] [1776121840.796956807] [move_group.moveit.moveit.ros.trajectory_execution_manager]: Validating trajectory with allowed_start_tolerance 0.01
[move_group-20] [INFO] [1776121840.810517561] [move_group.moveit.moveit.ros.trajectory_execution_manager]: Starting trajectory execution ...
[move_group-20] [INFO] [1776121840.810675812] [move_group.moveit.moveit.plugins.simple_controller_manager]: Returned 2 controllers in list
[move_group-20] [INFO] [1776121840.810731567] [move_group.moveit.moveit.plugins.simple_controller_manager]: Returned 2 controllers in list
[move_group-20] [INFO] [1776121840.815301560] [moveit.simple_controller_manager.follow_joint_trajectory_controller_handle]: sending trajectory to joint_trajectory_controller
[ros2_control_node-1] [INFO] [1776121840.817640143] [joint_trajectory_controller]: Received new action goal
[ros2_control_node-1] [INFO] [1776121840.817855834] [joint_trajectory_controller]: Accepted new action goal
[move_group-20] [INFO] [1776121840.818299242] [moveit.simple_controller_manager.follow_joint_trajectory_controller_handle]: joint_trajectory_controller started execution
[move_group-20] [INFO] [1776121840.818323927] [moveit.simple_controller_manager.follow_joint_trajectory_controller_handle]: Goal request accepted!
[ros2_control_node-1] [ERROR] [1776121840.978222044] [KortexMultiInterfaceHardware]: Kortex exception: Device error, Error sub type=WRONG_SERVOING_MODE => <srv: 3, fct: 1, msgType: 3>
[ros2_control_node-1] description: Wrong servoing mode, must be low level servoing mode
[ros2_control_node-1] [ERROR] [1776121840.978299485] [KortexMultiInterfaceHardware]: Error sub-code: WRONG_SERVOING_MODE
[ros2_control_node-1] [WARN] [1776121840.978359713] [controller_manager]: Overrun might occur, Total time : 86931.291 us (Expected < 20000.000 us) --> Read time : 63.991 us, Update time : 351.400 us, Write time : 86515.900 us
[ros2_control_node-1] [WARN] [1776121840.978428953] [controller_manager]: Overrun detected! The controller manager missed its desired rate of 50 Hz. The loop took 87.045287 ms (missed cycles : 5).
[adl_ui-15] 127.0.0.1 - - [13/Apr/2026 19:10:41] "GET /status_json HTTP/1.1" 200 -
[ros2_control_node-1] [ERROR] [1776121841.291583369] [tolerances]: State tolerances failed for joint 3:
[ros2_control_node-1] [ERROR] [1776121841.291620350] [tolerances]: Position Error: 0.154001, Position Tolerance: 0.150000
[ros2_control_node-1] [WARN] [1776121841.291757390] [joint_trajectory_controller]: Aborted due to state tolerance violation
[move_group-20] [WARN] [1776121841.322727828] [moveit.simple_controller_manager.follow_joint_trajectory_controller_handle]: Controller 'joint_trajectory_controller' failed with error PATH_TOLERANCE_VIOLATED: Aborted due to path tolerance violation
[move_group-20] [WARN] [1776121841.322779755] [move_group.moveit.moveit.ros.trajectory_execution_manager]: Controller handle joint_trajectory_controller reports status ABORTED
[move_group-20] [INFO] [1776121841.322823809] [move_group.moveit.moveit.ros.trajectory_execution_manager]: Completed trajectory execution with status ABORTED ...
[move_group-20] [INFO] [1776121841.330579487] [move_group.moveit.moveit.ros.move_group.move_action]: CONTROL_FAILED
[clear_table-13] [ERROR] [1776121841.336817851] [clear_table_node]: MoveGroup execution failed.
[clear_table-13]   error_code.val = -4
[clear_table-13]   group_name      = manipulator
[clear_table-13]   num_attempts    = 10
[clear_table-13]   allowed_time    = 10.0
[clear_table-13]   vel_scale       = 0.3
[clear_table-13]   accel_scale     = 0.3
[clear_table-13] If this persists, check move_group / controller logs for the meaning of this code (often control abort, invalid start state, or planning pipeline failure).
[clear_table-13] [WARN] [1776121841.338592574] [clear_table_node]: _recover_after_failure(): MoveGroup error_code=-4
[vision_apriltag-9] [INFO] [1776121841.775893413] [vision_apriltag_node]: Vision AprilTag: scene is locked; detection publishing is paused.
[adl_ui-15] 127.0.0.1 - - [13/Apr/2026 19:10:42] "GET /status_json HTTP/1.1" 200 -
[clear_table-13] [WARN] [1776121842.542519786] [clear_table_node]: Initial scene scan move failed. Retrying look_at_table (2/3) after short settle.
[adl_ui-15] 127.0.0.1 - - [13/Apr/2026 19:10:42] "GET /status_json HTTP/1.1" 200 -
[move_group-20] [ERROR] [1776121843.011423295] [move_group.moveit.moveit.core.conversions]: Found empty JointState message
[clear_table-13] [INFO] [1776121843.015037068] [clear_table_node]: Start state: collision-valid — no collisions (not a joint-bounds check).
[move_group-20] [INFO] [1776121843.016945338] [move_group.moveit.moveit.ros.move_group.move_action]: MoveGroupMoveAction: Received request
[move_group-20] [INFO] [1776121843.017450287] [move_group.moveit.moveit.ros.move_group.move_action]: executing..
[move_group-20] [INFO] [1776121843.030239775] [move_group.moveit.moveit.ros.move_group.move_action]: Combined planning and execution request received for MoveGroup action. Forwarding to planning and execution pipeline.
[move_group-20] [WARN] [1776121843.030327804] [move_group.moveit.moveit.ros.move_group.capability]: Execution of motions should always start at the robot's current state. Ignoring the state supplied as start state in the motion planning request
[move_group-20] [WARN] [1776121843.030354386] [move_group.moveit.moveit.ros.move_group.capability]: Execution of motions should always start at the robot's current state. Ignoring the state supplied as difference in the planning scene diff
[move_group-20] [INFO] [1776121843.030371804] [move_group.moveit.moveit.ros.plan_execution]: Planning attempt 1 of at most 1
[move_group-20] [INFO] [1776121843.030758660] [move_group]: Calling PlanningRequestAdapter 'ResolveConstraintFrames'
[move_group-20] [INFO] [1776121843.030803397] [move_group]: Calling PlanningRequestAdapter 'ValidateWorkspaceBounds'
[move_group-20] [INFO] [1776121843.030823696] [move_group]: Calling PlanningRequestAdapter 'CheckStartStateBounds'
[move_group-20] [INFO] [1776121843.030862500] [move_group]: Calling PlanningRequestAdapter 'CheckStartStateCollision'
[move_group-20] [INFO] [1776121843.031540904] [move_group.moveit.moveit.planners.ompl.model_based_planning_context]: Planner configuration 'manipulator' will use planner 'geometric::RRTConnect'. Additional configuration parameters will be set when the planner is constructed.
[move_group-20] [INFO] [1776121843.031654384] [move_group]: Calling Planner 'OMPL'
[move_group-20] [INFO] [1776121843.075839986] [move_group]: Calling PlanningResponseAdapter 'AddTimeOptimalParameterization'
[move_group-20] [INFO] [1776121843.095664897] [move_group]: Calling PlanningResponseAdapter 'ValidateSolution'
[move_group-20] [INFO] [1776121843.098693011] [move_group]: Calling PlanningResponseAdapter 'DisplayMotionPath'
[move_group-20] [WARN] [1776121843.099034770] [move_group.moveit.moveit.ros.planning_pipeline]: The planner plugin did not fill out the 'planner_id' field of the MotionPlanResponse. Setting it to the planner ID name of the MotionPlanRequest assuming that the planner plugin does warn you if it does not use the requested planner.
[move_group-20] [INFO] [1776121843.099442614] [move_group.moveit.moveit.plugins.simple_controller_manager]: Returned 2 controllers in list
[move_group-20] [INFO] [1776121843.099474900] [move_group.moveit.moveit.plugins.simple_controller_manager]: Returned 2 controllers in list
[move_group-20] [INFO] [1776121843.099592238] [move_group.moveit.moveit.ros.trajectory_execution_manager]: Validating trajectory with allowed_start_tolerance 0.01
[move_group-20] [INFO] [1776121843.110314584] [move_group.moveit.moveit.ros.trajectory_execution_manager]: Starting trajectory execution ...
[move_group-20] [INFO] [1776121843.110381982] [move_group.moveit.moveit.plugins.simple_controller_manager]: Returned 2 controllers in list
[move_group-20] [INFO] [1776121843.110413146] [move_group.moveit.moveit.plugins.simple_controller_manager]: Returned 2 controllers in list
[move_group-20] [INFO] [1776121843.110593086] [moveit.simple_controller_manager.follow_joint_trajectory_controller_handle]: sending trajectory to joint_trajectory_controller
[ros2_control_node-1] [INFO] [1776121843.112169730] [joint_trajectory_controller]: Received new action goal
[ros2_control_node-1] [INFO] [1776121843.112376147] [joint_trajectory_controller]: Accepted new action goal
[move_group-20] [INFO] [1776121843.112732501] [moveit.simple_controller_manager.follow_joint_trajectory_controller_handle]: joint_trajectory_controller started execution
[move_group-20] [INFO] [1776121843.112755850] [moveit.simple_controller_manager.follow_joint_trajectory_controller_handle]: Goal request accepted!
[adl_ui-15] 127.0.0.1 - - [13/Apr/2026 19:10:43] "GET /status_json HTTP/1.1" 200 -
[ros2_control_node-1] [ERROR] [1776121843.571527508] [tolerances]: State tolerances failed for joint 3:
[ros2_control_node-1] [ERROR] [1776121843.571566005] [tolerances]: Position Error: 0.150303, Position Tolerance: 0.150000
[ros2_control_node-1] [WARN] [1776121843.571612105] [joint_trajectory_controller]: Aborted due to state tolerance violation
[move_group-20] [WARN] [1776121843.613428845] [moveit.simple_controller_manager.follow_joint_trajectory_controller_handle]: Controller 'joint_trajectory_controller' failed with error PATH_TOLERANCE_VIOLATED: Aborted due to path tolerance violation
[move_group-20] [WARN] [1776121843.613512525] [move_group.moveit.moveit.ros.trajectory_execution_manager]: Controller handle joint_trajectory_controller reports status ABORTED
[move_group-20] [INFO] [1776121843.613543512] [move_group.moveit.moveit.ros.trajectory_execution_manager]: Completed trajectory execution with status ABORTED ...
[move_group-20] [INFO] [1776121843.620553530] [move_group.moveit.moveit.ros.move_group.move_action]: CONTROL_FAILED
[clear_table-13] [ERROR] [1776121843.628640590] [clear_table_node]: MoveGroup execution failed.
[clear_table-13]   error_code.val = -4
[clear_table-13]   group_name      = manipulator
[clear_table-13]   num_attempts    = 10
[clear_table-13]   allowed_time    = 10.0
[clear_table-13]   vel_scale       = 0.3
[clear_table-13]   accel_scale     = 0.3
[clear_table-13] If this persists, check move_group / controller logs for the meaning of this code (often control abort, invalid start state, or planning pipeline failure).
[clear_table-13] [WARN] [1776121843.629363200] [clear_table_node]: _recover_after_failure(): MoveGroup error_code=-4
[vision_apriltag-9] [INFO] [1776121843.776028479] [vision_apriltag_node]: Vision AprilTag: scene is locked; detection publishing is paused.
[wrist_camera_usb_publisher-8] [INFO] [1776121844.194865535] [wrist_camera_usb_publisher_node]: USB camera publisher heartbeat: publishing 1280x720 frames on /wrist_mounted_camera/image; camera_info fx=920.87, fy=921.57, cx=644.76, cy=343.15.
[adl_ui-15] 127.0.0.1 - - [13/Apr/2026 19:10:44] "GET /status_json HTTP/1.1" 200 -
[clear_table-13] [WARN] [1776121844.833852751] [clear_table_node]: Initial scene scan move failed. Retrying look_at_table (3/3) after short settle.
[adl_ui-15] 127.0.0.1 - - [13/Apr/2026 19:10:45] "GET /status_json HTTP/1.1" 200 -
[move_group-20] [ERROR] [1776121845.302208434] [move_group.moveit.moveit.core.conversions]: Found empty JointState message
[clear_table-13] [INFO] [1776121845.304970544] [clear_table_node]: Start state: collision-valid — no collisions (not a joint-bounds check).
[move_group-20] [INFO] [1776121845.305842600] [move_group.moveit.moveit.ros.move_group.move_action]: MoveGroupMoveAction: Received request
[move_group-20] [INFO] [1776121845.306024829] [move_group.moveit.moveit.ros.move_group.move_action]: executing..
[move_group-20] [INFO] [1776121845.310127990] [move_group.moveit.moveit.ros.move_group.move_action]: Combined planning and execution request received for MoveGroup action. Forwarding to planning and execution pipeline.
[move_group-20] [WARN] [1776121845.310189507] [move_group.moveit.moveit.ros.move_group.capability]: Execution of motions should always start at the robot's current state. Ignoring the state supplied as start state in the motion planning request
[move_group-20] [WARN] [1776121845.310214543] [move_group.moveit.moveit.ros.move_group.capability]: Execution of motions should always start at the robot's current state. Ignoring the state supplied as difference in the planning scene diff
[move_group-20] [INFO] [1776121845.310237496] [move_group.moveit.moveit.ros.plan_execution]: Planning attempt 1 of at most 1
[move_group-20] [INFO] [1776121845.310482763] [move_group]: Calling PlanningRequestAdapter 'ResolveConstraintFrames'
[move_group-20] [INFO] [1776121845.310525040] [move_group]: Calling PlanningRequestAdapter 'ValidateWorkspaceBounds'
[move_group-20] [INFO] [1776121845.310542905] [move_group]: Calling PlanningRequestAdapter 'CheckStartStateBounds'
[move_group-20] [INFO] [1776121845.310578181] [move_group]: Calling PlanningRequestAdapter 'CheckStartStateCollision'
[move_group-20] [INFO] [1776121845.310985743] [move_group.moveit.moveit.planners.ompl.model_based_planning_context]: Planner configuration 'manipulator' will use planner 'geometric::RRTConnect'. Additional configuration parameters will be set when the planner is constructed.
[move_group-20] [INFO] [1776121845.311064932] [move_group]: Calling Planner 'OMPL'
[move_group-20] [INFO] [1776121845.333527394] [move_group]: Calling PlanningResponseAdapter 'AddTimeOptimalParameterization'
[move_group-20] [INFO] [1776121845.335945287] [move_group]: Calling PlanningResponseAdapter 'ValidateSolution'
[move_group-20] [INFO] [1776121845.336645056] [move_group]: Calling PlanningResponseAdapter 'DisplayMotionPath'
[move_group-20] [WARN] [1776121845.336749247] [move_group.moveit.moveit.ros.planning_pipeline]: The planner plugin did not fill out the 'planner_id' field of the MotionPlanResponse. Setting it to the planner ID name of the MotionPlanRequest assuming that the planner plugin does warn you if it does not use the requested planner.
[move_group-20] [INFO] [1776121845.336945363] [move_group.moveit.moveit.plugins.simple_controller_manager]: Returned 2 controllers in list
[move_group-20] [INFO] [1776121845.336979848] [move_group.moveit.moveit.plugins.simple_controller_manager]: Returned 2 controllers in list
[move_group-20] [INFO] [1776121845.337057598] [move_group.moveit.moveit.ros.trajectory_execution_manager]: Validating trajectory with allowed_start_tolerance 0.01
[move_group-20] [INFO] [1776121845.349813482] [move_group.moveit.moveit.ros.trajectory_execution_manager]: Starting trajectory execution ...
[move_group-20] [INFO] [1776121845.349883552] [move_group.moveit.moveit.plugins.simple_controller_manager]: Returned 2 controllers in list
[move_group-20] [INFO] [1776121845.349919132] [move_group.moveit.moveit.plugins.simple_controller_manager]: Returned 2 controllers in list
[move_group-20] [INFO] [1776121845.350108893] [moveit.simple_controller_manager.follow_joint_trajectory_controller_handle]: sending trajectory to joint_trajectory_controller
[ros2_control_node-1] [INFO] [1776121845.350487877] [joint_trajectory_controller]: Received new action goal
[ros2_control_node-1] [INFO] [1776121845.350551796] [joint_trajectory_controller]: Accepted new action goal
[move_group-20] [INFO] [1776121845.352396532] [moveit.simple_controller_manager.follow_joint_trajectory_controller_handle]: joint_trajectory_controller started execution
[move_group-20] [INFO] [1776121845.352416448] [moveit.simple_controller_manager.follow_joint_trajectory_controller_handle]: Goal request accepted!
[vision_apriltag-9] [INFO] [1776121845.777039458] [vision_apriltag_node]: Vision AprilTag: scene is locked; detection publishing is paused.
[ros2_control_node-1] [ERROR] [1776121845.791541492] [tolerances]: State tolerances failed for joint 3:
[ros2_control_node-1] [ERROR] [1776121845.791585074] [tolerances]: Position Error: 0.150314, Position Tolerance: 0.150000
[ros2_control_node-1] [WARN] [1776121845.791640839] [joint_trajectory_controller]: Aborted due to state tolerance violation
[adl_ui-15] 127.0.0.1 - - [13/Apr/2026 19:10:45] "GET /status_json HTTP/1.1" 200 -
[move_group-20] [WARN] [1776121845.851589319] [moveit.simple_controller_manager.follow_joint_trajectory_controller_handle]: Controller 'joint_trajectory_controller' failed with error PATH_TOLERANCE_VIOLATED: Aborted due to path tolerance violation
[move_group-20] [WARN] [1776121845.851690134] [move_group.moveit.moveit.ros.trajectory_execution_manager]: Controller handle joint_trajectory_controller reports status ABORTED
[move_group-20] [INFO] [1776121845.851719410] [move_group.moveit.moveit.ros.trajectory_execution_manager]: Completed trajectory execution with status ABORTED ...
[move_group-20] [INFO] [1776121845.860027028] [move_group.moveit.moveit.ros.move_group.move_action]: CONTROL_FAILED
[clear_table-13] [ERROR] [1776121845.868587697] [clear_table_node]: MoveGroup execution failed.
[clear_table-13]   error_code.val = -4
[clear_table-13]   group_name      = manipulator
[clear_table-13]   num_attempts    = 10
[clear_table-13]   allowed_time    = 10.0
[clear_table-13]   vel_scale       = 0.3
[clear_table-13]   accel_scale     = 0.3
[clear_table-13] If this persists, check move_group / controller logs for the meaning of this code (often control abort, invalid start state, or planning pipeline failure).
[clear_table-13] [WARN] [1776121845.869501945] [clear_table_node]: _recover_after_failure(): MoveGroup error_code=-4
[adl_ui-15] 127.0.0.1 - - [13/Apr/2026 19:10:46] "GET /status_json HTTP/1.1" 200 -
[clear_table-13] [ERROR] [1776121847.074802121] [clear_table_node]: Initial scene scan move failed. Clear Table will stop before enabling vision.
[clear_table-13] [INFO] [1776121847.075565457] [clear_table_node]: Scene UNLOCKED.
[scene_from_vision-10] [INFO] [1776121847.081636410] [scene_from_vision_node]: Scene UNLOCKED - updates resuming.
[adl_ui-15] 127.0.0.1 - - [13/Apr/2026 19:10:47] "GET /status_json HTTP/1.1" 200 -
[scene_from_vision-10] [INFO] [1776121847.370886381] [scene_from_vision_node]: Scene memory cleared. Removed remembered IDs: []
[vision_apriltag-9] [INFO] [1776121847.629116185] [vision_apriltag_node]: Vision AprilTag detection debug: no tags found after raw/CLAHE/sharp/adaptive/upscaled/tiled passes.
[vision_apriltag-9] [INFO] [1776121847.784317816] [vision_apriltag_node]: Vision AprilTag: images are arriving on /wrist_mounted_camera/image, but no AprilTags have been detected yet.
[adl_ui-15] 127.0.0.1 - - [13/Apr/2026 19:10:48] "GET /status_json HTTP/1.1" 200 -
[adl_ui-15] 127.0.0.1 - - [13/Apr/2026 19:10:48] "GET /status_json HTTP/1.1" 200 -
[wrist_camera_usb_publisher-8] [INFO] [1776121849.360869176] [wrist_camera_usb_publisher_node]: USB camera publisher heartbeat: publishing 1280x720 frames on /wrist_mounted_camera/image; camera_info fx=920.87, fy=921.57, cx=644.76, cy=343.15.
[adl_ui-15] 127.0.0.1 - - [13/Apr/2026 19:10:49] "GET /status_json HTTP/1.1" 200 -
[rviz2-21] [INFO] [1776121849.699464373] [rviz2_moveit.moveit.ros.planning_scene_monitor]: Stopping planning scene monitor
[vision_apriltag-9] [INFO] [1776121849.971811389] [vision_apriltag_node]: Vision AprilTag: images are arriving on /wrist_mounted_camera/image, but no AprilTags have been detected yet.
[INFO] [rviz2-21]: process has finished cleanly [pid 36584]
[adl_ui-15] 127.0.0.1 - - [13/Apr/2026 19:10:50] "GET /status_json HTTP/1.1" 200 -
[adl_ui-15] 127.0.0.1 - - [13/Apr/2026 19:10:51] "GET /status_json HTTP/1.1" 200 -
