
===== 2026-04-08T12:54:44-04:00 | T1_arm =====
cwd=/home/carrt-cse-project/workspace/ros2_kortex_ws
cmd=ros2 launch adl_tasks arm_vbox.launch.py robot_ip:=192.168.0.10 use_fake_hardware:=false 

[INFO] [launch]: All log files can be found below /home/carrt-cse-project/.ros/log/2026-04-08-12-54-45-000445-carrt-cse-project-OptiPlex-5050-23446
[INFO] [launch]: Default logging verbosity is set to INFO
[INFO] [launch.user]: [arm_vbox.launch] MoveIt current state source: /joint_states_sanitized. Use use_joint_state_sanitizer:=false for raw-state viewer debugging.
[INFO] [launch.user]: [arm_vbox.launch] Using ADL VBox controller config (share/adl_tasks/config/ros2_controllers_vbox.yaml, update_rate:=125 Hz).
[INFO] [ros2_control_node-1]: process started with pid [23457]
[INFO] [robot_state_publisher-2]: process started with pid [23458]
[INFO] [joint_state_sanitizer-3]: process started with pid [23459]
[INFO] [spawner-4]: process started with pid [23460]
[INFO] [static_transform_publisher-5]: process started with pid [23461]
[INFO] [static_transform_publisher-6]: process started with pid [23462]
[static_transform_publisher-5] [INFO] [1775667285.312711434] [static_transform_publisher]: Spinning until stopped - publishing transform
[static_transform_publisher-5] translation: ('0.000000', '0.000000', '0.000000')
[static_transform_publisher-5] rotation: ('0.000000', '0.000000', '0.000000', '1.000000')
[static_transform_publisher-5] from 'world' to 'base_link'
[static_transform_publisher-6] [INFO] [1775667285.326743757] [camera_color_optical_bridge_tf_pub]: Spinning until stopped - publishing transform
[static_transform_publisher-6] translation: ('0.000000', '0.000000', '0.000000')
[static_transform_publisher-6] rotation: ('0.000000', '0.000000', '0.000000', '1.000000')
[static_transform_publisher-6] from 'camera_color_frame' to 'wrist_mounted_camera_color_optical_frame'
[robot_state_publisher-2] [INFO] [1775667285.328203769] [robot_state_publisher]: Robot initialized
[ros2_control_node-1] [INFO] [1775667285.379079980] [controller_manager]: Using Steady (Monotonic) clock for triggering controller manager cycles.
[ros2_control_node-1] [INFO] [1775667285.393389366] [controller_manager]: Subscribing to '/robot_description' topic for robot description.
[ros2_control_node-1] [INFO] [1775667285.398847375] [controller_manager]: update rate is 125 Hz
[ros2_control_node-1] [INFO] [1775667285.399848487] [controller_manager]: Overruns handling is : enabled
[ros2_control_node-1] [INFO] [1775667285.400262568] [controller_manager]: Spawning controller_manager RT thread with scheduler priority: 50
[ros2_control_node-1] [INFO] [1775667285.400716185] [controller_manager]: Successful set up FIFO RT scheduling policy with priority 50.
[ros2_control_node-1] [INFO] [1775667285.485400070] [controller_manager]: Received robot description from topic.
[ros2_control_node-1] [INFO] [1775667285.485593619] [controller_manager]: Enforcing command limits is disabled. Command limits from URDF will be ignored.
[ros2_control_node-1] [INFO] [1775667285.493429486] [controller_manager]: Loading hardware 'KortexMultiInterfaceHardware' 
[ros2_control_node-1] [INFO] [1775667285.504981216] [KortexMultiInterfaceHardware]: Setting severity threshold to DEBUG
[ros2_control_node-1] [INFO] [1775667285.505040615] [controller_manager]: Loaded hardware 'KortexMultiInterfaceHardware' from plugin 'kortex_driver/KortexMultiInterfaceHardware'
[ros2_control_node-1] [INFO] [1775667285.505553909] [controller_manager]: Initialize hardware 'KortexMultiInterfaceHardware' 
[ros2_control_node-1] [INFO] [1775667285.517215122] [KortexMultiInterfaceHardware]: Configuring Hardware Interface
[ros2_control_node-1] [INFO] [1775667285.517672701] [KortexMultiInterfaceHardware]: Robot ip is '192.168.0.10'
[ros2_control_node-1] [INFO] [1775667285.517684334] [KortexMultiInterfaceHardware]: Username is 'admin'
[ros2_control_node-1] [INFO] [1775667285.517697326] [KortexMultiInterfaceHardware]: Port used '10000'
[ros2_control_node-1] [INFO] [1775667285.517703447] [KortexMultiInterfaceHardware]: Realtime port used '10001'
[ros2_control_node-1] [INFO] [1775667285.517709251] [KortexMultiInterfaceHardware]: Session inactivity timeout is '60000'
[ros2_control_node-1] [INFO] [1775667285.517715266] [KortexMultiInterfaceHardware]: Connection inactivity timeout is '2000'
[ros2_control_node-1] [INFO] [1775667285.517722487] [KortexMultiInterfaceHardware]: Gripper joint name is 'robotiq_85_left_knuckle_joint'
[ros2_control_node-1] [INFO] [1775667285.517752582] [KortexMultiInterfaceHardware]: Connecting to robot at 192.168.0.10
[ros2_control_node-1] [INFO] [1775667285.526084830] [KortexMultiInterfaceHardware]: Creating session for communication
[ros2_control_node-1] [INFO] [1775667285.703275304] [KortexMultiInterfaceHardware]: Session created
[spawner-4] [INFO] [1775667285.794698122] [spawner_joint_state_broadcaster]: waiting for service /controller_manager/list_controllers to become available...
[joint_state_sanitizer-3] [INFO] [1775667285.846280940] [joint_state_sanitizer_node]: joint_state_sanitizer started. raw=/joint_states -> sanitized=/joint_states_sanitized
[ros2_control_node-1] [INFO] [1775667286.481539087] [KortexMultiInterfaceHardware]: Actuator count reported by robot is '7'
[ros2_control_node-1] [INFO] [1775667286.481692478] [KortexMultiInterfaceHardware]: Using internal bus communication for gripper!
[ros2_control_node-1] [INFO] [1775667286.481697475] [KortexMultiInterfaceHardware]: Hardware Interface successfully configured
[ros2_control_node-1] [INFO] [1775667286.481765233] [controller_manager]: Successful initialization of hardware 'KortexMultiInterfaceHardware'
[ros2_control_node-1] [DEBUG] [1775667286.481819078] [KortexMultiInterfaceHardware]: export_state_interfaces for joint: joint_1
[ros2_control_node-1] [DEBUG] [1775667286.481838659] [KortexMultiInterfaceHardware]: export_state_interfaces for joint: joint_2
[ros2_control_node-1] [DEBUG] [1775667286.481842504] [KortexMultiInterfaceHardware]: export_state_interfaces for joint: joint_3
[ros2_control_node-1] [DEBUG] [1775667286.481845291] [KortexMultiInterfaceHardware]: export_state_interfaces for joint: joint_4
[ros2_control_node-1] [DEBUG] [1775667286.481850181] [KortexMultiInterfaceHardware]: export_state_interfaces for joint: joint_5
[ros2_control_node-1] [DEBUG] [1775667286.481859900] [KortexMultiInterfaceHardware]: export_state_interfaces for joint: joint_6
[ros2_control_node-1] [DEBUG] [1775667286.481866271] [KortexMultiInterfaceHardware]: export_state_interfaces for joint: joint_7
[ros2_control_node-1] [DEBUG] [1775667286.481871778] [KortexMultiInterfaceHardware]: export_state_interfaces for joint: robotiq_85_left_knuckle_joint
[ros2_control_node-1] [INFO] [1775667286.483923710] [resource_manager]: 'configure' hardware 'KortexMultiInterfaceHardware' 
[ros2_control_node-1] [INFO] [1775667286.483983161] [resource_manager]: Successful 'configure' of hardware 'KortexMultiInterfaceHardware'
[ros2_control_node-1] [INFO] [1775667286.484037553] [resource_manager]: 'activate' hardware 'KortexMultiInterfaceHardware' 
[ros2_control_node-1] [INFO] [1775667286.484069445] [KortexMultiInterfaceHardware]: Activating KortexMultiInterfaceHardware...
[ros2_control_node-1] [INFO] [1775667286.489000368] [KortexMultiInterfaceHardware]: Gripper initial position is '0.873365'.
[ros2_control_node-1] [INFO] [1775667286.493419663] [KortexMultiInterfaceHardware]: KortexMultiInterfaceHardware successfully activated!
[ros2_control_node-1] [INFO] [1775667286.493455314] [resource_manager]: Successful 'activate' of hardware 'KortexMultiInterfaceHardware'
[ros2_control_node-1] [INFO] [1775667286.493697291] [controller_manager]: Registering statistics for : KortexMultiInterfaceHardware
[ros2_control_node-1] [INFO] [1775667286.493899293] [controller_manager]: Resource Manager has been successfully initialized. Starting Controller Manager services...
[ros2_control_node-1] [WARN] [1775667286.506604738] [controller_manager]: Overrun might occur, Total time : 9767.965 us (Expected < 8000.000 us) --> Read time : 5988.711 us, Update time : 34.465 us, Write time : 3744.789 us
[ros2_control_node-1] [WARN] [1775667286.506684690] [controller_manager]: Overrun detected! The controller manager missed its desired rate of 125 Hz. The loop took 9.881882 ms (missed cycles : 2).
[ros2_control_node-1] [INFO] [1775667286.548066113] [controller_manager]: Loading controller : 'joint_state_broadcaster' of type 'joint_state_broadcaster/JointStateBroadcaster'
[ros2_control_node-1] [INFO] [1775667286.548104578] [controller_manager]: Loading controller 'joint_state_broadcaster'
[ros2_control_node-1] [INFO] [1775667286.554374779] [controller_manager]: Controller 'joint_state_broadcaster' node arguments: --ros-args --params-file /home/carrt-cse-project/workspace/ros2_kortex_ws/install/adl_tasks/share/adl_tasks/config/ros2_controllers_vbox.yaml --params-file /tmp/launch_params_5p6glaov 
[spawner-4] [INFO] [1775667286.570422711] [spawner_joint_state_broadcaster]: Loaded joint_state_broadcaster
[ros2_control_node-1] [INFO] [1775667286.571738846] [controller_manager]: Configuring controller: 'joint_state_broadcaster'
[ros2_control_node-1] [INFO] [1775667286.572000895] [joint_state_broadcaster]: 'joints' or 'interfaces' parameter is empty. All available state interfaces will be published
[ros2_control_node-1] [INFO] [1775667286.594680817] [controller_manager]: Activating controllers: [ joint_state_broadcaster ]
[ros2_control_node-1] [INFO] [1775667286.602004474] [controller_manager]: Successfully switched controllers!
[spawner-4] [INFO] [1775667286.610669355] [spawner_joint_state_broadcaster]: Configured and activated joint_state_broadcaster
[INFO] [spawner-4]: process has finished cleanly [pid 23460]
[INFO] [spawner-7]: process started with pid [23563]
[INFO] [spawner-8]: process started with pid [23564]
[INFO] [spawner-9]: process started with pid [23565]
[INFO] [spawner-10]: process started with pid [23566]
[spawner-7] [INFO] [1775667287.787413648] [spawner_joint_trajectory_controller]: waiting for service /controller_manager/list_controllers to become available...
[ros2_control_node-1] [WARN] [1775667288.085482230] [controller_manager]: Overrun might occur, Total time : 12628.475 us (Expected < 8000.000 us) --> Read time : 42.574 us, Update time : 78.047 us, Write time : 12507.854 us
[ros2_control_node-1] [WARN] [1775667288.085559549] [controller_manager]: Overrun detected! The controller manager missed its desired rate of 125 Hz. The loop took 12.757379 ms (missed cycles : 2).
[ros2_control_node-1] [INFO] [1775667289.054091489] [controller_manager]: Loading controller : 'joint_trajectory_controller' of type 'joint_trajectory_controller/JointTrajectoryController'
[ros2_control_node-1] [INFO] [1775667289.054122808] [controller_manager]: Loading controller 'joint_trajectory_controller'
[ros2_control_node-1] [INFO] [1775667289.058825933] [controller_manager]: Controller 'joint_trajectory_controller' node arguments: --ros-args --params-file /home/carrt-cse-project/workspace/ros2_kortex_ws/install/adl_tasks/share/adl_tasks/config/ros2_controllers_vbox.yaml --params-file /tmp/launch_params_5p6glaov 
[spawner-7] [INFO] [1775667289.090962383] [spawner_joint_trajectory_controller]: Loaded joint_trajectory_controller
[ros2_control_node-1] [INFO] [1775667289.092163260] [controller_manager]: Configuring controller: 'joint_trajectory_controller'
[ros2_control_node-1] [INFO] [1775667289.092971079] [joint_trajectory_controller]: No specific joint names are used for command interfaces. Using 'joints' parameter.
[ros2_control_node-1] [INFO] [1775667289.093193344] [joint_trajectory_controller]: Command interfaces are [position] and state interfaces are [position velocity].
[ros2_control_node-1] [INFO] [1775667289.093364564] [joint_trajectory_controller]: Using 'splines' interpolation method.
[ros2_control_node-1] [INFO] [1775667289.097243328] [joint_trajectory_controller]: Action status changes will be monitored at 20.00 Hz.
[ros2_control_node-1] [INFO] [1775667289.114927541] [controller_manager]: Activating controllers: [ joint_trajectory_controller ]
[ros2_control_node-1] [INFO] [1775667289.335300893] [controller_manager]: Successfully switched controllers!
[ros2_control_node-1] [WARN] [1775667289.338157489] [controller_manager]: Overrun might occur, Total time : 17300.284 us (Expected < 8000.000 us) --> Read time : 44.946 us, Update time : 14381.577 us (Switch time : 14293.633 us (Switch chained mode time : 4.182 us, perform mode change time : 13438.003 us, Activation time : 844.497 us, Deactivation time : 1.063 us)), Write time : 2873.761 us
[ros2_control_node-1] [WARN] [1775667289.338258842] [controller_manager]: Overrun detected! The controller manager missed its desired rate of 125 Hz. The loop took 17.455370 ms (missed cycles : 3).
[spawner-7] [INFO] [1775667289.346363369] [spawner_joint_trajectory_controller]: Configured and activated joint_trajectory_controller
[INFO] [spawner-7]: process has finished cleanly [pid 23563]
[ros2_control_node-1] [INFO] [1775667289.852557596] [controller_manager]: Loading controller : 'robotiq_gripper_controller' of type 'position_controllers/GripperActionController'
[ros2_control_node-1] [INFO] [1775667289.852610891] [controller_manager]: Loading controller 'robotiq_gripper_controller'
[ros2_control_node-1] [INFO] [1775667289.859932870] [controller_manager]: Controller 'robotiq_gripper_controller' node arguments: --ros-args --params-file /home/carrt-cse-project/workspace/ros2_kortex_ws/install/adl_tasks/share/adl_tasks/config/ros2_controllers_vbox.yaml --params-file /tmp/launch_params_5p6glaov 
[ros2_control_node-1] [WARN] [1775667289.919642420] [robotiq_gripper_controller]: [Deprecated]: the `position_controllers/GripperActionController` and `effort_controllers::GripperActionController` controllers are replaced by 'parallel_gripper_controllers/GripperActionController' controller
[spawner-9] [INFO] [1775667289.967978683] [spawner_robotiq_gripper_controller]: Loaded robotiq_gripper_controller
[ros2_control_node-1] [INFO] [1775667290.057135857] [controller_manager]: Configuring controller: 'robotiq_gripper_controller'
[ros2_control_node-1] [INFO] [1775667290.057290312] [robotiq_gripper_controller]: Action status changes will be monitored at 20.000000 Hz.
[ros2_control_node-1] [INFO] [1775667290.078392545] [controller_manager]: Activating controllers: [ robotiq_gripper_controller ]
[ros2_control_node-1] [INFO] [1775667290.285904802] [controller_manager]: Successfully switched controllers!
[spawner-9] [INFO] [1775667290.291205039] [spawner_robotiq_gripper_controller]: Configured and activated robotiq_gripper_controller
[spawner-8] [INFO] [1775667290.672313742] [spawner_twist_controller]: waiting for service /controller_manager/list_controllers to become available...
[INFO] [spawner-9]: process has finished cleanly [pid 23565]
[ros2_control_node-1] [WARN] [1775667290.795856344] [controller_manager]: Overrun might occur, Total time : 11012.309 us (Expected < 8000.000 us) --> Read time : 63.476 us, Update time : 244.659 us, Write time : 10704.174 us
[ros2_control_node-1] [WARN] [1775667290.795925517] [controller_manager]: Overrun detected! The controller manager missed its desired rate of 125 Hz. The loop took 11.122374 ms (missed cycles : 2).
[INFO] [move_group-11]: process started with pid [23711]
[INFO] [rviz2-12]: process started with pid [23712]
[move_group-11] [INFO] [1775667291.049444647] [move_group.moveit.moveit.ros.rdf_loader]: Loaded robot model in 0.0121634 seconds
[move_group-11] [INFO] [1775667291.052171999] [move_group.moveit.moveit.core.robot_model]: Loading robot model 'gen3'...
[move_group-11] [INFO] [1775667291.052213049] [move_group.moveit.moveit.core.robot_model]: No root/virtual joint specified in SRDF. Assuming fixed joint
[ros2_control_node-1] [INFO] [1775667291.231764249] [controller_manager]: Received robot description from topic.
[ros2_control_node-1] [WARN] [1775667291.231815076] [controller_manager]: ResourceManager has already loaded a urdf. Ignoring attempt to reload a robot description.
[move_group-11] [INFO] [1775667291.277028165] [move_group.moveit.moveit.kinematics.kdl_kinematics_plugin]: Joint weights for group 'manipulator': 1 1 1 1 1 1 1
[rviz2-12] [INFO] [1775667291.580972409] [rviz2]: Stereo is NOT SUPPORTED
[rviz2-12] [INFO] [1775667291.581041603] [rviz2]: OpenGl version: 4.6 (GLSL 4.6)
[rviz2-12] [INFO] [1775667291.610241422] [rviz2]: Stereo is NOT SUPPORTED
[move_group-11] [INFO] [1775667291.781942384] [move_group.moveit.moveit.ros.planning_scene_monitor]: Publishing maintained planning scene on 'monitored_planning_scene'
[move_group-11] [INFO] [1775667291.782131050] [move_group.moveit.moveit.ros.moveit_cpp]: Listening to 'joint_states' for joint states
[move_group-11] [INFO] [1775667291.783603391] [move_group.moveit.moveit.ros.current_state_monitor]: Listening to joint states on topic 'joint_states'
[move_group-11] [INFO] [1775667291.784888402] [move_group.moveit.moveit.ros.planning_scene_monitor]: Listening to '/attached_collision_object' for attached collision objects
[move_group-11] [INFO] [1775667291.784923905] [move_group.moveit.moveit.ros.planning_scene_monitor]: Stopping existing planning scene publisher.
[move_group-11] [INFO] [1775667291.785673890] [move_group.moveit.moveit.ros.planning_scene_monitor]: Stopped publishing maintained planning scene.
[move_group-11] [INFO] [1775667291.786667190] [move_group.moveit.moveit.ros.planning_scene_monitor]: Publishing maintained planning scene on 'monitored_planning_scene'
[move_group-11] [INFO] [1775667291.786780925] [move_group.moveit.moveit.ros.planning_scene_monitor]: Starting planning scene monitor
[move_group-11] [INFO] [1775667291.787630061] [move_group.moveit.moveit.ros.planning_scene_monitor]: Listening to '/planning_scene'
[move_group-11] [INFO] [1775667291.787664749] [move_group.moveit.moveit.ros.planning_scene_monitor]: Starting world geometry update monitor for collision objects, attached objects, octomap updates.
[move_group-11] [INFO] [1775667291.790351667] [move_group.moveit.moveit.ros.planning_scene_monitor]: Listening to 'collision_object'
[move_group-11] [INFO] [1775667291.791043135] [move_group.moveit.moveit.ros.planning_scene_monitor]: Listening to 'planning_scene_world' for planning scene world geometry
[move_group-11] [WARN] [1775667291.792063269] [move_group.moveit.moveit.ros.occupancy_map_monitor]: Resolution not specified for Octomap. Assuming resolution = 0.1 instead
[move_group-11] [ERROR] [1775667291.792103356] [move_group.moveit.moveit.ros.occupancy_map_monitor]: No 3D sensor plugin(s) defined for octomap updates
[move_group-11] [INFO] [1775667292.146666414] [move_group.moveit.moveit.ros.planning_pipeline]: Successfully loaded planner 'OMPL'
[move_group-11] [INFO] [1775667292.152027232] [move_group]: Try loading adapter 'default_planning_request_adapters/ResolveConstraintFrames'
[move_group-11] [INFO] [1775667292.154071593] [move_group]: Loaded adapter 'default_planning_request_adapters/ResolveConstraintFrames'
[move_group-11] [INFO] [1775667292.154113692] [move_group]: Try loading adapter 'default_planning_request_adapters/ValidateWorkspaceBounds'
[move_group-11] [INFO] [1775667292.154511089] [move_group]: Loaded adapter 'default_planning_request_adapters/ValidateWorkspaceBounds'
[move_group-11] [INFO] [1775667292.154545473] [move_group]: Try loading adapter 'default_planning_request_adapters/CheckStartStateBounds'
[move_group-11] [INFO] [1775667292.154598349] [move_group]: Loaded adapter 'default_planning_request_adapters/CheckStartStateBounds'
[move_group-11] [INFO] [1775667292.154610292] [move_group]: Try loading adapter 'default_planning_request_adapters/CheckStartStateCollision'
[move_group-11] [INFO] [1775667292.154634376] [move_group]: Loaded adapter 'default_planning_request_adapters/CheckStartStateCollision'
[move_group-11] [INFO] [1775667292.160902163] [move_group]: Try loading adapter 'default_planning_response_adapters/AddTimeOptimalParameterization'
[move_group-11] [INFO] [1775667292.166009395] [move_group]: Loaded adapter 'default_planning_response_adapters/AddTimeOptimalParameterization'
[move_group-11] [INFO] [1775667292.166035939] [move_group]: Try loading adapter 'default_planning_response_adapters/ValidateSolution'
[move_group-11] [INFO] [1775667292.170157192] [move_group]: Loaded adapter 'default_planning_response_adapters/ValidateSolution'
[move_group-11] [INFO] [1775667292.170201562] [move_group]: Try loading adapter 'default_planning_response_adapters/DisplayMotionPath'
[move_group-11] [INFO] [1775667292.171203968] [move_group]: Loaded adapter 'default_planning_response_adapters/DisplayMotionPath'
[ros2_control_node-1] [INFO] [1775667292.181635243] [controller_manager]: Loading controller : 'twist_controller' of type 'picknik_twist_controller/PicknikTwistController'
[ros2_control_node-1] [INFO] [1775667292.181738546] [controller_manager]: Loading controller 'twist_controller'
[ros2_control_node-1] [INFO] [1775667292.184665270] [controller_manager]: Controller 'twist_controller' node arguments: --ros-args --params-file /home/carrt-cse-project/workspace/ros2_kortex_ws/install/adl_tasks/share/adl_tasks/config/ros2_controllers_vbox.yaml --params-file /tmp/launch_params_5p6glaov 
[spawner-8] [INFO] [1775667292.251535387] [spawner_twist_controller]: Loaded twist_controller
[move_group-11] [INFO] [1775667292.251868655] [move_group.moveit.moveit.plugins.simple_controller_manager]: Added FollowJointTrajectory controller for joint_trajectory_controller
[move_group-11] [INFO] [1775667292.251925645] [move_group.moveit.moveit.plugins.simple_controller_manager]: robotiq_gripper_controller will command a max effort of: 0
[ros2_control_node-1] [INFO] [1775667292.255922068] [controller_manager]: Configuring controller: 'twist_controller'
[move_group-11] [INFO] [1775667292.258121116] [move_group.moveit.moveit.plugins.simple_controller_manager]: Added GripperCommand controller for robotiq_gripper_controller
[move_group-11] [INFO] [1775667292.258370267] [move_group.moveit.moveit.plugins.simple_controller_manager]: Returned 2 controllers in list
[move_group-11] [INFO] [1775667292.258417194] [move_group.moveit.moveit.plugins.simple_controller_manager]: Returned 2 controllers in list
[move_group-11] [INFO] [1775667292.259281672] [move_group.moveit.moveit.ros.trajectory_execution_manager]: Trajectory execution is managing controllers
[move_group-11] [INFO] [1775667292.259319925] [move_group]: MoveGroup debug mode is ON
[ros2_control_node-1] [INFO] [1775667292.259996940] [twist_controller]: configure successful
[move_group-11] [INFO] [1775667292.331707115] [move_group.moveit.moveit.ros.move_group.executable]: 
[move_group-11] 
[move_group-11] ********************************************************
[move_group-11] * MoveGroup using: 
[move_group-11] *     - apply_planning_scene_service
[move_group-11] *     - clear_octomap_service
[move_group-11] *     - get_group_urdf
[move_group-11] *     - load_geometry_from_file
[move_group-11] *     - CartesianPathService
[move_group-11] *     - execute_trajectory_action
[move_group-11] *     - get_planning_scene_service
[move_group-11] *     - kinematics_service
[move_group-11] *     - move_action
[move_group-11] *     - motion_plan_service
[move_group-11] *     - query_planners_service
[move_group-11] *     - state_validation_service
[move_group-11] *     - save_geometry_to_file
[move_group-11] ********************************************************
[move_group-11] 
[move_group-11] [INFO] [1775667292.331783176] [move_group.moveit.moveit.ros.move_group.context]: MoveGroup context using pipeline ompl
[move_group-11] [INFO] [1775667292.331801399] [move_group.moveit.moveit.ros.move_group.context]: MoveGroup context initialization complete
[move_group-11] [96mLoading 'move_group/ApplyPlanningSceneService'...[0m
[move_group-11] [96mLoading 'move_group/ClearOctomapService'...[0m
[move_group-11] [96mLoading 'move_group/GetUrdfService'...[0m
[move_group-11] [96mLoading 'move_group/LoadGeometryFromFileService'...[0m
[move_group-11] [96mLoading 'move_group/MoveGroupCartesianPathService'...[0m
[move_group-11] [96mLoading 'move_group/MoveGroupExecuteTrajectoryAction'...[0m
[move_group-11] [96mLoading 'move_group/MoveGroupGetPlanningSceneService'...[0m
[move_group-11] [96mLoading 'move_group/MoveGroupKinematicsService'...[0m
[move_group-11] [96mLoading 'move_group/MoveGroupMoveAction'...[0m
[move_group-11] [96mLoading 'move_group/MoveGroupPlanService'...[0m
[move_group-11] [96mLoading 'move_group/MoveGroupQueryPlannersService'...[0m
[move_group-11] [96mLoading 'move_group/MoveGroupStateValidationService'...[0m
[move_group-11] [96mLoading 'move_group/SaveGeometryToFileService'...[0m
[move_group-11] 
[move_group-11] [92mYou can start planning now![0m
[move_group-11] 
[spawner-10] [INFO] [1775667292.450698508] [spawner_fault_controller]: waiting for service /controller_manager/list_controllers to become available...
[ros2_control_node-1] [WARN] [1775667292.471405047] [controller_manager]: Overrun might occur, Total time : 14567.090 us (Expected < 8000.000 us) --> Read time : 65.434 us, Update time : 238.161 us, Write time : 14263.495 us
[ros2_control_node-1] [WARN] [1775667292.471500418] [controller_manager]: Overrun detected! The controller manager missed its desired rate of 125 Hz. The loop took 14.696234 ms (missed cycles : 2).
[INFO] [spawner-8]: process has finished cleanly [pid 23564]
[rviz2-12] Warning: class_loader.impl: SEVERE WARNING!!! A namespace collision has occurred with plugin factory for class rviz_default_plugins::displays::InteractiveMarkerDisplay. New factory will OVERWRITE existing one. This situation occurs when libraries containing plugins are directly linked against an executable (the one running right now generating this message). Please separate plugins out into their own library or just don't link against the library and use either class_loader::ClassLoader/MultiLibraryClassLoader to open.
[rviz2-12]          at line 321 in /opt/ros/jazzy/include/class_loader/class_loader/class_loader_core.hpp
[rviz2-12] [WARN] [1775667292.612678035] [rcl.logging_rosout]: Publisher already registered for node name: 'rviz2_moveit'. If this is due to multiple nodes with the same name then all logs for the logger named 'rviz2_moveit' will go out over the existing publisher. As soon as any node with that name is destructed it will unregister the publisher, preventing any further logs for that name from being published on the rosout topic.
[ros2_control_node-1] [WARN] [1775667293.833623036] [controller_manager]: Overrun might occur, Total time : 8775.135 us (Expected < 8000.000 us) --> Read time : 87.472 us, Update time : 305.124 us, Write time : 8382.539 us
[ros2_control_node-1] [WARN] [1775667293.833701924] [controller_manager]: Overrun detected! The controller manager missed its desired rate of 125 Hz. The loop took 8.898078 ms (missed cycles : 2).
[ros2_control_node-1] [INFO] [1775667295.216997295] [controller_manager]: Loading controller : 'fault_controller' of type 'picknik_reset_fault_controller/PicknikResetFaultController'
[ros2_control_node-1] [INFO] [1775667295.217089251] [controller_manager]: Loading controller 'fault_controller'
[ros2_control_node-1] [INFO] [1775667295.222390536] [controller_manager]: Controller 'fault_controller' node arguments: --ros-args --params-file /home/carrt-cse-project/workspace/ros2_kortex_ws/install/adl_tasks/share/adl_tasks/config/ros2_controllers_vbox.yaml --params-file /tmp/launch_params_5p6glaov 
[spawner-10] [INFO] [1775667295.300388194] [spawner_fault_controller]: Loaded fault_controller
[ros2_control_node-1] [INFO] [1775667295.313474922] [controller_manager]: Configuring controller: 'fault_controller'
[ros2_control_node-1] [INFO] [1775667295.343104251] [controller_manager]: Activating controllers: [ fault_controller ]
[ros2_control_node-1] [INFO] [1775667295.559705439] [controller_manager]: Successfully switched controllers!
[ros2_control_node-1] [WARN] [1775667295.563516068] [controller_manager]: Overrun might occur, Total time : 10679.777 us (Expected < 8000.000 us) --> Read time : 55.470 us, Update time : 6771.048 us (Switch time : 6519.216 us (Switch chained mode time : 1.551 us, perform mode change time : 21.804 us, Activation time : 6485.633 us, Deactivation time : 0.609 us)), Write time : 3853.259 us
[ros2_control_node-1] [WARN] [1775667295.563604535] [controller_manager]: Overrun detected! The controller manager missed its desired rate of 125 Hz. The loop took 10.801286 ms (missed cycles : 2).
[spawner-10] [INFO] [1775667295.572249883] [spawner_fault_controller]: Configured and activated fault_controller
[ros2_control_node-1] [WARN] [1775667295.693726172] [controller_manager]: Overrun might occur, Total time : 12882.613 us (Expected < 8000.000 us) --> Read time : 67.655 us, Update time : 311.694 us, Write time : 12503.264 us
[rviz2-12] [ERROR] [1775667295.734366900] [rviz2_moveit.moveit.ros.motion_planning_frame]: Action server: /recognize_objects not available
[rviz2-12] [INFO] [1775667295.810885414] [rviz2_moveit.moveit.ros.motion_planning_frame]: MoveGroup namespace changed: / -> . Reloading params.
[INFO] [spawner-10]: process has finished cleanly [pid 23566]
[rviz2-12] [INFO] [1775667295.909710803] [rviz2_moveit.moveit.ros.rdf_loader]: Loaded robot model in 0.0139129 seconds
[rviz2-12] [INFO] [1775667295.909785006] [rviz2_moveit.moveit.core.robot_model]: Loading robot model 'gen3'...
[rviz2-12] [INFO] [1775667295.909821089] [rviz2_moveit.moveit.core.robot_model]: No root/virtual joint specified in SRDF. Assuming fixed joint
[rviz2-12] [INFO] [1775667296.124086486] [rviz2_moveit.moveit.kinematics.kdl_kinematics_plugin]: Joint weights for group 'manipulator': 1 1 1 1 1 1 1
[rviz2-12] [INFO] [1775667296.568928298] [rviz2_moveit.moveit.ros.planning_scene_monitor]: Starting planning scene monitor
[rviz2-12] [INFO] [1775667296.571478661] [rviz2_moveit.moveit.ros.planning_scene_monitor]: Listening to '/monitored_planning_scene'
[rviz2-12] [INFO] [1775667296.923882137] [interactive_marker_display_103254385320128]: Connected on namespace: /rviz_moveit_motion_planning_display/robot_interaction_interactive_marker_topic
[rviz2-12] [INFO] [1775667296.934676794] [rviz2_moveit.moveit.ros.robot_interaction]: No active joints or end effectors found for group 'gripper'. Make sure that kinematics.yaml is loaded in this node's namespace.
[rviz2-12] [INFO] [1775667296.935603877] [rviz2_moveit.moveit.ros.robot_interaction]: No active joints or end effectors found for group 'gripper'. Make sure that kinematics.yaml is loaded in this node's namespace.
[rviz2-12] [INFO] [1775667296.945372737] [rviz2_moveit.moveit.ros.motion_planning_frame]: group gripper
[rviz2-12] [INFO] [1775667296.945412579] [rviz2_moveit.moveit.ros.motion_planning_frame]: Constructing new MoveGroup connection for group 'gripper' in namespace ''
[rviz2-12] [INFO] [1775667296.965144662] [interactive_marker_display_103254385320128]: Sending request for interactive markers
[rviz2-12] [INFO] [1775667296.998813852] [interactive_marker_display_103254385320128]: Service response received for initialization
[rviz2-12] [INFO] [1775667297.000015737] [rviz2_moveit.moveit.ros.move_group_interface]: Ready to take commands for planning group gripper.
[rviz2-12] [INFO] [1775667297.011358702] [rviz2_moveit.moveit.ros.motion_planning_frame]: group gripper
[ros2_control_node-1] [WARN] [1775667297.850610369] [controller_manager]: Overrun might occur, Total time : 9757.439 us (Expected < 8000.000 us) --> Read time : 94.124 us, Update time : 289.869 us, Write time : 9373.446 us
[ros2_control_node-1] [WARN] [1775667297.850688813] [controller_manager]: Overrun detected! The controller manager missed its desired rate of 125 Hz. The loop took 9.885970 ms (missed cycles : 2).
[ros2_control_node-1] [WARN] [1775667299.410137396] [controller_manager]: Overrun might occur, Total time : 9283.830 us (Expected < 8000.000 us) --> Read time : 81.691 us, Update time : 329.771 us, Write time : 8872.368 us
[ros2_control_node-1] [WARN] [1775667299.410221315] [controller_manager]: Overrun detected! The controller manager missed its desired rate of 125 Hz. The loop took 9.417254 ms (missed cycles : 2).
[ros2_control_node-1] [WARN] [1775667300.489642668] [controller_manager]: Overrun might occur, Total time : 8805.614 us (Expected < 8000.000 us) --> Read time : 59.079 us, Update time : 283.723 us, Write time : 8462.812 us
[ros2_control_node-1] [WARN] [1775667300.489741467] [controller_manager]: Overrun detected! The controller manager missed its desired rate of 125 Hz. The loop took 8.938233 ms (missed cycles : 2).
[ros2_control_node-1] [WARN] [1775667303.381596687] [controller_manager]: Overrun might occur, Total time : 12763.656 us (Expected < 8000.000 us) --> Read time : 54.219 us, Update time : 234.891 us, Write time : 12474.546 us
[ros2_control_node-1] [WARN] [1775667303.381669297] [controller_manager]: Overrun detected! The controller manager missed its desired rate of 125 Hz. The loop took 12.866229 ms (missed cycles : 2).
[ros2_control_node-1] [WARN] [1775667304.929525463] [controller_manager]: Overrun might occur, Total time : 8664.419 us (Expected < 8000.000 us) --> Read time : 133.293 us, Update time : 477.951 us, Write time : 8053.175 us
[ros2_control_node-1] [WARN] [1775667304.929607752] [controller_manager]: Overrun detected! The controller manager missed its desired rate of 125 Hz. The loop took 8.804575 ms (missed cycles : 2).
[ros2_control_node-1] [WARN] [1775667308.760820094] [controller_manager]: Overrun detected! The controller manager missed its desired rate of 125 Hz. The loop took 8.014582 ms (missed cycles : 2).
[ros2_control_node-1] [WARN] [1775667308.785462992] [controller_manager]: Overrun might occur, Total time : 16611.210 us (Expected < 8000.000 us) --> Read time : 94.885 us, Update time : 287.126 us, Write time : 16229.199 us
[ros2_control_node-1] [WARN] [1775667310.195626253] [controller_manager]: Overrun might occur, Total time : 10770.349 us (Expected < 8000.000 us) --> Read time : 91.898 us, Update time : 367.074 us, Write time : 10311.377 us
[ros2_control_node-1] [WARN] [1775667310.195719394] [controller_manager]: Overrun detected! The controller manager missed its desired rate of 125 Hz. The loop took 10.915868 ms (missed cycles : 2).
[ros2_control_node-1] [WARN] [1775667311.995675863] [controller_manager]: Overrun might occur, Total time : 10828.259 us (Expected < 8000.000 us) --> Read time : 80.597 us, Update time : 308.273 us, Write time : 10439.389 us
[ros2_control_node-1] [WARN] [1775667311.995757458] [controller_manager]: Overrun detected! The controller manager missed its desired rate of 125 Hz. The loop took 10.954509 ms (missed cycles : 2).
[ros2_control_node-1] [WARN] [1775667313.813358426] [controller_manager]: Overrun might occur, Total time : 12527.992 us (Expected < 8000.000 us) --> Read time : 49.502 us, Update time : 243.367 us, Write time : 12235.123 us
[ros2_control_node-1] [WARN] [1775667313.813436303] [controller_manager]: Overrun detected! The controller manager missed its desired rate of 125 Hz. The loop took 12.633370 ms (missed cycles : 2).
[ros2_control_node-1] [WARN] [1775667315.158606889] [controller_manager]: Overrun might occur, Total time : 13732.423 us (Expected < 8000.000 us) --> Read time : 104.856 us, Update time : 498.510 us, Write time : 13129.057 us
[ros2_control_node-1] [WARN] [1775667315.158684133] [controller_manager]: Overrun detected! The controller manager missed its desired rate of 125 Hz. The loop took 13.881181 ms (missed cycles : 2).
[ros2_control_node-1] [WARN] [1775667318.249652474] [controller_manager]: Overrun might occur, Total time : 8817.547 us (Expected < 8000.000 us) --> Read time : 56.295 us, Update time : 228.897 us, Write time : 8532.355 us
[ros2_control_node-1] [WARN] [1775667318.249725010] [controller_manager]: Overrun detected! The controller manager missed its desired rate of 125 Hz. The loop took 8.922087 ms (missed cycles : 2).
[ros2_control_node-1] [WARN] [1775667321.324176971] [controller_manager]: Overrun might occur, Total time : 11342.317 us (Expected < 8000.000 us) --> Read time : 55.396 us, Update time : 248.844 us, Write time : 11038.077 us
[ros2_control_node-1] [WARN] [1775667321.324256236] [controller_manager]: Overrun detected! The controller manager missed its desired rate of 125 Hz. The loop took 11.452756 ms (missed cycles : 2).
[ros2_control_node-1] [WARN] [1775667326.389594090] [controller_manager]: Overrun might occur, Total time : 12756.049 us (Expected < 8000.000 us) --> Read time : 53.884 us, Update time : 243.163 us, Write time : 12459.002 us
[ros2_control_node-1] [WARN] [1775667326.389679597] [controller_manager]: Overrun detected! The controller manager missed its desired rate of 125 Hz. The loop took 12.876447 ms (missed cycles : 2).
[ros2_control_node-1] [WARN] [1775667327.393476695] [controller_manager]: Overrun might occur, Total time : 8644.398 us (Expected < 8000.000 us) --> Read time : 48.788 us, Update time : 282.342 us, Write time : 8313.268 us
[ros2_control_node-1] [WARN] [1775667327.393556348] [controller_manager]: Overrun detected! The controller manager missed its desired rate of 125 Hz. The loop took 8.753438 ms (missed cycles : 2).
[ros2_control_node-1] [WARN] [1775667329.494493130] [controller_manager]: Overrun might occur, Total time : 13619.078 us (Expected < 8000.000 us) --> Read time : 127.456 us, Update time : 359.007 us, Write time : 13132.615 us
[ros2_control_node-1] [WARN] [1775667329.494566965] [controller_manager]: Overrun detected! The controller manager missed its desired rate of 125 Hz. The loop took 13.763677 ms (missed cycles : 2).
[ros2_control_node-1] [WARN] [1775667332.890593699] [controller_manager]: Overrun might occur, Total time : 9754.528 us (Expected < 8000.000 us) --> Read time : 61.685 us, Update time : 257.926 us, Write time : 9434.917 us
[ros2_control_node-1] [WARN] [1775667332.890686841] [controller_manager]: Overrun detected! The controller manager missed its desired rate of 125 Hz. The loop took 9.883995 ms (missed cycles : 2).
[ros2_control_node-1] [WARN] [1775667336.105620928] [controller_manager]: Overrun might occur, Total time : 8773.510 us (Expected < 8000.000 us) --> Read time : 69.254 us, Update time : 293.839 us, Write time : 8410.417 us
[ros2_control_node-1] [WARN] [1775667336.105719822] [controller_manager]: Overrun detected! The controller manager missed its desired rate of 125 Hz. The loop took 8.915535 ms (missed cycles : 2).
[ros2_control_node-1] [WARN] [1775667337.509278871] [controller_manager]: Overrun might occur, Total time : 12442.507 us (Expected < 8000.000 us) --> Read time : 60.370 us, Update time : 274.353 us, Write time : 12107.784 us
[ros2_control_node-1] [WARN] [1775667337.509357581] [controller_manager]: Overrun detected! The controller manager missed its desired rate of 125 Hz. The loop took 12.554778 ms (missed cycles : 2).
[ros2_control_node-1] [WARN] [1775667339.424126498] [controller_manager]: Overrun might occur, Total time : 15289.459 us (Expected < 8000.000 us) --> Read time : 65.473 us, Update time : 372.178 us, Write time : 14851.808 us
[ros2_control_node-1] [WARN] [1775667339.424200202] [controller_manager]: Overrun detected! The controller manager missed its desired rate of 125 Hz. The loop took 15.397225 ms (missed cycles : 2).
[ros2_control_node-1] [WARN] [1775667342.673436880] [controller_manager]: Overrun might occur, Total time : 8565.436 us (Expected < 8000.000 us) --> Read time : 136.050 us, Update time : 462.575 us, Write time : 7966.811 us
[ros2_control_node-1] [WARN] [1775667342.673561954] [controller_manager]: Overrun detected! The controller manager missed its desired rate of 125 Hz. The loop took 8.757965 ms (missed cycles : 2).
[ros2_control_node-1] [WARN] [1775667344.818637502] [controller_manager]: Overrun might occur, Total time : 9767.755 us (Expected < 8000.000 us) --> Read time : 94.823 us, Update time : 409.467 us, Write time : 9263.465 us
[ros2_control_node-1] [WARN] [1775667344.818723418] [controller_manager]: Overrun detected! The controller manager missed its desired rate of 125 Hz. The loop took 9.920382 ms (missed cycles : 2).
[ros2_control_node-1] [WARN] [1775667348.133489144] [controller_manager]: Overrun might occur, Total time : 12651.894 us (Expected < 8000.000 us) --> Read time : 59.522 us, Update time : 238.747 us, Write time : 12353.625 us
[ros2_control_node-1] [WARN] [1775667348.133588204] [controller_manager]: Overrun detected! The controller manager missed its desired rate of 125 Hz. The loop took 12.784724 ms (missed cycles : 2).
[ros2_control_node-1] [WARN] [1775667350.308607697] [controller_manager]: Overrun might occur, Total time : 11779.706 us (Expected < 8000.000 us) --> Read time : 43.038 us, Update time : 244.929 us, Write time : 11491.739 us
[ros2_control_node-1] [WARN] [1775667350.308684805] [controller_manager]: Overrun detected! The controller manager missed its desired rate of 125 Hz. The loop took 11.881604 ms (missed cycles : 2).
[ros2_control_node-1] [WARN] [1775667351.914822149] [controller_manager]: Overrun might occur, Total time : 9986.168 us (Expected < 8000.000 us) --> Read time : 55.450 us, Update time : 231.611 us, Write time : 9699.107 us
[ros2_control_node-1] [WARN] [1775667351.914898817] [controller_manager]: Overrun detected! The controller manager missed its desired rate of 125 Hz. The loop took 10.095976 ms (missed cycles : 2).
[ros2_control_node-1] [WARN] [1775667355.701774512] [controller_manager]: Overrun might occur, Total time : 12928.740 us (Expected < 8000.000 us) --> Read time : 59.319 us, Update time : 468.806 us, Write time : 12400.615 us
[ros2_control_node-1] [WARN] [1775667355.701853123] [controller_manager]: Overrun detected! The controller manager missed its desired rate of 125 Hz. The loop took 13.049448 ms (missed cycles : 2).
[ros2_control_node-1] [WARN] [1775667359.629139368] [controller_manager]: Overrun might occur, Total time : 12310.012 us (Expected < 8000.000 us) --> Read time : 45.300 us, Update time : 261.462 us, Write time : 12003.250 us
[ros2_control_node-1] [WARN] [1775667359.629215332] [controller_manager]: Overrun detected! The controller manager missed its desired rate of 125 Hz. The loop took 12.412528 ms (missed cycles : 2).
[ros2_control_node-1] [WARN] [1775667365.602819863] [controller_manager]: Overrun might occur, Total time : 9981.516 us (Expected < 8000.000 us) --> Read time : 59.929 us, Update time : 245.615 us, Write time : 9675.972 us
[ros2_control_node-1] [WARN] [1775667365.602889116] [controller_manager]: Overrun detected! The controller manager missed its desired rate of 125 Hz. The loop took 10.086056 ms (missed cycles : 2).
[ros2_control_node-1] [WARN] [1775667367.218627874] [controller_manager]: Overrun might occur, Total time : 9784.422 us (Expected < 8000.000 us) --> Read time : 56.549 us, Update time : 247.050 us, Write time : 9480.823 us
[ros2_control_node-1] [WARN] [1775667367.218723275] [controller_manager]: Overrun detected! The controller manager missed its desired rate of 125 Hz. The loop took 9.920337 ms (missed cycles : 2).
[ros2_control_node-1] [WARN] [1775667371.954683225] [controller_manager]: Overrun might occur, Total time : 9835.347 us (Expected < 8000.000 us) --> Read time : 76.324 us, Update time : 260.665 us, Write time : 9498.358 us
[ros2_control_node-1] [WARN] [1775667371.954772109] [controller_manager]: Overrun detected! The controller manager missed its desired rate of 125 Hz. The loop took 9.967424 ms (missed cycles : 2).
[ros2_control_node-1] [WARN] [1775667374.113713764] [controller_manager]: Overrun might occur, Total time : 8865.978 us (Expected < 8000.000 us) --> Read time : 75.130 us, Update time : 256.888 us, Write time : 8533.960 us
[ros2_control_node-1] [WARN] [1775667374.113866601] [controller_manager]: Overrun detected! The controller manager missed its desired rate of 125 Hz. The loop took 9.062469 ms (missed cycles : 2).
[ros2_control_node-1] [WARN] [1775667377.002804512] [controller_manager]: Overrun might occur, Total time : 9964.008 us (Expected < 8000.000 us) --> Read time : 37.072 us, Update time : 280.009 us, Write time : 9646.927 us
[ros2_control_node-1] [WARN] [1775667377.002964186] [controller_manager]: Overrun detected! The controller manager missed its desired rate of 125 Hz. The loop took 10.160267 ms (missed cycles : 2).
[ros2_control_node-1] [WARN] [1775667379.473623810] [controller_manager]: Overrun might occur, Total time : 8779.208 us (Expected < 8000.000 us) --> Read time : 73.823 us, Update time : 261.698 us, Write time : 8443.687 us
[ros2_control_node-1] [WARN] [1775667379.473709921] [controller_manager]: Overrun detected! The controller manager missed its desired rate of 125 Hz. The loop took 8.906475 ms (missed cycles : 2).
[ros2_control_node-1] [WARN] [1775667381.449538022] [controller_manager]: Overrun might occur, Total time : 8695.876 us (Expected < 8000.000 us) --> Read time : 57.973 us, Update time : 249.932 us, Write time : 8387.971 us
[ros2_control_node-1] [WARN] [1775667381.449619699] [controller_manager]: Overrun detected! The controller manager missed its desired rate of 125 Hz. The loop took 8.816377 ms (missed cycles : 2).
[ros2_control_node-1] [WARN] [1775667382.489608838] [controller_manager]: Overrun might occur, Total time : 8770.798 us (Expected < 8000.000 us) --> Read time : 59.228 us, Update time : 274.020 us, Write time : 8437.550 us
[ros2_control_node-1] [WARN] [1775667382.489683009] [controller_manager]: Overrun detected! The controller manager missed its desired rate of 125 Hz. The loop took 8.880174 ms (missed cycles : 2).
[ros2_control_node-1] [WARN] [1775667384.641803506] [controller_manager]: Overrun might occur, Total time : 8977.371 us (Expected < 8000.000 us) --> Read time : 42.850 us, Update time : 245.306 us, Write time : 8689.215 us
[ros2_control_node-1] [WARN] [1775667384.641874682] [controller_manager]: Overrun detected! The controller manager missed its desired rate of 125 Hz. The loop took 9.071995 ms (missed cycles : 2).
[ros2_control_node-1] [WARN] [1775667387.827006742] [controller_manager]: Overrun might occur, Total time : 10154.400 us (Expected < 8000.000 us) --> Read time : 91.867 us, Update time : 338.835 us, Write time : 9723.698 us
[ros2_control_node-1] [WARN] [1775667387.827085500] [controller_manager]: Overrun detected! The controller manager missed its desired rate of 125 Hz. The loop took 10.282179 ms (missed cycles : 2).
[ros2_control_node-1] [WARN] [1775667389.881618486] [controller_manager]: Overrun might occur, Total time : 8779.821 us (Expected < 8000.000 us) --> Read time : 54.166 us, Update time : 257.041 us, Write time : 8468.614 us
[ros2_control_node-1] [WARN] [1775667389.881701458] [controller_manager]: Overrun detected! The controller manager missed its desired rate of 125 Hz. The loop took 8.898288 ms (missed cycles : 2).
[ros2_control_node-1] [WARN] [1775667391.669608531] [controller_manager]: Overrun might occur, Total time : 12770.021 us (Expected < 8000.000 us) --> Read time : 67.174 us, Update time : 242.743 us, Write time : 12460.104 us
[ros2_control_node-1] [WARN] [1775667391.669688894] [controller_manager]: Overrun detected! The controller manager missed its desired rate of 125 Hz. The loop took 12.885718 ms (missed cycles : 2).
[ros2_control_node-1] [WARN] [1775667393.385644828] [controller_manager]: Overrun might occur, Total time : 8807.561 us (Expected < 8000.000 us) --> Read time : 61.501 us, Update time : 261.409 us, Write time : 8484.651 us
[ros2_control_node-1] [WARN] [1775667393.385716772] [controller_manager]: Overrun detected! The controller manager missed its desired rate of 125 Hz. The loop took 8.913910 ms (missed cycles : 2).
[ros2_control_node-1] [WARN] [1775667394.489154175] [controller_manager]: Overrun might occur, Total time : 8309.144 us (Expected < 8000.000 us) --> Read time : 68.374 us, Update time : 273.392 us, Write time : 7967.378 us
[ros2_control_node-1] [WARN] [1775667394.489246912] [controller_manager]: Overrun detected! The controller manager missed its desired rate of 125 Hz. The loop took 8.442488 ms (missed cycles : 2).
[ros2_control_node-1] [WARN] [1775667398.265656457] [controller_manager]: Overrun might occur, Total time : 8811.074 us (Expected < 8000.000 us) --> Read time : 74.440 us, Update time : 292.833 us, Write time : 8443.801 us
[ros2_control_node-1] [WARN] [1775667398.265732121] [controller_manager]: Overrun detected! The controller manager missed its desired rate of 125 Hz. The loop took 8.928725 ms (missed cycles : 2).
[ros2_control_node-1] [WARN] [1775667399.913133351] [controller_manager]: Overrun might occur, Total time : 8292.336 us (Expected < 8000.000 us) --> Read time : 57.254 us, Update time : 258.523 us, Write time : 7976.559 us
[ros2_control_node-1] [WARN] [1775667399.913253857] [controller_manager]: Overrun detected! The controller manager missed its desired rate of 125 Hz. The loop took 8.449823 ms (missed cycles : 2).
[ros2_control_node-1] [WARN] [1775667401.770635696] [controller_manager]: Overrun might occur, Total time : 9797.108 us (Expected < 8000.000 us) --> Read time : 63.534 us, Update time : 247.527 us, Write time : 9486.047 us
[ros2_control_node-1] [WARN] [1775667401.770725261] [controller_manager]: Overrun detected! The controller manager missed its desired rate of 125 Hz. The loop took 9.921736 ms (missed cycles : 2).
[ros2_control_node-1] [WARN] [1775667403.306010485] [controller_manager]: Overrun might occur, Total time : 9173.343 us (Expected < 8000.000 us) --> Read time : 60.930 us, Update time : 274.790 us, Write time : 8837.623 us
[ros2_control_node-1] [WARN] [1775667403.306085037] [controller_manager]: Overrun detected! The controller manager missed its desired rate of 125 Hz. The loop took 9.282052 ms (missed cycles : 2).
[ros2_control_node-1] [WARN] [1775667406.538336730] [controller_manager]: Overrun might occur, Total time : 9506.712 us (Expected < 8000.000 us) --> Read time : 51.057 us, Update time : 313.932 us, Write time : 9141.723 us
[ros2_control_node-1] [WARN] [1775667406.538413144] [controller_manager]: Overrun detected! The controller manager missed its desired rate of 125 Hz. The loop took 9.610196 ms (missed cycles : 2).
[ros2_control_node-1] [WARN] [1775667408.083927232] [controller_manager]: Overrun might occur, Total time : 11085.549 us (Expected < 8000.000 us) --> Read time : 67.126 us, Update time : 306.995 us, Write time : 10711.428 us
[ros2_control_node-1] [WARN] [1775667408.084040338] [controller_manager]: Overrun detected! The controller manager missed its desired rate of 125 Hz. The loop took 11.236473 ms (missed cycles : 2).
[ros2_control_node-1] [WARN] [1775667414.393632437] [controller_manager]: Overrun might occur, Total time : 8796.715 us (Expected < 8000.000 us) --> Read time : 50.267 us, Update time : 232.078 us, Write time : 8514.370 us
[ros2_control_node-1] [WARN] [1775667414.393732543] [controller_manager]: Overrun detected! The controller manager missed its desired rate of 125 Hz. The loop took 8.929574 ms (missed cycles : 2).
[ros2_control_node-1] [WARN] [1775667415.705030940] [controller_manager]: Overrun might occur, Total time : 16161.848 us (Expected < 8000.000 us) --> Read time : 149.624 us, Update time : 332.827 us, Write time : 15679.397 us
[ros2_control_node-1] [WARN] [1775667415.705126925] [controller_manager]: Overrun detected! The controller manager missed its desired rate of 125 Hz. The loop took 16.323307 ms (missed cycles : 3).
[ros2_control_node-1] [WARN] [1775667421.937744262] [controller_manager]: Overrun might occur, Total time : 8861.494 us (Expected < 8000.000 us) --> Read time : 154.317 us, Update time : 397.919 us, Write time : 8309.258 us
[ros2_control_node-1] [WARN] [1775667421.937838598] [controller_manager]: Overrun detected! The controller manager missed its desired rate of 125 Hz. The loop took 9.035365 ms (missed cycles : 2).
[ros2_control_node-1] [WARN] [1775667428.114719710] [controller_manager]: Overrun might occur, Total time : 9880.844 us (Expected < 8000.000 us) --> Read time : 56.184 us, Update time : 233.480 us, Write time : 9591.180 us
[ros2_control_node-1] [WARN] [1775667428.114817134] [controller_manager]: Overrun detected! The controller manager missed its desired rate of 125 Hz. The loop took 10.013376 ms (missed cycles : 2).
[ros2_control_node-1] [WARN] [1775667430.649078114] [controller_manager]: Overrun might occur, Total time : 8233.922 us (Expected < 8000.000 us) --> Read time : 71.970 us, Update time : 314.152 us, Write time : 7847.800 us
[ros2_control_node-1] [WARN] [1775667430.649165681] [controller_manager]: Overrun detected! The controller manager missed its desired rate of 125 Hz. The loop took 8.362234 ms (missed cycles : 2).
[ros2_control_node-1] [WARN] [1775667434.098619841] [controller_manager]: Overrun might occur, Total time : 9765.494 us (Expected < 8000.000 us) --> Read time : 72.391 us, Update time : 413.480 us, Write time : 9279.623 us
[ros2_control_node-1] [WARN] [1775667434.098711649] [controller_manager]: Overrun detected! The controller manager missed its desired rate of 125 Hz. The loop took 9.908524 ms (missed cycles : 2).
[ros2_control_node-1] [WARN] [1775667435.155080542] [controller_manager]: Overrun might occur, Total time : 10216.835 us (Expected < 8000.000 us) --> Read time : 125.734 us, Update time : 447.964 us, Write time : 9643.137 us
[ros2_control_node-1] [WARN] [1775667435.155175516] [controller_manager]: Overrun detected! The controller manager missed its desired rate of 125 Hz. The loop took 10.370786 ms (missed cycles : 2).
[ros2_control_node-1] [WARN] [1775667438.308161597] [controller_manager]: Overrun might occur, Total time : 11312.887 us (Expected < 8000.000 us) --> Read time : 72.671 us, Update time : 323.729 us, Write time : 10916.487 us
[ros2_control_node-1] [WARN] [1775667438.308248111] [controller_manager]: Overrun detected! The controller manager missed its desired rate of 125 Hz. The loop took 11.445507 ms (missed cycles : 2).
[ros2_control_node-1] [WARN] [1775667440.548595094] [controller_manager]: Overrun might occur, Total time : 11751.207 us (Expected < 8000.000 us) --> Read time : 78.647 us, Update time : 312.514 us, Write time : 11360.046 us
[ros2_control_node-1] [WARN] [1775667440.548693176] [controller_manager]: Overrun detected! The controller manager missed its desired rate of 125 Hz. The loop took 11.890413 ms (missed cycles : 2).
[ros2_control_node-1] [WARN] [1775667446.202617701] [controller_manager]: Overrun might occur, Total time : 9788.088 us (Expected < 8000.000 us) --> Read time : 40.530 us, Update time : 255.260 us, Write time : 9492.298 us
[ros2_control_node-1] [WARN] [1775667446.202706861] [controller_manager]: Overrun detected! The controller manager missed its desired rate of 125 Hz. The loop took 9.903286 ms (missed cycles : 2).
[ros2_control_node-1] [WARN] [1775667449.047660087] [controller_manager]: Overrun might occur, Total time : 14829.511 us (Expected < 8000.000 us) --> Read time : 43.201 us, Update time : 221.024 us, Write time : 14565.286 us
[ros2_control_node-1] [WARN] [1775667449.047769055] [controller_manager]: Overrun detected! The controller manager missed its desired rate of 125 Hz. The loop took 14.965216 ms (missed cycles : 2).
[ros2_control_node-1] [WARN] [1775667454.577476607] [controller_manager]: Overrun might occur, Total time : 8634.407 us (Expected < 8000.000 us) --> Read time : 68.962 us, Update time : 301.551 us, Write time : 8263.894 us
[ros2_control_node-1] [WARN] [1775667454.577569302] [controller_manager]: Overrun detected! The controller manager missed its desired rate of 125 Hz. The loop took 8.766220 ms (missed cycles : 2).
[ros2_control_node-1] [WARN] [1775667455.721796364] [controller_manager]: Overrun might occur, Total time : 16952.988 us (Expected < 8000.000 us) --> Read time : 68.400 us, Update time : 272.952 us, Write time : 16611.636 us
[ros2_control_node-1] [WARN] [1775667455.721867930] [controller_manager]: Overrun detected! The controller manager missed its desired rate of 125 Hz. The loop took 17.065035 ms (missed cycles : 3).
[ros2_control_node-1] [WARN] [1775667458.113383635] [controller_manager]: Overrun might occur, Total time : 8532.025 us (Expected < 8000.000 us) --> Read time : 75.368 us, Update time : 357.151 us, Write time : 8099.506 us
[ros2_control_node-1] [WARN] [1775667458.113509026] [controller_manager]: Overrun detected! The controller manager missed its desired rate of 125 Hz. The loop took 8.705489 ms (missed cycles : 2).
[ros2_control_node-1] [WARN] [1775667460.442601889] [controller_manager]: Overrun might occur, Total time : 9751.496 us (Expected < 8000.000 us) --> Read time : 86.545 us, Update time : 302.341 us, Write time : 9362.610 us
[ros2_control_node-1] [WARN] [1775667460.442682425] [controller_manager]: Overrun detected! The controller manager missed its desired rate of 125 Hz. The loop took 9.879365 ms (missed cycles : 2).
[ros2_control_node-1] [WARN] [1775667462.229096008] [controller_manager]: Overrun might occur, Total time : 12255.723 us (Expected < 8000.000 us) --> Read time : 51.784 us, Update time : 260.630 us, Write time : 11943.309 us
[ros2_control_node-1] [WARN] [1775667462.229185861] [controller_manager]: Overrun detected! The controller manager missed its desired rate of 125 Hz. The loop took 12.382273 ms (missed cycles : 2).
