
===== 2026-04-15T15:18:24-04:00 | T1_full =====
cwd=/home/carrt-cse-project/workspace/ros2_kortex_ws
cmd=ros2 launch adl_tasks adl_start.launch.py arm_use_fake_hardware:=false use_stub:=false 

[INFO] [launch]: All log files can be found below /home/carrt-cse-project/.ros/log/2026-04-15-15-18-25-290153-carrt-cse-project-OptiPlex-5050-38376
[INFO] [launch]: Default logging verbosity is set to INFO
[INFO] [launch.user]: [arm_start.launch] MoveIt current state source: /joint_states_sanitized. Use use_joint_state_sanitizer:=false for raw-state viewer debugging.
[INFO] [launch.user]: [arm_start.launch] Using ADL controller config (share/adl_tasks/config/ros2_controllers_vbox.yaml, update_rate:=1000 Hz).
[INFO] [ros2_control_node-1]: process started with pid [38381]
[INFO] [robot_state_publisher-2]: process started with pid [38382]
[INFO] [joint_state_sanitizer-3]: process started with pid [38383]
[INFO] [spawner-4]: process started with pid [38384]
[INFO] [static_transform_publisher-5]: process started with pid [38385]
[INFO] [static_transform_publisher-6]: process started with pid [38386]
[INFO] [scene_static-7]: process started with pid [38387]
[INFO] [wrist_camera_usb_publisher-8]: process started with pid [38388]
[INFO] [vision_apriltag-9]: process started with pid [38389]
[INFO] [scene_from_vision-10]: process started with pid [38390]
[INFO] [adl_controller-11]: process started with pid [38391]
[INFO] [pick_dropped_bottle-12]: process started with pid [38392]
[INFO] [clear_table-13]: process started with pid [38393]
[INFO] [give_medication-14]: process started with pid [38394]
[INFO] [adl_ui-15]: process started with pid [38395]
[static_transform_publisher-6] [INFO] [1776280705.726984914] [camera_color_optical_bridge_tf_pub]: Spinning until stopped - publishing transform
[static_transform_publisher-6] translation: ('0.000000', '0.000000', '0.000000')
[static_transform_publisher-6] rotation: ('0.000000', '0.000000', '0.000000', '1.000000')
[static_transform_publisher-6] from 'camera_color_frame' to 'wrist_mounted_camera_color_optical_frame'
[static_transform_publisher-5] [INFO] [1776280705.805661264] [static_transform_publisher]: Spinning until stopped - publishing transform
[static_transform_publisher-5] translation: ('0.000000', '0.000000', '0.000000')
[static_transform_publisher-5] rotation: ('0.000000', '0.000000', '0.000000', '1.000000')
[static_transform_publisher-5] from 'world' to 'base_link'
[robot_state_publisher-2] [INFO] [1776280705.825769600] [robot_state_publisher]: Robot initialized
[ros2_control_node-1] [INFO] [1776280705.919172147] [controller_manager]: Using Steady (Monotonic) clock for triggering controller manager cycles.
[ros2_control_node-1] [INFO] [1776280705.957165642] [controller_manager]: Subscribing to '/robot_description' topic for robot description.
[ros2_control_node-1] [INFO] [1776280705.971121834] [controller_manager]: update rate is 1000 Hz
[ros2_control_node-1] [INFO] [1776280705.971157204] [controller_manager]: Overruns handling is : enabled
[ros2_control_node-1] [INFO] [1776280705.971168398] [controller_manager]: Spawning controller_manager RT thread with scheduler priority: 50
[ros2_control_node-1] [INFO] [1776280705.971805880] [controller_manager]: Received robot description from topic.
[ros2_control_node-1] [INFO] [1776280705.971825554] [controller_manager]: Successful set up FIFO RT scheduling policy with priority 50.
[ros2_control_node-1] [INFO] [1776280705.971858555] [controller_manager]: Enforcing command limits is disabled. Command limits from URDF will be ignored.
[ros2_control_node-1] [INFO] [1776280706.001873702] [controller_manager]: Loading hardware 'KortexMultiInterfaceHardware' 
[ros2_control_node-1] [INFO] [1776280706.057959549] [KortexMultiInterfaceHardware]: Setting severity threshold to DEBUG
[ros2_control_node-1] [INFO] [1776280706.058030931] [controller_manager]: Loaded hardware 'KortexMultiInterfaceHardware' from plugin 'kortex_driver/KortexMultiInterfaceHardware'
[ros2_control_node-1] [INFO] [1776280706.058578345] [controller_manager]: Initialize hardware 'KortexMultiInterfaceHardware' 
[ros2_control_node-1] [INFO] [1776280706.076010056] [KortexMultiInterfaceHardware]: Configuring Hardware Interface
[ros2_control_node-1] [INFO] [1776280706.080001291] [KortexMultiInterfaceHardware]: Robot ip is '192.168.0.10'
[ros2_control_node-1] [INFO] [1776280706.080021816] [KortexMultiInterfaceHardware]: Username is 'admin'
[ros2_control_node-1] [INFO] [1776280706.080034623] [KortexMultiInterfaceHardware]: Port used '10000'
[ros2_control_node-1] [INFO] [1776280706.080040711] [KortexMultiInterfaceHardware]: Realtime port used '10001'
[ros2_control_node-1] [INFO] [1776280706.080045892] [KortexMultiInterfaceHardware]: Session inactivity timeout is '60000'
[ros2_control_node-1] [INFO] [1776280706.080051276] [KortexMultiInterfaceHardware]: Connection inactivity timeout is '2000'
[ros2_control_node-1] [INFO] [1776280706.080058108] [KortexMultiInterfaceHardware]: Gripper joint name is 'robotiq_85_left_knuckle_joint'
[ros2_control_node-1] [INFO] [1776280706.080089441] [KortexMultiInterfaceHardware]: Connecting to robot at 192.168.0.10
[ros2_control_node-1] [INFO] [1776280706.088646995] [KortexMultiInterfaceHardware]: Creating session for communication
[ros2_control_node-1] [INFO] [1776280706.473777816] [KortexMultiInterfaceHardware]: Session created
[joint_state_sanitizer-3] [INFO] [1776280706.513669329] [joint_state_sanitizer_node]: joint_state_sanitizer started. raw=/joint_states -> sanitized=/joint_states_sanitized
[spawner-4] [INFO] [1776280706.958853292] [spawner_joint_state_broadcaster]: waiting for service /controller_manager/list_controllers to become available...
[adl_controller-11] Traceback (most recent call last):
[adl_controller-11]   File "/home/carrt-cse-project/workspace/ros2_kortex_ws/install/adl_tasks/lib/adl_tasks/adl_controller", line 33, in <module>
[adl_controller-11]     sys.exit(load_entry_point('adl-tasks', 'console_scripts', 'adl_controller')())
[adl_controller-11]              ^^^^^^^^^^^^^^^^^^^^^^^^^^^^^^^^^^^^^^^^^^^^^^^^^^^^^^^^^^^^^^^^^^
[adl_controller-11]   File "/home/carrt-cse-project/workspace/ros2_kortex_ws/install/adl_tasks/lib/adl_tasks/adl_controller", line 25, in importlib_load_entry_point
[adl_controller-11]     return next(matches).load()
[adl_controller-11]            ^^^^^^^^^^^^^^^^^^^^
[adl_controller-11]   File "/usr/lib/python3.12/importlib/metadata/__init__.py", line 205, in load
[adl_controller-11]     module = import_module(match.group('module'))
[adl_controller-11]              ^^^^^^^^^^^^^^^^^^^^^^^^^^^^^^^^^^^^
[adl_controller-11]   File "/usr/lib/python3.12/importlib/__init__.py", line 90, in import_module
[adl_controller-11]     return _bootstrap._gcd_import(name[level:], package, level)
[adl_controller-11]            ^^^^^^^^^^^^^^^^^^^^^^^^^^^^^^^^^^^^^^^^^^^^^^^^^^^^
[adl_controller-11]   File "<frozen importlib._bootstrap>", line 1387, in _gcd_import
[adl_controller-11]   File "<frozen importlib._bootstrap>", line 1360, in _find_and_load
[adl_controller-11]   File "<frozen importlib._bootstrap>", line 1331, in _find_and_load_unlocked
[adl_controller-11]   File "<frozen importlib._bootstrap>", line 935, in _load_unlocked
[adl_controller-11]   File "<frozen importlib._bootstrap_external>", line 995, in exec_module
[adl_controller-11]   File "<frozen importlib._bootstrap>", line 488, in _call_with_frames_removed
[adl_controller-11]   File "/home/carrt-cse-project/workspace/ros2_kortex_ws/build/adl_tasks/adl_tasks/adl_controller.py", line 16, in <module>
[adl_controller-11]     from adl_tasks.grasp_and_place import FLOW_CONFIG
[adl_controller-11]   File "/home/carrt-cse-project/workspace/ros2_kortex_ws/build/adl_tasks/adl_tasks/grasp_and_place.py", line 408, in <module>
[adl_controller-11]     "qr_read_geometry_world_x_offset_m": MEDICATION_WORLD_X_OFFSET_M,
[adl_controller-11]                                          ^^^^^^^^^^^^^^^^^^^^^^^^^^^
[adl_controller-11] NameError: name 'MEDICATION_WORLD_X_OFFSET_M' is not defined
[ERROR] [adl_controller-11]: process has died [pid 38391, exit code 1, cmd '/home/carrt-cse-project/workspace/ros2_kortex_ws/install/adl_tasks/lib/adl_tasks/adl_controller --ros-args -r __node:=adl_controller_node'].
[vision_apriltag-9] [INFO] [1776280707.501012339] [vision_apriltag_node]: Vision AprilTag Node Started
[vision_apriltag-9] [INFO] [1776280707.502979303] [vision_apriltag_node]: Subscribing to camera topic: /wrist_mounted_camera/image
[vision_apriltag-9] [INFO] [1776280707.505062465] [vision_apriltag_node]: Subscribing to camera info topic: /wrist_mounted_camera/camera_info
[vision_apriltag-9] [INFO] [1776280707.507044295] [vision_apriltag_node]: Camera frame: wrist_mounted_camera_color_optical_frame | use_image_header_frame=True
[vision_apriltag-9] [INFO] [1776280707.509315080] [vision_apriltag_node]: Tag size: 0.025m | pose_cache_retention_s=20.0 | get_pose_wait_timeout_s=5.0 | max_returned_pose_age_s=20.0 | camera_params=[554.25, 554.25, 320.0, 240.0] | families=tag36h11 | quad_decimate=1.0 | requested_backend=opencv | backend=cv2.aruco | opencv_pose_solver=ippe_square | use_image_timestamp_for_tf=False
[vision_apriltag-9] [INFO] [1776280707.516153171] [vision_apriltag_node]: Top-tag known-plane projection: enabled=True, planes={3: 0.10995, 4: 0.15155}
[vision_apriltag-9] [INFO] [1776280707.519087722] [vision_apriltag_node]: pupil_apriltags tuning: nthreads=1, quad_sigma=0.0, refine_edges=1, decode_sharpening=0.25, debug=0, preprocess_variants=['raw', 'clahe', 'adaptive', 'clahe_sharp', 'clahe_up2', 'sharp_up2'], tile_search_if_empty=True, tile_search_grid=3x2, tile_search_scale=2.0, tile_search_overlap=0.25
[vision_apriltag-9] [WARN] [1776280707.523062166] [vision_apriltag_node]: pupil_apriltags is not importable by this node, so detection is using OpenCV fallback only. python=/usr/bin/python3, import_error=No module named 'pupil_apriltags'. If .venv contains pupil_apriltags, rebuild adl_tasks with that venv active or run the module with the venv Python.
[vision_apriltag-9] [INFO] [1776280707.530237697] [vision_apriltag_node]: Publishing AprilTag debug images on /vision_apriltag/debug_image at up to 1.0 Hz.
[adl_ui-15] [INFO] [1776280707.586734281] [adl_ui_node]: ADL UI Node started.
[adl_ui-15] [INFO] [1776280707.587680017] [adl_ui_node]: Automatic retract on UI load is disabled; startup sends no motion.
[adl_ui-15]  * Serving Flask app 'adl_tasks.adl_ui'
[adl_ui-15]  * Debug mode: off
[adl_ui-15] [INFO] [1776280707.589797143] [adl_ui_node]: Web UI available at http://localhost:5000
[adl_ui-15] WARNING: This is a development server. Do not use it in a production deployment. Use a production WSGI server instead.
[adl_ui-15]  * Running on all addresses (0.0.0.0)
[adl_ui-15]  * Running on http://127.0.0.1:5000
[adl_ui-15]  * Running on http://192.168.0.231:5000
[adl_ui-15] Press CTRL+C to quit
[adl_ui-15] 127.0.0.1 - - [15/Apr/2026 15:18:27] "GET /status_json HTTP/1.1" 200 -
[scene_static-7] [INFO] [1776280707.658289224] [scene_static_node]: Static Scene Node started.
[scene_static-7] [INFO] [1776280707.659598237] [scene_static_node]: WHEELCHAIR_BASE_HEIGHT = 0.36195m  |  Table surface at z = 0.088m | Table front-edge-from-base = 0.406m | Table center at x = 0.681m | table_edge_lip_margin=0.0127m | table_edge_lip_thickness=0.0127m | table_edge_lip_height=0.450m | include_wheelchair_wall=True | include_left_desk_wall=True | include_right_desk_wall=True
[scene_static-7] [INFO] [1776280707.660367858] [scene_static_node]: Wheelchair wall geometry: center=(-0.465, 0.000, 0.482) size=(0.450, 0.700, 1.688)
[give_medication-14] Traceback (most recent call last):
[give_medication-14]   File "/home/carrt-cse-project/workspace/ros2_kortex_ws/install/adl_tasks/lib/adl_tasks/give_medication", line 33, in <module>
[give_medication-14]     sys.exit(load_entry_point('adl-tasks', 'console_scripts', 'give_medication')())
[give_medication-14]              ^^^^^^^^^^^^^^^^^^^^^^^^^^^^^^^^^^^^^^^^^^^^^^^^^^^^^^^^^^^^^^^^^^^
[give_medication-14]   File "/home/carrt-cse-project/workspace/ros2_kortex_ws/install/adl_tasks/lib/adl_tasks/give_medication", line 25, in importlib_load_entry_point
[give_medication-14]     return next(matches).load()
[give_medication-14]            ^^^^^^^^^^^^^^^^^^^^
[give_medication-14]   File "/usr/lib/python3.12/importlib/metadata/__init__.py", line 205, in load
[give_medication-14]     module = import_module(match.group('module'))
[give_medication-14]              ^^^^^^^^^^^^^^^^^^^^^^^^^^^^^^^^^^^^
[give_medication-14]   File "/usr/lib/python3.12/importlib/__init__.py", line 90, in import_module
[give_medication-14]     return _bootstrap._gcd_import(name[level:], package, level)
[give_medication-14]            ^^^^^^^^^^^^^^^^^^^^^^^^^^^^^^^^^^^^^^^^^^^^^^^^^^^^
[give_medication-14]   File "<frozen importlib._bootstrap>", line 1387, in _gcd_import
[give_medication-14]   File "<frozen importlib._bootstrap>", line 1360, in _find_and_load
[give_medication-14]   File "<frozen importlib._bootstrap>", line 1331, in _find_and_load_unlocked
[give_medication-14]   File "<frozen importlib._bootstrap>", line 935, in _load_unlocked
[give_medication-14]   File "<frozen importlib._bootstrap_external>", line 995, in exec_module
[give_medication-14]   File "<frozen importlib._bootstrap>", line 488, in _call_with_frames_removed
[give_medication-14]   File "/home/carrt-cse-project/workspace/ros2_kortex_ws/build/adl_tasks/adl_tasks/give_medication.py", line 21, in <module>
[give_medication-14]     from adl_tasks.scene_utils import (
[give_medication-14]   File "/home/carrt-cse-project/workspace/ros2_kortex_ws/build/adl_tasks/adl_tasks/scene_utils.py", line 18, in <module>
[give_medication-14]     from adl_tasks.grasp_and_place import (
[give_medication-14]   File "/home/carrt-cse-project/workspace/ros2_kortex_ws/build/adl_tasks/adl_tasks/grasp_and_place.py", line 408, in <module>
[give_medication-14]     "qr_read_geometry_world_x_offset_m": MEDICATION_WORLD_X_OFFSET_M,
[give_medication-14]                                          ^^^^^^^^^^^^^^^^^^^^^^^^^^^
[give_medication-14] NameError: name 'MEDICATION_WORLD_X_OFFSET_M' is not defined
[wrist_camera_usb_publisher-8] [INFO] [1776280707.761335621] [wrist_camera_usb_publisher_node]: USB camera publisher: trying camera source index 2.
[wrist_camera_usb_publisher-8] [INFO] [1776280707.779605892] [wrist_camera_usb_publisher_node]: USB camera publisher: opened camera source index 2.
[wrist_camera_usb_publisher-8] [INFO] [1776280707.783167610] [wrist_camera_usb_publisher_node]: Wrist Camera USB Publisher started.
[wrist_camera_usb_publisher-8] [INFO] [1776280707.785839050] [wrist_camera_usb_publisher_node]: Publishing USB camera frames on /wrist_mounted_camera/image with frame_id=wrist_mounted_camera_color_optical_frame.
[wrist_camera_usb_publisher-8] [INFO] [1776280707.787947296] [wrist_camera_usb_publisher_node]: Publishing camera info on /wrist_mounted_camera/camera_info from reference intrinsics [554.25, 554.25, 320.0, 240.0] @ 640x480.
[wrist_camera_usb_publisher-8] [INFO] [1776280707.791555260] [wrist_camera_usb_publisher_node]: Using explicit camera_matrix for CameraInfo. matrix_size=1280x720, K=[920.874267578125, 0.0, 644.7646484375, 0.0, 921.5654907226562, 343.1528625488281, 0.0, 0.0, 1.0], d=[0.0, 0.0, 0.0, 0.0, 0.0]
[wrist_camera_usb_publisher-8] [INFO] [1776280707.793024135] [wrist_camera_usb_publisher_node]: Requested source=2 size=1280x720 fps=10.0
[clear_table-13] Traceback (most recent call last):
[clear_table-13]   File "/home/carrt-cse-project/workspace/ros2_kortex_ws/install/adl_tasks/lib/adl_tasks/clear_table", line 33, in <module>
[clear_table-13]     sys.exit(load_entry_point('adl-tasks', 'console_scripts', 'clear_table')())
[clear_table-13]              ^^^^^^^^^^^^^^^^^^^^^^^^^^^^^^^^^^^^^^^^^^^^^^^^^^^^^^^^^^^^^^^
[clear_table-13]   File "/home/carrt-cse-project/workspace/ros2_kortex_ws/install/adl_tasks/lib/adl_tasks/clear_table", line 25, in importlib_load_entry_point
[clear_table-13]     return next(matches).load()
[clear_table-13]            ^^^^^^^^^^^^^^^^^^^^
[clear_table-13]   File "/usr/lib/python3.12/importlib/metadata/__init__.py", line 205, in load
[clear_table-13]     module = import_module(match.group('module'))
[clear_table-13]              ^^^^^^^^^^^^^^^^^^^^^^^^^^^^^^^^^^^^
[clear_table-13]   File "/usr/lib/python3.12/importlib/__init__.py", line 90, in import_module
[clear_table-13]     return _bootstrap._gcd_import(name[level:], package, level)
[clear_table-13]            ^^^^^^^^^^^^^^^^^^^^^^^^^^^^^^^^^^^^^^^^^^^^^^^^^^^^
[clear_table-13]   File "<frozen importlib._bootstrap>", line 1387, in _gcd_import
[clear_table-13]   File "<frozen importlib._bootstrap>", line 1360, in _find_and_load
[clear_table-13]   File "<frozen importlib._bootstrap>", line 1331, in _find_and_load_unlocked
[clear_table-13]   File "<frozen importlib._bootstrap>", line 935, in _load_unlocked
[clear_table-13]   File "<frozen importlib._bootstrap_external>", line 995, in exec_module
[clear_table-13]   File "<frozen importlib._bootstrap>", line 488, in _call_with_frames_removed
[clear_table-13]   File "/home/carrt-cse-project/workspace/ros2_kortex_ws/build/adl_tasks/adl_tasks/clear_table.py", line 59, in <module>
[clear_table-13]     from adl_tasks.scene_utils import (
[clear_table-13]   File "/home/carrt-cse-project/workspace/ros2_kortex_ws/build/adl_tasks/adl_tasks/scene_utils.py", line 18, in <module>
[clear_table-13]     from adl_tasks.grasp_and_place import (
[clear_table-13]   File "/home/carrt-cse-project/workspace/ros2_kortex_ws/build/adl_tasks/adl_tasks/grasp_and_place.py", line 408, in <module>
[clear_table-13]     "qr_read_geometry_world_x_offset_m": MEDICATION_WORLD_X_OFFSET_M,
[clear_table-13]                                          ^^^^^^^^^^^^^^^^^^^^^^^^^^^
[clear_table-13] NameError: name 'MEDICATION_WORLD_X_OFFSET_M' is not defined
[ERROR] [give_medication-14]: process has died [pid 38394, exit code 1, cmd '/home/carrt-cse-project/workspace/ros2_kortex_ws/install/adl_tasks/lib/adl_tasks/give_medication --ros-args -r __node:=give_medication_node'].
[scene_from_vision-10] [INFO] [1776280707.901354478] [scene_from_vision_node]: Scene From Vision Node Started
[ERROR] [clear_table-13]: process has died [pid 38393, exit code 1, cmd '/home/carrt-cse-project/workspace/ros2_kortex_ws/install/adl_tasks/lib/adl_tasks/clear_table --ros-args -r __node:=clear_table_node'].
[pick_dropped_bottle-12] Traceback (most recent call last):
[pick_dropped_bottle-12]   File "/home/carrt-cse-project/workspace/ros2_kortex_ws/install/adl_tasks/lib/adl_tasks/pick_dropped_bottle", line 33, in <module>
[pick_dropped_bottle-12]     sys.exit(load_entry_point('adl-tasks', 'console_scripts', 'pick_dropped_bottle')())
[pick_dropped_bottle-12]              ^^^^^^^^^^^^^^^^^^^^^^^^^^^^^^^^^^^^^^^^^^^^^^^^^^^^^^^^^^^^^^^^^^^^^^^
[pick_dropped_bottle-12]   File "/home/carrt-cse-project/workspace/ros2_kortex_ws/install/adl_tasks/lib/adl_tasks/pick_dropped_bottle", line 25, in importlib_load_entry_point
[pick_dropped_bottle-12]     return next(matches).load()
[pick_dropped_bottle-12]            ^^^^^^^^^^^^^^^^^^^^
[pick_dropped_bottle-12]   File "/usr/lib/python3.12/importlib/metadata/__init__.py", line 205, in load
[pick_dropped_bottle-12]     module = import_module(match.group('module'))
[pick_dropped_bottle-12]              ^^^^^^^^^^^^^^^^^^^^^^^^^^^^^^^^^^^^
[pick_dropped_bottle-12]   File "/usr/lib/python3.12/importlib/__init__.py", line 90, in import_module
[pick_dropped_bottle-12]     return _bootstrap._gcd_import(name[level:], package, level)
[pick_dropped_bottle-12]            ^^^^^^^^^^^^^^^^^^^^^^^^^^^^^^^^^^^^^^^^^^^^^^^^^^^^
[pick_dropped_bottle-12]   File "<frozen importlib._bootstrap>", line 1387, in _gcd_import
[pick_dropped_bottle-12]   File "<frozen importlib._bootstrap>", line 1360, in _find_and_load
[pick_dropped_bottle-12]   File "<frozen importlib._bootstrap>", line 1331, in _find_and_load_unlocked
[pick_dropped_bottle-12]   File "<frozen importlib._bootstrap>", line 935, in _load_unlocked
[pick_dropped_bottle-12]   File "<frozen importlib._bootstrap_external>", line 995, in exec_module
[pick_dropped_bottle-12]   File "<frozen importlib._bootstrap>", line 488, in _call_with_frames_removed
[pick_dropped_bottle-12]   File "/home/carrt-cse-project/workspace/ros2_kortex_ws/build/adl_tasks/adl_tasks/pick_dropped_bottle.py", line 26, in <module>
[pick_dropped_bottle-12]     from adl_tasks.scene_utils import remove_collision_object, attach_object, detach_object
[pick_dropped_bottle-12]   File "/home/carrt-cse-project/workspace/ros2_kortex_ws/build/adl_tasks/adl_tasks/scene_utils.py", line 18, in <module>
[pick_dropped_bottle-12]     from adl_tasks.grasp_and_place import (
[pick_dropped_bottle-12]   File "/home/carrt-cse-project/workspace/ros2_kortex_ws/build/adl_tasks/adl_tasks/grasp_and_place.py", line 408, in <module>
[pick_dropped_bottle-12]     "qr_read_geometry_world_x_offset_m": MEDICATION_WORLD_X_OFFSET_M,
[pick_dropped_bottle-12]                                          ^^^^^^^^^^^^^^^^^^^^^^^^^^^
[pick_dropped_bottle-12] NameError: name 'MEDICATION_WORLD_X_OFFSET_M' is not defined
[scene_from_vision-10] [INFO] [1776280707.972374545] [scene_from_vision_node]: SceneFromVision: Updating planning scene. Tracking 5 object shape(s). memory_mode=True, scan_duration_s=5.0, scan_min_samples=3, scan_target_samples=8, scan_extend_step_s=1.5, scan_max_extensions=2, scan_prune_unseen_objects=False, continuous_scene_updates=False, latch_first_detection_updates=True, log_object_pose_debug=False, apply_planning_scene_service_updates=True, publish_monitored_planning_scene_updates=True, side_viewpoint=wrist_mounted_camera_color_optical_frame->base_link, reject_table_objects_outside_bounds=False.
[scene_from_vision-10] [INFO] [1776280707.974492929] [scene_from_vision_node]: SceneFromVision calibration: xy_offset=(0.040, -0.056), z_offset=0.000, yaw_deg=0.00, xy_scale=1.0000, clamp_table_objects_to_table_bounds=False, table_bounds_margin_m=0.030.
[scene_from_vision-10] [INFO] [1776280707.976917722] [scene_from_vision_node]: SceneFromVision object offsets: remote_axis=y, remote_tag_to_center_sign=-1.0, remote_tag_from_end_m=0.020, remote_world_offset=(-0.040, 0.000), cube_tag_to_center=(0.000, 0.000), cube_world_offset=(-0.030, 0.000), cube_yaw_offset_deg=0.0, medication_world_offset=(-0.160, 0.055), medication_face_to_center_m=0.030, cup_world_offset=(-0.160, 0.055), cup_face_to_center_m=0.037.
[ERROR] [pick_dropped_bottle-12]: process has died [pid 38392, exit code 1, cmd '/home/carrt-cse-project/workspace/ros2_kortex_ws/install/adl_tasks/lib/adl_tasks/pick_dropped_bottle --ros-args -r __node:=pick_dropped_bottle_node'].
[adl_ui-15] 127.0.0.1 - - [15/Apr/2026 15:18:28] "GET /status_json HTTP/1.1" 200 -
[wrist_camera_usb_publisher-8] [INFO] [1776280708.428013515] [wrist_camera_usb_publisher_node]: USB camera info active intrinsics: size=1280x720, fx=920.87, fy=921.57, cx=644.76, cy=343.15, d=array('d', [0.0, 0.0, 0.0, 0.0, 0.0])
[wrist_camera_usb_publisher-8] [INFO] [1776280708.428872841] [wrist_camera_usb_publisher_node]: USB camera publisher heartbeat: publishing 1280x720 frames on /wrist_mounted_camera/image; camera_info fx=920.87, fy=921.57, cx=644.76, cy=343.15.
[vision_apriltag-9] [INFO] [1776280708.431152176] [vision_apriltag_node]: Vision AprilTag camera model updated from CameraInfo: size=1280x720, fx=920.87, fy=921.57, cx=644.76, cy=343.15, d=[0.0, 0.0, 0.0, 0.0, 0.0]
[vision_apriltag-9] [INFO] [1776280708.739813799] [vision_apriltag_node]: Vision AprilTag detection debug: no tags found after raw/CLAHE/sharp/adaptive/upscaled/tiled passes.
[adl_ui-15] 127.0.0.1 - - [15/Apr/2026 15:18:29] "GET /status_json HTTP/1.1" 200 -
[vision_apriltag-9] [INFO] [1776280709.426092389] [vision_apriltag_node]: Vision AprilTag: images are arriving on /wrist_mounted_camera/image, but no AprilTags have been detected yet.
[ros2_control_node-1] [ERROR] [1776280709.630770140] [controller_manager]: Exception of type : St13runtime_error occurred while initializing hardware 'KortexMultiInterfaceHardware': timeout detected: BaseClient::SetServoingMode
[ros2_control_node-1] 
[ros2_control_node-1] [WARN] [1776280709.630895385] [controller_manager]: System hardware component 'KortexMultiInterfaceHardware' from plugin 'kortex_driver/KortexMultiInterfaceHardware' failed to initialize.
[scene_static-7] [WARN] [1776280709.826814553] [scene_static_node]: Planning scene service not available, waiting...
[adl_ui-15] 127.0.0.1 - - [15/Apr/2026 15:18:29] "GET /status_json HTTP/1.1" 200 -
[ros2_control_node-1] [WARN] [1776280710.156964743] [controller_manager]: Could not load and initialize hardware. Please check previous output for more details. After you have corrected your URDF, try to publish robot description again.
[ros2_control_node-1] [WARN] [1776280710.174753516] [controller_manager]: Waiting for data on 'robot_description' topic to finish initialization
[adl_ui-15] 127.0.0.1 - - [15/Apr/2026 15:18:30] "GET /status_json HTTP/1.1" 200 -
[ros2_control_node-1] _________ callback error _________Client protocol error, Error sub type=UNREGISTERED_FRAME_RECEIVED => <srv: 1, fct: 3, msgType: 3>
[ros2_control_node-1] [WARN] [1776280710.950091403] [controller_manager]: Waiting for data on 'robot_description' topic to finish initialization
[adl_ui-15] 127.0.0.1 - - [15/Apr/2026 15:18:31] "GET /status_json HTTP/1.1" 200 -
[vision_apriltag-9] [INFO] [1776280711.425873716] [vision_apriltag_node]: Vision AprilTag: images are arriving on /wrist_mounted_camera/image, but no AprilTags have been detected yet.
[scene_static-7] [WARN] [1776280711.828946256] [scene_static_node]: Planning scene service not available, waiting...
[ros2_control_node-1] [WARN] [1776280711.950156237] [controller_manager]: Waiting for data on 'robot_description' topic to finish initialization
[adl_ui-15] 127.0.0.1 - - [15/Apr/2026 15:18:32] "GET /status_json HTTP/1.1" 200 -
[adl_ui-15] 127.0.0.1 - - [15/Apr/2026 15:18:32] "GET /status_json HTTP/1.1" 200 -
[ros2_control_node-1] [WARN] [1776280712.950099793] [controller_manager]: Waiting for data on 'robot_description' topic to finish initialization
[wrist_camera_usb_publisher-8] [INFO] [1776280713.575073060] [wrist_camera_usb_publisher_node]: USB camera publisher heartbeat: publishing 1280x720 frames on /wrist_mounted_camera/image; camera_info fx=920.87, fy=921.57, cx=644.76, cy=343.15.
[adl_ui-15] 127.0.0.1 - - [15/Apr/2026 15:18:33] "GET /status_json HTTP/1.1" 200 -
[vision_apriltag-9] [INFO] [1776280713.677398609] [vision_apriltag_node]: Vision AprilTag: images are arriving on /wrist_mounted_camera/image, but no AprilTags have been detected yet.
[scene_static-7] [WARN] [1776280713.835690658] [scene_static_node]: Planning scene service not available, waiting...
[ros2_control_node-1] [WARN] [1776280713.950089086] [controller_manager]: Waiting for data on 'robot_description' topic to finish initialization
[vision_apriltag-9] [INFO] [1776280713.955210323] [vision_apriltag_node]: Vision AprilTag detection debug: no tags found after raw/CLAHE/sharp/adaptive/upscaled/tiled passes.
[adl_ui-15] 127.0.0.1 - - [15/Apr/2026 15:18:34] "GET /status_json HTTP/1.1" 200 -
[ros2_control_node-1] [WARN] [1776280714.950854727] [controller_manager]: Waiting for data on 'robot_description' topic to finish initialization
[adl_ui-15] 127.0.0.1 - - [15/Apr/2026 15:18:35] "GET /status_json HTTP/1.1" 200 -
[vision_apriltag-9] [INFO] [1776280715.426375390] [vision_apriltag_node]: Vision AprilTag: images are arriving on /wrist_mounted_camera/image, but no AprilTags have been detected yet.
[scene_static-7] [WARN] [1776280715.839899453] [scene_static_node]: Planning scene service not available, waiting...
[adl_ui-15] 127.0.0.1 - - [15/Apr/2026 15:18:35] "GET /status_json HTTP/1.1" 200 -
[ros2_control_node-1] [WARN] [1776280715.952866613] [controller_manager]: Waiting for data on 'robot_description' topic to finish initialization
[adl_ui-15] 127.0.0.1 - - [15/Apr/2026 15:18:36] "GET /status_json HTTP/1.1" 200 -
[ros2_control_node-1] [WARN] [1776280716.951081390] [controller_manager]: Waiting for data on 'robot_description' topic to finish initialization
[spawner-4] [WARN] [1776280716.970361016] [spawner_joint_state_broadcaster]: Could not contact service /controller_manager/list_controllers
[spawner-4] [INFO] [1776280716.972086055] [spawner_joint_state_broadcaster]: waiting for service /controller_manager/list_controllers to become available...
[adl_ui-15] 127.0.0.1 - - [15/Apr/2026 15:18:37] "GET /status_json HTTP/1.1" 200 -
[vision_apriltag-9] [INFO] [1776280717.535179281] [vision_apriltag_node]: Vision AprilTag: images are arriving on /wrist_mounted_camera/image, but no AprilTags have been detected yet.
[scene_static-7] [WARN] [1776280717.842587483] [scene_static_node]: Planning scene service not available, waiting...
[ros2_control_node-1] [WARN] [1776280717.950092710] [controller_manager]: Waiting for data on 'robot_description' topic to finish initialization
[adl_ui-15] 127.0.0.1 - - [15/Apr/2026 15:18:38] "GET /status_json HTTP/1.1" 200 -
[wrist_camera_usb_publisher-8] [INFO] [1776280718.736307019] [wrist_camera_usb_publisher_node]: USB camera publisher heartbeat: publishing 1280x720 frames on /wrist_mounted_camera/image; camera_info fx=920.87, fy=921.57, cx=644.76, cy=343.15.
[adl_ui-15] 127.0.0.1 - - [15/Apr/2026 15:18:38] "GET /status_json HTTP/1.1" 200 -
